nice: cannot set niceness: Permission denied
Precompiling packages...
  73389.5 ms  ✓ Pkg (serial)
  1 dependency successfully precompiled in 73 seconds
Precompiling packages...
    417.0 ms  ✓ Unicode
    469.4 ms  ✓ SuiteSparse_jll
    563.9 ms  ✓ DocStringExtensions
    629.8 ms  ✓ ADTypes
    628.1 ms  ✓ Serialization
    566.8 ms  ✓ Preferences
    354.2 ms  ✓ PrecompileTools
   3750.7 ms  ✓ SparseArrays
   4542.9 ms  ✓ SparseMatrixColorings
  9 dependencies successfully precompiled in 9 seconds. 3 already precompiled.
	Command being timed: "nice -n -10 timeout -k120 -v 3600 julia +1.12.5 --project=S/SparseMatrixColorings/Basic-Coloring -e using Pkg; @time @eval Pkg.precompile()"
	User time (seconds): 134.44
	System time (seconds): 6.02
	Percent of CPU this job got: 168%
	Elapsed (wall clock) time (h:mm:ss or m:ss): 1:23.14
	Average shared text size (kbytes): 0
	Average unshared data size (kbytes): 0
	Average stack size (kbytes): 0
	Average total size (kbytes): 0
	Maximum resident set size (kbytes): 2146972
	Average resident set size (kbytes): 0
	Major (requiring I/O) page faults: 243
	Minor (reclaiming a frame) page faults: 2175265
	Voluntary context switches: 6727
	Involuntary context switches: 3319
	Swaps: 0
	File system inputs: 0
	File system outputs: 362192
	Socket messages sent: 0
	Socket messages received: 0
	Signals delivered: 0
	Page size (bytes): 4096
	Exit status: 0
