nice: cannot set niceness: Permission denied
Precompiling packages...
  72363.8 ms  ✓ Pkg (serial)
  1 dependency successfully precompiled in 72 seconds
Precompiling packages...
    432.0 ms  ✓ Unicode
    474.6 ms  ✓ SuiteSparse_jll
    557.4 ms  ✓ DocStringExtensions
    624.3 ms  ✓ Serialization
    639.9 ms  ✓ ADTypes
    536.7 ms  ✓ Preferences
    352.4 ms  ✓ PrecompileTools
   3742.5 ms  ✓ SparseArrays
   4326.7 ms  ✓ SparseMatrixColorings
  9 dependencies successfully precompiled in 9 seconds. 3 already precompiled.
	Command being timed: "nice -n -10 timeout -k120 -v 3600 julia +release --project=S/SparseMatrixColorings/Basic-Coloring -e using Pkg; @time @eval Pkg.precompile()"
	User time (seconds): 133.30
	System time (seconds): 6.08
	Percent of CPU this job got: 170%
	Elapsed (wall clock) time (h:mm:ss or m:ss): 1:21.79
	Average shared text size (kbytes): 0
	Average unshared data size (kbytes): 0
	Average stack size (kbytes): 0
	Average total size (kbytes): 0
	Maximum resident set size (kbytes): 2045584
	Average resident set size (kbytes): 0
	Major (requiring I/O) page faults: 252
	Minor (reclaiming a frame) page faults: 2212080
	Voluntary context switches: 6664
	Involuntary context switches: 4125
	Swaps: 0
	File system inputs: 0
	File system outputs: 359416
	Socket messages sent: 0
	Socket messages received: 0
	Signals delivered: 0
	Page size (bytes): 4096
	Exit status: 0
