nice: cannot set niceness: Permission denied
Precompiling packages...
    461.6 ms  ✓ Unicode
    592.6 ms  ✓ DocStringExtensions
    667.7 ms  ✓ Serialization
    685.2 ms  ✓ ADTypes
    799.9 ms  ✓ SuiteSparse_jll
   1710.7 ms  ✓ Preferences
    367.6 ms  ✓ PrecompileTools
   3364.8 ms  ✓ SparseArrays
   5927.8 ms  ✓ SparseMatrixColorings
  9 dependencies successfully precompiled in 10 seconds. 3 already precompiled.
	Command being timed: "nice -n -10 timeout -k120 -v 3600 julia +nightly --project=S/SparseMatrixColorings/Basic-Coloring -e using Pkg; @time @eval Pkg.precompile()"
	User time (seconds): 168.01
	System time (seconds): 7.68
	Percent of CPU this job got: 128%
	Elapsed (wall clock) time (h:mm:ss or m:ss): 2:16.62
	Average shared text size (kbytes): 0
	Average unshared data size (kbytes): 0
	Average stack size (kbytes): 0
	Average total size (kbytes): 0
	Maximum resident set size (kbytes): 2537276
	Average resident set size (kbytes): 0
	Major (requiring I/O) page faults: 159
	Minor (reclaiming a frame) page faults: 3039443
	Voluntary context switches: 7562
	Involuntary context switches: 1416
	Swaps: 0
	File system inputs: 0
	File system outputs: 381712
	Socket messages sent: 0
	Socket messages received: 0
	Signals delivered: 0
	Page size (bytes): 4096
	Exit status: 0
