nice: cannot set niceness: Permission denied
Precompiling packages...
    451.5 ms  ✓ Unicode
    611.0 ms  ✓ DocStringExtensions
    648.9 ms  ✓ Serialization
    670.6 ms  ✓ ADTypes
    790.8 ms  ✓ SuiteSparse_jll
   1672.4 ms  ✓ Preferences
    358.8 ms  ✓ PrecompileTools
   3383.4 ms  ✓ SparseArrays
   6108.9 ms  ✓ SparseMatrixColorings
  9 dependencies successfully precompiled in 10 seconds. 3 already precompiled.
	Command being timed: "nice -n -10 timeout -k120 -v 3600 julia +alpha --project=S/SparseMatrixColorings/Basic-Coloring -e using Pkg; @time @eval Pkg.precompile()"
	User time (seconds): 151.37
	System time (seconds): 7.27
	Percent of CPU this job got: 130%
	Elapsed (wall clock) time (h:mm:ss or m:ss): 2:01.70
	Average shared text size (kbytes): 0
	Average unshared data size (kbytes): 0
	Average stack size (kbytes): 0
	Average total size (kbytes): 0
	Maximum resident set size (kbytes): 2597404
	Average resident set size (kbytes): 0
	Major (requiring I/O) page faults: 169
	Minor (reclaiming a frame) page faults: 2932172
	Voluntary context switches: 7656
	Involuntary context switches: 1468
	Swaps: 0
	File system inputs: 0
	File system outputs: 373792
	Socket messages sent: 0
	Socket messages received: 0
	Signals delivered: 0
	Page size (bytes): 4096
	Exit status: 0
