nice: cannot set niceness: Permission denied
Precompiling packages...
  75827.4 ms  ✓ Pkg (serial)
  1 dependency successfully precompiled in 76 seconds
Precompiling packages...
    558.6 ms  ✓ Unicode
    558.1 ms  ✓ CompilerSupportLibraries_jll
    623.5 ms  ✓ SuiteSparse_jll
    691.1 ms  ✓ DocStringExtensions
    754.3 ms  ✓ Serialization
    775.4 ms  ✓ ADTypes
    554.7 ms  ✓ Preferences
    372.3 ms  ✓ PrecompileTools
   3792.7 ms  ✓ SparseArrays
   4685.5 ms  ✓ SparseMatrixColorings
  10 dependencies successfully precompiled in 9 seconds. 3 already precompiled.
	Command being timed: "nice -n -10 timeout -k120 -v 3600 julia +1.12.6 --project=S/SparseMatrixColorings/Basic-Coloring -e using Pkg; @time @eval Pkg.precompile()"
	User time (seconds): 139.36
	System time (seconds): 6.12
	Percent of CPU this job got: 169%
	Elapsed (wall clock) time (h:mm:ss or m:ss): 1:26.03
	Average shared text size (kbytes): 0
	Average unshared data size (kbytes): 0
	Average stack size (kbytes): 0
	Average total size (kbytes): 0
	Maximum resident set size (kbytes): 2153496
	Average resident set size (kbytes): 0
	Major (requiring I/O) page faults: 178
	Minor (reclaiming a frame) page faults: 2234703
	Voluntary context switches: 6937
	Involuntary context switches: 4261
	Swaps: 0
	File system inputs: 0
	File system outputs: 366824
	Socket messages sent: 0
	Socket messages received: 0
	Signals delivered: 0
	Page size (bytes): 4096
	Exit status: 0
