nice: cannot set niceness: Permission denied
Precompiling packages...
    460.2 ms  ✓ Unicode
    608.5 ms  ✓ DocStringExtensions
    675.8 ms  ✓ Serialization
    684.9 ms  ✓ ADTypes
    838.0 ms  ✓ SuiteSparse_jll
   1856.4 ms  ✓ Preferences
    369.9 ms  ✓ PrecompileTools
   3403.2 ms  ✓ SparseArrays
   6164.1 ms  ✓ SparseMatrixColorings
  9 dependencies successfully precompiled in 10 seconds. 3 already precompiled.
	Command being timed: "nice -n -10 timeout -k120 -v 3600 julia +nightly --project=S/SparseMatrixColorings/Basic-Coloring -e using Pkg; @time @eval Pkg.precompile()"
	User time (seconds): 170.00
	System time (seconds): 7.80
	Percent of CPU this job got: 127%
	Elapsed (wall clock) time (h:mm:ss or m:ss): 2:19.18
	Average shared text size (kbytes): 0
	Average unshared data size (kbytes): 0
	Average stack size (kbytes): 0
	Average total size (kbytes): 0
	Maximum resident set size (kbytes): 2518676
	Average resident set size (kbytes): 0
	Major (requiring I/O) page faults: 182
	Minor (reclaiming a frame) page faults: 3065403
	Voluntary context switches: 7384
	Involuntary context switches: 1549
	Swaps: 0
	File system inputs: 0
	File system outputs: 379336
	Socket messages sent: 0
	Socket messages received: 0
	Signals delivered: 0
	Page size (bytes): 4096
	Exit status: 0
