nice: cannot set niceness: Permission denied
Precompiling packages...
    483.3 ms  ✓ Unicode
    601.8 ms  ✓ DocStringExtensions
    672.4 ms  ✓ Serialization
    695.8 ms  ✓ ADTypes
    836.8 ms  ✓ SuiteSparse_jll
   1328.5 ms  ✓ Preferences
    384.4 ms  ✓ PrecompileTools
   3221.0 ms  ✓ SparseArrays
   5595.9 ms  ✓ SparseMatrixColorings
  9 dependencies successfully precompiled in 10 seconds. 3 already precompiled.
	Command being timed: "nice -n -10 timeout -k120 -v 3600 julia +nightly --project=S/SparseMatrixColorings/Basic-Coloring -e using Pkg; @time @eval Pkg.precompile()"
	User time (seconds): 140.83
	System time (seconds): 7.16
	Percent of CPU this job got: 131%
	Elapsed (wall clock) time (h:mm:ss or m:ss): 1:52.78
	Average shared text size (kbytes): 0
	Average unshared data size (kbytes): 0
	Average stack size (kbytes): 0
	Average total size (kbytes): 0
	Maximum resident set size (kbytes): 2205100
	Average resident set size (kbytes): 0
	Major (requiring I/O) page faults: 197
	Minor (reclaiming a frame) page faults: 2756061
	Voluntary context switches: 7819
	Involuntary context switches: 1276
	Swaps: 0
	File system inputs: 0
	File system outputs: 376304
	Socket messages sent: 0
	Socket messages received: 0
	Signals delivered: 0
	Page size (bytes): 4096
	Exit status: 0
