nice: cannot set niceness: Permission denied
Precompiling packages...
    470.4 ms  ✓ Unicode
    632.0 ms  ✓ DocStringExtensions
    677.9 ms  ✓ Serialization
    700.4 ms  ✓ ADTypes
    844.1 ms  ✓ SuiteSparse_jll
   1433.1 ms  ✓ Preferences
    374.6 ms  ✓ PrecompileTools
   3293.6 ms  ✓ SparseArrays
   5634.6 ms  ✓ SparseMatrixColorings
  9 dependencies successfully precompiled in 10 seconds. 3 already precompiled.
	Command being timed: "nice -n -10 timeout -k120 -v 3600 julia +nightly --project=S/SparseMatrixColorings/Basic-Coloring -e using Pkg; @time @eval Pkg.precompile()"
	User time (seconds): 142.19
	System time (seconds): 6.94
	Percent of CPU this job got: 130%
	Elapsed (wall clock) time (h:mm:ss or m:ss): 1:54.05
	Average shared text size (kbytes): 0
	Average unshared data size (kbytes): 0
	Average stack size (kbytes): 0
	Average total size (kbytes): 0
	Maximum resident set size (kbytes): 2233968
	Average resident set size (kbytes): 0
	Major (requiring I/O) page faults: 164
	Minor (reclaiming a frame) page faults: 2717848
	Voluntary context switches: 7488
	Involuntary context switches: 1474
	Swaps: 0
	File system inputs: 0
	File system outputs: 376664
	Socket messages sent: 0
	Socket messages received: 0
	Signals delivered: 0
	Page size (bytes): 4096
	Exit status: 0
