nice: cannot set niceness: Permission denied
Precompiling packages...
  73854.9 ms  ✓ Pkg (serial)
  1 dependency successfully precompiled in 74 seconds
Precompiling packages...
    422.8 ms  ✓ Unicode
    472.6 ms  ✓ SuiteSparse_jll
    547.7 ms  ✓ DocStringExtensions
    619.4 ms  ✓ Serialization
    657.0 ms  ✓ ADTypes
    550.7 ms  ✓ Preferences
    356.2 ms  ✓ PrecompileTools
   3765.1 ms  ✓ SparseArrays
   4594.5 ms  ✓ SparseMatrixColorings
  9 dependencies successfully precompiled in 9 seconds. 3 already precompiled.
	Command being timed: "nice -n -10 timeout -k120 -v 3600 julia +1.12.5 --project=S/SparseMatrixColorings/Basic-Coloring -e using Pkg; @time @eval Pkg.precompile()"
	User time (seconds): 136.00
	System time (seconds): 6.00
	Percent of CPU this job got: 169%
	Elapsed (wall clock) time (h:mm:ss or m:ss): 1:23.70
	Average shared text size (kbytes): 0
	Average unshared data size (kbytes): 0
	Average stack size (kbytes): 0
	Average total size (kbytes): 0
	Maximum resident set size (kbytes): 2148652
	Average resident set size (kbytes): 0
	Major (requiring I/O) page faults: 171
	Minor (reclaiming a frame) page faults: 2184554
	Voluntary context switches: 6465
	Involuntary context switches: 3591
	Swaps: 0
	File system inputs: 0
	File system outputs: 362440
	Socket messages sent: 0
	Socket messages received: 0
	Signals delivered: 0
	Page size (bytes): 4096
	Exit status: 0
