nice: cannot set niceness: Permission denied
Precompiling packages...
  73712.7 ms  ✓ Pkg (serial)
  1 dependency successfully precompiled in 74 seconds
Precompiling packages...
    413.0 ms  ✓ Unicode
    469.7 ms  ✓ SuiteSparse_jll
    552.0 ms  ✓ DocStringExtensions
    627.0 ms  ✓ Serialization
    644.4 ms  ✓ ADTypes
    560.7 ms  ✓ Preferences
    349.8 ms  ✓ PrecompileTools
   3766.5 ms  ✓ SparseArrays
   4472.7 ms  ✓ SparseMatrixColorings
  9 dependencies successfully precompiled in 9 seconds. 3 already precompiled.
	Command being timed: "nice -n -10 timeout -k120 -v 3600 julia +1.12.5 --project=S/SparseMatrixColorings/Basic-Coloring -e using Pkg; @time @eval Pkg.precompile()"
	User time (seconds): 134.43
	System time (seconds): 5.91
	Percent of CPU this job got: 168%
	Elapsed (wall clock) time (h:mm:ss or m:ss): 1:23.34
	Average shared text size (kbytes): 0
	Average unshared data size (kbytes): 0
	Average stack size (kbytes): 0
	Average total size (kbytes): 0
	Maximum resident set size (kbytes): 2150376
	Average resident set size (kbytes): 0
	Major (requiring I/O) page faults: 173
	Minor (reclaiming a frame) page faults: 2185936
	Voluntary context switches: 6924
	Involuntary context switches: 3101
	Swaps: 0
	File system inputs: 0
	File system outputs: 360280
	Socket messages sent: 0
	Socket messages received: 0
	Signals delivered: 0
	Page size (bytes): 4096
	Exit status: 0
