nice: cannot set niceness: Permission denied
Precompiling packages...
  72858.7 ms  ✓ Pkg (serial)
  1 dependency successfully precompiled in 73 seconds
Precompiling packages...
    432.1 ms  ✓ Unicode
    474.7 ms  ✓ SuiteSparse_jll
    564.1 ms  ✓ DocStringExtensions
    626.8 ms  ✓ Serialization
    646.5 ms  ✓ ADTypes
    546.9 ms  ✓ Preferences
    348.4 ms  ✓ PrecompileTools
   3809.5 ms  ✓ SparseArrays
   4336.7 ms  ✓ SparseMatrixColorings
  9 dependencies successfully precompiled in 9 seconds. 3 already precompiled.
	Command being timed: "nice -n -10 timeout -k120 -v 3600 julia +1.12.3 --project=S/SparseMatrixColorings/Basic-Coloring -e using Pkg; @time @eval Pkg.precompile()"
	User time (seconds): 133.65
	System time (seconds): 6.08
	Percent of CPU this job got: 169%
	Elapsed (wall clock) time (h:mm:ss or m:ss): 1:22.33
	Average shared text size (kbytes): 0
	Average unshared data size (kbytes): 0
	Average stack size (kbytes): 0
	Average total size (kbytes): 0
	Maximum resident set size (kbytes): 2096016
	Average resident set size (kbytes): 0
	Major (requiring I/O) page faults: 177
	Minor (reclaiming a frame) page faults: 2157909
	Voluntary context switches: 7368
	Involuntary context switches: 3746
	Swaps: 0
	File system inputs: 0
	File system outputs: 357112
	Socket messages sent: 0
	Socket messages received: 0
	Signals delivered: 0
	Page size (bytes): 4096
	Exit status: 0
