nice: cannot set niceness: Permission denied
Precompiling packages...
    474.6 ms  ✓ Unicode
    622.9 ms  ✓ DocStringExtensions
    681.4 ms  ✓ Serialization
    690.8 ms  ✓ ADTypes
    815.0 ms  ✓ SuiteSparse_jll
   1683.2 ms  ✓ Preferences
    364.6 ms  ✓ PrecompileTools
   3449.5 ms  ✓ SparseArrays
   6266.0 ms  ✓ SparseMatrixColorings
  9 dependencies successfully precompiled in 11 seconds. 3 already precompiled.
	Command being timed: "nice -n -10 timeout -k120 -v 3600 julia +alpha --project=S/SparseMatrixColorings/Basic-Coloring -e using Pkg; @time @eval Pkg.precompile()"
	User time (seconds): 152.87
	System time (seconds): 7.35
	Percent of CPU this job got: 130%
	Elapsed (wall clock) time (h:mm:ss or m:ss): 2:03.11
	Average shared text size (kbytes): 0
	Average unshared data size (kbytes): 0
	Average stack size (kbytes): 0
	Average total size (kbytes): 0
	Maximum resident set size (kbytes): 2755168
	Average resident set size (kbytes): 0
	Major (requiring I/O) page faults: 169
	Minor (reclaiming a frame) page faults: 2968968
	Voluntary context switches: 7997
	Involuntary context switches: 1489
	Swaps: 0
	File system inputs: 0
	File system outputs: 373352
	Socket messages sent: 0
	Socket messages received: 0
	Signals delivered: 0
	Page size (bytes): 4096
	Exit status: 0
