nice: cannot set niceness: Permission denied
    Updating registry at `/workdir/depot/registries/General`
┌ Info: The General registry is installed via git. Consider reinstalling it via
│ the newer faster direct from tarball format by running:
│   pkg> registry rm General; registry add General
└ 
    Updating git-repo `/workdir/timetravel_registry/General`
    Updating `/tmp/tmp.TdWjatByZb/Julia-TTFX-Snippets/tasks/S/SparseMatrixColorings/Basic-Coloring/Project.toml`
  [0a514795] + SparseMatrixColorings v0.4.24
  [2f01184e] ~ SparseArrays ⇒ v1.12.0
    Updating `/tmp/tmp.TdWjatByZb/Julia-TTFX-Snippets/tasks/S/SparseMatrixColorings/Basic-Coloring/Manifest.toml`
  [47edcb42] + ADTypes v1.21.0
  [ffbed154] + DocStringExtensions v0.9.5
  [aea7be01] + PrecompileTools v1.3.3
  [21216c6a] + Preferences v1.5.2
  [0a514795] + SparseMatrixColorings v0.4.24
  [56f22d72] + Artifacts v1.11.0
  [ade2ca70] + Dates v1.11.0
  [8f399da3] + Libdl v1.11.0
  [37e2e46d] + LinearAlgebra v1.12.0
  [de0858da] + Printf v1.11.0
  [9a3f8284] + Random v1.11.0
  [ea8e919c] + SHA v0.7.0
  [9e88b42a] + Serialization v1.11.0
  [2f01184e] ~ SparseArrays ⇒ v1.12.0
  [fa267f1f] + TOML v1.0.3
  [4ec0a83e] + Unicode v1.11.0
  [e66e0078] + CompilerSupportLibraries_jll v1.3.0+1
  [4536629a] + OpenBLAS_jll v0.3.29+0
  [bea87d4a] + SuiteSparse_jll v7.8.3+2
  [8e850b90] + libblastrampoline_jll v5.15.0+0
	Command being timed: "nice -n -10 timeout -k120 -v 3600 julia +release --project=S/SparseMatrixColorings/Basic-Coloring -e using Pkg; Pkg.instantiate()"
	User time (seconds): 4.37
	System time (seconds): 2.64
	Percent of CPU this job got: 118%
	Elapsed (wall clock) time (h:mm:ss or m:ss): 0:05.92
	Average shared text size (kbytes): 0
	Average unshared data size (kbytes): 0
	Average stack size (kbytes): 0
	Average total size (kbytes): 0
	Maximum resident set size (kbytes): 700344
	Average resident set size (kbytes): 0
	Major (requiring I/O) page faults: 0
	Minor (reclaiming a frame) page faults: 144826
	Voluntary context switches: 317
	Involuntary context switches: 61
	Swaps: 0
	File system inputs: 0
	File system outputs: 4928
	Socket messages sent: 0
	Socket messages received: 0
	Signals delivered: 0
	Page size (bytes): 4096
	Exit status: 0
