nice: cannot set niceness: Permission denied
Precompiling packages...
  76071.3 ms  ✓ Pkg (serial)
  1 dependency successfully precompiled in 76 seconds
Precompiling packages...
    445.7 ms  ✓ Unicode
    470.4 ms  ✓ CompilerSupportLibraries_jll
    501.3 ms  ✓ SuiteSparse_jll
    567.5 ms  ✓ DocStringExtensions
    633.0 ms  ✓ Serialization
    566.0 ms  ✓ Preferences
    362.6 ms  ✓ PrecompileTools
    718.9 ms  ✓ ADTypes
   3865.1 ms  ✓ SparseArrays
   4719.0 ms  ✓ SparseMatrixColorings
  10 dependencies successfully precompiled in 9 seconds. 3 already precompiled.
  3 dependencies precompiled but different versions are currently loaded (Dates, Printf and TOML). Restart julia to access the new versions. Otherwise, 4 dependents of these packages may trigger further precompilation to work with the unexpected versions.
	Command being timed: "nice -n -10 timeout -k120 -v 3600 julia +release --project=S/SparseMatrixColorings/Basic-Coloring -e using Pkg; @time @eval Pkg.precompile()"
	User time (seconds): 141.34
	System time (seconds): 6.14
	Percent of CPU this job got: 170%
	Elapsed (wall clock) time (h:mm:ss or m:ss): 1:26.36
	Average shared text size (kbytes): 0
	Average unshared data size (kbytes): 0
	Average stack size (kbytes): 0
	Average total size (kbytes): 0
	Maximum resident set size (kbytes): 2161028
	Average resident set size (kbytes): 0
	Major (requiring I/O) page faults: 157
	Minor (reclaiming a frame) page faults: 2233181
	Voluntary context switches: 7221
	Involuntary context switches: 3927
	Swaps: 0
	File system inputs: 0
	File system outputs: 372872
	Socket messages sent: 0
	Socket messages received: 0
	Signals delivered: 0
	Page size (bytes): 4096
	Exit status: 0
