From https://github.com/JuliaRegistries/General
 - [deleted]                 (none)     -> origin/registrator-enhancedcsv-db2670d1-v0.1.0-da97853645
   08a235ceb45..fe29254f82c  master     -> origin/master
Switched to branch 'master'
From https://github.com/JuliaRegistries/General
 * branch                    master     -> FETCH_HEAD
Note: switching to 'fe29254f82c36fb45bf18aef522f73697e5de2e9'.

You are in 'detached HEAD' state. You can look around, make experimental
changes and commit them, and you can discard any commits you make in this
state without impacting any branches by switching back to a branch.

If you want to create a new branch to retain commits you create, you may
do so (now or later) by using -c with the switch command. Example:

  git switch -c <new-branch-name>

Or undo this operation with:

  git switch -

Turn off this advice by setting config variable advice.detachedHead to false

HEAD is now at fe29254f82c New package: EnhancedCSV v0.1.0 (#143697)
'nightly' is already installed.
     Cloning registry from "timetravel_registry/General"
       Added registry `General` to `/workdir/depot/registries/General`
