fatal: destination path 'General' already exists and is not an empty directory.
Previous HEAD position was d2796fdeed New version: GeoStatsFunctions v0.11.4 (#133652)
Switched to branch 'master'
From https://github.com/JuliaRegistries/General
   8c3beabf3b..c43c12de3c  master     -> origin/master
Note: switching to '5f5181605164aaaff4a3cc59e8b6b2c0ff4fcbd5'.

You are in 'detached HEAD' state. You can look around, make experimental
changes and commit them, and you can discard any commits you make in this
state without impacting any branches by switching back to a branch.

If you want to create a new branch to retain commits you create, you may
do so (now or later) by using -c with the switch command. Example:

  git switch -c <new-branch-name>

Or undo this operation with:

  git switch -

Turn off this advice by setting config variable advice.detachedHead to false

HEAD is now at 5f51816051 New version: Herb v0.6.0 (#133724)
[32m[1mChecking[0m for new Julia versions
'1.11.5' is already installed.
     Cloning registry from "timetravel_registry/General"
       Added registry `General` to `/workdir/depot/registries/General`
