From https://github.com/JuliaRegistries/General
 - [deleted]                 (none)     -> origin/registrator-protocolbuffers_jll-077c9ec6-v3.16.0+0-1f9f0f409e
 - [deleted]                 (none)     -> origin/registrator-protocolbufferslite_jll-0ca7621e-v3.16.0+0-1199b2619e
 - [deleted]                 (none)     -> origin/registrator-protocolbufferssdk_jll-c1854a36-v3.16.0+0-b1f87fafbb
   a237198d81a..bfda85b580f  master     -> origin/master
 + ac08d5bb001...dd6bcbd3a08 registrator-multigridbarrier-9e2c1f1d-v0.11.31-8f847fc778 -> origin/registrator-multigridbarrier-9e2c1f1d-v0.11.31-8f847fc778  (forced update)
 * [new branch]              registrator-oceanbiome-a49af516-v0.16.3-022ed38623 -> origin/registrator-oceanbiome-a49af516-v0.16.3-022ed38623
Switched to branch 'master'
From https://github.com/JuliaRegistries/General
 * branch                    master     -> FETCH_HEAD
Note: switching to 'bfda85b580f90ade6e476cb2724a77cbf42ad666'.

You are in 'detached HEAD' state. You can look around, make experimental
changes and commit them, and you can discard any commits you make in this
state without impacting any branches by switching back to a branch.

If you want to create a new branch to retain commits you create, you may
do so (now or later) by using -c with the switch command. Example:

  git switch -c <new-branch-name>

Or undo this operation with:

  git switch -

Turn off this advice by setting config variable advice.detachedHead to false

HEAD is now at bfda85b580f New package: ProtocolBuffersSDK_jll v3.16.0+0 (#143476)
[36m[1m    Checking[0m for new Julia versions
'release' is already installed.
Precompiling packages...
  74307.6 ms  ✓ Pkg (serial)
  1 dependency successfully precompiled in 74 seconds
     Cloning registry from "timetravel_registry/General"
       Added registry `General` to `/workdir/depot/registries/General`
