From https://github.com/JuliaRegistries/General
 - [deleted]                 (none)     -> origin/registrator-gdmathlib-ed54f85f-v1.2.2-e69e652493
 - [deleted]                 (none)     -> origin/registrator-quotientcategories-c103c924-v0.0.2-ac16d7f0d0
   ebacaca1c66..627c6471c93  master                                                 -> origin/master
 * [new branch]              registrator-autopkg-4571da9f-v0.1.0-b8b9c3aee8         -> origin/registrator-autopkg-4571da9f-v0.1.0-b8b9c3aee8
 * [new branch]              registrator-documentertypst-d7fd56dd-v0.1.0-3cbba07a26 -> origin/registrator-documentertypst-d7fd56dd-v0.1.0-3cbba07a26
 * [new branch]              registrator-standardcge-7f8ee165-v0.1.0-64d0488f37     -> origin/registrator-standardcge-7f8ee165-v0.1.0-64d0488f37
Switched to branch 'master'
From https://github.com/JuliaRegistries/General
 * branch                    master     -> FETCH_HEAD
Note: switching to '627c6471c9367a5cc24e0786ff1bf3728609b738'.

You are in 'detached HEAD' state. You can look around, make experimental
changes and commit them, and you can discard any commits you make in this
state without impacting any branches by switching back to a branch.

If you want to create a new branch to retain commits you create, you may
do so (now or later) by using -c with the switch command. Example:

  git switch -c <new-branch-name>

Or undo this operation with:

  git switch -

Turn off this advice by setting config variable advice.detachedHead to false

HEAD is now at 627c6471c93 New version: SCS_jll v300.200.1000+0 (#145192)
[36m[1m    Checking[0m for new Julia versions
'lts' is already installed.
     Cloning registry from "timetravel_registry/General"
       Added registry `General` to `/workdir/depot/registries/General`
