fatal: destination path 'General' already exists and is not an empty directory.
Previous HEAD position was f9063411e6 New version: Drifters v0.6.6 (#131665)
Switched to branch 'master'
From https://github.com/JuliaRegistries/General
   7ec19e2dff..5b61e0067c  master                                          -> origin/master
 * [new branch]            registrator-rr_jll-e86bdf43-v5.9.0+1-5d18b03225 -> origin/registrator-rr_jll-e86bdf43-v5.9.0+1-5d18b03225
Note: switching to '8d52390bcd3f78af0e079774bf62b10fb75a6494'.

You are in 'detached HEAD' state. You can look around, make experimental
changes and commit them, and you can discard any commits you make in this
state without impacting any branches by switching back to a branch.

If you want to create a new branch to retain commits you create, you may
do so (now or later) by using -c with the switch command. Example:

  git switch -c <new-branch-name>

Or undo this operation with:

  git switch -

Turn off this advice by setting config variable advice.detachedHead to false

HEAD is now at 8d52390bcd New version: NaNStatistics v0.6.51 (#131705)
[32m[1mChecking[0m for new Julia versions
'1.11.5' is already installed.
     Cloning registry from "timetravel_registry/General"
       Added registry `General` to `/workdir/depot/registries/General`
