From https://github.com/JuliaRegistries/General
 - [deleted]                 (none)     -> origin/registrator-onnx_jll-4df3ec0b-v1.10.2+1-cbc87f1796
 - [deleted]                 (none)     -> origin/registrator-onnx_static_jll-23524693-v1.10.2+0-cc25c98007
 - [deleted]                 (none)     -> origin/registrator-unroot-3cd96dde-v0.11.0-e621808818
   37eebfc8596..956b0dd236b  master     -> origin/master
Switched to branch 'master'
From https://github.com/JuliaRegistries/General
 * branch                    master     -> FETCH_HEAD
Note: switching to '956b0dd236b8309671b4b06360675266b7c70ea2'.

You are in 'detached HEAD' state. You can look around, make experimental
changes and commit them, and you can discard any commits you make in this
state without impacting any branches by switching back to a branch.

If you want to create a new branch to retain commits you create, you may
do so (now or later) by using -c with the switch command. Example:

  git switch -c <new-branch-name>

Or undo this operation with:

  git switch -

Turn off this advice by setting config variable advice.detachedHead to false

HEAD is now at 956b0dd236b New version: Typstry v0.7.0 (#143820)
'nightly' is already installed.
     Cloning registry from "timetravel_registry/General"
       Added registry `General` to `/workdir/depot/registries/General`
