fatal: destination path 'General' already exists and is not an empty directory.
Previous HEAD position was 8292f6cc87 New version: BranchFlowModel v0.5.0 (#132804)
Switched to branch 'master'
From https://github.com/JuliaRegistries/General
 * [new branch]            registrator-advancedhmc-0bf59076-v0.8.1-4aa4bd0e2e -> origin/registrator-advancedhmc-0bf59076-v0.8.1-4aa4bd0e2e
 * [new branch]            registrator-constrainedshortestpaths-b3798467-v0.6.5-991c0458a3 -> origin/registrator-constrainedshortestpaths-b3798467-v0.6.5-991c0458a3
 * [new branch]            registrator-parallelprocessingtools-8e8a01fc-v0.4.9-b961d7e5ad -> origin/registrator-parallelprocessingtools-8e8a01fc-v0.4.9-b961d7e5ad
 * [new branch]            registrator-piecewiselinearfunctions-08f3856d-v0.4.6-272af5bab2 -> origin/registrator-piecewiselinearfunctions-08f3856d-v0.4.6-272af5bab2
 * [new branch]            registrator-turing-fce5fe82-v0.40.0-1deb94ed27 -> origin/registrator-turing-fce5fe82-v0.40.0-1deb94ed27
Note: switching to '06287fc369837dc567f87bb5fc97f32b2aa2b5bc'.

You are in 'detached HEAD' state. You can look around, make experimental
changes and commit them, and you can discard any commits you make in this
state without impacting any branches by switching back to a branch.

If you want to create a new branch to retain commits you create, you may
do so (now or later) by using -c with the switch command. Example:

  git switch -c <new-branch-name>

Or undo this operation with:

  git switch -

Turn off this advice by setting config variable advice.detachedHead to false

HEAD is now at 06287fc369 New version: libcxxwrap_julia_jll v0.14.3+3 (#134719)
[32m[1mChecking[0m for new Julia versions
'1.11.5' is already installed.
     Cloning registry from "timetravel_registry/General"
       Added registry `General` to `/workdir/depot/registries/General`
