fatal: destination path 'General' already exists and is not an empty directory.
Previous HEAD position was b922a7d2a5 New version: MakiePublication v0.4.3 (#133429)
Switched to branch 'master'
From https://github.com/JuliaRegistries/General
   8e2f06f9fa..8651a87310  master                                                  -> origin/master
 * [new branch]            registrator-plantbiophysics-7ae8fcfa-v0.16.1-e353d57164 -> origin/registrator-plantbiophysics-7ae8fcfa-v0.16.1-e353d57164
Note: switching to '3d2c5bbf8e35de7519557cafd80687557ad1da53'.

You are in 'detached HEAD' state. You can look around, make experimental
changes and commit them, and you can discard any commits you make in this
state without impacting any branches by switching back to a branch.

If you want to create a new branch to retain commits you create, you may
do so (now or later) by using -c with the switch command. Example:

  git switch -c <new-branch-name>

Or undo this operation with:

  git switch -

Turn off this advice by setting config variable advice.detachedHead to false

HEAD is now at 3d2c5bbf8e New version: TimeStruct v0.9.3 (#133488)
[32m[1mChecking[0m for new Julia versions
'1.11.5' is already installed.
     Cloning registry from "timetravel_registry/General"
       Added registry `General` to `/workdir/depot/registries/General`
