From https://github.com/JuliaRegistries/General
 - [deleted]                 (none)     -> origin/registrator-earthbox-8cac4eb0-v0.1.0-a228fe9821
 - [deleted]                 (none)     -> origin/registrator-fjordsim-70d6b63c-v0.0.1-69b4a1b733
 - [deleted]                 (none)     -> origin/registrator-libpng_jll-b53b4c65-v1.6.51+0-fad21eb630
   36ee8d7e028..9b1153db585  master     -> origin/master
Expanding reachable commits in commit graph: 141574Expanding reachable commits in commit graph: 142460, done.
Switched to branch 'master'
From https://github.com/JuliaRegistries/General
 * [new branch]              registrator-proximalcore-dc4f5ac2-v0.2.0-afaf55dc35 -> origin/registrator-proximalcore-dc4f5ac2-v0.2.0-afaf55dc35
There is no tracking information for the current branch.
Please specify which branch you want to merge with.
See git-pull(1) for details.

    git pull <remote> <branch>

If you wish to set tracking information for this branch you can do so with:

    git branch --set-upstream-to=origin/<branch> master

Note: switching to '878c6fff1d03379b4670c1686ee63de353b02273'.

You are in 'detached HEAD' state. You can look around, make experimental
changes and commit them, and you can discard any commits you make in this
state without impacting any branches by switching back to a branch.

If you want to create a new branch to retain commits you create, you may
do so (now or later) by using -c with the switch command. Example:

  git switch -c <new-branch-name>

Or undo this operation with:

  git switch -

Turn off this advice by setting config variable advice.detachedHead to false

HEAD is now at 878c6fff1d0 New version: Pathfinder v0.9.21 (#136598)
[36m[1m    Checking[0m for new Julia versions
'1.11.7' is already installed.
     Cloning registry from "timetravel_registry/General"
       Added registry `General` to `/workdir/depot/registries/General`
