fatal: destination path 'General' already exists and is not an empty directory.
Previous HEAD position was dd8f2a2fef New version: CausalTables v1.2.6 (#132189)
Switched to branch 'master'
From https://github.com/JuliaRegistries/General
 * [new branch]            registrator-autobzcore-66bd3e16-v0.5.0-eb2512e42f -> origin/registrator-autobzcore-66bd3e16-v0.5.0-eb2512e42f
Note: switching to '8d280e888bc01c78cf6f8a37b8fd00ba65411b5e'.

You are in 'detached HEAD' state. You can look around, make experimental
changes and commit them, and you can discard any commits you make in this
state without impacting any branches by switching back to a branch.

If you want to create a new branch to retain commits you create, you may
do so (now or later) by using -c with the switch command. Example:

  git switch -c <new-branch-name>

Or undo this operation with:

  git switch -

Turn off this advice by setting config variable advice.detachedHead to false

HEAD is now at 8d280e888b New version: Percival v0.7.4 (#132259)
[32m[1mChecking[0m for new Julia versions
'1.11.5' is already installed.
     Cloning registry from "timetravel_registry/General"
       Added registry `General` to `/workdir/depot/registries/General`
