From https://github.com/JuliaRegistries/General
   7e305178276..debcebaefae  master                                       -> origin/master
 * [new branch]              registrator-jive-ba5e3d4b-v0.3.15-16e4f69e7f -> origin/registrator-jive-ba5e3d4b-v0.3.15-16e4f69e7f
Switched to branch 'master'
From https://github.com/JuliaRegistries/General
 * branch                    master     -> FETCH_HEAD
   debcebaefae..c68617cbeed  master     -> origin/master
Note: switching to 'c68617cbeed4116554a5c429e8959b99713f0237'.

You are in 'detached HEAD' state. You can look around, make experimental
changes and commit them, and you can discard any commits you make in this
state without impacting any branches by switching back to a branch.

If you want to create a new branch to retain commits you create, you may
do so (now or later) by using -c with the switch command. Example:

  git switch -c <new-branch-name>

Or undo this operation with:

  git switch -

Turn off this advice by setting config variable advice.detachedHead to false

HEAD is now at c68617cbeed New version: Jive v0.3.15 (#147657)
[36m[1m    Checking[0m for new Julia versions
'alpha' is already installed.
     Cloning registry from "timetravel_registry/General"
       Added registry `General` to `/workdir/depot/registries/General`
