From https://github.com/JuliaRegistries/General
 - [deleted]                 (none)     -> origin/registrator-retestitems-817f1d60-v1.35.2-5c633dac64
 - [deleted]                 (none)     -> origin/registrator-seiskit-05bd159c-v0.5.0-d62ae723a6
   9f8755aaa63..49df8dacb0b  master                                                             -> origin/master
 * [new branch]              registrator-atomicandphysicalconstants-5c0d271c-v0.11.2-67f0c74800 -> origin/registrator-atomicandphysicalconstants-5c0d271c-v0.11.2-67f0c74800
 * [new branch]              registrator-conspire-e166284d-v0.3.1-6dd4415498                    -> origin/registrator-conspire-e166284d-v0.3.1-6dd4415498
 * [new branch]              registrator-merzbild-de01fcb4-v0.8.0-9d864336ab                    -> origin/registrator-merzbild-de01fcb4-v0.8.0-9d864336ab
 * [new branch]              registrator-radialbasisfunctions-79ee0514-v0.6.0-a79d0ad760        -> origin/registrator-radialbasisfunctions-79ee0514-v0.6.0-a79d0ad760
 * [new branch]              registrator-strainedelectronicdevices-b216b5de-v1.0.0-e9f9900562   -> origin/registrator-strainedelectronicdevices-b216b5de-v1.0.0-e9f9900562
 * [new branch]              registrator-tensnap-c4e6f1a8-v0.3.0-f86cca4636                     -> origin/registrator-tensnap-c4e6f1a8-v0.3.0-f86cca4636
Expanding reachable commits in commit graph: 147518Expanding reachable commits in commit graph: 160006, done.
Switched to branch 'master'
From https://github.com/JuliaRegistries/General
 * branch                    master     -> FETCH_HEAD
   49df8dacb0b..11e7e64bc98  master     -> origin/master
Note: switching to '11e7e64bc98f04624616b8f4375e8fc0bae65364'.

You are in 'detached HEAD' state. You can look around, make experimental
changes and commit them, and you can discard any commits you make in this
state without impacting any branches by switching back to a branch.

If you want to create a new branch to retain commits you create, you may
do so (now or later) by using -c with the switch command. Example:

  git switch -c <new-branch-name>

Or undo this operation with:

  git switch -

Turn off this advice by setting config variable advice.detachedHead to false

HEAD is now at 11e7e64bc98 New version: RadialBasisFunctions v0.6.0 (#161641)
[36m[1m    Checking[0m for new Julia versions
'alpha' is already installed.
     Cloning registry from "timetravel_registry/General"
       Added registry `General` to `/workdir/depot/registries/General`
