From https://github.com/JuliaRegistries/General
 - [deleted]                 (none)     -> origin/registrator-earthscimlbase-e53f1632-v0.25.1-a0b363bcc3
 - [deleted]                 (none)     -> origin/registrator-hypothesistestsextra-ddd859b9-v0.2.0-cd27fcb104
 - [deleted]                 (none)     -> origin/registrator-latticematrices-dd6a91e4-v0.3.11-62af1775e0
 - [deleted]                 (none)     -> origin/registrator-reactant_jll-0192cb87-v0.0.327+1-5d9de89db6
 - [deleted]                 (none)     -> origin/registrator-spatialecology-348f2d5d-v0.9.18-19ca798357
   4b5ff804b33..29b5597a692  master                                                  -> origin/master
 * [new branch]              registrator-itensormps-0d1a4710-v0.3.28-0ea4e96577      -> origin/registrator-itensormps-0d1a4710-v0.3.28-0ea4e96577
 * [new branch]              registrator-reactant_jll-0192cb87-v0.0.328+0-5d9de89db6 -> origin/registrator-reactant_jll-0192cb87-v0.0.328+0-5d9de89db6
Switched to branch 'master'
From https://github.com/JuliaRegistries/General
 * branch                    master     -> FETCH_HEAD
   29b5597a692..fb0280ca803  master     -> origin/master
Note: switching to 'fb0280ca803add4d0caad58df655a70d34521b08'.

You are in 'detached HEAD' state. You can look around, make experimental
changes and commit them, and you can discard any commits you make in this
state without impacting any branches by switching back to a branch.

If you want to create a new branch to retain commits you create, you may
do so (now or later) by using -c with the switch command. Example:

  git switch -c <new-branch-name>

Or undo this operation with:

  git switch -

Turn off this advice by setting config variable advice.detachedHead to false

HEAD is now at fb0280ca803 New version: Reactant_jll v0.0.328+0 (#148447)
[36m[1m    Checking[0m for new Julia versions
'alpha' is already installed.
     Cloning registry from "timetravel_registry/General"
       Added registry `General` to `/workdir/depot/registries/General`
