From https://github.com/JuliaRegistries/General
 - [deleted]                 (none)     -> origin/registrator-catalyst-479239e8-v16.0.1-709715bfe6
 - [deleted]                 (none)     -> origin/registrator-continuumarrays-7ae1f121-v0.20.5-f306bb5a13
 - [deleted]                 (none)     -> origin/registrator-discoverygraph-6c26c9e7-v0.4.0-7c85d7f0ab
 - [deleted]                 (none)     -> origin/registrator-eegfun-aa15e9e4-v0.1.3-97d3380f94
 - [deleted]                 (none)     -> origin/registrator-jascofiles-8f461479-v0.1.0-bb86e405c7
 - [deleted]                 (none)     -> origin/registrator-juliassicpark-f1e977c7-v0.1.3-e8dc8a072f
 - [deleted]                 (none)     -> origin/registrator-libsemigroups_julia_jll-49785210-v0.0.1+0-3760ae8779
 - [deleted]                 (none)     -> origin/registrator-llvmextra_jll-dad2f222-v0.0.42+0-b1fc350ac5
 - [deleted]                 (none)     -> origin/registrator-luxtriangleattention-3d5d7496-v0.1.0-0ada199b04
 - [deleted]                 (none)     -> origin/registrator-macemodels-29bafc4c-v1.5.0-43adca8a70
 - [deleted]                 (none)     -> origin/registrator-macemodels-29bafc4c-v1.6.0-43adca8a70
 - [deleted]                 (none)     -> origin/registrator-manifoldsgpu-007d1224-v0.1.0-f2df3ad984
 - [deleted]                 (none)     -> origin/registrator-nlpmodelsmodifiers-e01155f1-v0.9.0-fa8dcbf2a0
 - [deleted]                 (none)     -> origin/registrator-nnop-eeb6ee5c-v0.2.0-c686ca2acd
 - [deleted]                 (none)     -> origin/registrator-ondavision-cd85d5d7-v0.1.0-7552b6b2f6
 - [deleted]                 (none)     -> origin/registrator-peven-7c3f1014-v0.2.0-9cb83a1a2c
 - [deleted]                 (none)     -> origin/registrator-profileperfetto-d4e8f2a0-v0.1.0-79658829ba
 - [deleted]                 (none)     -> origin/registrator-quiver-cdbb3f72-v0.5.0-a375f13114
 - [deleted]                 (none)     -> origin/registrator-recurrencemicrostatesanalysis-cb83a08b-v0.5.0-74cc3b6e5c
 - [deleted]                 (none)     -> origin/registrator-reservoircomputing-7c2d2b1e-v0.12.20-2f260888af
 - [deleted]                 (none)     -> origin/registrator-therapy-b2c3d4e5-v0.1.0-ad1f8fa62a
 - [deleted]                 (none)     -> origin/registrator-tracywidombeta-2ad872f3-v1.0.2-3db30aa98c
 - [deleted]                 (none)     -> origin/registrator-westerfit-f202a280-v1.3.1-c4d88fc48c
   21062b4b10a..a29c5af433d  master                                                              -> origin/master
 * [new branch]              registrator-adverl-dde1bd1d-v0.1.0-33c240a55a                       -> origin/registrator-adverl-dde1bd1d-v0.1.0-33c240a55a
 * [new branch]              registrator-agentbible-1cf589dd-v0.1.0-525aca930d                   -> origin/registrator-agentbible-1cf589dd-v0.1.0-525aca930d
 + 5c9787a0de2...29c48803615 registrator-boundaryvaluediffeq-764a87c0-v5.22.0-57b7785c81         -> origin/registrator-boundaryvaluediffeq-764a87c0-v5.22.0-57b7785c81  (forced update)
 * [new branch]              registrator-boundaryvaluediffeqfirk-85d9eb09-v1.15.0-57b7785c81     -> origin/registrator-boundaryvaluediffeqfirk-85d9eb09-v1.15.0-57b7785c81
 * [new branch]              registrator-boundaryvaluediffeqmirk-1a22d4ce-v1.15.0-57b7785c81     -> origin/registrator-boundaryvaluediffeqmirk-1a22d4ce-v1.15.0-57b7785c81
 * [new branch]              registrator-boundaryvaluediffeqshooting-ed55bfe0-v1.15.0-57b7785c81 -> origin/registrator-boundaryvaluediffeqshooting-ed55bfe0-v1.15.0-57b7785c81
 * [new branch]              registrator-convex1d-d65ab6ab-v0.2.0-de0abbd389                     -> origin/registrator-convex1d-d65ab6ab-v0.2.0-de0abbd389
 * [new branch]              registrator-diffeqparamestim-1130ab10-v2.5.0-b190a19a6a             -> origin/registrator-diffeqparamestim-1130ab10-v2.5.0-b190a19a6a
 * [new branch]              registrator-lalatex-2feda2f4-v1.0.0-57c406f040                      -> origin/registrator-lalatex-2feda2f4-v1.0.0-57c406f040
 * [new branch]              registrator-lalatex-2feda2f4-v1.0.0-e36fc8452b                      -> origin/registrator-lalatex-2feda2f4-v1.0.0-e36fc8452b
 + 589d4ab10eb...56fa805392c registrator-peven-7c3f1014-v0.4.0-9cb83a1a2c                        -> origin/registrator-peven-7c3f1014-v0.4.0-9cb83a1a2c  (forced update)
 * [new branch]              registrator-peven-7c3f1014-v0.4.2-9cb83a1a2c                        -> origin/registrator-peven-7c3f1014-v0.4.2-9cb83a1a2c
 * [new branch]              registrator-relucent-d4a0f349-v1.0.0-2b47bfbd99                     -> origin/registrator-relucent-d4a0f349-v1.0.0-2b47bfbd99
 * [new branch]              registrator-spheroidalwaves-5995e872-v0.2.2-34d5bbbc57              -> origin/registrator-spheroidalwaves-5995e872-v0.2.2-34d5bbbc57
 * [new branch]              registrator-steadystatediffeq-9672c7b4-v2.10.2-2f3e11dd11           -> origin/registrator-steadystatediffeq-9672c7b4-v2.10.2-2f3e11dd11
 * [new branch]              registrator-universaldiffeq-791b002b-v1.2.1-fc1ed92220              -> origin/registrator-universaldiffeq-791b002b-v1.2.1-fc1ed92220
 * [new branch]              registrator-xxhashnative-e5d8e439-v1.1.1-7bfc930e0f                 -> origin/registrator-xxhashnative-e5d8e439-v1.1.1-7bfc930e0f
Switched to branch 'master'
From https://github.com/JuliaRegistries/General
 * branch                    master     -> FETCH_HEAD
Note: switching to 'a29c5af433db2f03ca7aca118ae5c2a894389dc0'.

You are in 'detached HEAD' state. You can look around, make experimental
changes and commit them, and you can discard any commits you make in this
state without impacting any branches by switching back to a branch.

If you want to create a new branch to retain commits you create, you may
do so (now or later) by using -c with the switch command. Example:

  git switch -c <new-branch-name>

Or undo this operation with:

  git switch -

Turn off this advice by setting config variable advice.detachedHead to false

HEAD is now at a29c5af433d New version: f4ncgb_jll v0.300.401+0 (#153862)
[36m[1m    Checking[0m for new Julia versions
'lts' is already installed.
     Cloning registry from "timetravel_registry/General"
       Added registry `General` to `/workdir/depot/registries/General`
