From https://github.com/JuliaRegistries/General
 - [deleted]                 (none)     -> origin/registrator-algebraicmultigrid-2169fc97-v2.0.2-fc43b422bf
 - [deleted]                 (none)     -> origin/registrator-arrowfiles-9fdbc45d-v1.0.0-bf79ab3025
 - [deleted]                 (none)     -> origin/registrator-conicip-d92ec50d-v0.2.0-da42d1e705
 - [deleted]                 (none)     -> origin/registrator-enumlib-ae9d64bb-v0.3.9-bb205db72c
 - [deleted]                 (none)     -> origin/registrator-finitempstangents-a8aeb656-v0.1.0-2db9b651c1
 - [deleted]                 (none)     -> origin/registrator-fixedeffectmodels-9d5cd8c9-v2.0.0-d4b720d18e
 - [deleted]                 (none)     -> origin/registrator-fixedeffectmodels-9d5cd8c9-v2.1.0-d4b720d18e
 - [deleted]                 (none)     -> origin/registrator-nmrtools-c2839fe3-v0.2.16-60fe2a3197
 - [deleted]                 (none)     -> origin/registrator-partialflagvarieties-965b632c-v0.4.0-ae98cb700c
 - [deleted]                 (none)     -> origin/registrator-reactantserverclient-df172679-v1.0.0-16a74b9b30
 - [deleted]                 (none)     -> origin/registrator-reedmuller-285e408b-v0.1.0-1d050b0345
 - [deleted]                 (none)     -> origin/registrator-strictmode-0e98b4f4-v0.4.0-a276ff9911
 - [deleted]                 (none)     -> origin/registrator-testshards-acceef1d-v0.3.33-de6bce76a7
 - [deleted]                 (none)     -> origin/registrator-testshards-acceef1d-v0.3.34-de6bce76a7
 - [deleted]                 (none)     -> origin/registrator-testshards-acceef1d-v0.3.35-de6bce76a7
 - [deleted]                 (none)     -> origin/registrator-testshards-acceef1d-v0.3.37-de6bce76a7
 - [deleted]                 (none)     -> origin/registrator-testshards-acceef1d-v0.3.38-de6bce76a7
 - [deleted]                 (none)     -> origin/registrator-testshards-acceef1d-v0.3.39-de6bce76a7
 - [deleted]                 (none)     -> origin/registrator-tracking-10b2438b-v4.1.2-7c2b47b396
 * [new branch]              dependabot/github_actions/julia-actions/cache-3.3.0            -> origin/dependabot/github_actions/julia-actions/cache-3.3.0
   70ee3be6001..1324385b6aa  master                                                         -> origin/master
 * [new branch]              registrator-calc-221dce02-v0.2.0-cf4d6b2d1e                    -> origin/registrator-calc-221dce02-v0.2.0-cf4d6b2d1e
 * [new branch]              registrator-canapes-1bae8cb1-v0.1.0-8300739ff6                 -> origin/registrator-canapes-1bae8cb1-v0.1.0-8300739ff6
 * [new branch]              registrator-clearswi-06ae4d9b-v1.6.4-54b5e3eaa0                -> origin/registrator-clearswi-06ae4d9b-v1.6.4-54b5e3eaa0
 * [new branch]              registrator-clp_jll-06985876-v100.1700.1100+1-6058400cea       -> origin/registrator-clp_jll-06985876-v100.1700.1100+1-6058400cea
 * [new branch]              registrator-dihedralparametrization-750fe09c-v1.0.0-6c44a60c72 -> origin/registrator-dihedralparametrization-750fe09c-v1.0.0-6c44a60c72
 * [new branch]              registrator-experimentalapi-fd2d14cb-v0.1.1-3dbd24bd13         -> origin/registrator-experimentalapi-fd2d14cb-v0.1.1-3dbd24bd13
 * [new branch]              registrator-hdf5vectors-7098961b-v1.0.0-794b3c5845             -> origin/registrator-hdf5vectors-7098961b-v1.0.0-794b3c5845
 * [new branch]              registrator-hsquared-a0667dea-v0.5.0-54b50bbdd8                -> origin/registrator-hsquared-a0667dea-v0.5.0-54b50bbdd8
 * [new branch]              registrator-irsounderlbl-382fb126-v0.1.0-94c7d5d722            -> origin/registrator-irsounderlbl-382fb126-v0.1.0-94c7d5d722
 * [new branch]              registrator-narcissus-572f1241-v0.1.0-f4b645194c               -> origin/registrator-narcissus-572f1241-v0.1.0-f4b645194c
 * [new branch]              registrator-oceanbiome-a49af516-v0.18.4-022ed38623             -> origin/registrator-oceanbiome-a49af516-v0.18.4-022ed38623
 * [new branch]              registrator-parallelmanager-be946ad2-v0.4.6-3296e1cde1         -> origin/registrator-parallelmanager-be946ad2-v0.4.6-3296e1cde1
 * [new branch]              registrator-pinax-e782a80a-v0.39.26-8c9309ba1e                 -> origin/registrator-pinax-e782a80a-v0.39.26-8c9309ba1e
 * [new branch]              registrator-scientificfitting-4ec0e560-v0.1.0-c7a40bc036       -> origin/registrator-scientificfitting-4ec0e560-v0.1.0-c7a40bc036
 * [new branch]              registrator-split-6b22f1a1-v0.5.1-7244025abe                   -> origin/registrator-split-6b22f1a1-v0.5.1-7244025abe
 * [new branch]              registrator-statuswindowstex-9f8bd871-v0.1.0-bdef4439f1        -> origin/registrator-statuswindowstex-9f8bd871-v0.1.0-bdef4439f1
 * [new branch]              registrator-strictmodetest-a64655d1-v0.4.0-a276ff9911          -> origin/registrator-strictmodetest-a64655d1-v0.4.0-a276ff9911
 + cc42f2d9c76...63fa266aa5b registrator-tzjdata-dc5dba14-v1.6.0+2025c-29777bd64c           -> origin/registrator-tzjdata-dc5dba14-v1.6.0+2025c-29777bd64c  (forced update)
Expanding reachable commits in commit graph: 146766Expanding reachable commits in commit graph: 165192, done.
Switched to branch 'master'
From https://github.com/JuliaRegistries/General
 * branch                    master     -> FETCH_HEAD
Note: switching to '1324385b6aa41700d655756efdb09dc189865891'.

You are in 'detached HEAD' state. You can look around, make experimental
changes and commit them, and you can discard any commits you make in this
state without impacting any branches by switching back to a branch.

If you want to create a new branch to retain commits you create, you may
do so (now or later) by using -c with the switch command. Example:

  git switch -c <new-branch-name>

Or undo this operation with:

  git switch -

Turn off this advice by setting config variable advice.detachedHead to false

HEAD is now at 1324385b6aa New version: OptimaSolver v0.5.0 (#167006)
[36m[1m    Checking[0m for new Julia versions
'lts' is already installed.
     Cloning registry from "timetravel_registry/General"
       Added registry `General` to `/workdir/depot/registries/General`
