From https://github.com/JuliaRegistries/General
   a26c80f941f..b47b0d0da65  master                                                   -> origin/master
 * [new branch]              registrator-distsshbase-f0a69307-v0.1.0-5fb89cde48       -> origin/registrator-distsshbase-f0a69307-v0.1.0-5fb89cde48
 * [new branch]              registrator-grammarofgraphics-c00c8485-v0.5.1-f3c2e22fbf -> origin/registrator-grammarofgraphics-c00c8485-v0.5.1-f3c2e22fbf
 * [new branch]              registrator-hardwareloopcore-b7e1c2d3-v1.0.2-126b15dc7e  -> origin/registrator-hardwareloopcore-b7e1c2d3-v1.0.2-126b15dc7e
Expanding reachable commits in commit graph: 143526Expanding reachable commits in commit graph: 168629, done.
Switched to branch 'master'
From https://github.com/JuliaRegistries/General
 * branch                    master     -> FETCH_HEAD
   b47b0d0da65..ad8bd61a3b6  master     -> origin/master
Note: switching to 'ad8bd61a3b6ee20e82d64b2f85eabcef3829e4e3'.

You are in 'detached HEAD' state. You can look around, make experimental
changes and commit them, and you can discard any commits you make in this
state without impacting any branches by switching back to a branch.

If you want to create a new branch to retain commits you create, you may
do so (now or later) by using -c with the switch command. Example:

  git switch -c <new-branch-name>

Or undo this operation with:

  git switch -

Turn off this advice by setting config variable advice.detachedHead to false

HEAD is now at ad8bd61a3b6 New version: GrammarOfGraphics v0.5.1 (#170544)
[36m[1m    Checking[0m for new Julia versions
'alpha' is already installed.
     Cloning registry from "timetravel_registry/General"
       Added registry `General` to `/workdir/depot/registries/General`
