Switched to branch 'master'
From https://github.com/JuliaRegistries/General
 * branch                    master     -> FETCH_HEAD
Note: switching to '885dab9ea366ae8175afe4613982b0bb3c03d810'.

You are in 'detached HEAD' state. You can look around, make experimental
changes and commit them, and you can discard any commits you make in this
state without impacting any branches by switching back to a branch.

If you want to create a new branch to retain commits you create, you may
do so (now or later) by using -c with the switch command. Example:

  git switch -c <new-branch-name>

Or undo this operation with:

  git switch -

Turn off this advice by setting config variable advice.detachedHead to false

HEAD is now at 885dab9ea36 New version: StanBase v4.12.4 (#148907)
[36m[1m    Checking[0m for new Julia versions
'release' is already installed.
Precompiling packages...
  73695.1 ms  ✓ Pkg (serial)
  1 dependency successfully precompiled in 74 seconds
     Cloning registry from "timetravel_registry/General"
       Added registry `General` to `/workdir/depot/registries/General`
