From https://github.com/JuliaRegistries/General
   7b4281fa104..9f9c4a46d56  master     -> origin/master
Switched to branch 'master'
From https://github.com/JuliaRegistries/General
 * branch                    master     -> FETCH_HEAD
Note: switching to '9f9c4a46d568cc123a6d9b27fc63bda06b86e9b3'.

You are in 'detached HEAD' state. You can look around, make experimental
changes and commit them, and you can discard any commits you make in this
state without impacting any branches by switching back to a branch.

If you want to create a new branch to retain commits you create, you may
do so (now or later) by using -c with the switch command. Example:

  git switch -c <new-branch-name>

Or undo this operation with:

  git switch -

Turn off this advice by setting config variable advice.detachedHead to false

HEAD is now at 9f9c4a46d56 New version: Insolation v1.0.0 (#146020)
[36m[1m    Checking[0m for new Julia versions
'1.12.4' is already installed.
     Cloning registry from "timetravel_registry/General"
       Added registry `General` to `/workdir/depot/registries/General`
