From https://github.com/JuliaRegistries/General
 - [deleted]                 (none)     -> origin/registrator-multigridbarrier-9e2c1f1d-v0.12.2-8f847fc778
   4a8fd2199c3..db67b576d76  master                                                       -> origin/master
 * [new branch]              registrator-multigridbarrier-9e2c1f1d-v0.12.3-8f847fc778     -> origin/registrator-multigridbarrier-9e2c1f1d-v0.12.3-8f847fc778
 * [new branch]              registrator-phylosummaries-431a9082-v0.1.0-dea24cc04f        -> origin/registrator-phylosummaries-431a9082-v0.1.0-dea24cc04f
 * [new branch]              registrator-powernetworkmatrices-bed98974-v0.21.1-f959474b0f -> origin/registrator-powernetworkmatrices-bed98974-v0.21.1-f959474b0f
Expanding reachable commits in commit graph: 150409Expanding reachable commits in commit graph: 154532, done.
Switched to branch 'master'
From https://github.com/JuliaRegistries/General
 * branch                    master     -> FETCH_HEAD
   db67b576d76..8f7b6810f4e  master     -> origin/master
Note: switching to '8f7b6810f4e547f12c09f231fe8c954ef12e4cb5'.

You are in 'detached HEAD' state. You can look around, make experimental
changes and commit them, and you can discard any commits you make in this
state without impacting any branches by switching back to a branch.

If you want to create a new branch to retain commits you create, you may
do so (now or later) by using -c with the switch command. Example:

  git switch -c <new-branch-name>

Or undo this operation with:

  git switch -

Turn off this advice by setting config variable advice.detachedHead to false

HEAD is now at 8f7b6810f4e New version: MultiGridBarrier v0.12.3 (#155971)
[36m[1m    Checking[0m for new Julia versions
'alpha' is already installed.
     Cloning registry from "timetravel_registry/General"
       Added registry `General` to `/workdir/depot/registries/General`
