From https://github.com/JuliaRegistries/General
 - [deleted]                 (none)     -> origin/registrator-spaceweather-6e6210c8-v0.1.0-1f1a971f04
   888866ace87..046c1659a23  master                                                 -> origin/master
 * [new branch]              registrator-quicktemplates-e0a1e0cf-v0.10.1-6f2d1c41ff -> origin/registrator-quicktemplates-e0a1e0cf-v0.10.1-6f2d1c41ff
Switched to branch 'master'
From https://github.com/JuliaRegistries/General
 * branch                    master     -> FETCH_HEAD
Note: switching to '046c1659a2338859b210eae99c5d25c241342085'.

You are in 'detached HEAD' state. You can look around, make experimental
changes and commit them, and you can discard any commits you make in this
state without impacting any branches by switching back to a branch.

If you want to create a new branch to retain commits you create, you may
do so (now or later) by using -c with the switch command. Example:

  git switch -c <new-branch-name>

Or undo this operation with:

  git switch -

Turn off this advice by setting config variable advice.detachedHead to false

HEAD is now at 046c1659a23 New package: SpaceWeather v0.1.0 (#145710)
'nightly' is already installed.
     Cloning registry from "timetravel_registry/General"
       Added registry `General` to `/workdir/depot/registries/General`
