From https://github.com/JuliaRegistries/General
 - [deleted]                 (none)     -> origin/registrator-attractors-f3fd9213-v2.0.2-589ecee2e9
 - [deleted]                 (none)     -> origin/registrator-ballarithmetic-77e4f72b-v0.3.0-46db2516da
 - [deleted]                 (none)     -> origin/registrator-counterfactualtraining-c5e5e904-v0.2.1-63a437c8dc
 - [deleted]                 (none)     -> origin/registrator-emmomsuite-899f6035-v0.1.2-b4054ed33e
 - [deleted]                 (none)     -> origin/registrator-groundheatexchangersizing-c69f955c-v1.0.0-507847a561
 - [deleted]                 (none)     -> origin/registrator-jlxsyntax-07bf817f-v1.0.0-5eef030dd0
 - [deleted]                 (none)     -> origin/registrator-lightweightcharts-d6998af1-v3.1.6-5610f946a6
 - [deleted]                 (none)     -> origin/registrator-luximm-dd5ee4bc-v0.2.0-cd6e3d4671
 - [deleted]                 (none)     -> origin/registrator-marswitching-b2b8a7f1-v0.3.0-2208019f61
 - [deleted]                 (none)     -> origin/registrator-methodurl-461c4225-v0.1.0-9ef809c53b
 - [deleted]                 (none)     -> origin/registrator-ntrsurv-44a71bb7-v0.1.1-c8990fd207
 - [deleted]                 (none)     -> origin/registrator-positionvelocitytime-52ec0b5e-v5.0.2-00c8c0dec0
 - [deleted]                 (none)     -> origin/registrator-positionvelocitytime-52ec0b5e-v5.0.3-00c8c0dec0
 - [deleted]                 (none)     -> origin/registrator-propertyfunctions-09e99361-v0.3.2-ec6dfb6786
 - [deleted]                 (none)     -> origin/registrator-pseudospectralreactiondiffusion-f6475d4d-v0.1.0-23ca66eef3
 - [deleted]                 (none)     -> origin/registrator-ptcolors-f54230f2-v0.1.0-d0668a35c5
 - [deleted]                 (none)     -> origin/registrator-ptysessions-581b29ee-v0.1.0-8500cde665
 - [deleted]                 (none)     -> origin/registrator-registryci-0c95cc5f-v10.10.5-83cd1c85de
 - [deleted]                 (none)     -> origin/registrator-servo-169596a4-v1.0.0-160899c7da
 - [deleted]                 (none)     -> origin/registrator-sirens-922b6a97-v0.1.0-5da4a5bdb3
 - [deleted]                 (none)     -> origin/registrator-skaters-c649c80f-v0.16.0-6c764f592f
 - [deleted]                 (none)     -> origin/registrator-staticjson-ee4b7e62-v0.1.0-b147225bc1
 - [deleted]                 (none)     -> origin/registrator-steadystatediffeq-9672c7b4-v2.13.0-2f3e11dd11
 - [deleted]                 (none)     -> origin/registrator-thermalresponsetest-82e3c90c-v1.0.0-c8e23b8944
 - [deleted]                 (none)     -> origin/update_manifests/single_pr/all_manifests
 * [new branch]              dpa/ci-project-registryci-compat-entry                               -> origin/dpa/ci-project-registryci-compat-entry
   890230cc9c5..ddf42a469e7  master                                                               -> origin/master
 * [new branch]              registrator-acceleratedrpcholesky-86c4f97d-v0.1.0-f1de870eba         -> origin/registrator-acceleratedrpcholesky-86c4f97d-v0.1.0-f1de870eba
 + cfd08c0a581...600046b62aa registrator-aether-f2bfbca3-v1.0.0-e96b07cf76                        -> origin/registrator-aether-f2bfbca3-v1.0.0-e96b07cf76  (forced update)
 * [new branch]              registrator-astrodynamicscore-5a6b0320-v0.1.0-8fedb98b1d             -> origin/registrator-astrodynamicscore-5a6b0320-v0.1.0-8fedb98b1d
 * [new branch]              registrator-bayesianvectorautoregressions-41625412-v0.1.1-1898afaac3 -> origin/registrator-bayesianvectorautoregressions-41625412-v0.1.1-1898afaac3
 * [new branch]              registrator-bvar-41625412-v0.1.1-5c543c3788                          -> origin/registrator-bvar-41625412-v0.1.1-5c543c3788
 * [new branch]              registrator-cfcoding-6bc8d66c-v0.1.0-679fe5cfd9                      -> origin/registrator-cfcoding-6bc8d66c-v0.1.0-679fe5cfd9
 * [new branch]              registrator-clusterpermutationtests-e3bc594e-v0.4.6-458d932083       -> origin/registrator-clusterpermutationtests-e3bc594e-v0.4.6-458d932083
 * [new branch]              registrator-criticaltransitions-251e6cd3-v0.9.0-78d26e5da1           -> origin/registrator-criticaltransitions-251e6cd3-v0.9.0-78d26e5da1
 * [new branch]              registrator-cutile-0dea8319-v1.0.0-dcf1b6d89a                        -> origin/registrator-cutile-0dea8319-v1.0.0-dcf1b6d89a
 * [new branch]              registrator-diffeqbase-2b5f629d-v7.15.0-6cf15beefb                   -> origin/registrator-diffeqbase-2b5f629d-v7.15.0-6cf15beefb
 * [new branch]              registrator-emmomsuite-899f6035-v0.2.1-b4054ed33e                    -> origin/registrator-emmomsuite-899f6035-v0.2.1-b4054ed33e
 * [new branch]              registrator-forestfoundations-c3d06f35-v1.0.0-e234dfb0b6             -> origin/registrator-forestfoundations-c3d06f35-v1.0.0-e234dfb0b6
 * [new branch]              registrator-ordinarydiffeqfirk-5960d6e9-v2.7.0-6cf15beefb            -> origin/registrator-ordinarydiffeqfirk-5960d6e9-v2.7.0-6cf15beefb
 * [new branch]              registrator-ordinarydiffeqmultirate-d4b830b4-v3.0.0-6cf15beefb       -> origin/registrator-ordinarydiffeqmultirate-d4b830b4-v3.0.0-6cf15beefb
 * [new branch]              registrator-qkrylov-b11b8d1f-v0.1.0-37cc5070eb                       -> origin/registrator-qkrylov-b11b8d1f-v0.1.0-37cc5070eb
 * [new branch]              registrator-qldpc-9c9d2c0e-v0.1.1-4718496075                         -> origin/registrator-qldpc-9c9d2c0e-v0.1.1-4718496075
 * [new branch]              registrator-qldpc-9c9d2c0e-v0.2.1-4718496075                         -> origin/registrator-qldpc-9c9d2c0e-v0.2.1-4718496075
 * [new branch]              registrator-qldpc-9c9d2c0e-v0.2.2-4718496075                         -> origin/registrator-qldpc-9c9d2c0e-v0.2.2-4718496075
 * [new branch]              registrator-quantumkrylov-ded8de50-v0.1.0-37cc5070eb                 -> origin/registrator-quantumkrylov-ded8de50-v0.1.0-37cc5070eb
 * [new branch]              registrator-railtoolkit-38c93756-v1.0.0-788944eabf                   -> origin/registrator-railtoolkit-38c93756-v1.0.0-788944eabf
 * [new branch]              registrator-reactantservercore-387a5f05-v1.0.0-16a74b9b30            -> origin/registrator-reactantservercore-387a5f05-v1.0.0-16a74b9b30
 * [new branch]              registrator-reactantserverexport-90fa0446-v1.0.0-16a74b9b30          -> origin/registrator-reactantserverexport-90fa0446-v1.0.0-16a74b9b30
 * [new branch]              registrator-spacealtimetry-b376ed10-v0.5.0-a1dd976bc2                -> origin/registrator-spacealtimetry-b376ed10-v0.5.0-a1dd976bc2
 * [new branch]              registrator-zerolocus62-f62862d0-v3.1.2-f7b99fe867                   -> origin/registrator-zerolocus62-f62862d0-v3.1.2-f7b99fe867
Expanding reachable commits in commit graph: 147496Expanding reachable commits in commit graph: 162737, done.
Switched to branch 'master'
From https://github.com/JuliaRegistries/General
 * branch                    master     -> FETCH_HEAD
Note: switching to 'ddf42a469e71c147cef481f1d8e88c4b213627b4'.

You are in 'detached HEAD' state. You can look around, make experimental
changes and commit them, and you can discard any commits you make in this
state without impacting any branches by switching back to a branch.

If you want to create a new branch to retain commits you create, you may
do so (now or later) by using -c with the switch command. Example:

  git switch -c <new-branch-name>

Or undo this operation with:

  git switch -

Turn off this advice by setting config variable advice.detachedHead to false

HEAD is now at ddf42a469e7 New version: ClimaAtmos v0.42.5 (#164489)
[36m[1m    Checking[0m for new Julia versions
'lts' is already installed.
     Cloning registry from "timetravel_registry/General"
       Added registry `General` to `/workdir/depot/registries/General`
