From https://github.com/JuliaRegistries/General
 - [deleted]                 (none)     -> origin/registrator-hypre64_jll-5bee2580-v3.1.0+1-106772cc46
 - [deleted]                 (none)     -> origin/registrator-pocl_standalone_jll-54f56a70-v7.1.3+0-3664c0dd1a
 - [deleted]                 (none)     -> origin/registrator-tarang-3caadacf-v1.0.44-81d347ab35
   a2389d72b26..995cf979779  master                                               -> origin/master
 * [new branch]              registrator-datamanifest-b8ee69ef-v0.33.1-52414c98aa -> origin/registrator-datamanifest-b8ee69ef-v0.33.1-52414c98aa
 * [new branch]              registrator-datamanifest-b8ee69ef-v0.34.0-52414c98aa -> origin/registrator-datamanifest-b8ee69ef-v0.34.0-52414c98aa
Expanding reachable commits in commit graph: 149765Expanding reachable commits in commit graph: 156620, done.
Switched to branch 'master'
From https://github.com/JuliaRegistries/General
 * branch                    master     -> FETCH_HEAD
Note: switching to '995cf97977936c05f4b27f92754637595601c171'.

You are in 'detached HEAD' state. You can look around, make experimental
changes and commit them, and you can discard any commits you make in this
state without impacting any branches by switching back to a branch.

If you want to create a new branch to retain commits you create, you may
do so (now or later) by using -c with the switch command. Example:

  git switch -c <new-branch-name>

Or undo this operation with:

  git switch -

Turn off this advice by setting config variable advice.detachedHead to false

HEAD is now at 995cf979779 New version: SpeedyWeather v0.21.1 (#158150)
'nightly' is already installed.
     Cloning registry from "timetravel_registry/General"
       Added registry `General` to `/workdir/depot/registries/General`
