From https://github.com/JuliaRegistries/General
 - [deleted]                 (none)     -> origin/registrator-compair-4888ff1c-v1.2.0-4100ffa9e4
 - [deleted]                 (none)     -> origin/registrator-datamanifest-b8ee69ef-v0.10.1-52414c98aa
 - [deleted]                 (none)     -> origin/registrator-nqcdynamics-36248dfb-v1.0.3-01be2b9e30
 - [deleted]                 (none)     -> origin/registrator-picturashapes-1e37758b-v0.1.0-832f4c2b45
 - [deleted]                 (none)     -> origin/registrator-trixiatmo-c9ed1054-v0.1.3-0916105d1d
 - [deleted]                 (none)     -> origin/registrator-xlsxdecrypt-e3fae58b-v0.1.0-f51e27deaf
   03e33f2742c..ce0fa29555a  master                                                            -> origin/master
 * [new branch]              registrator-finufft-d8beea63-v3.5.1-78fbdeee8b                    -> origin/registrator-finufft-d8beea63-v3.5.1-78fbdeee8b
 * [new branch]              registrator-hexfits-1465c6e1-v0.1.1-9b3d3cbee4                    -> origin/registrator-hexfits-1465c6e1-v0.1.1-9b3d3cbee4
 * [new branch]              registrator-juliainterpreter-aa1ae85d-v0.10.11-59f521142d         -> origin/registrator-juliainterpreter-aa1ae85d-v0.10.11-59f521142d
 * [new branch]              registrator-mlthermoproperties-5b10a24f-v0.1.0-c7dad48d2d         -> origin/registrator-mlthermoproperties-5b10a24f-v0.1.0-c7dad48d2d
 * [new branch]              registrator-nnkernels-1409a70c-v0.2.0-b9a4069d20                  -> origin/registrator-nnkernels-1409a70c-v0.2.0-b9a4069d20
 * [new branch]              registrator-ordinarydiffeqcore-bbf590c4-v3.23.0-6cf15beefb        -> origin/registrator-ordinarydiffeqcore-bbf590c4-v3.23.0-6cf15beefb
 * [new branch]              registrator-polyharmonictrigtransforms-c853eca7-v0.1.0-48ad4e81c2 -> origin/registrator-polyharmonictrigtransforms-c853eca7-v0.1.0-48ad4e81c2
 * [new branch]              registrator-structuralsearchmodels-3afe5679-v0.1.0-7acd53ff97     -> origin/registrator-structuralsearchmodels-3afe5679-v0.1.0-7acd53ff97
 * [new branch]              registrator-structuretensor-e8f2c1a0-v0.1.0-4b7ff919c4            -> origin/registrator-structuretensor-e8f2c1a0-v0.1.0-4b7ff919c4
 * [new branch]              registrator-tracywidombeta-2ad872f3-v1.0.2-3db30aa98c             -> origin/registrator-tracywidombeta-2ad872f3-v1.0.2-3db30aa98c
 * [new branch]              registrator-xrationals-f354a88b-v0.1.0-9baf75b50f                 -> origin/registrator-xrationals-f354a88b-v0.1.0-9baf75b50f
Switched to branch 'master'
From https://github.com/JuliaRegistries/General
 * branch                    master     -> FETCH_HEAD
Note: switching to 'ce0fa29555a23139304e4099a8cfad2571259096'.

You are in 'detached HEAD' state. You can look around, make experimental
changes and commit them, and you can discard any commits you make in this
state without impacting any branches by switching back to a branch.

If you want to create a new branch to retain commits you create, you may
do so (now or later) by using -c with the switch command. Example:

  git switch -c <new-branch-name>

Or undo this operation with:

  git switch -

Turn off this advice by setting config variable advice.detachedHead to false

HEAD is now at ce0fa29555a New version: PowerSystems v5.6.0 (#150745)
[36m[1m    Checking[0m for new Julia versions
'lts' is already installed.
     Cloning registry from "timetravel_registry/General"
       Added registry `General` to `/workdir/depot/registries/General`
