From https://github.com/JuliaRegistries/General
 - [deleted]                 (none)     -> origin/registrator-juliaworkspaces-e554591c-v13.4.1-c472613d9b
   ddee68a2559..eadd952ca15  master                                           -> origin/master
 * [new branch]              registrator-fhist-68837c9b-v0.12.1-684e49305f    -> origin/registrator-fhist-68837c9b-v0.12.1-684e49305f
 + 85555f149d2...d879b2099d9 registrator-pcximages-411fd99a-v0.1.0-8e0fa93ca3 -> origin/registrator-pcximages-411fd99a-v0.1.0-8e0fa93ca3  (forced update)
Expanding reachable commits in commit graph: 145374Expanding reachable commits in commit graph: 166236, done.
Switched to branch 'master'
From https://github.com/JuliaRegistries/General
 * branch                    master     -> FETCH_HEAD
Note: switching to 'eadd952ca15221595691fef726ab861d2f873855'.

You are in 'detached HEAD' state. You can look around, make experimental
changes and commit them, and you can discard any commits you make in this
state without impacting any branches by switching back to a branch.

If you want to create a new branch to retain commits you create, you may
do so (now or later) by using -c with the switch command. Example:

  git switch -c <new-branch-name>

Or undo this operation with:

  git switch -

Turn off this advice by setting config variable advice.detachedHead to false

HEAD is now at eadd952ca15 New version: JuliaWorkspaces v13.4.1 (#168076)
[36m[1m    Checking[0m for new Julia versions
'1.13.0' is already installed.
     Cloning registry from "timetravel_registry/General"
       Added registry `General` to `/workdir/depot/registries/General`
