From https://github.com/JuliaRegistries/General
   c94b228a756..7b511f2213d  master                                         -> origin/master
 * [new branch]              registrator-gridap-56d4f2e9-v0.20.0-02a6f61ea6 -> origin/registrator-gridap-56d4f2e9-v0.20.0-02a6f61ea6
Switched to branch 'master'
From https://github.com/JuliaRegistries/General
 * branch                    master     -> FETCH_HEAD
Note: switching to '7b511f2213df84e09fef618ddeaffc4b8fee62c7'.

You are in 'detached HEAD' state. You can look around, make experimental
changes and commit them, and you can discard any commits you make in this
state without impacting any branches by switching back to a branch.

If you want to create a new branch to retain commits you create, you may
do so (now or later) by using -c with the switch command. Example:

  git switch -c <new-branch-name>

Or undo this operation with:

  git switch -

Turn off this advice by setting config variable advice.detachedHead to false

HEAD is now at 7b511f2213d New version: PhaseSpaceTools v1.0.7 (#150666)
[36m[1m    Checking[0m for new Julia versions
'alpha' is already installed.
     Cloning registry from "timetravel_registry/General"
       Added registry `General` to `/workdir/depot/registries/General`
