From https://github.com/JuliaRegistries/General
 - [deleted]                 (none)     -> origin/dependabot/github_actions/actions/checkout-7.0.1
 - [deleted]                 (none)     -> origin/dependabot/github_actions/actions/stale-11.0.0
 - [deleted]                 (none)     -> origin/dependabot/github_actions/julia-actions/cache-3.2.0
 - [deleted]                 (none)     -> origin/registrator-calc-221dce02-v0.2.0-cf4d6b2d1e
 - [deleted]                 (none)     -> origin/registrator-californiabightnitrate-5797ec1b-v0.1.0-3427284e20
 - [deleted]                 (none)     -> origin/registrator-circuitscape-2b7a1792-v6.1.0-5565c01803
 - [deleted]                 (none)     -> origin/registrator-cookiemonster-75086921-v0.1.0-e6c70e9ecd
 - [deleted]                 (none)     -> origin/registrator-curl_jll-b21e61f3-v8.22.0+0-e8d75d98f9
 - [deleted]                 (none)     -> origin/registrator-cytoscapejs-5d7a634b-v0.1.0-1ba9f1d568
 - [deleted]                 (none)     -> origin/registrator-datadecimals-3e2245cb-v1.0.0-08107742f5
 - [deleted]                 (none)     -> origin/registrator-datastrings-48204bd6-v1.0.0-a20aa8d51a
 - [deleted]                 (none)     -> origin/registrator-durations-41ac09f5-v1.0.0-72e266fb9f
 - [deleted]                 (none)     -> origin/registrator-fittoolbox-40b204b9-v0.1.0-4245f70c6b
 - [deleted]                 (none)     -> origin/registrator-mysql-39abe10b-v1.5.3-d5563062d0
 - [deleted]                 (none)     -> origin/registrator-petscdiffeq-0a65194f-v0.1.0-ccdd8ee216
 - [deleted]                 (none)     -> origin/registrator-piste-f69a1a94-v0.1.0-ae78937010
 - [deleted]                 (none)     -> origin/registrator-poincaredisk-37d8f618-v0.1.0-8cf1f71992
 - [deleted]                 (none)     -> origin/registrator-semverchecker-6d5f8b7a-v1.0.0-ed839097b3
 - [deleted]                 (none)     -> origin/registrator-thrusterhelper-b3e1a4c2-v0.2.0-0c47b5eea4
   9fa8a872b24..1fff13ff73a  master                                                         -> origin/master
 + 5ebfafcf2a5...eeac92b9cf0 registrator-duckietown-b9206cf4-v0.1.0-f0ff494fe0              -> origin/registrator-duckietown-b9206cf4-v0.1.0-f0ff494fe0  (forced update)
 * [new branch]              registrator-ensemblemcmc-ee15a35a-v0.0.1-dc7cc99a74            -> origin/registrator-ensemblemcmc-ee15a35a-v0.0.1-dc7cc99a74
 * [new branch]              registrator-examodelscollocation-806a8761-v0.1.0-aafec3aee5    -> origin/registrator-examodelscollocation-806a8761-v0.1.0-aafec3aee5
 * [new branch]              registrator-exprgraphexplorer-c9fc7d07-v0.1.0-7d0a76c0d0       -> origin/registrator-exprgraphexplorer-c9fc7d07-v0.1.0-7d0a76c0d0
 * [new branch]              registrator-gausschebyshevfracture-3ef21536-v0.1.0-d9e203bacc  -> origin/registrator-gausschebyshevfracture-3ef21536-v0.1.0-d9e203bacc
 * [new branch]              registrator-gausschebyshevfracture-3ef21536-v1.0.0-d9e203bacc  -> origin/registrator-gausschebyshevfracture-3ef21536-v1.0.0-d9e203bacc
 + 63cc8aaa7f4...fdcc70799bc registrator-gmrfextremes-f0f2715e-v0.1.0-c8dacb5860            -> origin/registrator-gmrfextremes-f0f2715e-v0.1.0-c8dacb5860  (forced update)
 + af3f45aa885...ee02ce2da0e registrator-gridaptrilinos-fd8928cd-v0.1.0-123103a694          -> origin/registrator-gridaptrilinos-fd8928cd-v0.1.0-123103a694  (forced update)
 * [new branch]              registrator-immutablerngs-ad1fb2a1-v0.0.1-bb3ec4a23f           -> origin/registrator-immutablerngs-ad1fb2a1-v0.0.1-bb3ec4a23f
 * [new branch]              registrator-interfacereconstruction-4d4e2a06-v0.1.0-d7dcb3fdcb -> origin/registrator-interfacereconstruction-4d4e2a06-v0.1.0-d7dcb3fdcb
 * [new branch]              registrator-irlib-4d4e2a06-v0.1.0-9c0aaa91ec                   -> origin/registrator-irlib-4d4e2a06-v0.1.0-9c0aaa91ec
 * [new branch]              registrator-lineartrees-8dcaa25b-v0.0.1-8260c2aa99             -> origin/registrator-lineartrees-8dcaa25b-v0.0.1-8260c2aa99
 * [new branch]              registrator-manifoldmeshes-d2a7aed9-v0.7.0-3ff64a5a3b          -> origin/registrator-manifoldmeshes-d2a7aed9-v0.7.0-3ff64a5a3b
 * [new branch]              registrator-materialcolors-3927ea69-v0.1.0-6b6dac6dc9          -> origin/registrator-materialcolors-3927ea69-v0.1.0-6b6dac6dc9
 * [new branch]              registrator-materialdesigncolors-3927ea69-v0.1.0-adebafc131    -> origin/registrator-materialdesigncolors-3927ea69-v0.1.0-adebafc131
 * [new branch]              registrator-mathchecker-9e940fde-v0.2.1-c78cec161f             -> origin/registrator-mathchecker-9e940fde-v0.2.1-c78cec161f
 * [new branch]              registrator-mathchecker-9e940fde-v1.0.0-c78cec161f             -> origin/registrator-mathchecker-9e940fde-v1.0.0-c78cec161f
 * [new branch]              registrator-mobiustransformations-4b09bada-v0.1.0-7d06004354   -> origin/registrator-mobiustransformations-4b09bada-v0.1.0-7d06004354
 + 437e2f4264c...2b1f645b0df registrator-multinomialprobit-cecf09a0-v0.1.0-c8dacb5860       -> origin/registrator-multinomialprobit-cecf09a0-v0.1.0-c8dacb5860  (forced update)
 * [new branch]              registrator-neuroformats-3448aec0-v0.4.0-fe166e1825            -> origin/registrator-neuroformats-3448aec0-v0.4.0-fe166e1825
 * [new branch]              registrator-obis-bf4f0d90-v0.1.0-a4a50fc2dd                    -> origin/registrator-obis-bf4f0d90-v0.1.0-a4a50fc2dd
 * [new branch]              registrator-obisclient-bf4f0d90-v0.1.0-49ec8f014e              -> origin/registrator-obisclient-bf4f0d90-v0.1.0-49ec8f014e
 * [new branch]              registrator-oceanbiome-a49af516-v0.18.6-022ed38623             -> origin/registrator-oceanbiome-a49af516-v0.18.6-022ed38623
 * [new branch]              registrator-oceanbis-bf4f0d90-v0.1.0-ca72334e28                -> origin/registrator-oceanbis-bf4f0d90-v0.1.0-ca72334e28
 * [new branch]              registrator-parallelmanager-be946ad2-v0.4.7-3296e1cde1         -> origin/registrator-parallelmanager-be946ad2-v0.4.7-3296e1cde1
 * [new branch]              registrator-paulimorphic-376270d6-v0.1.0-6d9982cdcc            -> origin/registrator-paulimorphic-376270d6-v0.1.0-6d9982cdcc
 * [new branch]              registrator-phylopicmakie-29f7fcc2-v0.1.0-6f3ab9ba16           -> origin/registrator-phylopicmakie-29f7fcc2-v0.1.0-6f3ab9ba16
 * [new branch]              registrator-pinax-e782a80a-v0.1.0-8c9309ba1e                   -> origin/registrator-pinax-e782a80a-v0.1.0-8c9309ba1e
 + a5a83cb4f2b...aa04bbdd4fd registrator-polyseries-6f3fcde8-v0.9.0-19de8a1d4d              -> origin/registrator-polyseries-6f3fcde8-v0.9.0-19de8a1d4d  (forced update)
 * [new branch]              registrator-similaritysearch-053f045d-v1.4.0-cbb4c96dcb        -> origin/registrator-similaritysearch-053f045d-v1.4.0-cbb4c96dcb
 * [new branch]              registrator-sweeprunner-be946ad2-v0.5.0-eefe0a9087             -> origin/registrator-sweeprunner-be946ad2-v0.5.0-eefe0a9087
 * [new branch]              registrator-sweeprunner-be946ad2-v0.6.0-eefe0a9087             -> origin/registrator-sweeprunner-be946ad2-v0.6.0-eefe0a9087
 * [new branch]              registrator-systemsofsystems-444f41de-v1.0.0-0af320789d        -> origin/registrator-systemsofsystems-444f41de-v1.0.0-0af320789d
 * [new branch]              registrator-tethers-9fc261b7-v1.2.3-b09d56ffe6                 -> origin/registrator-tethers-9fc261b7-v1.2.3-b09d56ffe6
 * [new branch]              sf/revert_lazy_jll                                             -> origin/sf/revert_lazy_jll
Expanding reachable commits in commit graph: 146249Expanding reachable commits in commit graph: 165754, done.
Switched to branch 'master'
From https://github.com/JuliaRegistries/General
 * branch                    master     -> FETCH_HEAD
Note: switching to '1fff13ff73a6dac93163c34285863b96ae2beb53'.

You are in 'detached HEAD' state. You can look around, make experimental
changes and commit them, and you can discard any commits you make in this
state without impacting any branches by switching back to a branch.

If you want to create a new branch to retain commits you create, you may
do so (now or later) by using -c with the switch command. Example:

  git switch -c <new-branch-name>

Or undo this operation with:

  git switch -

Turn off this advice by setting config variable advice.detachedHead to false

HEAD is now at 1fff13ff73a New version: BigRiverEssence v0.1.1 (#167583)
[36m[1m    Checking[0m for new Julia versions
'lts' is already installed.
     Cloning registry from "timetravel_registry/General"
       Added registry `General` to `/workdir/depot/registries/General`
