From https://github.com/JuliaRegistries/General
 - [deleted]                 (none)     -> origin/compathelper/new_version/2026-08-15-00-07-16-646-02055241487
 - [deleted]                 (none)     -> origin/dependabot/github_actions/julia-actions/cache-3.3.0
 - [deleted]                 (none)     -> origin/registrator-factormvnormalcdf-dc2c6f2d-v0.1.0-c8dacb5860
 - [deleted]                 (none)     -> origin/registrator-globalregridding-76847d5f-v0.1.0-f72d13ce9b
 - [deleted]                 (none)     -> origin/registrator-igblast-0b79348f-v0.0.9-685260d3cb
 - [deleted]                 (none)     -> origin/registrator-keynublicensedongle-8f1d5c7e-v1.1.1-a278801078
 - [deleted]                 (none)     -> origin/registrator-oceanbiome-a49af516-v0.18.4-022ed38623
 - [deleted]                 (none)     -> origin/registrator-optimizationalgorithmanalysis-baa24b6d-v0.1.0-5a4a7d2cc7
 - [deleted]                 (none)     -> origin/registrator-xkcdmakie-ef1f67d4-v0.1.0-d9f2988e30
 - [deleted]                 (none)     -> origin/update_manifests/single_pr/all_manifests
   8c3b3fdea05..f65a28de4c0  master                                                               -> origin/master
 * [new branch]              registrator-acousticscattering-37bc0722-v0.1.1-26f795c58c            -> origin/registrator-acousticscattering-37bc0722-v0.1.1-26f795c58c
 * [new branch]              registrator-astroroutines-4f255373-v0.1.0-d861d9889d                 -> origin/registrator-astroroutines-4f255373-v0.1.0-d861d9889d
 * [new branch]              registrator-bloomevents-30d135c3-v0.1.0-11e6da9af1                   -> origin/registrator-bloomevents-30d135c3-v0.1.0-11e6da9af1
 * [new branch]              registrator-bssunfold-7c4f9e3a-v0.4.0-1e63a1fa77                     -> origin/registrator-bssunfold-7c4f9e3a-v0.4.0-1e63a1fa77
 * [new branch]              registrator-casadireader-ef5a11f6-v0.2.2-1079ca7142                  -> origin/registrator-casadireader-ef5a11f6-v0.2.2-1079ca7142
 * [new branch]              registrator-conicip-d92ec50d-v0.6.0-da42d1e705                       -> origin/registrator-conicip-d92ec50d-v0.6.0-da42d1e705
 * [new branch]              registrator-daisho-0095e6a3-v0.2.0-aac6ddecde                        -> origin/registrator-daisho-0095e6a3-v0.2.0-aac6ddecde
 * [new branch]              registrator-dynamicpanelmodels-2feff84d-v0.4.0-c348adf5e0            -> origin/registrator-dynamicpanelmodels-2feff84d-v0.4.0-c348adf5e0
 + 6f22b0cbf9b...53271576652 registrator-frostlake-40092d52-v0.1.0-db3e329201                     -> origin/registrator-frostlake-40092d52-v0.1.0-db3e329201  (forced update)
 * [new branch]              registrator-harmonicorthogonalpolynomials-e416a80e-v0.8.3-3ad5e0efd2 -> origin/registrator-harmonicorthogonalpolynomials-e416a80e-v0.8.3-3ad5e0efd2
 * [new branch]              registrator-lmfdblite-d66269b8-v0.2.0-a353a8896f                     -> origin/registrator-lmfdblite-d66269b8-v0.2.0-a353a8896f
 * [new branch]              registrator-luxzarr-8da8d8e8-v0.1.0-b3eeec946a                       -> origin/registrator-luxzarr-8da8d8e8-v0.1.0-b3eeec946a
 + 19856942097...cfc17e477fb registrator-mermaidcallgraph-7b7e2762-v0.1.0-1d53a234a8              -> origin/registrator-mermaidcallgraph-7b7e2762-v0.1.0-1d53a234a8  (forced update)
 * [new branch]              registrator-modularsystems-2d7e785c-v0.1.0-561792f4e6                -> origin/registrator-modularsystems-2d7e785c-v0.1.0-561792f4e6
 * [new branch]              registrator-nearlyisotonicregression-8ffeb364-v0.1.0-7f79bf40f8      -> origin/registrator-nearlyisotonicregression-8ffeb364-v0.1.0-7f79bf40f8
 * [new branch]              registrator-oceanbiome-a49af516-v0.18.9-022ed38623                   -> origin/registrator-oceanbiome-a49af516-v0.18.9-022ed38623
 * [new branch]              registrator-petscdiffeq-0a65194f-v0.2.0-ccdd8ee216                   -> origin/registrator-petscdiffeq-0a65194f-v0.2.0-ccdd8ee216
 * [new branch]              registrator-piste-f69a1a94-v0.3.0-ae78937010                         -> origin/registrator-piste-f69a1a94-v0.3.0-ae78937010
 * [new branch]              registrator-practicalmechanicalsimulation-13f7075a-v0.1.0-c77d19dbc3 -> origin/registrator-practicalmechanicalsimulation-13f7075a-v0.1.0-c77d19dbc3
 * [new branch]              registrator-quantumtoolboxvisual-f2591f1c-v0.1.0-991a495257          -> origin/registrator-quantumtoolboxvisual-f2591f1c-v0.1.0-991a495257
 * [new branch]              registrator-radiativeviewfactor-27b7fd98-v0.6.3-d24e9134da           -> origin/registrator-radiativeviewfactor-27b7fd98-v0.6.3-d24e9134da
 + 02c96319a52...3184d5862a1 registrator-reobiomarker-ba2ce5d3-v0.1.0-9ed5e8bc8c                  -> origin/registrator-reobiomarker-ba2ce5d3-v0.1.0-9ed5e8bc8c  (forced update)
 * [new branch]              registrator-stiles-21d9f770-v2026.9.4-bfd2cbf48d                     -> origin/registrator-stiles-21d9f770-v2026.9.4-bfd2cbf48d
 + 1845cbfe928...b86806d8e1a registrator-trustregionleastsquares-21ca2098-v0.1.0-a45cd9ad78       -> origin/registrator-trustregionleastsquares-21ca2098-v0.1.0-a45cd9ad78  (forced update)
 * [new branch]              registrator-zarrcore-77f5b75c-v0.11.0-81ab62b3b7                     -> origin/registrator-zarrcore-77f5b75c-v0.11.0-81ab62b3b7
Expanding reachable commits in commit graph: 137593Expanding reachable commits in commit graph: 166698, done.
Switched to branch 'master'
From https://github.com/JuliaRegistries/General
 * branch                    master     -> FETCH_HEAD
Note: switching to 'f65a28de4c0cb3743f3475bdb07a9ed5fcfa22da'.

You are in 'detached HEAD' state. You can look around, make experimental
changes and commit them, and you can discard any commits you make in this
state without impacting any branches by switching back to a branch.

If you want to create a new branch to retain commits you create, you may
do so (now or later) by using -c with the switch command. Example:

  git switch -c <new-branch-name>

Or undo this operation with:

  git switch -

Turn off this advice by setting config variable advice.detachedHead to false

HEAD is now at f65a28de4c0 New version: SpaceStation v0.8.1 (#168554)
[36m[1m    Checking[0m for new Julia versions
'lts' is already installed.
     Cloning registry from "timetravel_registry/General"
       Added registry `General` to `/workdir/depot/registries/General`
