From https://github.com/JuliaRegistries/General
 - [deleted]                 (none)     -> origin/registrator-funicular-7ea9c160-v0.3.0-2e39e124ab
 - [deleted]                 (none)     -> origin/registrator-glyphectoplasm-8227acd8-v0.3.61-f700bb103c
 - [deleted]                 (none)     -> origin/registrator-ordinarydiffeqlinear-521117fe-v2.1.2-6cf15beefb
   ec8c9820589..495d9398f62  master                                                  -> origin/master
 * [new branch]              registrator-imguitestengine-464e2eba-v2.0.0-d96bcbef37  -> origin/registrator-imguitestengine-464e2eba-v2.0.0-d96bcbef37
 * [new branch]              registrator-julialibwrapping-d61f35a8-v0.1.2-9b1d16c9e7 -> origin/registrator-julialibwrapping-d61f35a8-v0.1.2-9b1d16c9e7
Expanding reachable commits in commit graph: 144057Expanding reachable commits in commit graph: 163402, done.
Switched to branch 'master'
From https://github.com/JuliaRegistries/General
 * branch                    master     -> FETCH_HEAD
Note: switching to '495d9398f62d46f7485b98cd9228fe73a4e29a5a'.

You are in 'detached HEAD' state. You can look around, make experimental
changes and commit them, and you can discard any commits you make in this
state without impacting any branches by switching back to a branch.

If you want to create a new branch to retain commits you create, you may
do so (now or later) by using -c with the switch command. Example:

  git switch -c <new-branch-name>

Or undo this operation with:

  git switch -

Turn off this advice by setting config variable advice.detachedHead to false

HEAD is now at 495d9398f62 New version: DocumenterCodeBlocks v1.4.0 (#165175)
'nightly' is already installed.
     Cloning registry from "timetravel_registry/General"
       Added registry `General` to `/workdir/depot/registries/General`
