From https://github.com/JuliaRegistries/General
 - [deleted]                 (none)     -> origin/registrator-ansiescapes-4e1dc58e-v0.1.0-b06078b3cc
 - [deleted]                 (none)     -> origin/registrator-deconvoptim-03e7cd2f-v0.8.0-c15c5877ee
 - [deleted]                 (none)     -> origin/registrator-nlsolversbase-d41bc354-v8.0.0-9f54d1f0a8
 - [deleted]                 (none)     -> origin/registrator-tensorkitadapters-365c3f09-v0.1.0-2db4ed6518
 - [deleted]                 (none)     -> origin/registrator-testpickermcpserver-63d7f14d-v0.1.0-90cf7746ec
 - [deleted]                 (none)     -> origin/registrator-trackingloopfilters-0814aff9-v0.2.0-7720eea2e7
   ff5253a4b5b..06411a14554  master                                                  -> origin/master
 * [new branch]              registrator-glossaries-8f48dd54-v0.1.0-917b2edeba       -> origin/registrator-glossaries-8f48dd54-v0.1.0-917b2edeba
 * [new branch]              registrator-langdock-6ddf539a-v0.1.2-5ffc821c26         -> origin/registrator-langdock-6ddf539a-v0.1.2-5ffc821c26
 * [new branch]              registrator-mriresearchtools-557dad86-v3.3.4-203efd8f70 -> origin/registrator-mriresearchtools-557dad86-v3.3.4-203efd8f70
 * [new branch]              registrator-radiant-b26cd056-v1.1.4-c51aed34d7          -> origin/registrator-radiant-b26cd056-v1.1.4-c51aed34d7
 * [new branch]              registrator-romeo-1ea8258b-v1.3.4-e6a1eae825            -> origin/registrator-romeo-1ea8258b-v1.3.4-e6a1eae825
Switched to branch 'master'
From https://github.com/JuliaRegistries/General
 * branch                    master     -> FETCH_HEAD
Note: switching to '06411a14554dbf7dbaaa5d534fe3a1e3362dba65'.

You are in 'detached HEAD' state. You can look around, make experimental
changes and commit them, and you can discard any commits you make in this
state without impacting any branches by switching back to a branch.

If you want to create a new branch to retain commits you create, you may
do so (now or later) by using -c with the switch command. Example:

  git switch -c <new-branch-name>

Or undo this operation with:

  git switch -

Turn off this advice by setting config variable advice.detachedHead to false

HEAD is now at 06411a14554 New version: PolyDAQP v0.3.7 (#145767)
[36m[1m    Checking[0m for new Julia versions
'lts' is already installed.
     Cloning registry from "timetravel_registry/General"
       Added registry `General` to `/workdir/depot/registries/General`
