From https://github.com/JuliaRegistries/General
 * [new branch]              registrator-stochasticgene-a2598c62-v1.10.1-e7518318ba -> origin/registrator-stochasticgene-a2598c62-v1.10.1-e7518318ba
Expanding reachable commits in commit graph: 149816Expanding reachable commits in commit graph: 153732, done.
Switched to branch 'master'
From https://github.com/JuliaRegistries/General
 * branch                    master     -> FETCH_HEAD
   035f24e8f88..5799cf9c13d  master     -> origin/master
Note: switching to '5799cf9c13d4118e32348ac99f55e4df35bb5844'.

You are in 'detached HEAD' state. You can look around, make experimental
changes and commit them, and you can discard any commits you make in this
state without impacting any branches by switching back to a branch.

If you want to create a new branch to retain commits you create, you may
do so (now or later) by using -c with the switch command. Example:

  git switch -c <new-branch-name>

Or undo this operation with:

  git switch -

Turn off this advice by setting config variable advice.detachedHead to false

HEAD is now at 5799cf9c13d New version: StochasticGene v1.10.1 (#155052)
[36m[1m    Checking[0m for new Julia versions
'release' is already installed.
Precompiling packages...
  76286.7 ms  ✓ Pkg (serial)
  1 dependency successfully precompiled in 76 seconds
     Cloning registry from "timetravel_registry/General"
       Added registry `General` to `/workdir/depot/registries/General`
