From https://github.com/JuliaRegistries/General
 - [deleted]                 (none)     -> origin/registrator-compilersupportlibraries_jll-e66e0078-v0.5.4+1-01aac63691
 - [deleted]                 (none)     -> origin/registrator-compilersupportlibraries_jll-e66e0078-v1.2.0+1-01aac63691
 - [deleted]                 (none)     -> origin/registrator-phreeqcrm-b7df18da-v0.1.0-e980d2c5dd
   0552b0b2bed..eb9cfceb675  master                                                                -> origin/master
 * [new branch]              registrator-atomicchannels-44ab9252-v1.0.0-6e748f4d33                 -> origin/registrator-atomicchannels-44ab9252-v1.0.0-6e748f4d33
 * [new branch]              registrator-compilersupportlibraries_jll-e66e0078-v1.5.0+0-01aac63691 -> origin/registrator-compilersupportlibraries_jll-e66e0078-v1.5.0+0-01aac63691
 + 11ba6d6ab8e...e29a649824b registrator-informationgeometry-ee9d1287-v1.25.9-d53bc16c03           -> origin/registrator-informationgeometry-ee9d1287-v1.25.9-d53bc16c03  (forced update)
Expanding reachable commits in commit graph: 143851Expanding reachable commits in commit graph: 152482, done.
Switched to branch 'master'
From https://github.com/JuliaRegistries/General
 * branch                    master     -> FETCH_HEAD
   eb9cfceb675..a5502b2ff6c  master     -> origin/master
Note: switching to 'a5502b2ff6c8d50866d732aaede9fb049f154411'.

You are in 'detached HEAD' state. You can look around, make experimental
changes and commit them, and you can discard any commits you make in this
state without impacting any branches by switching back to a branch.

If you want to create a new branch to retain commits you create, you may
do so (now or later) by using -c with the switch command. Example:

  git switch -c <new-branch-name>

Or undo this operation with:

  git switch -

Turn off this advice by setting config variable advice.detachedHead to false

HEAD is now at a5502b2ff6c New version: InformationGeometry v1.25.9 (#153714)
[36m[1m    Checking[0m for new Julia versions
'alpha' is already installed.
     Cloning registry from "timetravel_registry/General"
       Added registry `General` to `/workdir/depot/registries/General`
