From https://github.com/JuliaRegistries/General
 - [deleted]                 (none)     -> origin/registrator-cloudmicrophysics-6a9e3e04-v0.34.0-d53f47ebcc
 - [deleted]                 (none)     -> origin/registrator-genqo-75f83073-v1.1.0-32efdd3e67
 - [deleted]                 (none)     -> origin/registrator-inphynet-7d272db0-v1.0.2-50bb92eca0
 - [deleted]                 (none)     -> origin/registrator-modelingtoolkitparameters-d96c1b6d-v0.4.3-da7e5e842f
 * [new branch]              dpa/lightosm-transfer                              -> origin/dpa/lightosm-transfer
   f2c9aff9e4a..7e4a1f68e86  master                                             -> origin/master
 * [new branch]              registrator-inphynet-7d272db0-v1.0.3-50bb92eca0    -> origin/registrator-inphynet-7d272db0-v1.0.3-50bb92eca0
 * [new branch]              registrator-matchpy-1750cefb-v1.0.0-faf835de2b     -> origin/registrator-matchpy-1750cefb-v1.0.0-faf835de2b
 * [new branch]              registrator-xraylabtool-df3fe04d-v0.7.1-75d4641a44 -> origin/registrator-xraylabtool-df3fe04d-v0.7.1-75d4641a44
 * [new branch]              registrator-xraylabtool-df3fe04d-v0.7.1-ea3e00c2ae -> origin/registrator-xraylabtool-df3fe04d-v0.7.1-ea3e00c2ae
Switched to branch 'master'
From https://github.com/JuliaRegistries/General
 * branch                    master     -> FETCH_HEAD
Note: switching to '2528386afb56d1f03d29c918dffd0b7dbc33b7c1'.

You are in 'detached HEAD' state. You can look around, make experimental
changes and commit them, and you can discard any commits you make in this
state without impacting any branches by switching back to a branch.

If you want to create a new branch to retain commits you create, you may
do so (now or later) by using -c with the switch command. Example:

  git switch -c <new-branch-name>

Or undo this operation with:

  git switch -

Turn off this advice by setting config variable advice.detachedHead to false

HEAD is now at 2528386afb5 New version: UnROOT v0.11.4 (#152474)
[36m[1m    Checking[0m for new Julia versions
'1.12.5' is already installed.
     Cloning registry from "timetravel_registry/General"
       Added registry `General` to `/workdir/depot/registries/General`
