From https://github.com/JuliaRegistries/General
 - [deleted]                 (none)     -> origin/registrator-cyscat-d0429bee-v0.1.0-169897cafe
 - [deleted]                 (none)     -> origin/registrator-dsdp-2714ae6b-v0.2.2-17cb8c504e
 - [deleted]                 (none)     -> origin/registrator-qatlas-2bd488d2-v0.16.5-ff473f4bb6
 - [deleted]                 (none)     -> origin/registrator-quasicrystal-7178fac9-v0.5.5-3eaf478ecf
   b645692ec5d..d535b630ca9  master                                                  -> origin/master
 * [new branch]              registrator-parametricbodies-06905c2e-v0.3.3-a90d5830ce -> origin/registrator-parametricbodies-06905c2e-v0.3.3-a90d5830ce
Expanding reachable commits in commit graph: 148842Expanding reachable commits in commit graph: 153029, done.
Switched to branch 'master'
From https://github.com/JuliaRegistries/General
 * branch                    master     -> FETCH_HEAD
Note: switching to 'd535b630ca95e7c44b1f844af0d177fc149ffcb1'.

You are in 'detached HEAD' state. You can look around, make experimental
changes and commit them, and you can discard any commits you make in this
state without impacting any branches by switching back to a branch.

If you want to create a new branch to retain commits you create, you may
do so (now or later) by using -c with the switch command. Example:

  git switch -c <new-branch-name>

Or undo this operation with:

  git switch -

Turn off this advice by setting config variable advice.detachedHead to false

HEAD is now at d535b630ca9 New version: PointSpreadFunctions v0.4.6 (#154319)
[36m[1m    Checking[0m for new Julia versions
'alpha' is already installed.
     Cloning registry from "timetravel_registry/General"
       Added registry `General` to `/workdir/depot/registries/General`
