From https://github.com/JuliaRegistries/General
 - [deleted]                 (none)     -> origin/registrator-catn-422e385e-v0.1.0-0e79a44c92
 - [deleted]                 (none)     -> origin/registrator-energymodelslanguageinterfaces-672bb132-v0.1.0-1f4c924d74
 - [deleted]                 (none)     -> origin/registrator-geometricintegrators-dcce2d33-v0.17.0-06c0981dd8
 - [deleted]                 (none)     -> origin/registrator-neuralampmodeler-9d6748af-v0.0.1-7310ffcef2
 - [deleted]                 (none)     -> origin/registrator-neuralampmodeler-9d6748af-v0.1.0-7310ffcef2
 - [deleted]                 (none)     -> origin/registrator-quasimc-b8e7c4a1-v0.1.0-89b2fe8981
 - [deleted]                 (none)     -> origin/registrator-recurrentlayers-78449bcf-v0.3.10-22bf192575
 - [deleted]                 (none)     -> origin/registrator-s5-47763e6f-v0.1.0-62db9453ec
   b92e504412a..3d6d1919afd  master                                                   -> origin/master
 * [new branch]              registrator-causaldynamics-823b1367-v0.4.1-22e30f5afe    -> origin/registrator-causaldynamics-823b1367-v0.4.1-22e30f5afe
 * [new branch]              registrator-curl_jll-b21e61f3-v8.21.0+0-e8d75d98f9       -> origin/registrator-curl_jll-b21e61f3-v8.21.0+0-e8d75d98f9
 * [new branch]              registrator-curvilineargrids-58b19789-v0.13.3-ce2508e783 -> origin/registrator-curvilineargrids-58b19789-v0.13.3-ce2508e783
 + 7aa2d7b90bd...6259521c102 registrator-juliacheck-7b5e9987-v0.54.1-2576967dc7       -> origin/registrator-juliacheck-7b5e9987-v0.54.1-2576967dc7  (forced update)
 * [new branch]              registrator-ldpcstorage-d46d874d-v0.6.2-a8f1ca31e2       -> origin/registrator-ldpcstorage-d46d874d-v0.6.2-a8f1ca31e2
 * [new branch]              registrator-nonlinearsolve-8913a72c-v4.25.0-ee1c8e8b9c   -> origin/registrator-nonlinearsolve-8913a72c-v4.25.0-ee1c8e8b9c
Expanding reachable commits in commit graph: 146198Expanding reachable commits in commit graph: 161993, done.
Switched to branch 'master'
From https://github.com/JuliaRegistries/General
 * branch                    master     -> FETCH_HEAD
Note: switching to '3d6d1919afd3b1e48ae565781c4b597d15f4543a'.

You are in 'detached HEAD' state. You can look around, make experimental
changes and commit them, and you can discard any commits you make in this
state without impacting any branches by switching back to a branch.

If you want to create a new branch to retain commits you create, you may
do so (now or later) by using -c with the switch command. Example:

  git switch -c <new-branch-name>

Or undo this operation with:

  git switch -

Turn off this advice by setting config variable advice.detachedHead to false

HEAD is now at 3d6d1919afd New version: LinearCombinations v0.5.0 (#163717)
'nightly' is already installed.
     Cloning registry from "timetravel_registry/General"
       Added registry `General` to `/workdir/depot/registries/General`
