From https://github.com/JuliaRegistries/General
 - [deleted]                 (none)     -> origin/registrator-modelingtoolkitbase-7771a370-v1.42.3-388f519a51
 - [deleted]                 (none)     -> origin/registrator-tabulatedquadraturerules-3da39775-v0.9.1-897d76d201
   ec0ec29c6f5..96cc7043742  master                                              -> origin/master
 * [new branch]              registrator-flexichains-4a37a8b9-v0.6.30-8a27c73b94 -> origin/registrator-flexichains-4a37a8b9-v0.6.30-8a27c73b94
 * [new branch]              registrator-reactivemp-a194aa59-v6.3.2-59ed7c1bc4   -> origin/registrator-reactivemp-a194aa59-v6.3.2-59ed7c1bc4
 * [new branch]              registrator-symbolics-0c5d862f-v7.31.2-8dd45946af   -> origin/registrator-symbolics-0c5d862f-v7.31.2-8dd45946af
Expanding reachable commits in commit graph: 147137Expanding reachable commits in commit graph: 159562, done.
Switched to branch 'master'
From https://github.com/JuliaRegistries/General
 * branch                    master     -> FETCH_HEAD
Note: switching to '96cc704374276ad4775bb49568f5ca3cbbf77fef'.

You are in 'detached HEAD' state. You can look around, make experimental
changes and commit them, and you can discard any commits you make in this
state without impacting any branches by switching back to a branch.

If you want to create a new branch to retain commits you create, you may
do so (now or later) by using -c with the switch command. Example:

  git switch -c <new-branch-name>

Or undo this operation with:

  git switch -

Turn off this advice by setting config variable advice.detachedHead to false

HEAD is now at 96cc7043742 New version: Symbolics v7.31.2 (#161195)
[36m[1m    Checking[0m for new Julia versions
'1.12.6' is already installed.
     Cloning registry from "timetravel_registry/General"
       Added registry `General` to `/workdir/depot/registries/General`
