From https://github.com/JuliaRegistries/General
 - [deleted]                 (none)     -> origin/registrator-dalitzplot-d7968580-v0.4.2-6c98c6e159
   63865c0a3c4..6950c369649  master                                            -> origin/master
 + ebaa54e9b3e...fa4767a6197 registrator-marguerite-7cfbf62e-v0.1.0-309c405a2b -> origin/registrator-marguerite-7cfbf62e-v0.1.0-309c405a2b  (forced update)
Expanding reachable commits in commit graph: 105756Expanding reachable commits in commit graph: 148852, done.
Switched to branch 'master'
From https://github.com/JuliaRegistries/General
 * branch                    master     -> FETCH_HEAD
Note: switching to '6950c36964941cbe997e615464d4dba772fe0102'.

You are in 'detached HEAD' state. You can look around, make experimental
changes and commit them, and you can discard any commits you make in this
state without impacting any branches by switching back to a branch.

If you want to create a new branch to retain commits you create, you may
do so (now or later) by using -c with the switch command. Example:

  git switch -c <new-branch-name>

Or undo this operation with:

  git switch -

Turn off this advice by setting config variable advice.detachedHead to false

HEAD is now at 6950c369649 New version: SatelliteToolboxGeomagneticField v1.3.0 (#149888)
[36m[1m    Checking[0m for new Julia versions
'release' is already installed.
Precompiling packages...
 105666.1 ms  ✓ Pkg (serial)
  1 dependency successfully precompiled in 106 seconds
     Cloning registry from "timetravel_registry/General"
       Added registry `General` to `/workdir/depot/registries/General`
