From https://github.com/JuliaRegistries/General
 - [deleted]                 (none)     -> origin/registrator-symbolicnumericintegration-78aadeae-v1.10.0-a075561f2b
   78ce666a889..7b4281fa104  master     -> origin/master
Switched to branch 'master'
From https://github.com/JuliaRegistries/General
 * branch                    master     -> FETCH_HEAD
Note: switching to '7b4281fa104f5e9439e926447d0981b5ae786cf3'.

You are in 'detached HEAD' state. You can look around, make experimental
changes and commit them, and you can discard any commits you make in this
state without impacting any branches by switching back to a branch.

If you want to create a new branch to retain commits you create, you may
do so (now or later) by using -c with the switch command. Example:

  git switch -c <new-branch-name>

Or undo this operation with:

  git switch -

Turn off this advice by setting config variable advice.detachedHead to false

HEAD is now at 7b4281fa104 New version: SciMLStructures v1.10.0 (#146018)
[36m[1m    Checking[0m for new Julia versions
'release' is already installed.
Precompiling packages...
  73344.8 ms  ✓ Pkg (serial)
  1 dependency successfully precompiled in 73 seconds
     Cloning registry from "timetravel_registry/General"
       Added registry `General` to `/workdir/depot/registries/General`
