From https://github.com/JuliaRegistries/General
 - [deleted]                 (none)     -> origin/registrator-fasttransposematrix-1a2a01d2-v0.1.0-fd97c5b247
 - [deleted]                 (none)     -> origin/registrator-macroenergytimereduction-f4afba0d-v0.0.1-44289f82f8
 - [deleted]                 (none)     -> origin/registrator-verybasiccnn2-8e478641-v0.0.1-20df73d358
 - [deleted]                 (none)     -> origin/registrator-wavespectra-9da5bd80-v0.1.0-9a1f3bb039
   4d75609710d..0de10cca532  master                                                -> origin/master
 + 8266f993254...c6552801d06 registrator-blocksqp2-eedde146-v0.1.0-030bcca77a      -> origin/registrator-blocksqp2-eedde146-v0.1.0-030bcca77a  (forced update)
 * [new branch]              registrator-clang_jll-0ee61d77-v15.0.7+12-b1078dde97  -> origin/registrator-clang_jll-0ee61d77-v15.0.7+12-b1078dde97
 * [new branch]              registrator-coolpdlp-9e90bdc5-v0.1.0-650332fd75       -> origin/registrator-coolpdlp-9e90bdc5-v0.1.0-650332fd75
 * [new branch]              registrator-fengine-6144d896-v1.0.0-1e3bc919d5        -> origin/registrator-fengine-6144d896-v1.0.0-1e3bc919d5
 * [new branch]              registrator-llvm_jll-86de99a1-v15.0.7+12-01585c01aa   -> origin/registrator-llvm_jll-86de99a1-v15.0.7+12-01585c01aa
 * [new branch]              registrator-mlir_jll-a70bccb4-v15.0.7+11-9b8373dfc2   -> origin/registrator-mlir_jll-a70bccb4-v15.0.7+11-9b8373dfc2
 * [new branch]              registrator-plutomathinput-4bac68be-v0.3.1-4890163be1 -> origin/registrator-plutomathinput-4bac68be-v0.3.1-4890163be1
 * [new branch]              registrator-reopt-d36ad4e8-v0.57.0-54663fd991         -> origin/registrator-reopt-d36ad4e8-v0.57.0-54663fd991
 * [new branch]              registrator-todofiles-358ed29a-v0.1.0-0301f88b92      -> origin/registrator-todofiles-358ed29a-v0.1.0-0301f88b92
Switched to branch 'master'
From https://github.com/JuliaRegistries/General
 * branch                    master     -> FETCH_HEAD
Note: switching to '0de10cca532c467202044087f1cf05172e91c1dd'.

You are in 'detached HEAD' state. You can look around, make experimental
changes and commit them, and you can discard any commits you make in this
state without impacting any branches by switching back to a branch.

If you want to create a new branch to retain commits you create, you may
do so (now or later) by using -c with the switch command. Example:

  git switch -c <new-branch-name>

Or undo this operation with:

  git switch -

Turn off this advice by setting config variable advice.detachedHead to false

HEAD is now at 0de10cca532 New version: DataGraphs v0.3.12 (#149254)
[36m[1m    Checking[0m for new Julia versions
'lts' is already installed.
     Cloning registry from "timetravel_registry/General"
       Added registry `General` to `/workdir/depot/registries/General`
