From https://github.com/JuliaRegistries/General
 - [deleted]                 (none)     -> origin/registrator-sfemodeling-89b22d97-v1.0.0-545fe05e62
   30ad2391884..ca96789a452  master                                                        -> origin/master
 + b082edd8a8d...fda6268c52e registrator-drillinterface-d92b6104-v0.1.0-f3a8dabda7         -> origin/registrator-drillinterface-d92b6104-v0.1.0-f3a8dabda7  (forced update)
 * [new branch]              registrator-powersystemcasebuilder-f00506e0-v2.2.1-45510f42cc -> origin/registrator-powersystemcasebuilder-f00506e0-v2.2.1-45510f42cc
Switched to branch 'master'
From https://github.com/JuliaRegistries/General
 * branch                    master     -> FETCH_HEAD
Note: switching to 'ca96789a452aa0b8c8c8587ed44ffec8fa93585f'.

You are in 'detached HEAD' state. You can look around, make experimental
changes and commit them, and you can discard any commits you make in this
state without impacting any branches by switching back to a branch.

If you want to create a new branch to retain commits you create, you may
do so (now or later) by using -c with the switch command. Example:

  git switch -c <new-branch-name>

Or undo this operation with:

  git switch -

Turn off this advice by setting config variable advice.detachedHead to false

HEAD is now at ca96789a452 New package: SFEModeling v1.0.0 (#150409)
[36m[1m    Checking[0m for new Julia versions
'release' is already installed.
Precompiling packages...
  73476.7 ms  ✓ Pkg (serial)
  1 dependency successfully precompiled in 74 seconds
     Cloning registry from "timetravel_registry/General"
       Added registry `General` to `/workdir/depot/registries/General`
