nice: cannot set niceness: Permission denied
Precompiling packages...
  73137.2 ms  ✓ Pkg (serial)
  1 dependency successfully precompiled in 73 seconds
Precompiling packages...
   1047.7 ms  ✓ OpenLibm_jll
   1116.9 ms  ✓ StaticArraysCore
   1161.2 ms  ✓ CompilerSupportLibraries_jll
   1220.7 ms  ✓ Unicode
   1341.8 ms  ✓ DocStringExtensions
   1427.0 ms  ✓ Statistics
    819.4 ms  ✓ DiffResults
   1023.4 ms  ✓ Preferences
    690.0 ms  ✓ PrecompileTools
    805.0 ms  ✓ JLLWrappers
   3159.9 ms  ✓ FunctionWrappers
   2376.2 ms  ✓ NaNMath
   2498.3 ms  ✓ Compat
   3725.4 ms  ✓ IrrationalConstants
    829.1 ms  ✓ OpenSpecFun_jll
    418.7 ms  ✓ Compat → CompatLinearAlgebraExt
    623.6 ms  ✓ LogExpFunctions
   4670.1 ms  ✓ MacroTools
    460.6 ms  ✓ CommonSubexpressions
   2130.6 ms  ✓ ChainRulesCore
   2177.4 ms  ✓ SpecialFunctions
    536.3 ms  ✓ DiffRules
   1097.9 ms  ✓ LogExpFunctions → LogExpFunctionsChainRulesCoreExt
   1304.6 ms  ✓ SpecialFunctions → SpecialFunctionsChainRulesCoreExt
   6941.8 ms  ✓ StaticArrays
    498.4 ms  ✓ StaticArrays → StaticArraysStatisticsExt
   3663.3 ms  ✓ ForwardDiff
   1261.8 ms  ✓ StaticArrays → StaticArraysChainRulesCoreExt
    542.0 ms  ✓ ForwardDiff → ForwardDiffStaticArraysExt
  13226.1 ms  ✓ ReverseDiff
  30 dependencies successfully precompiled in 24 seconds. 4 already precompiled.
	Command being timed: "nice -n -10 timeout -k120 -v 3600 julia +release --project=R/ReverseDiff/Gradient-Of-Square-Norm -e using Pkg; @time @eval Pkg.precompile()"
	User time (seconds): 170.80
	System time (seconds): 9.58
	Percent of CPU this job got: 183%
	Elapsed (wall clock) time (h:mm:ss or m:ss): 1:38.35
	Average shared text size (kbytes): 0
	Average unshared data size (kbytes): 0
	Average stack size (kbytes): 0
	Average total size (kbytes): 0
	Maximum resident set size (kbytes): 2134068
	Average resident set size (kbytes): 0
	Major (requiring I/O) page faults: 255
	Minor (reclaiming a frame) page faults: 3298636
	Voluntary context switches: 9716
	Involuntary context switches: 5809
	Swaps: 0
	File system inputs: 0
	File system outputs: 476880
	Socket messages sent: 0
	Socket messages received: 0
	Signals delivered: 0
	Page size (bytes): 4096
	Exit status: 0
