nice: cannot set niceness: Permission denied
Precompiling packages...
    938.2 ms  ✓ OpenLibm_jll
   1007.3 ms  ✓ CompilerSupportLibraries_jll
   1124.9 ms  ✓ StaticArraysCore
   1202.9 ms  ✓ SuiteSparse_jll
   1219.0 ms  ✓ Compat
   1303.1 ms  ✓ DocStringExtensions
   1406.9 ms  ✓ Preferences
   1609.4 ms  ✓ FunctionWrappers
    713.1 ms  ✓ DiffResults
    837.5 ms  ✓ NaNMath
    681.9 ms  ✓ Compat → CompatLinearAlgebraExt
    616.9 ms  ✓ PrecompileTools
    724.7 ms  ✓ JLLWrappers
   2382.5 ms  ✓ IrrationalConstants
    524.7 ms  ✓ OpenSpecFun_jll
    681.2 ms  ✓ LogExpFunctions
   3138.7 ms  ✓ MacroTools
   1367.7 ms  ✓ ChainRulesCore
    405.9 ms  ✓ CommonSubexpressions
    853.5 ms  ✓ LogExpFunctions → LogExpFunctionsChainRulesCoreExt
   3364.3 ms  ✓ SparseArrays
   1919.9 ms  ✓ SpecialFunctions
    414.3 ms  ✓ ChainRulesCore → ChainRulesCoreSparseArraysExt
    514.1 ms  ✓ Statistics
    440.6 ms  ✓ DiffRules
   1017.4 ms  ✓ SpecialFunctions → SpecialFunctionsChainRulesCoreExt
   5154.0 ms  ✓ StaticArrays
    451.5 ms  ✓ StaticArrays → StaticArraysChainRulesCoreExt
   2361.9 ms  ✓ ForwardDiff
    557.3 ms  ✓ StaticArrays → StaticArraysStatisticsExt
    456.4 ms  ✓ ForwardDiff → ForwardDiffStaticArraysExt
   9483.4 ms  ✓ ReverseDiff
  32 dependencies successfully precompiled in 18 seconds
	Command being timed: "nice -n -10 timeout -k120 -v 3600 julia +lts --project=R/ReverseDiff/Gradient-Of-Square-Norm -e using Pkg; @time @eval Pkg.precompile()"
	User time (seconds): 36.85
	System time (seconds): 5.19
	Percent of CPU this job got: 221%
	Elapsed (wall clock) time (h:mm:ss or m:ss): 0:19.00
	Average shared text size (kbytes): 0
	Average unshared data size (kbytes): 0
	Average stack size (kbytes): 0
	Average total size (kbytes): 0
	Maximum resident set size (kbytes): 474560
	Average resident set size (kbytes): 0
	Major (requiring I/O) page faults: 93
	Minor (reclaiming a frame) page faults: 1444783
	Voluntary context switches: 43123
	Involuntary context switches: 1363
	Swaps: 0
	File system inputs: 0
	File system outputs: 170352
	Socket messages sent: 0
	Socket messages received: 0
	Signals delivered: 0
	Page size (bytes): 4096
	Exit status: 0
