nice: cannot set niceness: Permission denied
Precompiling packages...
  74195.6 ms  ✓ Pkg (serial)
  1 dependency successfully precompiled in 74 seconds
Precompiling packages...
    931.5 ms  ✓ OpenLibm_jll
   1013.5 ms  ✓ Unicode
   1044.4 ms  ✓ CompilerSupportLibraries_jll
   1116.0 ms  ✓ StaticArraysCore
   1346.3 ms  ✓ DocStringExtensions
   1539.0 ms  ✓ Statistics
    838.6 ms  ✓ DiffResults
   1197.4 ms  ✓ Preferences
    644.2 ms  ✓ PrecompileTools
    799.8 ms  ✓ JLLWrappers
   3514.0 ms  ✓ FunctionWrappers
   2592.3 ms  ✓ NaNMath
   2636.6 ms  ✓ Compat
   3875.5 ms  ✓ IrrationalConstants
    908.8 ms  ✓ OpenSpecFun_jll
    490.3 ms  ✓ Compat → CompatLinearAlgebraExt
    567.3 ms  ✓ LogExpFunctions
   4883.7 ms  ✓ MacroTools
    468.8 ms  ✓ CommonSubexpressions
   2139.0 ms  ✓ ChainRulesCore
   2286.1 ms  ✓ SpecialFunctions
    537.7 ms  ✓ DiffRules
   1173.2 ms  ✓ LogExpFunctions → LogExpFunctionsChainRulesCoreExt
   1428.4 ms  ✓ SpecialFunctions → SpecialFunctionsChainRulesCoreExt
   7112.2 ms  ✓ StaticArrays
    495.9 ms  ✓ StaticArrays → StaticArraysStatisticsExt
   3734.2 ms  ✓ ForwardDiff
   1361.4 ms  ✓ StaticArrays → StaticArraysChainRulesCoreExt
    528.7 ms  ✓ ForwardDiff → ForwardDiffStaticArraysExt
  13328.0 ms  ✓ ReverseDiff
  30 dependencies successfully precompiled in 25 seconds. 4 already precompiled.
	Command being timed: "nice -n -10 timeout -k120 -v 3600 julia +release --project=R/ReverseDiff/Gradient-Of-Square-Norm -e using Pkg; @time @eval Pkg.precompile()"
	User time (seconds): 171.98
	System time (seconds): 9.71
	Percent of CPU this job got: 182%
	Elapsed (wall clock) time (h:mm:ss or m:ss): 1:39.79
	Average shared text size (kbytes): 0
	Average unshared data size (kbytes): 0
	Average stack size (kbytes): 0
	Average total size (kbytes): 0
	Maximum resident set size (kbytes): 2149040
	Average resident set size (kbytes): 0
	Major (requiring I/O) page faults: 351
	Minor (reclaiming a frame) page faults: 3305106
	Voluntary context switches: 10528
	Involuntary context switches: 4391
	Swaps: 0
	File system inputs: 0
	File system outputs: 478152
	Socket messages sent: 0
	Socket messages received: 0
	Signals delivered: 0
	Page size (bytes): 4096
	Exit status: 0
