nice: cannot set niceness: Permission denied
Precompiling packages...
    645.6 ms  ✓ StaticArraysCore
    776.8 ms  ✓ Statistics
    845.9 ms  ✓ DocStringExtensions
    854.2 ms  ✓ OpenLibm_jll
    589.9 ms  ✓ Unicode
    587.8 ms  ✓ DiffResults
    700.0 ms  ✓ NaNMath
   1590.5 ms  ✓ IrrationalConstants
    757.8 ms  ✓ Compat
    829.8 ms  ✓ LogExpFunctions
    614.3 ms  ✓ Compat → CompatLinearAlgebraExt
   2524.1 ms  ✓ Preferences
    659.6 ms  ✓ PrecompileTools
    884.4 ms  ✓ JLLWrappers
   1806.4 ms  ✓ ChainRulesCore
   4672.5 ms  ✓ FunctionWrappers
    898.7 ms  ✓ OpenSpecFun_jll
   1344.5 ms  ✓ LogExpFunctions → LogExpFunctionsChainRulesCoreExt
   6980.6 ms  ✓ MacroTools
    543.5 ms  ✓ CommonSubexpressions
   2701.3 ms  ✓ SpecialFunctions
    675.3 ms  ✓ DiffRules
   1705.2 ms  ✓ SpecialFunctions → SpecialFunctionsChainRulesCoreExt
   3612.8 ms  ✓ ForwardDiff
  13800.6 ms  ✓ StaticArrays
    636.4 ms  ✓ StaticArrays → StaticArraysChainRulesCoreExt
    646.4 ms  ✓ StaticArrays → StaticArraysStatisticsExt
    714.5 ms  ✓ ForwardDiff → ForwardDiffStaticArraysExt
  15659.2 ms  ✓ ReverseDiff
  29 dependencies successfully precompiled in 35 seconds. 4 already precompiled.
	Command being timed: "nice -n -10 timeout -k120 -v 3600 julia +alpha --project=R/ReverseDiff/Gradient-Of-Square-Norm -e using Pkg; @time @eval Pkg.precompile()"
	User time (seconds): 244.52
	System time (seconds): 12.47
	Percent of CPU this job got: 141%
	Elapsed (wall clock) time (h:mm:ss or m:ss): 3:01.49
	Average shared text size (kbytes): 0
	Average unshared data size (kbytes): 0
	Average stack size (kbytes): 0
	Average total size (kbytes): 0
	Maximum resident set size (kbytes): 2781244
	Average resident set size (kbytes): 0
	Major (requiring I/O) page faults: 263
	Minor (reclaiming a frame) page faults: 4096600
	Voluntary context switches: 10747
	Involuntary context switches: 3368
	Swaps: 0
	File system inputs: 0
	File system outputs: 500824
	Socket messages sent: 0
	Socket messages received: 0
	Signals delivered: 0
	Page size (bytes): 4096
	Exit status: 0
