nice: cannot set niceness: Permission denied
Precompiling packages...
  73652.7 ms  ✓ Pkg (serial)
  1 dependency successfully precompiled in 74 seconds
Precompiling packages...
    926.0 ms  ✓ OpenLibm_jll
   1031.4 ms  ✓ Unicode
   1040.5 ms  ✓ CompilerSupportLibraries_jll
   1126.9 ms  ✓ StaticArraysCore
   1346.9 ms  ✓ Statistics
   1539.3 ms  ✓ DocStringExtensions
    878.8 ms  ✓ DiffResults
   1199.9 ms  ✓ Preferences
    665.7 ms  ✓ PrecompileTools
    800.2 ms  ✓ JLLWrappers
   3357.5 ms  ✓ FunctionWrappers
   2599.8 ms  ✓ NaNMath
   2638.7 ms  ✓ Compat
    880.2 ms  ✓ OpenSpecFun_jll
   3979.9 ms  ✓ IrrationalConstants
    487.1 ms  ✓ Compat → CompatLinearAlgebraExt
    672.0 ms  ✓ LogExpFunctions
   4832.3 ms  ✓ MacroTools
    447.9 ms  ✓ CommonSubexpressions
   2163.9 ms  ✓ ChainRulesCore
   2172.5 ms  ✓ SpecialFunctions
    544.3 ms  ✓ DiffRules
   1168.6 ms  ✓ LogExpFunctions → LogExpFunctionsChainRulesCoreExt
   1386.5 ms  ✓ SpecialFunctions → SpecialFunctionsChainRulesCoreExt
   7118.3 ms  ✓ StaticArrays
    476.7 ms  ✓ StaticArrays → StaticArraysStatisticsExt
   3790.9 ms  ✓ ForwardDiff
   1386.0 ms  ✓ StaticArrays → StaticArraysChainRulesCoreExt
    548.9 ms  ✓ ForwardDiff → ForwardDiffStaticArraysExt
  13361.9 ms  ✓ ReverseDiff
  30 dependencies successfully precompiled in 25 seconds. 4 already precompiled.
	Command being timed: "nice -n -10 timeout -k120 -v 3600 julia +release --project=R/ReverseDiff/Gradient-Of-Square-Norm -e using Pkg; @time @eval Pkg.precompile()"
	User time (seconds): 171.77
	System time (seconds): 9.57
	Percent of CPU this job got: 182%
	Elapsed (wall clock) time (h:mm:ss or m:ss): 1:39.58
	Average shared text size (kbytes): 0
	Average unshared data size (kbytes): 0
	Average stack size (kbytes): 0
	Average total size (kbytes): 0
	Maximum resident set size (kbytes): 2149840
	Average resident set size (kbytes): 0
	Major (requiring I/O) page faults: 269
	Minor (reclaiming a frame) page faults: 3290171
	Voluntary context switches: 9506
	Involuntary context switches: 4439
	Swaps: 0
	File system inputs: 0
	File system outputs: 481544
	Socket messages sent: 0
	Socket messages received: 0
	Signals delivered: 0
	Page size (bytes): 4096
	Exit status: 0
