nice: cannot set niceness: Permission denied
Precompiling packages...
    504.7 ms  ✓ StaticArraysCore
    570.8 ms  ✓ Statistics
    583.5 ms  ✓ DocStringExtensions
    643.9 ms  ✓ OpenLibm_jll
    466.6 ms  ✓ Unicode
    465.8 ms  ✓ DiffResults
    535.7 ms  ✓ NaNMath
   1391.8 ms  ✓ IrrationalConstants
    648.7 ms  ✓ Compat
    680.2 ms  ✓ LogExpFunctions
    490.4 ms  ✓ Compat → CompatLinearAlgebraExt
   1965.2 ms  ✓ Preferences
    445.4 ms  ✓ PrecompileTools
    575.9 ms  ✓ JLLWrappers
   3515.4 ms  ✓ FunctionWrappers
   1394.8 ms  ✓ ChainRulesCore
    660.7 ms  ✓ OpenSpecFun_jll
   5189.1 ms  ✓ MacroTools
   1095.0 ms  ✓ LogExpFunctions → LogExpFunctionsChainRulesCoreExt
    467.5 ms  ✓ CommonSubexpressions
   2118.5 ms  ✓ SpecialFunctions
    524.6 ms  ✓ DiffRules
   1335.7 ms  ✓ SpecialFunctions → SpecialFunctionsChainRulesCoreExt
   2895.5 ms  ✓ ForwardDiff
  10900.2 ms  ✓ StaticArrays
    491.0 ms  ✓ StaticArrays → StaticArraysStatisticsExt
    498.7 ms  ✓ StaticArrays → StaticArraysChainRulesCoreExt
    568.9 ms  ✓ ForwardDiff → ForwardDiffStaticArraysExt
  12818.8 ms  ✓ ReverseDiff
  29 dependencies successfully precompiled in 28 seconds. 4 already precompiled.
	Command being timed: "nice -n -10 timeout -k120 -v 3600 julia +alpha --project=R/ReverseDiff/Gradient-Of-Square-Norm -e using Pkg; @time @eval Pkg.precompile()"
	User time (seconds): 190.48
	System time (seconds): 10.39
	Percent of CPU this job got: 142%
	Elapsed (wall clock) time (h:mm:ss or m:ss): 2:20.84
	Average shared text size (kbytes): 0
	Average unshared data size (kbytes): 0
	Average stack size (kbytes): 0
	Average total size (kbytes): 0
	Maximum resident set size (kbytes): 2789860
	Average resident set size (kbytes): 0
	Major (requiring I/O) page faults: 335
	Minor (reclaiming a frame) page faults: 4101671
	Voluntary context switches: 10682
	Involuntary context switches: 2154
	Swaps: 0
	File system inputs: 0
	File system outputs: 500440
	Socket messages sent: 0
	Socket messages received: 0
	Signals delivered: 0
	Page size (bytes): 4096
	Exit status: 0
