nice: cannot set niceness: Permission denied
Precompiling packages...
    509.5 ms  ✓ StaticArraysCore
    607.0 ms  ✓ Statistics
    607.9 ms  ✓ DocStringExtensions
    719.7 ms  ✓ OpenLibm_jll
    492.2 ms  ✓ Unicode
    539.6 ms  ✓ DiffResults
    606.7 ms  ✓ NaNMath
   1356.0 ms  ✓ IrrationalConstants
    675.0 ms  ✓ Compat
    690.9 ms  ✓ LogExpFunctions
    453.9 ms  ✓ Compat → CompatLinearAlgebraExt
   1872.8 ms  ✓ Preferences
   2769.8 ms  ✓ FunctionWrappers
    526.4 ms  ✓ PrecompileTools
    652.5 ms  ✓ JLLWrappers
   1319.1 ms  ✓ ChainRulesCore
   4159.9 ms  ✓ MacroTools
    850.2 ms  ✓ OpenSpecFun_jll
    503.4 ms  ✓ CommonSubexpressions
   1061.0 ms  ✓ LogExpFunctions → LogExpFunctionsChainRulesCoreExt
   2074.6 ms  ✓ SpecialFunctions
    553.0 ms  ✓ DiffRules
   1461.5 ms  ✓ SpecialFunctions → SpecialFunctionsChainRulesCoreExt
   2805.8 ms  ✓ ForwardDiff
   9602.0 ms  ✓ StaticArrays
    602.2 ms  ✓ StaticArrays → StaticArraysStatisticsExt
    606.0 ms  ✓ StaticArrays → StaticArraysChainRulesCoreExt
    670.8 ms  ✓ ForwardDiff → ForwardDiffStaticArraysExt
  12402.3 ms  ✓ ReverseDiff
  29 dependencies successfully precompiled in 26 seconds. 4 already precompiled.
	Command being timed: "nice -n -10 timeout -k120 -v 3600 julia +nightly --project=R/ReverseDiff/Gradient-Of-Square-Norm -e using Pkg; @time @eval Pkg.precompile()"
	User time (seconds): 176.98
	System time (seconds): 10.01
	Percent of CPU this job got: 143%
	Elapsed (wall clock) time (h:mm:ss or m:ss): 2:10.12
	Average shared text size (kbytes): 0
	Average unshared data size (kbytes): 0
	Average stack size (kbytes): 0
	Average total size (kbytes): 0
	Maximum resident set size (kbytes): 2255488
	Average resident set size (kbytes): 0
	Major (requiring I/O) page faults: 275
	Minor (reclaiming a frame) page faults: 3827287
	Voluntary context switches: 11083
	Involuntary context switches: 2137
	Swaps: 0
	File system inputs: 0
	File system outputs: 498880
	Socket messages sent: 0
	Socket messages received: 0
	Signals delivered: 0
	Page size (bytes): 4096
	Exit status: 0
