nice: cannot set niceness: Permission denied
Precompiling packages...
    517.0 ms  ✓ StaticArraysCore
    600.7 ms  ✓ Statistics
    610.5 ms  ✓ DocStringExtensions
    700.3 ms  ✓ OpenLibm_jll
    477.6 ms  ✓ Unicode
    487.4 ms  ✓ DiffResults
    539.6 ms  ✓ NaNMath
   1290.7 ms  ✓ IrrationalConstants
    652.8 ms  ✓ Compat
    700.4 ms  ✓ LogExpFunctions
    448.5 ms  ✓ Compat → CompatLinearAlgebraExt
   1666.2 ms  ✓ Preferences
   2749.5 ms  ✓ FunctionWrappers
    452.8 ms  ✓ PrecompileTools
    567.0 ms  ✓ JLLWrappers
   4059.7 ms  ✓ MacroTools
   1327.3 ms  ✓ ChainRulesCore
    645.6 ms  ✓ OpenSpecFun_jll
    494.3 ms  ✓ CommonSubexpressions
   1044.3 ms  ✓ LogExpFunctions → LogExpFunctionsChainRulesCoreExt
   2005.7 ms  ✓ SpecialFunctions
    546.0 ms  ✓ DiffRules
   1371.1 ms  ✓ SpecialFunctions → SpecialFunctionsChainRulesCoreExt
   2606.9 ms  ✓ ForwardDiff
   9032.9 ms  ✓ StaticArrays
    509.8 ms  ✓ StaticArrays → StaticArraysStatisticsExt
    517.0 ms  ✓ StaticArrays → StaticArraysChainRulesCoreExt
    581.6 ms  ✓ ForwardDiff → ForwardDiffStaticArraysExt
  11973.2 ms  ✓ ReverseDiff
  29 dependencies successfully precompiled in 25 seconds. 4 already precompiled.
	Command being timed: "nice -n -10 timeout -k120 -v 3600 julia +nightly --project=R/ReverseDiff/Gradient-Of-Square-Norm -e using Pkg; @time @eval Pkg.precompile()"
	User time (seconds): 173.91
	System time (seconds): 9.85
	Percent of CPU this job got: 143%
	Elapsed (wall clock) time (h:mm:ss or m:ss): 2:08.28
	Average shared text size (kbytes): 0
	Average unshared data size (kbytes): 0
	Average stack size (kbytes): 0
	Average total size (kbytes): 0
	Maximum resident set size (kbytes): 2222756
	Average resident set size (kbytes): 0
	Major (requiring I/O) page faults: 289
	Minor (reclaiming a frame) page faults: 3779763
	Voluntary context switches: 11148
	Involuntary context switches: 2149
	Swaps: 0
	File system inputs: 0
	File system outputs: 499912
	Socket messages sent: 0
	Socket messages received: 0
	Signals delivered: 0
	Page size (bytes): 4096
	Exit status: 0
