nice: cannot set niceness: Permission denied
Precompiling packages...
   1089.5 ms  ✓ CompilerSupportLibraries_jll
   1096.4 ms  ✓ SuiteSparse_jll
   1160.5 ms  ✓ OpenLibm_jll
   1285.9 ms  ✓ StaticArraysCore
   1381.8 ms  ✓ Compat
   1490.3 ms  ✓ DocStringExtensions
   1585.2 ms  ✓ FunctionWrappers
   1595.8 ms  ✓ Preferences
    710.1 ms  ✓ DiffResults
    899.7 ms  ✓ NaNMath
    683.8 ms  ✓ Compat → CompatLinearAlgebraExt
    674.0 ms  ✓ PrecompileTools
   2504.7 ms  ✓ IrrationalConstants
    768.0 ms  ✓ JLLWrappers
    630.4 ms  ✓ OpenSpecFun_jll
    807.8 ms  ✓ LogExpFunctions
   3220.3 ms  ✓ MacroTools
   1433.3 ms  ✓ ChainRulesCore
    437.0 ms  ✓ CommonSubexpressions
    903.9 ms  ✓ LogExpFunctions → LogExpFunctionsChainRulesCoreExt
   3538.3 ms  ✓ SparseArrays
    407.4 ms  ✓ ChainRulesCore → ChainRulesCoreSparseArraysExt
   1882.2 ms  ✓ SpecialFunctions
    527.5 ms  ✓ Statistics
    455.9 ms  ✓ DiffRules
   1035.8 ms  ✓ SpecialFunctions → SpecialFunctionsChainRulesCoreExt
   5271.6 ms  ✓ StaticArrays
   2451.0 ms  ✓ ForwardDiff
    472.2 ms  ✓ StaticArrays → StaticArraysChainRulesCoreExt
    578.5 ms  ✓ StaticArrays → StaticArraysStatisticsExt
    466.1 ms  ✓ ForwardDiff → ForwardDiffStaticArraysExt
   9372.7 ms  ✓ ReverseDiff
  32 dependencies successfully precompiled in 18 seconds
	Command being timed: "nice -n -10 timeout -k120 -v 3600 julia +lts --project=R/ReverseDiff/Gradient-Of-Square-Norm -e using Pkg; @time @eval Pkg.precompile()"
	User time (seconds): 38.07
	System time (seconds): 5.18
	Percent of CPU this job got: 220%
	Elapsed (wall clock) time (h:mm:ss or m:ss): 0:19.58
	Average shared text size (kbytes): 0
	Average unshared data size (kbytes): 0
	Average stack size (kbytes): 0
	Average total size (kbytes): 0
	Maximum resident set size (kbytes): 465368
	Average resident set size (kbytes): 0
	Major (requiring I/O) page faults: 76
	Minor (reclaiming a frame) page faults: 1442773
	Voluntary context switches: 43943
	Involuntary context switches: 2286
	Swaps: 0
	File system inputs: 0
	File system outputs: 181032
	Socket messages sent: 0
	Socket messages received: 0
	Signals delivered: 0
	Page size (bytes): 4096
	Exit status: 0
