nice: cannot set niceness: Permission denied
Precompiling packages...
    971.8 ms  ✓ OpenLibm_jll
    988.2 ms  ✓ CompilerSupportLibraries_jll
   1068.0 ms  ✓ StaticArraysCore
   1181.9 ms  ✓ SuiteSparse_jll
   1209.6 ms  ✓ Compat
   1387.8 ms  ✓ DocStringExtensions
   1463.2 ms  ✓ Preferences
   1680.1 ms  ✓ FunctionWrappers
    803.3 ms  ✓ DiffResults
    896.3 ms  ✓ NaNMath
    703.1 ms  ✓ Compat → CompatLinearAlgebraExt
    624.8 ms  ✓ PrecompileTools
   2340.4 ms  ✓ IrrationalConstants
    726.2 ms  ✓ JLLWrappers
    502.2 ms  ✓ OpenSpecFun_jll
    603.3 ms  ✓ LogExpFunctions
   3209.4 ms  ✓ MacroTools
   1409.5 ms  ✓ ChainRulesCore
    388.5 ms  ✓ CommonSubexpressions
    875.4 ms  ✓ LogExpFunctions → LogExpFunctionsChainRulesCoreExt
   3382.7 ms  ✓ SparseArrays
   1998.7 ms  ✓ SpecialFunctions
    419.1 ms  ✓ ChainRulesCore → ChainRulesCoreSparseArraysExt
    504.6 ms  ✓ Statistics
    441.2 ms  ✓ DiffRules
   1008.3 ms  ✓ SpecialFunctions → SpecialFunctionsChainRulesCoreExt
   5126.4 ms  ✓ StaticArrays
   2377.8 ms  ✓ ForwardDiff
    445.8 ms  ✓ StaticArrays → StaticArraysChainRulesCoreExt
    550.5 ms  ✓ StaticArrays → StaticArraysStatisticsExt
    465.2 ms  ✓ ForwardDiff → ForwardDiffStaticArraysExt
   9445.9 ms  ✓ ReverseDiff
  32 dependencies successfully precompiled in 18 seconds
	Command being timed: "nice -n -10 timeout -k120 -v 3600 julia +lts --project=R/ReverseDiff/Gradient-Of-Square-Norm -e using Pkg; @time @eval Pkg.precompile()"
	User time (seconds): 36.87
	System time (seconds): 5.13
	Percent of CPU this job got: 221%
	Elapsed (wall clock) time (h:mm:ss or m:ss): 0:18.93
	Average shared text size (kbytes): 0
	Average unshared data size (kbytes): 0
	Average stack size (kbytes): 0
	Average total size (kbytes): 0
	Maximum resident set size (kbytes): 466736
	Average resident set size (kbytes): 0
	Major (requiring I/O) page faults: 76
	Minor (reclaiming a frame) page faults: 1436836
	Voluntary context switches: 43921
	Involuntary context switches: 1266
	Swaps: 0
	File system inputs: 0
	File system outputs: 170048
	Socket messages sent: 0
	Socket messages received: 0
	Signals delivered: 0
	Page size (bytes): 4096
	Exit status: 0
