nice: cannot set niceness: Permission denied
Precompiling packages...
  72568.2 ms  ✓ Pkg (serial)
  1 dependency successfully precompiled in 73 seconds
Precompiling packages...
    996.1 ms  ✓ CompilerSupportLibraries_jll
   1089.8 ms  ✓ StaticArraysCore
   1097.9 ms  ✓ OpenLibm_jll
   1191.4 ms  ✓ Unicode
   1201.9 ms  ✓ Statistics
   1284.0 ms  ✓ DocStringExtensions
    733.2 ms  ✓ DiffResults
    946.3 ms  ✓ Preferences
    661.0 ms  ✓ PrecompileTools
    801.9 ms  ✓ JLLWrappers
   2984.9 ms  ✓ FunctionWrappers
   2226.2 ms  ✓ NaNMath
   3593.7 ms  ✓ IrrationalConstants
   2419.3 ms  ✓ Compat
    800.5 ms  ✓ OpenSpecFun_jll
    400.4 ms  ✓ Compat → CompatLinearAlgebraExt
    573.1 ms  ✓ LogExpFunctions
   4605.9 ms  ✓ MacroTools
    445.3 ms  ✓ CommonSubexpressions
   2117.1 ms  ✓ ChainRulesCore
   2199.2 ms  ✓ SpecialFunctions
    533.0 ms  ✓ DiffRules
   1069.0 ms  ✓ LogExpFunctions → LogExpFunctionsChainRulesCoreExt
   1272.9 ms  ✓ SpecialFunctions → SpecialFunctionsChainRulesCoreExt
   7100.0 ms  ✓ StaticArrays
    473.4 ms  ✓ StaticArrays → StaticArraysStatisticsExt
   3738.1 ms  ✓ ForwardDiff
   1256.9 ms  ✓ StaticArrays → StaticArraysChainRulesCoreExt
    532.5 ms  ✓ ForwardDiff → ForwardDiffStaticArraysExt
  13204.7 ms  ✓ ReverseDiff
  30 dependencies successfully precompiled in 24 seconds. 4 already precompiled.
	Command being timed: "nice -n -10 timeout -k120 -v 3600 julia +1.12.2 --project=R/ReverseDiff/Gradient-Of-Square-Norm -e using Pkg; @time @eval Pkg.precompile()"
	User time (seconds): 170.33
	System time (seconds): 8.80
	Percent of CPU this job got: 183%
	Elapsed (wall clock) time (h:mm:ss or m:ss): 1:37.67
	Average shared text size (kbytes): 0
	Average unshared data size (kbytes): 0
	Average stack size (kbytes): 0
	Average total size (kbytes): 0
	Maximum resident set size (kbytes): 2107416
	Average resident set size (kbytes): 0
	Major (requiring I/O) page faults: 221
	Minor (reclaiming a frame) page faults: 3287182
	Voluntary context switches: 9571
	Involuntary context switches: 5290
	Swaps: 0
	File system inputs: 0
	File system outputs: 477440
	Socket messages sent: 0
	Socket messages received: 0
	Signals delivered: 0
	Page size (bytes): 4096
	Exit status: 0
