nice: cannot set niceness: Permission denied
Precompiling packages...
  73581.4 ms  ✓ Pkg (serial)
  1 dependency successfully precompiled in 74 seconds
Precompiling packages...
    874.5 ms  ✓ OpenLibm_jll
   1037.1 ms  ✓ Unicode
   1130.2 ms  ✓ CompilerSupportLibraries_jll
   1143.7 ms  ✓ StaticArraysCore
   1273.4 ms  ✓ Statistics
   1553.8 ms  ✓ DocStringExtensions
    803.6 ms  ✓ DiffResults
   1154.1 ms  ✓ Preferences
    679.2 ms  ✓ PrecompileTools
    851.6 ms  ✓ JLLWrappers
   3148.2 ms  ✓ FunctionWrappers
   2476.7 ms  ✓ NaNMath
   2602.7 ms  ✓ Compat
   3682.1 ms  ✓ IrrationalConstants
    819.8 ms  ✓ OpenSpecFun_jll
    402.5 ms  ✓ Compat → CompatLinearAlgebraExt
    607.3 ms  ✓ LogExpFunctions
   4758.8 ms  ✓ MacroTools
    465.6 ms  ✓ CommonSubexpressions
   2103.5 ms  ✓ ChainRulesCore
   2261.5 ms  ✓ SpecialFunctions
    549.3 ms  ✓ DiffRules
   1106.9 ms  ✓ LogExpFunctions → LogExpFunctionsChainRulesCoreExt
   1318.2 ms  ✓ SpecialFunctions → SpecialFunctionsChainRulesCoreExt
   7046.3 ms  ✓ StaticArrays
    501.6 ms  ✓ StaticArrays → StaticArraysStatisticsExt
   3594.3 ms  ✓ ForwardDiff
   1300.5 ms  ✓ StaticArrays → StaticArraysChainRulesCoreExt
    539.6 ms  ✓ ForwardDiff → ForwardDiffStaticArraysExt
  13450.9 ms  ✓ ReverseDiff
  30 dependencies successfully precompiled in 25 seconds. 4 already precompiled.
	Command being timed: "nice -n -10 timeout -k120 -v 3600 julia +release --project=R/ReverseDiff/Gradient-Of-Square-Norm -e using Pkg; @time @eval Pkg.precompile()"
	User time (seconds): 172.08
	System time (seconds): 9.76
	Percent of CPU this job got: 183%
	Elapsed (wall clock) time (h:mm:ss or m:ss): 1:38.94
	Average shared text size (kbytes): 0
	Average unshared data size (kbytes): 0
	Average stack size (kbytes): 0
	Average total size (kbytes): 0
	Maximum resident set size (kbytes): 2107124
	Average resident set size (kbytes): 0
	Major (requiring I/O) page faults: 238
	Minor (reclaiming a frame) page faults: 3284377
	Voluntary context switches: 9868
	Involuntary context switches: 4787
	Swaps: 0
	File system inputs: 0
	File system outputs: 475568
	Socket messages sent: 0
	Socket messages received: 0
	Signals delivered: 0
	Page size (bytes): 4096
	Exit status: 0
