nice: cannot set niceness: Permission denied
Precompiling packages...
    501.8 ms  ✓ StaticArraysCore
    579.1 ms  ✓ DocStringExtensions
    582.8 ms  ✓ Statistics
    666.7 ms  ✓ OpenLibm_jll
    464.6 ms  ✓ Unicode
    478.8 ms  ✓ DiffResults
    546.6 ms  ✓ NaNMath
   1346.7 ms  ✓ IrrationalConstants
    655.7 ms  ✓ Compat
    677.2 ms  ✓ LogExpFunctions
    432.1 ms  ✓ Compat → CompatLinearAlgebraExt
   1680.4 ms  ✓ Preferences
    507.5 ms  ✓ PrecompileTools
    613.3 ms  ✓ JLLWrappers
   3008.7 ms  ✓ FunctionWrappers
    632.9 ms  ✓ OpenSpecFun_jll
   1422.5 ms  ✓ ChainRulesCore
   4681.9 ms  ✓ MacroTools
    489.4 ms  ✓ CommonSubexpressions
   1123.7 ms  ✓ LogExpFunctions → LogExpFunctionsChainRulesCoreExt
   1992.5 ms  ✓ SpecialFunctions
    536.3 ms  ✓ DiffRules
   1277.0 ms  ✓ SpecialFunctions → SpecialFunctionsChainRulesCoreExt
   2965.2 ms  ✓ ForwardDiff
  10363.3 ms  ✓ StaticArrays
    501.4 ms  ✓ StaticArrays → StaticArraysChainRulesCoreExt
    500.2 ms  ✓ StaticArrays → StaticArraysStatisticsExt
    618.3 ms  ✓ ForwardDiff → ForwardDiffStaticArraysExt
  12474.8 ms  ✓ ReverseDiff
  29 dependencies successfully precompiled in 27 seconds. 4 already precompiled.
	Command being timed: "nice -n -10 timeout -k120 -v 3600 julia +nightly --project=R/ReverseDiff/Gradient-Of-Square-Norm -e using Pkg; @time @eval Pkg.precompile()"
	User time (seconds): 195.82
	System time (seconds): 10.26
	Percent of CPU this job got: 141%
	Elapsed (wall clock) time (h:mm:ss or m:ss): 2:25.46
	Average shared text size (kbytes): 0
	Average unshared data size (kbytes): 0
	Average stack size (kbytes): 0
	Average total size (kbytes): 0
	Maximum resident set size (kbytes): 2448528
	Average resident set size (kbytes): 0
	Major (requiring I/O) page faults: 266
	Minor (reclaiming a frame) page faults: 3943855
	Voluntary context switches: 11100
	Involuntary context switches: 3377
	Swaps: 0
	File system inputs: 0
	File system outputs: 505224
	Socket messages sent: 0
	Socket messages received: 0
	Signals delivered: 0
	Page size (bytes): 4096
	Exit status: 0
