nice: cannot set niceness: Permission denied
Precompiling packages...
    921.4 ms  ✓ OpenLibm_jll
   1025.4 ms  ✓ SuiteSparse_jll
   1113.8 ms  ✓ CompilerSupportLibraries_jll
   1131.7 ms  ✓ StaticArraysCore
   1234.9 ms  ✓ DocStringExtensions
   1333.0 ms  ✓ Compat
   1398.6 ms  ✓ Preferences
   1623.7 ms  ✓ FunctionWrappers
    887.5 ms  ✓ NaNMath
    775.9 ms  ✓ DiffResults
    669.3 ms  ✓ Compat → CompatLinearAlgebraExt
    626.7 ms  ✓ PrecompileTools
    731.2 ms  ✓ JLLWrappers
   2357.1 ms  ✓ IrrationalConstants
    549.7 ms  ✓ OpenSpecFun_jll
    674.4 ms  ✓ LogExpFunctions
   3124.1 ms  ✓ MacroTools
   1360.2 ms  ✓ ChainRulesCore
    395.2 ms  ✓ CommonSubexpressions
    844.1 ms  ✓ LogExpFunctions → LogExpFunctionsChainRulesCoreExt
   3484.8 ms  ✓ SparseArrays
   1908.7 ms  ✓ SpecialFunctions
    416.7 ms  ✓ ChainRulesCore → ChainRulesCoreSparseArraysExt
    507.4 ms  ✓ Statistics
    437.5 ms  ✓ DiffRules
   1033.9 ms  ✓ SpecialFunctions → SpecialFunctionsChainRulesCoreExt
   5075.7 ms  ✓ StaticArrays
    420.5 ms  ✓ StaticArrays → StaticArraysChainRulesCoreExt
   2418.2 ms  ✓ ForwardDiff
    553.3 ms  ✓ StaticArrays → StaticArraysStatisticsExt
    457.3 ms  ✓ ForwardDiff → ForwardDiffStaticArraysExt
   9480.3 ms  ✓ ReverseDiff
  32 dependencies successfully precompiled in 18 seconds
	Command being timed: "nice -n -10 timeout -k120 -v 3600 julia +lts --project=R/ReverseDiff/Gradient-Of-Square-Norm -e using Pkg; @time @eval Pkg.precompile()"
	User time (seconds): 36.78
	System time (seconds): 5.17
	Percent of CPU this job got: 220%
	Elapsed (wall clock) time (h:mm:ss or m:ss): 0:19.04
	Average shared text size (kbytes): 0
	Average unshared data size (kbytes): 0
	Average stack size (kbytes): 0
	Average total size (kbytes): 0
	Maximum resident set size (kbytes): 458764
	Average resident set size (kbytes): 0
	Major (requiring I/O) page faults: 70
	Minor (reclaiming a frame) page faults: 1441732
	Voluntary context switches: 44062
	Involuntary context switches: 1371
	Swaps: 0
	File system inputs: 0
	File system outputs: 170584
	Socket messages sent: 0
	Socket messages received: 0
	Signals delivered: 0
	Page size (bytes): 4096
	Exit status: 0
