nice: cannot set niceness: Permission denied
Precompiling packages...
   1055.6 ms  ✓ OpenLibm_jll
   1131.0 ms  ✓ StaticArraysCore
   1157.1 ms  ✓ SuiteSparse_jll
   1245.0 ms  ✓ CompilerSupportLibraries_jll
   1258.9 ms  ✓ DocStringExtensions
   1369.6 ms  ✓ Compat
   1550.6 ms  ✓ Preferences
   1734.9 ms  ✓ FunctionWrappers
    738.7 ms  ✓ DiffResults
    840.0 ms  ✓ NaNMath
    661.8 ms  ✓ Compat → CompatLinearAlgebraExt
    668.7 ms  ✓ PrecompileTools
   2375.7 ms  ✓ IrrationalConstants
    706.5 ms  ✓ JLLWrappers
    667.6 ms  ✓ OpenSpecFun_jll
    706.8 ms  ✓ LogExpFunctions
   3164.3 ms  ✓ MacroTools
   1414.4 ms  ✓ ChainRulesCore
    455.2 ms  ✓ CommonSubexpressions
    927.2 ms  ✓ LogExpFunctions → LogExpFunctionsChainRulesCoreExt
   3395.0 ms  ✓ SparseArrays
    409.1 ms  ✓ ChainRulesCore → ChainRulesCoreSparseArraysExt
   2030.4 ms  ✓ SpecialFunctions
    537.7 ms  ✓ Statistics
    440.9 ms  ✓ DiffRules
   1030.4 ms  ✓ SpecialFunctions → SpecialFunctionsChainRulesCoreExt
   5201.7 ms  ✓ StaticArrays
   2380.5 ms  ✓ ForwardDiff
    461.4 ms  ✓ StaticArrays → StaticArraysChainRulesCoreExt
    569.1 ms  ✓ StaticArrays → StaticArraysStatisticsExt
    468.5 ms  ✓ ForwardDiff → ForwardDiffStaticArraysExt
   9347.2 ms  ✓ ReverseDiff
  32 dependencies successfully precompiled in 18 seconds
	Command being timed: "nice -n -10 timeout -k120 -v 3600 julia +lts --project=R/ReverseDiff/Gradient-Of-Square-Norm -e using Pkg; @time @eval Pkg.precompile()"
	User time (seconds): 37.89
	System time (seconds): 5.13
	Percent of CPU this job got: 221%
	Elapsed (wall clock) time (h:mm:ss or m:ss): 0:19.44
	Average shared text size (kbytes): 0
	Average unshared data size (kbytes): 0
	Average stack size (kbytes): 0
	Average total size (kbytes): 0
	Maximum resident set size (kbytes): 464364
	Average resident set size (kbytes): 0
	Major (requiring I/O) page faults: 72
	Minor (reclaiming a frame) page faults: 1442550
	Voluntary context switches: 44173
	Involuntary context switches: 1963
	Swaps: 0
	File system inputs: 0
	File system outputs: 182080
	Socket messages sent: 0
	Socket messages received: 0
	Signals delivered: 0
	Page size (bytes): 4096
	Exit status: 0
