nice: cannot set niceness: Permission denied
Precompiling packages...
  75198.2 ms  ✓ Pkg (serial)
  1 dependency successfully precompiled in 75 seconds
Precompiling packages...
    930.5 ms  ✓ OpenLibm_jll
    950.4 ms  ✓ Unicode
   1057.2 ms  ✓ StaticArraysCore
   1350.4 ms  ✓ Statistics
   1365.4 ms  ✓ CompilerSupportLibraries_jll
   1534.3 ms  ✓ DocStringExtensions
    894.2 ms  ✓ DiffResults
   1231.7 ms  ✓ Preferences
    766.8 ms  ✓ PrecompileTools
    869.0 ms  ✓ JLLWrappers
   3635.8 ms  ✓ FunctionWrappers
   2816.1 ms  ✓ NaNMath
   2819.9 ms  ✓ Compat
    911.3 ms  ✓ OpenSpecFun_jll
   4093.3 ms  ✓ IrrationalConstants
    486.5 ms  ✓ Compat → CompatLinearAlgebraExt
    668.7 ms  ✓ LogExpFunctions
   5009.1 ms  ✓ MacroTools
    458.4 ms  ✓ CommonSubexpressions
   2207.2 ms  ✓ ChainRulesCore
   2320.4 ms  ✓ SpecialFunctions
    554.2 ms  ✓ DiffRules
   1208.2 ms  ✓ LogExpFunctions → LogExpFunctionsChainRulesCoreExt
   1444.3 ms  ✓ SpecialFunctions → SpecialFunctionsChainRulesCoreExt
   7317.7 ms  ✓ StaticArrays
    490.5 ms  ✓ StaticArrays → StaticArraysStatisticsExt
   3869.6 ms  ✓ ForwardDiff
   1407.5 ms  ✓ StaticArrays → StaticArraysChainRulesCoreExt
    544.2 ms  ✓ ForwardDiff → ForwardDiffStaticArraysExt
  13524.0 ms  ✓ ReverseDiff
  30 dependencies successfully precompiled in 26 seconds. 4 already precompiled.
	Command being timed: "nice -n -10 timeout -k120 -v 3600 julia +release --project=R/ReverseDiff/Gradient-Of-Square-Norm -e using Pkg; @time @eval Pkg.precompile()"
	User time (seconds): 177.25
	System time (seconds): 9.68
	Percent of CPU this job got: 183%
	Elapsed (wall clock) time (h:mm:ss or m:ss): 1:41.73
	Average shared text size (kbytes): 0
	Average unshared data size (kbytes): 0
	Average stack size (kbytes): 0
	Average total size (kbytes): 0
	Maximum resident set size (kbytes): 2148936
	Average resident set size (kbytes): 0
	Major (requiring I/O) page faults: 237
	Minor (reclaiming a frame) page faults: 3312499
	Voluntary context switches: 9898
	Involuntary context switches: 5027
	Swaps: 0
	File system inputs: 0
	File system outputs: 483952
	Socket messages sent: 0
	Socket messages received: 0
	Signals delivered: 0
	Page size (bytes): 4096
	Exit status: 0
