nice: cannot set niceness: Permission denied
Precompiling packages...
    495.7 ms  ✓ StaticArraysCore
    583.4 ms  ✓ Statistics
    598.5 ms  ✓ DocStringExtensions
    624.7 ms  ✓ OpenLibm_jll
    446.6 ms  ✓ Unicode
    481.3 ms  ✓ DiffResults
    555.3 ms  ✓ NaNMath
   1430.4 ms  ✓ IrrationalConstants
    654.5 ms  ✓ Compat
    679.3 ms  ✓ LogExpFunctions
    468.4 ms  ✓ Compat → CompatLinearAlgebraExt
   2150.3 ms  ✓ Preferences
   3551.8 ms  ✓ FunctionWrappers
    796.4 ms  ✓ PrecompileTools
   1411.3 ms  ✓ ChainRulesCore
    886.0 ms  ✓ JLLWrappers
    820.3 ms  ✓ OpenSpecFun_jll
   5210.7 ms  ✓ MacroTools
   1133.6 ms  ✓ LogExpFunctions → LogExpFunctionsChainRulesCoreExt
    457.2 ms  ✓ CommonSubexpressions
   2270.9 ms  ✓ SpecialFunctions
    535.6 ms  ✓ DiffRules
   1425.0 ms  ✓ SpecialFunctions → SpecialFunctionsChainRulesCoreExt
   3279.8 ms  ✓ ForwardDiff
  11391.5 ms  ✓ StaticArrays
    579.5 ms  ✓ StaticArrays → StaticArraysStatisticsExt
    595.4 ms  ✓ StaticArrays → StaticArraysChainRulesCoreExt
    657.6 ms  ✓ ForwardDiff → ForwardDiffStaticArraysExt
  12478.0 ms  ✓ ReverseDiff
  29 dependencies successfully precompiled in 29 seconds. 4 already precompiled.
	Command being timed: "nice -n -10 timeout -k120 -v 3600 julia +alpha --project=R/ReverseDiff/Gradient-Of-Square-Norm -e using Pkg; @time @eval Pkg.precompile()"
	User time (seconds): 191.87
	System time (seconds): 10.28
	Percent of CPU this job got: 144%
	Elapsed (wall clock) time (h:mm:ss or m:ss): 2:19.94
	Average shared text size (kbytes): 0
	Average unshared data size (kbytes): 0
	Average stack size (kbytes): 0
	Average total size (kbytes): 0
	Maximum resident set size (kbytes): 2584692
	Average resident set size (kbytes): 0
	Major (requiring I/O) page faults: 282
	Minor (reclaiming a frame) page faults: 4038258
	Voluntary context switches: 10652
	Involuntary context switches: 2308
	Swaps: 0
	File system inputs: 0
	File system outputs: 502400
	Socket messages sent: 0
	Socket messages received: 0
	Signals delivered: 0
	Page size (bytes): 4096
	Exit status: 0
