nice: cannot set niceness: Permission denied
Precompiling packages...
    508.1 ms  ✓ StaticArraysCore
    586.0 ms  ✓ Statistics
    600.5 ms  ✓ DocStringExtensions
    654.8 ms  ✓ OpenLibm_jll
    475.2 ms  ✓ Unicode
    465.5 ms  ✓ DiffResults
    539.8 ms  ✓ NaNMath
   1396.5 ms  ✓ IrrationalConstants
    637.3 ms  ✓ Compat
    689.4 ms  ✓ LogExpFunctions
    511.0 ms  ✓ Compat → CompatLinearAlgebraExt
   2036.9 ms  ✓ Preferences
    463.4 ms  ✓ PrecompileTools
    596.3 ms  ✓ JLLWrappers
   3592.9 ms  ✓ FunctionWrappers
   1411.0 ms  ✓ ChainRulesCore
    667.4 ms  ✓ OpenSpecFun_jll
   5258.0 ms  ✓ MacroTools
   1122.2 ms  ✓ LogExpFunctions → LogExpFunctionsChainRulesCoreExt
    464.1 ms  ✓ CommonSubexpressions
   2101.9 ms  ✓ SpecialFunctions
    541.0 ms  ✓ DiffRules
   1318.6 ms  ✓ SpecialFunctions → SpecialFunctionsChainRulesCoreExt
   2919.9 ms  ✓ ForwardDiff
  10975.5 ms  ✓ StaticArrays
    495.7 ms  ✓ StaticArrays → StaticArraysStatisticsExt
    519.7 ms  ✓ StaticArrays → StaticArraysChainRulesCoreExt
    579.0 ms  ✓ ForwardDiff → ForwardDiffStaticArraysExt
  12245.2 ms  ✓ ReverseDiff
  29 dependencies successfully precompiled in 27 seconds. 4 already precompiled.
	Command being timed: "nice -n -10 timeout -k120 -v 3600 julia +alpha --project=R/ReverseDiff/Gradient-Of-Square-Norm -e using Pkg; @time @eval Pkg.precompile()"
	User time (seconds): 191.15
	System time (seconds): 10.22
	Percent of CPU this job got: 143%
	Elapsed (wall clock) time (h:mm:ss or m:ss): 2:20.13
	Average shared text size (kbytes): 0
	Average unshared data size (kbytes): 0
	Average stack size (kbytes): 0
	Average total size (kbytes): 0
	Maximum resident set size (kbytes): 2592856
	Average resident set size (kbytes): 0
	Major (requiring I/O) page faults: 290
	Minor (reclaiming a frame) page faults: 3998441
	Voluntary context switches: 11335
	Involuntary context switches: 2286
	Swaps: 0
	File system inputs: 0
	File system outputs: 501616
	Socket messages sent: 0
	Socket messages received: 0
	Signals delivered: 0
	Page size (bytes): 4096
	Exit status: 0
