nice: cannot set niceness: Permission denied
Precompiling packages...
    990.9 ms  ✓ OpenLibm_jll
   1088.4 ms  ✓ CompilerSupportLibraries_jll
   1102.9 ms  ✓ StaticArraysCore
   1270.1 ms  ✓ SuiteSparse_jll
   1372.1 ms  ✓ Compat
   1407.2 ms  ✓ DocStringExtensions
   1469.9 ms  ✓ Preferences
   1585.7 ms  ✓ FunctionWrappers
    779.7 ms  ✓ DiffResults
    894.5 ms  ✓ NaNMath
    629.2 ms  ✓ Compat → CompatLinearAlgebraExt
    614.6 ms  ✓ PrecompileTools
    706.2 ms  ✓ JLLWrappers
   2410.6 ms  ✓ IrrationalConstants
    521.2 ms  ✓ OpenSpecFun_jll
    732.0 ms  ✓ LogExpFunctions
   3133.4 ms  ✓ MacroTools
   1376.0 ms  ✓ ChainRulesCore
    428.2 ms  ✓ CommonSubexpressions
    850.4 ms  ✓ LogExpFunctions → LogExpFunctionsChainRulesCoreExt
   3296.6 ms  ✓ SparseArrays
   1850.3 ms  ✓ SpecialFunctions
    423.8 ms  ✓ ChainRulesCore → ChainRulesCoreSparseArraysExt
    515.9 ms  ✓ Statistics
    442.6 ms  ✓ DiffRules
   1012.3 ms  ✓ SpecialFunctions → SpecialFunctionsChainRulesCoreExt
   5095.0 ms  ✓ StaticArrays
    457.6 ms  ✓ StaticArrays → StaticArraysChainRulesCoreExt
   2372.0 ms  ✓ ForwardDiff
    546.9 ms  ✓ StaticArrays → StaticArraysStatisticsExt
    455.6 ms  ✓ ForwardDiff → ForwardDiffStaticArraysExt
   9270.1 ms  ✓ ReverseDiff
  32 dependencies successfully precompiled in 18 seconds
	Command being timed: "nice -n -10 timeout -k120 -v 3600 julia +lts --project=R/ReverseDiff/Gradient-Of-Square-Norm -e using Pkg; @time @eval Pkg.precompile()"
	User time (seconds): 36.92
	System time (seconds): 4.92
	Percent of CPU this job got: 221%
	Elapsed (wall clock) time (h:mm:ss or m:ss): 0:18.93
	Average shared text size (kbytes): 0
	Average unshared data size (kbytes): 0
	Average stack size (kbytes): 0
	Average total size (kbytes): 0
	Maximum resident set size (kbytes): 459228
	Average resident set size (kbytes): 0
	Major (requiring I/O) page faults: 71
	Minor (reclaiming a frame) page faults: 1432377
	Voluntary context switches: 43709
	Involuntary context switches: 1261
	Swaps: 0
	File system inputs: 0
	File system outputs: 174792
	Socket messages sent: 0
	Socket messages received: 0
	Signals delivered: 0
	Page size (bytes): 4096
	Exit status: 0
