nice: cannot set niceness: Permission denied
Precompiling packages...
  73394.5 ms  ✓ Pkg (serial)
  1 dependency successfully precompiled in 73 seconds
Precompiling packages...
   1005.1 ms  ✓ Unicode
   1036.5 ms  ✓ OpenLibm_jll
   1117.8 ms  ✓ StaticArraysCore
   1136.7 ms  ✓ CompilerSupportLibraries_jll
   1414.1 ms  ✓ Statistics
   1517.4 ms  ✓ DocStringExtensions
    828.7 ms  ✓ DiffResults
   1189.0 ms  ✓ Preferences
    646.8 ms  ✓ PrecompileTools
    822.2 ms  ✓ JLLWrappers
   3454.4 ms  ✓ FunctionWrappers
   2588.4 ms  ✓ NaNMath
   2619.9 ms  ✓ Compat
   3954.3 ms  ✓ IrrationalConstants
    922.9 ms  ✓ OpenSpecFun_jll
    496.8 ms  ✓ Compat → CompatLinearAlgebraExt
    695.3 ms  ✓ LogExpFunctions
   4796.9 ms  ✓ MacroTools
    465.8 ms  ✓ CommonSubexpressions
   2119.0 ms  ✓ ChainRulesCore
   2127.5 ms  ✓ SpecialFunctions
    531.7 ms  ✓ DiffRules
   1186.0 ms  ✓ LogExpFunctions → LogExpFunctionsChainRulesCoreExt
   1407.4 ms  ✓ SpecialFunctions → SpecialFunctionsChainRulesCoreExt
   7190.4 ms  ✓ StaticArrays
    474.2 ms  ✓ StaticArrays → StaticArraysStatisticsExt
   3697.3 ms  ✓ ForwardDiff
   1372.7 ms  ✓ StaticArrays → StaticArraysChainRulesCoreExt
    539.2 ms  ✓ ForwardDiff → ForwardDiffStaticArraysExt
  13314.9 ms  ✓ ReverseDiff
  30 dependencies successfully precompiled in 25 seconds. 4 already precompiled.
	Command being timed: "nice -n -10 timeout -k120 -v 3600 julia +1.12.5 --project=R/ReverseDiff/Gradient-Of-Square-Norm -e using Pkg; @time @eval Pkg.precompile()"
	User time (seconds): 171.26
	System time (seconds): 9.60
	Percent of CPU this job got: 182%
	Elapsed (wall clock) time (h:mm:ss or m:ss): 1:39.03
	Average shared text size (kbytes): 0
	Average unshared data size (kbytes): 0
	Average stack size (kbytes): 0
	Average total size (kbytes): 0
	Maximum resident set size (kbytes): 2149524
	Average resident set size (kbytes): 0
	Major (requiring I/O) page faults: 234
	Minor (reclaiming a frame) page faults: 3289764
	Voluntary context switches: 9665
	Involuntary context switches: 4311
	Swaps: 0
	File system inputs: 0
	File system outputs: 478136
	Socket messages sent: 0
	Socket messages received: 0
	Signals delivered: 0
	Page size (bytes): 4096
	Exit status: 0
