nice: cannot set niceness: Permission denied
Precompiling packages...
  75634.6 ms  ✓ Pkg (serial)
  1 dependency successfully precompiled in 76 seconds
Precompiling packages...
   1007.2 ms  ✓ Unicode
   1006.2 ms  ✓ CompilerSupportLibraries_jll
   1087.0 ms  ✓ OpenLibm_jll
   1206.8 ms  ✓ StaticArraysCore
   1311.0 ms  ✓ DocStringExtensions
   1375.7 ms  ✓ Statistics
    780.3 ms  ✓ DiffResults
   1160.1 ms  ✓ Preferences
    703.3 ms  ✓ PrecompileTools
    803.6 ms  ✓ JLLWrappers
   3387.4 ms  ✓ FunctionWrappers
   2566.7 ms  ✓ Compat
   2608.0 ms  ✓ NaNMath
    929.9 ms  ✓ OpenSpecFun_jll
   4022.0 ms  ✓ IrrationalConstants
    511.2 ms  ✓ Compat → CompatLinearAlgebraExt
    680.0 ms  ✓ LogExpFunctions
   4926.3 ms  ✓ MacroTools
    469.0 ms  ✓ CommonSubexpressions
   2176.7 ms  ✓ ChainRulesCore
   2338.0 ms  ✓ SpecialFunctions
   1187.7 ms  ✓ LogExpFunctions → LogExpFunctionsChainRulesCoreExt
    547.8 ms  ✓ DiffRules
   1430.2 ms  ✓ SpecialFunctions → SpecialFunctionsChainRulesCoreExt
   7346.6 ms  ✓ StaticArrays
    505.8 ms  ✓ StaticArrays → StaticArraysStatisticsExt
   3760.4 ms  ✓ ForwardDiff
   1387.0 ms  ✓ StaticArrays → StaticArraysChainRulesCoreExt
    545.7 ms  ✓ ForwardDiff → ForwardDiffStaticArraysExt
  13568.0 ms  ✓ ReverseDiff
  30 dependencies successfully precompiled in 25 seconds. 4 already precompiled.
	Command being timed: "nice -n -10 timeout -k120 -v 3600 julia +1.12.6 --project=R/ReverseDiff/Gradient-Of-Square-Norm -e using Pkg; @time @eval Pkg.precompile()"
	User time (seconds): 177.09
	System time (seconds): 9.66
	Percent of CPU this job got: 183%
	Elapsed (wall clock) time (h:mm:ss or m:ss): 1:42.04
	Average shared text size (kbytes): 0
	Average unshared data size (kbytes): 0
	Average stack size (kbytes): 0
	Average total size (kbytes): 0
	Maximum resident set size (kbytes): 2151776
	Average resident set size (kbytes): 0
	Major (requiring I/O) page faults: 229
	Minor (reclaiming a frame) page faults: 3318718
	Voluntary context switches: 10633
	Involuntary context switches: 5188
	Swaps: 0
	File system inputs: 0
	File system outputs: 484536
	Socket messages sent: 0
	Socket messages received: 0
	Signals delivered: 0
	Page size (bytes): 4096
	Exit status: 0
