nice: cannot set niceness: Permission denied
Precompiling packages...
   1123.5 ms  ✓ SuiteSparse_jll
   1130.8 ms  ✓ CompilerSupportLibraries_jll
   1131.8 ms  ✓ StaticArraysCore
   1135.9 ms  ✓ OpenLibm_jll
   1236.1 ms  ✓ DocStringExtensions
   1294.9 ms  ✓ Compat
   1431.0 ms  ✓ Preferences
   1740.5 ms  ✓ FunctionWrappers
    712.5 ms  ✓ DiffResults
    798.8 ms  ✓ NaNMath
    641.6 ms  ✓ Compat → CompatLinearAlgebraExt
    698.1 ms  ✓ PrecompileTools
    760.7 ms  ✓ JLLWrappers
   2355.2 ms  ✓ IrrationalConstants
    514.5 ms  ✓ OpenSpecFun_jll
    630.5 ms  ✓ LogExpFunctions
   3185.7 ms  ✓ MacroTools
   1399.9 ms  ✓ ChainRulesCore
    404.2 ms  ✓ CommonSubexpressions
    863.9 ms  ✓ LogExpFunctions → LogExpFunctionsChainRulesCoreExt
   3443.5 ms  ✓ SparseArrays
   2007.0 ms  ✓ SpecialFunctions
    418.9 ms  ✓ ChainRulesCore → ChainRulesCoreSparseArraysExt
    519.4 ms  ✓ Statistics
    452.3 ms  ✓ DiffRules
   1023.6 ms  ✓ SpecialFunctions → SpecialFunctionsChainRulesCoreExt
   5153.9 ms  ✓ StaticArrays
   2385.4 ms  ✓ ForwardDiff
    468.0 ms  ✓ StaticArrays → StaticArraysChainRulesCoreExt
    568.0 ms  ✓ StaticArrays → StaticArraysStatisticsExt
    458.9 ms  ✓ ForwardDiff → ForwardDiffStaticArraysExt
   9423.3 ms  ✓ ReverseDiff
  32 dependencies successfully precompiled in 18 seconds
	Command being timed: "nice -n -10 timeout -k120 -v 3600 julia +lts --project=R/ReverseDiff/Gradient-Of-Square-Norm -e using Pkg; @time @eval Pkg.precompile()"
	User time (seconds): 36.92
	System time (seconds): 5.13
	Percent of CPU this job got: 221%
	Elapsed (wall clock) time (h:mm:ss or m:ss): 0:19.02
	Average shared text size (kbytes): 0
	Average unshared data size (kbytes): 0
	Average stack size (kbytes): 0
	Average total size (kbytes): 0
	Maximum resident set size (kbytes): 474148
	Average resident set size (kbytes): 0
	Major (requiring I/O) page faults: 84
	Minor (reclaiming a frame) page faults: 1436232
	Voluntary context switches: 44193
	Involuntary context switches: 1558
	Swaps: 0
	File system inputs: 0
	File system outputs: 170272
	Socket messages sent: 0
	Socket messages received: 0
	Signals delivered: 0
	Page size (bytes): 4096
	Exit status: 0
