nice: cannot set niceness: Permission denied
Precompiling packages...
   1065.9 ms  ✓ CompilerSupportLibraries_jll
   1082.5 ms  ✓ StaticArraysCore
   1081.8 ms  ✓ SuiteSparse_jll
   1097.7 ms  ✓ OpenLibm_jll
   1267.6 ms  ✓ DocStringExtensions
   1406.9 ms  ✓ Compat
   1583.2 ms  ✓ FunctionWrappers
   1584.8 ms  ✓ Preferences
    779.3 ms  ✓ DiffResults
    813.0 ms  ✓ NaNMath
    662.7 ms  ✓ Compat → CompatLinearAlgebraExt
   2318.0 ms  ✓ IrrationalConstants
    627.2 ms  ✓ PrecompileTools
    678.0 ms  ✓ JLLWrappers
    516.6 ms  ✓ OpenSpecFun_jll
    681.8 ms  ✓ LogExpFunctions
   3197.1 ms  ✓ MacroTools
   1338.6 ms  ✓ ChainRulesCore
    401.7 ms  ✓ CommonSubexpressions
    886.1 ms  ✓ LogExpFunctions → LogExpFunctionsChainRulesCoreExt
   3415.1 ms  ✓ SparseArrays
   2009.8 ms  ✓ SpecialFunctions
    393.2 ms  ✓ ChainRulesCore → ChainRulesCoreSparseArraysExt
    512.6 ms  ✓ Statistics
    435.5 ms  ✓ DiffRules
   1012.3 ms  ✓ SpecialFunctions → SpecialFunctionsChainRulesCoreExt
   5108.0 ms  ✓ StaticArrays
   2356.3 ms  ✓ ForwardDiff
    438.7 ms  ✓ StaticArrays → StaticArraysChainRulesCoreExt
    546.8 ms  ✓ StaticArrays → StaticArraysStatisticsExt
    462.0 ms  ✓ ForwardDiff → ForwardDiffStaticArraysExt
   9298.8 ms  ✓ ReverseDiff
  32 dependencies successfully precompiled in 18 seconds
	Command being timed: "nice -n -10 timeout -k120 -v 3600 julia +lts --project=R/ReverseDiff/Gradient-Of-Square-Norm -e using Pkg; @time @eval Pkg.precompile()"
	User time (seconds): 37.05
	System time (seconds): 5.01
	Percent of CPU this job got: 221%
	Elapsed (wall clock) time (h:mm:ss or m:ss): 0:19.00
	Average shared text size (kbytes): 0
	Average unshared data size (kbytes): 0
	Average stack size (kbytes): 0
	Average total size (kbytes): 0
	Maximum resident set size (kbytes): 458964
	Average resident set size (kbytes): 0
	Major (requiring I/O) page faults: 81
	Minor (reclaiming a frame) page faults: 1428981
	Voluntary context switches: 43917
	Involuntary context switches: 1346
	Swaps: 0
	File system inputs: 400
	File system outputs: 175104
	Socket messages sent: 0
	Socket messages received: 0
	Signals delivered: 0
	Page size (bytes): 4096
	Exit status: 0
