nice: cannot set niceness: Permission denied
Precompiling packages...
    496.7 ms  ✓ StaticArraysCore
    570.5 ms  ✓ Statistics
    584.9 ms  ✓ DocStringExtensions
    649.4 ms  ✓ OpenLibm_jll
    473.3 ms  ✓ Unicode
    473.3 ms  ✓ DiffResults
    560.9 ms  ✓ NaNMath
   1349.1 ms  ✓ IrrationalConstants
    639.4 ms  ✓ Compat
    652.5 ms  ✓ LogExpFunctions
    478.0 ms  ✓ Compat → CompatLinearAlgebraExt
   1625.3 ms  ✓ Preferences
    501.3 ms  ✓ PrecompileTools
    616.0 ms  ✓ JLLWrappers
   2934.7 ms  ✓ FunctionWrappers
    633.5 ms  ✓ OpenSpecFun_jll
   1397.3 ms  ✓ ChainRulesCore
   4465.8 ms  ✓ MacroTools
    480.3 ms  ✓ CommonSubexpressions
   1041.4 ms  ✓ LogExpFunctions → LogExpFunctionsChainRulesCoreExt
   2056.5 ms  ✓ SpecialFunctions
    538.0 ms  ✓ DiffRules
   1230.5 ms  ✓ SpecialFunctions → SpecialFunctionsChainRulesCoreExt
   2974.0 ms  ✓ ForwardDiff
  10149.7 ms  ✓ StaticArrays
    492.3 ms  ✓ StaticArrays → StaticArraysStatisticsExt
    498.4 ms  ✓ StaticArrays → StaticArraysChainRulesCoreExt
    595.0 ms  ✓ ForwardDiff → ForwardDiffStaticArraysExt
  12651.8 ms  ✓ ReverseDiff
  29 dependencies successfully precompiled in 27 seconds. 4 already precompiled.
	Command being timed: "nice -n -10 timeout -k120 -v 3600 julia +alpha --project=R/ReverseDiff/Gradient-Of-Square-Norm -e using Pkg; @time @eval Pkg.precompile()"
	User time (seconds): 182.36
	System time (seconds): 10.31
	Percent of CPU this job got: 143%
	Elapsed (wall clock) time (h:mm:ss or m:ss): 2:14.30
	Average shared text size (kbytes): 0
	Average unshared data size (kbytes): 0
	Average stack size (kbytes): 0
	Average total size (kbytes): 0
	Maximum resident set size (kbytes): 2595448
	Average resident set size (kbytes): 0
	Major (requiring I/O) page faults: 356
	Minor (reclaiming a frame) page faults: 3943558
	Voluntary context switches: 10790
	Involuntary context switches: 2187
	Swaps: 0
	File system inputs: 0
	File system outputs: 498960
	Socket messages sent: 0
	Socket messages received: 0
	Signals delivered: 0
	Page size (bytes): 4096
	Exit status: 0
