nice: cannot set niceness: Permission denied
Precompiling packages...
  75794.5 ms  ✓ Pkg (serial)
  1 dependency successfully precompiled in 76 seconds
Precompiling packages...
    877.2 ms  ✓ OpenLibm_jll
    966.2 ms  ✓ Unicode
   1057.3 ms  ✓ CompilerSupportLibraries_jll
   1361.9 ms  ✓ StaticArraysCore
   1482.1 ms  ✓ DocStringExtensions
   1541.0 ms  ✓ Statistics
    772.6 ms  ✓ DiffResults
   1198.0 ms  ✓ Preferences
    683.0 ms  ✓ PrecompileTools
    797.3 ms  ✓ JLLWrappers
   3438.4 ms  ✓ FunctionWrappers
   2578.8 ms  ✓ NaNMath
   2810.5 ms  ✓ Compat
   3794.4 ms  ✓ IrrationalConstants
    920.6 ms  ✓ OpenSpecFun_jll
    411.8 ms  ✓ Compat → CompatLinearAlgebraExt
    596.3 ms  ✓ LogExpFunctions
   4884.6 ms  ✓ MacroTools
    466.0 ms  ✓ CommonSubexpressions
   2159.7 ms  ✓ ChainRulesCore
   2248.2 ms  ✓ SpecialFunctions
    542.5 ms  ✓ DiffRules
   1126.6 ms  ✓ LogExpFunctions → LogExpFunctionsChainRulesCoreExt
   1351.1 ms  ✓ SpecialFunctions → SpecialFunctionsChainRulesCoreExt
   7179.5 ms  ✓ StaticArrays
    499.8 ms  ✓ StaticArrays → StaticArraysStatisticsExt
   3738.0 ms  ✓ ForwardDiff
   1271.5 ms  ✓ StaticArrays → StaticArraysChainRulesCoreExt
    539.6 ms  ✓ ForwardDiff → ForwardDiffStaticArraysExt
  13434.0 ms  ✓ ReverseDiff
  30 dependencies successfully precompiled in 25 seconds. 4 already precompiled.
	Command being timed: "nice -n -10 timeout -k120 -v 3600 julia +1.12.4 --project=R/ReverseDiff/Gradient-Of-Square-Norm -e using Pkg; @time @eval Pkg.precompile()"
	User time (seconds): 176.07
	System time (seconds): 9.48
	Percent of CPU this job got: 182%
	Elapsed (wall clock) time (h:mm:ss or m:ss): 1:41.44
	Average shared text size (kbytes): 0
	Average unshared data size (kbytes): 0
	Average stack size (kbytes): 0
	Average total size (kbytes): 0
	Maximum resident set size (kbytes): 2098828
	Average resident set size (kbytes): 0
	Major (requiring I/O) page faults: 220
	Minor (reclaiming a frame) page faults: 3278734
	Voluntary context switches: 9691
	Involuntary context switches: 5627
	Swaps: 0
	File system inputs: 0
	File system outputs: 476592
	Socket messages sent: 0
	Socket messages received: 0
	Signals delivered: 0
	Page size (bytes): 4096
	Exit status: 0
