nice: cannot set niceness: Permission denied
Precompiling packages...
    999.0 ms  ✓ OpenLibm_jll
   1014.4 ms  ✓ CompilerSupportLibraries_jll
   1086.0 ms  ✓ StaticArraysCore
   1105.6 ms  ✓ SuiteSparse_jll
   1399.2 ms  ✓ Compat
   1416.9 ms  ✓ DocStringExtensions
   1488.9 ms  ✓ Preferences
   1712.7 ms  ✓ FunctionWrappers
    880.8 ms  ✓ NaNMath
    806.7 ms  ✓ DiffResults
    619.3 ms  ✓ Compat → CompatLinearAlgebraExt
    617.6 ms  ✓ PrecompileTools
    721.4 ms  ✓ JLLWrappers
   2427.5 ms  ✓ IrrationalConstants
    514.9 ms  ✓ OpenSpecFun_jll
    693.6 ms  ✓ LogExpFunctions
   3200.1 ms  ✓ MacroTools
   1387.2 ms  ✓ ChainRulesCore
    399.8 ms  ✓ CommonSubexpressions
    829.1 ms  ✓ LogExpFunctions → LogExpFunctionsChainRulesCoreExt
   3511.6 ms  ✓ SparseArrays
   1892.3 ms  ✓ SpecialFunctions
    416.3 ms  ✓ ChainRulesCore → ChainRulesCoreSparseArraysExt
    508.8 ms  ✓ Statistics
    451.9 ms  ✓ DiffRules
   1038.6 ms  ✓ SpecialFunctions → SpecialFunctionsChainRulesCoreExt
   5211.2 ms  ✓ StaticArrays
   2410.6 ms  ✓ ForwardDiff
    440.9 ms  ✓ StaticArrays → StaticArraysChainRulesCoreExt
    544.0 ms  ✓ StaticArrays → StaticArraysStatisticsExt
    458.9 ms  ✓ ForwardDiff → ForwardDiffStaticArraysExt
   9494.9 ms  ✓ ReverseDiff
  32 dependencies successfully precompiled in 18 seconds
	Command being timed: "nice -n -10 timeout -k120 -v 3600 julia +lts --project=R/ReverseDiff/Gradient-Of-Square-Norm -e using Pkg; @time @eval Pkg.precompile()"
	User time (seconds): 37.09
	System time (seconds): 5.25
	Percent of CPU this job got: 220%
	Elapsed (wall clock) time (h:mm:ss or m:ss): 0:19.19
	Average shared text size (kbytes): 0
	Average unshared data size (kbytes): 0
	Average stack size (kbytes): 0
	Average total size (kbytes): 0
	Maximum resident set size (kbytes): 468608
	Average resident set size (kbytes): 0
	Major (requiring I/O) page faults: 75
	Minor (reclaiming a frame) page faults: 1458218
	Voluntary context switches: 43951
	Involuntary context switches: 1168
	Swaps: 0
	File system inputs: 0
	File system outputs: 173696
	Socket messages sent: 0
	Socket messages received: 0
	Signals delivered: 0
	Page size (bytes): 4096
	Exit status: 0
