nice: cannot set niceness: Permission denied
Precompiling packages...
    479.2 ms  ✓ StaticArraysCore
    568.3 ms  ✓ Statistics
    582.4 ms  ✓ DocStringExtensions
    640.8 ms  ✓ OpenLibm_jll
    463.1 ms  ✓ Unicode
    464.5 ms  ✓ DiffResults
    526.8 ms  ✓ NaNMath
   1350.8 ms  ✓ IrrationalConstants
    659.8 ms  ✓ Compat
    679.6 ms  ✓ LogExpFunctions
    455.0 ms  ✓ Compat → CompatLinearAlgebraExt
   2063.0 ms  ✓ Preferences
    743.3 ms  ✓ PrecompileTools
   3477.2 ms  ✓ FunctionWrappers
    864.0 ms  ✓ JLLWrappers
   1391.4 ms  ✓ ChainRulesCore
    794.5 ms  ✓ OpenSpecFun_jll
   5126.1 ms  ✓ MacroTools
   1083.7 ms  ✓ LogExpFunctions → LogExpFunctionsChainRulesCoreExt
    456.1 ms  ✓ CommonSubexpressions
   2109.6 ms  ✓ SpecialFunctions
    533.7 ms  ✓ DiffRules
   1393.5 ms  ✓ SpecialFunctions → SpecialFunctionsChainRulesCoreExt
   3068.8 ms  ✓ ForwardDiff
  11210.1 ms  ✓ StaticArrays
    579.0 ms  ✓ StaticArrays → StaticArraysStatisticsExt
    587.7 ms  ✓ StaticArrays → StaticArraysChainRulesCoreExt
    655.8 ms  ✓ ForwardDiff → ForwardDiffStaticArraysExt
  12223.1 ms  ✓ ReverseDiff
  29 dependencies successfully precompiled in 28 seconds. 4 already precompiled.
	Command being timed: "nice -n -10 timeout -k120 -v 3600 julia +alpha --project=R/ReverseDiff/Gradient-Of-Square-Norm -e using Pkg; @time @eval Pkg.precompile()"
	User time (seconds): 189.83
	System time (seconds): 10.27
	Percent of CPU this job got: 143%
	Elapsed (wall clock) time (h:mm:ss or m:ss): 2:18.96
	Average shared text size (kbytes): 0
	Average unshared data size (kbytes): 0
	Average stack size (kbytes): 0
	Average total size (kbytes): 0
	Maximum resident set size (kbytes): 2590368
	Average resident set size (kbytes): 0
	Major (requiring I/O) page faults: 249
	Minor (reclaiming a frame) page faults: 4020053
	Voluntary context switches: 10204
	Involuntary context switches: 2481
	Swaps: 0
	File system inputs: 0
	File system outputs: 501000
	Socket messages sent: 0
	Socket messages received: 0
	Signals delivered: 0
	Page size (bytes): 4096
	Exit status: 0
