nice: cannot set niceness: Permission denied
Precompiling packages...
  73210.2 ms  ✓ Pkg (serial)
  1 dependency successfully precompiled in 73 seconds
Precompiling packages...
   1041.2 ms  ✓ CompilerSupportLibraries_jll
   1090.5 ms  ✓ StaticArraysCore
   1100.9 ms  ✓ OpenLibm_jll
   1126.8 ms  ✓ Unicode
   1244.6 ms  ✓ Statistics
   1392.8 ms  ✓ DocStringExtensions
    751.6 ms  ✓ DiffResults
   1026.3 ms  ✓ Preferences
    671.1 ms  ✓ PrecompileTools
    847.9 ms  ✓ JLLWrappers
   3138.4 ms  ✓ FunctionWrappers
   2319.8 ms  ✓ NaNMath
   3634.5 ms  ✓ IrrationalConstants
   2527.9 ms  ✓ Compat
    837.1 ms  ✓ OpenSpecFun_jll
    407.8 ms  ✓ Compat → CompatLinearAlgebraExt
    608.4 ms  ✓ LogExpFunctions
   4673.4 ms  ✓ MacroTools
    448.1 ms  ✓ CommonSubexpressions
   2145.2 ms  ✓ ChainRulesCore
   2189.8 ms  ✓ SpecialFunctions
    542.3 ms  ✓ DiffRules
   1107.5 ms  ✓ LogExpFunctions → LogExpFunctionsChainRulesCoreExt
   1292.7 ms  ✓ SpecialFunctions → SpecialFunctionsChainRulesCoreExt
   7099.9 ms  ✓ StaticArrays
    484.0 ms  ✓ StaticArrays → StaticArraysStatisticsExt
   3718.5 ms  ✓ ForwardDiff
   1247.9 ms  ✓ StaticArrays → StaticArraysChainRulesCoreExt
    545.5 ms  ✓ ForwardDiff → ForwardDiffStaticArraysExt
  13245.3 ms  ✓ ReverseDiff
  30 dependencies successfully precompiled in 24 seconds. 4 already precompiled.
	Command being timed: "nice -n -10 timeout -k120 -v 3600 julia +1.12.3 --project=R/ReverseDiff/Gradient-Of-Square-Norm -e using Pkg; @time @eval Pkg.precompile()"
	User time (seconds): 170.08
	System time (seconds): 9.70
	Percent of CPU this job got: 182%
	Elapsed (wall clock) time (h:mm:ss or m:ss): 1:38.44
	Average shared text size (kbytes): 0
	Average unshared data size (kbytes): 0
	Average stack size (kbytes): 0
	Average total size (kbytes): 0
	Maximum resident set size (kbytes): 2097304
	Average resident set size (kbytes): 0
	Major (requiring I/O) page faults: 221
	Minor (reclaiming a frame) page faults: 3335261
	Voluntary context switches: 10261
	Involuntary context switches: 5064
	Swaps: 0
	File system inputs: 0
	File system outputs: 476680
	Socket messages sent: 0
	Socket messages received: 0
	Signals delivered: 0
	Page size (bytes): 4096
	Exit status: 0
