nice: cannot set niceness: Permission denied
Precompiling packages...
  81712.5 ms  ✓ Pkg (serial)
  1 dependency successfully precompiled in 82 seconds
Precompiling packages...
   1121.9 ms  ✓ OpenLibm_jll
   1455.8 ms  ✓ StaticArraysCore
   1467.2 ms  ✓ Unicode
   1732.6 ms  ✓ CompilerSupportLibraries_jll
   2015.2 ms  ✓ Statistics
   2019.2 ms  ✓ DocStringExtensions
   1416.8 ms  ✓ DiffResults
   1844.3 ms  ✓ Preferences
   1151.5 ms  ✓ PrecompileTools
   1382.0 ms  ✓ JLLWrappers
   5826.0 ms  ✓ FunctionWrappers
   5142.1 ms  ✓ Compat
   5527.5 ms  ✓ NaNMath
   1927.0 ms  ✓ OpenSpecFun_jll
   6823.0 ms  ✓ IrrationalConstants
    868.7 ms  ✓ Compat → CompatLinearAlgebraExt
   1145.4 ms  ✓ LogExpFunctions
   9288.8 ms  ✓ MacroTools
    956.6 ms  ✓ CommonSubexpressions
   4593.0 ms  ✓ ChainRulesCore
   4940.3 ms  ✓ SpecialFunctions
   1076.6 ms  ✓ DiffRules
   2380.8 ms  ✓ LogExpFunctions → LogExpFunctionsChainRulesCoreExt
   2805.6 ms  ✓ SpecialFunctions → SpecialFunctionsChainRulesCoreExt
  15660.1 ms  ✓ StaticArrays
    957.2 ms  ✓ StaticArrays → StaticArraysStatisticsExt
   7844.1 ms  ✓ ForwardDiff
   1194.6 ms  ✓ ForwardDiff → ForwardDiffStaticArraysExt
   3146.5 ms  ✓ StaticArrays → StaticArraysChainRulesCoreExt
  27973.1 ms  ✓ ReverseDiff
  30 dependencies successfully precompiled in 51 seconds. 4 already precompiled.
	Command being timed: "nice -n -10 timeout -k120 -v 3600 julia +1.12.6 --project=R/ReverseDiff/Gradient-Of-Square-Norm -e using Pkg; @time @eval Pkg.precompile()"
	User time (seconds): 240.23
	System time (seconds): 11.59
	Percent of CPU this job got: 187%
	Elapsed (wall clock) time (h:mm:ss or m:ss): 2:14.12
	Average shared text size (kbytes): 0
	Average unshared data size (kbytes): 0
	Average stack size (kbytes): 0
	Average total size (kbytes): 0
	Maximum resident set size (kbytes): 2147540
	Average resident set size (kbytes): 0
	Major (requiring I/O) page faults: 370
	Minor (reclaiming a frame) page faults: 3299816
	Voluntary context switches: 9454
	Involuntary context switches: 11833
	Swaps: 0
	File system inputs: 0
	File system outputs: 485432
	Socket messages sent: 0
	Socket messages received: 0
	Signals delivered: 0
	Page size (bytes): 4096
	Exit status: 0
