nice: cannot set niceness: Permission denied
Precompiling packages...
  77611.6 ms  ✓ Pkg (serial)
  1 dependency successfully precompiled in 78 seconds
Precompiling packages...
    958.4 ms  ✓ OpenLibm_jll
   1049.3 ms  ✓ StaticArraysCore
   1128.3 ms  ✓ CompilerSupportLibraries_jll
   1139.1 ms  ✓ Unicode
   1338.4 ms  ✓ Statistics
   1411.6 ms  ✓ DocStringExtensions
    809.6 ms  ✓ DiffResults
   1072.0 ms  ✓ Preferences
    708.7 ms  ✓ PrecompileTools
    815.7 ms  ✓ JLLWrappers
   3430.9 ms  ✓ FunctionWrappers
   2592.0 ms  ✓ NaNMath
   2538.0 ms  ✓ Compat
    883.1 ms  ✓ OpenSpecFun_jll
   3983.8 ms  ✓ IrrationalConstants
    493.2 ms  ✓ Compat → CompatLinearAlgebraExt
    666.9 ms  ✓ LogExpFunctions
   4860.8 ms  ✓ MacroTools
    460.0 ms  ✓ CommonSubexpressions
   2111.2 ms  ✓ ChainRulesCore
   2334.2 ms  ✓ SpecialFunctions
   1188.5 ms  ✓ LogExpFunctions → LogExpFunctionsChainRulesCoreExt
    560.3 ms  ✓ DiffRules
   1446.9 ms  ✓ SpecialFunctions → SpecialFunctionsChainRulesCoreExt
   7240.8 ms  ✓ StaticArrays
    490.7 ms  ✓ StaticArrays → StaticArraysStatisticsExt
   3680.8 ms  ✓ ForwardDiff
   1375.1 ms  ✓ StaticArrays → StaticArraysChainRulesCoreExt
    546.0 ms  ✓ ForwardDiff → ForwardDiffStaticArraysExt
  13517.3 ms  ✓ ReverseDiff
  30 dependencies successfully precompiled in 25 seconds. 4 already precompiled.
	Command being timed: "nice -n -10 timeout -k120 -v 3600 julia +1.12.6 --project=R/ReverseDiff/Gradient-Of-Square-Norm -e using Pkg; @time @eval Pkg.precompile()"
	User time (seconds): 182.45
	System time (seconds): 9.61
	Percent of CPU this job got: 184%
	Elapsed (wall clock) time (h:mm:ss or m:ss): 1:43.97
	Average shared text size (kbytes): 0
	Average unshared data size (kbytes): 0
	Average stack size (kbytes): 0
	Average total size (kbytes): 0
	Maximum resident set size (kbytes): 2151976
	Average resident set size (kbytes): 0
	Major (requiring I/O) page faults: 219
	Minor (reclaiming a frame) page faults: 3308123
	Voluntary context switches: 10487
	Involuntary context switches: 4701
	Swaps: 0
	File system inputs: 0
	File system outputs: 487824
	Socket messages sent: 0
	Socket messages received: 0
	Signals delivered: 0
	Page size (bytes): 4096
	Exit status: 0
