nice: cannot set niceness: Permission denied
Precompiling packages...
   1063.7 ms  ✓ CompilerSupportLibraries_jll
   1072.1 ms  ✓ OpenLibm_jll
   1168.4 ms  ✓ SuiteSparse_jll
   1261.4 ms  ✓ StaticArraysCore
   1278.1 ms  ✓ DocStringExtensions
   1394.9 ms  ✓ Compat
   1590.1 ms  ✓ Preferences
   1683.2 ms  ✓ FunctionWrappers
    881.3 ms  ✓ NaNMath
    797.8 ms  ✓ DiffResults
    684.7 ms  ✓ Compat → CompatLinearAlgebraExt
   2350.4 ms  ✓ IrrationalConstants
    654.3 ms  ✓ PrecompileTools
    701.0 ms  ✓ JLLWrappers
    672.1 ms  ✓ LogExpFunctions
    545.4 ms  ✓ OpenSpecFun_jll
   3244.1 ms  ✓ MacroTools
   1338.4 ms  ✓ ChainRulesCore
    407.0 ms  ✓ CommonSubexpressions
    900.3 ms  ✓ LogExpFunctions → LogExpFunctionsChainRulesCoreExt
   3392.7 ms  ✓ SparseArrays
   2068.8 ms  ✓ SpecialFunctions
    400.7 ms  ✓ ChainRulesCore → ChainRulesCoreSparseArraysExt
    526.8 ms  ✓ Statistics
    450.2 ms  ✓ DiffRules
   1059.6 ms  ✓ SpecialFunctions → SpecialFunctionsChainRulesCoreExt
   5133.2 ms  ✓ StaticArrays
   2443.4 ms  ✓ ForwardDiff
    442.0 ms  ✓ StaticArrays → StaticArraysChainRulesCoreExt
    581.4 ms  ✓ StaticArrays → StaticArraysStatisticsExt
    469.2 ms  ✓ ForwardDiff → ForwardDiffStaticArraysExt
   9453.1 ms  ✓ ReverseDiff
  32 dependencies successfully precompiled in 18 seconds
	Command being timed: "nice -n -10 timeout -k120 -v 3600 julia +lts --project=R/ReverseDiff/Gradient-Of-Square-Norm -e using Pkg; @time @eval Pkg.precompile()"
	User time (seconds): 37.57
	System time (seconds): 5.33
	Percent of CPU this job got: 220%
	Elapsed (wall clock) time (h:mm:ss or m:ss): 0:19.49
	Average shared text size (kbytes): 0
	Average unshared data size (kbytes): 0
	Average stack size (kbytes): 0
	Average total size (kbytes): 0
	Maximum resident set size (kbytes): 486664
	Average resident set size (kbytes): 0
	Major (requiring I/O) page faults: 92
	Minor (reclaiming a frame) page faults: 1462770
	Voluntary context switches: 43987
	Involuntary context switches: 2370
	Swaps: 0
	File system inputs: 0
	File system outputs: 178728
	Socket messages sent: 0
	Socket messages received: 0
	Signals delivered: 0
	Page size (bytes): 4096
	Exit status: 0
