nice: cannot set niceness: Permission denied
Precompiling packages...
  75637.5 ms  ✓ Pkg (serial)
  1 dependency successfully precompiled in 76 seconds
Precompiling packages...
   1011.3 ms  ✓ OpenLibm_jll
   1020.2 ms  ✓ StaticArraysCore
   1082.4 ms  ✓ Unicode
   1288.9 ms  ✓ CompilerSupportLibraries_jll
   1487.8 ms  ✓ Statistics
   1484.5 ms  ✓ DocStringExtensions
    909.2 ms  ✓ DiffResults
   1140.6 ms  ✓ Preferences
    658.9 ms  ✓ PrecompileTools
    850.0 ms  ✓ JLLWrappers
   3483.0 ms  ✓ FunctionWrappers
   2532.8 ms  ✓ NaNMath
   2608.7 ms  ✓ Compat
    851.9 ms  ✓ OpenSpecFun_jll
   3948.2 ms  ✓ IrrationalConstants
    481.5 ms  ✓ Compat → CompatLinearAlgebraExt
    814.0 ms  ✓ LogExpFunctions
   4793.4 ms  ✓ MacroTools
    497.0 ms  ✓ CommonSubexpressions
   2180.0 ms  ✓ ChainRulesCore
   2280.9 ms  ✓ SpecialFunctions
   1228.7 ms  ✓ LogExpFunctions → LogExpFunctionsChainRulesCoreExt
    550.7 ms  ✓ DiffRules
   1446.9 ms  ✓ SpecialFunctions → SpecialFunctionsChainRulesCoreExt
   7456.3 ms  ✓ StaticArrays
    481.4 ms  ✓ StaticArrays → StaticArraysStatisticsExt
   3846.4 ms  ✓ ForwardDiff
   1424.5 ms  ✓ StaticArrays → StaticArraysChainRulesCoreExt
    561.9 ms  ✓ ForwardDiff → ForwardDiffStaticArraysExt
  13423.9 ms  ✓ ReverseDiff
  30 dependencies successfully precompiled in 25 seconds. 4 already precompiled.
	Command being timed: "nice -n -10 timeout -k120 -v 3600 julia +release --project=R/ReverseDiff/Gradient-Of-Square-Norm -e using Pkg; @time @eval Pkg.precompile()"
	User time (seconds): 176.28
	System time (seconds): 9.58
	Percent of CPU this job got: 182%
	Elapsed (wall clock) time (h:mm:ss or m:ss): 1:41.98
	Average shared text size (kbytes): 0
	Average unshared data size (kbytes): 0
	Average stack size (kbytes): 0
	Average total size (kbytes): 0
	Maximum resident set size (kbytes): 2159348
	Average resident set size (kbytes): 0
	Major (requiring I/O) page faults: 225
	Minor (reclaiming a frame) page faults: 3302604
	Voluntary context switches: 9813
	Involuntary context switches: 4649
	Swaps: 0
	File system inputs: 0
	File system outputs: 483472
	Socket messages sent: 0
	Socket messages received: 0
	Signals delivered: 0
	Page size (bytes): 4096
	Exit status: 0
