nice: cannot set niceness: Permission denied
Precompiling packages...
  75788.0 ms  ✓ Pkg (serial)
  1 dependency successfully precompiled in 76 seconds
Precompiling packages...
   1024.9 ms  ✓ OpenLibm_jll
   1107.2 ms  ✓ StaticArraysCore
   1210.1 ms  ✓ Unicode
   1221.1 ms  ✓ CompilerSupportLibraries_jll
   1429.2 ms  ✓ Statistics
   1508.0 ms  ✓ DocStringExtensions
    899.6 ms  ✓ DiffResults
   1119.4 ms  ✓ Preferences
    703.2 ms  ✓ PrecompileTools
    868.2 ms  ✓ JLLWrappers
   3355.0 ms  ✓ FunctionWrappers
   2606.3 ms  ✓ NaNMath
   2621.2 ms  ✓ Compat
   3957.3 ms  ✓ IrrationalConstants
    854.5 ms  ✓ OpenSpecFun_jll
    441.1 ms  ✓ Compat → CompatLinearAlgebraExt
    598.5 ms  ✓ LogExpFunctions
   4934.9 ms  ✓ MacroTools
    461.9 ms  ✓ CommonSubexpressions
   2145.8 ms  ✓ ChainRulesCore
   2403.3 ms  ✓ SpecialFunctions
    552.1 ms  ✓ DiffRules
   1167.3 ms  ✓ LogExpFunctions → LogExpFunctionsChainRulesCoreExt
   1393.8 ms  ✓ SpecialFunctions → SpecialFunctionsChainRulesCoreExt
   7115.8 ms  ✓ StaticArrays
    488.1 ms  ✓ StaticArrays → StaticArraysStatisticsExt
   3858.5 ms  ✓ ForwardDiff
   1411.0 ms  ✓ StaticArrays → StaticArraysChainRulesCoreExt
    525.6 ms  ✓ ForwardDiff → ForwardDiffStaticArraysExt
  13400.0 ms  ✓ ReverseDiff
  30 dependencies successfully precompiled in 25 seconds. 4 already precompiled.
  4 dependencies precompiled but different versions are currently loaded (Dates, Printf, TOML and UUIDs). Restart julia to access the new versions. Otherwise, 17 dependents of these packages may trigger further precompilation to work with the unexpected versions.
	Command being timed: "nice -n -10 timeout -k120 -v 3600 julia +1.12.7 --project=R/ReverseDiff/Gradient-Of-Square-Norm -e using Pkg; @time @eval Pkg.precompile()"
	User time (seconds): 177.31
	System time (seconds): 9.71
	Percent of CPU this job got: 183%
	Elapsed (wall clock) time (h:mm:ss or m:ss): 1:42.17
	Average shared text size (kbytes): 0
	Average unshared data size (kbytes): 0
	Average stack size (kbytes): 0
	Average total size (kbytes): 0
	Maximum resident set size (kbytes): 2163940
	Average resident set size (kbytes): 0
	Major (requiring I/O) page faults: 214
	Minor (reclaiming a frame) page faults: 3321921
	Voluntary context switches: 10265
	Involuntary context switches: 4963
	Swaps: 0
	File system inputs: 0
	File system outputs: 491632
	Socket messages sent: 0
	Socket messages received: 0
	Signals delivered: 0
	Page size (bytes): 4096
	Exit status: 0
