nice: cannot set niceness: Permission denied
Precompiling packages...
    918.3 ms  ✓ LazyArtifacts
    927.8 ms  ✓ Reexport
   1010.0 ms  ✓ HashArrayMappedTries
   1031.7 ms  ✓ StaticArraysCore
   1044.8 ms  ✓ SuiteSparse_jll
   1052.6 ms  ✓ CEnum
   1120.9 ms  ✓ Requires
   1319.5 ms  ✓ Preferences
    516.3 ms  ✓ ScopedValues
    514.0 ms  ✓ Adapt
    438.5 ms  ✓ PrecompileTools
    525.8 ms  ✓ JLLWrappers
    478.0 ms  ✓ GPUArraysCore
    562.7 ms  ✓ LLVMExtra_jll
   2897.3 ms  ✓ UnsafeAtomics
   2762.9 ms  ✓ MacroTools
    348.2 ms  ✓ Atomix
   3030.9 ms  ✓ SparseArrays
    360.7 ms  ✓ Adapt → AdaptSparseArraysExt
    487.2 ms  ✓ Statistics
   3808.2 ms  ✓ LLVM
   5033.3 ms  ✓ StaticArrays
    386.1 ms  ✓ Adapt → AdaptStaticArraysExt
   1067.6 ms  ✓ UnsafeAtomics → UnsafeAtomicsLLVM
    533.5 ms  ✓ StaticArrays → StaticArraysStatisticsExt
   1786.6 ms  ✓ KernelAbstractions
    419.0 ms  ✓ KernelAbstractions → LinearAlgebraExt
    538.2 ms  ✓ KernelAbstractions → SparseArraysExt
   2063.7 ms  ✓ GPUArrays
    822.2 ms  ✓ JLArrays
  30 dependencies successfully precompiled in 14 seconds
	Command being timed: "nice -n -10 timeout -k120 -v 3600 julia +lts --project=J/JLArrays/Matrix-Multiplication-On-Gpu-Like-Arrays -e using Pkg; @time @eval Pkg.precompile()"
	User time (seconds): 30.07
	System time (seconds): 5.34
	Percent of CPU this job got: 244%
	Elapsed (wall clock) time (h:mm:ss or m:ss): 0:14.49
	Average shared text size (kbytes): 0
	Average unshared data size (kbytes): 0
	Average stack size (kbytes): 0
	Average total size (kbytes): 0
	Maximum resident set size (kbytes): 474268
	Average resident set size (kbytes): 0
	Major (requiring I/O) page faults: 64
	Minor (reclaiming a frame) page faults: 1392919
	Voluntary context switches: 40960
	Involuntary context switches: 1177
	Swaps: 0
	File system inputs: 0
	File system outputs: 148392
	Socket messages sent: 0
	Socket messages received: 0
	Signals delivered: 0
	Page size (bytes): 4096
	Exit status: 0
