nice: cannot set niceness: Permission denied
Precompiling packages...
    957.8 ms  ✓ Reexport
    963.4 ms  ✓ LazyArtifacts
   1051.6 ms  ✓ CEnum
   1060.1 ms  ✓ HashArrayMappedTries
   1061.3 ms  ✓ SuiteSparse_jll
   1147.5 ms  ✓ Requires
   1174.0 ms  ✓ StaticArraysCore
   1340.5 ms  ✓ Preferences
    564.9 ms  ✓ ScopedValues
    524.2 ms  ✓ Adapt
    489.0 ms  ✓ PrecompileTools
    530.0 ms  ✓ JLLWrappers
    495.4 ms  ✓ GPUArraysCore
    567.7 ms  ✓ LLVMExtra_jll
   2901.1 ms  ✓ UnsafeAtomics
   2849.5 ms  ✓ MacroTools
    379.8 ms  ✓ Atomix
   3050.1 ms  ✓ SparseArrays
    368.6 ms  ✓ Adapt → AdaptSparseArraysExt
    486.8 ms  ✓ Statistics
   3787.0 ms  ✓ LLVM
   4991.5 ms  ✓ StaticArrays
    386.8 ms  ✓ Adapt → AdaptStaticArraysExt
   1085.1 ms  ✓ UnsafeAtomics → UnsafeAtomicsLLVM
    537.6 ms  ✓ StaticArrays → StaticArraysStatisticsExt
   1790.7 ms  ✓ KernelAbstractions
    423.3 ms  ✓ KernelAbstractions → LinearAlgebraExt
SparseArraysExt Waiting for background task / IO / timer.
[pid 108684] waiting for IO to finish:
 Handle type        uv_handle_t->data
 timer              0x10807b90->0x75eb34c259c0
This means that a package has started a background task or event source that has not finished running. For precompilation to complete successfully, the event source needs to be closed explicitly. See the developer documentation on fixing precompilation hangs for more help.
  20495.4 ms  ✓ KernelAbstractions → SparseArraysExt
   2060.8 ms  ✓ GPUArrays
    828.7 ms  ✓ JLArrays
  30 dependencies successfully precompiled in 33 seconds
  1 dependency had output during precompilation:
┌ KernelAbstractions → SparseArraysExt
│  [pid 108684] waiting for IO to finish:
│   Handle type        uv_handle_t->data
│   timer              0x10807b90->0x75eb34c259c0
│  This means that a package has started a background task or event source that has not finished running. For precompilation to complete successfully, the event source needs to be closed explicitly. See the developer documentation on fixing precompilation hangs for more help.
└  
	Command being timed: "nice -n -10 timeout -k120 -v 3600 julia +lts --project=J/JLArrays/Matrix-Multiplication-On-Gpu-Like-Arrays -e using Pkg; @time @eval Pkg.precompile()"
	User time (seconds): 30.44
	System time (seconds): 5.17
	Percent of CPU this job got: 104%
	Elapsed (wall clock) time (h:mm:ss or m:ss): 0:34.24
	Average shared text size (kbytes): 0
	Average unshared data size (kbytes): 0
	Average stack size (kbytes): 0
	Average total size (kbytes): 0
	Maximum resident set size (kbytes): 465624
	Average resident set size (kbytes): 0
	Major (requiring I/O) page faults: 82
	Minor (reclaiming a frame) page faults: 1400169
	Voluntary context switches: 40548
	Involuntary context switches: 1432
	Swaps: 0
	File system inputs: 0
	File system outputs: 152768
	Socket messages sent: 0
	Socket messages received: 0
	Signals delivered: 0
	Page size (bytes): 4096
	Exit status: 0
