nice: cannot set niceness: Permission denied
Precompiling packages...
    956.2 ms  ✓ LazyArtifacts
    966.3 ms  ✓ Reexport
   1083.6 ms  ✓ CEnum
   1141.6 ms  ✓ StaticArraysCore
   1136.2 ms  ✓ HashArrayMappedTries
   1140.3 ms  ✓ SuiteSparse_jll
   1192.0 ms  ✓ Requires
   1396.4 ms  ✓ Preferences
    496.1 ms  ✓ ScopedValues
    550.6 ms  ✓ Adapt
    484.4 ms  ✓ PrecompileTools
    563.0 ms  ✓ JLLWrappers
    510.0 ms  ✓ GPUArraysCore
    704.6 ms  ✓ LLVMExtra_jll
   2856.6 ms  ✓ MacroTools
   3001.3 ms  ✓ UnsafeAtomics
    355.9 ms  ✓ Atomix
   2976.5 ms  ✓ SparseArrays
    379.1 ms  ✓ Adapt → AdaptSparseArraysExt
    502.1 ms  ✓ Statistics
   3688.7 ms  ✓ LLVM
   5096.3 ms  ✓ StaticArrays
    406.7 ms  ✓ Adapt → AdaptStaticArraysExt
   1100.1 ms  ✓ UnsafeAtomics → UnsafeAtomicsLLVM
    559.4 ms  ✓ StaticArrays → StaticArraysStatisticsExt
   1886.4 ms  ✓ KernelAbstractions
    438.3 ms  ✓ KernelAbstractions → LinearAlgebraExt
SparseArraysExt Waiting for background task / IO / timer.
[pid 3644463] waiting for IO to finish:
 Handle type        uv_handle_t->data
 timer              0x3e453640->0x7e3d9f237e50
This means that a package has started a background task or event source that has not finished running. For precompilation to complete successfully, the event source needs to be closed explicitly. See the developer documentation on fixing precompilation hangs for more help.
  20512.3 ms  ✓ KernelAbstractions → SparseArraysExt
   2162.0 ms  ✓ GPUArrays
    862.1 ms  ✓ JLArrays
  30 dependencies successfully precompiled in 33 seconds
  1 dependency had output during precompilation:
┌ KernelAbstractions → SparseArraysExt
│  [pid 3644463] waiting for IO to finish:
│   Handle type        uv_handle_t->data
│   timer              0x3e453640->0x7e3d9f237e50
│  This means that a package has started a background task or event source that has not finished running. For precompilation to complete successfully, the event source needs to be closed explicitly. See the developer documentation on fixing precompilation hangs for more help.
└  
	Command being timed: "nice -n -10 timeout -k120 -v 3600 julia +lts --project=J/JLArrays/Matrix-Multiplication-On-Gpu-Like-Arrays -e using Pkg; @time @eval Pkg.precompile()"
	User time (seconds): 31.11
	System time (seconds): 5.31
	Percent of CPU this job got: 104%
	Elapsed (wall clock) time (h:mm:ss or m:ss): 0:34.73
	Average shared text size (kbytes): 0
	Average unshared data size (kbytes): 0
	Average stack size (kbytes): 0
	Average total size (kbytes): 0
	Maximum resident set size (kbytes): 443840
	Average resident set size (kbytes): 0
	Major (requiring I/O) page faults: 75
	Minor (reclaiming a frame) page faults: 1396957
	Voluntary context switches: 40087
	Involuntary context switches: 1831
	Swaps: 0
	File system inputs: 0
	File system outputs: 154928
	Socket messages sent: 0
	Socket messages received: 0
	Signals delivered: 0
	Page size (bytes): 4096
	Exit status: 0
