nice: cannot set niceness: Permission denied
Precompiling packages...
   1464.2 ms  ✓ Zlib_jll
   1644.8 ms  ✓ UUIDs
   1678.2 ms  ✓ OpenSSL_jll
   1653.6 ms  ✓ Unicode
   1654.4 ms  ✓ Logging
   1647.9 ms  ✓ MozillaCACerts_jll
   1659.7 ms  ✓ nghttp2_jll
   1736.7 ms  ✓ CompilerSupportLibraries_jll
   1785.8 ms  ✓ NetworkOptions
   1857.6 ms  ✓ Base64
    525.0 ms  ✓ LibSSH2_jll
    600.0 ms  ✓ p7zip_jll
    718.2 ms  ✓ Printf
    475.9 ms  ✓ LibCURL_jll
    478.4 ms  ✓ LibGit2_jll
   3228.2 ms  ✓ ArgTools
    754.7 ms  ✓ LibCURL
    641.6 ms  ✓ Tar
   3006.9 ms  ✓ Dates
    454.2 ms  ✓ TOML
   3185.8 ms  ✓ LibGit2
   3015.9 ms  ✓ Downloads
   9687.9 ms  ✓ StyledStrings
   1759.4 ms  ✓ JuliaSyntaxHighlighting
   3982.9 ms  ✓ Markdown
  47673.2 ms  ✓ Pkg
  26 dependencies successfully precompiled in 63 seconds
Precompiling packages...
   1855.5 ms  ✓ Reexport
   2253.8 ms  ✓ Adapt
   2266.5 ms  ✓ SuiteSparse_jll
   2261.8 ms  ✓ HashArrayMappedTries
   2445.5 ms  ✓ StaticArraysCore
   2536.1 ms  ✓ Statistics
   2967.6 ms  ✓ Serialization
   3015.3 ms  ✓ Requires
   3045.1 ms  ✓ Preferences
   3590.9 ms  ✓ LazyArtifacts
   1492.3 ms  ✓ ScopedValues
   1637.1 ms  ✓ GPUArraysCore
   1019.3 ms  ✓ PrecompileTools
   1179.0 ms  ✓ JLLWrappers
   4759.8 ms  ✓ CEnum
   5309.0 ms  ✓ UnsafeAtomics
   5844.8 ms  ✓ InteractiveUtils
    650.1 ms  ✓ Atomix
   1837.8 ms  ✓ LLVMExtra_jll
   6713.4 ms  ✓ MacroTools
   5711.7 ms  ✓ SparseArrays
    495.5 ms  ✓ Adapt → AdaptSparseArraysExt
    502.8 ms  ✓ Statistics → SparseArraysExt
   7488.3 ms  ✓ StaticArrays
    478.1 ms  ✓ StaticArrays → StaticArraysStatisticsExt
    494.4 ms  ✓ Adapt → AdaptStaticArraysExt
   7534.1 ms  ✓ LLVM
   1381.7 ms  ✓ UnsafeAtomics → UnsafeAtomicsLLVM
   3606.8 ms  ✓ KernelAbstractions
    553.5 ms  ✓ KernelAbstractions → LinearAlgebraExt
    704.2 ms  ✓ KernelAbstractions → SparseArraysExt
   4194.1 ms  ✓ GPUArrays
   2202.5 ms  ✓ JLArrays
  33 dependencies successfully precompiled in 23 seconds. 26 already precompiled.
	Command being timed: "nice -n -10 timeout -k120 -v 3600 julia +1.12.6 --project=J/JLArrays/Matrix-Multiplication-On-Gpu-Like-Arrays -e using Pkg; @time @eval Pkg.precompile()"
	User time (seconds): 186.89
	System time (seconds): 12.49
	Percent of CPU this job got: 228%
	Elapsed (wall clock) time (h:mm:ss or m:ss): 1:27.22
	Average shared text size (kbytes): 0
	Average unshared data size (kbytes): 0
	Average stack size (kbytes): 0
	Average total size (kbytes): 0
	Maximum resident set size (kbytes): 2195548
	Average resident set size (kbytes): 0
	Major (requiring I/O) page faults: 268
	Minor (reclaiming a frame) page faults: 3642753
	Voluntary context switches: 11544
	Involuntary context switches: 6641
	Swaps: 0
	File system inputs: 0
	File system outputs: 482488
	Socket messages sent: 0
	Socket messages received: 0
	Signals delivered: 0
	Page size (bytes): 4096
	Exit status: 0
