nice: cannot set niceness: Permission denied
Precompiling packages...
    952.7 ms  ✓ Reexport
   1028.5 ms  ✓ CEnum
   1028.6 ms  ✓ HashArrayMappedTries
   1035.0 ms  ✓ LazyArtifacts
   1111.0 ms  ✓ StaticArraysCore
   1107.8 ms  ✓ SuiteSparse_jll
   1203.6 ms  ✓ Requires
   1321.7 ms  ✓ Preferences
    522.1 ms  ✓ ScopedValues
    504.5 ms  ✓ Adapt
    444.8 ms  ✓ PrecompileTools
    514.4 ms  ✓ JLLWrappers
    455.4 ms  ✓ GPUArraysCore
    564.9 ms  ✓ LLVMExtra_jll
   3009.2 ms  ✓ UnsafeAtomics
   2871.6 ms  ✓ MacroTools
    348.7 ms  ✓ Atomix
   3039.4 ms  ✓ SparseArrays
    371.7 ms  ✓ Adapt → AdaptSparseArraysExt
    488.0 ms  ✓ Statistics
   3838.7 ms  ✓ LLVM
   4982.9 ms  ✓ StaticArrays
    405.6 ms  ✓ Adapt → AdaptStaticArraysExt
    545.3 ms  ✓ StaticArrays → StaticArraysStatisticsExt
   1053.2 ms  ✓ UnsafeAtomics → UnsafeAtomicsLLVM
   1827.1 ms  ✓ KernelAbstractions
    414.7 ms  ✓ KernelAbstractions → LinearAlgebraExt
    542.4 ms  ✓ KernelAbstractions → SparseArraysExt
   2075.2 ms  ✓ GPUArrays
    835.5 ms  ✓ JLArrays
  30 dependencies successfully precompiled in 14 seconds
	Command being timed: "nice -n -10 timeout -k120 -v 3600 julia +lts --project=J/JLArrays/Matrix-Multiplication-On-Gpu-Like-Arrays -e using Pkg; @time @eval Pkg.precompile()"
	User time (seconds): 30.11
	System time (seconds): 5.33
	Percent of CPU this job got: 242%
	Elapsed (wall clock) time (h:mm:ss or m:ss): 0:14.61
	Average shared text size (kbytes): 0
	Average unshared data size (kbytes): 0
	Average stack size (kbytes): 0
	Average total size (kbytes): 0
	Maximum resident set size (kbytes): 479644
	Average resident set size (kbytes): 0
	Major (requiring I/O) page faults: 225
	Minor (reclaiming a frame) page faults: 1397570
	Voluntary context switches: 41376
	Involuntary context switches: 1172
	Swaps: 0
	File system inputs: 0
	File system outputs: 148712
	Socket messages sent: 0
	Socket messages received: 0
	Signals delivered: 0
	Page size (bytes): 4096
	Exit status: 0
