nice: cannot set niceness: Permission denied
Precompiling packages...
    435.7 ms  ✓ Reexport
    524.3 ms  ✓ StaticArraysCore
    606.0 ms  ✓ Statistics
    917.1 ms  ✓ SuiteSparse_jll
    531.9 ms  ✓ HashArrayMappedTries
    778.9 ms  ✓ Requires
    686.2 ms  ✓ Serialization
    468.8 ms  ✓ CEnum
   1906.1 ms  ✓ UnsafeAtomics
   1386.4 ms  ✓ InteractiveUtils
    481.7 ms  ✓ ScopedValues
    518.4 ms  ✓ Adapt
    888.6 ms  ✓ LazyArtifacts
   2298.8 ms  ✓ Preferences
   1049.6 ms  ✓ Atomix
    594.7 ms  ✓ GPUArraysCore
    563.0 ms  ✓ JLLWrappers
    441.8 ms  ✓ PrecompileTools
   4074.9 ms  ✓ SparseArrays
   1230.9 ms  ✓ LLVMExtra_jll
   5959.4 ms  ✓ MacroTools
    556.2 ms  ✓ Adapt → AdaptSparseArraysExt
    624.2 ms  ✓ Statistics → SparseArraysExt
   5138.8 ms  ✓ LLVM
   1312.5 ms  ✓ UnsafeAtomics → UnsafeAtomicsLLVM
  12555.0 ms  ✓ StaticArrays
    479.6 ms  ✓ Adapt → AdaptStaticArraysExt
    484.7 ms  ✓ StaticArrays → StaticArraysStatisticsExt
   2974.7 ms  ✓ KernelAbstractions
    549.3 ms  ✓ KernelAbstractions → LinearAlgebraExt
    705.5 ms  ✓ KernelAbstractions → SparseArraysExt
   3103.9 ms  ✓ GPUArrays
   1381.9 ms  ✓ JLArrays
  33 dependencies successfully precompiled in 26 seconds. 27 already precompiled.
	Command being timed: "nice -n -10 timeout -k120 -v 3600 julia +nightly --project=J/JLArrays/Matrix-Multiplication-On-Gpu-Like-Arrays -e using Pkg; @time @eval Pkg.precompile()"
	User time (seconds): 215.14
	System time (seconds): 12.47
	Percent of CPU this job got: 166%
	Elapsed (wall clock) time (h:mm:ss or m:ss): 2:16.31
	Average shared text size (kbytes): 0
	Average unshared data size (kbytes): 0
	Average stack size (kbytes): 0
	Average total size (kbytes): 0
	Maximum resident set size (kbytes): 2578296
	Average resident set size (kbytes): 0
	Major (requiring I/O) page faults: 263
	Minor (reclaiming a frame) page faults: 4540806
	Voluntary context switches: 12211
	Involuntary context switches: 3394
	Swaps: 0
	File system inputs: 0
	File system outputs: 496616
	Socket messages sent: 0
	Socket messages received: 0
	Signals delivered: 0
	Page size (bytes): 4096
	Exit status: 0
