nice: cannot set niceness: Permission denied
Precompiling packages...
   1507.8 ms  ✓ Logging
   1511.9 ms  ✓ MozillaCACerts_jll
   1567.2 ms  ✓ OpenSSL_jll
   1713.6 ms  ✓ UUIDs
   1712.1 ms  ✓ Zlib_jll
   1819.1 ms  ✓ Unicode
   1804.2 ms  ✓ nghttp2_jll
   1821.8 ms  ✓ NetworkOptions
   1832.6 ms  ✓ Base64
   1841.6 ms  ✓ CompilerSupportLibraries_jll
    660.3 ms  ✓ LibSSH2_jll
    585.8 ms  ✓ p7zip_jll
    686.4 ms  ✓ Printf
    501.6 ms  ✓ LibGit2_jll
    501.1 ms  ✓ LibCURL_jll
   3200.9 ms  ✓ ArgTools
    777.0 ms  ✓ LibCURL
    641.8 ms  ✓ Tar
   2888.9 ms  ✓ Dates
   3019.2 ms  ✓ LibGit2
    455.1 ms  ✓ TOML
   3011.8 ms  ✓ Downloads
   9410.6 ms  ✓ StyledStrings
   1698.6 ms  ✓ JuliaSyntaxHighlighting
   3907.8 ms  ✓ Markdown
  47897.5 ms  ✓ Pkg
  26 dependencies successfully precompiled in 63 seconds
Precompiling packages...
   2066.2 ms  ✓ Reexport
   2272.1 ms  ✓ Adapt
   2364.9 ms  ✓ SuiteSparse_jll
   2458.1 ms  ✓ StaticArraysCore
   2455.0 ms  ✓ HashArrayMappedTries
   2571.7 ms  ✓ Statistics
   2887.7 ms  ✓ Serialization
   2941.8 ms  ✓ Preferences
   3251.5 ms  ✓ Requires
   1409.6 ms  ✓ ScopedValues
   3805.0 ms  ✓ LazyArtifacts
   1729.6 ms  ✓ GPUArraysCore
   1194.2 ms  ✓ PrecompileTools
   1335.9 ms  ✓ JLLWrappers
   4768.8 ms  ✓ CEnum
   5480.3 ms  ✓ UnsafeAtomics
   6030.5 ms  ✓ InteractiveUtils
    627.1 ms  ✓ Atomix
   1841.6 ms  ✓ LLVMExtra_jll
   6888.1 ms  ✓ MacroTools
   5805.8 ms  ✓ SparseArrays
    492.4 ms  ✓ Adapt → AdaptSparseArraysExt
    508.3 ms  ✓ Statistics → SparseArraysExt
   7516.9 ms  ✓ StaticArrays
    480.6 ms  ✓ StaticArrays → StaticArraysStatisticsExt
    479.3 ms  ✓ Adapt → AdaptStaticArraysExt
   7569.8 ms  ✓ LLVM
   1394.7 ms  ✓ UnsafeAtomics → UnsafeAtomicsLLVM
   3626.7 ms  ✓ KernelAbstractions
    555.8 ms  ✓ KernelAbstractions → LinearAlgebraExt
    701.7 ms  ✓ KernelAbstractions → SparseArraysExt
   4234.6 ms  ✓ GPUArrays
   2268.9 ms  ✓ JLArrays
  33 dependencies successfully precompiled in 23 seconds. 26 already precompiled.
	Command being timed: "nice -n -10 timeout -k120 -v 3600 julia +release --project=J/JLArrays/Matrix-Multiplication-On-Gpu-Like-Arrays -e using Pkg; @time @eval Pkg.precompile()"
	User time (seconds): 187.35
	System time (seconds): 12.45
	Percent of CPU this job got: 229%
	Elapsed (wall clock) time (h:mm:ss or m:ss): 1:27.18
	Average shared text size (kbytes): 0
	Average unshared data size (kbytes): 0
	Average stack size (kbytes): 0
	Average total size (kbytes): 0
	Maximum resident set size (kbytes): 2196352
	Average resident set size (kbytes): 0
	Major (requiring I/O) page faults: 227
	Minor (reclaiming a frame) page faults: 3616911
	Voluntary context switches: 11704
	Involuntary context switches: 7318
	Swaps: 0
	File system inputs: 0
	File system outputs: 481104
	Socket messages sent: 0
	Socket messages received: 0
	Signals delivered: 0
	Page size (bytes): 4096
	Exit status: 0
