nice: cannot set niceness: Permission denied
Precompiling packages...
   1731.3 ms  ✓ Logging
   1852.9 ms  ✓ OpenSSL_jll
   1833.0 ms  ✓ Zlib_jll
   1903.0 ms  ✓ UUIDs
   1892.5 ms  ✓ MozillaCACerts_jll
   1990.7 ms  ✓ nghttp2_jll
   2020.8 ms  ✓ NetworkOptions
   2026.2 ms  ✓ Unicode
   2021.6 ms  ✓ Base64
   2019.2 ms  ✓ CompilerSupportLibraries_jll
    634.9 ms  ✓ LibSSH2_jll
    611.8 ms  ✓ p7zip_jll
    715.6 ms  ✓ Printf
    550.9 ms  ✓ LibGit2_jll
    548.7 ms  ✓ LibCURL_jll
   3666.0 ms  ✓ ArgTools
    900.9 ms  ✓ LibCURL
    685.0 ms  ✓ Tar
   3329.9 ms  ✓ Dates
   3273.3 ms  ✓ LibGit2
    474.2 ms  ✓ TOML
   3306.5 ms  ✓ Downloads
  10550.8 ms  ✓ StyledStrings
   3081.2 ms  ✓ JuliaSyntaxHighlighting
   7391.6 ms  ✓ Markdown
  60218.4 ms  ✓ Pkg
  26 dependencies successfully precompiled in 81 seconds
Precompiling packages...
   1366.9 ms  ✓ Reexport
   1854.8 ms  ✓ SuiteSparse_jll
   1986.7 ms  ✓ HashArrayMappedTries
   2304.4 ms  ✓ StaticArraysCore
   2348.8 ms  ✓ Statistics
   2446.3 ms  ✓ Serialization
   2543.5 ms  ✓ Preferences
   1839.0 ms  ✓ ScopedValues
   4022.1 ms  ✓ Requires
   1738.5 ms  ✓ PrecompileTools
   2113.8 ms  ✓ JLLWrappers
   4723.3 ms  ✓ LazyArtifacts
   5348.2 ms  ✓ CEnum
   1490.1 ms  ✓ Adapt
   7041.0 ms  ✓ UnsafeAtomics
   1720.1 ms  ✓ GPUArraysCore
   7750.4 ms  ✓ InteractiveUtils
   1037.3 ms  ✓ Atomix
   3343.2 ms  ✓ LLVMExtra_jll
   9292.1 ms  ✓ MacroTools
   8413.8 ms  ✓ SparseArrays
    546.8 ms  ✓ Adapt → AdaptSparseArraysExt
    560.9 ms  ✓ Statistics → SparseArraysExt
  11134.8 ms  ✓ StaticArrays
   7778.1 ms  ✓ LLVM
    901.7 ms  ✓ StaticArrays → StaticArraysStatisticsExt
    949.2 ms  ✓ Adapt → AdaptStaticArraysExt
   2495.6 ms  ✓ UnsafeAtomics → UnsafeAtomicsLLVM
   5196.7 ms  ✓ KernelAbstractions
    703.9 ms  ✓ KernelAbstractions → LinearAlgebraExt
   1275.3 ms  ✓ KernelAbstractions → SparseArraysExt
   5415.8 ms  ✓ GPUArrays
   2641.0 ms  ✓ JLArrays
  33 dependencies successfully precompiled in 31 seconds. 26 already precompiled.
	Command being timed: "nice -n -10 timeout -k120 -v 3600 julia +1.12.5 --project=J/JLArrays/Matrix-Multiplication-On-Gpu-Like-Arrays -e using Pkg; @time @eval Pkg.precompile()"
	User time (seconds): 249.28
	System time (seconds): 13.93
	Percent of CPU this job got: 230%
	Elapsed (wall clock) time (h:mm:ss or m:ss): 1:54.11
	Average shared text size (kbytes): 0
	Average unshared data size (kbytes): 0
	Average stack size (kbytes): 0
	Average total size (kbytes): 0
	Maximum resident set size (kbytes): 2184208
	Average resident set size (kbytes): 0
	Major (requiring I/O) page faults: 246
	Minor (reclaiming a frame) page faults: 3592890
	Voluntary context switches: 10589
	Involuntary context switches: 14852
	Swaps: 0
	File system inputs: 0
	File system outputs: 466776
	Socket messages sent: 0
	Socket messages received: 0
	Signals delivered: 0
	Page size (bytes): 4096
	Exit status: 0
