nice: cannot set niceness: Permission denied
Precompiling packages...
    411.8 ms  ✓ Reexport
    514.0 ms  ✓ StaticArraysCore
    597.1 ms  ✓ Statistics
    881.4 ms  ✓ SuiteSparse_jll
    510.7 ms  ✓ HashArrayMappedTries
    770.7 ms  ✓ Requires
    459.8 ms  ✓ CEnum
    683.0 ms  ✓ Serialization
   1913.0 ms  ✓ UnsafeAtomics
    865.3 ms  ✓ LazyArtifacts
   1374.1 ms  ✓ InteractiveUtils
    484.9 ms  ✓ ScopedValues
    518.5 ms  ✓ Adapt
    548.2 ms  ✓ GPUArraysCore
   2163.1 ms  ✓ Preferences
   1012.3 ms  ✓ Atomix
    417.8 ms  ✓ PrecompileTools
    517.9 ms  ✓ JLLWrappers
   5256.3 ms  ✓ MacroTools
   1168.0 ms  ✓ LLVMExtra_jll
   3776.3 ms  ✓ SparseArrays
    478.8 ms  ✓ Adapt → AdaptSparseArraysExt
    505.2 ms  ✓ Statistics → SparseArraysExt
   5160.9 ms  ✓ LLVM
   1273.4 ms  ✓ UnsafeAtomics → UnsafeAtomicsLLVM
  10744.9 ms  ✓ StaticArrays
    466.9 ms  ✓ Adapt → AdaptStaticArraysExt
    474.0 ms  ✓ StaticArrays → StaticArraysStatisticsExt
   2970.2 ms  ✓ KernelAbstractions
    544.8 ms  ✓ KernelAbstractions → LinearAlgebraExt
    695.0 ms  ✓ KernelAbstractions → SparseArraysExt
   3092.4 ms  ✓ GPUArrays
   1359.4 ms  ✓ JLArrays
  33 dependencies successfully precompiled in 23 seconds. 27 already precompiled.
	Command being timed: "nice -n -10 timeout -k120 -v 3600 julia +nightly --project=J/JLArrays/Matrix-Multiplication-On-Gpu-Like-Arrays -e using Pkg; @time @eval Pkg.precompile()"
	User time (seconds): 208.36
	System time (seconds): 11.48
	Percent of CPU this job got: 168%
	Elapsed (wall clock) time (h:mm:ss or m:ss): 2:10.71
	Average shared text size (kbytes): 0
	Average unshared data size (kbytes): 0
	Average stack size (kbytes): 0
	Average total size (kbytes): 0
	Maximum resident set size (kbytes): 2590632
	Average resident set size (kbytes): 0
	Major (requiring I/O) page faults: 364
	Minor (reclaiming a frame) page faults: 4433994
	Voluntary context switches: 11494
	Involuntary context switches: 3101
	Swaps: 0
	File system inputs: 0
	File system outputs: 490392
	Socket messages sent: 0
	Socket messages received: 0
	Signals delivered: 0
	Page size (bytes): 4096
	Exit status: 0
