nice: cannot set niceness: Permission denied
Precompiling packages...
    415.2 ms  ✓ Reexport
    496.5 ms  ✓ StaticArraysCore
    601.7 ms  ✓ Statistics
    887.7 ms  ✓ SuiteSparse_jll
    519.4 ms  ✓ HashArrayMappedTries
    764.0 ms  ✓ Requires
    686.7 ms  ✓ Serialization
    472.1 ms  ✓ CEnum
   1910.8 ms  ✓ UnsafeAtomics
    906.0 ms  ✓ LazyArtifacts
   1407.8 ms  ✓ InteractiveUtils
    473.2 ms  ✓ ScopedValues
    494.5 ms  ✓ Adapt
   1681.2 ms  ✓ Preferences
    595.5 ms  ✓ GPUArraysCore
    593.9 ms  ✓ JLLWrappers
   1106.7 ms  ✓ Atomix
    525.1 ms  ✓ PrecompileTools
   4740.1 ms  ✓ MacroTools
   1209.1 ms  ✓ LLVMExtra_jll
   3557.3 ms  ✓ SparseArrays
    491.3 ms  ✓ Adapt → AdaptSparseArraysExt
    515.9 ms  ✓ Statistics → SparseArraysExt
   5220.8 ms  ✓ LLVM
   1346.5 ms  ✓ UnsafeAtomics → UnsafeAtomicsLLVM
  10209.0 ms  ✓ StaticArrays
    483.5 ms  ✓ Adapt → AdaptStaticArraysExt
    493.9 ms  ✓ StaticArrays → StaticArraysStatisticsExt
   3019.2 ms  ✓ KernelAbstractions
    559.2 ms  ✓ KernelAbstractions → LinearAlgebraExt
    718.2 ms  ✓ KernelAbstractions → SparseArraysExt
   3177.2 ms  ✓ GPUArrays
   1424.8 ms  ✓ JLArrays
  33 dependencies successfully precompiled in 23 seconds. 27 already precompiled.
	Command being timed: "nice -n -10 timeout -k120 -v 3600 julia +nightly --project=J/JLArrays/Matrix-Multiplication-On-Gpu-Like-Arrays -e using Pkg; @time @eval Pkg.precompile()"
	User time (seconds): 196.78
	System time (seconds): 11.50
	Percent of CPU this job got: 170%
	Elapsed (wall clock) time (h:mm:ss or m:ss): 2:02.29
	Average shared text size (kbytes): 0
	Average unshared data size (kbytes): 0
	Average stack size (kbytes): 0
	Average total size (kbytes): 0
	Maximum resident set size (kbytes): 2402512
	Average resident set size (kbytes): 0
	Major (requiring I/O) page faults: 425
	Minor (reclaiming a frame) page faults: 4216757
	Voluntary context switches: 11533
	Involuntary context switches: 3081
	Swaps: 0
	File system inputs: 0
	File system outputs: 491384
	Socket messages sent: 0
	Socket messages received: 0
	Signals delivered: 0
	Page size (bytes): 4096
	Exit status: 0
