nice: cannot set niceness: Permission denied
Precompiling packages...
   1553.3 ms  ✓ MozillaCACerts_jll
   1560.5 ms  ✓ UUIDs
   1572.8 ms  ✓ Zlib_jll
   1651.8 ms  ✓ Logging
   1682.8 ms  ✓ Unicode
   1714.2 ms  ✓ OpenSSL_jll
   1778.0 ms  ✓ NetworkOptions
   1786.7 ms  ✓ Base64
   1785.5 ms  ✓ CompilerSupportLibraries_jll
   1784.9 ms  ✓ nghttp2_jll
    536.5 ms  ✓ LibSSH2_jll
    598.2 ms  ✓ p7zip_jll
    719.1 ms  ✓ Printf
    502.6 ms  ✓ LibGit2_jll
    501.0 ms  ✓ LibCURL_jll
   3398.3 ms  ✓ ArgTools
    876.7 ms  ✓ LibCURL
    643.9 ms  ✓ Tar
   3151.6 ms  ✓ Dates
   3163.3 ms  ✓ LibGit2
    457.1 ms  ✓ TOML
   3149.7 ms  ✓ Downloads
   9976.1 ms  ✓ StyledStrings
   1701.1 ms  ✓ JuliaSyntaxHighlighting
   4005.8 ms  ✓ Markdown
  48868.4 ms  ✓ Pkg
  26 dependencies successfully precompiled in 65 seconds
Precompiling packages...
   1837.1 ms  ✓ Reexport
   2021.5 ms  ✓ HashArrayMappedTries
   2104.2 ms  ✓ SuiteSparse_jll
   2205.3 ms  ✓ StaticArraysCore
   2333.5 ms  ✓ Statistics
   2626.4 ms  ✓ Serialization
   2687.6 ms  ✓ Preferences
   2709.3 ms  ✓ Requires
   3218.3 ms  ✓ LazyArtifacts
   1378.6 ms  ✓ ScopedValues
   1015.0 ms  ✓ PrecompileTools
   1194.8 ms  ✓ Adapt
   1204.9 ms  ✓ JLLWrappers
   4512.9 ms  ✓ CEnum
    932.4 ms  ✓ GPUArraysCore
   5442.0 ms  ✓ UnsafeAtomics
   5604.2 ms  ✓ InteractiveUtils
   2010.6 ms  ✓ LLVMExtra_jll
    544.3 ms  ✓ Atomix
   6569.0 ms  ✓ MacroTools
   5901.4 ms  ✓ SparseArrays
    486.2 ms  ✓ Adapt → AdaptSparseArraysExt
    514.8 ms  ✓ Statistics → SparseArraysExt
   7727.8 ms  ✓ StaticArrays
    470.6 ms  ✓ Adapt → AdaptStaticArraysExt
    478.0 ms  ✓ StaticArrays → StaticArraysStatisticsExt
   7421.5 ms  ✓ LLVM
   1360.2 ms  ✓ UnsafeAtomics → UnsafeAtomicsLLVM
   3652.6 ms  ✓ KernelAbstractions
    567.4 ms  ✓ KernelAbstractions → LinearAlgebraExt
    709.3 ms  ✓ KernelAbstractions → SparseArraysExt
   4193.2 ms  ✓ GPUArrays
   2276.2 ms  ✓ JLArrays
  33 dependencies successfully precompiled in 23 seconds. 26 already precompiled.
	Command being timed: "nice -n -10 timeout -k120 -v 3600 julia +1.12.6 --project=J/JLArrays/Matrix-Multiplication-On-Gpu-Like-Arrays -e using Pkg; @time @eval Pkg.precompile()"
	User time (seconds): 188.90
	System time (seconds): 12.25
	Percent of CPU this job got: 227%
	Elapsed (wall clock) time (h:mm:ss or m:ss): 1:28.52
	Average shared text size (kbytes): 0
	Average unshared data size (kbytes): 0
	Average stack size (kbytes): 0
	Average total size (kbytes): 0
	Maximum resident set size (kbytes): 2175696
	Average resident set size (kbytes): 0
	Major (requiring I/O) page faults: 265
	Minor (reclaiming a frame) page faults: 3641611
	Voluntary context switches: 12040
	Involuntary context switches: 6397
	Swaps: 0
	File system inputs: 0
	File system outputs: 476864
	Socket messages sent: 0
	Socket messages received: 0
	Signals delivered: 0
	Page size (bytes): 4096
	Exit status: 0
