nice: cannot set niceness: Permission denied
Precompiling packages...
   1484.9 ms  ✓ MozillaCACerts_jll
   1592.8 ms  ✓ OpenSSL_jll
   1665.1 ms  ✓ Logging
   1669.0 ms  ✓ Zlib_jll
   1678.1 ms  ✓ UUIDs
   1687.1 ms  ✓ nghttp2_jll
   1762.1 ms  ✓ Base64
   1767.4 ms  ✓ Unicode
   1787.8 ms  ✓ NetworkOptions
   1797.4 ms  ✓ CompilerSupportLibraries_jll
    562.0 ms  ✓ LibSSH2_jll
    584.1 ms  ✓ p7zip_jll
    654.0 ms  ✓ Printf
    505.7 ms  ✓ LibCURL_jll
    508.1 ms  ✓ LibGit2_jll
   3185.3 ms  ✓ ArgTools
    766.8 ms  ✓ LibCURL
    638.0 ms  ✓ Tar
   2967.2 ms  ✓ Dates
   3001.2 ms  ✓ LibGit2
    451.9 ms  ✓ TOML
   3000.9 ms  ✓ Downloads
   9183.2 ms  ✓ StyledStrings
   1665.0 ms  ✓ JuliaSyntaxHighlighting
   3702.0 ms  ✓ Markdown
  45864.6 ms  ✓ Pkg
  26 dependencies successfully precompiled in 60 seconds
Precompiling packages...
   1809.6 ms  ✓ Reexport
   1998.1 ms  ✓ HashArrayMappedTries
   2034.4 ms  ✓ Statistics
   2200.1 ms  ✓ SuiteSparse_jll
   2312.4 ms  ✓ StaticArraysCore
   2548.4 ms  ✓ Serialization
   2599.2 ms  ✓ Requires
   2696.0 ms  ✓ Preferences
   1213.0 ms  ✓ ScopedValues
   3399.1 ms  ✓ LazyArtifacts
   1109.0 ms  ✓ Adapt
   1024.9 ms  ✓ PrecompileTools
   1300.0 ms  ✓ JLLWrappers
   4327.4 ms  ✓ CEnum
   1011.9 ms  ✓ GPUArraysCore
   5023.6 ms  ✓ UnsafeAtomics
   5514.9 ms  ✓ InteractiveUtils
    608.2 ms  ✓ Atomix
   1836.2 ms  ✓ LLVMExtra_jll
   6283.9 ms  ✓ MacroTools
   5820.9 ms  ✓ SparseArrays
    470.7 ms  ✓ Adapt → AdaptSparseArraysExt
    500.0 ms  ✓ Statistics → SparseArraysExt
   7558.2 ms  ✓ StaticArrays
   5905.3 ms  ✓ LLVM
    552.4 ms  ✓ Adapt → AdaptStaticArraysExt
    557.8 ms  ✓ StaticArrays → StaticArraysStatisticsExt
   1330.8 ms  ✓ UnsafeAtomics → UnsafeAtomicsLLVM
   3144.9 ms  ✓ KernelAbstractions
    549.8 ms  ✓ KernelAbstractions → LinearAlgebraExt
    707.1 ms  ✓ KernelAbstractions → SparseArraysExt
   3998.6 ms  ✓ GPUArrays
   2129.6 ms  ✓ JLArrays
  33 dependencies successfully precompiled in 22 seconds. 26 already precompiled.
	Command being timed: "nice -n -10 timeout -k120 -v 3600 julia +release --project=J/JLArrays/Matrix-Multiplication-On-Gpu-Like-Arrays -e using Pkg; @time @eval Pkg.precompile()"
	User time (seconds): 176.89
	System time (seconds): 12.20
	Percent of CPU this job got: 227%
	Elapsed (wall clock) time (h:mm:ss or m:ss): 1:23.19
	Average shared text size (kbytes): 0
	Average unshared data size (kbytes): 0
	Average stack size (kbytes): 0
	Average total size (kbytes): 0
	Maximum resident set size (kbytes): 2146420
	Average resident set size (kbytes): 0
	Major (requiring I/O) page faults: 251
	Minor (reclaiming a frame) page faults: 3581532
	Voluntary context switches: 11429
	Involuntary context switches: 5949
	Swaps: 0
	File system inputs: 0
	File system outputs: 459392
	Socket messages sent: 0
	Socket messages received: 0
	Signals delivered: 0
	Page size (bytes): 4096
	Exit status: 0
