nice: cannot set niceness: Permission denied
Precompiling packages...
    431.4 ms  ✓ Reexport
    517.5 ms  ✓ StaticArraysCore
    610.0 ms  ✓ Statistics
    865.6 ms  ✓ SuiteSparse_jll
    522.5 ms  ✓ HashArrayMappedTries
    778.0 ms  ✓ Requires
    698.9 ms  ✓ Serialization
    466.5 ms  ✓ CEnum
   1929.4 ms  ✓ UnsafeAtomics
   1256.9 ms  ✓ InteractiveUtils
    882.9 ms  ✓ LazyArtifacts
    493.6 ms  ✓ ScopedValues
    506.8 ms  ✓ Adapt
    578.2 ms  ✓ GPUArraysCore
   2041.7 ms  ✓ Preferences
    912.3 ms  ✓ Atomix
    437.2 ms  ✓ PrecompileTools
    522.2 ms  ✓ JLLWrappers
   5104.5 ms  ✓ MacroTools
   1205.4 ms  ✓ LLVMExtra_jll
   3866.7 ms  ✓ SparseArrays
    483.6 ms  ✓ Adapt → AdaptSparseArraysExt
    564.1 ms  ✓ Statistics → SparseArraysExt
   5208.3 ms  ✓ LLVM
   1311.3 ms  ✓ UnsafeAtomics → UnsafeAtomicsLLVM
  10865.5 ms  ✓ StaticArrays
    473.1 ms  ✓ Adapt → AdaptStaticArraysExt
    475.9 ms  ✓ StaticArrays → StaticArraysStatisticsExt
   2919.4 ms  ✓ KernelAbstractions
    540.4 ms  ✓ KernelAbstractions → LinearAlgebraExt
    694.0 ms  ✓ KernelAbstractions → SparseArraysExt
   3147.7 ms  ✓ GPUArrays
   1417.4 ms  ✓ JLArrays
  33 dependencies successfully precompiled in 24 seconds. 27 already precompiled.
	Command being timed: "nice -n -10 timeout -k120 -v 3600 julia +alpha --project=J/JLArrays/Matrix-Multiplication-On-Gpu-Like-Arrays -e using Pkg; @time @eval Pkg.precompile()"
	User time (seconds): 191.50
	System time (seconds): 11.33
	Percent of CPU this job got: 173%
	Elapsed (wall clock) time (h:mm:ss or m:ss): 1:56.64
	Average shared text size (kbytes): 0
	Average unshared data size (kbytes): 0
	Average stack size (kbytes): 0
	Average total size (kbytes): 0
	Maximum resident set size (kbytes): 2698084
	Average resident set size (kbytes): 0
	Major (requiring I/O) page faults: 402
	Minor (reclaiming a frame) page faults: 4282549
	Voluntary context switches: 12097
	Involuntary context switches: 2835
	Swaps: 0
	File system inputs: 0
	File system outputs: 488592
	Socket messages sent: 0
	Socket messages received: 0
	Signals delivered: 0
	Page size (bytes): 4096
	Exit status: 0
