Precompiling Pkg...
   1034.0 ms  ✓ MozillaCACerts_jll
   1057.7 ms  ✓ Logging
   1138.5 ms  ✓ Zlib_jll
   1140.3 ms  ✓ UUIDs
   1142.4 ms  ✓ Base64
   1181.1 ms  ✓ Unicode
   1166.7 ms  ✓ NetworkOptions
   1166.3 ms  ✓ MbedTLS_jll
   1218.3 ms  ✓ nghttp2_jll
   1238.1 ms  ✓ p7zip_jll
    346.7 ms  ✓ LibSSH2_jll
    449.0 ms  ✓ Printf
    412.9 ms  ✓ LibCURL_jll
    426.7 ms  ✓ LibGit2_jll
   2100.0 ms  ✓ ArgTools
    568.4 ms  ✓ LibCURL
    566.5 ms  ✓ Tar
   2387.9 ms  ✓ Dates
   2868.3 ms  ✓ Markdown
   2305.1 ms  ✓ LibGit2
    370.5 ms  ✓ TOML
   2952.0 ms  ✓ Downloads
  39218.5 ms  ✓ Pkg
  23 dependencies successfully precompiled in 45 seconds
Precompiling project...
   1099.6 ms  ✓ Reexport
   1387.0 ms  ✓ StaticArraysCore
   1482.5 ms  ✓ HashArrayMappedTries
   1489.6 ms  ✓ CEnum
   1675.5 ms  ✓ Requires
   1686.4 ms  ✓ CompilerSupportLibraries_jll
   1796.3 ms  ✓ Statistics
   1810.0 ms  ✓ Serialization
   1963.7 ms  ✓ Preferences
    692.2 ms  ✓ ScopedValues
    709.1 ms  ✓ Adapt
   2409.8 ms  ✓ LazyArtifacts
    623.3 ms  ✓ PrecompileTools
    645.3 ms  ✓ JLLWrappers
   2786.2 ms  ✓ InteractiveUtils
    518.5 ms  ✓ GPUArraysCore
   3065.7 ms  ✓ UnsafeAtomics
   3539.0 ms  ✓ MacroTools
    579.4 ms  ✓ Atomix
   1297.1 ms  ✓ LLVMExtra_jll
   5054.2 ms  ✓ StaticArrays
    424.1 ms  ✓ Adapt → AdaptStaticArraysExt
    510.1 ms  ✓ StaticArrays → StaticArraysStatisticsExt
   4903.6 ms  ✓ LLVM
   1170.8 ms  ✓ UnsafeAtomics → UnsafeAtomicsLLVM
   2375.1 ms  ✓ KernelAbstractions
    456.5 ms  ✓ KernelAbstractions → LinearAlgebraExt
   2344.7 ms  ✓ GPUArrays
   1060.3 ms  ✓ JLArrays
  29 dependencies successfully precompiled in 14 seconds. 23 already precompiled.
	Command being timed: "julia +1.11.6 --project=J/JLArrays/Matrix-Multiplication-On-Gpu-Like-Arrays -e using Pkg; @time @eval Pkg.precompile()"
	User time (seconds): 131.28
	System time (seconds): 9.16
	Percent of CPU this job got: 232%
	Elapsed (wall clock) time (h:mm:ss or m:ss): 1:00.39
	Average shared text size (kbytes): 0
	Average unshared data size (kbytes): 0
	Average stack size (kbytes): 0
	Average total size (kbytes): 0
	Maximum resident set size (kbytes): 2018668
	Average resident set size (kbytes): 0
	Major (requiring I/O) page faults: 201
	Minor (reclaiming a frame) page faults: 2690735
	Voluntary context switches: 69519
	Involuntary context switches: 6731
	Swaps: 0
	File system inputs: 0
	File system outputs: 496704
	Socket messages sent: 0
	Socket messages received: 0
	Signals delivered: 0
	Page size (bytes): 4096
	Exit status: 0
