nice: cannot set niceness: Permission denied
Precompiling packages...
   1488.6 ms  ✓ UUIDs
   1668.1 ms  ✓ MozillaCACerts_jll
   1690.8 ms  ✓ Unicode
   1688.1 ms  ✓ Logging
   1718.5 ms  ✓ OpenSSL_jll
   1688.4 ms  ✓ nghttp2_jll
   1701.8 ms  ✓ Zlib_jll
   1702.9 ms  ✓ Base64
   1754.1 ms  ✓ NetworkOptions
   1770.2 ms  ✓ CompilerSupportLibraries_jll
    502.2 ms  ✓ LibSSH2_jll
    513.5 ms  ✓ p7zip_jll
    678.7 ms  ✓ Printf
    458.8 ms  ✓ LibGit2_jll
    457.3 ms  ✓ LibCURL_jll
   3196.7 ms  ✓ ArgTools
    753.1 ms  ✓ LibCURL
    622.9 ms  ✓ Tar
   2927.4 ms  ✓ Dates
    449.5 ms  ✓ TOML
   3135.0 ms  ✓ LibGit2
   3048.3 ms  ✓ Downloads
   9205.7 ms  ✓ StyledStrings
   1621.2 ms  ✓ JuliaSyntaxHighlighting
   3765.8 ms  ✓ Markdown
  46712.4 ms  ✓ Pkg
  26 dependencies successfully precompiled in 61 seconds
Precompiling packages...
   1629.6 ms  ✓ Reexport
   2027.5 ms  ✓ HashArrayMappedTries
   2113.0 ms  ✓ StaticArraysCore
   2210.2 ms  ✓ Statistics
   2212.5 ms  ✓ SuiteSparse_jll
   2523.0 ms  ✓ Serialization
   2797.8 ms  ✓ Requires
   2789.9 ms  ✓ Preferences
   3254.6 ms  ✓ LazyArtifacts
   1373.0 ms  ✓ ScopedValues
   1014.3 ms  ✓ PrecompileTools
   1039.2 ms  ✓ Adapt
   1136.9 ms  ✓ JLLWrappers
   4548.5 ms  ✓ CEnum
    997.8 ms  ✓ GPUArraysCore
   5113.4 ms  ✓ UnsafeAtomics
   5699.3 ms  ✓ InteractiveUtils
    626.1 ms  ✓ Atomix
   1988.9 ms  ✓ LLVMExtra_jll
   6511.2 ms  ✓ MacroTools
   5924.3 ms  ✓ SparseArrays
    470.7 ms  ✓ Adapt → AdaptSparseArraysExt
    487.9 ms  ✓ Statistics → SparseArraysExt
   7450.6 ms  ✓ StaticArrays
    556.6 ms  ✓ Adapt → AdaptStaticArraysExt
    568.4 ms  ✓ StaticArrays → StaticArraysStatisticsExt
   6011.2 ms  ✓ LLVM
   1326.3 ms  ✓ UnsafeAtomics → UnsafeAtomicsLLVM
   3246.4 ms  ✓ KernelAbstractions
    551.6 ms  ✓ KernelAbstractions → LinearAlgebraExt
    702.9 ms  ✓ KernelAbstractions → SparseArraysExt
   4240.5 ms  ✓ GPUArrays
   2166.5 ms  ✓ JLArrays
  33 dependencies successfully precompiled in 22 seconds. 26 already precompiled.
	Command being timed: "nice -n -10 timeout -k120 -v 3600 julia +1.12.5 --project=J/JLArrays/Matrix-Multiplication-On-Gpu-Like-Arrays -e using Pkg; @time @eval Pkg.precompile()"
	User time (seconds): 179.88
	System time (seconds): 11.97
	Percent of CPU this job got: 227%
	Elapsed (wall clock) time (h:mm:ss or m:ss): 1:24.49
	Average shared text size (kbytes): 0
	Average unshared data size (kbytes): 0
	Average stack size (kbytes): 0
	Average total size (kbytes): 0
	Maximum resident set size (kbytes): 2179476
	Average resident set size (kbytes): 0
	Major (requiring I/O) page faults: 240
	Minor (reclaiming a frame) page faults: 3601086
	Voluntary context switches: 12158
	Involuntary context switches: 6165
	Swaps: 0
	File system inputs: 0
	File system outputs: 462816
	Socket messages sent: 0
	Socket messages received: 0
	Signals delivered: 0
	Page size (bytes): 4096
	Exit status: 0
