nice: cannot set niceness: Permission denied
Precompiling packages...
   1341.0 ms  ✓ Adapt
   1204.4 ms  ✓ Reexport
   1198.6 ms  ✓ HashArrayMappedTries
   1291.2 ms  ✓ LazyArtifacts
   1304.7 ms  ✓ Requires
   1319.7 ms  ✓ CEnum
   1371.3 ms  ✓ StaticArraysCore
   1405.6 ms  ✓ SuiteSparse_jll
   1610.0 ms  ✓ Preferences
    600.8 ms  ✓ ScopedValues
    628.1 ms  ✓ GPUArraysCore
    429.0 ms  ✓ PrecompileTools
    482.1 ms  ✓ JLLWrappers
    614.7 ms  ✓ LLVMExtra_jll
   2897.6 ms  ✓ MacroTools
   2942.6 ms  ✓ UnsafeAtomics
    367.1 ms  ✓ Atomix
   2919.9 ms  ✓ SparseArrays
    378.2 ms  ✓ Adapt → AdaptSparseArraysExt
    507.2 ms  ✓ Statistics
   4956.3 ms  ✓ StaticArrays
    417.2 ms  ✓ Adapt → AdaptStaticArraysExt
    816.4 ms  ✓ StaticArrays → StaticArraysStatisticsExt
   5342.1 ms  ✓ LLVM
    872.2 ms  ✓ UnsafeAtomics → UnsafeAtomicsLLVM
   2223.3 ms  ✓ KernelAbstractions
    438.1 ms  ✓ KernelAbstractions → LinearAlgebraExt
    724.1 ms  ✓ KernelAbstractions → SparseArraysExt
   2176.3 ms  ✓ GPUArrays
    876.1 ms  ✓ JLArrays
  30 dependencies successfully precompiled in 14 seconds
	Command being timed: "nice -n -10 timeout -k120 -v 3600 julia +lts --project=J/JLArrays/Matrix-Multiplication-On-Gpu-Like-Arrays -e using Pkg; @time @eval Pkg.precompile()"
	User time (seconds): 33.81
	System time (seconds): 5.57
	Percent of CPU this job got: 255%
	Elapsed (wall clock) time (h:mm:ss or m:ss): 0:15.43
	Average shared text size (kbytes): 0
	Average unshared data size (kbytes): 0
	Average stack size (kbytes): 0
	Average total size (kbytes): 0
	Maximum resident set size (kbytes): 471448
	Average resident set size (kbytes): 0
	Major (requiring I/O) page faults: 225
	Minor (reclaiming a frame) page faults: 1406994
	Voluntary context switches: 41440
	Involuntary context switches: 2637
	Swaps: 0
	File system inputs: 0
	File system outputs: 167192
	Socket messages sent: 0
	Socket messages received: 0
	Signals delivered: 0
	Page size (bytes): 4096
	Exit status: 0
