nice: cannot set niceness: Permission denied
Precompiling packages...
   1019.2 ms  ✓ Reexport
   1024.8 ms  ✓ LazyArtifacts
   1049.1 ms  ✓ CEnum
   1051.6 ms  ✓ StaticArraysCore
   1122.7 ms  ✓ HashArrayMappedTries
   1132.5 ms  ✓ Requires
   1142.3 ms  ✓ SuiteSparse_jll
   1324.0 ms  ✓ Preferences
    512.5 ms  ✓ ScopedValues
    525.7 ms  ✓ Adapt
    492.8 ms  ✓ PrecompileTools
    535.4 ms  ✓ JLLWrappers
    494.2 ms  ✓ GPUArraysCore
    580.6 ms  ✓ LLVMExtra_jll
   2914.2 ms  ✓ UnsafeAtomics
   2815.3 ms  ✓ MacroTools
    364.9 ms  ✓ Atomix
   3014.3 ms  ✓ SparseArrays
    365.8 ms  ✓ Adapt → AdaptSparseArraysExt
    480.7 ms  ✓ Statistics
   3793.3 ms  ✓ LLVM
   4994.2 ms  ✓ StaticArrays
    390.3 ms  ✓ Adapt → AdaptStaticArraysExt
   1028.7 ms  ✓ UnsafeAtomics → UnsafeAtomicsLLVM
    535.9 ms  ✓ StaticArrays → StaticArraysStatisticsExt
   1841.2 ms  ✓ KernelAbstractions
    418.2 ms  ✓ KernelAbstractions → LinearAlgebraExt
    540.9 ms  ✓ KernelAbstractions → SparseArraysExt
   2077.2 ms  ✓ GPUArrays
    823.0 ms  ✓ JLArrays
  30 dependencies successfully precompiled in 14 seconds
	Command being timed: "nice -n -10 timeout -k120 -v 3600 julia +lts --project=J/JLArrays/Matrix-Multiplication-On-Gpu-Like-Arrays -e using Pkg; @time @eval Pkg.precompile()"
	User time (seconds): 30.31
	System time (seconds): 5.25
	Percent of CPU this job got: 242%
	Elapsed (wall clock) time (h:mm:ss or m:ss): 0:14.67
	Average shared text size (kbytes): 0
	Average unshared data size (kbytes): 0
	Average stack size (kbytes): 0
	Average total size (kbytes): 0
	Maximum resident set size (kbytes): 461172
	Average resident set size (kbytes): 0
	Major (requiring I/O) page faults: 205
	Minor (reclaiming a frame) page faults: 1402619
	Voluntary context switches: 41178
	Involuntary context switches: 1176
	Swaps: 0
	File system inputs: 0
	File system outputs: 149480
	Socket messages sent: 0
	Socket messages received: 0
	Signals delivered: 0
	Page size (bytes): 4096
	Exit status: 0
