nice: cannot set niceness: Permission denied
Precompiling packages...
   1470.1 ms  ✓ Logging
   1549.4 ms  ✓ UUIDs
   1593.9 ms  ✓ OpenSSL_jll
   1649.2 ms  ✓ Zlib_jll
   1686.6 ms  ✓ Unicode
   1751.5 ms  ✓ MozillaCACerts_jll
   1775.5 ms  ✓ CompilerSupportLibraries_jll
   1770.4 ms  ✓ nghttp2_jll
   1833.6 ms  ✓ NetworkOptions
   1871.4 ms  ✓ Base64
    624.7 ms  ✓ LibSSH2_jll
    606.6 ms  ✓ p7zip_jll
    779.0 ms  ✓ Printf
    495.1 ms  ✓ LibGit2_jll
    504.9 ms  ✓ LibCURL_jll
   3310.0 ms  ✓ ArgTools
    806.6 ms  ✓ LibCURL
    654.4 ms  ✓ Tar
   2960.2 ms  ✓ Dates
   3124.9 ms  ✓ LibGit2
    449.8 ms  ✓ TOML
   3131.5 ms  ✓ Downloads
   9677.0 ms  ✓ StyledStrings
   1673.9 ms  ✓ JuliaSyntaxHighlighting
   3922.8 ms  ✓ Markdown
  47218.5 ms  ✓ Pkg
  26 dependencies successfully precompiled in 63 seconds
Precompiling packages...
   1808.7 ms  ✓ Reexport
   2015.1 ms  ✓ StaticArraysCore
   2076.7 ms  ✓ HashArrayMappedTries
   2208.4 ms  ✓ SuiteSparse_jll
   2332.6 ms  ✓ Serialization
   2420.5 ms  ✓ Statistics
   2632.4 ms  ✓ Requires
   2706.3 ms  ✓ Preferences
   3308.1 ms  ✓ LazyArtifacts
   1352.2 ms  ✓ ScopedValues
   1142.3 ms  ✓ Adapt
   1099.2 ms  ✓ PrecompileTools
   1220.7 ms  ✓ JLLWrappers
   4580.0 ms  ✓ CEnum
   1030.4 ms  ✓ GPUArraysCore
   5316.4 ms  ✓ UnsafeAtomics
   5616.7 ms  ✓ InteractiveUtils
    559.6 ms  ✓ Atomix
   1975.1 ms  ✓ LLVMExtra_jll
   6560.7 ms  ✓ MacroTools
   6027.7 ms  ✓ SparseArrays
    470.1 ms  ✓ Adapt → AdaptSparseArraysExt
    489.3 ms  ✓ Statistics → SparseArraysExt
   7597.6 ms  ✓ StaticArrays
   6062.8 ms  ✓ LLVM
    583.1 ms  ✓ StaticArrays → StaticArraysStatisticsExt
    581.9 ms  ✓ Adapt → AdaptStaticArraysExt
   1322.3 ms  ✓ UnsafeAtomics → UnsafeAtomicsLLVM
   3283.2 ms  ✓ KernelAbstractions
    556.1 ms  ✓ KernelAbstractions → LinearAlgebraExt
    705.3 ms  ✓ KernelAbstractions → SparseArraysExt
   4054.7 ms  ✓ GPUArrays
   2162.9 ms  ✓ JLArrays
  33 dependencies successfully precompiled in 22 seconds. 26 already precompiled.
	Command being timed: "nice -n -10 timeout -k120 -v 3600 julia +1.12.5 --project=J/JLArrays/Matrix-Multiplication-On-Gpu-Like-Arrays -e using Pkg; @time @eval Pkg.precompile()"
	User time (seconds): 181.24
	System time (seconds): 12.50
	Percent of CPU this job got: 225%
	Elapsed (wall clock) time (h:mm:ss or m:ss): 1:25.81
	Average shared text size (kbytes): 0
	Average unshared data size (kbytes): 0
	Average stack size (kbytes): 0
	Average total size (kbytes): 0
	Maximum resident set size (kbytes): 2184612
	Average resident set size (kbytes): 0
	Major (requiring I/O) page faults: 248
	Minor (reclaiming a frame) page faults: 3600780
	Voluntary context switches: 10831
	Involuntary context switches: 6244
	Swaps: 0
	File system inputs: 0
	File system outputs: 465544
	Socket messages sent: 0
	Socket messages received: 0
	Signals delivered: 0
	Page size (bytes): 4096
	Exit status: 0
