nice: cannot set niceness: Permission denied
Precompiling packages...
    470.6 ms  ✓ Reexport
    547.6 ms  ✓ StaticArraysCore
    632.0 ms  ✓ Statistics
    789.5 ms  ✓ SuiteSparse_jll
    549.3 ms  ✓ HashArrayMappedTries
    816.9 ms  ✓ Requires
    720.8 ms  ✓ Serialization
    485.6 ms  ✓ CEnum
   1927.9 ms  ✓ UnsafeAtomics
   1000.3 ms  ✓ LazyArtifacts
   1502.3 ms  ✓ InteractiveUtils
    524.7 ms  ✓ ScopedValues
    536.5 ms  ✓ Adapt
   1869.2 ms  ✓ Preferences
    624.2 ms  ✓ GPUArraysCore
    937.3 ms  ✓ Atomix
    750.1 ms  ✓ JLLWrappers
   4330.6 ms  ✓ MacroTools
    584.9 ms  ✓ PrecompileTools
   1282.4 ms  ✓ LLVMExtra_jll
   3822.5 ms  ✓ SparseArrays
    538.3 ms  ✓ Adapt → AdaptSparseArraysExt
    562.5 ms  ✓ Statistics → SparseArraysExt
   5251.8 ms  ✓ LLVM
   1436.4 ms  ✓ UnsafeAtomics → UnsafeAtomicsLLVM
   9580.9 ms  ✓ StaticArrays
    574.6 ms  ✓ Adapt → AdaptStaticArraysExt
    579.6 ms  ✓ StaticArrays → StaticArraysStatisticsExt
   2975.0 ms  ✓ KernelAbstractions
    650.8 ms  ✓ KernelAbstractions → LinearAlgebraExt
    833.1 ms  ✓ KernelAbstractions → SparseArraysExt
   3344.4 ms  ✓ GPUArrays
   1578.7 ms  ✓ JLArrays
  33 dependencies successfully precompiled in 23 seconds. 27 already precompiled.
	Command being timed: "nice -n -10 timeout -k120 -v 3600 julia +nightly --project=J/JLArrays/Matrix-Multiplication-On-Gpu-Like-Arrays -e using Pkg; @time @eval Pkg.precompile()"
	User time (seconds): 183.01
	System time (seconds): 11.12
	Percent of CPU this job got: 175%
	Elapsed (wall clock) time (h:mm:ss or m:ss): 1:50.32
	Average shared text size (kbytes): 0
	Average unshared data size (kbytes): 0
	Average stack size (kbytes): 0
	Average total size (kbytes): 0
	Maximum resident set size (kbytes): 2384584
	Average resident set size (kbytes): 0
	Major (requiring I/O) page faults: 228
	Minor (reclaiming a frame) page faults: 4134924
	Voluntary context switches: 11320
	Involuntary context switches: 3882
	Swaps: 0
	File system inputs: 0
	File system outputs: 485656
	Socket messages sent: 0
	Socket messages received: 0
	Signals delivered: 0
	Page size (bytes): 4096
	Exit status: 0
