nice: cannot set niceness: Permission denied
Precompiling packages...
    988.9 ms  ✓ LazyArtifacts
   1024.8 ms  ✓ CEnum
   1034.4 ms  ✓ Reexport
   1112.8 ms  ✓ HashArrayMappedTries
   1128.1 ms  ✓ Requires
   1126.5 ms  ✓ SuiteSparse_jll
   1195.7 ms  ✓ StaticArraysCore
   1400.2 ms  ✓ Preferences
    514.5 ms  ✓ ScopedValues
    509.2 ms  ✓ Adapt
    482.1 ms  ✓ PrecompileTools
    516.3 ms  ✓ JLLWrappers
    498.8 ms  ✓ GPUArraysCore
    563.7 ms  ✓ LLVMExtra_jll
   2954.0 ms  ✓ UnsafeAtomics
   2829.6 ms  ✓ MacroTools
    340.2 ms  ✓ Atomix
   2987.5 ms  ✓ SparseArrays
    355.4 ms  ✓ Adapt → AdaptSparseArraysExt
    485.0 ms  ✓ Statistics
   3833.4 ms  ✓ LLVM
   4953.8 ms  ✓ StaticArrays
    389.4 ms  ✓ Adapt → AdaptStaticArraysExt
    531.4 ms  ✓ StaticArrays → StaticArraysStatisticsExt
   1126.3 ms  ✓ UnsafeAtomics → UnsafeAtomicsLLVM
   1823.3 ms  ✓ KernelAbstractions
    419.1 ms  ✓ KernelAbstractions → LinearAlgebraExt
    539.7 ms  ✓ KernelAbstractions → SparseArraysExt
   2125.3 ms  ✓ GPUArrays
    821.6 ms  ✓ JLArrays
  30 dependencies successfully precompiled in 14 seconds
	Command being timed: "nice -n -10 timeout -k120 -v 3600 julia +lts --project=J/JLArrays/Matrix-Multiplication-On-Gpu-Like-Arrays -e using Pkg; @time @eval Pkg.precompile()"
	User time (seconds): 30.17
	System time (seconds): 5.25
	Percent of CPU this job got: 239%
	Elapsed (wall clock) time (h:mm:ss or m:ss): 0:14.76
	Average shared text size (kbytes): 0
	Average unshared data size (kbytes): 0
	Average stack size (kbytes): 0
	Average total size (kbytes): 0
	Maximum resident set size (kbytes): 511632
	Average resident set size (kbytes): 0
	Major (requiring I/O) page faults: 205
	Minor (reclaiming a frame) page faults: 1408640
	Voluntary context switches: 41750
	Involuntary context switches: 1229
	Swaps: 0
	File system inputs: 552
	File system outputs: 151312
	Socket messages sent: 0
	Socket messages received: 0
	Signals delivered: 0
	Page size (bytes): 4096
	Exit status: 0
