nice: cannot set niceness: Permission denied
Precompiling packages...
    427.1 ms  ✓ Reexport
    515.4 ms  ✓ StaticArraysCore
    592.4 ms  ✓ Statistics
    924.4 ms  ✓ SuiteSparse_jll
    529.8 ms  ✓ HashArrayMappedTries
    750.1 ms  ✓ Requires
    449.6 ms  ✓ CEnum
    694.6 ms  ✓ Serialization
   1869.7 ms  ✓ UnsafeAtomics
    877.3 ms  ✓ LazyArtifacts
   1389.8 ms  ✓ InteractiveUtils
    488.9 ms  ✓ ScopedValues
    501.5 ms  ✓ Adapt
    592.4 ms  ✓ GPUArraysCore
   2111.4 ms  ✓ Preferences
   1044.7 ms  ✓ Atomix
    422.7 ms  ✓ PrecompileTools
    517.6 ms  ✓ JLLWrappers
   5295.2 ms  ✓ MacroTools
   1177.0 ms  ✓ LLVMExtra_jll
   3831.7 ms  ✓ SparseArrays
    480.5 ms  ✓ Adapt → AdaptSparseArraysExt
    504.5 ms  ✓ Statistics → SparseArraysExt
   5080.2 ms  ✓ LLVM
   1307.8 ms  ✓ UnsafeAtomics → UnsafeAtomicsLLVM
  10726.6 ms  ✓ StaticArrays
    475.6 ms  ✓ Adapt → AdaptStaticArraysExt
    480.3 ms  ✓ StaticArrays → StaticArraysStatisticsExt
   2920.3 ms  ✓ KernelAbstractions
    543.8 ms  ✓ KernelAbstractions → LinearAlgebraExt
    693.3 ms  ✓ KernelAbstractions → SparseArraysExt
   3071.9 ms  ✓ GPUArrays
   1389.4 ms  ✓ JLArrays
  33 dependencies successfully precompiled in 23 seconds. 27 already precompiled.
	Command being timed: "nice -n -10 timeout -k120 -v 3600 julia +nightly --project=J/JLArrays/Matrix-Multiplication-On-Gpu-Like-Arrays -e using Pkg; @time @eval Pkg.precompile()"
	User time (seconds): 205.56
	System time (seconds): 11.61
	Percent of CPU this job got: 168%
	Elapsed (wall clock) time (h:mm:ss or m:ss): 2:09.01
	Average shared text size (kbytes): 0
	Average unshared data size (kbytes): 0
	Average stack size (kbytes): 0
	Average total size (kbytes): 0
	Maximum resident set size (kbytes): 2534880
	Average resident set size (kbytes): 0
	Major (requiring I/O) page faults: 280
	Minor (reclaiming a frame) page faults: 4425059
	Voluntary context switches: 11693
	Involuntary context switches: 3293
	Swaps: 0
	File system inputs: 0
	File system outputs: 491248
	Socket messages sent: 0
	Socket messages received: 0
	Signals delivered: 0
	Page size (bytes): 4096
	Exit status: 0
