nice: cannot set niceness: Permission denied
Precompiling packages...
   1228.3 ms  ✓ CEnum
   1232.4 ms  ✓ LazyArtifacts
   1239.6 ms  ✓ Reexport
   1245.6 ms  ✓ StaticArraysCore
   1326.9 ms  ✓ HashArrayMappedTries
   1481.4 ms  ✓ Adapt
   1337.8 ms  ✓ SuiteSparse_jll
   1348.9 ms  ✓ Requires
   1574.1 ms  ✓ Preferences
    532.9 ms  ✓ ScopedValues
    593.6 ms  ✓ GPUArraysCore
    458.8 ms  ✓ PrecompileTools
    518.6 ms  ✓ JLLWrappers
    658.2 ms  ✓ LLVMExtra_jll
   2870.2 ms  ✓ UnsafeAtomics
   2943.6 ms  ✓ MacroTools
    383.2 ms  ✓ Atomix
   2935.4 ms  ✓ SparseArrays
    383.2 ms  ✓ Adapt → AdaptSparseArraysExt
    507.8 ms  ✓ Statistics
   4891.5 ms  ✓ StaticArrays
    404.4 ms  ✓ Adapt → AdaptStaticArraysExt
    692.1 ms  ✓ StaticArrays → StaticArraysStatisticsExt
   5279.8 ms  ✓ LLVM
    841.1 ms  ✓ UnsafeAtomics → UnsafeAtomicsLLVM
   2165.9 ms  ✓ KernelAbstractions
    440.4 ms  ✓ KernelAbstractions → LinearAlgebraExt
    726.6 ms  ✓ KernelAbstractions → SparseArraysExt
   2141.4 ms  ✓ GPUArrays
    862.9 ms  ✓ JLArrays
  30 dependencies successfully precompiled in 14 seconds
	Command being timed: "nice -n -10 timeout -k120 -v 3600 julia +lts --project=J/JLArrays/Matrix-Multiplication-On-Gpu-Like-Arrays -e using Pkg; @time @eval Pkg.precompile()"
	User time (seconds): 33.63
	System time (seconds): 5.49
	Percent of CPU this job got: 254%
	Elapsed (wall clock) time (h:mm:ss or m:ss): 0:15.37
	Average shared text size (kbytes): 0
	Average unshared data size (kbytes): 0
	Average stack size (kbytes): 0
	Average total size (kbytes): 0
	Maximum resident set size (kbytes): 462804
	Average resident set size (kbytes): 0
	Major (requiring I/O) page faults: 94
	Minor (reclaiming a frame) page faults: 1437794
	Voluntary context switches: 41266
	Involuntary context switches: 2222
	Swaps: 0
	File system inputs: 0
	File system outputs: 169392
	Socket messages sent: 0
	Socket messages received: 0
	Signals delivered: 0
	Page size (bytes): 4096
	Exit status: 0
