nice: cannot set niceness: Permission denied
Precompiling packages...
   1598.6 ms  ✓ Logging
   1607.7 ms  ✓ MozillaCACerts_jll
   1694.1 ms  ✓ UUIDs
   1712.3 ms  ✓ Zlib_jll
   1754.2 ms  ✓ OpenSSL_jll
   1715.1 ms  ✓ nghttp2_jll
   1763.4 ms  ✓ Base64
   1805.2 ms  ✓ Unicode
   1804.6 ms  ✓ CompilerSupportLibraries_jll
   1818.0 ms  ✓ NetworkOptions
    494.8 ms  ✓ LibSSH2_jll
    542.5 ms  ✓ p7zip_jll
    653.4 ms  ✓ Printf
    484.5 ms  ✓ LibCURL_jll
    500.7 ms  ✓ LibGit2_jll
   3347.1 ms  ✓ ArgTools
    763.7 ms  ✓ LibCURL
    652.6 ms  ✓ Tar
   2945.7 ms  ✓ Dates
   3095.9 ms  ✓ LibGit2
    479.7 ms  ✓ TOML
   3110.8 ms  ✓ Downloads
   9738.8 ms  ✓ StyledStrings
   1744.1 ms  ✓ JuliaSyntaxHighlighting
   3922.9 ms  ✓ Markdown
  47442.2 ms  ✓ Pkg
  26 dependencies successfully precompiled in 63 seconds
Precompiling packages...
   2054.7 ms  ✓ Reexport
   2241.0 ms  ✓ StaticArraysCore
   2247.4 ms  ✓ Adapt
   2346.1 ms  ✓ SuiteSparse_jll
   2423.1 ms  ✓ HashArrayMappedTries
   2647.9 ms  ✓ Statistics
   2870.2 ms  ✓ Serialization
   2939.9 ms  ✓ Preferences
   3342.7 ms  ✓ Requires
   1413.3 ms  ✓ ScopedValues
   1733.4 ms  ✓ GPUArraysCore
   3976.2 ms  ✓ LazyArtifacts
   1181.2 ms  ✓ PrecompileTools
   1364.4 ms  ✓ JLLWrappers
   4875.6 ms  ✓ CEnum
   5463.7 ms  ✓ UnsafeAtomics
   5817.9 ms  ✓ InteractiveUtils
    581.6 ms  ✓ Atomix
   1807.1 ms  ✓ LLVMExtra_jll
   6694.0 ms  ✓ MacroTools
   5732.9 ms  ✓ SparseArrays
    491.2 ms  ✓ Adapt → AdaptSparseArraysExt
    513.4 ms  ✓ Statistics → SparseArraysExt
   7292.7 ms  ✓ StaticArrays
    469.0 ms  ✓ StaticArrays → StaticArraysStatisticsExt
    467.8 ms  ✓ Adapt → AdaptStaticArraysExt
   7550.4 ms  ✓ LLVM
   1379.6 ms  ✓ UnsafeAtomics → UnsafeAtomicsLLVM
   3669.9 ms  ✓ KernelAbstractions
    556.3 ms  ✓ KernelAbstractions → LinearAlgebraExt
    708.7 ms  ✓ KernelAbstractions → SparseArraysExt
   4247.2 ms  ✓ GPUArrays
   2252.4 ms  ✓ JLArrays
  33 dependencies successfully precompiled in 23 seconds. 26 already precompiled.
	Command being timed: "nice -n -10 timeout -k120 -v 3600 julia +release --project=J/JLArrays/Matrix-Multiplication-On-Gpu-Like-Arrays -e using Pkg; @time @eval Pkg.precompile()"
	User time (seconds): 186.11
	System time (seconds): 12.37
	Percent of CPU this job got: 228%
	Elapsed (wall clock) time (h:mm:ss or m:ss): 1:26.97
	Average shared text size (kbytes): 0
	Average unshared data size (kbytes): 0
	Average stack size (kbytes): 0
	Average total size (kbytes): 0
	Maximum resident set size (kbytes): 2169512
	Average resident set size (kbytes): 0
	Major (requiring I/O) page faults: 277
	Minor (reclaiming a frame) page faults: 3626869
	Voluntary context switches: 10862
	Involuntary context switches: 6366
	Swaps: 0
	File system inputs: 0
	File system outputs: 482632
	Socket messages sent: 0
	Socket messages received: 0
	Signals delivered: 0
	Page size (bytes): 4096
	Exit status: 0
