nice: cannot set niceness: Permission denied
Precompiling packages...
   1554.1 ms  ✓ OpenSSL_jll
   1531.3 ms  ✓ Logging
   1590.8 ms  ✓ Zlib_jll
   1718.7 ms  ✓ MozillaCACerts_jll
   1790.6 ms  ✓ UUIDs
   1794.3 ms  ✓ Unicode
   1786.9 ms  ✓ CompilerSupportLibraries_jll
   1811.8 ms  ✓ nghttp2_jll
   1900.5 ms  ✓ NetworkOptions
   1910.3 ms  ✓ Base64
    650.2 ms  ✓ LibSSH2_jll
    618.3 ms  ✓ p7zip_jll
    713.1 ms  ✓ Printf
    485.0 ms  ✓ LibCURL_jll
    499.9 ms  ✓ LibGit2_jll
   3240.2 ms  ✓ ArgTools
    765.5 ms  ✓ LibCURL
    627.1 ms  ✓ Tar
   2874.4 ms  ✓ Dates
   3034.9 ms  ✓ LibGit2
    442.3 ms  ✓ TOML
   2969.4 ms  ✓ Downloads
   9210.6 ms  ✓ StyledStrings
   1659.6 ms  ✓ JuliaSyntaxHighlighting
   3680.1 ms  ✓ Markdown
  46066.9 ms  ✓ Pkg
  26 dependencies successfully precompiled in 61 seconds
Precompiling packages...
   1716.9 ms  ✓ Reexport
   2091.5 ms  ✓ HashArrayMappedTries
   2096.6 ms  ✓ SuiteSparse_jll
   2098.3 ms  ✓ StaticArraysCore
   2232.2 ms  ✓ Statistics
   2411.0 ms  ✓ Preferences
   2509.4 ms  ✓ Serialization
   2795.6 ms  ✓ Requires
   3259.1 ms  ✓ LazyArtifacts
   1311.7 ms  ✓ ScopedValues
   1202.6 ms  ✓ PrecompileTools
   1305.1 ms  ✓ JLLWrappers
   1010.3 ms  ✓ Adapt
   4397.0 ms  ✓ CEnum
    993.2 ms  ✓ GPUArraysCore
   5004.6 ms  ✓ UnsafeAtomics
   5595.0 ms  ✓ InteractiveUtils
    622.0 ms  ✓ Atomix
   2031.8 ms  ✓ LLVMExtra_jll
   6346.7 ms  ✓ MacroTools
   5811.4 ms  ✓ SparseArrays
    476.5 ms  ✓ Adapt → AdaptSparseArraysExt
    484.4 ms  ✓ Statistics → SparseArraysExt
   7629.5 ms  ✓ StaticArrays
   5830.8 ms  ✓ LLVM
    586.4 ms  ✓ StaticArrays → StaticArraysStatisticsExt
    585.1 ms  ✓ Adapt → AdaptStaticArraysExt
   1338.0 ms  ✓ UnsafeAtomics → UnsafeAtomicsLLVM
   3044.2 ms  ✓ KernelAbstractions
    550.9 ms  ✓ KernelAbstractions → LinearAlgebraExt
    704.5 ms  ✓ KernelAbstractions → SparseArraysExt
   3952.1 ms  ✓ GPUArrays
   2101.4 ms  ✓ JLArrays
  33 dependencies successfully precompiled in 22 seconds. 26 already precompiled.
	Command being timed: "nice -n -10 timeout -k120 -v 3600 julia +1.12.3 --project=J/JLArrays/Matrix-Multiplication-On-Gpu-Like-Arrays -e using Pkg; @time @eval Pkg.precompile()"
	User time (seconds): 177.76
	System time (seconds): 12.02
	Percent of CPU this job got: 228%
	Elapsed (wall clock) time (h:mm:ss or m:ss): 1:23.21
	Average shared text size (kbytes): 0
	Average unshared data size (kbytes): 0
	Average stack size (kbytes): 0
	Average total size (kbytes): 0
	Maximum resident set size (kbytes): 2156280
	Average resident set size (kbytes): 0
	Major (requiring I/O) page faults: 281
	Minor (reclaiming a frame) page faults: 3613461
	Voluntary context switches: 11135
	Involuntary context switches: 6542
	Swaps: 0
	File system inputs: 0
	File system outputs: 458816
	Socket messages sent: 0
	Socket messages received: 0
	Signals delivered: 0
	Page size (bytes): 4096
	Exit status: 0
