nice: cannot set niceness: Permission denied
Precompiling packages...
   1566.1 ms  ✓ OpenSSL_jll
   1620.3 ms  ✓ Zlib_jll
   1622.4 ms  ✓ MozillaCACerts_jll
   1685.3 ms  ✓ UUIDs
   1722.5 ms  ✓ Logging
   1738.6 ms  ✓ NetworkOptions
   1794.6 ms  ✓ nghttp2_jll
   1807.8 ms  ✓ Unicode
   1846.2 ms  ✓ Base64
   1844.9 ms  ✓ CompilerSupportLibraries_jll
    631.2 ms  ✓ LibSSH2_jll
    585.1 ms  ✓ p7zip_jll
    668.5 ms  ✓ Printf
    512.7 ms  ✓ LibGit2_jll
    517.8 ms  ✓ LibCURL_jll
   3269.0 ms  ✓ ArgTools
    767.3 ms  ✓ LibCURL
    654.4 ms  ✓ Tar
   3040.3 ms  ✓ Dates
   3064.0 ms  ✓ LibGit2
    595.2 ms  ✓ TOML
   2999.5 ms  ✓ Downloads
   9386.1 ms  ✓ StyledStrings
   1761.1 ms  ✓ JuliaSyntaxHighlighting
   3934.2 ms  ✓ Markdown
  47400.0 ms  ✓ Pkg
  26 dependencies successfully precompiled in 63 seconds
Precompiling packages...
   1905.2 ms  ✓ Reexport
   2308.2 ms  ✓ SuiteSparse_jll
   2314.0 ms  ✓ Adapt
   2394.9 ms  ✓ StaticArraysCore
   2478.1 ms  ✓ HashArrayMappedTries
   2605.1 ms  ✓ Statistics
   2899.3 ms  ✓ Serialization
   3061.0 ms  ✓ Preferences
   3196.8 ms  ✓ Requires
   3579.2 ms  ✓ LazyArtifacts
   1330.2 ms  ✓ ScopedValues
   1682.4 ms  ✓ GPUArraysCore
   1033.8 ms  ✓ PrecompileTools
   1224.4 ms  ✓ JLLWrappers
   4907.0 ms  ✓ CEnum
   5491.3 ms  ✓ UnsafeAtomics
   5996.8 ms  ✓ InteractiveUtils
    607.7 ms  ✓ Atomix
   1866.9 ms  ✓ LLVMExtra_jll
   6753.6 ms  ✓ MacroTools
   5908.4 ms  ✓ SparseArrays
    475.4 ms  ✓ Adapt → AdaptSparseArraysExt
    502.6 ms  ✓ Statistics → SparseArraysExt
   7494.8 ms  ✓ StaticArrays
    471.9 ms  ✓ Adapt → AdaptStaticArraysExt
    473.3 ms  ✓ StaticArrays → StaticArraysStatisticsExt
   7537.8 ms  ✓ LLVM
   1366.8 ms  ✓ UnsafeAtomics → UnsafeAtomicsLLVM
   3586.6 ms  ✓ KernelAbstractions
    561.5 ms  ✓ KernelAbstractions → LinearAlgebraExt
    712.1 ms  ✓ KernelAbstractions → SparseArraysExt
   4175.2 ms  ✓ GPUArrays
   2269.9 ms  ✓ JLArrays
  33 dependencies successfully precompiled in 23 seconds. 26 already precompiled.
	Command being timed: "nice -n -10 timeout -k120 -v 3600 julia +1.12.6 --project=J/JLArrays/Matrix-Multiplication-On-Gpu-Like-Arrays -e using Pkg; @time @eval Pkg.precompile()"
	User time (seconds): 185.08
	System time (seconds): 12.48
	Percent of CPU this job got: 228%
	Elapsed (wall clock) time (h:mm:ss or m:ss): 1:26.59
	Average shared text size (kbytes): 0
	Average unshared data size (kbytes): 0
	Average stack size (kbytes): 0
	Average total size (kbytes): 0
	Maximum resident set size (kbytes): 2181028
	Average resident set size (kbytes): 0
	Major (requiring I/O) page faults: 233
	Minor (reclaiming a frame) page faults: 3618246
	Voluntary context switches: 10841
	Involuntary context switches: 5877
	Swaps: 0
	File system inputs: 0
	File system outputs: 481088
	Socket messages sent: 0
	Socket messages received: 0
	Signals delivered: 0
	Page size (bytes): 4096
	Exit status: 0
