nice: cannot set niceness: Permission denied
Precompiling packages...
   1203.3 ms  ✓ Reexport
   1209.3 ms  ✓ LazyArtifacts
   1228.4 ms  ✓ CEnum
   1442.5 ms  ✓ Adapt
   1309.1 ms  ✓ HashArrayMappedTries
   1339.0 ms  ✓ StaticArraysCore
   1399.8 ms  ✓ SuiteSparse_jll
   1404.3 ms  ✓ Requires
   1594.5 ms  ✓ Preferences
    577.3 ms  ✓ GPUArraysCore
    590.3 ms  ✓ ScopedValues
    443.2 ms  ✓ PrecompileTools
    496.6 ms  ✓ JLLWrappers
    634.5 ms  ✓ LLVMExtra_jll
   2896.9 ms  ✓ MacroTools
   2939.7 ms  ✓ UnsafeAtomics
    364.3 ms  ✓ Atomix
   2870.5 ms  ✓ SparseArrays
    383.1 ms  ✓ Adapt → AdaptSparseArraysExt
    497.7 ms  ✓ Statistics
   4859.1 ms  ✓ StaticArrays
    409.8 ms  ✓ Adapt → AdaptStaticArraysExt
    716.6 ms  ✓ StaticArrays → StaticArraysStatisticsExt
   5270.0 ms  ✓ LLVM
    859.2 ms  ✓ UnsafeAtomics → UnsafeAtomicsLLVM
   2151.4 ms  ✓ KernelAbstractions
    434.8 ms  ✓ KernelAbstractions → LinearAlgebraExt
    735.1 ms  ✓ KernelAbstractions → SparseArraysExt
   2168.3 ms  ✓ GPUArrays
    866.2 ms  ✓ JLArrays
  30 dependencies successfully precompiled in 14 seconds
	Command being timed: "nice -n -10 timeout -k120 -v 3600 julia +lts --project=J/JLArrays/Matrix-Multiplication-On-Gpu-Like-Arrays -e using Pkg; @time @eval Pkg.precompile()"
	User time (seconds): 33.66
	System time (seconds): 5.48
	Percent of CPU this job got: 255%
	Elapsed (wall clock) time (h:mm:ss or m:ss): 0:15.30
	Average shared text size (kbytes): 0
	Average unshared data size (kbytes): 0
	Average stack size (kbytes): 0
	Average total size (kbytes): 0
	Maximum resident set size (kbytes): 458420
	Average resident set size (kbytes): 0
	Major (requiring I/O) page faults: 84
	Minor (reclaiming a frame) page faults: 1405593
	Voluntary context switches: 39968
	Involuntary context switches: 1903
	Swaps: 0
	File system inputs: 8
	File system outputs: 168376
	Socket messages sent: 0
	Socket messages received: 0
	Signals delivered: 0
	Page size (bytes): 4096
	Exit status: 0
