nice: cannot set niceness: Permission denied
Precompiling Pkg...
    999.0 ms  ✓ Logging
   1231.8 ms  ✓ Unicode
   1192.4 ms  ✓ MozillaCACerts_jll
   1212.8 ms  ✓ NetworkOptions
   1233.7 ms  ✓ UUIDs
   1242.1 ms  ✓ Zlib_jll
   1289.2 ms  ✓ nghttp2_jll
   1297.0 ms  ✓ MbedTLS_jll
   1321.1 ms  ✓ Base64
   1335.8 ms  ✓ p7zip_jll
    376.2 ms  ✓ LibSSH2_jll
    486.0 ms  ✓ Printf
    428.5 ms  ✓ LibGit2_jll
    471.6 ms  ✓ LibCURL_jll
   2339.0 ms  ✓ ArgTools
    599.0 ms  ✓ LibCURL
    611.8 ms  ✓ Tar
   2730.9 ms  ✓ Dates
   3101.1 ms  ✓ Markdown
   2527.3 ms  ✓ LibGit2
    385.0 ms  ✓ TOML
   3415.3 ms  ✓ Downloads
  45767.7 ms  ✓ Pkg
  23 dependencies successfully precompiled in 52 seconds
Precompiling project...
   1167.6 ms  ✓ Reexport
   1416.1 ms  ✓ CEnum
   1548.8 ms  ✓ StaticArraysCore
   1650.5 ms  ✓ HashArrayMappedTries
   1757.1 ms  ✓ Statistics
   1813.9 ms  ✓ CompilerSupportLibraries_jll
   1807.0 ms  ✓ Requires
   1982.2 ms  ✓ Serialization
   2221.2 ms  ✓ Preferences
    602.8 ms  ✓ ScopedValues
    713.4 ms  ✓ Adapt
   2690.6 ms  ✓ LazyArtifacts
    716.3 ms  ✓ PrecompileTools
    780.6 ms  ✓ JLLWrappers
   3085.3 ms  ✓ InteractiveUtils
    649.1 ms  ✓ GPUArraysCore
   3444.8 ms  ✓ UnsafeAtomics
   3992.6 ms  ✓ MacroTools
    669.7 ms  ✓ Atomix
   1405.7 ms  ✓ LLVMExtra_jll
   5952.5 ms  ✓ StaticArrays
    543.1 ms  ✓ Adapt → AdaptStaticArraysExt
    748.1 ms  ✓ StaticArrays → StaticArraysStatisticsExt
   5829.6 ms  ✓ LLVM
   1815.2 ms  ✓ UnsafeAtomics → UnsafeAtomicsLLVM
   3475.2 ms  ✓ KernelAbstractions
    573.0 ms  ✓ KernelAbstractions → LinearAlgebraExt
   3121.9 ms  ✓ GPUArrays
   1300.0 ms  ✓ JLArrays
  29 dependencies successfully precompiled in 18 seconds. 23 already precompiled.
	Command being timed: "nice -n -10 timeout -k120 -v 3600 julia +1.11.6 --project=J/JLArrays/Matrix-Multiplication-On-Gpu-Like-Arrays -e using Pkg; @time @eval Pkg.precompile()"
	User time (seconds): 154.86
	System time (seconds): 10.01
	Percent of CPU this job got: 230%
	Elapsed (wall clock) time (h:mm:ss or m:ss): 1:11.47
	Average shared text size (kbytes): 0
	Average unshared data size (kbytes): 0
	Average stack size (kbytes): 0
	Average total size (kbytes): 0
	Maximum resident set size (kbytes): 2048592
	Average resident set size (kbytes): 0
	Major (requiring I/O) page faults: 213
	Minor (reclaiming a frame) page faults: 2684262
	Voluntary context switches: 67649
	Involuntary context switches: 9419
	Swaps: 0
	File system inputs: 0
	File system outputs: 497624
	Socket messages sent: 0
	Socket messages received: 0
	Signals delivered: 0
	Page size (bytes): 4096
	Exit status: 0
