nice: cannot set niceness: Permission denied
Precompiling Pkg...
   1187.9 ms  ✓ Logging
   1188.4 ms  ✓ MozillaCACerts_jll
   1206.1 ms  ✓ nghttp2_jll
   1287.2 ms  ✓ UUIDs
   1282.1 ms  ✓ p7zip_jll
   1289.8 ms  ✓ Zlib_jll
   1291.2 ms  ✓ MbedTLS_jll
   1333.1 ms  ✓ Unicode
   1310.7 ms  ✓ NetworkOptions
   1383.0 ms  ✓ Base64
    365.4 ms  ✓ LibSSH2_jll
    483.7 ms  ✓ Printf
    451.4 ms  ✓ LibGit2_jll
    482.5 ms  ✓ LibCURL_jll
   2407.7 ms  ✓ ArgTools
    643.0 ms  ✓ LibCURL
    640.4 ms  ✓ Tar
   2501.8 ms  ✓ Dates
   3193.4 ms  ✓ Markdown
   2627.1 ms  ✓ LibGit2
    527.5 ms  ✓ TOML
   3218.3 ms  ✓ Downloads
  43231.4 ms  ✓ Pkg
  23 dependencies successfully precompiled in 49 seconds
Precompiling project...
   1484.7 ms  ✓ Reexport
   1716.3 ms  ✓ HashArrayMappedTries
   1727.3 ms  ✓ CEnum
   1780.7 ms  ✓ StaticArraysCore
   1875.3 ms  ✓ Requires
   1937.7 ms  ✓ CompilerSupportLibraries_jll
   2090.2 ms  ✓ Statistics
   2187.0 ms  ✓ Serialization
   2174.9 ms  ✓ Preferences
    770.5 ms  ✓ ScopedValues
    854.8 ms  ✓ Adapt
    745.1 ms  ✓ PrecompileTools
    827.2 ms  ✓ JLLWrappers
   2922.6 ms  ✓ LazyArtifacts
   3232.6 ms  ✓ InteractiveUtils
    618.8 ms  ✓ GPUArraysCore
   3570.1 ms  ✓ UnsafeAtomics
   4109.3 ms  ✓ MacroTools
    646.5 ms  ✓ Atomix
   1442.8 ms  ✓ LLVMExtra_jll
   5857.2 ms  ✓ StaticArrays
    460.1 ms  ✓ Adapt → AdaptStaticArraysExt
    552.0 ms  ✓ StaticArrays → StaticArraysStatisticsExt
   5389.0 ms  ✓ LLVM
   1317.2 ms  ✓ UnsafeAtomics → UnsafeAtomicsLLVM
   2672.4 ms  ✓ KernelAbstractions
    477.4 ms  ✓ KernelAbstractions → LinearAlgebraExt
   2648.9 ms  ✓ GPUArrays
   1212.9 ms  ✓ JLArrays
  29 dependencies successfully precompiled in 16 seconds. 23 already precompiled.
	Command being timed: "nice -n -10 timeout -k120 -v 3600 julia +1.11.6 --project=J/JLArrays/Matrix-Multiplication-On-Gpu-Like-Arrays -e using Pkg; @time @eval Pkg.precompile()"
	User time (seconds): 146.42
	System time (seconds): 9.89
	Percent of CPU this job got: 232%
	Elapsed (wall clock) time (h:mm:ss or m:ss): 1:07.09
	Average shared text size (kbytes): 0
	Average unshared data size (kbytes): 0
	Average stack size (kbytes): 0
	Average total size (kbytes): 0
	Maximum resident set size (kbytes): 2059136
	Average resident set size (kbytes): 0
	Major (requiring I/O) page faults: 195
	Minor (reclaiming a frame) page faults: 2693031
	Voluntary context switches: 69581
	Involuntary context switches: 7620
	Swaps: 0
	File system inputs: 0
	File system outputs: 497744
	Socket messages sent: 0
	Socket messages received: 0
	Signals delivered: 0
	Page size (bytes): 4096
	Exit status: 0
