nice: cannot set niceness: Permission denied
Precompiling packages...
    429.2 ms  ✓ Reexport
    510.2 ms  ✓ StaticArraysCore
    606.9 ms  ✓ Statistics
    864.6 ms  ✓ SuiteSparse_jll
    512.9 ms  ✓ HashArrayMappedTries
    782.2 ms  ✓ Requires
    708.0 ms  ✓ Serialization
    486.7 ms  ✓ CEnum
   1923.0 ms  ✓ UnsafeAtomics
    897.5 ms  ✓ LazyArtifacts
   1384.5 ms  ✓ InteractiveUtils
    516.7 ms  ✓ ScopedValues
    517.1 ms  ✓ Adapt
    590.2 ms  ✓ GPUArraysCore
   2172.6 ms  ✓ Preferences
   1034.0 ms  ✓ Atomix
    458.5 ms  ✓ PrecompileTools
    548.1 ms  ✓ JLLWrappers
   5153.9 ms  ✓ MacroTools
   1195.8 ms  ✓ LLVMExtra_jll
   3823.6 ms  ✓ SparseArrays
    489.3 ms  ✓ Adapt → AdaptSparseArraysExt
    527.5 ms  ✓ Statistics → SparseArraysExt
   5225.5 ms  ✓ LLVM
   1321.7 ms  ✓ UnsafeAtomics → UnsafeAtomicsLLVM
  10469.2 ms  ✓ StaticArrays
    482.1 ms  ✓ Adapt → AdaptStaticArraysExt
    490.8 ms  ✓ StaticArrays → StaticArraysStatisticsExt
   2909.9 ms  ✓ KernelAbstractions
    552.2 ms  ✓ KernelAbstractions → LinearAlgebraExt
    707.6 ms  ✓ KernelAbstractions → SparseArraysExt
   3119.7 ms  ✓ GPUArrays
   1428.5 ms  ✓ JLArrays
  33 dependencies successfully precompiled in 23 seconds. 27 already precompiled.
	Command being timed: "nice -n -10 timeout -k120 -v 3600 julia +nightly --project=J/JLArrays/Matrix-Multiplication-On-Gpu-Like-Arrays -e using Pkg; @time @eval Pkg.precompile()"
	User time (seconds): 199.32
	System time (seconds): 11.84
	Percent of CPU this job got: 174%
	Elapsed (wall clock) time (h:mm:ss or m:ss): 2:00.77
	Average shared text size (kbytes): 0
	Average unshared data size (kbytes): 0
	Average stack size (kbytes): 0
	Average total size (kbytes): 0
	Maximum resident set size (kbytes): 2601664
	Average resident set size (kbytes): 0
	Major (requiring I/O) page faults: 262
	Minor (reclaiming a frame) page faults: 4481610
	Voluntary context switches: 12336
	Involuntary context switches: 2973
	Swaps: 0
	File system inputs: 0
	File system outputs: 499928
	Socket messages sent: 0
	Socket messages received: 0
	Signals delivered: 0
	Page size (bytes): 4096
	Exit status: 0
