nice: cannot set niceness: Permission denied
Precompiling packages...
   1514.2 ms  ✓ Logging
   1612.6 ms  ✓ UUIDs
   1608.3 ms  ✓ MozillaCACerts_jll
   1735.6 ms  ✓ OpenSSL_jll
   1709.6 ms  ✓ Zlib_jll
   1729.1 ms  ✓ Unicode
   1727.9 ms  ✓ NetworkOptions
   1737.5 ms  ✓ Base64
   1737.8 ms  ✓ nghttp2_jll
   1805.1 ms  ✓ CompilerSupportLibraries_jll
    475.6 ms  ✓ LibSSH2_jll
    551.0 ms  ✓ p7zip_jll
    688.7 ms  ✓ Printf
    481.2 ms  ✓ LibCURL_jll
    490.3 ms  ✓ LibGit2_jll
   3158.8 ms  ✓ ArgTools
    792.2 ms  ✓ LibCURL
    646.4 ms  ✓ Tar
   2954.4 ms  ✓ Dates
   3111.4 ms  ✓ LibGit2
    450.7 ms  ✓ TOML
   3046.1 ms  ✓ Downloads
   9538.8 ms  ✓ StyledStrings
   1691.9 ms  ✓ JuliaSyntaxHighlighting
   3878.0 ms  ✓ Markdown
  47702.7 ms  ✓ Pkg
  26 dependencies successfully precompiled in 63 seconds
Precompiling packages...
   2002.0 ms  ✓ Reexport
   2205.7 ms  ✓ Adapt
   2298.5 ms  ✓ SuiteSparse_jll
   2485.2 ms  ✓ HashArrayMappedTries
   2579.1 ms  ✓ StaticArraysCore
   2711.9 ms  ✓ Statistics
   2990.9 ms  ✓ Serialization
   2984.5 ms  ✓ Preferences
   3201.4 ms  ✓ Requires
   3995.6 ms  ✓ LazyArtifacts
   1588.7 ms  ✓ ScopedValues
   1887.5 ms  ✓ GPUArraysCore
   1224.5 ms  ✓ PrecompileTools
   1324.2 ms  ✓ JLLWrappers
   4923.0 ms  ✓ CEnum
   5587.7 ms  ✓ UnsafeAtomics
   6091.3 ms  ✓ InteractiveUtils
    639.6 ms  ✓ Atomix
   1915.0 ms  ✓ LLVMExtra_jll
   7139.4 ms  ✓ MacroTools
   5996.3 ms  ✓ SparseArrays
    487.0 ms  ✓ Adapt → AdaptSparseArraysExt
    501.6 ms  ✓ Statistics → SparseArraysExt
   7846.0 ms  ✓ StaticArrays
    489.6 ms  ✓ StaticArrays → StaticArraysStatisticsExt
    488.2 ms  ✓ Adapt → AdaptStaticArraysExt
   7714.0 ms  ✓ LLVM
   1426.4 ms  ✓ UnsafeAtomics → UnsafeAtomicsLLVM
   3735.9 ms  ✓ KernelAbstractions
    575.1 ms  ✓ KernelAbstractions → LinearAlgebraExt
    728.0 ms  ✓ KernelAbstractions → SparseArraysExt
   4329.3 ms  ✓ GPUArrays
   2362.0 ms  ✓ JLArrays
  33 dependencies successfully precompiled in 24 seconds. 26 already precompiled.
	Command being timed: "nice -n -10 timeout -k120 -v 3600 julia +release --project=J/JLArrays/Matrix-Multiplication-On-Gpu-Like-Arrays -e using Pkg; @time @eval Pkg.precompile()"
	User time (seconds): 188.76
	System time (seconds): 12.37
	Percent of CPU this job got: 229%
	Elapsed (wall clock) time (h:mm:ss or m:ss): 1:27.79
	Average shared text size (kbytes): 0
	Average unshared data size (kbytes): 0
	Average stack size (kbytes): 0
	Average total size (kbytes): 0
	Maximum resident set size (kbytes): 2191496
	Average resident set size (kbytes): 0
	Major (requiring I/O) page faults: 238
	Minor (reclaiming a frame) page faults: 3630943
	Voluntary context switches: 11789
	Involuntary context switches: 6342
	Swaps: 0
	File system inputs: 0
	File system outputs: 477544
	Socket messages sent: 0
	Socket messages received: 0
	Signals delivered: 0
	Page size (bytes): 4096
	Exit status: 0
