nice: cannot set niceness: Permission denied
Precompiling packages...
    430.0 ms  ✓ Reexport
    526.0 ms  ✓ StaticArraysCore
    616.1 ms  ✓ Statistics
    866.4 ms  ✓ SuiteSparse_jll
    513.7 ms  ✓ HashArrayMappedTries
    794.4 ms  ✓ Requires
    705.4 ms  ✓ Serialization
    475.7 ms  ✓ CEnum
   1903.6 ms  ✓ UnsafeAtomics
   1235.6 ms  ✓ InteractiveUtils
    920.3 ms  ✓ LazyArtifacts
    486.1 ms  ✓ ScopedValues
    525.2 ms  ✓ Adapt
    566.1 ms  ✓ GPUArraysCore
   2255.4 ms  ✓ Preferences
    945.9 ms  ✓ Atomix
    408.6 ms  ✓ PrecompileTools
    492.6 ms  ✓ JLLWrappers
   5233.0 ms  ✓ MacroTools
   1220.4 ms  ✓ LLVMExtra_jll
   3756.3 ms  ✓ SparseArrays
    490.9 ms  ✓ Adapt → AdaptSparseArraysExt
    512.1 ms  ✓ Statistics → SparseArraysExt
   5210.6 ms  ✓ LLVM
   1352.3 ms  ✓ UnsafeAtomics → UnsafeAtomicsLLVM
  10593.2 ms  ✓ StaticArrays
    478.2 ms  ✓ Adapt → AdaptStaticArraysExt
    484.6 ms  ✓ StaticArrays → StaticArraysStatisticsExt
   2958.1 ms  ✓ KernelAbstractions
    551.8 ms  ✓ KernelAbstractions → LinearAlgebraExt
    704.9 ms  ✓ KernelAbstractions → SparseArraysExt
   3105.7 ms  ✓ GPUArrays
   1421.2 ms  ✓ JLArrays
  33 dependencies successfully precompiled in 24 seconds. 27 already precompiled.
	Command being timed: "nice -n -10 timeout -k120 -v 3600 julia +nightly --project=J/JLArrays/Matrix-Multiplication-On-Gpu-Like-Arrays -e using Pkg; @time @eval Pkg.precompile()"
	User time (seconds): 209.33
	System time (seconds): 11.80
	Percent of CPU this job got: 167%
	Elapsed (wall clock) time (h:mm:ss or m:ss): 2:11.70
	Average shared text size (kbytes): 0
	Average unshared data size (kbytes): 0
	Average stack size (kbytes): 0
	Average total size (kbytes): 0
	Maximum resident set size (kbytes): 2543856
	Average resident set size (kbytes): 0
	Major (requiring I/O) page faults: 255
	Minor (reclaiming a frame) page faults: 4420171
	Voluntary context switches: 11896
	Involuntary context switches: 2996
	Swaps: 0
	File system inputs: 0
	File system outputs: 496568
	Socket messages sent: 0
	Socket messages received: 0
	Signals delivered: 0
	Page size (bytes): 4096
	Exit status: 0
