nice: cannot set niceness: Permission denied
Precompiling packages...
    415.7 ms  ✓ Reexport
    494.8 ms  ✓ StaticArraysCore
    592.7 ms  ✓ Statistics
    837.5 ms  ✓ SuiteSparse_jll
    499.7 ms  ✓ HashArrayMappedTries
    753.6 ms  ✓ Requires
    686.2 ms  ✓ Serialization
    465.0 ms  ✓ CEnum
   1901.0 ms  ✓ UnsafeAtomics
   1235.1 ms  ✓ InteractiveUtils
    874.2 ms  ✓ LazyArtifacts
    486.0 ms  ✓ ScopedValues
    503.2 ms  ✓ Adapt
    579.7 ms  ✓ GPUArraysCore
   1976.9 ms  ✓ Preferences
    914.7 ms  ✓ Atomix
    444.5 ms  ✓ PrecompileTools
    529.4 ms  ✓ JLLWrappers
   5025.8 ms  ✓ MacroTools
   1176.6 ms  ✓ LLVMExtra_jll
   3780.6 ms  ✓ SparseArrays
    474.7 ms  ✓ Adapt → AdaptSparseArraysExt
    544.5 ms  ✓ Statistics → SparseArraysExt
   5151.6 ms  ✓ LLVM
   1278.6 ms  ✓ UnsafeAtomics → UnsafeAtomicsLLVM
  10631.7 ms  ✓ StaticArrays
    469.7 ms  ✓ Adapt → AdaptStaticArraysExt
    471.0 ms  ✓ StaticArrays → StaticArraysStatisticsExt
   2867.9 ms  ✓ KernelAbstractions
    535.3 ms  ✓ KernelAbstractions → LinearAlgebraExt
    691.4 ms  ✓ KernelAbstractions → SparseArraysExt
   3073.9 ms  ✓ GPUArrays
   1396.4 ms  ✓ JLArrays
  33 dependencies successfully precompiled in 23 seconds. 27 already precompiled.
	Command being timed: "nice -n -10 timeout -k120 -v 3600 julia +alpha --project=J/JLArrays/Matrix-Multiplication-On-Gpu-Like-Arrays -e using Pkg; @time @eval Pkg.precompile()"
	User time (seconds): 187.20
	System time (seconds): 11.46
	Percent of CPU this job got: 173%
	Elapsed (wall clock) time (h:mm:ss or m:ss): 1:54.22
	Average shared text size (kbytes): 0
	Average unshared data size (kbytes): 0
	Average stack size (kbytes): 0
	Average total size (kbytes): 0
	Maximum resident set size (kbytes): 2705624
	Average resident set size (kbytes): 0
	Major (requiring I/O) page faults: 344
	Minor (reclaiming a frame) page faults: 4270302
	Voluntary context switches: 11392
	Involuntary context switches: 2549
	Swaps: 0
	File system inputs: 0
	File system outputs: 486608
	Socket messages sent: 0
	Socket messages received: 0
	Signals delivered: 0
	Page size (bytes): 4096
	Exit status: 0
