nice: cannot set niceness: Permission denied
Precompiling packages...
    417.4 ms  ✓ Reexport
    504.9 ms  ✓ StaticArraysCore
    588.1 ms  ✓ Statistics
    856.6 ms  ✓ SuiteSparse_jll
    515.6 ms  ✓ HashArrayMappedTries
    761.6 ms  ✓ Requires
    458.0 ms  ✓ CEnum
    703.6 ms  ✓ Serialization
   1229.2 ms  ✓ InteractiveUtils
    859.8 ms  ✓ LazyArtifacts
   1919.5 ms  ✓ UnsafeAtomics
    472.4 ms  ✓ ScopedValues
    487.2 ms  ✓ Adapt
    550.7 ms  ✓ GPUArraysCore
   2014.0 ms  ✓ Preferences
    855.1 ms  ✓ Atomix
    418.1 ms  ✓ PrecompileTools
    512.1 ms  ✓ JLLWrappers
   5061.4 ms  ✓ MacroTools
   1155.2 ms  ✓ LLVMExtra_jll
   3796.0 ms  ✓ SparseArrays
    476.7 ms  ✓ Adapt → AdaptSparseArraysExt
    584.4 ms  ✓ Statistics → SparseArraysExt
   5104.7 ms  ✓ LLVM
   1250.7 ms  ✓ UnsafeAtomics → UnsafeAtomicsLLVM
  10748.4 ms  ✓ StaticArrays
    464.8 ms  ✓ Adapt → AdaptStaticArraysExt
    477.9 ms  ✓ StaticArrays → StaticArraysStatisticsExt
   2919.9 ms  ✓ KernelAbstractions
    537.6 ms  ✓ KernelAbstractions → LinearAlgebraExt
    686.6 ms  ✓ KernelAbstractions → SparseArraysExt
   3099.0 ms  ✓ GPUArrays
   1408.9 ms  ✓ JLArrays
  33 dependencies successfully precompiled in 23 seconds. 27 already precompiled.
	Command being timed: "nice -n -10 timeout -k120 -v 3600 julia +alpha --project=J/JLArrays/Matrix-Multiplication-On-Gpu-Like-Arrays -e using Pkg; @time @eval Pkg.precompile()"
	User time (seconds): 190.38
	System time (seconds): 11.21
	Percent of CPU this job got: 172%
	Elapsed (wall clock) time (h:mm:ss or m:ss): 1:56.65
	Average shared text size (kbytes): 0
	Average unshared data size (kbytes): 0
	Average stack size (kbytes): 0
	Average total size (kbytes): 0
	Maximum resident set size (kbytes): 2780936
	Average resident set size (kbytes): 0
	Major (requiring I/O) page faults: 549
	Minor (reclaiming a frame) page faults: 4312539
	Voluntary context switches: 12480
	Involuntary context switches: 2763
	Swaps: 0
	File system inputs: 0
	File system outputs: 485936
	Socket messages sent: 0
	Socket messages received: 0
	Signals delivered: 0
	Page size (bytes): 4096
	Exit status: 0
