nice: cannot set niceness: Permission denied
Precompiling packages...
    420.6 ms  ✓ Reexport
    479.7 ms  ✓ Adapt
    517.6 ms  ✓ StaticArraysCore
    612.8 ms  ✓ Statistics
    475.7 ms  ✓ HashArrayMappedTries
    747.2 ms  ✓ Requires
    841.1 ms  ✓ SuiteSparse_jll
    440.8 ms  ✓ CEnum
    682.7 ms  ✓ Serialization
   1908.0 ms  ✓ UnsafeAtomics
   1229.6 ms  ✓ InteractiveUtils
    968.7 ms  ✓ LazyArtifacts
    480.6 ms  ✓ ScopedValues
    562.2 ms  ✓ GPUArraysCore
   2025.9 ms  ✓ Preferences
    784.7 ms  ✓ Atomix
    602.1 ms  ✓ PrecompileTools
    681.7 ms  ✓ JLLWrappers
   4945.2 ms  ✓ MacroTools
   1181.1 ms  ✓ LLVMExtra_jll
   3825.9 ms  ✓ SparseArrays
    504.0 ms  ✓ Adapt → AdaptSparseArraysExt
    515.9 ms  ✓ Statistics → SparseArraysExt
   6946.8 ms  ✓ LLVM
   1347.4 ms  ✓ UnsafeAtomics → UnsafeAtomicsLLVM
  10995.2 ms  ✓ StaticArrays
    534.0 ms  ✓ Adapt → AdaptStaticArraysExt
    537.5 ms  ✓ StaticArrays → StaticArraysStatisticsExt
   3112.1 ms  ✓ KernelAbstractions
    603.7 ms  ✓ KernelAbstractions → LinearAlgebraExt
    784.9 ms  ✓ KernelAbstractions → SparseArraysExt
   3294.5 ms  ✓ GPUArrays
   1511.0 ms  ✓ JLArrays
  33 dependencies successfully precompiled in 25 seconds. 27 already precompiled.
	Command being timed: "nice -n -10 timeout -k120 -v 3600 julia +alpha --project=J/JLArrays/Matrix-Multiplication-On-Gpu-Like-Arrays -e using Pkg; @time @eval Pkg.precompile()"
	User time (seconds): 193.05
	System time (seconds): 11.06
	Percent of CPU this job got: 176%
	Elapsed (wall clock) time (h:mm:ss or m:ss): 1:55.97
	Average shared text size (kbytes): 0
	Average unshared data size (kbytes): 0
	Average stack size (kbytes): 0
	Average total size (kbytes): 0
	Maximum resident set size (kbytes): 2643184
	Average resident set size (kbytes): 0
	Major (requiring I/O) page faults: 369
	Minor (reclaiming a frame) page faults: 4327042
	Voluntary context switches: 11440
	Involuntary context switches: 2772
	Swaps: 0
	File system inputs: 0
	File system outputs: 498920
	Socket messages sent: 0
	Socket messages received: 0
	Signals delivered: 0
	Page size (bytes): 4096
	Exit status: 0
