nice: cannot set niceness: Permission denied
Precompiling packages...
   0.3 s  ✓ Reexport
   0.4 s  ✓ Adapt
   0.4 s  ✓ StaticArraysCore
   0.5 s  ✓ Statistics
   0.4 s  ✓ SuiteSparse_jll
   0.3 s  ✓ HashArrayMappedTries
   0.6 s  ✓ Requires
   0.3 s  ✓ CEnum
   0.5 s  ✓ Serialization
   0.7 s  ✓ Preferences
   1.9 s  ✓ MacroTools
   0.9 s  ✓ LazyArtifacts
   1.7 s  ✓ UnsafeAtomics
   1.2 s  ✓ InteractiveUtils
   0.3 s  ✓ ScopedValues
   0.5 s  ✓ GPUArraysCore
   0.5 s  ✓ Atomix
   0.6 s  ✓ JLLWrappers
   0.6 s  ✓ PrecompileTools
   1.0 s  ✓ LLVMExtra_jll
   3.2 s  ✓ SparseArrays
   0.4 s  ✓ Adapt → AdaptSparseArraysExt
   0.4 s  ✓ Statistics → SparseArraysExt
   5.3 s  ✓ StaticArrays
   0.4 s  ✓ StaticArrays → StaticArraysStatisticsExt
   0.4 s  ✓ Adapt → AdaptStaticArraysExt
   6.4 s  ✓ LLVM
   2.6 s  ✓ KernelAbstractions
   1.2 s  ✓ UnsafeAtomics → UnsafeAtomicsLLVM
   0.5 s  ✓ KernelAbstractions → LinearAlgebraExt
   0.7 s  ✓ KernelAbstractions → SparseArraysExt
   3.1 s  ✓ GPUArrays
   1.3 s  ✓ JLArrays
  33 dependencies successfully precompiled in 16 seconds. 28 already precompiled.
	Command being timed: "nice -n -10 timeout -k120 -v 3600 julia +release --project=J/JLArrays/Matrix-Multiplication-On-Gpu-Like-Arrays -e using Pkg; @time @eval Pkg.precompile()"
	User time (seconds): 144.10
	System time (seconds): 9.76
	Percent of CPU this job got: 182%
	Elapsed (wall clock) time (h:mm:ss or m:ss): 1:24.10
	Average shared text size (kbytes): 0
	Average unshared data size (kbytes): 0
	Average stack size (kbytes): 0
	Average total size (kbytes): 0
	Maximum resident set size (kbytes): 2147364
	Average resident set size (kbytes): 0
	Major (requiring I/O) page faults: 335
	Minor (reclaiming a frame) page faults: 3616547
	Voluntary context switches: 15058
	Involuntary context switches: 2603
	Swaps: 0
	File system inputs: 0
	File system outputs: 490416
	Socket messages sent: 0
	Socket messages received: 0
	Signals delivered: 0
	Page size (bytes): 4096
	Exit status: 0
