nice: cannot set niceness: Permission denied
Precompiling packages...
   1123.8 ms  ✓ LazyArtifacts
   1150.3 ms  ✓ Reexport
   1232.1 ms  ✓ HashArrayMappedTries
   1256.1 ms  ✓ CEnum
   1255.4 ms  ✓ StaticArraysCore
   1340.0 ms  ✓ SuiteSparse_jll
   1498.2 ms  ✓ Adapt
   1424.2 ms  ✓ Requires
   1553.5 ms  ✓ Preferences
    590.1 ms  ✓ ScopedValues
    584.0 ms  ✓ GPUArraysCore
    463.1 ms  ✓ PrecompileTools
    511.7 ms  ✓ JLLWrappers
    575.9 ms  ✓ LLVMExtra_jll
   2860.2 ms  ✓ MacroTools
   2960.8 ms  ✓ UnsafeAtomics
    358.4 ms  ✓ Atomix
   2904.2 ms  ✓ SparseArrays
    420.3 ms  ✓ Adapt → AdaptSparseArraysExt
    498.3 ms  ✓ Statistics
   4864.8 ms  ✓ StaticArrays
    406.9 ms  ✓ Adapt → AdaptStaticArraysExt
    555.2 ms  ✓ StaticArrays → StaticArraysStatisticsExt
   5411.6 ms  ✓ LLVM
    840.5 ms  ✓ UnsafeAtomics → UnsafeAtomicsLLVM
   2106.3 ms  ✓ KernelAbstractions
    442.4 ms  ✓ KernelAbstractions → LinearAlgebraExt
    557.4 ms  ✓ KernelAbstractions → SparseArraysExt
   2306.8 ms  ✓ GPUArrays
    880.8 ms  ✓ JLArrays
  30 dependencies successfully precompiled in 14 seconds
	Command being timed: "nice -n -10 timeout -k120 -v 3600 julia +lts --project=J/JLArrays/Matrix-Multiplication-On-Gpu-Like-Arrays -e using Pkg; @time @eval Pkg.precompile()"
	User time (seconds): 33.85
	System time (seconds): 5.48
	Percent of CPU this job got: 257%
	Elapsed (wall clock) time (h:mm:ss or m:ss): 0:15.27
	Average shared text size (kbytes): 0
	Average unshared data size (kbytes): 0
	Average stack size (kbytes): 0
	Average total size (kbytes): 0
	Maximum resident set size (kbytes): 479204
	Average resident set size (kbytes): 0
	Major (requiring I/O) page faults: 68
	Minor (reclaiming a frame) page faults: 1418694
	Voluntary context switches: 40997
	Involuntary context switches: 1938
	Swaps: 0
	File system inputs: 0
	File system outputs: 173032
	Socket messages sent: 0
	Socket messages received: 0
	Signals delivered: 0
	Page size (bytes): 4096
	Exit status: 0
