nice: cannot set niceness: Permission denied
Precompiling packages...
   1630.5 ms  ✓ UUIDs
   1634.1 ms  ✓ Unicode
   1697.3 ms  ✓ Zlib_jll
   1717.6 ms  ✓ CompilerSupportLibraries_jll
   1724.0 ms  ✓ MozillaCACerts_jll
   1722.8 ms  ✓ Logging
   1718.5 ms  ✓ NetworkOptions
   1730.4 ms  ✓ nghttp2_jll
   1841.2 ms  ✓ OpenSSL_jll
   1835.2 ms  ✓ Base64
    549.8 ms  ✓ p7zip_jll
    459.3 ms  ✓ LibSSH2_jll
    698.0 ms  ✓ Printf
    482.0 ms  ✓ LibGit2_jll
    499.0 ms  ✓ LibCURL_jll
   3360.7 ms  ✓ ArgTools
    780.6 ms  ✓ LibCURL
    644.0 ms  ✓ Tar
   3042.2 ms  ✓ Dates
    454.7 ms  ✓ TOML
   3142.9 ms  ✓ LibGit2
   3068.3 ms  ✓ Downloads
   9388.7 ms  ✓ StyledStrings
   1667.7 ms  ✓ JuliaSyntaxHighlighting
   3921.2 ms  ✓ Markdown
  47628.6 ms  ✓ Pkg
  26 dependencies successfully precompiled in 63 seconds
Precompiling packages...
    670.6 ms  ✓ Compiler
    951.9 ms  ✓ Serialization
    974.2 ms  ✓ Preferences
    453.6 ms  ✓ PrecompileTools
   1968.1 ms  ✓ OrderedCollections
   2461.4 ms  ✓ InteractiveUtils
   3356.0 ms  ✓ MacroTools
   4160.7 ms  ✓ Test
  14877.6 ms  ✓ JuliaSyntax
  28753.4 ms  ✓ REPL
    707.6 ms  ✓ CodeTracking
   4643.6 ms  ✓ Pkg → REPLExt
   5294.1 ms  ✓ JuliaInterpreter
   5641.3 ms  ✓ LoweredCodeUtils
   8395.2 ms  ✓ Revise
  47704.3 ms  ✓ JET
  16 dependencies successfully precompiled in 99 seconds. 26 already precompiled.
	Command being timed: "nice -n -10 timeout -k120 -v 3600 julia +1.12.6 --project=J/JET/Type-Stability-Analysis -e using Pkg; @time @eval Pkg.precompile()"
	User time (seconds): 363.66
	System time (seconds): 12.26
	Percent of CPU this job got: 231%
	Elapsed (wall clock) time (h:mm:ss or m:ss): 2:42.56
	Average shared text size (kbytes): 0
	Average unshared data size (kbytes): 0
	Average stack size (kbytes): 0
	Average total size (kbytes): 0
	Maximum resident set size (kbytes): 2363848
	Average resident set size (kbytes): 0
	Major (requiring I/O) page faults: 291
	Minor (reclaiming a frame) page faults: 4215560
	Voluntary context switches: 10815
	Involuntary context switches: 11524
	Swaps: 0
	File system inputs: 0
	File system outputs: 710704
	Socket messages sent: 0
	Socket messages received: 0
	Signals delivered: 0
	Page size (bytes): 4096
	Exit status: 0
