nice: cannot set niceness: Permission denied
Precompiling packages...
   1356.3 ms  ✓ UUIDs
   1620.0 ms  ✓ CompilerSupportLibraries_jll
   1657.4 ms  ✓ OpenSSL_jll
   1635.8 ms  ✓ Logging
   1654.5 ms  ✓ MozillaCACerts_jll
   1651.5 ms  ✓ Zlib_jll
   1728.0 ms  ✓ nghttp2_jll
   1772.1 ms  ✓ Unicode
   1819.5 ms  ✓ NetworkOptions
   1844.2 ms  ✓ Base64
    555.5 ms  ✓ LibSSH2_jll
    616.9 ms  ✓ p7zip_jll
    671.3 ms  ✓ Printf
    474.1 ms  ✓ LibGit2_jll
    478.0 ms  ✓ LibCURL_jll
   3259.5 ms  ✓ ArgTools
    803.9 ms  ✓ LibCURL
    656.6 ms  ✓ Tar
   3068.8 ms  ✓ Dates
   3220.4 ms  ✓ LibGit2
    455.1 ms  ✓ TOML
   3115.7 ms  ✓ Downloads
   9459.6 ms  ✓ StyledStrings
   1750.0 ms  ✓ JuliaSyntaxHighlighting
   3855.2 ms  ✓ Markdown
  47610.2 ms  ✓ Pkg
  26 dependencies successfully precompiled in 63 seconds
Precompiling packages...
    707.4 ms  ✓ Compiler
    950.5 ms  ✓ Serialization
    993.2 ms  ✓ Preferences
    440.4 ms  ✓ PrecompileTools
   1970.7 ms  ✓ OrderedCollections
   2451.5 ms  ✓ InteractiveUtils
   3257.1 ms  ✓ MacroTools
   4117.9 ms  ✓ Test
  14836.3 ms  ✓ JuliaSyntax
  28820.9 ms  ✓ REPL
    716.1 ms  ✓ CodeTracking
   4498.6 ms  ✓ Pkg → REPLExt
   5264.7 ms  ✓ JuliaInterpreter
   5536.1 ms  ✓ LoweredCodeUtils
   8490.3 ms  ✓ Revise
  47604.9 ms  ✓ JET
  16 dependencies successfully precompiled in 99 seconds. 26 already precompiled.
	Command being timed: "nice -n -10 timeout -k120 -v 3600 julia +1.12.6 --project=J/JET/Type-Stability-Analysis -e using Pkg; @time @eval Pkg.precompile()"
	User time (seconds): 366.14
	System time (seconds): 11.95
	Percent of CPU this job got: 232%
	Elapsed (wall clock) time (h:mm:ss or m:ss): 2:42.57
	Average shared text size (kbytes): 0
	Average unshared data size (kbytes): 0
	Average stack size (kbytes): 0
	Average total size (kbytes): 0
	Maximum resident set size (kbytes): 2334912
	Average resident set size (kbytes): 0
	Major (requiring I/O) page faults: 298
	Minor (reclaiming a frame) page faults: 4196786
	Voluntary context switches: 11278
	Involuntary context switches: 11536
	Swaps: 0
	File system inputs: 0
	File system outputs: 711480
	Socket messages sent: 0
	Socket messages received: 0
	Signals delivered: 0
	Page size (bytes): 4096
	Exit status: 0
