nice: cannot set niceness: Permission denied
Precompiling packages...
    664.5 ms  ✓ Preferences
    771.3 ms  ✓ CodeTracking
    354.9 ms  ✓ PrecompileTools
   1751.1 ms  ✓ MacroTools
   2401.2 ms  ✓ Test
   8583.5 ms  ✓ JuliaSyntax
   7818.3 ms  ✓ JuliaInterpreter
   4041.1 ms  ✓ LoweredCodeUtils
  29541.3 ms  ✓ JET
  9 dependencies successfully precompiled in 43 seconds
  1 dependency had output during precompilation:
┌ JET
│  ┌ Warning: `@lookup(mod, frame, node)` at /workdir/depot/packages/JET/sQkqi/src/toplevel/virtualprocess.jl:1321 is deprecated, use `lookup(frame, node)` instead.
│  └ @ JuliaInterpreter /workdir/depot/packages/JuliaInterpreter/ZNccU/src/interpret.jl:46
└  
	Command being timed: "nice -n -10 timeout -k120 -v 3600 julia +lts --project=J/JET/Type-Stability-Analysis -e using Pkg; @time @eval Pkg.precompile()"
	User time (seconds): 115.96
	System time (seconds): 3.82
	Percent of CPU this job got: 274%
	Elapsed (wall clock) time (h:mm:ss or m:ss): 0:43.58
	Average shared text size (kbytes): 0
	Average unshared data size (kbytes): 0
	Average stack size (kbytes): 0
	Average total size (kbytes): 0
	Maximum resident set size (kbytes): 1888536
	Average resident set size (kbytes): 0
	Major (requiring I/O) page faults: 162
	Minor (reclaiming a frame) page faults: 1243143
	Voluntary context switches: 15554
	Involuntary context switches: 4315
	Swaps: 0
	File system inputs: 0
	File system outputs: 226432
	Socket messages sent: 0
	Socket messages received: 0
	Signals delivered: 0
	Page size (bytes): 4096
	Exit status: 0
