nice: cannot set niceness: Permission denied
Precompiling packages...
    683.7 ms  ✓ Preferences
    789.5 ms  ✓ CodeTracking
    355.1 ms  ✓ PrecompileTools
   1726.4 ms  ✓ MacroTools
   2457.4 ms  ✓ Test
   8560.2 ms  ✓ JuliaSyntax
   7976.8 ms  ✓ JuliaInterpreter
   4043.8 ms  ✓ LoweredCodeUtils
  29664.2 ms  ✓ JET
  9 dependencies successfully precompiled in 43 seconds
  1 dependency had output during precompilation:
┌ JET
│  ┌ Warning: `@lookup(mod, frame, node)` at /workdir/depot/packages/JET/sQkqi/src/toplevel/virtualprocess.jl:1321 is deprecated, use `lookup(frame, node)` instead.
│  └ @ JuliaInterpreter /workdir/depot/packages/JuliaInterpreter/ZNccU/src/interpret.jl:46
└  
	Command being timed: "nice -n -10 timeout -k120 -v 3600 julia +lts --project=J/JET/Type-Stability-Analysis -e using Pkg; @time @eval Pkg.precompile()"
	User time (seconds): 115.58
	System time (seconds): 3.73
	Percent of CPU this job got: 271%
	Elapsed (wall clock) time (h:mm:ss or m:ss): 0:43.97
	Average shared text size (kbytes): 0
	Average unshared data size (kbytes): 0
	Average stack size (kbytes): 0
	Average total size (kbytes): 0
	Maximum resident set size (kbytes): 1877864
	Average resident set size (kbytes): 0
	Major (requiring I/O) page faults: 114
	Minor (reclaiming a frame) page faults: 1238849
	Voluntary context switches: 15826
	Involuntary context switches: 4200
	Swaps: 0
	File system inputs: 2176
	File system outputs: 228512
	Socket messages sent: 0
	Socket messages received: 0
	Signals delivered: 0
	Page size (bytes): 4096
	Exit status: 0
