nice: cannot set niceness: Permission denied
Precompiling packages...
   1501.1 ms  ✓ Logging
   1552.7 ms  ✓ OpenSSL_jll
   1523.0 ms  ✓ UUIDs
   1607.4 ms  ✓ nghttp2_jll
   1701.9 ms  ✓ CompilerSupportLibraries_jll
   1705.1 ms  ✓ MozillaCACerts_jll
   1718.7 ms  ✓ Unicode
   1715.1 ms  ✓ Zlib_jll
   1725.1 ms  ✓ NetworkOptions
   1864.4 ms  ✓ Base64
    600.2 ms  ✓ LibSSH2_jll
    611.4 ms  ✓ p7zip_jll
    688.6 ms  ✓ Printf
    498.1 ms  ✓ LibGit2_jll
    503.6 ms  ✓ LibCURL_jll
   3221.7 ms  ✓ ArgTools
    767.0 ms  ✓ LibCURL
    630.0 ms  ✓ Tar
   2890.5 ms  ✓ Dates
   2938.3 ms  ✓ LibGit2
    431.4 ms  ✓ TOML
   2937.2 ms  ✓ Downloads
   9091.1 ms  ✓ StyledStrings
   1640.4 ms  ✓ JuliaSyntaxHighlighting
   3680.8 ms  ✓ Markdown
  45606.0 ms  ✓ Pkg
  26 dependencies successfully precompiled in 60 seconds
Precompiling packages...
    706.0 ms  ✓ Compiler
    954.8 ms  ✓ Serialization
    963.1 ms  ✓ Preferences
    475.4 ms  ✓ PrecompileTools
   1894.7 ms  ✓ OrderedCollections
   2436.0 ms  ✓ InteractiveUtils
   3405.1 ms  ✓ MacroTools
   1020.9 ms  ✓ CodeTracking
   4297.1 ms  ✓ Test
   6060.5 ms  ✓ JuliaInterpreter
  18035.5 ms  ✓ JuliaSyntax
   8796.1 ms  ✓ LoweredCodeUtils
  29606.6 ms  ✓ REPL
   4197.3 ms  ✓ Pkg → REPLExt
   8368.1 ms  ✓ Revise
  45213.0 ms  ✓ JET
  16 dependencies successfully precompiled in 86 seconds. 26 already precompiled.
	Command being timed: "nice -n -10 timeout -k120 -v 3600 julia +release --project=J/JET/Type-Stability-Analysis -e using Pkg; @time @eval Pkg.precompile()"
	User time (seconds): 351.25
	System time (seconds): 12.55
	Percent of CPU this job got: 248%
	Elapsed (wall clock) time (h:mm:ss or m:ss): 2:26.38
	Average shared text size (kbytes): 0
	Average unshared data size (kbytes): 0
	Average stack size (kbytes): 0
	Average total size (kbytes): 0
	Maximum resident set size (kbytes): 2304572
	Average resident set size (kbytes): 0
	Major (requiring I/O) page faults: 288
	Minor (reclaiming a frame) page faults: 4131769
	Voluntary context switches: 10612
	Involuntary context switches: 12843
	Swaps: 0
	File system inputs: 0
	File system outputs: 695632
	Socket messages sent: 0
	Socket messages received: 0
	Signals delivered: 0
	Page size (bytes): 4096
	Exit status: 0
