nice: cannot set niceness: Permission denied
Precompiling packages...
   1474.1 ms  ✓ nghttp2_jll
   1482.8 ms  ✓ UUIDs
   1599.8 ms  ✓ OpenSSL_jll
   1579.0 ms  ✓ MozillaCACerts_jll
   1600.6 ms  ✓ Zlib_jll
   1645.7 ms  ✓ Logging
   1711.9 ms  ✓ Unicode
   1706.8 ms  ✓ NetworkOptions
   1721.9 ms  ✓ CompilerSupportLibraries_jll
   1773.7 ms  ✓ Base64
    536.7 ms  ✓ LibSSH2_jll
    555.8 ms  ✓ p7zip_jll
    671.0 ms  ✓ Printf
    487.9 ms  ✓ LibCURL_jll
    494.1 ms  ✓ LibGit2_jll
   3244.2 ms  ✓ ArgTools
    750.0 ms  ✓ LibCURL
    638.9 ms  ✓ Tar
   2876.7 ms  ✓ Dates
    442.0 ms  ✓ TOML
   3151.1 ms  ✓ LibGit2
   3028.3 ms  ✓ Downloads
   9140.9 ms  ✓ StyledStrings
   1685.3 ms  ✓ JuliaSyntaxHighlighting
   3814.5 ms  ✓ Markdown
  46950.3 ms  ✓ Pkg
  26 dependencies successfully precompiled in 62 seconds
Precompiling packages...
    681.6 ms  ✓ Compiler
    934.5 ms  ✓ Serialization
    944.1 ms  ✓ Preferences
    438.0 ms  ✓ PrecompileTools
   1886.3 ms  ✓ OrderedCollections
   2474.0 ms  ✓ InteractiveUtils
   3354.8 ms  ✓ MacroTools
   1017.7 ms  ✓ CodeTracking
   4316.3 ms  ✓ Test
   6066.2 ms  ✓ JuliaInterpreter
  17586.1 ms  ✓ JuliaSyntax
   8482.9 ms  ✓ LoweredCodeUtils
  29488.4 ms  ✓ REPL
   4422.1 ms  ✓ Pkg → REPLExt
   8571.4 ms  ✓ Revise
  46403.2 ms  ✓ JET
  16 dependencies successfully precompiled in 87 seconds. 26 already precompiled.
	Command being timed: "nice -n -10 timeout -k120 -v 3600 julia +1.12.5 --project=J/JET/Type-Stability-Analysis -e using Pkg; @time @eval Pkg.precompile()"
	User time (seconds): 357.40
	System time (seconds): 12.14
	Percent of CPU this job got: 247%
	Elapsed (wall clock) time (h:mm:ss or m:ss): 2:29.38
	Average shared text size (kbytes): 0
	Average unshared data size (kbytes): 0
	Average stack size (kbytes): 0
	Average total size (kbytes): 0
	Maximum resident set size (kbytes): 2278228
	Average resident set size (kbytes): 0
	Major (requiring I/O) page faults: 320
	Minor (reclaiming a frame) page faults: 4154575
	Voluntary context switches: 12164
	Involuntary context switches: 11935
	Swaps: 0
	File system inputs: 0
	File system outputs: 700848
	Socket messages sent: 0
	Socket messages received: 0
	Signals delivered: 0
	Page size (bytes): 4096
	Exit status: 0
