nice: cannot set niceness: Permission denied
Precompiling packages...
    972.5 ms  ✓ Preferences
    980.5 ms  ✓ CodeTracking
    487.2 ms  ✓ PrecompileTools
   2278.1 ms  ✓ MacroTools
   3056.8 ms  ✓ Test
  11078.9 ms  ✓ JuliaSyntax
  10180.2 ms  ✓ JuliaInterpreter
   5739.1 ms  ✓ LoweredCodeUtils
  48804.8 ms  ✓ JET
  9 dependencies successfully precompiled in 67 seconds
  1 dependency had output during precompilation:
┌ JET
│  ┌ Warning: `@lookup(mod, frame, node)` at /workdir/depot/packages/JET/sQkqi/src/toplevel/virtualprocess.jl:1321 is deprecated, use `lookup(frame, node)` instead.
│  └ @ JuliaInterpreter /workdir/depot/packages/JuliaInterpreter/ZNccU/src/interpret.jl:46
└  
	Command being timed: "nice -n -10 timeout -k120 -v 3600 julia +lts --project=J/JET/Type-Stability-Analysis -e using Pkg; @time @eval Pkg.precompile()"
	User time (seconds): 168.72
	System time (seconds): 4.30
	Percent of CPU this job got: 255%
	Elapsed (wall clock) time (h:mm:ss or m:ss): 1:07.62
	Average shared text size (kbytes): 0
	Average unshared data size (kbytes): 0
	Average stack size (kbytes): 0
	Average total size (kbytes): 0
	Maximum resident set size (kbytes): 1887408
	Average resident set size (kbytes): 0
	Major (requiring I/O) page faults: 102
	Minor (reclaiming a frame) page faults: 1241762
	Voluntary context switches: 14795
	Involuntary context switches: 5991
	Swaps: 0
	File system inputs: 0
	File system outputs: 232312
	Socket messages sent: 0
	Socket messages received: 0
	Signals delivered: 0
	Page size (bytes): 4096
	Exit status: 0
