nice: cannot set niceness: Permission denied
Precompiling packages...
    644.2 ms  ✓ OrderedCollections
    658.7 ms  ✓ Serialization
    735.4 ms  ✓ Requires
    855.4 ms  ✓ Compiler
   1280.9 ms  ✓ InteractiveUtils
   1571.4 ms  ✓ Preferences
    965.6 ms  ✓ CodeTracking
    456.9 ms  ✓ PrecompileTools
   4506.6 ms  ✓ MacroTools
   7888.4 ms  ✓ Test
   8342.6 ms  ✓ JuliaInterpreter
  19547.4 ms  ✓ JuliaSyntax
   9220.2 ms  ✓ LoweredCodeUtils
  48137.6 ms  ✓ REPL
   6865.4 ms  ✓ Pkg → REPLExt
  11095.6 ms  ✓ Revise
  52712.0 ms  ✓ JET
  17 dependencies successfully precompiled in 114 seconds. 27 already precompiled.
  1 dependency had output during precompilation:
┌ Revise
│  ┌ Warning: precompile directive
│  │     precompile(Tuple{mbody.sig.parameters[1], Symbol, Bool, Bool, Iterators.Pairs{Symbol, Bool, Tuple{Symbol}, NamedTuple{(:skip_include,), Tuple{Bool}}}, typeof(methods_by_execution!), Compiled, MI, Module, Expr})
│  │ failed. Please report an issue in Revise (after checking for duplicates) or remove this directive.
│  └ @ Revise /workdir/depot/packages/Revise/KjLt4/src/precompile.jl:65
└  
	Command being timed: "nice -n -10 timeout -k120 -v 3600 julia +alpha --project=J/JET/Type-Stability-Analysis -e using Pkg; @time @eval Pkg.precompile()"
	User time (seconds): 350.74
	System time (seconds): 13.67
	Percent of CPU this job got: 179%
	Elapsed (wall clock) time (h:mm:ss or m:ss): 3:23.14
	Average shared text size (kbytes): 0
	Average unshared data size (kbytes): 0
	Average stack size (kbytes): 0
	Average total size (kbytes): 0
	Maximum resident set size (kbytes): 2643696
	Average resident set size (kbytes): 0
	Major (requiring I/O) page faults: 332
	Minor (reclaiming a frame) page faults: 5435909
	Voluntary context switches: 10879
	Involuntary context switches: 4800
	Swaps: 0
	File system inputs: 0
	File system outputs: 692336
	Socket messages sent: 0
	Socket messages received: 0
	Signals delivered: 0
	Page size (bytes): 4096
	Exit status: 0
