nice: cannot set niceness: Permission denied
Precompiling packages...
    690.5 ms  ✓ Preferences
    783.5 ms  ✓ CodeTracking
    374.5 ms  ✓ PrecompileTools
   1825.9 ms  ✓ MacroTools
   2559.0 ms  ✓ Test
   8063.8 ms  ✓ JuliaInterpreter
   9036.5 ms  ✓ JuliaSyntax
   4138.7 ms  ✓ LoweredCodeUtils
  30074.3 ms  ✓ JET
  9 dependencies successfully precompiled in 44 seconds
  1 dependency had output during precompilation:
┌ JET
│  ┌ Warning: `@lookup(mod, frame, node)` at /workdir/depot/packages/JET/sQkqi/src/toplevel/virtualprocess.jl:1321 is deprecated, use `lookup(frame, node)` instead.
│  └ @ JuliaInterpreter /workdir/depot/packages/JuliaInterpreter/ZNccU/src/interpret.jl:46
└  
	Command being timed: "nice -n -10 timeout -k120 -v 3600 julia +lts --project=J/JET/Type-Stability-Analysis -e using Pkg; @time @eval Pkg.precompile()"
	User time (seconds): 118.73
	System time (seconds): 3.79
	Percent of CPU this job got: 274%
	Elapsed (wall clock) time (h:mm:ss or m:ss): 0:44.70
	Average shared text size (kbytes): 0
	Average unshared data size (kbytes): 0
	Average stack size (kbytes): 0
	Average total size (kbytes): 0
	Maximum resident set size (kbytes): 1883680
	Average resident set size (kbytes): 0
	Major (requiring I/O) page faults: 188
	Minor (reclaiming a frame) page faults: 1228865
	Voluntary context switches: 16098
	Involuntary context switches: 4835
	Swaps: 0
	File system inputs: 0
	File system outputs: 232368
	Socket messages sent: 0
	Socket messages received: 0
	Signals delivered: 0
	Page size (bytes): 4096
	Exit status: 0
