nice: cannot set niceness: Permission denied
Precompiling packages...
  75577.9 ms  ✓ Pkg (serial)
  1 dependency successfully precompiled in 76 seconds
Precompiling packages...
    769.0 ms  ✓ CRC32c
    792.2 ms  ✓ Compiler
    860.3 ms  ✓ Unicode
   1103.3 ms  ✓ Serialization
    731.9 ms  ✓ Preferences
    469.4 ms  ✓ PrecompileTools
   2106.0 ms  ✓ OrderedCollections
   2705.4 ms  ✓ InteractiveUtils
   3492.7 ms  ✓ MacroTools
   3991.0 ms  ✓ Test
  14841.3 ms  ✓ JuliaSyntax
  29151.1 ms  ✓ REPL
    692.3 ms  ✓ CodeTracking
   5568.6 ms  ✓ JuliaInterpreter
   5881.0 ms  ✓ LoweredCodeUtils
  10114.0 ms  ✓ Revise
  48354.7 ms  ✓ JET
  17 dependencies successfully precompiled in 102 seconds. 14 already precompiled.
	Command being timed: "nice -n -10 timeout -k120 -v 3600 julia +1.12.6 --project=J/JET/Type-Stability-Analysis -e using Pkg; @time @eval Pkg.precompile()"
	User time (seconds): 360.42
	System time (seconds): 11.24
	Percent of CPU this job got: 207%
	Elapsed (wall clock) time (h:mm:ss or m:ss): 2:59.12
	Average shared text size (kbytes): 0
	Average unshared data size (kbytes): 0
	Average stack size (kbytes): 0
	Average total size (kbytes): 0
	Maximum resident set size (kbytes): 2319676
	Average resident set size (kbytes): 0
	Major (requiring I/O) page faults: 290
	Minor (reclaiming a frame) page faults: 4128186
	Voluntary context switches: 10855
	Involuntary context switches: 11354
	Swaps: 0
	File system inputs: 0
	File system outputs: 720640
	Socket messages sent: 0
	Socket messages received: 0
	Signals delivered: 0
	Page size (bytes): 4096
	Exit status: 0
