nice: cannot set niceness: Permission denied
Precompiling packages...
    700.6 ms  ✓ Preferences
    785.5 ms  ✓ CodeTracking
    349.0 ms  ✓ PrecompileTools
   1830.1 ms  ✓ MacroTools
   2490.1 ms  ✓ Test
   8964.1 ms  ✓ JuliaSyntax
   8091.9 ms  ✓ JuliaInterpreter
   4159.5 ms  ✓ LoweredCodeUtils
  29844.6 ms  ✓ JET
  9 dependencies successfully precompiled in 44 seconds
  1 dependency had output during precompilation:
┌ JET
│  ┌ Warning: `@lookup(mod, frame, node)` at /workdir/depot/packages/JET/sQkqi/src/toplevel/virtualprocess.jl:1321 is deprecated, use `lookup(frame, node)` instead.
│  └ @ JuliaInterpreter /workdir/depot/packages/JuliaInterpreter/ZNccU/src/interpret.jl:46
└  
	Command being timed: "nice -n -10 timeout -k120 -v 3600 julia +lts --project=J/JET/Type-Stability-Analysis -e using Pkg; @time @eval Pkg.precompile()"
	User time (seconds): 117.26
	System time (seconds): 3.84
	Percent of CPU this job got: 272%
	Elapsed (wall clock) time (h:mm:ss or m:ss): 0:44.48
	Average shared text size (kbytes): 0
	Average unshared data size (kbytes): 0
	Average stack size (kbytes): 0
	Average total size (kbytes): 0
	Maximum resident set size (kbytes): 1859288
	Average resident set size (kbytes): 0
	Major (requiring I/O) page faults: 160
	Minor (reclaiming a frame) page faults: 1254469
	Voluntary context switches: 15450
	Involuntary context switches: 4142
	Swaps: 0
	File system inputs: 0
	File system outputs: 231448
	Socket messages sent: 0
	Socket messages received: 0
	Signals delivered: 0
	Page size (bytes): 4096
	Exit status: 0
