nice: cannot set niceness: Permission denied
Precompiling packages...
   1555.4 ms  ✓ Logging
   1564.5 ms  ✓ nghttp2_jll
   1661.3 ms  ✓ MozillaCACerts_jll
   1681.9 ms  ✓ Base64
   1682.7 ms  ✓ UUIDs
   1684.0 ms  ✓ Zlib_jll
   1718.4 ms  ✓ OpenSSL_jll
   1688.6 ms  ✓ Unicode
   1761.9 ms  ✓ CompilerSupportLibraries_jll
   1759.0 ms  ✓ NetworkOptions
    482.8 ms  ✓ LibSSH2_jll
    526.1 ms  ✓ p7zip_jll
    668.1 ms  ✓ Printf
    466.9 ms  ✓ LibGit2_jll
    465.5 ms  ✓ LibCURL_jll
   3294.0 ms  ✓ ArgTools
    771.2 ms  ✓ LibCURL
    655.6 ms  ✓ Tar
   2965.3 ms  ✓ Dates
   3039.6 ms  ✓ LibGit2
    456.2 ms  ✓ TOML
   3125.2 ms  ✓ Downloads
   9505.8 ms  ✓ StyledStrings
   1635.9 ms  ✓ JuliaSyntaxHighlighting
   3900.8 ms  ✓ Markdown
  47473.5 ms  ✓ Pkg
  26 dependencies successfully precompiled in 63 seconds
Precompiling packages...
    670.5 ms  ✓ Compiler
    975.2 ms  ✓ Serialization
    963.1 ms  ✓ Preferences
    433.3 ms  ✓ PrecompileTools
   1940.6 ms  ✓ OrderedCollections
   2436.4 ms  ✓ InteractiveUtils
   3299.3 ms  ✓ MacroTools
   4120.4 ms  ✓ Test
  14747.5 ms  ✓ JuliaSyntax
  27741.9 ms  ✓ REPL
    712.6 ms  ✓ CodeTracking
   4397.7 ms  ✓ Pkg → REPLExt
   5327.2 ms  ✓ JuliaInterpreter
   5655.6 ms  ✓ LoweredCodeUtils
   8551.5 ms  ✓ Revise
  48272.9 ms  ✓ JET
  16 dependencies successfully precompiled in 99 seconds. 26 already precompiled.
	Command being timed: "nice -n -10 timeout -k120 -v 3600 julia +1.12.5 --project=J/JET/Type-Stability-Analysis -e using Pkg; @time @eval Pkg.precompile()"
	User time (seconds): 360.44
	System time (seconds): 12.10
	Percent of CPU this job got: 229%
	Elapsed (wall clock) time (h:mm:ss or m:ss): 2:42.14
	Average shared text size (kbytes): 0
	Average unshared data size (kbytes): 0
	Average stack size (kbytes): 0
	Average total size (kbytes): 0
	Maximum resident set size (kbytes): 2276248
	Average resident set size (kbytes): 0
	Major (requiring I/O) page faults: 299
	Minor (reclaiming a frame) page faults: 4187573
	Voluntary context switches: 10135
	Involuntary context switches: 11136
	Swaps: 0
	File system inputs: 0
	File system outputs: 703104
	Socket messages sent: 0
	Socket messages received: 0
	Signals delivered: 0
	Page size (bytes): 4096
	Exit status: 0
