nice: cannot set niceness: Permission denied
Precompiling packages...
   1602.6 ms  ✓ OpenSSL_jll
   1579.9 ms  ✓ CompilerSupportLibraries_jll
   1584.9 ms  ✓ NetworkOptions
   1670.5 ms  ✓ Logging
   1674.0 ms  ✓ MozillaCACerts_jll
   1730.7 ms  ✓ UUIDs
   1759.5 ms  ✓ Zlib_jll
   1770.7 ms  ✓ nghttp2_jll
   1790.8 ms  ✓ Unicode
   1856.6 ms  ✓ Base64
    583.7 ms  ✓ LibSSH2_jll
    687.1 ms  ✓ p7zip_jll
    670.1 ms  ✓ Printf
    466.6 ms  ✓ LibGit2_jll
    475.8 ms  ✓ LibCURL_jll
   3222.5 ms  ✓ ArgTools
    763.2 ms  ✓ LibCURL
    639.6 ms  ✓ Tar
   2926.5 ms  ✓ Dates
   3012.8 ms  ✓ LibGit2
    427.3 ms  ✓ TOML
   3025.2 ms  ✓ Downloads
   9174.4 ms  ✓ StyledStrings
   1647.3 ms  ✓ JuliaSyntaxHighlighting
   3743.1 ms  ✓ Markdown
  45988.0 ms  ✓ Pkg
  26 dependencies successfully precompiled in 61 seconds
Precompiling packages...
    822.4 ms  ✓ Compiler
   1216.2 ms  ✓ Serialization
   1226.2 ms  ✓ Preferences
   1300.3 ms  ✓ Requires
    485.3 ms  ✓ PrecompileTools
   2176.8 ms  ✓ OrderedCollections
   2737.8 ms  ✓ InteractiveUtils
   3742.2 ms  ✓ MacroTools
   1034.3 ms  ✓ CodeTracking
   4387.4 ms  ✓ Test
   6049.7 ms  ✓ JuliaInterpreter
  18541.6 ms  ✓ JuliaSyntax
   8731.9 ms  ✓ LoweredCodeUtils
  30022.4 ms  ✓ REPL
   4376.6 ms  ✓ Pkg → REPLExt
   7519.8 ms  ✓ Revise
  45695.6 ms  ✓ JET
  17 dependencies successfully precompiled in 86 seconds. 26 already precompiled.
  1 dependency had output during precompilation:
┌ Revise
│  ┌ Warning: precompile directive
│  │     precompile(Tuple{mbody.sig.parameters[1], Symbol, Bool, Bool, Iterators.Pairs{Symbol, Bool, Tuple{Symbol}, NamedTuple{(:skip_include,), Tuple{Bool}}}, typeof(methods_by_execution!), Compiled, MI, Module, Expr})
│  │ failed. Please report an issue in Revise (after checking for duplicates) or remove this directive.
│  └ @ Revise /workdir/depot/packages/Revise/KjLt4/src/precompile.jl:65
└  
	Command being timed: "nice -n -10 timeout -k120 -v 3600 julia +release --project=J/JET/Type-Stability-Analysis -e using Pkg; @time @eval Pkg.precompile()"
	User time (seconds): 354.04
	System time (seconds): 12.33
	Percent of CPU this job got: 248%
	Elapsed (wall clock) time (h:mm:ss or m:ss): 2:27.27
	Average shared text size (kbytes): 0
	Average unshared data size (kbytes): 0
	Average stack size (kbytes): 0
	Average total size (kbytes): 0
	Maximum resident set size (kbytes): 2276448
	Average resident set size (kbytes): 0
	Major (requiring I/O) page faults: 402
	Minor (reclaiming a frame) page faults: 4152006
	Voluntary context switches: 10169
	Involuntary context switches: 12583
	Swaps: 0
	File system inputs: 0
	File system outputs: 689816
	Socket messages sent: 0
	Socket messages received: 0
	Signals delivered: 0
	Page size (bytes): 4096
	Exit status: 0
