nice: cannot set niceness: Permission denied
Precompiling packages...
   1580.0 ms  ✓ Zlib_jll
   1697.7 ms  ✓ OpenSSL_jll
   1666.8 ms  ✓ UUIDs
   1693.2 ms  ✓ Unicode
   1740.5 ms  ✓ Logging
   1766.0 ms  ✓ NetworkOptions
   1759.3 ms  ✓ MozillaCACerts_jll
   1763.2 ms  ✓ nghttp2_jll
   1836.2 ms  ✓ Base64
   1865.0 ms  ✓ CompilerSupportLibraries_jll
    524.9 ms  ✓ LibSSH2_jll
    719.3 ms  ✓ Printf
    606.8 ms  ✓ p7zip_jll
    508.8 ms  ✓ LibCURL_jll
    520.8 ms  ✓ LibGit2_jll
   3294.9 ms  ✓ ArgTools
    775.5 ms  ✓ LibCURL
    627.9 ms  ✓ Tar
   3009.9 ms  ✓ Dates
   3097.2 ms  ✓ LibGit2
    488.7 ms  ✓ TOML
   3120.5 ms  ✓ Downloads
   9565.2 ms  ✓ StyledStrings
   1672.1 ms  ✓ JuliaSyntaxHighlighting
   3906.8 ms  ✓ Markdown
  46984.9 ms  ✓ Pkg
  26 dependencies successfully precompiled in 62 seconds
Precompiling packages...
    733.6 ms  ✓ CRC32c
    833.3 ms  ✓ Compiler
   1112.0 ms  ✓ Preferences
   1148.8 ms  ✓ Serialization
    449.4 ms  ✓ PrecompileTools
   2054.8 ms  ✓ OrderedCollections
   2646.2 ms  ✓ InteractiveUtils
   3370.7 ms  ✓ MacroTools
   4152.5 ms  ✓ Test
  14801.3 ms  ✓ JuliaSyntax
  28632.9 ms  ✓ REPL
    714.3 ms  ✓ CodeTracking
   4497.1 ms  ✓ Pkg → REPLExt
   5279.0 ms  ✓ JuliaInterpreter
   5709.8 ms  ✓ LoweredCodeUtils
   9472.9 ms  ✓ Revise
  47250.0 ms  ✓ JET
  17 dependencies successfully precompiled in 100 seconds. 26 already precompiled.
	Command being timed: "nice -n -10 timeout -k120 -v 3600 julia +release --project=J/JET/Type-Stability-Analysis -e using Pkg; @time @eval Pkg.precompile()"
	User time (seconds): 365.54
	System time (seconds): 12.44
	Percent of CPU this job got: 232%
	Elapsed (wall clock) time (h:mm:ss or m:ss): 2:42.89
	Average shared text size (kbytes): 0
	Average unshared data size (kbytes): 0
	Average stack size (kbytes): 0
	Average total size (kbytes): 0
	Maximum resident set size (kbytes): 2302196
	Average resident set size (kbytes): 0
	Major (requiring I/O) page faults: 350
	Minor (reclaiming a frame) page faults: 4238231
	Voluntary context switches: 10332
	Involuntary context switches: 11589
	Swaps: 0
	File system inputs: 0
	File system outputs: 719872
	Socket messages sent: 0
	Socket messages received: 0
	Signals delivered: 0
	Page size (bytes): 4096
	Exit status: 0
