nice: cannot set niceness: Permission denied
	Command being timed: "nice -n -10 timeout -k120 -v 3600 julia +alpha --project=J/JET/Type-Stability-Analysis J/JET/Type-Stability-Analysis/task.jl"
	User time (seconds): 189.61
	System time (seconds): 5.51
	Percent of CPU this job got: 140%
	Elapsed (wall clock) time (h:mm:ss or m:ss): 2:18.74
	Average shared text size (kbytes): 0
	Average unshared data size (kbytes): 0
	Average stack size (kbytes): 0
	Average total size (kbytes): 0
	Maximum resident set size (kbytes): 2441644
	Average resident set size (kbytes): 0
	Major (requiring I/O) page faults: 147
	Minor (reclaiming a frame) page faults: 2409813
	Voluntary context switches: 3113
	Involuntary context switches: 1640
	Swaps: 0
	File system inputs: 0
	File system outputs: 312448
	Socket messages sent: 0
	Socket messages received: 0
	Signals delivered: 0
	Page size (bytes): 4096
	Exit status: 0
