nice: cannot set niceness: Permission denied
Precompiling packages...
    640.7 ms  ✓ OrderedCollections
    663.1 ms  ✓ Serialization
    737.7 ms  ✓ Requires
    853.0 ms  ✓ Compiler
   1258.5 ms  ✓ InteractiveUtils
   1525.4 ms  ✓ Preferences
    951.3 ms  ✓ CodeTracking
    467.9 ms  ✓ PrecompileTools
   4521.1 ms  ✓ MacroTools
   7724.7 ms  ✓ Test
   8292.2 ms  ✓ JuliaInterpreter
  19051.4 ms  ✓ JuliaSyntax
   9252.3 ms  ✓ LoweredCodeUtils
  48559.8 ms  ✓ REPL
   6960.0 ms  ✓ Pkg → REPLExt
  10836.9 ms  ✓ Revise
  52023.2 ms  ✓ JET
  17 dependencies successfully precompiled in 114 seconds. 27 already precompiled.
  1 dependency had output during precompilation:
┌ Revise
│  ┌ Warning: precompile directive
│  │     precompile(Tuple{mbody.sig.parameters[1], Symbol, Bool, Bool, Iterators.Pairs{Symbol, Bool, Tuple{Symbol}, NamedTuple{(:skip_include,), Tuple{Bool}}}, typeof(methods_by_execution!), Compiled, MI, Module, Expr})
│  │ failed. Please report an issue in Revise (after checking for duplicates) or remove this directive.
│  └ @ Revise /workdir/depot/packages/Revise/KjLt4/src/precompile.jl:65
└  
	Command being timed: "nice -n -10 timeout -k120 -v 3600 julia +alpha --project=J/JET/Type-Stability-Analysis -e using Pkg; @time @eval Pkg.precompile()"
	User time (seconds): 352.70
	System time (seconds): 13.37
	Percent of CPU this job got: 179%
	Elapsed (wall clock) time (h:mm:ss or m:ss): 3:24.26
	Average shared text size (kbytes): 0
	Average unshared data size (kbytes): 0
	Average stack size (kbytes): 0
	Average total size (kbytes): 0
	Maximum resident set size (kbytes): 2602552
	Average resident set size (kbytes): 0
	Major (requiring I/O) page faults: 447
	Minor (reclaiming a frame) page faults: 5455058
	Voluntary context switches: 10589
	Involuntary context switches: 4586
	Swaps: 0
	File system inputs: 0
	File system outputs: 692368
	Socket messages sent: 0
	Socket messages received: 0
	Signals delivered: 0
	Page size (bytes): 4096
	Exit status: 0
