nice: cannot set niceness: Permission denied
Precompiling packages...
   1622.4 ms  ✓ MozillaCACerts_jll
   1655.9 ms  ✓ OpenSSL_jll
   1695.9 ms  ✓ nghttp2_jll
   1708.8 ms  ✓ UUIDs
   1707.4 ms  ✓ Logging
   1712.0 ms  ✓ CompilerSupportLibraries_jll
   1715.7 ms  ✓ NetworkOptions
   1728.6 ms  ✓ Base64
   1740.7 ms  ✓ Zlib_jll
   1807.5 ms  ✓ Unicode
    522.8 ms  ✓ LibSSH2_jll
    548.9 ms  ✓ p7zip_jll
    627.4 ms  ✓ Printf
    476.9 ms  ✓ LibGit2_jll
    488.1 ms  ✓ LibCURL_jll
   3259.6 ms  ✓ ArgTools
    771.6 ms  ✓ LibCURL
    655.6 ms  ✓ Tar
   3043.3 ms  ✓ Dates
   3104.2 ms  ✓ LibGit2
    463.5 ms  ✓ TOML
   3082.6 ms  ✓ Downloads
   9367.1 ms  ✓ StyledStrings
   1668.6 ms  ✓ JuliaSyntaxHighlighting
   3954.2 ms  ✓ Markdown
  47512.9 ms  ✓ Pkg
  26 dependencies successfully precompiled in 63 seconds
Precompiling packages...
    671.7 ms  ✓ Compiler
    979.4 ms  ✓ Serialization
   1033.9 ms  ✓ Preferences
    440.4 ms  ✓ PrecompileTools
   1958.6 ms  ✓ OrderedCollections
   2458.0 ms  ✓ InteractiveUtils
   3369.4 ms  ✓ MacroTools
   3979.6 ms  ✓ Test
  14783.2 ms  ✓ JuliaSyntax
  28536.7 ms  ✓ REPL
    703.7 ms  ✓ CodeTracking
   4452.8 ms  ✓ Pkg → REPLExt
   5388.5 ms  ✓ JuliaInterpreter
   5670.4 ms  ✓ LoweredCodeUtils
   8296.4 ms  ✓ Revise
  47551.2 ms  ✓ JET
  16 dependencies successfully precompiled in 99 seconds. 26 already precompiled.
	Command being timed: "nice -n -10 timeout -k120 -v 3600 julia +1.12.6 --project=J/JET/Type-Stability-Analysis -e using Pkg; @time @eval Pkg.precompile()"
	User time (seconds): 360.66
	System time (seconds): 12.09
	Percent of CPU this job got: 229%
	Elapsed (wall clock) time (h:mm:ss or m:ss): 2:42.13
	Average shared text size (kbytes): 0
	Average unshared data size (kbytes): 0
	Average stack size (kbytes): 0
	Average total size (kbytes): 0
	Maximum resident set size (kbytes): 2286712
	Average resident set size (kbytes): 0
	Major (requiring I/O) page faults: 267
	Minor (reclaiming a frame) page faults: 4178087
	Voluntary context switches: 10413
	Involuntary context switches: 10784
	Swaps: 0
	File system inputs: 0
	File system outputs: 711224
	Socket messages sent: 0
	Socket messages received: 0
	Signals delivered: 0
	Page size (bytes): 4096
	Exit status: 0
