nice: cannot set niceness: Permission denied
Precompiling packages...
   1575.5 ms  ✓ UUIDs
   1622.3 ms  ✓ Logging
   1661.5 ms  ✓ OpenSSL_jll
   1633.8 ms  ✓ nghttp2_jll
   1698.8 ms  ✓ MozillaCACerts_jll
   1732.1 ms  ✓ Unicode
   1728.2 ms  ✓ Zlib_jll
   1821.8 ms  ✓ NetworkOptions
   1835.6 ms  ✓ CompilerSupportLibraries_jll
   1845.9 ms  ✓ Base64
    563.4 ms  ✓ LibSSH2_jll
    590.4 ms  ✓ p7zip_jll
    724.7 ms  ✓ Printf
    485.4 ms  ✓ LibGit2_jll
    483.0 ms  ✓ LibCURL_jll
   3354.3 ms  ✓ ArgTools
    755.6 ms  ✓ LibCURL
    643.5 ms  ✓ Tar
   3003.5 ms  ✓ Dates
   3091.7 ms  ✓ LibGit2
    446.5 ms  ✓ TOML
   3034.6 ms  ✓ Downloads
   9657.3 ms  ✓ StyledStrings
   1691.3 ms  ✓ JuliaSyntaxHighlighting
   3854.7 ms  ✓ Markdown
  47497.8 ms  ✓ Pkg
  26 dependencies successfully precompiled in 63 seconds
Precompiling packages...
    676.6 ms  ✓ Compiler
    965.4 ms  ✓ Serialization
    981.9 ms  ✓ Preferences
    473.7 ms  ✓ PrecompileTools
   1940.6 ms  ✓ OrderedCollections
   2494.8 ms  ✓ InteractiveUtils
   3350.2 ms  ✓ MacroTools
   4059.8 ms  ✓ Test
  14879.8 ms  ✓ JuliaSyntax
  28978.5 ms  ✓ REPL
    702.6 ms  ✓ CodeTracking
   4525.1 ms  ✓ Pkg → REPLExt
   5524.3 ms  ✓ JuliaInterpreter
   5695.0 ms  ✓ LoweredCodeUtils
   8712.0 ms  ✓ Revise
  48478.3 ms  ✓ JET
  16 dependencies successfully precompiled in 101 seconds. 26 already precompiled.
	Command being timed: "nice -n -10 timeout -k120 -v 3600 julia +1.12.6 --project=J/JET/Type-Stability-Analysis -e using Pkg; @time @eval Pkg.precompile()"
	User time (seconds): 367.14
	System time (seconds): 12.45
	Percent of CPU this job got: 231%
	Elapsed (wall clock) time (h:mm:ss or m:ss): 2:44.29
	Average shared text size (kbytes): 0
	Average unshared data size (kbytes): 0
	Average stack size (kbytes): 0
	Average total size (kbytes): 0
	Maximum resident set size (kbytes): 2247352
	Average resident set size (kbytes): 0
	Major (requiring I/O) page faults: 287
	Minor (reclaiming a frame) page faults: 4227144
	Voluntary context switches: 10754
	Involuntary context switches: 11610
	Swaps: 0
	File system inputs: 0
	File system outputs: 711672
	Socket messages sent: 0
	Socket messages received: 0
	Signals delivered: 0
	Page size (bytes): 4096
	Exit status: 0
