nice: cannot set niceness: Permission denied
Precompiling packages...
    389.7 ms  ✓ CRC32c
    625.9 ms  ✓ OrderedCollections
    647.2 ms  ✓ Serialization
    820.9 ms  ✓ Compiler
   1135.0 ms  ✓ InteractiveUtils
   2004.4 ms  ✓ Preferences
    692.0 ms  ✓ PrecompileTools
   4814.3 ms  ✓ MacroTools
   7806.2 ms  ✓ Test
  17954.1 ms  ✓ JuliaSyntax
  49438.6 ms  ✓ REPL
    953.7 ms  ✓ CodeTracking
   8144.0 ms  ✓ Pkg → REPLExt
   7684.1 ms  ✓ JuliaInterpreter
   9154.5 ms  ✓ LoweredCodeUtils
  15001.4 ms  ✓ Revise
  55729.3 ms  ✓ JET
  17 dependencies successfully precompiled in 140 seconds. 27 already precompiled.
	Command being timed: "nice -n -10 timeout -k120 -v 3600 julia +alpha --project=J/JET/Type-Stability-Analysis -e using Pkg; @time @eval Pkg.precompile()"
	User time (seconds): 367.66
	System time (seconds): 13.79
	Percent of CPU this job got: 164%
	Elapsed (wall clock) time (h:mm:ss or m:ss): 3:51.21
	Average shared text size (kbytes): 0
	Average unshared data size (kbytes): 0
	Average stack size (kbytes): 0
	Average total size (kbytes): 0
	Maximum resident set size (kbytes): 2705540
	Average resident set size (kbytes): 0
	Major (requiring I/O) page faults: 378
	Minor (reclaiming a frame) page faults: 5673294
	Voluntary context switches: 11080
	Involuntary context switches: 5408
	Swaps: 0
	File system inputs: 0
	File system outputs: 715416
	Socket messages sent: 0
	Socket messages received: 0
	Signals delivered: 0
	Page size (bytes): 4096
	Exit status: 0
