nice: cannot set niceness: Permission denied
Precompiling packages...
   1633.5 ms  ✓ OpenSSL_jll
   1681.6 ms  ✓ UUIDs
   1699.3 ms  ✓ MozillaCACerts_jll
   1698.7 ms  ✓ Logging
   1697.5 ms  ✓ Zlib_jll
   1702.5 ms  ✓ CompilerSupportLibraries_jll
   1708.8 ms  ✓ Unicode
   1715.6 ms  ✓ nghttp2_jll
   1815.6 ms  ✓ Base64
   1808.8 ms  ✓ NetworkOptions
    559.6 ms  ✓ LibSSH2_jll
    594.1 ms  ✓ p7zip_jll
    668.9 ms  ✓ Printf
    471.7 ms  ✓ LibCURL_jll
    486.4 ms  ✓ LibGit2_jll
   3263.8 ms  ✓ ArgTools
    794.8 ms  ✓ LibCURL
    634.4 ms  ✓ Tar
   2961.9 ms  ✓ Dates
   3115.3 ms  ✓ LibGit2
    451.3 ms  ✓ TOML
   2955.8 ms  ✓ Downloads
   9244.8 ms  ✓ StyledStrings
   1606.5 ms  ✓ JuliaSyntaxHighlighting
   3785.9 ms  ✓ Markdown
  46178.6 ms  ✓ Pkg
  26 dependencies successfully precompiled in 61 seconds
Precompiling packages...
    667.3 ms  ✓ Compiler
    944.9 ms  ✓ Serialization
    976.3 ms  ✓ Preferences
    437.7 ms  ✓ PrecompileTools
   1899.2 ms  ✓ OrderedCollections
   2398.5 ms  ✓ InteractiveUtils
   3407.2 ms  ✓ MacroTools
   1050.3 ms  ✓ CodeTracking
   4345.7 ms  ✓ Test
   6013.7 ms  ✓ JuliaInterpreter
  17697.7 ms  ✓ JuliaSyntax
   8715.6 ms  ✓ LoweredCodeUtils
  33849.2 ms  ✓ REPL
   4539.5 ms  ✓ Pkg → REPLExt
   8711.6 ms  ✓ Revise
  46664.2 ms  ✓ JET
  16 dependencies successfully precompiled in 92 seconds. 26 already precompiled.
	Command being timed: "nice -n -10 timeout -k120 -v 3600 julia +release --project=J/JET/Type-Stability-Analysis -e using Pkg; @time @eval Pkg.precompile()"
	User time (seconds): 363.70
	System time (seconds): 12.33
	Percent of CPU this job got: 245%
	Elapsed (wall clock) time (h:mm:ss or m:ss): 2:33.31
	Average shared text size (kbytes): 0
	Average unshared data size (kbytes): 0
	Average stack size (kbytes): 0
	Average total size (kbytes): 0
	Maximum resident set size (kbytes): 2255092
	Average resident set size (kbytes): 0
	Major (requiring I/O) page faults: 324
	Minor (reclaiming a frame) page faults: 4185762
	Voluntary context switches: 11086
	Involuntary context switches: 12501
	Swaps: 0
	File system inputs: 0
	File system outputs: 704816
	Socket messages sent: 0
	Socket messages received: 0
	Signals delivered: 0
	Page size (bytes): 4096
	Exit status: 0
