nice: cannot set niceness: Permission denied
Precompiling packages...
   1537.9 ms  ✓ Logging
   1707.3 ms  ✓ Zlib_jll
   1708.9 ms  ✓ UUIDs
   1703.7 ms  ✓ MozillaCACerts_jll
   1738.6 ms  ✓ OpenSSL_jll
   1725.0 ms  ✓ Unicode
   1789.4 ms  ✓ Base64
   1789.2 ms  ✓ CompilerSupportLibraries_jll
   1809.0 ms  ✓ NetworkOptions
   1805.4 ms  ✓ nghttp2_jll
    496.1 ms  ✓ LibSSH2_jll
    555.9 ms  ✓ p7zip_jll
    689.9 ms  ✓ Printf
    477.4 ms  ✓ LibGit2_jll
    475.8 ms  ✓ LibCURL_jll
   3241.5 ms  ✓ ArgTools
    774.6 ms  ✓ LibCURL
    635.7 ms  ✓ Tar
   3017.6 ms  ✓ Dates
   3007.4 ms  ✓ LibGit2
    439.6 ms  ✓ TOML
   2973.7 ms  ✓ Downloads
   9136.4 ms  ✓ StyledStrings
   1650.0 ms  ✓ JuliaSyntaxHighlighting
   3727.2 ms  ✓ Markdown
  46171.0 ms  ✓ Pkg
  26 dependencies successfully precompiled in 61 seconds
Precompiling packages...
    842.6 ms  ✓ Compiler
   1159.0 ms  ✓ Serialization
   1221.3 ms  ✓ Preferences
   1270.7 ms  ✓ Requires
    462.0 ms  ✓ PrecompileTools
   2228.0 ms  ✓ OrderedCollections
   2749.4 ms  ✓ InteractiveUtils
   3640.3 ms  ✓ MacroTools
    988.6 ms  ✓ CodeTracking
   4271.2 ms  ✓ Test
   6004.5 ms  ✓ JuliaInterpreter
  17425.0 ms  ✓ JuliaSyntax
   8414.2 ms  ✓ LoweredCodeUtils
  29916.6 ms  ✓ REPL
   4415.6 ms  ✓ Pkg → REPLExt
   7423.8 ms  ✓ Revise
  46239.0 ms  ✓ JET
  17 dependencies successfully precompiled in 86 seconds. 26 already precompiled.
  1 dependency had output during precompilation:
┌ Revise
│  ┌ Warning: precompile directive
│  │     precompile(Tuple{mbody.sig.parameters[1], Symbol, Bool, Bool, Iterators.Pairs{Symbol, Bool, Tuple{Symbol}, NamedTuple{(:skip_include,), Tuple{Bool}}}, typeof(methods_by_execution!), Compiled, MI, Module, Expr})
│  │ failed. Please report an issue in Revise (after checking for duplicates) or remove this directive.
│  └ @ Revise /workdir/depot/packages/Revise/KjLt4/src/precompile.jl:65
└  
	Command being timed: "nice -n -10 timeout -k120 -v 3600 julia +release --project=J/JET/Type-Stability-Analysis -e using Pkg; @time @eval Pkg.precompile()"
	User time (seconds): 352.04
	System time (seconds): 12.65
	Percent of CPU this job got: 246%
	Elapsed (wall clock) time (h:mm:ss or m:ss): 2:27.76
	Average shared text size (kbytes): 0
	Average unshared data size (kbytes): 0
	Average stack size (kbytes): 0
	Average total size (kbytes): 0
	Maximum resident set size (kbytes): 2287156
	Average resident set size (kbytes): 0
	Major (requiring I/O) page faults: 394
	Minor (reclaiming a frame) page faults: 4158940
	Voluntary context switches: 11717
	Involuntary context switches: 11635
	Swaps: 0
	File system inputs: 2720
	File system outputs: 688944
	Socket messages sent: 0
	Socket messages received: 0
	Signals delivered: 0
	Page size (bytes): 4096
	Exit status: 0
