nice: cannot set niceness: Permission denied
Precompiling packages...
    689.5 ms  ✓ Preferences
    782.1 ms  ✓ CodeTracking
    349.9 ms  ✓ PrecompileTools
   1785.7 ms  ✓ MacroTools
   2521.9 ms  ✓ Test
   8869.7 ms  ✓ JuliaSyntax
   7985.8 ms  ✓ JuliaInterpreter
   4035.4 ms  ✓ LoweredCodeUtils
  29942.3 ms  ✓ JET
  9 dependencies successfully precompiled in 43 seconds
  1 dependency had output during precompilation:
┌ JET
│  ┌ Warning: `@lookup(mod, frame, node)` at /workdir/depot/packages/JET/sQkqi/src/toplevel/virtualprocess.jl:1321 is deprecated, use `lookup(frame, node)` instead.
│  └ @ JuliaInterpreter /workdir/depot/packages/JuliaInterpreter/ZNccU/src/interpret.jl:46
└  
	Command being timed: "nice -n -10 timeout -k120 -v 3600 julia +lts --project=J/JET/Type-Stability-Analysis -e using Pkg; @time @eval Pkg.precompile()"
	User time (seconds): 117.32
	System time (seconds): 3.68
	Percent of CPU this job got: 271%
	Elapsed (wall clock) time (h:mm:ss or m:ss): 0:44.60
	Average shared text size (kbytes): 0
	Average unshared data size (kbytes): 0
	Average stack size (kbytes): 0
	Average total size (kbytes): 0
	Maximum resident set size (kbytes): 1890036
	Average resident set size (kbytes): 0
	Major (requiring I/O) page faults: 113
	Minor (reclaiming a frame) page faults: 1244835
	Voluntary context switches: 15772
	Involuntary context switches: 4317
	Swaps: 0
	File system inputs: 2128
	File system outputs: 239552
	Socket messages sent: 0
	Socket messages received: 0
	Signals delivered: 0
	Page size (bytes): 4096
	Exit status: 0
