nice: cannot set niceness: Permission denied
Precompiling packages...
   0.3 s  ✓ CRC32c
   0.5 s  ✓ OrderedCollections
   0.5 s  ✓ Serialization
   0.3 s  ✓ CompilerSupportLibraries_jll
   0.7 s  ✓ Compiler
   0.3 s  ✓ Unicode
   0.5 s  ✓ Preferences
   1.0 s  ✓ InteractiveUtils
   1.7 s  ✓ MacroTools
   0.5 s  ✓ PrecompileTools
   3.7 s  ✓ Test
  11.5 s  ✓ JuliaSyntax
  32.2 s  ✓ REPL
   0.7 s  ✓ CodeTracking
   5.8 s  ✓ JuliaInterpreter
   6.1 s  ✓ LoweredCodeUtils
  11.4 s  ✓ Revise
  40.1 s  ✓ JET
  18 dependencies successfully precompiled in 98 seconds. 16 already precompiled.
	Command being timed: "nice -n -10 timeout -k120 -v 3600 julia +alpha --project=J/JET/Type-Stability-Analysis -e using Pkg; @time @eval Pkg.precompile()"
	User time (seconds): 266.19
	System time (seconds): 10.17
	Percent of CPU this job got: 156%
	Elapsed (wall clock) time (h:mm:ss or m:ss): 2:56.41
	Average shared text size (kbytes): 0
	Average unshared data size (kbytes): 0
	Average stack size (kbytes): 0
	Average total size (kbytes): 0
	Maximum resident set size (kbytes): 2085868
	Average resident set size (kbytes): 0
	Major (requiring I/O) page faults: 415
	Minor (reclaiming a frame) page faults: 4010122
	Voluntary context switches: 13484
	Involuntary context switches: 2630
	Swaps: 0
	File system inputs: 16
	File system outputs: 696656
	Socket messages sent: 0
	Socket messages received: 0
	Signals delivered: 0
	Page size (bytes): 4096
	Exit status: 0
