nice: cannot set niceness: Permission denied
Precompiling packages...
   1565.3 ms  ✓ MozillaCACerts_jll
   1584.2 ms  ✓ CompilerSupportLibraries_jll
   1654.9 ms  ✓ Zlib_jll
   1655.7 ms  ✓ Logging
   1708.7 ms  ✓ OpenSSL_jll
   1688.8 ms  ✓ UUIDs
   1696.3 ms  ✓ Unicode
   1768.9 ms  ✓ NetworkOptions
   1769.4 ms  ✓ nghttp2_jll
   1857.4 ms  ✓ Base64
    534.9 ms  ✓ LibSSH2_jll
    640.1 ms  ✓ p7zip_jll
    671.7 ms  ✓ Printf
    460.1 ms  ✓ LibGit2_jll
    464.8 ms  ✓ LibCURL_jll
   3216.8 ms  ✓ ArgTools
    817.5 ms  ✓ LibCURL
    654.9 ms  ✓ Tar
   2948.4 ms  ✓ Dates
    449.9 ms  ✓ TOML
   3095.1 ms  ✓ LibGit2
   3065.6 ms  ✓ Downloads
   9430.9 ms  ✓ StyledStrings
   1753.3 ms  ✓ JuliaSyntaxHighlighting
   3959.2 ms  ✓ Markdown
  47463.1 ms  ✓ Pkg
  26 dependencies successfully precompiled in 63 seconds
Precompiling packages...
   2423.4 ms  ✓ RealDot
   2499.2 ms  ✓ DataValueInterfaces
   2500.0 ms  ✓ IteratorInterfaceExtensions
   2521.9 ms  ✓ Reexport
   2715.5 ms  ✓ OpenLibm_jll
   2972.1 ms  ✓ Adapt
   3409.3 ms  ✓ AbstractFFTs
   3605.8 ms  ✓ Statistics
   3623.7 ms  ✓ DocStringExtensions
   3919.7 ms  ✓ EnzymeCore
   4118.0 ms  ✓ Serialization
   2490.9 ms  ✓ TableTraits
   2688.2 ms  ✓ DataAPI
   2830.3 ms  ✓ StatsAPI
   2706.5 ms  ✓ Mmap
   5427.4 ms  ✓ FillArrays
   3217.4 ms  ✓ SuiteSparse_jll
   2703.4 ms  ✓ Future
   2607.4 ms  ✓ PtrArrays
   4086.5 ms  ✓ ADTypes
   2897.5 ms  ✓ SciMLPublic
   2885.7 ms  ✓ HashArrayMappedTries
   3113.5 ms  ✓ StaticArraysCore
   3130.5 ms  ✓ DelimitedFiles
   9920.6 ms  ✓ OrderedCollections
   4791.7 ms  ✓ Requires
  10214.6 ms  ✓ ConstructionBase
   2810.7 ms  ✓ ProgressLogging
   2501.7 ms  ✓ EnzymeCore → AdaptExt
   4911.2 ms  ✓ Preferences
   5132.8 ms  ✓ LazyArtifacts
  12091.0 ms  ✓ UnsafeAtomics
   4002.5 ms  ✓ GPUArraysCore
  10086.5 ms  ✓ ShowCases
   2882.3 ms  ✓ FillArrays → FillArraysStatisticsExt
   9015.9 ms  ✓ CEnum
   2388.3 ms  ✓ ADTypes → ADTypesEnzymeCoreExt
  13915.4 ms  ✓ IrrationalConstants
   3285.1 ms  ✓ AliasTables
   2487.9 ms  ✓ ScopedValues
   2688.5 ms  ✓ DiffResults
   2318.1 ms  ✓ ConstructionBase → ConstructionBaseLinearAlgebraExt
   2693.4 ms  ✓ ADTypes → ADTypesConstructionBaseExt
   2510.1 ms  ✓ PrecompileTools
   2401.9 ms  ✓ Atomix
   2707.3 ms  ✓ JLLWrappers
   8896.6 ms  ✓ NaNMath
   3000.0 ms  ✓ LogExpFunctions
   8380.3 ms  ✓ Missings
   8405.5 ms  ✓ Compat
  12405.4 ms  ✓ InteractiveUtils
  15581.5 ms  ✓ MacroTools
   2417.0 ms  ✓ OpenSpecFun_jll
   7326.3 ms  ✓ DataStructures
   1797.2 ms  ✓ Compat → CompatLinearAlgebraExt
   2126.1 ms  ✓ CommonSubexpressions
   8601.2 ms  ✓ Tables
   4880.7 ms  ✓ LLVMExtra_jll
   1977.8 ms  ✓ SortingAlgorithms
   3113.1 ms  ✓ SimpleTraits
  13302.2 ms  ✓ Distributed
   3844.0 ms  ✓ Setfield
   2485.6 ms  ✓ MLCore
   4519.7 ms  ✓ Functors
   4502.3 ms  ✓ StructArrays
   6917.1 ms  ✓ SpecialFunctions
   5719.4 ms  ✓ ChainRulesCore
   7618.0 ms  ✓ IRTools
   2293.1 ms  ✓ MLDataDevices
   1677.5 ms  ✓ StructArrays → StructArraysAdaptExt
  16882.8 ms  ✓ SparseArrays
   2300.6 ms  ✓ StructArrays → StructArraysLinearAlgebraExt
   2594.2 ms  ✓ EnzymeCore → EnzymeCoreChainRulesCoreExt
   2712.0 ms  ✓ ADTypes → ADTypesChainRulesCoreExt
   2728.9 ms  ✓ AbstractFFTs → AbstractFFTsChainRulesCoreExt
   3365.5 ms  ✓ DiffRules
   2826.4 ms  ✓ MLDataDevices → FillArraysExt
   4082.1 ms  ✓ ZygoteRules
   2997.5 ms  ✓ SuiteSparse
   3011.5 ms  ✓ Adapt → AdaptSparseArraysExt
   3195.5 ms  ✓ MLDataDevices → ChainRulesCoreExt
   3214.3 ms  ✓ Statistics → SparseArraysExt
   2902.3 ms  ✓ FillArrays → FillArraysSparseArraysExt
   2496.3 ms  ✓ MLDataDevices → SparseArraysExt
   2633.5 ms  ✓ StructArrays → StructArraysSparseArraysExt
   1701.4 ms  ✓ SparseInverseSubset
   6025.0 ms  ✓ LogExpFunctions → LogExpFunctionsChainRulesCoreExt
   6420.4 ms  ✓ SpecialFunctions → SpecialFunctionsChainRulesCoreExt
   4319.3 ms  ✓ ChainRulesCore → ChainRulesCoreSparseArraysExt
   7120.6 ms  ✓ Optimisers
    707.6 ms  ✓ Optimisers → OptimisersEnzymeCoreExt
    739.0 ms  ✓ Optimisers → OptimisersAdaptExt
   4705.5 ms  ✓ StatsBase
  20221.5 ms  ✓ StaticArrays
   8023.1 ms  ✓ ForwardDiff
   1365.5 ms  ✓ Adapt → AdaptStaticArraysExt
   1671.0 ms  ✓ FillArrays → FillArraysStaticArraysExt
   1684.6 ms  ✓ ConstructionBase → ConstructionBaseStaticArraysExt
   1691.9 ms  ✓ StaticArrays → StaticArraysStatisticsExt
   1137.8 ms  ✓ ForwardDiff → ForwardDiffStaticArraysExt
   3315.3 ms  ✓ StaticArrays → StaticArraysChainRulesCoreExt
  18161.1 ms  ✓ LLVM
   3477.2 ms  ✓ StructArrays → StructArraysStaticArraysExt
   1375.9 ms  ✓ UnsafeAtomics → UnsafeAtomicsLLVM
   8586.8 ms  ✓ ChainRules
   4576.9 ms  ✓ KernelAbstractions
    978.0 ms  ✓ MLDataDevices → ChainRulesExt
    815.7 ms  ✓ KernelAbstractions → LinearAlgebraExt
    867.9 ms  ✓ KernelAbstractions → EnzymeExt
    867.3 ms  ✓ StructArrays → StructArraysGPUArraysCoreExt
    986.9 ms  ✓ KernelAbstractions → SparseArraysExt
   3922.7 ms  ✓ NNlib
   1197.5 ms  ✓ NNlib → NNlibSpecialFunctionsExt
   1217.3 ms  ✓ NNlib → NNlibForwardDiffExt
   1313.4 ms  ✓ NNlib → NNlibEnzymeCoreExt
   5104.8 ms  ✓ GPUArrays
   1363.0 ms  ✓ OneHotArrays
    683.2 ms  ✓ MLDataDevices → OneHotArraysExt
   1434.0 ms  ✓ MLDataDevices → GPUArraysSparseArraysExt
   3159.4 ms  ✓ MLUtils
    988.0 ms  ✓ MLDataDevices → MLUtilsExt
  25428.7 ms  ✓ Zygote
   1047.5 ms  ✓ MLDataDevices → ZygoteExt
   7068.3 ms  ✓ Flux
  124 dependencies successfully precompiled in 75 seconds. 26 already precompiled.
	Command being timed: "nice -n -10 timeout -k120 -v 3600 julia +1.12.6 --project=F/Flux/Basic-Model-Gradient -e using Pkg; @time @eval Pkg.precompile()"
	User time (seconds): 359.65
	System time (seconds): 29.93
	Percent of CPU this job got: 279%
	Elapsed (wall clock) time (h:mm:ss or m:ss): 2:19.25
	Average shared text size (kbytes): 0
	Average unshared data size (kbytes): 0
	Average stack size (kbytes): 0
	Average total size (kbytes): 0
	Maximum resident set size (kbytes): 2168588
	Average resident set size (kbytes): 0
	Major (requiring I/O) page faults: 426
	Minor (reclaiming a frame) page faults: 8000102
	Voluntary context switches: 24023
	Involuntary context switches: 25128
	Swaps: 0
	File system inputs: 0
	File system outputs: 779520
	Socket messages sent: 0
	Socket messages received: 0
	Signals delivered: 0
	Page size (bytes): 4096
	Exit status: 0
