nice: cannot set niceness: Permission denied
Precompiling packages...
  74051.3 ms  ✓ Pkg (serial)
  1 dependency successfully precompiled in 74 seconds
Precompiling packages...
   2330.2 ms  ✓ RealDot
   2403.2 ms  ✓ DataValueInterfaces
   2430.8 ms  ✓ Unicode
   2508.0 ms  ✓ DefineSingletons
   2517.3 ms  ✓ Reexport
   2620.5 ms  ✓ OpenLibm_jll
   3114.4 ms  ✓ InverseFunctions
   3225.3 ms  ✓ AbstractFFTs
   3662.3 ms  ✓ Statistics
   3889.4 ms  ✓ DocStringExtensions
   4068.7 ms  ✓ EnzymeCore
   4219.9 ms  ✓ Serialization
   2522.9 ms  ✓ IteratorInterfaceExtensions
   5225.0 ms  ✓ FillArrays
   2800.9 ms  ✓ PrettyPrint
   2802.0 ms  ✓ DataAPI
   2902.5 ms  ✓ ArgCheck
   2784.0 ms  ✓ StatsAPI
   2809.6 ms  ✓ CompilerSupportLibraries_jll
   3080.2 ms  ✓ ProgressLogging
   3120.9 ms  ✓ SuiteSparse_jll
   3004.1 ms  ✓ Mmap
   2281.4 ms  ✓ Future
   2586.9 ms  ✓ CompositionsBase
   2397.9 ms  ✓ PtrArrays
   3998.9 ms  ✓ ADTypes
   2915.7 ms  ✓ SciMLPublic
   2819.3 ms  ✓ StaticArraysCore
   2705.0 ms  ✓ HashArrayMappedTries
  10907.0 ms  ✓ OrderedCollections
   5420.6 ms  ✓ InitialValues
   4517.3 ms  ✓ Requires
   2610.8 ms  ✓ InverseFunctions → InverseFunctionsDatesExt
  10876.8 ms  ✓ ConstructionBase
   4074.8 ms  ✓ Preferences
  10374.1 ms  ✓ ShowCases
   2802.5 ms  ✓ TableTraits
   2588.6 ms  ✓ FillArrays → FillArraysStatisticsExt
  11618.2 ms  ✓ UnsafeAtomics
  14695.6 ms  ✓ IrrationalConstants
   3095.3 ms  ✓ NameResolution
   2628.7 ms  ✓ CompositionsBase → CompositionsBaseInverseFunctionsExt
   2694.9 ms  ✓ AliasTables
   2509.9 ms  ✓ ADTypes → ADTypesEnzymeCoreExt
   3027.2 ms  ✓ DelimitedFiles
   2589.1 ms  ✓ DiffResults
   2623.1 ms  ✓ ScopedValues
  10500.6 ms  ✓ Compat
   2330.7 ms  ✓ ConstructionBase → ConstructionBaseLinearAlgebraExt
   2395.8 ms  ✓ ADTypes → ADTypesConstructionBaseExt
   2694.9 ms  ✓ Adapt
   2507.6 ms  ✓ PrecompileTools
   9991.1 ms  ✓ NaNMath
   2899.0 ms  ✓ JLLWrappers
   7223.3 ms  ✓ Baselet
   2696.5 ms  ✓ Atomix
   2297.2 ms  ✓ EnzymeCore → AdaptExt
   2599.0 ms  ✓ Compat → CompatLinearAlgebraExt
   3184.4 ms  ✓ GPUArraysCore
   3593.8 ms  ✓ LogExpFunctions
  10265.2 ms  ✓ Missings
  15001.6 ms  ✓ InteractiveUtils
   3316.0 ms  ✓ OpenSpecFun_jll
   8399.1 ms  ✓ DataStructures
  18597.3 ms  ✓ MacroTools
   2777.2 ms  ✓ ContextVariablesX
   2282.3 ms  ✓ LogExpFunctions → LogExpFunctionsInverseFunctionsExt
   3209.8 ms  ✓ CommonSubexpressions
  17090.8 ms  ✓ Distributed
   3503.1 ms  ✓ SortingAlgorithms
   2500.6 ms  ✓ FLoopsBase
   3723.1 ms  ✓ SimpleTraits
  10801.0 ms  ✓ Tables
   5696.3 ms  ✓ Setfield
   8501.9 ms  ✓ Functors
  24099.6 ms  ✓ SparseArrays
  10876.8 ms  ✓ ChainRulesCore
   4878.0 ms  ✓ MLCore
   3276.7 ms  ✓ MLDataDevices
  10305.0 ms  ✓ SpecialFunctions
   3073.4 ms  ✓ Adapt → AdaptSparseArraysExt
   3095.3 ms  ✓ SuiteSparse
  10987.2 ms  ✓ IRTools
   3198.6 ms  ✓ Statistics → SparseArraysExt
   3199.1 ms  ✓ FillArrays → FillArraysSparseArraysExt
   2805.5 ms  ✓ AbstractFFTs → AbstractFFTsChainRulesCoreExt
   2705.0 ms  ✓ ADTypes → ADTypesChainRulesCoreExt
   3016.1 ms  ✓ EnzymeCore → EnzymeCoreChainRulesCoreExt
   4314.3 ms  ✓ ZygoteRules
   9075.2 ms  ✓ StructArrays
   2908.5 ms  ✓ MLDataDevices → FillArraysExt
   3599.2 ms  ✓ MLDataDevices → ChainRulesCoreExt
   3888.0 ms  ✓ MLDataDevices → SparseArraysExt
  14989.6 ms  ✓ Accessors
   3011.8 ms  ✓ SparseInverseSubset
   3396.7 ms  ✓ DiffRules
   2541.9 ms  ✓ StructArrays → StructArraysAdaptExt
   2693.9 ms  ✓ StructArrays → StructArraysLinearAlgebraExt
   3122.3 ms  ✓ StructArrays → StructArraysSparseArraysExt
   2114.6 ms  ✓ Accessors → StructArraysExt
   2202.8 ms  ✓ Accessors → LinearAlgebraExt
   6920.5 ms  ✓ LogExpFunctions → LogExpFunctionsChainRulesCoreExt
   9111.9 ms  ✓ ChainRulesCore → ChainRulesCoreSparseArraysExt
  19712.5 ms  ✓ Test
   8793.8 ms  ✓ SpecialFunctions → SpecialFunctionsChainRulesCoreExt
   2800.8 ms  ✓ BangBang
  11917.6 ms  ✓ Optimisers
   2705.2 ms  ✓ InverseFunctions → InverseFunctionsTestExt
   2995.1 ms  ✓ Accessors → TestExt
   2309.6 ms  ✓ BangBang → BangBangTablesExt
   2499.8 ms  ✓ BangBang → BangBangChainRulesCoreExt
   2597.2 ms  ✓ BangBang → BangBangStructArraysExt
   2000.8 ms  ✓ Optimisers → OptimisersEnzymeCoreExt
   2703.6 ms  ✓ MicroCollections
   2087.1 ms  ✓ Optimisers → OptimisersAdaptExt
   3824.5 ms  ✓ SplittablesBase
   4629.6 ms  ✓ AbstractFFTs → AbstractFFTsTestExt
  11210.6 ms  ✓ StatsBase
  29824.7 ms  ✓ StaticArrays
   2176.4 ms  ✓ FillArrays → FillArraysStaticArraysExt
   2267.5 ms  ✓ Accessors → StaticArraysExt
  12325.0 ms  ✓ ForwardDiff
   2396.3 ms  ✓ ConstructionBase → ConstructionBaseStaticArraysExt
   2394.9 ms  ✓ Adapt → AdaptStaticArraysExt
   2389.7 ms  ✓ BangBang → BangBangStaticArraysExt
   2398.8 ms  ✓ StaticArrays → StaticArraysStatisticsExt
   1032.6 ms  ✓ ForwardDiff → ForwardDiffStaticArraysExt
   4475.5 ms  ✓ StaticArrays → StaticArraysChainRulesCoreExt
   4795.8 ms  ✓ StructArrays → StructArraysStaticArraysExt
   8186.6 ms  ✓ Transducers
   1686.3 ms  ✓ Transducers → TransducersAdaptExt
  16520.7 ms  ✓ ChainRules
   1920.2 ms  ✓ MLDataDevices → ChainRulesExt
  60327.3 ms  ✓ MLStyle
   8890.5 ms  ✓ KernelAbstractions
    870.0 ms  ✓ KernelAbstractions → LinearAlgebraExt
    900.4 ms  ✓ StructArrays → StructArraysGPUArraysCoreExt
    933.4 ms  ✓ KernelAbstractions → EnzymeExt
   1031.9 ms  ✓ KernelAbstractions → SparseArraysExt
   2318.1 ms  ✓ JuliaVariables
   3925.2 ms  ✓ NNlib
   2971.9 ms  ✓ FLoops
    921.6 ms  ✓ NNlib → NNlibSpecialFunctionsExt
    970.3 ms  ✓ NNlib → NNlibForwardDiffExt
   1037.5 ms  ✓ NNlib → NNlibEnzymeCoreExt
   1089.6 ms  ✓ OneHotArrays
    643.9 ms  ✓ MLDataDevices → OneHotArraysExt
   5765.1 ms  ✓ MLUtils
   1157.5 ms  ✓ MLDataDevices → MLUtilsExt
  25372.5 ms  ✓ Zygote
   1030.4 ms  ✓ MLDataDevices → ZygoteExt
   6278.9 ms  ✓ Flux
  152 dependencies successfully precompiled in 91 seconds. 9 already precompiled.
	Command being timed: "nice -n -10 timeout -k120 -v 3600 julia +1.12.5 --project=F/Flux/Basic-Model-Gradient -e using Pkg; @time @eval Pkg.precompile()"
	User time (seconds): 429.57
	System time (seconds): 34.64
	Percent of CPU this job got: 280%
	Elapsed (wall clock) time (h:mm:ss or m:ss): 2:45.51
	Average shared text size (kbytes): 0
	Average unshared data size (kbytes): 0
	Average stack size (kbytes): 0
	Average total size (kbytes): 0
	Maximum resident set size (kbytes): 2147268
	Average resident set size (kbytes): 0
	Major (requiring I/O) page faults: 483
	Minor (reclaiming a frame) page faults: 9088394
	Voluntary context switches: 26017
	Involuntary context switches: 35917
	Swaps: 0
	File system inputs: 0
	File system outputs: 817408
	Socket messages sent: 0
	Socket messages received: 0
	Signals delivered: 0
	Page size (bytes): 4096
	Exit status: 0
