nice: cannot set niceness: Permission denied
Precompiling packages...
    964.2 ms  ✓ Reexport
   1030.8 ms  ✓ DataAPI
   1179.3 ms  ✓ Statistics
   1267.7 ms  ✓ ConstructionBase
   3109.7 ms  ✓ Baselet
   1088.7 ms  ✓ RealDot
   2436.7 ms  ✓ SciMLPublic
   1047.2 ms  ✓ PrettyPrint
   1023.3 ms  ✓ DataValueInterfaces
   3374.6 ms  ✓ IrrationalConstants
   1243.2 ms  ✓ StaticArraysCore
    981.8 ms  ✓ StatsAPI
   1579.4 ms  ✓ Requires
   2067.9 ms  ✓ SuiteSparse_jll
   1490.6 ms  ✓ EnzymeCore
   1180.7 ms  ✓ Future
   1371.2 ms  ✓ OrderedCollections
   1183.8 ms  ✓ InverseFunctions
   4461.6 ms  ✓ UnsafeAtomics
   2601.5 ms  ✓ ShowCases
   1237.0 ms  ✓ HashArrayMappedTries
    995.9 ms  ✓ CompositionsBase
   1706.4 ms  ✓ ADTypes
   1300.6 ms  ✓ ProgressLogging
   1404.4 ms  ✓ Serialization
  12335.9 ms  ✓ MacroTools
   1636.8 ms  ✓ DocStringExtensions
   1072.3 ms  ✓ DefineSingletons
    846.5 ms  ✓ Unicode
   1205.8 ms  ✓ AbstractFFTs
   1173.1 ms  ✓ ArgCheck
   2979.2 ms  ✓ InitialValues
    866.4 ms  ✓ PtrArrays
   1495.4 ms  ✓ OpenLibm_jll
   1742.4 ms  ✓ FillArrays
   1145.9 ms  ✓ Mmap
    731.5 ms  ✓ IteratorInterfaceExtensions
    968.7 ms  ✓ Missings
    900.6 ms  ✓ ConstructionBase → ConstructionBaseLinearAlgebraExt
    830.2 ms  ✓ NameResolution
    883.9 ms  ✓ DiffResults
    920.7 ms  ✓ Adapt
   2329.4 ms  ✓ InteractiveUtils
    904.2 ms  ✓ ScopedValues
    817.7 ms  ✓ CompositionsBase → CompositionsBaseInverseFunctionsExt
   1896.8 ms  ✓ Atomix
    768.2 ms  ✓ ADTypes → ADTypesConstructionBaseExt
    794.1 ms  ✓ ADTypes → ADTypesEnzymeCoreExt
   2923.4 ms  ✓ DataStructures
   1062.9 ms  ✓ CommonSubexpressions
   1145.7 ms  ✓ LogExpFunctions
    833.8 ms  ✓ InverseFunctions → InverseFunctionsDatesExt
    997.3 ms  ✓ Compat
    878.1 ms  ✓ AliasTables
   1240.0 ms  ✓ NaNMath
   5039.7 ms  ✓ Distributed
    872.4 ms  ✓ FillArrays → FillArraysStatisticsExt
    939.8 ms  ✓ DelimitedFiles
   4409.7 ms  ✓ Preferences
    854.0 ms  ✓ TableTraits
   7138.9 ms  ✓ SparseArrays
    774.0 ms  ✓ EnzymeCore → AdaptExt
   1175.1 ms  ✓ GPUArraysCore
   1261.0 ms  ✓ SimpleTraits
   2883.6 ms  ✓ Setfield
   1004.9 ms  ✓ SortingAlgorithms
    798.9 ms  ✓ LogExpFunctions → LogExpFunctionsInverseFunctionsExt
    784.2 ms  ✓ Compat → CompatLinearAlgebraExt
   4172.9 ms  ✓ IRTools
   1081.3 ms  ✓ JLLWrappers
    783.9 ms  ✓ PrecompileTools
   1586.1 ms  ✓ Tables
   1196.8 ms  ✓ Statistics → SparseArraysExt
   4456.7 ms  ✓ Accessors
   1106.5 ms  ✓ SuiteSparse
   1425.9 ms  ✓ FillArrays → FillArraysSparseArraysExt
   1255.4 ms  ✓ Adapt → AdaptSparseArraysExt
   1106.5 ms  ✓ ContextVariablesX
   1349.1 ms  ✓ Functors
   2933.6 ms  ✓ ChainRulesCore
   1514.8 ms  ✓ OpenSpecFun_jll
   1604.2 ms  ✓ StructArrays
   1973.5 ms  ✓ MLCore
   1009.6 ms  ✓ Accessors → LinearAlgebraExt
   1321.3 ms  ✓ SparseInverseSubset
   1229.9 ms  ✓ FLoopsBase
   5217.9 ms  ✓ StatsBase
   1679.7 ms  ✓ MLDataDevices
   1391.4 ms  ✓ ChainRulesCore → ChainRulesCoreSparseArraysExt
   1785.5 ms  ✓ ZygoteRules
   2867.2 ms  ✓ Optimisers
   1260.9 ms  ✓ EnzymeCore → EnzymeCoreChainRulesCoreExt
   1145.2 ms  ✓ ADTypes → ADTypesChainRulesCoreExt
   1236.2 ms  ✓ AbstractFFTs → AbstractFFTsChainRulesCoreExt
  23270.8 ms  ✓ Test
   2956.2 ms  ✓ LogExpFunctions → LogExpFunctionsChainRulesCoreExt
   1239.7 ms  ✓ StructArrays → StructArraysSparseArraysExt
   1025.1 ms  ✓ StructArrays → StructArraysLinearAlgebraExt
   1006.8 ms  ✓ StructArrays → StructArraysAdaptExt
   1089.1 ms  ✓ Accessors → StructArraysExt
   1497.9 ms  ✓ BangBang
   5271.8 ms  ✓ SpecialFunctions
   1215.6 ms  ✓ MLDataDevices → SparseArraysExt
    871.2 ms  ✓ MLDataDevices → FillArraysExt
    870.7 ms  ✓ Optimisers → OptimisersAdaptExt
  47644.8 ms  ✓ MLStyle
   1097.5 ms  ✓ MLDataDevices → ChainRulesCoreExt
    770.2 ms  ✓ Optimisers → OptimisersEnzymeCoreExt
   1144.0 ms  ✓ InverseFunctions → InverseFunctionsTestExt
   1076.6 ms  ✓ Accessors → TestExt
   1707.2 ms  ✓ SplittablesBase
    952.3 ms  ✓ BangBang → BangBangTablesExt
   1018.4 ms  ✓ BangBang → BangBangStructArraysExt
   2919.3 ms  ✓ AbstractFFTs → AbstractFFTsTestExt
   1031.3 ms  ✓ BangBang → BangBangChainRulesCoreExt
   1320.7 ms  ✓ MicroCollections
   1360.4 ms  ✓ DiffRules
   3469.0 ms  ✓ SpecialFunctions → SpecialFunctionsChainRulesCoreExt
   4721.9 ms  ✓ JuliaVariables
   5125.8 ms  ✓ Transducers
   9952.5 ms  ✓ ChainRules
   1411.1 ms  ✓ Transducers → TransducersAdaptExt
    998.4 ms  ✓ MLDataDevices → ChainRulesExt
  31880.6 ms  ✓ StaticArrays
   5733.9 ms  ✓ ForwardDiff
    777.3 ms  ✓ StaticArrays → StaticArraysStatisticsExt
   1009.4 ms  ✓ ConstructionBase → ConstructionBaseStaticArraysExt
   1029.7 ms  ✓ StaticArrays → StaticArraysChainRulesCoreExt
   1123.4 ms  ✓ FillArrays → FillArraysStaticArraysExt
    851.6 ms  ✓ Adapt → AdaptStaticArraysExt
   1072.3 ms  ✓ Accessors → StaticArraysExt
    958.6 ms  ✓ BangBang → BangBangStaticArraysExt
   1110.6 ms  ✓ StructArrays → StructArraysStaticArraysExt
    970.1 ms  ✓ ForwardDiff → ForwardDiffStaticArraysExt
   5671.7 ms  ✓ FLoops
   4758.3 ms  ✓ KernelAbstractions
   1069.1 ms  ✓ KernelAbstractions → EnzymeExt
   1097.4 ms  ✓ StructArrays → StructArraysGPUArraysCoreExt
   1232.7 ms  ✓ KernelAbstractions → LinearAlgebraExt
   1637.0 ms  ✓ KernelAbstractions → SparseArraysExt
   6921.8 ms  ✓ NNlib
   1420.9 ms  ✓ NNlib → NNlibForwardDiffExt
   1504.3 ms  ✓ NNlib → NNlibSpecialFunctionsExt
   1725.2 ms  ✓ NNlib → NNlibEnzymeCoreExt
   1758.9 ms  ✓ OneHotArrays
   1221.4 ms  ✓ MLDataDevices → OneHotArraysExt
  10182.5 ms  ✓ MLUtils
   2222.8 ms  ✓ MLDataDevices → MLUtilsExt
  53819.9 ms  ✓ Zygote
   1172.6 ms  ✓ MLDataDevices → ZygoteExt
   6993.9 ms  ✓ Flux
  151 dependencies successfully precompiled in 131 seconds. 9 already precompiled.
	Command being timed: "nice -n -10 timeout -k120 -v 3600 julia +alpha --project=F/Flux/Basic-Model-Gradient -e using Pkg; @time @eval Pkg.precompile()"
	User time (seconds): 718.42
	System time (seconds): 41.58
	Percent of CPU this job got: 186%
	Elapsed (wall clock) time (h:mm:ss or m:ss): 6:48.48
	Average shared text size (kbytes): 0
	Average unshared data size (kbytes): 0
	Average stack size (kbytes): 0
	Average total size (kbytes): 0
	Maximum resident set size (kbytes): 2583196
	Average resident set size (kbytes): 0
	Major (requiring I/O) page faults: 444
	Minor (reclaiming a frame) page faults: 9534901
	Voluntary context switches: 23775
	Involuntary context switches: 44033
	Swaps: 0
	File system inputs: 104
	File system outputs: 851632
	Socket messages sent: 0
	Socket messages received: 0
	Signals delivered: 0
	Page size (bytes): 4096
	Exit status: 0
