nice: cannot set niceness: Permission denied
Precompiling packages...
  72942.7 ms  ✓ Pkg (serial)
  1 dependency successfully precompiled in 73 seconds
Precompiling packages...
   2377.8 ms  ✓ DataValueInterfaces
   2391.7 ms  ✓ RealDot
   2400.2 ms  ✓ DefineSingletons
   2485.5 ms  ✓ Unicode
   2575.3 ms  ✓ OpenLibm_jll
   2569.1 ms  ✓ Reexport
   2874.2 ms  ✓ InverseFunctions
   3481.0 ms  ✓ AbstractFFTs
   3652.8 ms  ✓ DocStringExtensions
   3883.1 ms  ✓ Serialization
   3815.3 ms  ✓ Statistics
   4164.3 ms  ✓ EnzymeCore
   2396.6 ms  ✓ IteratorInterfaceExtensions
   2894.4 ms  ✓ PrettyPrint
   2717.4 ms  ✓ DataAPI
   2763.8 ms  ✓ StatsAPI
   5681.7 ms  ✓ FillArrays
   3102.1 ms  ✓ ArgCheck
   2900.5 ms  ✓ ProgressLogging
   3087.8 ms  ✓ SuiteSparse_jll
   2788.6 ms  ✓ Mmap
   3497.3 ms  ✓ CompilerSupportLibraries_jll
   2487.8 ms  ✓ CompositionsBase
   2496.2 ms  ✓ Future
   2399.4 ms  ✓ PtrArrays
   3590.1 ms  ✓ SciMLPublic
   2698.7 ms  ✓ StaticArraysCore
   2606.9 ms  ✓ HashArrayMappedTries
  10251.2 ms  ✓ OrderedCollections
   5269.4 ms  ✓ InitialValues
   9005.1 ms  ✓ ConstructionBase
   3650.6 ms  ✓ Preferences
   4598.3 ms  ✓ Requires
   2506.1 ms  ✓ InverseFunctions → InverseFunctionsDatesExt
   2525.4 ms  ✓ TableTraits
   2446.4 ms  ✓ NameResolution
   6596.1 ms  ✓ Baselet
  10289.9 ms  ✓ ShowCases
  11516.5 ms  ✓ UnsafeAtomics
  14309.0 ms  ✓ IrrationalConstants
   2982.5 ms  ✓ FillArrays → FillArraysStatisticsExt
   3002.7 ms  ✓ DelimitedFiles
   3100.1 ms  ✓ CompositionsBase → CompositionsBaseInverseFunctionsExt
   2602.7 ms  ✓ DiffResults
   3085.2 ms  ✓ AliasTables
   2712.5 ms  ✓ ScopedValues
   2409.1 ms  ✓ ConstructionBase → ConstructionBaseLinearAlgebraExt
   2802.4 ms  ✓ PrecompileTools
   9880.9 ms  ✓ Compat
   3299.5 ms  ✓ JLLWrappers
   2501.9 ms  ✓ Adapt
   9110.4 ms  ✓ NaNMath
   2701.8 ms  ✓ Atomix
   3405.6 ms  ✓ LogExpFunctions
   8597.8 ms  ✓ Missings
   2322.7 ms  ✓ Compat → CompatLinearAlgebraExt
  12667.7 ms  ✓ InteractiveUtils
   2318.0 ms  ✓ EnzymeCore → AdaptExt
   3117.3 ms  ✓ GPUArraysCore
   3490.9 ms  ✓ OpenSpecFun_jll
   2106.8 ms  ✓ LogExpFunctions → LogExpFunctionsInverseFunctionsExt
  17388.5 ms  ✓ MacroTools
   2587.2 ms  ✓ ContextVariablesX
   8775.3 ms  ✓ DataStructures
   3098.5 ms  ✓ CommonSubexpressions
   2801.3 ms  ✓ FLoopsBase
   2912.9 ms  ✓ SortingAlgorithms
  16416.7 ms  ✓ Distributed
   4006.4 ms  ✓ SimpleTraits
  10201.9 ms  ✓ Tables
   5325.7 ms  ✓ Setfield
   7714.0 ms  ✓ Functors
   3211.4 ms  ✓ MLCore
   9680.3 ms  ✓ ChainRulesCore
   2515.0 ms  ✓ MLDataDevices
   1903.9 ms  ✓ AbstractFFTs → AbstractFFTsChainRulesCoreExt
  10022.7 ms  ✓ SpecialFunctions
   2174.5 ms  ✓ MLDataDevices → MLDataDevicesFillArraysExt
   6618.6 ms  ✓ StructArrays
   3397.6 ms  ✓ ZygoteRules
   2733.6 ms  ✓ MLDataDevices → MLDataDevicesChainRulesCoreExt
  12104.0 ms  ✓ IRTools
  12115.0 ms  ✓ Accessors
   2623.7 ms  ✓ DiffRules
  22926.5 ms  ✓ SparseArrays
   1884.9 ms  ✓ StructArrays → StructArraysAdaptExt
   5792.8 ms  ✓ LogExpFunctions → LogExpFunctionsChainRulesCoreExt
   2515.6 ms  ✓ StructArrays → StructArraysLinearAlgebraExt
   2490.1 ms  ✓ Accessors → StructArraysExt
   2580.6 ms  ✓ Accessors → LinearAlgebraExt
   2776.0 ms  ✓ Statistics → SparseArraysExt
   3307.5 ms  ✓ Adapt → AdaptSparseArraysExt
   3475.0 ms  ✓ SuiteSparse
   3009.6 ms  ✓ StructArrays → StructArraysSparseArraysExt
   4022.6 ms  ✓ FillArrays → FillArraysSparseArraysExt
   3990.6 ms  ✓ MLDataDevices → MLDataDevicesSparseArraysExt
   7494.9 ms  ✓ SpecialFunctions → SpecialFunctionsChainRulesCoreExt
  19056.8 ms  ✓ Test
   3310.6 ms  ✓ BangBang
  10804.8 ms  ✓ Optimisers
   2602.3 ms  ✓ SparseInverseSubset
   2879.9 ms  ✓ InverseFunctions → InverseFunctionsTestExt
   3087.1 ms  ✓ Accessors → TestExt
   7916.8 ms  ✓ ChainRulesCore → ChainRulesCoreSparseArraysExt
   2584.5 ms  ✓ BangBang → BangBangStructArraysExt
   2387.2 ms  ✓ Optimisers → OptimisersEnzymeCoreExt
   2701.7 ms  ✓ BangBang → BangBangChainRulesCoreExt
   2485.7 ms  ✓ Optimisers → OptimisersAdaptExt
   2781.8 ms  ✓ BangBang → BangBangTablesExt
   2879.6 ms  ✓ MicroCollections
   3794.4 ms  ✓ SplittablesBase
   4490.2 ms  ✓ AbstractFFTs → AbstractFFTsTestExt
   9007.7 ms  ✓ StatsBase
  29037.4 ms  ✓ StaticArrays
  12298.7 ms  ✓ ForwardDiff
   1955.1 ms  ✓ ConstructionBase → ConstructionBaseStaticArraysExt
   1972.4 ms  ✓ Adapt → AdaptStaticArraysExt
   1886.1 ms  ✓ BangBang → BangBangStaticArraysExt
   2156.2 ms  ✓ StaticArrays → StaticArraysStatisticsExt
   2006.9 ms  ✓ Accessors → StaticArraysExt
   1984.9 ms  ✓ ForwardDiff → ForwardDiffStaticArraysExt
   3370.4 ms  ✓ StaticArrays → StaticArraysChainRulesCoreExt
   7292.0 ms  ✓ Transducers
   4076.6 ms  ✓ StructArrays → StructArraysStaticArraysExt
   1905.3 ms  ✓ Transducers → TransducersAdaptExt
  56440.8 ms  ✓ MLStyle
  13750.6 ms  ✓ ChainRules
   8359.8 ms  ✓ KernelAbstractions
   1208.1 ms  ✓ MLDataDevices → MLDataDevicesChainRulesExt
   1017.3 ms  ✓ KernelAbstractions → LinearAlgebraExt
   1059.7 ms  ✓ StructArrays → StructArraysGPUArraysCoreExt
   1126.1 ms  ✓ KernelAbstractions → EnzymeExt
   1209.7 ms  ✓ KernelAbstractions → SparseArraysExt
   2660.8 ms  ✓ JuliaVariables
   3997.0 ms  ✓ NNlib
   2939.5 ms  ✓ FLoops
    938.5 ms  ✓ NNlib → NNlibSpecialFunctionsExt
   1005.7 ms  ✓ NNlib → NNlibForwardDiffExt
   1046.7 ms  ✓ NNlib → NNlibEnzymeCoreExt
   1107.3 ms  ✓ OneHotArrays
    657.4 ms  ✓ MLDataDevices → MLDataDevicesOneHotArraysExt
   5644.1 ms  ✓ MLUtils
   1188.7 ms  ✓ MLDataDevices → MLDataDevicesMLUtilsExt
  24329.7 ms  ✓ Zygote
   1039.7 ms  ✓ MLDataDevices → MLDataDevicesZygoteExt
   6130.4 ms  ✓ Flux
  146 dependencies successfully precompiled in 88 seconds. 9 already precompiled.
	Command being timed: "nice -n -10 timeout -k120 -v 3600 julia +release --project=F/Flux/Basic-Model-Gradient -e using Pkg; @time @eval Pkg.precompile()"
	User time (seconds): 411.89
	System time (seconds): 34.83
	Percent of CPU this job got: 276%
	Elapsed (wall clock) time (h:mm:ss or m:ss): 2:41.63
	Average shared text size (kbytes): 0
	Average unshared data size (kbytes): 0
	Average stack size (kbytes): 0
	Average total size (kbytes): 0
	Maximum resident set size (kbytes): 2095452
	Average resident set size (kbytes): 0
	Major (requiring I/O) page faults: 452
	Minor (reclaiming a frame) page faults: 8832109
	Voluntary context switches: 24876
	Involuntary context switches: 30027
	Swaps: 0
	File system inputs: 0
	File system outputs: 810592
	Socket messages sent: 0
	Socket messages received: 0
	Signals delivered: 0
	Page size (bytes): 4096
	Exit status: 0
