nice: cannot set niceness: Permission denied
Precompiling packages...
  72988.2 ms  ✓ Pkg (serial)
  1 dependency successfully precompiled in 73 seconds
Precompiling packages...
   2434.9 ms  ✓ DefineSingletons
   2428.5 ms  ✓ RealDot
   2431.4 ms  ✓ DataValueInterfaces
   2530.5 ms  ✓ OpenLibm_jll
   2613.3 ms  ✓ Unicode
   2761.1 ms  ✓ Reexport
   3306.9 ms  ✓ AbstractFFTs
   3228.6 ms  ✓ InverseFunctions
   3771.5 ms  ✓ DocStringExtensions
   3931.5 ms  ✓ Serialization
   3807.2 ms  ✓ Statistics
   4404.3 ms  ✓ EnzymeCore
   2478.9 ms  ✓ IteratorInterfaceExtensions
   5404.0 ms  ✓ FillArrays
   3010.1 ms  ✓ PrettyPrint
   2994.8 ms  ✓ DataAPI
   2924.2 ms  ✓ ArgCheck
   2901.1 ms  ✓ StatsAPI
   2822.6 ms  ✓ CompilerSupportLibraries_jll
   3077.4 ms  ✓ ProgressLogging
   3192.2 ms  ✓ SuiteSparse_jll
   3073.1 ms  ✓ Mmap
   2512.2 ms  ✓ CompositionsBase
   2494.9 ms  ✓ Future
   2705.9 ms  ✓ PtrArrays
   3094.7 ms  ✓ SciMLPublic
   2795.6 ms  ✓ HashArrayMappedTries
   3080.4 ms  ✓ StaticArraysCore
  10834.7 ms  ✓ OrderedCollections
   5796.3 ms  ✓ InitialValues
   4403.8 ms  ✓ Requires
   9698.9 ms  ✓ ConstructionBase
   2731.3 ms  ✓ InverseFunctions → InverseFunctionsDatesExt
   4518.8 ms  ✓ Preferences
   2480.1 ms  ✓ FillArrays → FillArraysStatisticsExt
   3197.4 ms  ✓ TableTraits
   6928.7 ms  ✓ Baselet
  10802.6 ms  ✓ ShowCases
   2501.9 ms  ✓ NameResolution
  12165.4 ms  ✓ UnsafeAtomics
  15128.3 ms  ✓ IrrationalConstants
   2818.8 ms  ✓ CompositionsBase → CompositionsBaseInverseFunctionsExt
   3003.6 ms  ✓ DelimitedFiles
   2707.8 ms  ✓ ScopedValues
   2774.3 ms  ✓ DiffResults
   3176.8 ms  ✓ AliasTables
   9325.0 ms  ✓ NaNMath
   2832.1 ms  ✓ Adapt
   2599.1 ms  ✓ ConstructionBase → ConstructionBaseLinearAlgebraExt
  10896.5 ms  ✓ Compat
   2486.2 ms  ✓ PrecompileTools
   2088.1 ms  ✓ EnzymeCore → AdaptExt
   2719.3 ms  ✓ Atomix
   3098.0 ms  ✓ JLLWrappers
   3326.5 ms  ✓ LogExpFunctions
   3071.5 ms  ✓ GPUArraysCore
  12992.0 ms  ✓ InteractiveUtils
   8877.8 ms  ✓ Missings
   2023.4 ms  ✓ Compat → CompatLinearAlgebraExt
  17299.8 ms  ✓ MacroTools
   7724.4 ms  ✓ DataStructures
   2501.6 ms  ✓ LogExpFunctions → LogExpFunctionsInverseFunctionsExt
   3805.9 ms  ✓ OpenSpecFun_jll
   2976.8 ms  ✓ ContextVariablesX
   3290.4 ms  ✓ CommonSubexpressions
   3289.5 ms  ✓ SortingAlgorithms
   4269.9 ms  ✓ SimpleTraits
  16899.2 ms  ✓ Distributed
  10501.0 ms  ✓ Tables
   3521.7 ms  ✓ FLoopsBase
   5892.2 ms  ✓ Setfield
   7823.7 ms  ✓ Functors
   9513.7 ms  ✓ ChainRulesCore
   3702.6 ms  ✓ MLCore
   2466.9 ms  ✓ MLDataDevices
  10808.6 ms  ✓ IRTools
   5873.5 ms  ✓ StructArrays
   2476.5 ms  ✓ AbstractFFTs → AbstractFFTsChainRulesCoreExt
   2668.0 ms  ✓ EnzymeCore → EnzymeCoreChainRulesCoreExt
   2730.0 ms  ✓ MLDataDevices → FillArraysExt
  10677.6 ms  ✓ SpecialFunctions
   3032.7 ms  ✓ MLDataDevices → ChainRulesCoreExt
   3620.2 ms  ✓ ZygoteRules
  12509.8 ms  ✓ Accessors
  22263.5 ms  ✓ SparseArrays
   2695.8 ms  ✓ StructArrays → StructArraysAdaptExt
   2911.3 ms  ✓ StructArrays → StructArraysLinearAlgebraExt
   3169.8 ms  ✓ Accessors → StructArraysExt
   3275.2 ms  ✓ Accessors → LinearAlgebraExt
   3588.6 ms  ✓ DiffRules
   3324.6 ms  ✓ SuiteSparse
   3330.1 ms  ✓ Statistics → SparseArraysExt
   3422.3 ms  ✓ Adapt → AdaptSparseArraysExt
   7378.0 ms  ✓ LogExpFunctions → LogExpFunctionsChainRulesCoreExt
   3704.4 ms  ✓ FillArrays → FillArraysSparseArraysExt
   3597.8 ms  ✓ MLDataDevices → SparseArraysExt
   4005.1 ms  ✓ StructArrays → StructArraysSparseArraysExt
   2586.3 ms  ✓ SparseInverseSubset
  20098.7 ms  ✓ Test
   3231.5 ms  ✓ BangBang
  11581.3 ms  ✓ Optimisers
   8296.1 ms  ✓ SpecialFunctions → SpecialFunctionsChainRulesCoreExt
   8019.0 ms  ✓ ChainRulesCore → ChainRulesCoreSparseArraysExt
   2728.5 ms  ✓ BangBang → BangBangTablesExt
   2871.8 ms  ✓ BangBang → BangBangChainRulesCoreExt
   2966.8 ms  ✓ BangBang → BangBangStructArraysExt
   3291.2 ms  ✓ InverseFunctions → InverseFunctionsTestExt
   3301.2 ms  ✓ Accessors → TestExt
   3196.7 ms  ✓ MicroCollections
   2033.1 ms  ✓ Optimisers → OptimisersEnzymeCoreExt
   2127.1 ms  ✓ Optimisers → OptimisersAdaptExt
   3823.9 ms  ✓ SplittablesBase
   4593.6 ms  ✓ AbstractFFTs → AbstractFFTsTestExt
   8735.1 ms  ✓ StatsBase
  28843.5 ms  ✓ StaticArrays
  10999.8 ms  ✓ ForwardDiff
   1846.0 ms  ✓ ConstructionBase → ConstructionBaseStaticArraysExt
   1941.1 ms  ✓ Accessors → StaticArraysExt
   2050.8 ms  ✓ Adapt → AdaptStaticArraysExt
   2109.6 ms  ✓ BangBang → BangBangStaticArraysExt
   2154.2 ms  ✓ StaticArrays → StaticArraysStatisticsExt
   1598.5 ms  ✓ ForwardDiff → ForwardDiffStaticArraysExt
   7288.7 ms  ✓ Transducers
   4542.2 ms  ✓ StructArrays → StructArraysStaticArraysExt
   4550.6 ms  ✓ StaticArrays → StaticArraysChainRulesCoreExt
   2203.8 ms  ✓ Transducers → TransducersAdaptExt
  14571.4 ms  ✓ ChainRules
  58067.7 ms  ✓ MLStyle
    882.8 ms  ✓ MLDataDevices → ChainRulesExt
   8642.9 ms  ✓ KernelAbstractions
    827.6 ms  ✓ KernelAbstractions → LinearAlgebraExt
    903.0 ms  ✓ StructArrays → StructArraysGPUArraysCoreExt
    912.3 ms  ✓ KernelAbstractions → EnzymeExt
   1017.5 ms  ✓ KernelAbstractions → SparseArraysExt
   2505.3 ms  ✓ JuliaVariables
   2853.5 ms  ✓ FLoops
   3963.4 ms  ✓ NNlib
    960.9 ms  ✓ NNlib → NNlibSpecialFunctionsExt
    991.7 ms  ✓ NNlib → NNlibForwardDiffExt
   1053.3 ms  ✓ NNlib → NNlibEnzymeCoreExt
   1105.8 ms  ✓ OneHotArrays
    643.3 ms  ✓ MLDataDevices → OneHotArraysExt
   5757.6 ms  ✓ MLUtils
   1171.5 ms  ✓ MLDataDevices → MLUtilsExt
  24502.9 ms  ✓ Zygote
   1029.3 ms  ✓ MLDataDevices → ZygoteExt
   6080.6 ms  ✓ Flux
  147 dependencies successfully precompiled in 89 seconds. 9 already precompiled.
	Command being timed: "nice -n -10 timeout -k120 -v 3600 julia +1.12.4 --project=F/Flux/Basic-Model-Gradient -e using Pkg; @time @eval Pkg.precompile()"
	User time (seconds): 419.36
	System time (seconds): 35.28
	Percent of CPU this job got: 279%
	Elapsed (wall clock) time (h:mm:ss or m:ss): 2:42.77
	Average shared text size (kbytes): 0
	Average unshared data size (kbytes): 0
	Average stack size (kbytes): 0
	Average total size (kbytes): 0
	Maximum resident set size (kbytes): 2136644
	Average resident set size (kbytes): 0
	Major (requiring I/O) page faults: 475
	Minor (reclaiming a frame) page faults: 8844169
	Voluntary context switches: 24254
	Involuntary context switches: 31804
	Swaps: 0
	File system inputs: 0
	File system outputs: 813112
	Socket messages sent: 0
	Socket messages received: 0
	Signals delivered: 0
	Page size (bytes): 4096
	Exit status: 0
