nice: cannot set niceness: Permission denied
Precompiling packages...
  73029.5 ms  ✓ Pkg (serial)
  1 dependency successfully precompiled in 73 seconds
Precompiling packages...
   2462.7 ms  ✓ DataValueInterfaces
   2565.6 ms  ✓ DefineSingletons
   2568.2 ms  ✓ RealDot
   2559.1 ms  ✓ Reexport
   2624.5 ms  ✓ OpenLibm_jll
   2632.3 ms  ✓ Unicode
   3263.4 ms  ✓ InverseFunctions
   3462.2 ms  ✓ AbstractFFTs
   3590.9 ms  ✓ Statistics
   3799.2 ms  ✓ DocStringExtensions
   4129.0 ms  ✓ Serialization
   4071.3 ms  ✓ EnzymeCore
   2712.7 ms  ✓ IteratorInterfaceExtensions
   2891.3 ms  ✓ PrettyPrint
   2931.5 ms  ✓ DataAPI
   5866.5 ms  ✓ FillArrays
   2702.4 ms  ✓ StatsAPI
   2971.6 ms  ✓ CompilerSupportLibraries_jll
   3108.9 ms  ✓ ProgressLogging
   3143.4 ms  ✓ SuiteSparse_jll
   2509.2 ms  ✓ Future
   2614.6 ms  ✓ CompositionsBase
   2598.7 ms  ✓ PtrArrays
   3225.3 ms  ✓ SciMLPublic
   2892.9 ms  ✓ StaticArraysCore
   2788.9 ms  ✓ HashArrayMappedTries
  10765.9 ms  ✓ OrderedCollections
   5693.5 ms  ✓ InitialValues
   9273.5 ms  ✓ NaNMath
   9510.5 ms  ✓ ConstructionBase
   2711.7 ms  ✓ ArgCheck
   4881.6 ms  ✓ Requires
   3193.3 ms  ✓ InverseFunctions → InverseFunctionsDatesExt
  10662.7 ms  ✓ ShowCases
   4104.0 ms  ✓ Preferences
   2795.6 ms  ✓ Mmap
   2613.4 ms  ✓ TableTraits
  12393.3 ms  ✓ UnsafeAtomics
  14901.1 ms  ✓ IrrationalConstants
   3490.2 ms  ✓ NameResolution
   7483.6 ms  ✓ Baselet
   3305.9 ms  ✓ FillArrays → FillArraysStatisticsExt
   2847.7 ms  ✓ CompositionsBase → CompositionsBaseInverseFunctionsExt
   2693.2 ms  ✓ ScopedValues
   3100.8 ms  ✓ AliasTables
   2890.8 ms  ✓ DiffResults
   2780.6 ms  ✓ ConstructionBase → ConstructionBaseLinearAlgebraExt
   2521.3 ms  ✓ PrecompileTools
   2811.1 ms  ✓ Adapt
   3096.2 ms  ✓ JLLWrappers
   3082.9 ms  ✓ DelimitedFiles
   3393.4 ms  ✓ Atomix
  10902.9 ms  ✓ Compat
   3607.3 ms  ✓ LogExpFunctions
   2635.4 ms  ✓ EnzymeCore → AdaptExt
   8913.5 ms  ✓ Missings
   3286.9 ms  ✓ GPUArraysCore
  17408.0 ms  ✓ Distributed
  13903.9 ms  ✓ InteractiveUtils
   1792.3 ms  ✓ Compat → CompatLinearAlgebraExt
   3221.4 ms  ✓ OpenSpecFun_jll
   1890.3 ms  ✓ LogExpFunctions → LogExpFunctionsInverseFunctionsExt
  17654.1 ms  ✓ MacroTools
   8509.6 ms  ✓ DataStructures
   2208.7 ms  ✓ ContextVariablesX
   2840.0 ms  ✓ CommonSubexpressions
   2698.7 ms  ✓ SortingAlgorithms
   3809.1 ms  ✓ SimpleTraits
   2188.2 ms  ✓ FLoopsBase
  10311.3 ms  ✓ Tables
   4796.7 ms  ✓ Setfield
   6910.5 ms  ✓ Functors
   8199.2 ms  ✓ ChainRulesCore
   3306.9 ms  ✓ MLCore
   2399.0 ms  ✓ MLDataDevices
   2201.8 ms  ✓ AbstractFFTs → AbstractFFTsChainRulesCoreExt
  10471.7 ms  ✓ SpecialFunctions
  11296.8 ms  ✓ IRTools
   3509.2 ms  ✓ ZygoteRules
   6783.3 ms  ✓ StructArrays
   2486.3 ms  ✓ MLDataDevices → MLDataDevicesFillArraysExt
  11710.2 ms  ✓ Accessors
   2979.3 ms  ✓ MLDataDevices → MLDataDevicesChainRulesCoreExt
  21423.7 ms  ✓ SparseArrays
   2173.3 ms  ✓ StructArrays → StructArraysAdaptExt
   3509.0 ms  ✓ DiffRules
   2706.8 ms  ✓ StructArrays → StructArraysLinearAlgebraExt
   6503.6 ms  ✓ LogExpFunctions → LogExpFunctionsChainRulesCoreExt
   2687.6 ms  ✓ Accessors → StructArraysExt
   2790.9 ms  ✓ Accessors → LinearAlgebraExt
   3242.2 ms  ✓ SuiteSparse
   3272.7 ms  ✓ Adapt → AdaptSparseArraysExt
   3347.9 ms  ✓ Statistics → SparseArraysExt
   3707.2 ms  ✓ FillArrays → FillArraysSparseArraysExt
   3329.2 ms  ✓ MLDataDevices → MLDataDevicesSparseArraysExt
   3309.9 ms  ✓ StructArrays → StructArraysSparseArraysExt
  18015.8 ms  ✓ Test
   7974.8 ms  ✓ SpecialFunctions → SpecialFunctionsChainRulesCoreExt
   3702.1 ms  ✓ BangBang
   2703.3 ms  ✓ SparseInverseSubset
  11363.1 ms  ✓ Optimisers
   3047.0 ms  ✓ Accessors → TestExt
   3190.8 ms  ✓ InverseFunctions → InverseFunctionsTestExt
   2595.7 ms  ✓ BangBang → BangBangChainRulesCoreExt
   2668.9 ms  ✓ BangBang → BangBangStructArraysExt
   2666.4 ms  ✓ BangBang → BangBangTablesExt
   8627.3 ms  ✓ ChainRulesCore → ChainRulesCoreSparseArraysExt
   2920.8 ms  ✓ MicroCollections
   2048.0 ms  ✓ Optimisers → OptimisersEnzymeCoreExt
   2123.9 ms  ✓ Optimisers → OptimisersAdaptExt
   3873.5 ms  ✓ SplittablesBase
   4680.8 ms  ✓ AbstractFFTs → AbstractFFTsTestExt
   8533.2 ms  ✓ StatsBase
  29435.5 ms  ✓ StaticArrays
   1854.9 ms  ✓ Adapt → AdaptStaticArraysExt
  12400.3 ms  ✓ ForwardDiff
   1953.3 ms  ✓ ConstructionBase → ConstructionBaseStaticArraysExt
   2247.4 ms  ✓ Accessors → StaticArraysExt
   2274.9 ms  ✓ StaticArrays → StaticArraysStatisticsExt
   2313.4 ms  ✓ BangBang → BangBangStaticArraysExt
   1208.3 ms  ✓ ForwardDiff → ForwardDiffStaticArraysExt
   4665.9 ms  ✓ StaticArrays → StaticArraysChainRulesCoreExt
   5014.9 ms  ✓ StructArrays → StructArraysStaticArraysExt
   8278.6 ms  ✓ Transducers
   1999.2 ms  ✓ Transducers → TransducersAdaptExt
  57851.6 ms  ✓ MLStyle
   8702.6 ms  ✓ KernelAbstractions
  14526.0 ms  ✓ ChainRules
    979.5 ms  ✓ KernelAbstractions → LinearAlgebraExt
   1011.8 ms  ✓ StructArrays → StructArraysGPUArraysCoreExt
   1084.8 ms  ✓ KernelAbstractions → EnzymeExt
   1164.7 ms  ✓ KernelAbstractions → SparseArraysExt
    918.9 ms  ✓ MLDataDevices → MLDataDevicesChainRulesExt
   2526.2 ms  ✓ JuliaVariables
   4053.2 ms  ✓ NNlib
   2958.6 ms  ✓ FLoops
    954.0 ms  ✓ NNlib → NNlibSpecialFunctionsExt
    990.2 ms  ✓ NNlib → NNlibForwardDiffExt
   1062.3 ms  ✓ NNlib → NNlibEnzymeCoreExt
   1116.0 ms  ✓ OneHotArrays
    663.2 ms  ✓ MLDataDevices → MLDataDevicesOneHotArraysExt
   5638.6 ms  ✓ MLUtils
   1176.0 ms  ✓ MLDataDevices → MLDataDevicesMLUtilsExt
  23789.7 ms  ✓ Zygote
   1032.3 ms  ✓ MLDataDevices → MLDataDevicesZygoteExt
   6136.8 ms  ✓ Flux
  146 dependencies successfully precompiled in 90 seconds. 9 already precompiled.
	Command being timed: "nice -n -10 timeout -k120 -v 3600 julia +1.12.3 --project=F/Flux/Basic-Model-Gradient -e using Pkg; @time @eval Pkg.precompile()"
	User time (seconds): 417.57
	System time (seconds): 35.21
	Percent of CPU this job got: 277%
	Elapsed (wall clock) time (h:mm:ss or m:ss): 2:43.31
	Average shared text size (kbytes): 0
	Average unshared data size (kbytes): 0
	Average stack size (kbytes): 0
	Average total size (kbytes): 0
	Maximum resident set size (kbytes): 2097744
	Average resident set size (kbytes): 0
	Major (requiring I/O) page faults: 463
	Minor (reclaiming a frame) page faults: 8836004
	Voluntary context switches: 23967
	Involuntary context switches: 31255
	Swaps: 0
	File system inputs: 0
	File system outputs: 809872
	Socket messages sent: 0
	Socket messages received: 0
	Signals delivered: 0
	Page size (bytes): 4096
	Exit status: 0
