nice: cannot set niceness: Permission denied
Precompiling packages...
  86247.8 ms  ✓ Pkg (serial)
  1 dependency successfully precompiled in 86 seconds
Precompiling packages...
   2004.0 ms  ✓ RealDot
   2092.8 ms  ✓ Reexport
   2211.9 ms  ✓ Unicode
   2375.4 ms  ✓ DataValueInterfaces
   2377.9 ms  ✓ OpenLibm_jll
   2513.8 ms  ✓ DefineSingletons
   2475.5 ms  ✓ AbstractFFTs
   2667.6 ms  ✓ InverseFunctions
   3268.9 ms  ✓ Statistics
   3501.9 ms  ✓ DocStringExtensions
   4079.3 ms  ✓ Serialization
   2167.9 ms  ✓ IteratorInterfaceExtensions
   2280.9 ms  ✓ PrettyPrint
   4411.5 ms  ✓ EnzymeCore
   4872.3 ms  ✓ FillArrays
   2718.2 ms  ✓ DataAPI
   2894.1 ms  ✓ ArgCheck
   2825.2 ms  ✓ StatsAPI
   2703.0 ms  ✓ ProgressLogging
   2118.0 ms  ✓ CompositionsBase
   3403.6 ms  ✓ CompilerSupportLibraries_jll
   2101.9 ms  ✓ Future
   2897.5 ms  ✓ SuiteSparse_jll
   3128.5 ms  ✓ Mmap
   2867.4 ms  ✓ PtrArrays
   2588.5 ms  ✓ SciMLPublic
   3799.9 ms  ✓ ADTypes
   2773.4 ms  ✓ StaticArraysCore
   2812.8 ms  ✓ HashArrayMappedTries
   9978.0 ms  ✓ OrderedCollections
   4776.6 ms  ✓ InitialValues
   9589.1 ms  ✓ ConstructionBase
   1910.2 ms  ✓ TableTraits
   2619.4 ms  ✓ InverseFunctions → InverseFunctionsDatesExt
   5226.6 ms  ✓ Requires
   3802.3 ms  ✓ Preferences
  10297.7 ms  ✓ ShowCases
  10719.5 ms  ✓ UnsafeAtomics
   2286.0 ms  ✓ FillArrays → FillArraysStatisticsExt
  13867.4 ms  ✓ IrrationalConstants
   7279.1 ms  ✓ Baselet
   4208.7 ms  ✓ NameResolution
   2596.7 ms  ✓ CompositionsBase → CompositionsBaseInverseFunctionsExt
   2718.8 ms  ✓ DelimitedFiles
   2595.8 ms  ✓ ADTypes → ADTypesEnzymeCoreExt
   2891.0 ms  ✓ AliasTables
   2396.2 ms  ✓ DiffResults
   2937.0 ms  ✓ ScopedValues
   2699.8 ms  ✓ ADTypes → ADTypesConstructionBaseExt
   3056.7 ms  ✓ ConstructionBase → ConstructionBaseLinearAlgebraExt
   9920.7 ms  ✓ Compat
   2703.0 ms  ✓ Adapt
   2502.7 ms  ✓ PrecompileTools
  10515.5 ms  ✓ NaNMath
   3596.6 ms  ✓ JLLWrappers
   2996.8 ms  ✓ LogExpFunctions
   3410.9 ms  ✓ Atomix
   2411.6 ms  ✓ Compat → CompatLinearAlgebraExt
   2229.7 ms  ✓ EnzymeCore → AdaptExt
  13986.6 ms  ✓ InteractiveUtils
   3280.6 ms  ✓ GPUArraysCore
   9819.4 ms  ✓ Missings
   1895.7 ms  ✓ LogExpFunctions → LogExpFunctionsInverseFunctionsExt
   8246.4 ms  ✓ DataStructures
   2094.2 ms  ✓ ContextVariablesX
   3112.9 ms  ✓ OpenSpecFun_jll
  20190.3 ms  ✓ MacroTools
   2405.8 ms  ✓ SortingAlgorithms
   2496.1 ms  ✓ FLoopsBase
   9793.4 ms  ✓ Tables
  16705.6 ms  ✓ Distributed
   2490.9 ms  ✓ CommonSubexpressions
   3724.1 ms  ✓ SimpleTraits
   8201.5 ms  ✓ Functors
   5201.0 ms  ✓ Setfield
  10919.8 ms  ✓ ChainRulesCore
   3423.2 ms  ✓ MLDataDevices
   4781.2 ms  ✓ MLCore
   2398.6 ms  ✓ ADTypes → ADTypesChainRulesCoreExt
   8794.3 ms  ✓ StructArrays
   2617.3 ms  ✓ EnzymeCore → EnzymeCoreChainRulesCoreExt
   2847.8 ms  ✓ AbstractFFTs → AbstractFFTsChainRulesCoreExt
  11916.4 ms  ✓ SpecialFunctions
   3992.7 ms  ✓ ZygoteRules
  23482.9 ms  ✓ SparseArrays
   3868.4 ms  ✓ MLDataDevices → ChainRulesCoreExt
   2193.7 ms  ✓ StructArrays → StructArraysAdaptExt
   2977.2 ms  ✓ MLDataDevices → FillArraysExt
   2471.6 ms  ✓ StructArrays → StructArraysLinearAlgebraExt
  12381.7 ms  ✓ IRTools
   3407.0 ms  ✓ DiffRules
   2783.8 ms  ✓ SuiteSparse
   3100.7 ms  ✓ Statistics → SparseArraysExt
   3111.3 ms  ✓ FillArrays → FillArraysSparseArraysExt
   2812.6 ms  ✓ Adapt → AdaptSparseArraysExt
   8086.2 ms  ✓ LogExpFunctions → LogExpFunctionsChainRulesCoreExt
   3484.2 ms  ✓ MLDataDevices → SparseArraysExt
  15477.7 ms  ✓ Accessors
   3723.2 ms  ✓ StructArrays → StructArraysSparseArraysExt
   2709.8 ms  ✓ SparseInverseSubset
   2408.3 ms  ✓ Accessors → LinearAlgebraExt
   2488.5 ms  ✓ Accessors → StructArraysExt
  11476.7 ms  ✓ Optimisers
  21596.1 ms  ✓ Test
   8276.9 ms  ✓ SpecialFunctions → SpecialFunctionsChainRulesCoreExt
   8217.9 ms  ✓ ChainRulesCore → ChainRulesCoreSparseArraysExt
   1974.8 ms  ✓ Optimisers → OptimisersAdaptExt
   2110.6 ms  ✓ Optimisers → OptimisersEnzymeCoreExt
   2500.4 ms  ✓ InverseFunctions → InverseFunctionsTestExt
   3103.8 ms  ✓ BangBang
   2803.1 ms  ✓ Accessors → TestExt
   3884.3 ms  ✓ SplittablesBase
   1806.6 ms  ✓ BangBang → BangBangTablesExt
   1870.1 ms  ✓ BangBang → BangBangChainRulesCoreExt
   1904.8 ms  ✓ BangBang → BangBangStructArraysExt
   2106.7 ms  ✓ MicroCollections
   5118.9 ms  ✓ AbstractFFTs → AbstractFFTsTestExt
  10398.4 ms  ✓ StatsBase
  32222.4 ms  ✓ StaticArrays
   2476.7 ms  ✓ StaticArrays → StaticArraysStatisticsExt
   2564.9 ms  ✓ Adapt → AdaptStaticArraysExt
   2570.5 ms  ✓ FillArrays → FillArraysStaticArraysExt
   2573.0 ms  ✓ ConstructionBase → ConstructionBaseStaticArraysExt
  14914.4 ms  ✓ ForwardDiff
   2758.8 ms  ✓ BangBang → BangBangStaticArraysExt
   2793.4 ms  ✓ Accessors → StaticArraysExt
   1263.9 ms  ✓ ForwardDiff → ForwardDiffStaticArraysExt
   4494.8 ms  ✓ StaticArrays → StaticArraysChainRulesCoreExt
   4742.4 ms  ✓ StructArrays → StructArraysStaticArraysExt
  10394.1 ms  ✓ Transducers
   2274.3 ms  ✓ Transducers → TransducersAdaptExt
  17968.0 ms  ✓ ChainRules
  63186.3 ms  ✓ MLStyle
   1007.4 ms  ✓ MLDataDevices → ChainRulesExt
  10852.2 ms  ✓ KernelAbstractions
   1030.1 ms  ✓ KernelAbstractions → LinearAlgebraExt
   1150.7 ms  ✓ StructArrays → StructArraysGPUArraysCoreExt
   1166.5 ms  ✓ KernelAbstractions → EnzymeExt
   1229.0 ms  ✓ KernelAbstractions → SparseArraysExt
   3117.1 ms  ✓ JuliaVariables
   3421.2 ms  ✓ FLoops
   4678.6 ms  ✓ NNlib
   1083.5 ms  ✓ NNlib → NNlibForwardDiffExt
   1134.2 ms  ✓ NNlib → NNlibSpecialFunctionsExt
   1195.4 ms  ✓ NNlib → NNlibEnzymeCoreExt
   1256.3 ms  ✓ OneHotArrays
    703.8 ms  ✓ MLDataDevices → OneHotArraysExt
   6872.5 ms  ✓ MLUtils
   1268.8 ms  ✓ MLDataDevices → MLUtilsExt
  29424.5 ms  ✓ Zygote
   1142.4 ms  ✓ MLDataDevices → ZygoteExt
   7307.0 ms  ✓ Flux
  152 dependencies successfully precompiled in 100 seconds. 9 already precompiled.
	Command being timed: "nice -n -10 timeout -k120 -v 3600 julia +1.12.5 --project=F/Flux/Basic-Model-Gradient -e using Pkg; @time @eval Pkg.precompile()"
	User time (seconds): 481.43
	System time (seconds): 35.48
	Percent of CPU this job got: 275%
	Elapsed (wall clock) time (h:mm:ss or m:ss): 3:07.51
	Average shared text size (kbytes): 0
	Average unshared data size (kbytes): 0
	Average stack size (kbytes): 0
	Average total size (kbytes): 0
	Maximum resident set size (kbytes): 2147420
	Average resident set size (kbytes): 0
	Major (requiring I/O) page faults: 450
	Minor (reclaiming a frame) page faults: 9060341
	Voluntary context switches: 24257
	Involuntary context switches: 57685
	Swaps: 0
	File system inputs: 5664
	File system outputs: 815512
	Socket messages sent: 0
	Socket messages received: 0
	Signals delivered: 0
	Page size (bytes): 4096
	Exit status: 0
