nice: cannot set niceness: Permission denied
Precompiling packages...
  72761.3 ms  ✓ Pkg (serial)
  1 dependency successfully precompiled in 73 seconds
Precompiling packages...
   2361.5 ms  ✓ DataValueInterfaces
   2463.3 ms  ✓ DefineSingletons
   2460.4 ms  ✓ RealDot
   2567.4 ms  ✓ Unicode
   2513.7 ms  ✓ Reexport
   2749.3 ms  ✓ OpenLibm_jll
   3359.1 ms  ✓ AbstractFFTs
   3503.8 ms  ✓ InverseFunctions
   3603.0 ms  ✓ Statistics
   3868.5 ms  ✓ Serialization
   3829.1 ms  ✓ DocStringExtensions
   4433.9 ms  ✓ EnzymeCore
   2498.8 ms  ✓ IteratorInterfaceExtensions
   5362.8 ms  ✓ FillArrays
   3000.1 ms  ✓ PrettyPrint
   2809.5 ms  ✓ ArgCheck
   3090.0 ms  ✓ DataAPI
   2897.2 ms  ✓ StatsAPI
   3008.7 ms  ✓ CompilerSupportLibraries_jll
   3191.4 ms  ✓ ProgressLogging
   3171.2 ms  ✓ SuiteSparse_jll
   3000.0 ms  ✓ Mmap
   2696.3 ms  ✓ CompositionsBase
   2603.0 ms  ✓ Future
   2592.0 ms  ✓ PtrArrays
   3003.3 ms  ✓ SciMLPublic
   2668.9 ms  ✓ HashArrayMappedTries
   3090.7 ms  ✓ StaticArraysCore
  11064.5 ms  ✓ OrderedCollections
   5770.9 ms  ✓ InitialValues
   4104.7 ms  ✓ Requires
   3712.8 ms  ✓ Preferences
   9709.6 ms  ✓ ConstructionBase
   2897.3 ms  ✓ InverseFunctions → InverseFunctionsDatesExt
   2693.6 ms  ✓ TableTraits
   2602.1 ms  ✓ FillArrays → FillArraysStatisticsExt
  10598.5 ms  ✓ ShowCases
   2596.3 ms  ✓ NameResolution
   7396.7 ms  ✓ Baselet
  14408.8 ms  ✓ IrrationalConstants
  12504.6 ms  ✓ UnsafeAtomics
   2574.5 ms  ✓ CompositionsBase → CompositionsBaseInverseFunctionsExt
   3743.0 ms  ✓ DelimitedFiles
   2393.2 ms  ✓ DiffResults
   2794.7 ms  ✓ ScopedValues
   2934.3 ms  ✓ AliasTables
   2995.1 ms  ✓ Adapt
   2998.7 ms  ✓ PrecompileTools
  10189.0 ms  ✓ Compat
   2560.7 ms  ✓ ConstructionBase → ConstructionBaseLinearAlgebraExt
   9988.8 ms  ✓ NaNMath
   3240.9 ms  ✓ JLLWrappers
   2900.3 ms  ✓ Atomix
   3413.1 ms  ✓ LogExpFunctions
   2394.2 ms  ✓ EnzymeCore → AdaptExt
   2902.6 ms  ✓ GPUArraysCore
   8763.6 ms  ✓ Missings
   2042.4 ms  ✓ Compat → CompatLinearAlgebraExt
  13010.8 ms  ✓ InteractiveUtils
   7812.3 ms  ✓ DataStructures
   2192.0 ms  ✓ LogExpFunctions → LogExpFunctionsInverseFunctionsExt
  17894.4 ms  ✓ MacroTools
   3382.0 ms  ✓ OpenSpecFun_jll
   2888.5 ms  ✓ ContextVariablesX
   2991.1 ms  ✓ SortingAlgorithms
   3299.5 ms  ✓ CommonSubexpressions
  16672.6 ms  ✓ Distributed
   9876.0 ms  ✓ Tables
   2698.2 ms  ✓ FLoopsBase
   4397.6 ms  ✓ SimpleTraits
   5220.9 ms  ✓ Setfield
   8135.9 ms  ✓ Functors
   3100.4 ms  ✓ MLCore
   9883.1 ms  ✓ ChainRulesCore
   3012.4 ms  ✓ MLDataDevices
  10110.3 ms  ✓ SpecialFunctions
   2300.5 ms  ✓ AbstractFFTs → AbstractFFTsChainRulesCoreExt
   2307.1 ms  ✓ EnzymeCore → EnzymeCoreChainRulesCoreExt
  10497.6 ms  ✓ IRTools
   7301.6 ms  ✓ StructArrays
   3800.0 ms  ✓ ZygoteRules
   2236.3 ms  ✓ MLDataDevices → FillArraysExt
  23284.0 ms  ✓ SparseArrays
   3105.3 ms  ✓ MLDataDevices → ChainRulesCoreExt
  13094.1 ms  ✓ Accessors
   2417.4 ms  ✓ StructArrays → StructArraysAdaptExt
   3288.6 ms  ✓ DiffRules
   2914.0 ms  ✓ StructArrays → StructArraysLinearAlgebraExt
   6990.6 ms  ✓ LogExpFunctions → LogExpFunctionsChainRulesCoreExt
   3374.5 ms  ✓ SuiteSparse
   3401.3 ms  ✓ Statistics → SparseArraysExt
   2695.7 ms  ✓ Accessors → StructArraysExt
   3613.1 ms  ✓ Adapt → AdaptSparseArraysExt
   3894.7 ms  ✓ FillArrays → FillArraysSparseArraysExt
   3015.5 ms  ✓ Accessors → LinearAlgebraExt
   3878.4 ms  ✓ MLDataDevices → SparseArraysExt
   3798.2 ms  ✓ StructArrays → StructArraysSparseArraysExt
  19863.0 ms  ✓ Test
   8202.0 ms  ✓ SpecialFunctions → SpecialFunctionsChainRulesCoreExt
   2597.7 ms  ✓ SparseInverseSubset
  10803.0 ms  ✓ Optimisers
   3002.4 ms  ✓ BangBang
   7200.6 ms  ✓ ChainRulesCore → ChainRulesCoreSparseArraysExt
   2330.9 ms  ✓ InverseFunctions → InverseFunctionsTestExt
   2923.0 ms  ✓ Accessors → TestExt
   2299.3 ms  ✓ Optimisers → OptimisersAdaptExt
   2309.7 ms  ✓ Optimisers → OptimisersEnzymeCoreExt
   2186.6 ms  ✓ BangBang → BangBangChainRulesCoreExt
   2192.8 ms  ✓ BangBang → BangBangTablesExt
   2258.6 ms  ✓ BangBang → BangBangStructArraysExt
   2306.5 ms  ✓ MicroCollections
   3819.6 ms  ✓ SplittablesBase
   4306.7 ms  ✓ AbstractFFTs → AbstractFFTsTestExt
   8813.3 ms  ✓ StatsBase
  29352.9 ms  ✓ StaticArrays
   1735.3 ms  ✓ StaticArrays → StaticArraysStatisticsExt
   1926.5 ms  ✓ Accessors → StaticArraysExt
  12894.1 ms  ✓ ForwardDiff
   2044.6 ms  ✓ Adapt → AdaptStaticArraysExt
   2155.0 ms  ✓ ConstructionBase → ConstructionBaseStaticArraysExt
   2339.9 ms  ✓ BangBang → BangBangStaticArraysExt
   1112.9 ms  ✓ ForwardDiff → ForwardDiffStaticArraysExt
   3483.4 ms  ✓ StaticArrays → StaticArraysChainRulesCoreExt
   3730.0 ms  ✓ StructArrays → StructArraysStaticArraysExt
   7175.0 ms  ✓ Transducers
   2225.1 ms  ✓ Transducers → TransducersAdaptExt
  14730.8 ms  ✓ ChainRules
   8442.1 ms  ✓ KernelAbstractions
  58599.9 ms  ✓ MLStyle
   1439.6 ms  ✓ MLDataDevices → ChainRulesExt
   1016.0 ms  ✓ KernelAbstractions → LinearAlgebraExt
   1071.7 ms  ✓ StructArrays → StructArraysGPUArraysCoreExt
   1075.5 ms  ✓ KernelAbstractions → EnzymeExt
   1210.2 ms  ✓ KernelAbstractions → SparseArraysExt
   2135.4 ms  ✓ JuliaVariables
   3983.2 ms  ✓ NNlib
   3196.8 ms  ✓ FLoops
    953.2 ms  ✓ NNlib → NNlibSpecialFunctionsExt
   1030.5 ms  ✓ NNlib → NNlibForwardDiffExt
   1090.5 ms  ✓ NNlib → NNlibEnzymeCoreExt
   1146.2 ms  ✓ OneHotArrays
    643.7 ms  ✓ MLDataDevices → OneHotArraysExt
   5424.9 ms  ✓ MLUtils
   1165.1 ms  ✓ MLDataDevices → MLUtilsExt
  24413.3 ms  ✓ Zygote
   1041.5 ms  ✓ MLDataDevices → ZygoteExt
   6099.4 ms  ✓ Flux
  147 dependencies successfully precompiled in 89 seconds. 9 already precompiled.
	Command being timed: "nice -n -10 timeout -k120 -v 3600 julia +release --project=F/Flux/Basic-Model-Gradient -e using Pkg; @time @eval Pkg.precompile()"
	User time (seconds): 417.08
	System time (seconds): 35.55
	Percent of CPU this job got: 278%
	Elapsed (wall clock) time (h:mm:ss or m:ss): 2:42.47
	Average shared text size (kbytes): 0
	Average unshared data size (kbytes): 0
	Average stack size (kbytes): 0
	Average total size (kbytes): 0
	Maximum resident set size (kbytes): 2133380
	Average resident set size (kbytes): 0
	Major (requiring I/O) page faults: 488
	Minor (reclaiming a frame) page faults: 8857721
	Voluntary context switches: 26058
	Involuntary context switches: 32985
	Swaps: 0
	File system inputs: 0
	File system outputs: 812944
	Socket messages sent: 0
	Socket messages received: 0
	Signals delivered: 0
	Page size (bytes): 4096
	Exit status: 0
