nice: cannot set niceness: Permission denied
Precompiling packages...
  72506.5 ms  ✓ Pkg (serial)
  1 dependency successfully precompiled in 73 seconds
Precompiling packages...
   2290.9 ms  ✓ DataValueInterfaces
   2451.2 ms  ✓ Reexport
   2500.8 ms  ✓ DefineSingletons
   2554.4 ms  ✓ RealDot
   2622.2 ms  ✓ OpenLibm_jll
   2685.6 ms  ✓ Unicode
   3250.7 ms  ✓ InverseFunctions
   3374.3 ms  ✓ AbstractFFTs
   3662.8 ms  ✓ Statistics
   3704.3 ms  ✓ DocStringExtensions
   3816.1 ms  ✓ EnzymeCore
   3991.1 ms  ✓ Serialization
   2405.8 ms  ✓ IteratorInterfaceExtensions
   5188.2 ms  ✓ FillArrays
   2794.0 ms  ✓ PrettyPrint
   2813.1 ms  ✓ ArgCheck
   2937.5 ms  ✓ DataAPI
   2709.7 ms  ✓ StatsAPI
   2940.3 ms  ✓ CompilerSupportLibraries_jll
   3194.7 ms  ✓ ProgressLogging
   3002.2 ms  ✓ Mmap
   3194.2 ms  ✓ SuiteSparse_jll
   2501.9 ms  ✓ CompositionsBase
   2398.4 ms  ✓ Future
   2398.2 ms  ✓ PtrArrays
   3305.1 ms  ✓ SciMLPublic
   2604.9 ms  ✓ HashArrayMappedTries
   2895.2 ms  ✓ StaticArraysCore
   2693.6 ms  ✓ CompositionsBase → CompositionsBaseInverseFunctionsExt
  10490.5 ms  ✓ OrderedCollections
   5192.0 ms  ✓ InitialValues
   4497.0 ms  ✓ Requires
   9606.4 ms  ✓ ConstructionBase
   2597.4 ms  ✓ InverseFunctions → InverseFunctionsDatesExt
   2908.3 ms  ✓ ScopedValues
   2507.9 ms  ✓ TableTraits
   2610.0 ms  ✓ FillArrays → FillArraysStatisticsExt
   3951.4 ms  ✓ Preferences
  13390.1 ms  ✓ IrrationalConstants
   2905.6 ms  ✓ NameResolution
   6695.6 ms  ✓ Baselet
  10475.7 ms  ✓ ShowCases
  11620.1 ms  ✓ UnsafeAtomics
   3287.9 ms  ✓ DelimitedFiles
   2633.6 ms  ✓ DiffResults
   3010.8 ms  ✓ AliasTables
   2414.5 ms  ✓ ConstructionBase → ConstructionBaseLinearAlgebraExt
   2694.8 ms  ✓ Adapt
   2581.1 ms  ✓ PrecompileTools
  10290.2 ms  ✓ Compat
   3000.0 ms  ✓ JLLWrappers
   2201.0 ms  ✓ EnzymeCore → AdaptExt
   2780.0 ms  ✓ Atomix
   3419.2 ms  ✓ LogExpFunctions
   3096.2 ms  ✓ GPUArraysCore
   2012.3 ms  ✓ Compat → CompatLinearAlgebraExt
   8692.7 ms  ✓ Missings
  12597.1 ms  ✓ InteractiveUtils
   8504.0 ms  ✓ NaNMath
   2923.7 ms  ✓ OpenSpecFun_jll
   1978.0 ms  ✓ LogExpFunctions → LogExpFunctionsInverseFunctionsExt
   8616.8 ms  ✓ DataStructures
   2088.3 ms  ✓ ContextVariablesX
  17895.8 ms  ✓ MacroTools
  10306.9 ms  ✓ Tables
   2692.8 ms  ✓ FLoopsBase
   2981.7 ms  ✓ SortingAlgorithms
   2909.9 ms  ✓ CommonSubexpressions
   3878.0 ms  ✓ SimpleTraits
  14393.4 ms  ✓ Distributed
   5003.6 ms  ✓ Setfield
   7883.1 ms  ✓ Functors
   9286.6 ms  ✓ ChainRulesCore
   2916.2 ms  ✓ MLDataDevices
   4908.0 ms  ✓ MLCore
  10791.0 ms  ✓ SpecialFunctions
   2292.6 ms  ✓ AbstractFFTs → AbstractFFTsChainRulesCoreExt
   7904.3 ms  ✓ StructArrays
   2497.2 ms  ✓ EnzymeCore → EnzymeCoreChainRulesCoreExt
   3996.2 ms  ✓ ZygoteRules
   2612.8 ms  ✓ MLDataDevices → FillArraysExt
   2899.6 ms  ✓ MLDataDevices → ChainRulesCoreExt
   2122.2 ms  ✓ StructArrays → StructArraysAdaptExt
  11501.1 ms  ✓ IRTools
   2289.2 ms  ✓ StructArrays → StructArraysLinearAlgebraExt
   2511.9 ms  ✓ DiffRules
  22525.9 ms  ✓ SparseArrays
   6300.6 ms  ✓ LogExpFunctions → LogExpFunctionsChainRulesCoreExt
  14095.0 ms  ✓ Accessors
   2980.9 ms  ✓ SuiteSparse
   3082.9 ms  ✓ Statistics → SparseArraysExt
   3438.3 ms  ✓ Adapt → AdaptSparseArraysExt
   3671.8 ms  ✓ FillArrays → FillArraysSparseArraysExt
   3703.1 ms  ✓ MLDataDevices → SparseArraysExt
   4404.7 ms  ✓ StructArrays → StructArraysSparseArraysExt
   2618.1 ms  ✓ Accessors → StructArraysExt
   7706.8 ms  ✓ SpecialFunctions → SpecialFunctionsChainRulesCoreExt
  19395.6 ms  ✓ Test
   3299.5 ms  ✓ Accessors → LinearAlgebraExt
   3088.9 ms  ✓ SparseInverseSubset
  11127.6 ms  ✓ Optimisers
   2209.8 ms  ✓ Accessors → TestExt
   2325.1 ms  ✓ InverseFunctions → InverseFunctionsTestExt
   7449.3 ms  ✓ ChainRulesCore → ChainRulesCoreSparseArraysExt
   1375.1 ms  ✓ Optimisers → OptimisersEnzymeCoreExt
   1431.7 ms  ✓ Optimisers → OptimisersAdaptExt
   2313.2 ms  ✓ BangBang
   3119.8 ms  ✓ SplittablesBase
   1304.4 ms  ✓ BangBang → BangBangChainRulesCoreExt
   1482.2 ms  ✓ BangBang → BangBangTablesExt
   1498.1 ms  ✓ BangBang → BangBangStructArraysExt
   4411.3 ms  ✓ AbstractFFTs → AbstractFFTsTestExt
   1679.9 ms  ✓ MicroCollections
  29435.8 ms  ✓ StaticArrays
   8584.5 ms  ✓ StatsBase
  13086.9 ms  ✓ ForwardDiff
   1888.7 ms  ✓ Adapt → AdaptStaticArraysExt
   1974.0 ms  ✓ StaticArrays → StaticArraysStatisticsExt
   2074.7 ms  ✓ ConstructionBase → ConstructionBaseStaticArraysExt
   2171.7 ms  ✓ Accessors → StaticArraysExt
   2254.6 ms  ✓ BangBang → BangBangStaticArraysExt
   1501.5 ms  ✓ ForwardDiff → ForwardDiffStaticArraysExt
   3584.5 ms  ✓ StaticArrays → StaticArraysChainRulesCoreExt
   3872.6 ms  ✓ StructArrays → StructArraysStaticArraysExt
   8401.1 ms  ✓ Transducers
   1901.0 ms  ✓ Transducers → TransducersAdaptExt
  56299.0 ms  ✓ MLStyle
  14774.7 ms  ✓ ChainRules
   8932.1 ms  ✓ KernelAbstractions
   1100.4 ms  ✓ MLDataDevices → ChainRulesExt
   1063.3 ms  ✓ KernelAbstractions → LinearAlgebraExt
   1148.1 ms  ✓ KernelAbstractions → EnzymeExt
   1154.9 ms  ✓ StructArrays → StructArraysGPUArraysCoreExt
   1266.8 ms  ✓ KernelAbstractions → SparseArraysExt
   2775.9 ms  ✓ JuliaVariables
   2818.7 ms  ✓ FLoops
   3963.9 ms  ✓ NNlib
    930.7 ms  ✓ NNlib → NNlibSpecialFunctionsExt
   1028.8 ms  ✓ NNlib → NNlibForwardDiffExt
   1050.3 ms  ✓ NNlib → NNlibEnzymeCoreExt
   1110.5 ms  ✓ OneHotArrays
    645.3 ms  ✓ MLDataDevices → OneHotArraysExt
   5663.5 ms  ✓ MLUtils
   1180.1 ms  ✓ MLDataDevices → MLUtilsExt
  23871.3 ms  ✓ Zygote
   1037.2 ms  ✓ MLDataDevices → ZygoteExt
   6096.9 ms  ✓ Flux
  147 dependencies successfully precompiled in 88 seconds. 9 already precompiled.
	Command being timed: "nice -n -10 timeout -k120 -v 3600 julia +1.12.4 --project=F/Flux/Basic-Model-Gradient -e using Pkg; @time @eval Pkg.precompile()"
	User time (seconds): 412.30
	System time (seconds): 34.14
	Percent of CPU this job got: 276%
	Elapsed (wall clock) time (h:mm:ss or m:ss): 2:41.24
	Average shared text size (kbytes): 0
	Average unshared data size (kbytes): 0
	Average stack size (kbytes): 0
	Average total size (kbytes): 0
	Maximum resident set size (kbytes): 2095632
	Average resident set size (kbytes): 0
	Major (requiring I/O) page faults: 608
	Minor (reclaiming a frame) page faults: 8865086
	Voluntary context switches: 26092
	Involuntary context switches: 28945
	Swaps: 0
	File system inputs: 0
	File system outputs: 812400
	Socket messages sent: 0
	Socket messages received: 0
	Signals delivered: 0
	Page size (bytes): 4096
	Exit status: 0
