nice: cannot set niceness: Permission denied
Precompiling packages...
  72922.6 ms  ✓ Pkg (serial)
  1 dependency successfully precompiled in 73 seconds
Precompiling packages...
   2265.1 ms  ✓ DataValueInterfaces
   2380.2 ms  ✓ RealDot
   2468.5 ms  ✓ DefineSingletons
   2479.9 ms  ✓ Unicode
   2527.6 ms  ✓ OpenLibm_jll
   2651.8 ms  ✓ Reexport
   3166.1 ms  ✓ InverseFunctions
   3359.1 ms  ✓ AbstractFFTs
   3461.1 ms  ✓ Statistics
   3801.9 ms  ✓ DocStringExtensions
   4008.0 ms  ✓ EnzymeCore
   4133.1 ms  ✓ Serialization
   2687.2 ms  ✓ IteratorInterfaceExtensions
   5169.2 ms  ✓ FillArrays
   2805.7 ms  ✓ PrettyPrint
   2765.1 ms  ✓ ArgCheck
   2854.5 ms  ✓ StatsAPI
   3025.5 ms  ✓ CompilerSupportLibraries_jll
   2997.7 ms  ✓ ProgressLogging
   2831.3 ms  ✓ Mmap
   3000.9 ms  ✓ SuiteSparse_jll
   2598.2 ms  ✓ CompositionsBase
   2516.0 ms  ✓ Future
   2540.0 ms  ✓ PtrArrays
   2905.2 ms  ✓ SciMLPublic
   2697.7 ms  ✓ StaticArraysCore
   2610.8 ms  ✓ HashArrayMappedTries
  10785.0 ms  ✓ OrderedCollections
   5200.1 ms  ✓ InitialValues
   9397.5 ms  ✓ ConstructionBase
   3800.7 ms  ✓ Preferences
   2589.3 ms  ✓ InverseFunctions → InverseFunctionsDatesExt
   2715.4 ms  ✓ DataAPI
   4515.2 ms  ✓ Requires
  10428.6 ms  ✓ Compat
  10395.5 ms  ✓ ShowCases
   2537.1 ms  ✓ TableTraits
  11402.2 ms  ✓ UnsafeAtomics
   7099.3 ms  ✓ Baselet
   2602.5 ms  ✓ FillArrays → FillArraysStatisticsExt
  14201.4 ms  ✓ IrrationalConstants
   2560.2 ms  ✓ NameResolution
   3136.9 ms  ✓ CompositionsBase → CompositionsBaseInverseFunctionsExt
   3310.5 ms  ✓ DelimitedFiles
   3301.8 ms  ✓ AliasTables
   2608.9 ms  ✓ DiffResults
   2597.6 ms  ✓ ScopedValues
   2695.4 ms  ✓ ConstructionBase → ConstructionBaseLinearAlgebraExt
   2706.6 ms  ✓ PrecompileTools
   3090.9 ms  ✓ JLLWrappers
   2491.7 ms  ✓ Compat → CompatLinearAlgebraExt
   2693.3 ms  ✓ Adapt
   8897.1 ms  ✓ NaNMath
   2798.2 ms  ✓ Atomix
   3393.7 ms  ✓ LogExpFunctions
   2799.0 ms  ✓ ContextVariablesX
   3663.9 ms  ✓ OpenSpecFun_jll
  13488.6 ms  ✓ InteractiveUtils
   2603.8 ms  ✓ EnzymeCore → AdaptExt
   3410.5 ms  ✓ GPUArraysCore
   2305.4 ms  ✓ LogExpFunctions → LogExpFunctionsInverseFunctionsExt
   8988.4 ms  ✓ DataStructures
   2497.0 ms  ✓ FLoopsBase
  18294.3 ms  ✓ MacroTools
   9539.7 ms  ✓ Missings
   2895.8 ms  ✓ SortingAlgorithms
   2803.0 ms  ✓ CommonSubexpressions
  15902.9 ms  ✓ Distributed
  10615.3 ms  ✓ Tables
   8799.1 ms  ✓ Functors
   3917.0 ms  ✓ SimpleTraits
   4811.5 ms  ✓ Setfield
  10919.4 ms  ✓ ChainRulesCore
   2820.4 ms  ✓ MLDataDevices
   2103.6 ms  ✓ AbstractFFTs → AbstractFFTsChainRulesCoreExt
   4666.6 ms  ✓ MLCore
   3098.7 ms  ✓ ZygoteRules
   2294.3 ms  ✓ MLDataDevices → MLDataDevicesFillArraysExt
  11255.6 ms  ✓ SpecialFunctions
   2588.4 ms  ✓ MLDataDevices → MLDataDevicesChainRulesCoreExt
   6983.8 ms  ✓ StructArrays
   5009.3 ms  ✓ LogExpFunctions → LogExpFunctionsChainRulesCoreExt
  10717.3 ms  ✓ IRTools
   1888.4 ms  ✓ DiffRules
  22404.9 ms  ✓ SparseArrays
  12162.6 ms  ✓ Accessors
   2106.9 ms  ✓ StructArrays → StructArraysAdaptExt
   2495.7 ms  ✓ StructArrays → StructArraysLinearAlgebraExt
   2697.9 ms  ✓ SuiteSparse
   3296.2 ms  ✓ StructArrays → StructArraysSparseArraysExt
   3448.9 ms  ✓ Statistics → SparseArraysExt
   3403.5 ms  ✓ Adapt → AdaptSparseArraysExt
   3597.1 ms  ✓ FillArrays → FillArraysSparseArraysExt
   2831.0 ms  ✓ Accessors → LinearAlgebraExt
   2609.6 ms  ✓ Accessors → StructArraysExt
   4189.9 ms  ✓ MLDataDevices → MLDataDevicesSparseArraysExt
  10177.8 ms  ✓ Optimisers
   7088.2 ms  ✓ SpecialFunctions → SpecialFunctionsChainRulesCoreExt
   2702.3 ms  ✓ SparseInverseSubset
  18922.9 ms  ✓ Test
   1912.8 ms  ✓ Optimisers → OptimisersEnzymeCoreExt
   2099.6 ms  ✓ Optimisers → OptimisersAdaptExt
   3011.4 ms  ✓ BangBang
   7716.6 ms  ✓ ChainRulesCore → ChainRulesCoreSparseArraysExt
   2212.8 ms  ✓ Accessors → TestExt
   2384.6 ms  ✓ InverseFunctions → InverseFunctionsTestExt
   1808.8 ms  ✓ BangBang → BangBangChainRulesCoreExt
   1900.5 ms  ✓ BangBang → BangBangStructArraysExt
   1991.3 ms  ✓ BangBang → BangBangTablesExt
   2107.0 ms  ✓ MicroCollections
   3318.1 ms  ✓ SplittablesBase
   4007.5 ms  ✓ AbstractFFTs → AbstractFFTsTestExt
   8248.9 ms  ✓ StatsBase
  29517.0 ms  ✓ StaticArrays
  12495.4 ms  ✓ ForwardDiff
   1972.6 ms  ✓ Adapt → AdaptStaticArraysExt
   1983.6 ms  ✓ ConstructionBase → ConstructionBaseStaticArraysExt
   1985.4 ms  ✓ StaticArrays → StaticArraysStatisticsExt
   2062.9 ms  ✓ BangBang → BangBangStaticArraysExt
   2065.4 ms  ✓ Accessors → StaticArraysExt
   2087.1 ms  ✓ ForwardDiff → ForwardDiffStaticArraysExt
   3475.7 ms  ✓ StaticArrays → StaticArraysChainRulesCoreExt
   3868.5 ms  ✓ StructArrays → StructArraysStaticArraysExt
   7392.2 ms  ✓ Transducers
   2003.7 ms  ✓ Transducers → TransducersAdaptExt
  13775.0 ms  ✓ ChainRules
  56384.5 ms  ✓ MLStyle
   8638.6 ms  ✓ KernelAbstractions
   1083.0 ms  ✓ MLDataDevices → MLDataDevicesChainRulesExt
    898.1 ms  ✓ KernelAbstractions → LinearAlgebraExt
    963.5 ms  ✓ StructArrays → StructArraysGPUArraysCoreExt
    996.7 ms  ✓ KernelAbstractions → EnzymeExt
   1082.1 ms  ✓ KernelAbstractions → SparseArraysExt
   2617.1 ms  ✓ JuliaVariables
   2821.6 ms  ✓ FLoops
   4000.9 ms  ✓ NNlib
    951.2 ms  ✓ NNlib → NNlibSpecialFunctionsExt
    984.5 ms  ✓ NNlib → NNlibForwardDiffExt
   1060.9 ms  ✓ NNlib → NNlibEnzymeCoreExt
   1119.8 ms  ✓ OneHotArrays
    643.2 ms  ✓ MLDataDevices → MLDataDevicesOneHotArraysExt
   5715.0 ms  ✓ MLUtils
   1181.6 ms  ✓ MLDataDevices → MLDataDevicesMLUtilsExt
  24219.8 ms  ✓ Zygote
   1028.5 ms  ✓ MLDataDevices → MLDataDevicesZygoteExt
   6121.6 ms  ✓ Flux
  146 dependencies successfully precompiled in 88 seconds. 9 already precompiled.
	Command being timed: "nice -n -10 timeout -k120 -v 3600 julia +release --project=F/Flux/Basic-Model-Gradient -e using Pkg; @time @eval Pkg.precompile()"
	User time (seconds): 412.94
	System time (seconds): 33.97
	Percent of CPU this job got: 277%
	Elapsed (wall clock) time (h:mm:ss or m:ss): 2:41.17
	Average shared text size (kbytes): 0
	Average unshared data size (kbytes): 0
	Average stack size (kbytes): 0
	Average total size (kbytes): 0
	Maximum resident set size (kbytes): 2094612
	Average resident set size (kbytes): 0
	Major (requiring I/O) page faults: 445
	Minor (reclaiming a frame) page faults: 8805869
	Voluntary context switches: 24828
	Involuntary context switches: 30499
	Swaps: 0
	File system inputs: 0
	File system outputs: 809408
	Socket messages sent: 0
	Socket messages received: 0
	Signals delivered: 0
	Page size (bytes): 4096
	Exit status: 0
