nice: cannot set niceness: Permission denied
Precompiling packages...
    425.1 ms  ✓ Reexport
    479.5 ms  ✓ DataAPI
    609.9 ms  ✓ Statistics
    585.2 ms  ✓ ConstructionBase
    898.8 ms  ✓ SciMLPublic
   1373.6 ms  ✓ Baselet
    493.4 ms  ✓ RealDot
    500.9 ms  ✓ DataValueInterfaces
    552.9 ms  ✓ PrettyPrint
   1371.1 ms  ✓ IrrationalConstants
    595.0 ms  ✓ StaticArraysCore
    515.2 ms  ✓ StatsAPI
    789.3 ms  ✓ Requires
    997.5 ms  ✓ SuiteSparse_jll
    727.8 ms  ✓ EnzymeCore
    437.9 ms  ✓ Future
    668.8 ms  ✓ OrderedCollections
    534.6 ms  ✓ InverseFunctions
   1964.4 ms  ✓ UnsafeAtomics
    509.4 ms  ✓ HashArrayMappedTries
   1647.5 ms  ✓ ShowCases
    777.9 ms  ✓ ADTypes
    589.1 ms  ✓ CompositionsBase
    655.0 ms  ✓ ProgressLogging
   5696.6 ms  ✓ MacroTools
    862.4 ms  ✓ Serialization
    725.4 ms  ✓ DocStringExtensions
    492.8 ms  ✓ DefineSingletons
    621.4 ms  ✓ AbstractFFTs
    505.7 ms  ✓ Unicode
    528.5 ms  ✓ ArgCheck
   1294.4 ms  ✓ InitialValues
    464.3 ms  ✓ PtrArrays
    787.5 ms  ✓ OpenLibm_jll
    534.5 ms  ✓ Mmap
   1129.7 ms  ✓ FillArrays
    446.7 ms  ✓ IteratorInterfaceExtensions
    539.9 ms  ✓ Missings
    472.7 ms  ✓ ConstructionBase → ConstructionBaseLinearAlgebraExt
    490.4 ms  ✓ NameResolution
    509.8 ms  ✓ DiffResults
    525.3 ms  ✓ Adapt
   1399.2 ms  ✓ InteractiveUtils
    473.6 ms  ✓ ScopedValues
    430.9 ms  ✓ ADTypes → ADTypesConstructionBaseExt
   1062.2 ms  ✓ Atomix
    438.4 ms  ✓ ADTypes → ADTypesEnzymeCoreExt
    475.2 ms  ✓ CompositionsBase → CompositionsBaseInverseFunctionsExt
   1770.9 ms  ✓ DataStructures
    565.8 ms  ✓ CommonSubexpressions
    429.2 ms  ✓ InverseFunctions → InverseFunctionsDatesExt
    634.7 ms  ✓ LogExpFunctions
    601.8 ms  ✓ Compat
    491.9 ms  ✓ AliasTables
    569.6 ms  ✓ NaNMath
   2530.5 ms  ✓ Distributed
    500.4 ms  ✓ FillArrays → FillArraysStatisticsExt
    511.7 ms  ✓ DelimitedFiles
   2275.1 ms  ✓ Preferences
    463.9 ms  ✓ TableTraits
    605.1 ms  ✓ GPUArraysCore
    441.9 ms  ✓ EnzymeCore → AdaptExt
   4273.5 ms  ✓ SparseArrays
   1515.3 ms  ✓ Setfield
    784.8 ms  ✓ SimpleTraits
    546.4 ms  ✓ SortingAlgorithms
    454.0 ms  ✓ LogExpFunctions → LogExpFunctionsInverseFunctionsExt
   2083.1 ms  ✓ IRTools
    520.5 ms  ✓ Compat → CompatLinearAlgebraExt
    620.4 ms  ✓ PrecompileTools
    697.2 ms  ✓ JLLWrappers
    777.9 ms  ✓ Statistics → SparseArraysExt
   2925.7 ms  ✓ Accessors
   1160.4 ms  ✓ Tables
    702.8 ms  ✓ SuiteSparse
    837.2 ms  ✓ FillArrays → FillArraysSparseArraysExt
    734.0 ms  ✓ Adapt → AdaptSparseArraysExt
    612.8 ms  ✓ ContextVariablesX
    757.3 ms  ✓ Functors
   1789.0 ms  ✓ ChainRulesCore
    861.1 ms  ✓ OpenSpecFun_jll
    536.1 ms  ✓ Accessors → LinearAlgebraExt
    944.6 ms  ✓ StructArrays
   1059.4 ms  ✓ MLCore
   2913.1 ms  ✓ StatsBase
    865.6 ms  ✓ SparseInverseSubset
    770.7 ms  ✓ FLoopsBase
    844.7 ms  ✓ ChainRulesCore → ChainRulesCoreSparseArraysExt
   1108.2 ms  ✓ MLDataDevices
    966.7 ms  ✓ ZygoteRules
  11526.7 ms  ✓ Test
   1579.8 ms  ✓ Optimisers
    616.6 ms  ✓ EnzymeCore → EnzymeCoreChainRulesCoreExt
    582.6 ms  ✓ ADTypes → ADTypesChainRulesCoreExt
    607.3 ms  ✓ AbstractFFTs → AbstractFFTsChainRulesCoreExt
  23445.1 ms  ✓ MLStyle
    796.8 ms  ✓ BangBang
   1420.8 ms  ✓ LogExpFunctions → LogExpFunctionsChainRulesCoreExt
    627.0 ms  ✓ StructArrays → StructArraysSparseArraysExt
    490.6 ms  ✓ StructArrays → StructArraysLinearAlgebraExt
    469.9 ms  ✓ StructArrays → StructArraysAdaptExt
    510.9 ms  ✓ Accessors → StructArraysExt
    539.4 ms  ✓ MLDataDevices → FillArraysExt
    638.9 ms  ✓ MLDataDevices → SparseArraysExt
    607.5 ms  ✓ MLDataDevices → ChainRulesCoreExt
   2655.8 ms  ✓ SpecialFunctions
    698.3 ms  ✓ InverseFunctions → InverseFunctionsTestExt
    663.2 ms  ✓ Accessors → TestExt
    520.2 ms  ✓ Optimisers → OptimisersAdaptExt
   1008.3 ms  ✓ SplittablesBase
    567.3 ms  ✓ Optimisers → OptimisersEnzymeCoreExt
   1846.3 ms  ✓ AbstractFFTs → AbstractFFTsTestExt
    660.0 ms  ✓ BangBang → BangBangTablesExt
    622.0 ms  ✓ BangBang → BangBangStructArraysExt
    611.0 ms  ✓ BangBang → BangBangChainRulesCoreExt
    800.7 ms  ✓ MicroCollections
    782.5 ms  ✓ DiffRules
   3078.8 ms  ✓ JuliaVariables
   1985.0 ms  ✓ SpecialFunctions → SpecialFunctionsChainRulesCoreExt
   2551.1 ms  ✓ Transducers
  15588.9 ms  ✓ StaticArrays
    622.7 ms  ✓ Transducers → TransducersAdaptExt
    593.7 ms  ✓ StaticArrays → StaticArraysStatisticsExt
    646.0 ms  ✓ StaticArrays → StaticArraysChainRulesCoreExt
    628.7 ms  ✓ ConstructionBase → ConstructionBaseStaticArraysExt
   3305.5 ms  ✓ ForwardDiff
   5696.7 ms  ✓ ChainRules
    641.9 ms  ✓ Adapt → AdaptStaticArraysExt
    710.9 ms  ✓ FillArrays → FillArraysStaticArraysExt
    659.0 ms  ✓ Accessors → StaticArraysExt
    666.5 ms  ✓ StructArrays → StructArraysStaticArraysExt
    648.0 ms  ✓ BangBang → BangBangStaticArraysExt
    692.3 ms  ✓ ForwardDiff → ForwardDiffStaticArraysExt
    668.3 ms  ✓ MLDataDevices → ChainRulesExt
   3267.6 ms  ✓ FLoops
   3080.2 ms  ✓ KernelAbstractions
    684.1 ms  ✓ KernelAbstractions → LinearAlgebraExt
    716.1 ms  ✓ StructArrays → StructArraysGPUArraysCoreExt
    746.5 ms  ✓ KernelAbstractions → EnzymeExt
    833.6 ms  ✓ KernelAbstractions → SparseArraysExt
   3491.1 ms  ✓ NNlib
    748.7 ms  ✓ NNlib → NNlibSpecialFunctionsExt
    795.3 ms  ✓ NNlib → NNlibForwardDiffExt
    857.7 ms  ✓ NNlib → NNlibEnzymeCoreExt
    917.9 ms  ✓ OneHotArrays
    625.1 ms  ✓ MLDataDevices → OneHotArraysExt
   5106.7 ms  ✓ MLUtils
   1136.7 ms  ✓ MLDataDevices → MLUtilsExt
[0KInternal error: during type inference of
[0K_pullback(Zygote.Context{false}, typeof(Zygote.pow), Int64, Int64)
[0KEncountered unexpected error in runtime:
[0KTypeError(func=:typeassert, context="", expected=Union{Nothing, Array{Any, 1}, Core.SimpleVector}, got=Array{Core.MethodInstance, 1}(dims=(1,), mem=Memory{Core.MethodInstance}(1, 0x7a1542fc4780)[pow(Int64, Int64) from pow(Any, Any)]))
[0Kijl_type_error_rt at /cache/build/tester-amdci5-9/julialang/julia-master/src/rtutils.c:121
[0Kijl_type_error at /cache/build/tester-amdci5-9/julialang/julia-master/src/rtutils.c:140
[0Kcompute_edges! at ./../usr/share/julia/Compiler/src/typeinfer.jl:820
[0Kfinishinfer! at ./../usr/share/julia/Compiler/src/typeinfer.jl:668
[0Kfinish_nocycle at ./../usr/share/julia/Compiler/src/typeinfer.jl:275
[0Kjfptr_finish_nocycle_91279.1 at /root/.julia/juliaup/julia-nightly/lib/julia/sys.so (unknown line)
[0Ktypeinf at ./../usr/share/julia/Compiler/src/abstractinterpretation.jl:4576
[0Ktypeinf_ext at ./../usr/share/julia/Compiler/src/typeinfer.jl:1532
[0Ktypeinf_ext_toplevel at ./../usr/share/julia/Compiler/src/typeinfer.jl:1715 [inlined]
[0Ktypeinf_ext_toplevel at ./../usr/share/julia/Compiler/src/typeinfer.jl:1724
[0Kjfptr_typeinf_ext_toplevel_86492.1 at /root/.julia/juliaup/julia-nightly/lib/julia/sys.so (unknown line)
[0Kjl_apply at /cache/build/tester-amdci5-9/julialang/julia-master/src/julia.h:2285 [inlined]
[0Kjl_type_infer at /cache/build/tester-amdci5-9/julialang/julia-master/src/gf.c:467
[0Kjl_compile_method_internal at /cache/build/tester-amdci5-9/julialang/julia-master/src/gf.c:3640
[0K_jl_invoke at /cache/build/tester-amdci5-9/julialang/julia-master/src/gf.c:4112 [inlined]
[0Kijl_apply_generic at /cache/build/tester-amdci5-9/julialang/julia-master/src/gf.c:4317
[0Kjl_apply at /cache/build/tester-amdci5-9/julialang/julia-master/src/julia.h:2285 [inlined]
[0Kjl_f__apply_iterate at /cache/build/tester-amdci5-9/julialang/julia-master/src/builtins.c:876
[0Kpullback at /workdir/depot/packages/Zygote/55SqB/src/compiler/interface.jl:96
[0Kpullback at /workdir/depot/packages/Zygote/55SqB/src/compiler/interface.jl:94
[0Kunknown function (ip: 0x7a153b936ba0) at (unknown file)
[0Kjl_apply at /cache/build/tester-amdci5-9/julialang/julia-master/src/julia.h:2285 [inlined]
[0Kjl_f__apply_iterate at /cache/build/tester-amdci5-9/julialang/julia-master/src/builtins.c:876
[0Kgradient at /workdir/depot/packages/Zygote/55SqB/src/compiler/interface.jl:153
[0Kjl_apply at /cache/build/tester-amdci5-9/julialang/julia-master/src/julia.h:2285 [inlined]
[0Kdo_call at /cache/build/tester-amdci5-9/julialang/julia-master/src/interpreter.c:123
[0Keval_value at /cache/build/tester-amdci5-9/julialang/julia-master/src/interpreter.c:243
[0Keval_stmt_value at /cache/build/tester-amdci5-9/julialang/julia-master/src/interpreter.c:194 [inlined]
[0Keval_body at /cache/build/tester-amdci5-9/julialang/julia-master/src/interpreter.c:679
[0Kjl_interpret_toplevel_thunk at /cache/build/tester-amdci5-9/julialang/julia-master/src/interpreter.c:884
[0Ktop-level scope at /workdir/depot/packages/Zygote/55SqB/src/precompile.jl:17
[0Kijl_eval_thunk at /cache/build/tester-amdci5-9/julialang/julia-master/src/toplevel.c:765
[0Kjl_toplevel_eval_flex at /cache/build/tester-amdci5-9/julialang/julia-master/src/toplevel.c:712
[0Kjl_eval_toplevel_stmts at /cache/build/tester-amdci5-9/julialang/julia-master/src/toplevel.c:602
[0Kjl_toplevel_eval_flex at /cache/build/tester-amdci5-9/julialang/julia-master/src/toplevel.c:684
[0Kijl_toplevel_eval at /cache/build/tester-amdci5-9/julialang/julia-master/src/toplevel.c:779
[0Kijl_toplevel_eval_in at /cache/build/tester-amdci5-9/julialang/julia-master/src/toplevel.c:824
[0Keval at ./boot.jl:489
[0Kinclude_string at ./loading.jl:3130
[0K_include at ./loading.jl:3190
[0Kinclude at ./Base.jl:310
[0KIncludeInto at ./Base.jl:311
[0Kjfptr_IncludeInto_71535.1 at /root/.julia/juliaup/julia-nightly/lib/julia/sys.so (unknown line)
[0Kjl_apply at /cache/build/tester-amdci5-9/julialang/julia-master/src/julia.h:2285 [inlined]
[0Kdo_call at /cache/build/tester-amdci5-9/julialang/julia-master/src/interpreter.c:123
[0Keval_value at /cache/build/tester-amdci5-9/julialang/julia-master/src/interpreter.c:243
[0Keval_stmt_value at /cache/build/tester-amdci5-9/julialang/julia-master/src/interpreter.c:194 [inlined]
[0Keval_body at /cache/build/tester-amdci5-9/julialang/julia-master/src/interpreter.c:679
[0Keval_body at /cache/build/tester-amdci5-9/julialang/julia-master/src/interpreter.c:558
[0Kjl_interpret_toplevel_thunk at /cache/build/tester-amdci5-9/julialang/julia-master/src/interpreter.c:884
[0Kmacro expansion at /workdir/depot/packages/Zygote/55SqB/src/Zygote.jl:68 [inlined]
[0Kmacro expansion at /workdir/depot/packages/PrecompileTools/gn08A/src/workloads.jl:73 [inlined]
[0Ktop-level scope at /workdir/depot/packages/Zygote/55SqB/src/Zygote.jl:85
[0Kijl_eval_thunk at /cache/build/tester-amdci5-9/julialang/julia-master/src/toplevel.c:765
[0Kjl_toplevel_eval_flex at /cache/build/tester-amdci5-9/julialang/julia-master/src/toplevel.c:712
[0Kjl_eval_toplevel_stmts at /cache/build/tester-amdci5-9/julialang/julia-master/src/toplevel.c:602
[0Kjl_eval_module_expr at /cache/build/tester-amdci5-9/julialang/julia-master/src/toplevel.c:263 [inlined]
[0Kjl_toplevel_eval_flex at /cache/build/tester-amdci5-9/julialang/julia-master/src/toplevel.c:665
[0Kjl_eval_toplevel_stmts at /cache/build/tester-amdci5-9/julialang/julia-master/src/toplevel.c:602
[0Kjl_toplevel_eval_flex at /cache/build/tester-amdci5-9/julialang/julia-master/src/toplevel.c:684
[0Kijl_toplevel_eval at /cache/build/tester-amdci5-9/julialang/julia-master/src/toplevel.c:779
[0Kijl_toplevel_eval_in at /cache/build/tester-amdci5-9/julialang/julia-master/src/toplevel.c:824
[0Keval at ./boot.jl:489
[0Kinclude_string at ./loading.jl:3130
[0K_include at ./loading.jl:3190
[0Kinclude at ./Base.jl:309
[0Kinclude_package_for_output at ./loading.jl:3288
[0Kjfptr_include_package_for_output_45655.1 at /root/.julia/juliaup/julia-nightly/lib/julia/sys.so (unknown line)
[0Kjl_apply at /cache/build/tester-amdci5-9/julialang/julia-master/src/julia.h:2285 [inlined]
[0Kdo_call at /cache/build/tester-amdci5-9/julialang/julia-master/src/interpreter.c:123
[0Keval_value at /cache/build/tester-amdci5-9/julialang/julia-master/src/interpreter.c:243
[0Keval_stmt_value at /cache/build/tester-amdci5-9/julialang/julia-master/src/interpreter.c:194 [inlined]
[0Keval_body at /cache/build/tester-amdci5-9/julialang/julia-master/src/interpreter.c:679
[0Kjl_interpret_toplevel_thunk at /cache/build/tester-amdci5-9/julialang/julia-master/src/interpreter.c:884
[0Ktop-level scope at stdin:5
[0Kijl_eval_thunk at /cache/build/tester-amdci5-9/julialang/julia-master/src/toplevel.c:765
[0Kjl_toplevel_eval_flex at /cache/build/tester-amdci5-9/julialang/julia-master/src/toplevel.c:712
[0Kjl_eval_toplevel_stmts at /cache/build/tester-amdci5-9/julialang/julia-master/src/toplevel.c:602
[0Kjl_toplevel_eval_flex at /cache/build/tester-amdci5-9/julialang/julia-master/src/toplevel.c:684
[0Kijl_toplevel_eval at /cache/build/tester-amdci5-9/julialang/julia-master/src/toplevel.c:779
[0Kijl_toplevel_eval_in at /cache/build/tester-amdci5-9/julialang/julia-master/src/toplevel.c:824
[0Keval at ./boot.jl:489
[0Kinclude_string at ./loading.jl:3130
[0Kinclude_string at ./loading.jl:3140 [inlined]
[0Kexec_options at ./client.jl:342
[0K_start at ./client.jl:585
[0Kjfptr__start_76661.1 at /root/.julia/juliaup/julia-nightly/lib/julia/sys.so (unknown line)
[0Kjl_apply at /cache/build/tester-amdci5-9/julialang/julia-master/src/julia.h:2285 [inlined]
[0Ktrue_main at /cache/build/tester-amdci5-9/julialang/julia-master/src/jlapi.c:971
[0Kjl_repl_entrypoint at /cache/build/tester-amdci5-9/julialang/julia-master/src/jlapi.c:1138
[0Kmain at /cache/build/tester-amdci5-9/julialang/julia-master/cli/loader_exe.c:58
[0Kunknown function (ip: 0x7a156b677249) at /lib/x86_64-linux-gnu/libc.so.6
[0K__libc_start_main at /lib/x86_64-linux-gnu/libc.so.6 (unknown line)
[0Kunknown function (ip: 0x4010b8) at /workspace/srcdir/glibc-2.17/csu/../sysdeps/x86_64/start.S
[0KInternal error: during type inference of
[0K(::Zygote.var"#pullback##0#pullback##1"{Zygote.Pullback{Tuple{typeof(Zygote.pow), Int64, Int64}, Any}})(Int64)
[0KEncountered unexpected error in runtime:
[0KTypeError(func=:typeassert, context="", expected=Union{Nothing, Array{Any, 1}, Core.SimpleVector}, got=Array{Core.MethodInstance, 1}(dims=(1,), mem=Memory{Core.MethodInstance}(1, 0x7a154c109080)[pow(Int64, Int64) from pow(Any, Any)]))
[0Kijl_type_error_rt at /cache/build/tester-amdci5-9/julialang/julia-master/src/rtutils.c:121
[0Kijl_type_error at /cache/build/tester-amdci5-9/julialang/julia-master/src/rtutils.c:140
[0Kcompute_edges! at ./../usr/share/julia/Compiler/src/typeinfer.jl:820
[0Kfinishinfer! at ./../usr/share/julia/Compiler/src/typeinfer.jl:668
[0Kfinish_nocycle at ./../usr/share/julia/Compiler/src/typeinfer.jl:275
[0Kjfptr_finish_nocycle_91279.1 at /root/.julia/juliaup/julia-nightly/lib/julia/sys.so (unknown line)
[0Ktypeinf at ./../usr/share/julia/Compiler/src/abstractinterpretation.jl:4576
[0Ktypeinf_ext at ./../usr/share/julia/Compiler/src/typeinfer.jl:1532
[0Ktypeinf_ext_toplevel at ./../usr/share/julia/Compiler/src/typeinfer.jl:1715 [inlined]
[0Ktypeinf_ext_toplevel at ./../usr/share/julia/Compiler/src/typeinfer.jl:1724
[0Kjfptr_typeinf_ext_toplevel_86492.1 at /root/.julia/juliaup/julia-nightly/lib/julia/sys.so (unknown line)
[0Kjl_apply at /cache/build/tester-amdci5-9/julialang/julia-master/src/julia.h:2285 [inlined]
[0Kjl_type_infer at /cache/build/tester-amdci5-9/julialang/julia-master/src/gf.c:467
[0Kjl_compile_method_internal at /cache/build/tester-amdci5-9/julialang/julia-master/src/gf.c:3640
[0K_jl_invoke at /cache/build/tester-amdci5-9/julialang/julia-master/src/gf.c:4112 [inlined]
[0Kijl_apply_generic at /cache/build/tester-amdci5-9/julialang/julia-master/src/gf.c:4317
[0Kgradient at /workdir/depot/packages/Zygote/55SqB/src/compiler/interface.jl:154
[0Kjl_apply at /cache/build/tester-amdci5-9/julialang/julia-master/src/julia.h:2285 [inlined]
[0Kdo_call at /cache/build/tester-amdci5-9/julialang/julia-master/src/interpreter.c:123
[0Keval_value at /cache/build/tester-amdci5-9/julialang/julia-master/src/interpreter.c:243
[0Keval_stmt_value at /cache/build/tester-amdci5-9/julialang/julia-master/src/interpreter.c:194 [inlined]
[0Keval_body at /cache/build/tester-amdci5-9/julialang/julia-master/src/interpreter.c:679
[0Kjl_interpret_toplevel_thunk at /cache/build/tester-amdci5-9/julialang/julia-master/src/interpreter.c:884
[0Ktop-level scope at /workdir/depot/packages/Zygote/55SqB/src/precompile.jl:17
[0Kijl_eval_thunk at /cache/build/tester-amdci5-9/julialang/julia-master/src/toplevel.c:765
[0Kjl_toplevel_eval_flex at /cache/build/tester-amdci5-9/julialang/julia-master/src/toplevel.c:712
[0Kjl_eval_toplevel_stmts at /cache/build/tester-amdci5-9/julialang/julia-master/src/toplevel.c:602
[0Kjl_toplevel_eval_flex at /cache/build/tester-amdci5-9/julialang/julia-master/src/toplevel.c:684
[0Kijl_toplevel_eval at /cache/build/tester-amdci5-9/julialang/julia-master/src/toplevel.c:779
[0Kijl_toplevel_eval_in at /cache/build/tester-amdci5-9/julialang/julia-master/src/toplevel.c:824
[0Keval at ./boot.jl:489
[0Kinclude_string at ./loading.jl:3130
[0K_include at ./loading.jl:3190
[0Kinclude at ./Base.jl:310
[0KIncludeInto at ./Base.jl:311
[0Kjfptr_IncludeInto_71535.1 at /root/.julia/juliaup/julia-nightly/lib/julia/sys.so (unknown line)
[0Kjl_apply at /cache/build/tester-amdci5-9/julialang/julia-master/src/julia.h:2285 [inlined]
[0Kdo_call at /cache/build/tester-amdci5-9/julialang/julia-master/src/interpreter.c:123
[0Keval_value at /cache/build/tester-amdci5-9/julialang/julia-master/src/interpreter.c:243
[0Keval_stmt_value at /cache/build/tester-amdci5-9/julialang/julia-master/src/interpreter.c:194 [inlined]
[0Keval_body at /cache/build/tester-amdci5-9/julialang/julia-master/src/interpreter.c:679
[0Keval_body at /cache/build/tester-amdci5-9/julialang/julia-master/src/interpreter.c:558
[0Kjl_interpret_toplevel_thunk at /cache/build/tester-amdci5-9/julialang/julia-master/src/interpreter.c:884
[0Kmacro expansion at /workdir/depot/packages/Zygote/55SqB/src/Zygote.jl:68 [inlined]
[0Kmacro expansion at /workdir/depot/packages/PrecompileTools/gn08A/src/workloads.jl:73 [inlined]
[0Ktop-level scope at /workdir/depot/packages/Zygote/55SqB/src/Zygote.jl:85
[0Kijl_eval_thunk at /cache/build/tester-amdci5-9/julialang/julia-master/src/toplevel.c:765
[0Kjl_toplevel_eval_flex at /cache/build/tester-amdci5-9/julialang/julia-master/src/toplevel.c:712
[0Kjl_eval_toplevel_stmts at /cache/build/tester-amdci5-9/julialang/julia-master/src/toplevel.c:602
[0Kjl_eval_module_expr at /cache/build/tester-amdci5-9/julialang/julia-master/src/toplevel.c:263 [inlined]
[0Kjl_toplevel_eval_flex at /cache/build/tester-amdci5-9/julialang/julia-master/src/toplevel.c:665
[0Kjl_eval_toplevel_stmts at /cache/build/tester-amdci5-9/julialang/julia-master/src/toplevel.c:602
[0Kjl_toplevel_eval_flex at /cache/build/tester-amdci5-9/julialang/julia-master/src/toplevel.c:684
[0Kijl_toplevel_eval at /cache/build/tester-amdci5-9/julialang/julia-master/src/toplevel.c:779
[0Kijl_toplevel_eval_in at /cache/build/tester-amdci5-9/julialang/julia-master/src/toplevel.c:824
[0Keval at ./boot.jl:489
[0Kinclude_string at ./loading.jl:3130
[0K_include at ./loading.jl:3190
[0Kinclude at ./Base.jl:309
[0Kinclude_package_for_output at ./loading.jl:3288
[0Kjfptr_include_package_for_output_45655.1 at /root/.julia/juliaup/julia-nightly/lib/julia/sys.so (unknown line)
[0Kjl_apply at /cache/build/tester-amdci5-9/julialang/julia-master/src/julia.h:2285 [inlined]
[0Kdo_call at /cache/build/tester-amdci5-9/julialang/julia-master/src/interpreter.c:123
[0Keval_value at /cache/build/tester-amdci5-9/julialang/julia-master/src/interpreter.c:243
[0Keval_stmt_value at /cache/build/tester-amdci5-9/julialang/julia-master/src/interpreter.c:194 [inlined]
[0Keval_body at /cache/build/tester-amdci5-9/julialang/julia-master/src/interpreter.c:679
[0Kjl_interpret_toplevel_thunk at /cache/build/tester-amdci5-9/julialang/julia-master/src/interpreter.c:884
[0Ktop-level scope at stdin:5
[0Kijl_eval_thunk at /cache/build/tester-amdci5-9/julialang/julia-master/src/toplevel.c:765
[0Kjl_toplevel_eval_flex at /cache/build/tester-amdci5-9/julialang/julia-master/src/toplevel.c:712
[0Kjl_eval_toplevel_stmts at /cache/build/tester-amdci5-9/julialang/julia-master/src/toplevel.c:602
[0Kjl_toplevel_eval_flex at /cache/build/tester-amdci5-9/julialang/julia-master/src/toplevel.c:684
[0Kijl_toplevel_eval at /cache/build/tester-amdci5-9/julialang/julia-master/src/toplevel.c:779
[0Kijl_toplevel_eval_in at /cache/build/tester-amdci5-9/julialang/julia-master/src/toplevel.c:824
[0Keval at ./boot.jl:489
[0Kinclude_string at ./loading.jl:3130
[0Kinclude_string at ./loading.jl:3140 [inlined]
[0Kexec_options at ./client.jl:342
[0K_start at ./client.jl:585
[0Kjfptr__start_76661.1 at /root/.julia/juliaup/julia-nightly/lib/julia/sys.so (unknown line)
[0Kjl_apply at /cache/build/tester-amdci5-9/julialang/julia-master/src/julia.h:2285 [inlined]
[0Ktrue_main at /cache/build/tester-amdci5-9/julialang/julia-master/src/jlapi.c:971
[0Kjl_repl_entrypoint at /cache/build/tester-amdci5-9/julialang/julia-master/src/jlapi.c:1138
[0Kmain at /cache/build/tester-amdci5-9/julialang/julia-master/cli/loader_exe.c:58
[0Kunknown function (ip: 0x7a156b677249) at /lib/x86_64-linux-gnu/libc.so.6
[0K__libc_start_main at /lib/x86_64-linux-gnu/libc.so.6 (unknown line)
[0Kunknown function (ip: 0x4010b8) at /workspace/srcdir/glibc-2.17/csu/../sysdeps/x86_64/start.S
[0KInternal error: during type inference of
[0K_pullback(Zygote.Context{false}, Zygote.var"#2206#2207", Array{Int64, 1}, Array{Int64, 1})
[0KEncountered unexpected error in runtime:
[0KTypeError(func=:typeassert, context="", expected=Union{Nothing, Array{Any, 1}, Core.SimpleVector}, got=Array{Core.MethodInstance, 1}(dims=(1,), mem=Memory{Core.MethodInstance}(1, 0x7a15545454c0)[materialize(Array{Int64, 1}) from materialize(Any)]))
[0Kijl_type_error_rt at /cache/build/tester-amdci5-9/julialang/julia-master/src/rtutils.c:121
[0Kijl_type_error at /cache/build/tester-amdci5-9/julialang/julia-master/src/rtutils.c:140
[0Kcompute_edges! at ./../usr/share/julia/Compiler/src/typeinfer.jl:820
[0Kfinishinfer! at ./../usr/share/julia/Compiler/src/typeinfer.jl:668
[0Kfinish_nocycle at ./../usr/share/julia/Compiler/src/typeinfer.jl:275
[0Kjfptr_finish_nocycle_91279.1 at /root/.julia/juliaup/julia-nightly/lib/julia/sys.so (unknown line)
[0Ktypeinf at ./../usr/share/julia/Compiler/src/abstractinterpretation.jl:4576
[0Ktypeinf_ext at ./../usr/share/julia/Compiler/src/typeinfer.jl:1532
[0Ktypeinf_ext_toplevel at ./../usr/share/julia/Compiler/src/typeinfer.jl:1715 [inlined]
[0Ktypeinf_ext_toplevel at ./../usr/share/julia/Compiler/src/typeinfer.jl:1724
[0Kjfptr_typeinf_ext_toplevel_86492.1 at /root/.julia/juliaup/julia-nightly/lib/julia/sys.so (unknown line)
[0Kjl_apply at /cache/build/tester-amdci5-9/julialang/julia-master/src/julia.h:2285 [inlined]
[0Kjl_type_infer at /cache/build/tester-amdci5-9/julialang/julia-master/src/gf.c:467
[0Kjl_compile_method_internal at /cache/build/tester-amdci5-9/julialang/julia-master/src/gf.c:3640
[0K_jl_invoke at /cache/build/tester-amdci5-9/julialang/julia-master/src/gf.c:4112 [inlined]
[0Kijl_apply_generic at /cache/build/tester-amdci5-9/julialang/julia-master/src/gf.c:4317
[0Kjl_apply at /cache/build/tester-amdci5-9/julialang/julia-master/src/julia.h:2285 [inlined]
[0Kjl_f__apply_iterate at /cache/build/tester-amdci5-9/julialang/julia-master/src/builtins.c:876
[0Kpullback at /workdir/depot/packages/Zygote/55SqB/src/compiler/interface.jl:96
[0Kpullback at /workdir/depot/packages/Zygote/55SqB/src/compiler/interface.jl:94
[0Kjl_apply at /cache/build/tester-amdci5-9/julialang/julia-master/src/julia.h:2285 [inlined]
[0Kjl_f__apply_iterate at /cache/build/tester-amdci5-9/julialang/julia-master/src/builtins.c:876
[0Kgradient at /workdir/depot/packages/Zygote/55SqB/src/compiler/interface.jl:153
[0Kjl_apply at /cache/build/tester-amdci5-9/julialang/julia-master/src/julia.h:2285 [inlined]
[0Kdo_call at /cache/build/tester-amdci5-9/julialang/julia-master/src/interpreter.c:123
[0Keval_value at /cache/build/tester-amdci5-9/julialang/julia-master/src/interpreter.c:243
[0Keval_stmt_value at /cache/build/tester-amdci5-9/julialang/julia-master/src/interpreter.c:194 [inlined]
[0Keval_body at /cache/build/tester-amdci5-9/julialang/julia-master/src/interpreter.c:679
[0Kjl_interpret_toplevel_thunk at /cache/build/tester-amdci5-9/julialang/julia-master/src/interpreter.c:884
[0Ktop-level scope at /workdir/depot/packages/Zygote/55SqB/src/precompile.jl:18
[0Kijl_eval_thunk at /cache/build/tester-amdci5-9/julialang/julia-master/src/toplevel.c:765
[0Kjl_toplevel_eval_flex at /cache/build/tester-amdci5-9/julialang/julia-master/src/toplevel.c:712
[0Kjl_eval_toplevel_stmts at /cache/build/tester-amdci5-9/julialang/julia-master/src/toplevel.c:602
[0Kjl_toplevel_eval_flex at /cache/build/tester-amdci5-9/julialang/julia-master/src/toplevel.c:684
[0Kijl_toplevel_eval at /cache/build/tester-amdci5-9/julialang/julia-master/src/toplevel.c:779
[0Kijl_toplevel_eval_in at /cache/build/tester-amdci5-9/julialang/julia-master/src/toplevel.c:824
[0Keval at ./boot.jl:489
[0Kinclude_string at ./loading.jl:3130
[0K_include at ./loading.jl:3190
[0Kinclude at ./Base.jl:310
[0KIncludeInto at ./Base.jl:311
[0Kjfptr_IncludeInto_71535.1 at /root/.julia/juliaup/julia-nightly/lib/julia/sys.so (unknown line)
[0Kjl_apply at /cache/build/tester-amdci5-9/julialang/julia-master/src/julia.h:2285 [inlined]
[0Kdo_call at /cache/build/tester-amdci5-9/julialang/julia-master/src/interpreter.c:123
[0Keval_value at /cache/build/tester-amdci5-9/julialang/julia-master/src/interpreter.c:243
[0Keval_stmt_value at /cache/build/tester-amdci5-9/julialang/julia-master/src/interpreter.c:194 [inlined]
[0Keval_body at /cache/build/tester-amdci5-9/julialang/julia-master/src/interpreter.c:679
[0Keval_body at /cache/build/tester-amdci5-9/julialang/julia-master/src/interpreter.c:558
[0Kjl_interpret_toplevel_thunk at /cache/build/tester-amdci5-9/julialang/julia-master/src/interpreter.c:884
[0Kmacro expansion at /workdir/depot/packages/Zygote/55SqB/src/Zygote.jl:68 [inlined]
[0Kmacro expansion at /workdir/depot/packages/PrecompileTools/gn08A/src/workloads.jl:73 [inlined]
[0Ktop-level scope at /workdir/depot/packages/Zygote/55SqB/src/Zygote.jl:85
[0Kijl_eval_thunk at /cache/build/tester-amdci5-9/julialang/julia-master/src/toplevel.c:765
[0Kjl_toplevel_eval_flex at /cache/build/tester-amdci5-9/julialang/julia-master/src/toplevel.c:712
[0Kjl_eval_toplevel_stmts at /cache/build/tester-amdci5-9/julialang/julia-master/src/toplevel.c:602
[0Kjl_eval_module_expr at /cache/build/tester-amdci5-9/julialang/julia-master/src/toplevel.c:263 [inlined]
[0Kjl_toplevel_eval_flex at /cache/build/tester-amdci5-9/julialang/julia-master/src/toplevel.c:665
[0Kjl_eval_toplevel_stmts at /cache/build/tester-amdci5-9/julialang/julia-master/src/toplevel.c:602
[0Kjl_toplevel_eval_flex at /cache/build/tester-amdci5-9/julialang/julia-master/src/toplevel.c:684
[0Kijl_toplevel_eval at /cache/build/tester-amdci5-9/julialang/julia-master/src/toplevel.c:779
[0Kijl_toplevel_eval_in at /cache/build/tester-amdci5-9/julialang/julia-master/src/toplevel.c:824
[0Keval at ./boot.jl:489
[0Kinclude_string at ./loading.jl:3130
[0K_include at ./loading.jl:3190
[0Kinclude at ./Base.jl:309
[0Kinclude_package_for_output at ./loading.jl:3288
[0Kjfptr_include_package_for_output_45655.1 at /root/.julia/juliaup/julia-nightly/lib/julia/sys.so (unknown line)
[0Kjl_apply at /cache/build/tester-amdci5-9/julialang/julia-master/src/julia.h:2285 [inlined]
[0Kdo_call at /cache/build/tester-amdci5-9/julialang/julia-master/src/interpreter.c:123
[0Keval_value at /cache/build/tester-amdci5-9/julialang/julia-master/src/interpreter.c:243
[0Keval_stmt_value at /cache/build/tester-amdci5-9/julialang/julia-master/src/interpreter.c:194 [inlined]
[0Keval_body at /cache/build/tester-amdci5-9/julialang/julia-master/src/interpreter.c:679
[0Kjl_interpret_toplevel_thunk at /cache/build/tester-amdci5-9/julialang/julia-master/src/interpreter.c:884
[0Ktop-level scope at stdin:5
[0Kijl_eval_thunk at /cache/build/tester-amdci5-9/julialang/julia-master/src/toplevel.c:765
[0Kjl_toplevel_eval_flex at /cache/build/tester-amdci5-9/julialang/julia-master/src/toplevel.c:712
[0Kjl_eval_toplevel_stmts at /cache/build/tester-amdci5-9/julialang/julia-master/src/toplevel.c:602
[0Kjl_toplevel_eval_flex at /cache/build/tester-amdci5-9/julialang/julia-master/src/toplevel.c:684
[0Kijl_toplevel_eval at /cache/build/tester-amdci5-9/julialang/julia-master/src/toplevel.c:779
[0Kijl_toplevel_eval_in at /cache/build/tester-amdci5-9/julialang/julia-master/src/toplevel.c:824
[0Keval at ./boot.jl:489
[0Kinclude_string at ./loading.jl:3130
[0Kinclude_string at ./loading.jl:3140 [inlined]
[0Kexec_options at ./client.jl:342
[0K_start at ./client.jl:585
[0Kjfptr__start_76661.1 at /root/.julia/juliaup/julia-nightly/lib/julia/sys.so (unknown line)
[0Kjl_apply at /cache/build/tester-amdci5-9/julialang/julia-master/src/julia.h:2285 [inlined]
[0Ktrue_main at /cache/build/tester-amdci5-9/julialang/julia-master/src/jlapi.c:971
[0Kjl_repl_entrypoint at /cache/build/tester-amdci5-9/julialang/julia-master/src/jlapi.c:1138
[0Kmain at /cache/build/tester-amdci5-9/julialang/julia-master/cli/loader_exe.c:58
[0Kunknown function (ip: 0x7a156b677249) at /lib/x86_64-linux-gnu/libc.so.6
[0K__libc_start_main at /lib/x86_64-linux-gnu/libc.so.6 (unknown line)
[0Kunknown function (ip: 0x4010b8) at /workspace/srcdir/glibc-2.17/csu/../sysdeps/x86_64/start.S
[0KInternal error: during type inference of
[0K(::Zygote.var"#pullback##0#pullback##1"{Zygote.Pullback{Tuple{Zygote.var"#2206#2207", Array{Int64, 1}, Array{Int64, 1}}, Tuple{Zygote.ZBack{ChainRules.var"#sum_pullback#551"{Base.Colon, Array{Int64, 1}, ChainRulesCore.ProjectTo{AbstractArray{T, N} where N where T, NamedTuple{(:element, :axes), Tuple{ChainRulesCore.ProjectTo{Float64, NamedTuple{(), Tuple{}}}, Tuple{Base.OneTo{Int64}}}}}}}, Zygote.var"#1681#1682"{Zygote.var"#1679#1680"{Array{Int64, 1}, Array{Int64, 1}}}, Zygote.Pullback{Tuple{typeof(Base.Broadcast.materialize), Array{Int64, 1}}, Tuple{}}}}})(Int64)
[0KEncountered unexpected error in runtime:
[0KTypeError(func=:typeassert, context="", expected=Union{Nothing, Array{Any, 1}, Core.SimpleVector}, got=Array{Core.MethodInstance, 1}(dims=(1,), mem=Memory{Core.MethodInstance}(1, 0x7a15525ad560)[materialize(Array{Int64, 1}) from materialize(Any)]))
[0Kijl_type_error_rt at /cache/build/tester-amdci5-9/julialang/julia-master/src/rtutils.c:121
[0Kijl_type_error at /cache/build/tester-amdci5-9/julialang/julia-master/src/rtutils.c:140
[0Kcompute_edges! at ./../usr/share/julia/Compiler/src/typeinfer.jl:820
[0Kfinishinfer! at ./../usr/share/julia/Compiler/src/typeinfer.jl:668
[0Kfinish_nocycle at ./../usr/share/julia/Compiler/src/typeinfer.jl:275
[0Kjfptr_finish_nocycle_91279.1 at /root/.julia/juliaup/julia-nightly/lib/julia/sys.so (unknown line)
[0Ktypeinf at ./../usr/share/julia/Compiler/src/abstractinterpretation.jl:4576
[0Ktypeinf_ext at ./../usr/share/julia/Compiler/src/typeinfer.jl:1532
[0Ktypeinf_ext_toplevel at ./../usr/share/julia/Compiler/src/typeinfer.jl:1715 [inlined]
[0Ktypeinf_ext_toplevel at ./../usr/share/julia/Compiler/src/typeinfer.jl:1724
[0Kjfptr_typeinf_ext_toplevel_86492.1 at /root/.julia/juliaup/julia-nightly/lib/julia/sys.so (unknown line)
[0Kjl_apply at /cache/build/tester-amdci5-9/julialang/julia-master/src/julia.h:2285 [inlined]
[0Kjl_type_infer at /cache/build/tester-amdci5-9/julialang/julia-master/src/gf.c:467
[0Kjl_compile_method_internal at /cache/build/tester-amdci5-9/julialang/julia-master/src/gf.c:3640
[0K_jl_invoke at /cache/build/tester-amdci5-9/julialang/julia-master/src/gf.c:4112 [inlined]
[0Kijl_apply_generic at /cache/build/tester-amdci5-9/julialang/julia-master/src/gf.c:4317
[0Kgradient at /workdir/depot/packages/Zygote/55SqB/src/compiler/interface.jl:154
[0Kjl_apply at /cache/build/tester-amdci5-9/julialang/julia-master/src/julia.h:2285 [inlined]
[0Kdo_call at /cache/build/tester-amdci5-9/julialang/julia-master/src/interpreter.c:123
[0Keval_value at /cache/build/tester-amdci5-9/julialang/julia-master/src/interpreter.c:243
[0Keval_stmt_value at /cache/build/tester-amdci5-9/julialang/julia-master/src/interpreter.c:194 [inlined]
[0Keval_body at /cache/build/tester-amdci5-9/julialang/julia-master/src/interpreter.c:679
[0Kjl_interpret_toplevel_thunk at /cache/build/tester-amdci5-9/julialang/julia-master/src/interpreter.c:884
[0Ktop-level scope at /workdir/depot/packages/Zygote/55SqB/src/precompile.jl:18
[0Kijl_eval_thunk at /cache/build/tester-amdci5-9/julialang/julia-master/src/toplevel.c:765
[0Kjl_toplevel_eval_flex at /cache/build/tester-amdci5-9/julialang/julia-master/src/toplevel.c:712
[0Kjl_eval_toplevel_stmts at /cache/build/tester-amdci5-9/julialang/julia-master/src/toplevel.c:602
[0Kjl_toplevel_eval_flex at /cache/build/tester-amdci5-9/julialang/julia-master/src/toplevel.c:684
[0Kijl_toplevel_eval at /cache/build/tester-amdci5-9/julialang/julia-master/src/toplevel.c:779
[0Kijl_toplevel_eval_in at /cache/build/tester-amdci5-9/julialang/julia-master/src/toplevel.c:824
[0Keval at ./boot.jl:489
[0Kinclude_string at ./loading.jl:3130
[0K_include at ./loading.jl:3190
[0Kinclude at ./Base.jl:310
[0KIncludeInto at ./Base.jl:311
[0Kjfptr_IncludeInto_71535.1 at /root/.julia/juliaup/julia-nightly/lib/julia/sys.so (unknown line)
[0Kjl_apply at /cache/build/tester-amdci5-9/julialang/julia-master/src/julia.h:2285 [inlined]
[0Kdo_call at /cache/build/tester-amdci5-9/julialang/julia-master/src/interpreter.c:123
[0Keval_value at /cache/build/tester-amdci5-9/julialang/julia-master/src/interpreter.c:243
[0Keval_stmt_value at /cache/build/tester-amdci5-9/julialang/julia-master/src/interpreter.c:194 [inlined]
[0Keval_body at /cache/build/tester-amdci5-9/julialang/julia-master/src/interpreter.c:679
[0Keval_body at /cache/build/tester-amdci5-9/julialang/julia-master/src/interpreter.c:558
[0Kjl_interpret_toplevel_thunk at /cache/build/tester-amdci5-9/julialang/julia-master/src/interpreter.c:884
[0Kmacro expansion at /workdir/depot/packages/Zygote/55SqB/src/Zygote.jl:68 [inlined]
[0Kmacro expansion at /workdir/depot/packages/PrecompileTools/gn08A/src/workloads.jl:73 [inlined]
[0Ktop-level scope at /workdir/depot/packages/Zygote/55SqB/src/Zygote.jl:85
[0Kijl_eval_thunk at /cache/build/tester-amdci5-9/julialang/julia-master/src/toplevel.c:765
[0Kjl_toplevel_eval_flex at /cache/build/tester-amdci5-9/julialang/julia-master/src/toplevel.c:712
[0Kjl_eval_toplevel_stmts at /cache/build/tester-amdci5-9/julialang/julia-master/src/toplevel.c:602
[0Kjl_eval_module_expr at /cache/build/tester-amdci5-9/julialang/julia-master/src/toplevel.c:263 [inlined]
[0Kjl_toplevel_eval_flex at /cache/build/tester-amdci5-9/julialang/julia-master/src/toplevel.c:665
[0Kjl_eval_toplevel_stmts at /cache/build/tester-amdci5-9/julialang/julia-master/src/toplevel.c:602
[0Kjl_toplevel_eval_flex at /cache/build/tester-amdci5-9/julialang/julia-master/src/toplevel.c:684
[0Kijl_toplevel_eval at /cache/build/tester-amdci5-9/julialang/julia-master/src/toplevel.c:779
[0Kijl_toplevel_eval_in at /cache/build/tester-amdci5-9/julialang/julia-master/src/toplevel.c:824
[0Keval at ./boot.jl:489
[0Kinclude_string at ./loading.jl:3130
[0K_include at ./loading.jl:3190
[0Kinclude at ./Base.jl:309
[0Kinclude_package_for_output at ./loading.jl:3288
[0Kjfptr_include_package_for_output_45655.1 at /root/.julia/juliaup/julia-nightly/lib/julia/sys.so (unknown line)
[0Kjl_apply at /cache/build/tester-amdci5-9/julialang/julia-master/src/julia.h:2285 [inlined]
[0Kdo_call at /cache/build/tester-amdci5-9/julialang/julia-master/src/interpreter.c:123
[0Keval_value at /cache/build/tester-amdci5-9/julialang/julia-master/src/interpreter.c:243
[0Keval_stmt_value at /cache/build/tester-amdci5-9/julialang/julia-master/src/interpreter.c:194 [inlined]
[0Keval_body at /cache/build/tester-amdci5-9/julialang/julia-master/src/interpreter.c:679
[0Kjl_interpret_toplevel_thunk at /cache/build/tester-amdci5-9/julialang/julia-master/src/interpreter.c:884
[0Ktop-level scope at stdin:5
[0Kijl_eval_thunk at /cache/build/tester-amdci5-9/julialang/julia-master/src/toplevel.c:765
[0Kjl_toplevel_eval_flex at /cache/build/tester-amdci5-9/julialang/julia-master/src/toplevel.c:712
[0Kjl_eval_toplevel_stmts at /cache/build/tester-amdci5-9/julialang/julia-master/src/toplevel.c:602
[0Kjl_toplevel_eval_flex at /cache/build/tester-amdci5-9/julialang/julia-master/src/toplevel.c:684
[0Kijl_toplevel_eval at /cache/build/tester-amdci5-9/julialang/julia-master/src/toplevel.c:779
[0Kijl_toplevel_eval_in at /cache/build/tester-amdci5-9/julialang/julia-master/src/toplevel.c:824
[0Keval at ./boot.jl:489
[0Kinclude_string at ./loading.jl:3130
[0Kinclude_string at ./loading.jl:3140 [inlined]
[0Kexec_options at ./client.jl:342
[0K_start at ./client.jl:585
[0Kjfptr__start_76661.1 at /root/.julia/juliaup/julia-nightly/lib/julia/sys.so (unknown line)
[0Kjl_apply at /cache/build/tester-amdci5-9/julialang/julia-master/src/julia.h:2285 [inlined]
[0Ktrue_main at /cache/build/tester-amdci5-9/julialang/julia-master/src/jlapi.c:971
[0Kjl_repl_entrypoint at /cache/build/tester-amdci5-9/julialang/julia-master/src/jlapi.c:1138
[0Kmain at /cache/build/tester-amdci5-9/julialang/julia-master/cli/loader_exe.c:58
[0Kunknown function (ip: 0x7a156b677249) at /lib/x86_64-linux-gnu/libc.so.6
[0K__libc_start_main at /lib/x86_64-linux-gnu/libc.so.6 (unknown line)
[0Kunknown function (ip: 0x4010b8) at /workspace/srcdir/glibc-2.17/csu/../sysdeps/x86_64/start.S
[0KInternal error: during type inference of
[0K_pullback(Zygote.Context{false}, Zygote.var"#2209#2210", Array{Float64, 1})
[0KEncountered unexpected error in runtime:
[0KTypeError(func=:typeassert, context="", expected=Union{Nothing, Array{Any, 1}, Core.SimpleVector}, got=Array{Core.MethodInstance, 1}(dims=(1,), mem=Memory{Core.MethodInstance}(1, 0x7a1541f39a60)[materialize(Array{Float32, 1}) from materialize(Any)]))
[0Kijl_type_error_rt at /cache/build/tester-amdci5-9/julialang/julia-master/src/rtutils.c:121
[0Kijl_type_error at /cache/build/tester-amdci5-9/julialang/julia-master/src/rtutils.c:140
[0Kcompute_edges! at ./../usr/share/julia/Compiler/src/typeinfer.jl:820
[0Kfinishinfer! at ./../usr/share/julia/Compiler/src/typeinfer.jl:668
[0Kfinish_nocycle at ./../usr/share/julia/Compiler/src/typeinfer.jl:275
[0Kjfptr_finish_nocycle_91279.1 at /root/.julia/juliaup/julia-nightly/lib/julia/sys.so (unknown line)
[0Ktypeinf at ./../usr/share/julia/Compiler/src/abstractinterpretation.jl:4576
[0Ktypeinf_ext at ./../usr/share/julia/Compiler/src/typeinfer.jl:1532
[0Ktypeinf_ext_toplevel at ./../usr/share/julia/Compiler/src/typeinfer.jl:1715 [inlined]
[0Ktypeinf_ext_toplevel at ./../usr/share/julia/Compiler/src/typeinfer.jl:1724
[0Kjfptr_typeinf_ext_toplevel_86492.1 at /root/.julia/juliaup/julia-nightly/lib/julia/sys.so (unknown line)
[0Kjl_apply at /cache/build/tester-amdci5-9/julialang/julia-master/src/julia.h:2285 [inlined]
[0Kjl_type_infer at /cache/build/tester-amdci5-9/julialang/julia-master/src/gf.c:467
[0Kjl_compile_method_internal at /cache/build/tester-amdci5-9/julialang/julia-master/src/gf.c:3640
[0K_jl_invoke at /cache/build/tester-amdci5-9/julialang/julia-master/src/gf.c:4112 [inlined]
[0Kijl_apply_generic at /cache/build/tester-amdci5-9/julialang/julia-master/src/gf.c:4317
[0Kpullback at /workdir/depot/packages/Zygote/55SqB/src/compiler/interface.jl:96
[0Kpullback at /workdir/depot/packages/Zygote/55SqB/src/compiler/interface.jl:94 [inlined]
[0Kgradient at /workdir/depot/packages/Zygote/55SqB/src/compiler/interface.jl:153
[0Kunknown function (ip: 0x7a153b9b3c08) at (unknown file)
[0Kjl_apply at /cache/build/tester-amdci5-9/julialang/julia-master/src/julia.h:2285 [inlined]
[0Kdo_call at /cache/build/tester-amdci5-9/julialang/julia-master/src/interpreter.c:123
[0Keval_value at /cache/build/tester-amdci5-9/julialang/julia-master/src/interpreter.c:243
[0Keval_stmt_value at /cache/build/tester-amdci5-9/julialang/julia-master/src/interpreter.c:194 [inlined]
[0Keval_body at /cache/build/tester-amdci5-9/julialang/julia-master/src/interpreter.c:679
[0Kjl_interpret_toplevel_thunk at /cache/build/tester-amdci5-9/julialang/julia-master/src/interpreter.c:884
[0Ktop-level scope at /workdir/depot/packages/Zygote/55SqB/src/precompile.jl:20
[0Kijl_eval_thunk at /cache/build/tester-amdci5-9/julialang/julia-master/src/toplevel.c:765
[0Kjl_toplevel_eval_flex at /cache/build/tester-amdci5-9/julialang/julia-master/src/toplevel.c:712
[0Kjl_eval_toplevel_stmts at /cache/build/tester-amdci5-9/julialang/julia-master/src/toplevel.c:602
[0Kjl_toplevel_eval_flex at /cache/build/tester-amdci5-9/julialang/julia-master/src/toplevel.c:684
[0Kijl_toplevel_eval at /cache/build/tester-amdci5-9/julialang/julia-master/src/toplevel.c:779
[0Kijl_toplevel_eval_in at /cache/build/tester-amdci5-9/julialang/julia-master/src/toplevel.c:824
[0Keval at ./boot.jl:489
[0Kinclude_string at ./loading.jl:3130
[0K_include at ./loading.jl:3190
[0Kinclude at ./Base.jl:310
[0KIncludeInto at ./Base.jl:311
[0Kjfptr_IncludeInto_71535.1 at /root/.julia/juliaup/julia-nightly/lib/julia/sys.so (unknown line)
[0Kjl_apply at /cache/build/tester-amdci5-9/julialang/julia-master/src/julia.h:2285 [inlined]
[0Kdo_call at /cache/build/tester-amdci5-9/julialang/julia-master/src/interpreter.c:123
[0Keval_value at /cache/build/tester-amdci5-9/julialang/julia-master/src/interpreter.c:243
[0Keval_stmt_value at /cache/build/tester-amdci5-9/julialang/julia-master/src/interpreter.c:194 [inlined]
[0Keval_body at /cache/build/tester-amdci5-9/julialang/julia-master/src/interpreter.c:679
[0Keval_body at /cache/build/tester-amdci5-9/julialang/julia-master/src/interpreter.c:558
[0Kjl_interpret_toplevel_thunk at /cache/build/tester-amdci5-9/julialang/julia-master/src/interpreter.c:884
[0Kmacro expansion at /workdir/depot/packages/Zygote/55SqB/src/Zygote.jl:68 [inlined]
[0Kmacro expansion at /workdir/depot/packages/PrecompileTools/gn08A/src/workloads.jl:73 [inlined]
[0Ktop-level scope at /workdir/depot/packages/Zygote/55SqB/src/Zygote.jl:85
[0Kijl_eval_thunk at /cache/build/tester-amdci5-9/julialang/julia-master/src/toplevel.c:765
[0Kjl_toplevel_eval_flex at /cache/build/tester-amdci5-9/julialang/julia-master/src/toplevel.c:712
[0Kjl_eval_toplevel_stmts at /cache/build/tester-amdci5-9/julialang/julia-master/src/toplevel.c:602
[0Kjl_eval_module_expr at /cache/build/tester-amdci5-9/julialang/julia-master/src/toplevel.c:263 [inlined]
[0Kjl_toplevel_eval_flex at /cache/build/tester-amdci5-9/julialang/julia-master/src/toplevel.c:665
[0Kjl_eval_toplevel_stmts at /cache/build/tester-amdci5-9/julialang/julia-master/src/toplevel.c:602
[0Kjl_toplevel_eval_flex at /cache/build/tester-amdci5-9/julialang/julia-master/src/toplevel.c:684
[0Kijl_toplevel_eval at /cache/build/tester-amdci5-9/julialang/julia-master/src/toplevel.c:779
[0Kijl_toplevel_eval_in at /cache/build/tester-amdci5-9/julialang/julia-master/src/toplevel.c:824
[0Keval at ./boot.jl:489
[0Kinclude_string at ./loading.jl:3130
[0K_include at ./loading.jl:3190
[0Kinclude at ./Base.jl:309
[0Kinclude_package_for_output at ./loading.jl:3288
[0Kjfptr_include_package_for_output_45655.1 at /root/.julia/juliaup/julia-nightly/lib/julia/sys.so (unknown line)
[0Kjl_apply at /cache/build/tester-amdci5-9/julialang/julia-master/src/julia.h:2285 [inlined]
[0Kdo_call at /cache/build/tester-amdci5-9/julialang/julia-master/src/interpreter.c:123
[0Keval_value at /cache/build/tester-amdci5-9/julialang/julia-master/src/interpreter.c:243
[0Keval_stmt_value at /cache/build/tester-amdci5-9/julialang/julia-master/src/interpreter.c:194 [inlined]
[0Keval_body at /cache/build/tester-amdci5-9/julialang/julia-master/src/interpreter.c:679
[0Kjl_interpret_toplevel_thunk at /cache/build/tester-amdci5-9/julialang/julia-master/src/interpreter.c:884
[0Ktop-level scope at stdin:5
[0Kijl_eval_thunk at /cache/build/tester-amdci5-9/julialang/julia-master/src/toplevel.c:765
[0Kjl_toplevel_eval_flex at /cache/build/tester-amdci5-9/julialang/julia-master/src/toplevel.c:712
[0Kjl_eval_toplevel_stmts at /cache/build/tester-amdci5-9/julialang/julia-master/src/toplevel.c:602
[0Kjl_toplevel_eval_flex at /cache/build/tester-amdci5-9/julialang/julia-master/src/toplevel.c:684
[0Kijl_toplevel_eval at /cache/build/tester-amdci5-9/julialang/julia-master/src/toplevel.c:779
[0Kijl_toplevel_eval_in at /cache/build/tester-amdci5-9/julialang/julia-master/src/toplevel.c:824
[0Keval at ./boot.jl:489
[0Kinclude_string at ./loading.jl:3130
[0Kinclude_string at ./loading.jl:3140 [inlined]
[0Kexec_options at ./client.jl:342
[0K_start at ./client.jl:585
[0Kjfptr__start_76661.1 at /root/.julia/juliaup/julia-nightly/lib/julia/sys.so (unknown line)
[0Kjl_apply at /cache/build/tester-amdci5-9/julialang/julia-master/src/julia.h:2285 [inlined]
[0Ktrue_main at /cache/build/tester-amdci5-9/julialang/julia-master/src/jlapi.c:971
[0Kjl_repl_entrypoint at /cache/build/tester-amdci5-9/julialang/julia-master/src/jlapi.c:1138
[0Kmain at /cache/build/tester-amdci5-9/julialang/julia-master/cli/loader_exe.c:58
[0Kunknown function (ip: 0x7a156b677249) at /lib/x86_64-linux-gnu/libc.so.6
[0K__libc_start_main at /lib/x86_64-linux-gnu/libc.so.6 (unknown line)
[0Kunknown function (ip: 0x4010b8) at /workspace/srcdir/glibc-2.17/csu/../sysdeps/x86_64/start.S
[0KInternal error: during type inference of
[0K(::Zygote.var"#pullback##0#pullback##1"{Zygote.Pullback{Tuple{Zygote.var"#2209#2210", Array{Float64, 1}}, Tuple{Zygote.ZBack{ChainRules.var"#sum_pullback#551"{Base.Colon, Array{Float32, 1}, ChainRulesCore.ProjectTo{AbstractArray{T, N} where N where T, NamedTuple{(:element, :axes), Tuple{ChainRulesCore.ProjectTo{Float32, NamedTuple{(), Tuple{}}}, Tuple{Base.OneTo{Int64}}}}}}}, Zygote.Pullback{Tuple{typeof(Base.Broadcast.materialize), Array{Float32, 1}}, Tuple{}}, Zygote.var"#1912#1913"{Zygote.var"#1910#1911"{Array{Float64, 1}}}}}})(Float32)
[0KEncountered unexpected error in runtime:
[0KTypeError(func=:typeassert, context="", expected=Union{Nothing, Array{Any, 1}, Core.SimpleVector}, got=Array{Core.MethodInstance, 1}(dims=(1,), mem=Memory{Core.MethodInstance}(1, 0x7a1540e62540)[materialize(Array{Float32, 1}) from materialize(Any)]))
[0Kijl_type_error_rt at /cache/build/tester-amdci5-9/julialang/julia-master/src/rtutils.c:121
[0Kijl_type_error at /cache/build/tester-amdci5-9/julialang/julia-master/src/rtutils.c:140
[0Kcompute_edges! at ./../usr/share/julia/Compiler/src/typeinfer.jl:820
[0Kfinishinfer! at ./../usr/share/julia/Compiler/src/typeinfer.jl:668
[0Kfinish_nocycle at ./../usr/share/julia/Compiler/src/typeinfer.jl:275
[0Kjfptr_finish_nocycle_91279.1 at /root/.julia/juliaup/julia-nightly/lib/julia/sys.so (unknown line)
[0Ktypeinf at ./../usr/share/julia/Compiler/src/abstractinterpretation.jl:4576
[0Ktypeinf_ext at ./../usr/share/julia/Compiler/src/typeinfer.jl:1532
[0Ktypeinf_ext_toplevel at ./../usr/share/julia/Compiler/src/typeinfer.jl:1715 [inlined]
[0Ktypeinf_ext_toplevel at ./../usr/share/julia/Compiler/src/typeinfer.jl:1724
[0Kjfptr_typeinf_ext_toplevel_86492.1 at /root/.julia/juliaup/julia-nightly/lib/julia/sys.so (unknown line)
[0Kjl_apply at /cache/build/tester-amdci5-9/julialang/julia-master/src/julia.h:2285 [inlined]
[0Kjl_type_infer at /cache/build/tester-amdci5-9/julialang/julia-master/src/gf.c:467
[0Kjl_compile_method_internal at /cache/build/tester-amdci5-9/julialang/julia-master/src/gf.c:3640
[0K_jl_invoke at /cache/build/tester-amdci5-9/julialang/julia-master/src/gf.c:4112 [inlined]
[0Kijl_apply_generic at /cache/build/tester-amdci5-9/julialang/julia-master/src/gf.c:4317
[0Kgradient at /workdir/depot/packages/Zygote/55SqB/src/compiler/interface.jl:154
[0Kunknown function (ip: 0x7a153b9b3c08) at (unknown file)
[0Kjl_apply at /cache/build/tester-amdci5-9/julialang/julia-master/src/julia.h:2285 [inlined]
[0Kdo_call at /cache/build/tester-amdci5-9/julialang/julia-master/src/interpreter.c:123
[0Keval_value at /cache/build/tester-amdci5-9/julialang/julia-master/src/interpreter.c:243
[0Keval_stmt_value at /cache/build/tester-amdci5-9/julialang/julia-master/src/interpreter.c:194 [inlined]
[0Keval_body at /cache/build/tester-amdci5-9/julialang/julia-master/src/interpreter.c:679
[0Kjl_interpret_toplevel_thunk at /cache/build/tester-amdci5-9/julialang/julia-master/src/interpreter.c:884
[0Ktop-level scope at /workdir/depot/packages/Zygote/55SqB/src/precompile.jl:20
[0Kijl_eval_thunk at /cache/build/tester-amdci5-9/julialang/julia-master/src/toplevel.c:765
[0Kjl_toplevel_eval_flex at /cache/build/tester-amdci5-9/julialang/julia-master/src/toplevel.c:712
[0Kjl_eval_toplevel_stmts at /cache/build/tester-amdci5-9/julialang/julia-master/src/toplevel.c:602
[0Kjl_toplevel_eval_flex at /cache/build/tester-amdci5-9/julialang/julia-master/src/toplevel.c:684
[0Kijl_toplevel_eval at /cache/build/tester-amdci5-9/julialang/julia-master/src/toplevel.c:779
[0Kijl_toplevel_eval_in at /cache/build/tester-amdci5-9/julialang/julia-master/src/toplevel.c:824
[0Keval at ./boot.jl:489
[0Kinclude_string at ./loading.jl:3130
[0K_include at ./loading.jl:3190
[0Kinclude at ./Base.jl:310
[0KIncludeInto at ./Base.jl:311
[0Kjfptr_IncludeInto_71535.1 at /root/.julia/juliaup/julia-nightly/lib/julia/sys.so (unknown line)
[0Kjl_apply at /cache/build/tester-amdci5-9/julialang/julia-master/src/julia.h:2285 [inlined]
[0Kdo_call at /cache/build/tester-amdci5-9/julialang/julia-master/src/interpreter.c:123
[0Keval_value at /cache/build/tester-amdci5-9/julialang/julia-master/src/interpreter.c:243
[0Keval_stmt_value at /cache/build/tester-amdci5-9/julialang/julia-master/src/interpreter.c:194 [inlined]
[0Keval_body at /cache/build/tester-amdci5-9/julialang/julia-master/src/interpreter.c:679
[0Keval_body at /cache/build/tester-amdci5-9/julialang/julia-master/src/interpreter.c:558
[0Kjl_interpret_toplevel_thunk at /cache/build/tester-amdci5-9/julialang/julia-master/src/interpreter.c:884
[0Kmacro expansion at /workdir/depot/packages/Zygote/55SqB/src/Zygote.jl:68 [inlined]
[0Kmacro expansion at /workdir/depot/packages/PrecompileTools/gn08A/src/workloads.jl:73 [inlined]
[0Ktop-level scope at /workdir/depot/packages/Zygote/55SqB/src/Zygote.jl:85
[0Kijl_eval_thunk at /cache/build/tester-amdci5-9/julialang/julia-master/src/toplevel.c:765
[0Kjl_toplevel_eval_flex at /cache/build/tester-amdci5-9/julialang/julia-master/src/toplevel.c:712
[0Kjl_eval_toplevel_stmts at /cache/build/tester-amdci5-9/julialang/julia-master/src/toplevel.c:602
[0Kjl_eval_module_expr at /cache/build/tester-amdci5-9/julialang/julia-master/src/toplevel.c:263 [inlined]
[0Kjl_toplevel_eval_flex at /cache/build/tester-amdci5-9/julialang/julia-master/src/toplevel.c:665
[0Kjl_eval_toplevel_stmts at /cache/build/tester-amdci5-9/julialang/julia-master/src/toplevel.c:602
[0Kjl_toplevel_eval_flex at /cache/build/tester-amdci5-9/julialang/julia-master/src/toplevel.c:684
[0Kijl_toplevel_eval at /cache/build/tester-amdci5-9/julialang/julia-master/src/toplevel.c:779
[0Kijl_toplevel_eval_in at /cache/build/tester-amdci5-9/julialang/julia-master/src/toplevel.c:824
[0Keval at ./boot.jl:489
[0Kinclude_string at ./loading.jl:3130
[0K_include at ./loading.jl:3190
[0Kinclude at ./Base.jl:309
[0Kinclude_package_for_output at ./loading.jl:3288
[0Kjfptr_include_package_for_output_45655.1 at /root/.julia/juliaup/julia-nightly/lib/julia/sys.so (unknown line)
[0Kjl_apply at /cache/build/tester-amdci5-9/julialang/julia-master/src/julia.h:2285 [inlined]
[0Kdo_call at /cache/build/tester-amdci5-9/julialang/julia-master/src/interpreter.c:123
[0Keval_value at /cache/build/tester-amdci5-9/julialang/julia-master/src/interpreter.c:243
[0Keval_stmt_value at /cache/build/tester-amdci5-9/julialang/julia-master/src/interpreter.c:194 [inlined]
[0Keval_body at /cache/build/tester-amdci5-9/julialang/julia-master/src/interpreter.c:679
[0Kjl_interpret_toplevel_thunk at /cache/build/tester-amdci5-9/julialang/julia-master/src/interpreter.c:884
[0Ktop-level scope at stdin:5
[0Kijl_eval_thunk at /cache/build/tester-amdci5-9/julialang/julia-master/src/toplevel.c:765
[0Kjl_toplevel_eval_flex at /cache/build/tester-amdci5-9/julialang/julia-master/src/toplevel.c:712
[0Kjl_eval_toplevel_stmts at /cache/build/tester-amdci5-9/julialang/julia-master/src/toplevel.c:602
[0Kjl_toplevel_eval_flex at /cache/build/tester-amdci5-9/julialang/julia-master/src/toplevel.c:684
[0Kijl_toplevel_eval at /cache/build/tester-amdci5-9/julialang/julia-master/src/toplevel.c:779
[0Kijl_toplevel_eval_in at /cache/build/tester-amdci5-9/julialang/julia-master/src/toplevel.c:824
[0Keval at ./boot.jl:489
[0Kinclude_string at ./loading.jl:3130
[0Kinclude_string at ./loading.jl:3140 [inlined]
[0Kexec_options at ./client.jl:342
[0K_start at ./client.jl:585
[0Kjfptr__start_76661.1 at /root/.julia/juliaup/julia-nightly/lib/julia/sys.so (unknown line)
[0Kjl_apply at /cache/build/tester-amdci5-9/julialang/julia-master/src/julia.h:2285 [inlined]
[0Ktrue_main at /cache/build/tester-amdci5-9/julialang/julia-master/src/jlapi.c:971
[0Kjl_repl_entrypoint at /cache/build/tester-amdci5-9/julialang/julia-master/src/jlapi.c:1138
[0Kmain at /cache/build/tester-amdci5-9/julialang/julia-master/cli/loader_exe.c:58
[0Kunknown function (ip: 0x7a156b677249) at /lib/x86_64-linux-gnu/libc.so.6
[0K__libc_start_main at /lib/x86_64-linux-gnu/libc.so.6 (unknown line)
[0Kunknown function (ip: 0x4010b8) at /workspace/srcdir/glibc-2.17/csu/../sysdeps/x86_64/start.S
[0Kfatal: error thrown and no exception handler available.
[0KTypeError(func=:typeassert, context="", expected=Union{Nothing, Array{Any, 1}, Core.SimpleVector}, got=Array{Core.MethodInstance, 1}(dims=(1,), mem=Memory{Core.MethodInstance}(1, 0x7a1540ec4980)[materialize(Array{Float32, 1}) from materialize(Any)]))
[0Kijl_type_error_rt at /cache/build/tester-amdci5-9/julialang/julia-master/src/rtutils.c:121
[0Kijl_type_error at /cache/build/tester-amdci5-9/julialang/julia-master/src/rtutils.c:140
[0Kcompute_edges! at ./../usr/share/julia/Compiler/src/typeinfer.jl:820
[0Kfinishinfer! at ./../usr/share/julia/Compiler/src/typeinfer.jl:668
[0Kfinish_nocycle at ./../usr/share/julia/Compiler/src/typeinfer.jl:275
[0Kjfptr_finish_nocycle_91279.1 at /root/.julia/juliaup/julia-nightly/lib/julia/sys.so (unknown line)
[0Ktypeinf at ./../usr/share/julia/Compiler/src/abstractinterpretation.jl:4576
[0Ktypeinf_ext at ./../usr/share/julia/Compiler/src/typeinfer.jl:1532
[0Kjfptr_typeinf_ext_86510.1 at /root/.julia/juliaup/julia-nightly/lib/julia/sys.so (unknown line)
[0K#compile!#169 at ./../usr/share/julia/Compiler/src/typeinfer.jl:1742
[0Kcompile! at ./../usr/share/julia/Compiler/src/typeinfer.jl:1727 [inlined]
[0Ktypeinf_ext_toplevel at ./../usr/share/julia/Compiler/src/typeinfer.jl:1827
[0Kcompile_and_emit_native at ./../usr/share/julia/Compiler/src/precompile.jl:415
[0Kjfptr_compile_and_emit_native_87947.1 at /root/.julia/juliaup/julia-nightly/lib/julia/sys.so (unknown line)
[0Kjl_apply at /cache/build/tester-amdci5-9/julialang/julia-master/src/julia.h:2285 [inlined]
[0Kjl_create_native_impl at /cache/build/tester-amdci5-9/julialang/julia-master/src/aotcompile.cpp:750
[0Kijl_create_system_image at /cache/build/tester-amdci5-9/julialang/julia-master/src/staticdata.c:3395
[0Kijl_write_compiler_output at /cache/build/tester-amdci5-9/julialang/julia-master/src/precompile.c:140
[0Kijl_atexit_hook at /cache/build/tester-amdci5-9/julialang/julia-master/src/init.c:280
[0Kjl_repl_entrypoint at /cache/build/tester-amdci5-9/julialang/julia-master/src/jlapi.c:1139
[0Kmain at /cache/build/tester-amdci5-9/julialang/julia-master/cli/loader_exe.c:58
[0Kunknown function (ip: 0x7a156b677249) at /lib/x86_64-linux-gnu/libc.so.6
[0K__libc_start_main at /lib/x86_64-linux-gnu/libc.so.6 (unknown line)
[0Kunknown function (ip: 0x4010b8) at /workspace/srcdir/glibc-2.17/csu/../sysdeps/x86_64/start.S
              ✗ Zygote
[0KERROR: LoadError: Precompiled image Base.PkgId(Base.UUID("e88e6eb3-aa80-5325-afca-941959d7151f"), "Zygote") not available with flags CacheFlags(; use_pkgimages=true, debug_level=1, check_bounds=0, inline=true, opt_level=2)
[0KStacktrace:
[0K  [1] error(s::String)
[0K    @ Base ./error.jl:56
[0K  [2] __require_prelocked(pkg::Base.PkgId, env::String)
[0K    @ Base ./loading.jl:2840
[0K  [3] _require_prelocked(uuidkey::Base.PkgId, env::String)
[0K    @ Base ./loading.jl:2694
[0K  [4] macro expansion
[0K    @ ./loading.jl:2621 [inlined]
[0K  [5] macro expansion
[0K    @ ./lock.jl:376 [inlined]
[0K  [6] __require(into::Module, mod::Symbol)
[0K    @ Base ./loading.jl:2585
[0K  [7] require
[0K    @ ./loading.jl:2561 [inlined]
[0K  [8] eval_import_path
[0K    @ ./module.jl:36 [inlined]
[0K  [9] eval_import_path_all(at::Module, path::Expr, keyword::String)
[0K    @ Base ./module.jl:60
[0K [10] _eval_import(::Bool, ::Module, ::Expr, ::Expr, ::Vararg{Expr})
[0K    @ Base ./module.jl:101
[0K [11] top-level scope
[0K    @ /workdir/depot/packages/MLDataDevices/4qHOT/ext/ZygoteExt.jl:5
[0K [12] include(mod::Module, _path::String)
[0K    @ Base ./Base.jl:309
[0K [13] include_package_for_output(pkg::Base.PkgId, input::String, syntax_version::VersionNumber, depot_path::Vector{String}, dl_load_path::Vector{String}, load_path::Vector{String}, concrete_deps::Vector{Pair{Base.PkgId, UInt128}}, source::Nothing)
[0K    @ Base ./loading.jl:3288
[0K [14] top-level scope
[0K    @ stdin:5
[0K [15] eval(m::Module, e::Any)
[0K    @ Core ./boot.jl:489
[0K [16] include_string(mapexpr::typeof(identity), mod::Module, code::String, filename::String)
[0K    @ Base ./loading.jl:3130
[0K [17] include_string
[0K    @ ./loading.jl:3140 [inlined]
[0K [18] exec_options(opts::Base.JLOptions)
[0K    @ Base ./client.jl:342
[0K [19] _start()
[0K    @ Base ./client.jl:585
[0Kin expression starting at /workdir/depot/packages/MLDataDevices/4qHOT/ext/ZygoteExt.jl:1
[0Kin expression starting at stdin:5
              ✗ MLDataDevices → ZygoteExt
[0KERROR: LoadError: Precompiled image Base.PkgId(Base.UUID("e88e6eb3-aa80-5325-afca-941959d7151f"), "Zygote") not available with flags CacheFlags(; use_pkgimages=true, debug_level=1, check_bounds=0, inline=true, opt_level=2)
[0KStacktrace:
[0K  [1] error(s::String)
[0K    @ Base ./error.jl:56
[0K  [2] __require_prelocked(pkg::Base.PkgId, env::String)
[0K    @ Base ./loading.jl:2840
[0K  [3] _require_prelocked(uuidkey::Base.PkgId, env::String)
[0K    @ Base ./loading.jl:2694
[0K  [4] macro expansion
[0K    @ ./loading.jl:2621 [inlined]
[0K  [5] macro expansion
[0K    @ ./lock.jl:376 [inlined]
[0K  [6] __require(into::Module, mod::Symbol)
[0K    @ Base ./loading.jl:2585
[0K  [7] require
[0K    @ ./loading.jl:2561 [inlined]
[0K  [8] eval_import_path
[0K    @ ./module.jl:36 [inlined]
[0K  [9] eval_import_path_all(at::Module, path::Expr, keyword::String)
[0K    @ Base ./module.jl:60
[0K [10] _eval_using
[0K    @ ./module.jl:137 [inlined]
[0K [11] _eval_using(to::Module, path::Expr)
[0K    @ Base ./module.jl:137
[0K [12] top-level scope
[0K    @ /workdir/depot/packages/Flux/DZYiO/src/Flux.jl:23
[0K [13] include(mod::Module, _path::String)
[0K    @ Base ./Base.jl:309
[0K [14] include_package_for_output(pkg::Base.PkgId, input::String, syntax_version::VersionNumber, depot_path::Vector{String}, dl_load_path::Vector{String}, load_path::Vector{String}, concrete_deps::Vector{Pair{Base.PkgId, UInt128}}, source::Nothing)
[0K    @ Base ./loading.jl:3288
[0K [15] top-level scope
[0K    @ stdin:5
[0K [16] eval(m::Module, e::Any)
[0K    @ Core ./boot.jl:489
[0K [17] include_string(mapexpr::typeof(identity), mod::Module, code::String, filename::String)
[0K    @ Base ./loading.jl:3130
[0K [18] include_string
[0K    @ ./loading.jl:3140 [inlined]
[0K [19] exec_options(opts::Base.JLOptions)
[0K    @ Base ./client.jl:342
[0K [20] _start()
[0K    @ Base ./client.jl:585
[0Kin expression starting at /workdir/depot/packages/Flux/DZYiO/src/Flux.jl:1
[0Kin expression starting at stdin:5
              ✗ Flux
  148 dependencies successfully precompiled in 55 seconds. 9 already precompiled.
	Command being timed: "nice -n -10 timeout -k120 -v 3600 julia +nightly --project=F/Flux/Basic-Model-Gradient -e using Pkg; @time @eval Pkg.precompile()"
	User time (seconds): 327.55
	System time (seconds): 26.28
	Percent of CPU this job got: 207%
	Elapsed (wall clock) time (h:mm:ss or m:ss): 2:50.21
	Average shared text size (kbytes): 0
	Average unshared data size (kbytes): 0
	Average stack size (kbytes): 0
	Average total size (kbytes): 0
	Maximum resident set size (kbytes): 2545268
	Average resident set size (kbytes): 0
	Major (requiring I/O) page faults: 568
	Minor (reclaiming a frame) page faults: 9563390
	Voluntary context switches: 27248
	Involuntary context switches: 8079
	Swaps: 0
	File system inputs: 0
	File system outputs: 731240
	Socket messages sent: 0
	Socket messages received: 0
	Signals delivered: 0
	Page size (bytes): 4096
	Exit status: 0
