nice: cannot set niceness: Permission denied
Precompiling packages...
    422.4 ms  ✓ Reexport
    462.2 ms  ✓ DataAPI
    599.7 ms  ✓ Statistics
    558.5 ms  ✓ ConstructionBase
   1389.8 ms  ✓ Baselet
   1055.2 ms  ✓ SciMLPublic
    455.6 ms  ✓ RealDot
    523.0 ms  ✓ PrettyPrint
    480.1 ms  ✓ DataValueInterfaces
   1377.4 ms  ✓ IrrationalConstants
    534.1 ms  ✓ StaticArraysCore
    490.0 ms  ✓ StatsAPI
    797.3 ms  ✓ Requires
    934.2 ms  ✓ SuiteSparse_jll
    732.5 ms  ✓ EnzymeCore
    425.1 ms  ✓ Future
    661.2 ms  ✓ OrderedCollections
   1910.7 ms  ✓ UnsafeAtomics
    499.6 ms  ✓ InverseFunctions
    490.4 ms  ✓ HashArrayMappedTries
    458.1 ms  ✓ CompositionsBase
   1564.1 ms  ✓ ShowCases
    590.2 ms  ✓ ProgressLogging
    734.5 ms  ✓ Serialization
    736.0 ms  ✓ DocStringExtensions
    551.8 ms  ✓ DefineSingletons
   5884.4 ms  ✓ MacroTools
    669.3 ms  ✓ AbstractFFTs
    519.0 ms  ✓ Unicode
   1345.0 ms  ✓ InitialValues
    521.5 ms  ✓ ArgCheck
    445.7 ms  ✓ PtrArrays
    517.1 ms  ✓ Mmap
    784.2 ms  ✓ OpenLibm_jll
    450.6 ms  ✓ IteratorInterfaceExtensions
   1105.8 ms  ✓ FillArrays
    519.4 ms  ✓ Missings
    438.7 ms  ✓ ConstructionBase → ConstructionBaseLinearAlgebraExt
    452.3 ms  ✓ NameResolution
    482.8 ms  ✓ DiffResults
    502.8 ms  ✓ Adapt
   1450.1 ms  ✓ InteractiveUtils
    462.1 ms  ✓ ScopedValues
    433.6 ms  ✓ CompositionsBase → CompositionsBaseInverseFunctionsExt
   1028.4 ms  ✓ Atomix
   1738.9 ms  ✓ DataStructures
    642.2 ms  ✓ LogExpFunctions
    561.4 ms  ✓ CommonSubexpressions
    449.0 ms  ✓ InverseFunctions → InverseFunctionsDatesExt
    586.1 ms  ✓ Compat
    525.0 ms  ✓ AliasTables
   2587.5 ms  ✓ Distributed
    582.3 ms  ✓ DelimitedFiles
    520.9 ms  ✓ NaNMath
    419.3 ms  ✓ TableTraits
   2207.8 ms  ✓ Preferences
    533.0 ms  ✓ FillArrays → FillArraysStatisticsExt
   4249.6 ms  ✓ SparseArrays
    458.4 ms  ✓ EnzymeCore → AdaptExt
    606.2 ms  ✓ GPUArraysCore
    758.4 ms  ✓ SimpleTraits
   1557.5 ms  ✓ Setfield
    427.3 ms  ✓ LogExpFunctions → LogExpFunctionsInverseFunctionsExt
    567.1 ms  ✓ SortingAlgorithms
    447.6 ms  ✓ Compat → CompatLinearAlgebraExt
   2363.7 ms  ✓ IRTools
   1031.9 ms  ✓ Tables
    677.8 ms  ✓ JLLWrappers
    587.5 ms  ✓ PrecompileTools
    733.2 ms  ✓ Statistics → SparseArraysExt
    788.0 ms  ✓ SuiteSparse
   2989.7 ms  ✓ Accessors
    938.9 ms  ✓ FillArrays → FillArraysSparseArraysExt
    778.0 ms  ✓ Adapt → AdaptSparseArraysExt
    795.5 ms  ✓ Functors
    632.0 ms  ✓ ContextVariablesX
   1854.4 ms  ✓ ChainRulesCore
    991.4 ms  ✓ StructArrays
   1096.1 ms  ✓ MLCore
    828.4 ms  ✓ OpenSpecFun_jll
    679.0 ms  ✓ SparseInverseSubset
    562.2 ms  ✓ Accessors → LinearAlgebraExt
    930.5 ms  ✓ MLDataDevices
   2891.6 ms  ✓ StatsBase
    654.8 ms  ✓ FLoopsBase
    834.5 ms  ✓ ChainRulesCore → ChainRulesCoreSparseArraysExt
   1670.9 ms  ✓ Optimisers
   1002.2 ms  ✓ ZygoteRules
    696.4 ms  ✓ AbstractFFTs → AbstractFFTsChainRulesCoreExt
  12331.1 ms  ✓ Test
    770.7 ms  ✓ StructArrays → StructArraysSparseArraysExt
    588.7 ms  ✓ StructArrays → StructArraysLinearAlgebraExt
   1711.6 ms  ✓ LogExpFunctions → LogExpFunctionsChainRulesCoreExt
    536.7 ms  ✓ StructArrays → StructArraysAdaptExt
  23182.1 ms  ✓ MLStyle
    551.2 ms  ✓ Accessors → StructArraysExt
    590.9 ms  ✓ MLDataDevices → MLDataDevicesChainRulesCoreExt
    528.1 ms  ✓ MLDataDevices → MLDataDevicesFillArraysExt
    730.9 ms  ✓ BangBang
    498.0 ms  ✓ Optimisers → OptimisersAdaptExt
    474.9 ms  ✓ Optimisers → OptimisersEnzymeCoreExt
    636.3 ms  ✓ MLDataDevices → MLDataDevicesSparseArraysExt
    594.6 ms  ✓ InverseFunctions → InverseFunctionsTestExt
    934.0 ms  ✓ SplittablesBase
   2489.8 ms  ✓ SpecialFunctions
    631.2 ms  ✓ Accessors → TestExt
   1596.4 ms  ✓ AbstractFFTs → AbstractFFTsTestExt
    492.0 ms  ✓ BangBang → BangBangTablesExt
    501.1 ms  ✓ BangBang → BangBangStructArraysExt
    490.4 ms  ✓ BangBang → BangBangChainRulesCoreExt
    706.6 ms  ✓ MicroCollections
    799.7 ms  ✓ DiffRules
   2704.1 ms  ✓ JuliaVariables
   1981.6 ms  ✓ SpecialFunctions → SpecialFunctionsChainRulesCoreExt
   2408.8 ms  ✓ Transducers
   5730.3 ms  ✓ ChainRules
    797.8 ms  ✓ Transducers → TransducersAdaptExt
  15446.8 ms  ✓ StaticArrays
    769.6 ms  ✓ MLDataDevices → MLDataDevicesChainRulesExt
   3851.7 ms  ✓ ForwardDiff
    631.1 ms  ✓ StaticArrays → StaticArraysStatisticsExt
    632.9 ms  ✓ StaticArrays → StaticArraysChainRulesCoreExt
    628.7 ms  ✓ ConstructionBase → ConstructionBaseStaticArraysExt
    621.5 ms  ✓ Adapt → AdaptStaticArraysExt
    628.2 ms  ✓ Accessors → StaticArraysExt
    666.0 ms  ✓ StructArrays → StructArraysStaticArraysExt
    645.6 ms  ✓ BangBang → BangBangStaticArraysExt
    682.4 ms  ✓ ForwardDiff → ForwardDiffStaticArraysExt
   3369.3 ms  ✓ FLoops
   3118.5 ms  ✓ KernelAbstractions
    677.6 ms  ✓ KernelAbstractions → LinearAlgebraExt
    710.0 ms  ✓ StructArrays → StructArraysGPUArraysCoreExt
    750.6 ms  ✓ KernelAbstractions → EnzymeExt
    832.0 ms  ✓ KernelAbstractions → SparseArraysExt
[0KERROR: LoadError: ParseError:
[0K# Error @ /workdir/depot/packages/Zygote/55SqB/src/lib/array.jl:609:19
[0K  # to create a Diagonal
[0K  tr(x), function (Δ::Number)
[0K#                 └─────────┘ ── Invalid signature in function definition
[0KStacktrace:
[0K  [1] top-level scope
[0K    @ /workdir/depot/packages/Zygote/55SqB/src/lib/array.jl:609
[0K  [2] include(mapexpr::Function, mod::Module, _path::String)
[0K    @ Base ./Base.jl:310
[0K  [3] top-level scope
[0K    @ /workdir/depot/packages/Zygote/55SqB/src/Zygote.jl:40
[0K  [4] include(mod::Module, _path::String)
[0K    @ Base ./Base.jl:309
[0K  [5] include_package_for_output(pkg::Base.PkgId, input::String, syntax_version::VersionNumber, depot_path::Vector{String}, dl_load_path::Vector{String}, load_path::Vector{String}, concrete_deps::Vector{Pair{Base.PkgId, UInt128}}, source::Nothing)
[0K    @ Base ./loading.jl:3282
[0K  [6] top-level scope
[0K    @ stdin:5
[0K  [7] eval(m::Module, e::Any)
[0K    @ Core ./boot.jl:489
[0K  [8] include_string(mapexpr::typeof(identity), mod::Module, code::String, filename::String)
[0K    @ Base ./loading.jl:3124
[0K  [9] include_string
[0K    @ ./loading.jl:3134 [inlined]
[0K [10] exec_options(opts::Base.JLOptions)
[0K    @ Base ./client.jl:342
[0K [11] _start()
[0K    @ Base ./client.jl:577
[0Kin expression starting at /workdir/depot/packages/Zygote/55SqB/src/lib/array.jl:609
[0Kin expression starting at /workdir/depot/packages/Zygote/55SqB/src/Zygote.jl:1
[0Kin expression starting at stdin:5
              ✗ Zygote
[0KERROR: LoadError: Precompiled image Base.PkgId(Base.UUID("e88e6eb3-aa80-5325-afca-941959d7151f"), "Zygote") not available with flags CacheFlags(; use_pkgimages=true, debug_level=1, check_bounds=0, inline=true, opt_level=2)
[0KStacktrace:
[0K  [1] error(s::String)
[0K    @ Base ./error.jl:44
[0K  [2] __require_prelocked(pkg::Base.PkgId, env::String)
[0K    @ Base ./loading.jl:2845
[0K  [3] _require_prelocked(uuidkey::Base.PkgId, env::String)
[0K    @ Base ./loading.jl:2697
[0K  [4] macro expansion
[0K    @ ./loading.jl:2625 [inlined]
[0K  [5] macro expansion
[0K    @ ./lock.jl:376 [inlined]
[0K  [6] __require(into::Module, mod::Symbol)
[0K    @ Base ./loading.jl:2589
[0K  [7] require
[0K    @ ./loading.jl:2565 [inlined]
[0K  [8] eval_import_path
[0K    @ ./module.jl:36 [inlined]
[0K  [9] eval_import_path_all(at::Module, path::Expr, keyword::String)
[0K    @ Base ./module.jl:60
[0K [10] _eval_import(::Bool, ::Module, ::Expr, ::Expr, ::Vararg{Expr})
[0K    @ Base ./module.jl:101
[0K [11] top-level scope
[0K    @ /workdir/depot/packages/MLDataDevices/VbFbH/ext/MLDataDevicesZygoteExt.jl:5
[0K [12] include(mod::Module, _path::String)
[0K    @ Base ./Base.jl:309
[0K [13] include_package_for_output(pkg::Base.PkgId, input::String, syntax_version::VersionNumber, depot_path::Vector{String}, dl_load_path::Vector{String}, load_path::Vector{String}, concrete_deps::Vector{Pair{Base.PkgId, UInt128}}, source::Nothing)
[0K    @ Base ./loading.jl:3282
[0K [14] top-level scope
[0K    @ stdin:5
[0K [15] eval(m::Module, e::Any)
[0K    @ Core ./boot.jl:489
[0K [16] include_string(mapexpr::typeof(identity), mod::Module, code::String, filename::String)
[0K    @ Base ./loading.jl:3124
[0K [17] include_string
[0K    @ ./loading.jl:3134 [inlined]
[0K [18] exec_options(opts::Base.JLOptions)
[0K    @ Base ./client.jl:342
[0K [19] _start()
[0K    @ Base ./client.jl:577
[0Kin expression starting at /workdir/depot/packages/MLDataDevices/VbFbH/ext/MLDataDevicesZygoteExt.jl:1
[0Kin expression starting at stdin:5
              ✗ MLDataDevices → MLDataDevicesZygoteExt
   3521.0 ms  ✓ NNlib
    733.4 ms  ✓ NNlib → NNlibSpecialFunctionsExt
    779.9 ms  ✓ NNlib → NNlibForwardDiffExt
    838.2 ms  ✓ NNlib → NNlibEnzymeCoreExt
    877.1 ms  ✓ OneHotArrays
    617.8 ms  ✓ MLDataDevices → MLDataDevicesOneHotArraysExt
   5113.4 ms  ✓ MLUtils
   1090.9 ms  ✓ MLDataDevices → MLDataDevicesMLUtilsExt
[0KERROR: LoadError: Precompiled image Base.PkgId(Base.UUID("e88e6eb3-aa80-5325-afca-941959d7151f"), "Zygote") not available with flags CacheFlags(; use_pkgimages=true, debug_level=1, check_bounds=0, inline=true, opt_level=2)
[0KStacktrace:
[0K  [1] error(s::String)
[0K    @ Base ./error.jl:44
[0K  [2] __require_prelocked(pkg::Base.PkgId, env::String)
[0K    @ Base ./loading.jl:2845
[0K  [3] _require_prelocked(uuidkey::Base.PkgId, env::String)
[0K    @ Base ./loading.jl:2697
[0K  [4] macro expansion
[0K    @ ./loading.jl:2625 [inlined]
[0K  [5] macro expansion
[0K    @ ./lock.jl:376 [inlined]
[0K  [6] __require(into::Module, mod::Symbol)
[0K    @ Base ./loading.jl:2589
[0K  [7] require
[0K    @ ./loading.jl:2565 [inlined]
[0K  [8] eval_import_path
[0K    @ ./module.jl:36 [inlined]
[0K  [9] eval_import_path_all(at::Module, path::Expr, keyword::String)
[0K    @ Base ./module.jl:60
[0K [10] _eval_using
[0K    @ ./module.jl:137 [inlined]
[0K [11] _eval_using(to::Module, path::Expr)
[0K    @ Base ./module.jl:137
[0K [12] top-level scope
[0K    @ /workdir/depot/packages/Flux/WMUyh/src/Flux.jl:23
[0K [13] include(mod::Module, _path::String)
[0K    @ Base ./Base.jl:309
[0K [14] include_package_for_output(pkg::Base.PkgId, input::String, syntax_version::VersionNumber, depot_path::Vector{String}, dl_load_path::Vector{String}, load_path::Vector{String}, concrete_deps::Vector{Pair{Base.PkgId, UInt128}}, source::Nothing)
[0K    @ Base ./loading.jl:3282
[0K [15] top-level scope
[0K    @ stdin:5
[0K [16] eval(m::Module, e::Any)
[0K    @ Core ./boot.jl:489
[0K [17] include_string(mapexpr::typeof(identity), mod::Module, code::String, filename::String)
[0K    @ Base ./loading.jl:3124
[0K [18] include_string
[0K    @ ./loading.jl:3134 [inlined]
[0K [19] exec_options(opts::Base.JLOptions)
[0K    @ Base ./client.jl:342
[0K [20] _start()
[0K    @ Base ./client.jl:577
[0Kin expression starting at /workdir/depot/packages/Flux/WMUyh/src/Flux.jl:1
[0Kin expression starting at stdin:5
              ✗ Flux
  142 dependencies successfully precompiled in 51 seconds. 9 already precompiled.
	Command being timed: "nice -n -10 timeout -k120 -v 3600 julia +nightly --project=F/Flux/Basic-Model-Gradient -e using Pkg; @time @eval Pkg.precompile()"
	User time (seconds): 323.78
	System time (seconds): 26.51
	Percent of CPU this job got: 197%
	Elapsed (wall clock) time (h:mm:ss or m:ss): 2:57.63
	Average shared text size (kbytes): 0
	Average unshared data size (kbytes): 0
	Average stack size (kbytes): 0
	Average total size (kbytes): 0
	Maximum resident set size (kbytes): 2549928
	Average resident set size (kbytes): 0
	Major (requiring I/O) page faults: 511
	Minor (reclaiming a frame) page faults: 9194451
	Voluntary context switches: 26101
	Involuntary context switches: 9320
	Swaps: 0
	File system inputs: 0
	File system outputs: 719352
	Socket messages sent: 0
	Socket messages received: 0
	Signals delivered: 0
	Page size (bytes): 4096
	Exit status: 0
