nice: cannot set niceness: Permission denied
Precompiling packages...
  73091.7 ms  ✓ Pkg (serial)
  1 dependency successfully precompiled in 73 seconds
Precompiling packages...
   2392.7 ms  ✓ DataValueInterfaces
   2472.7 ms  ✓ RealDot
   2549.0 ms  ✓ DefineSingletons
   2581.4 ms  ✓ OpenLibm_jll
   2578.3 ms  ✓ Reexport
   2680.9 ms  ✓ Unicode
   3273.2 ms  ✓ InverseFunctions
   3488.1 ms  ✓ AbstractFFTs
   3613.2 ms  ✓ Statistics
   3745.6 ms  ✓ DocStringExtensions
   3979.9 ms  ✓ Serialization
   4052.6 ms  ✓ EnzymeCore
   2605.6 ms  ✓ IteratorInterfaceExtensions
   5382.9 ms  ✓ FillArrays
   2850.0 ms  ✓ PrettyPrint
   2886.7 ms  ✓ DataAPI
   2903.6 ms  ✓ ArgCheck
   2889.4 ms  ✓ StatsAPI
   2901.6 ms  ✓ CompilerSupportLibraries_jll
   3092.8 ms  ✓ ProgressLogging
   2990.3 ms  ✓ SuiteSparse_jll
   3090.5 ms  ✓ Mmap
   2486.4 ms  ✓ Future
   2596.5 ms  ✓ CompositionsBase
   2606.0 ms  ✓ PtrArrays
   3004.7 ms  ✓ SciMLPublic
   2893.2 ms  ✓ StaticArraysCore
   2896.5 ms  ✓ HashArrayMappedTries
  10977.3 ms  ✓ OrderedCollections
   5612.7 ms  ✓ InitialValues
   4703.7 ms  ✓ Requires
   2603.4 ms  ✓ InverseFunctions → InverseFunctionsDatesExt
  10099.1 ms  ✓ ConstructionBase
   3814.3 ms  ✓ Preferences
   9992.6 ms  ✓ ShowCases
   2703.2 ms  ✓ TableTraits
   2748.7 ms  ✓ FillArrays → FillArraysStatisticsExt
   7118.0 ms  ✓ Baselet
   2595.6 ms  ✓ NameResolution
  12097.2 ms  ✓ UnsafeAtomics
  14805.0 ms  ✓ IrrationalConstants
   2792.0 ms  ✓ CompositionsBase → CompositionsBaseInverseFunctionsExt
   3301.0 ms  ✓ DelimitedFiles
   2593.6 ms  ✓ ScopedValues
   3013.7 ms  ✓ AliasTables
   2792.5 ms  ✓ DiffResults
   9065.9 ms  ✓ NaNMath
   2762.5 ms  ✓ Adapt
   2697.9 ms  ✓ ConstructionBase → ConstructionBaseLinearAlgebraExt
  10195.3 ms  ✓ Compat
   2414.1 ms  ✓ PrecompileTools
   2981.8 ms  ✓ JLLWrappers
   2596.4 ms  ✓ Atomix
   2119.3 ms  ✓ EnzymeCore → AdaptExt
   3393.0 ms  ✓ LogExpFunctions
   2004.0 ms  ✓ Compat → CompatLinearAlgebraExt
   2946.7 ms  ✓ GPUArraysCore
   8394.8 ms  ✓ Missings
  13512.5 ms  ✓ InteractiveUtils
   1998.5 ms  ✓ LogExpFunctions → LogExpFunctionsInverseFunctionsExt
   1999.7 ms  ✓ ContextVariablesX
   3105.7 ms  ✓ OpenSpecFun_jll
   8202.9 ms  ✓ DataStructures
  17998.7 ms  ✓ MacroTools
   2884.7 ms  ✓ FLoopsBase
   2889.9 ms  ✓ SortingAlgorithms
   2713.4 ms  ✓ CommonSubexpressions
  16104.5 ms  ✓ Distributed
   9391.2 ms  ✓ Tables
   3909.6 ms  ✓ SimpleTraits
   7579.0 ms  ✓ Functors
   5190.4 ms  ✓ Setfield
   9602.2 ms  ✓ ChainRulesCore
   3592.9 ms  ✓ MLCore
   3026.6 ms  ✓ MLDataDevices
   2295.3 ms  ✓ AbstractFFTs → AbstractFFTsChainRulesCoreExt
  10392.2 ms  ✓ SpecialFunctions
   3188.1 ms  ✓ ZygoteRules
   7004.8 ms  ✓ StructArrays
   2295.2 ms  ✓ MLDataDevices → MLDataDevicesFillArraysExt
   2676.8 ms  ✓ MLDataDevices → MLDataDevicesChainRulesCoreExt
  11292.9 ms  ✓ IRTools
  21981.5 ms  ✓ SparseArrays
   2096.7 ms  ✓ StructArrays → StructArraysAdaptExt
   2501.0 ms  ✓ StructArrays → StructArraysLinearAlgebraExt
   2993.4 ms  ✓ DiffRules
   6382.4 ms  ✓ LogExpFunctions → LogExpFunctionsChainRulesCoreExt
  13891.6 ms  ✓ Accessors
   3020.2 ms  ✓ SuiteSparse
   3014.1 ms  ✓ Adapt → AdaptSparseArraysExt
   3097.8 ms  ✓ Statistics → SparseArraysExt
   3510.9 ms  ✓ FillArrays → FillArraysSparseArraysExt
   3687.7 ms  ✓ MLDataDevices → MLDataDevicesSparseArraysExt
   3069.5 ms  ✓ StructArrays → StructArraysSparseArraysExt
   1917.4 ms  ✓ Accessors → LinearAlgebraExt
   2108.1 ms  ✓ Accessors → StructArraysExt
   9694.3 ms  ✓ Optimisers
   6905.9 ms  ✓ SpecialFunctions → SpecialFunctionsChainRulesCoreExt
   2694.1 ms  ✓ SparseInverseSubset
  19399.1 ms  ✓ Test
   1797.5 ms  ✓ Optimisers → OptimisersEnzymeCoreExt
   1993.6 ms  ✓ Optimisers → OptimisersAdaptExt
   7285.5 ms  ✓ ChainRulesCore → ChainRulesCoreSparseArraysExt
   3085.0 ms  ✓ BangBang
   2176.9 ms  ✓ Accessors → TestExt
   2493.9 ms  ✓ InverseFunctions → InverseFunctionsTestExt
   1811.0 ms  ✓ BangBang → BangBangTablesExt
   1908.6 ms  ✓ BangBang → BangBangChainRulesCoreExt
   1962.1 ms  ✓ BangBang → BangBangStructArraysExt
   3293.7 ms  ✓ SplittablesBase
   2205.4 ms  ✓ MicroCollections
   3992.7 ms  ✓ AbstractFFTs → AbstractFFTsTestExt
   9030.3 ms  ✓ StatsBase
  27943.5 ms  ✓ StaticArrays
   1835.0 ms  ✓ StaticArrays → StaticArraysStatisticsExt
   2028.7 ms  ✓ Adapt → AdaptStaticArraysExt
  12911.9 ms  ✓ ForwardDiff
   2146.6 ms  ✓ Accessors → StaticArraysExt
   2251.5 ms  ✓ ConstructionBase → ConstructionBaseStaticArraysExt
   2240.5 ms  ✓ BangBang → BangBangStaticArraysExt
   1133.4 ms  ✓ ForwardDiff → ForwardDiffStaticArraysExt
   3653.9 ms  ✓ StaticArrays → StaticArraysChainRulesCoreExt
   3845.9 ms  ✓ StructArrays → StructArraysStaticArraysExt
   8198.8 ms  ✓ Transducers
   1891.8 ms  ✓ Transducers → TransducersAdaptExt
   8569.9 ms  ✓ KernelAbstractions
  57451.3 ms  ✓ MLStyle
  15778.8 ms  ✓ ChainRules
    965.2 ms  ✓ KernelAbstractions → LinearAlgebraExt
   1045.2 ms  ✓ StructArrays → StructArraysGPUArraysCoreExt
   1103.0 ms  ✓ KernelAbstractions → EnzymeExt
   1237.2 ms  ✓ KernelAbstractions → SparseArraysExt
   1015.9 ms  ✓ MLDataDevices → MLDataDevicesChainRulesExt
   2385.8 ms  ✓ JuliaVariables
   4090.7 ms  ✓ NNlib
   3105.5 ms  ✓ FLoops
    970.3 ms  ✓ NNlib → NNlibSpecialFunctionsExt
   1024.7 ms  ✓ NNlib → NNlibForwardDiffExt
   1076.9 ms  ✓ NNlib → NNlibEnzymeCoreExt
   1131.1 ms  ✓ OneHotArrays
    643.9 ms  ✓ MLDataDevices → MLDataDevicesOneHotArraysExt
   5509.1 ms  ✓ MLUtils
   1185.6 ms  ✓ MLDataDevices → MLDataDevicesMLUtilsExt
  23960.8 ms  ✓ Zygote
   1035.0 ms  ✓ MLDataDevices → MLDataDevicesZygoteExt
   6120.8 ms  ✓ Flux
  146 dependencies successfully precompiled in 89 seconds. 9 already precompiled.
	Command being timed: "nice -n -10 timeout -k120 -v 3600 julia +release --project=F/Flux/Basic-Model-Gradient -e using Pkg; @time @eval Pkg.precompile()"
	User time (seconds): 414.77
	System time (seconds): 34.78
	Percent of CPU this job got: 276%
	Elapsed (wall clock) time (h:mm:ss or m:ss): 2:42.48
	Average shared text size (kbytes): 0
	Average unshared data size (kbytes): 0
	Average stack size (kbytes): 0
	Average total size (kbytes): 0
	Maximum resident set size (kbytes): 2097640
	Average resident set size (kbytes): 0
	Major (requiring I/O) page faults: 489
	Minor (reclaiming a frame) page faults: 8898591
	Voluntary context switches: 23881
	Involuntary context switches: 32105
	Swaps: 0
	File system inputs: 0
	File system outputs: 810056
	Socket messages sent: 0
	Socket messages received: 0
	Signals delivered: 0
	Page size (bytes): 4096
	Exit status: 0
