nice: cannot set niceness: Permission denied
Precompiling packages...
    421.3 ms  ✓ Reexport
    476.0 ms  ✓ DataAPI
    598.5 ms  ✓ Statistics
    591.0 ms  ✓ ConstructionBase
    896.3 ms  ✓ SciMLPublic
   1365.9 ms  ✓ Baselet
    480.4 ms  ✓ RealDot
    483.2 ms  ✓ DataValueInterfaces
    529.0 ms  ✓ PrettyPrint
   1415.9 ms  ✓ IrrationalConstants
    583.6 ms  ✓ StaticArraysCore
    509.7 ms  ✓ StatsAPI
    786.3 ms  ✓ Requires
   1000.3 ms  ✓ SuiteSparse_jll
    737.8 ms  ✓ EnzymeCore
    448.9 ms  ✓ Future
    651.0 ms  ✓ OrderedCollections
    532.2 ms  ✓ InverseFunctions
   1929.8 ms  ✓ UnsafeAtomics
    556.5 ms  ✓ HashArrayMappedTries
   1672.1 ms  ✓ ShowCases
    807.9 ms  ✓ ADTypes
    580.0 ms  ✓ CompositionsBase
   5381.1 ms  ✓ MacroTools
    634.5 ms  ✓ ProgressLogging
    778.4 ms  ✓ Serialization
    634.0 ms  ✓ DocStringExtensions
    476.9 ms  ✓ DefineSingletons
    600.3 ms  ✓ AbstractFFTs
    494.5 ms  ✓ Unicode
    518.6 ms  ✓ ArgCheck
   1223.4 ms  ✓ InitialValues
    480.0 ms  ✓ PtrArrays
    781.3 ms  ✓ OpenLibm_jll
    513.7 ms  ✓ Mmap
    470.4 ms  ✓ IteratorInterfaceExtensions
   1135.8 ms  ✓ FillArrays
    544.6 ms  ✓ Missings
    450.6 ms  ✓ ConstructionBase → ConstructionBaseLinearAlgebraExt
    469.8 ms  ✓ NameResolution
    503.0 ms  ✓ DiffResults
    514.2 ms  ✓ Adapt
   1293.9 ms  ✓ InteractiveUtils
    466.4 ms  ✓ ScopedValues
    418.1 ms  ✓ ADTypes → ADTypesConstructionBaseExt
   1010.8 ms  ✓ Atomix
    432.3 ms  ✓ ADTypes → ADTypesEnzymeCoreExt
    437.7 ms  ✓ CompositionsBase → CompositionsBaseInverseFunctionsExt
   1795.7 ms  ✓ DataStructures
    557.0 ms  ✓ CommonSubexpressions
    435.1 ms  ✓ InverseFunctions → InverseFunctionsDatesExt
    631.2 ms  ✓ LogExpFunctions
    592.4 ms  ✓ Compat
    496.4 ms  ✓ AliasTables
   2525.3 ms  ✓ Distributed
    609.1 ms  ✓ NaNMath
    515.2 ms  ✓ DelimitedFiles
    411.4 ms  ✓ TableTraits
   2319.4 ms  ✓ Preferences
    581.2 ms  ✓ FillArrays → FillArraysStatisticsExt
    647.9 ms  ✓ GPUArraysCore
    440.1 ms  ✓ EnzymeCore → AdaptExt
   4294.0 ms  ✓ SparseArrays
   1645.8 ms  ✓ Setfield
    781.0 ms  ✓ SimpleTraits
    556.0 ms  ✓ SortingAlgorithms
    437.3 ms  ✓ LogExpFunctions → LogExpFunctionsInverseFunctionsExt
   2081.0 ms  ✓ IRTools
    548.0 ms  ✓ Compat → CompatLinearAlgebraExt
    686.6 ms  ✓ JLLWrappers
   1112.5 ms  ✓ Tables
    644.1 ms  ✓ PrecompileTools
   2930.9 ms  ✓ Accessors
    810.0 ms  ✓ Statistics → SparseArraysExt
    711.5 ms  ✓ SuiteSparse
    841.3 ms  ✓ FillArrays → FillArraysSparseArraysExt
    700.4 ms  ✓ Adapt → AdaptSparseArraysExt
    771.2 ms  ✓ Functors
    627.3 ms  ✓ ContextVariablesX
   1784.1 ms  ✓ ChainRulesCore
    827.9 ms  ✓ OpenSpecFun_jll
   1034.7 ms  ✓ StructArrays
    613.1 ms  ✓ Accessors → LinearAlgebraExt
   1060.4 ms  ✓ MLCore
    712.2 ms  ✓ SparseInverseSubset
    923.9 ms  ✓ MLDataDevices
    698.2 ms  ✓ FLoopsBase
   3109.3 ms  ✓ StatsBase
    866.8 ms  ✓ ChainRulesCore → ChainRulesCoreSparseArraysExt
    959.6 ms  ✓ ZygoteRules
   1673.8 ms  ✓ Optimisers
    700.8 ms  ✓ EnzymeCore → EnzymeCoreChainRulesCoreExt
  11888.1 ms  ✓ Test
    551.5 ms  ✓ ADTypes → ADTypesChainRulesCoreExt
    639.6 ms  ✓ AbstractFFTs → AbstractFFTsChainRulesCoreExt
  23277.2 ms  ✓ MLStyle
    693.6 ms  ✓ StructArrays → StructArraysSparseArraysExt
   1501.1 ms  ✓ LogExpFunctions → LogExpFunctionsChainRulesCoreExt
    453.0 ms  ✓ StructArrays → StructArraysAdaptExt
    483.8 ms  ✓ StructArrays → StructArraysLinearAlgebraExt
    509.1 ms  ✓ Accessors → StructArraysExt
    664.3 ms  ✓ MLDataDevices → SparseArraysExt
    770.1 ms  ✓ BangBang
    562.6 ms  ✓ MLDataDevices → FillArraysExt
   2681.7 ms  ✓ SpecialFunctions
    517.5 ms  ✓ Optimisers → OptimisersAdaptExt
    612.5 ms  ✓ MLDataDevices → ChainRulesCoreExt
    500.1 ms  ✓ Optimisers → OptimisersEnzymeCoreExt
    602.1 ms  ✓ InverseFunctions → InverseFunctionsTestExt
    611.9 ms  ✓ Accessors → TestExt
    929.9 ms  ✓ SplittablesBase
    511.2 ms  ✓ BangBang → BangBangTablesExt
   1634.0 ms  ✓ AbstractFFTs → AbstractFFTsTestExt
    634.0 ms  ✓ BangBang → BangBangStructArraysExt
    598.0 ms  ✓ BangBang → BangBangChainRulesCoreExt
    754.2 ms  ✓ MicroCollections
   2919.9 ms  ✓ JuliaVariables
    831.2 ms  ✓ DiffRules
   2035.5 ms  ✓ SpecialFunctions → SpecialFunctionsChainRulesCoreExt
   2526.2 ms  ✓ Transducers
  15452.0 ms  ✓ StaticArrays
   5845.0 ms  ✓ ChainRules
    742.5 ms  ✓ Transducers → TransducersAdaptExt
   3434.4 ms  ✓ ForwardDiff
    673.9 ms  ✓ StaticArrays → StaticArraysStatisticsExt
    694.3 ms  ✓ StaticArrays → StaticArraysChainRulesCoreExt
    675.3 ms  ✓ ConstructionBase → ConstructionBaseStaticArraysExt
    681.1 ms  ✓ FillArrays → FillArraysStaticArraysExt
    605.6 ms  ✓ Adapt → AdaptStaticArraysExt
    654.8 ms  ✓ Accessors → StaticArraysExt
    694.0 ms  ✓ StructArrays → StructArraysStaticArraysExt
    640.6 ms  ✓ BangBang → BangBangStaticArraysExt
    751.9 ms  ✓ MLDataDevices → ChainRulesExt
    678.2 ms  ✓ ForwardDiff → ForwardDiffStaticArraysExt
   3373.2 ms  ✓ FLoops
   3137.1 ms  ✓ KernelAbstractions
    680.4 ms  ✓ KernelAbstractions → LinearAlgebraExt
    717.8 ms  ✓ StructArrays → StructArraysGPUArraysCoreExt
    755.8 ms  ✓ KernelAbstractions → EnzymeExt
    848.2 ms  ✓ KernelAbstractions → SparseArraysExt
   3543.0 ms  ✓ NNlib
    750.6 ms  ✓ NNlib → NNlibSpecialFunctionsExt
    794.3 ms  ✓ NNlib → NNlibForwardDiffExt
    856.2 ms  ✓ NNlib → NNlibEnzymeCoreExt
    940.2 ms  ✓ OneHotArrays
    640.4 ms  ✓ MLDataDevices → OneHotArraysExt
   5231.2 ms  ✓ MLUtils
   1149.7 ms  ✓ MLDataDevices → MLUtilsExt
[0KInternal error: during type inference of
[0K_pullback(Zygote.Context{false}, typeof(Zygote.pow), Int64, Int64)
[0KEncountered unexpected error in runtime:
[0KTypeError(func=:typeassert, context="", expected=Union{Nothing, Array{Any, 1}, Core.SimpleVector}, got=Array{Core.MethodInstance, 1}(dims=(1,), mem=Memory{Core.MethodInstance}(1, 0x7ceb30d298e0)[pow(Int64, Int64) from pow(Any, Any)]))
[0Kijl_type_error_rt at /cache/build/builder-amdci5-5/julialang/julia-master/src/rtutils.c:121
[0Kijl_type_error at /cache/build/builder-amdci5-5/julialang/julia-master/src/rtutils.c:140
[0Kcompute_edges! at ./../usr/share/julia/Compiler/src/typeinfer.jl:820
[0Kfinishinfer! at ./../usr/share/julia/Compiler/src/typeinfer.jl:668
[0Kfinish_nocycle at ./../usr/share/julia/Compiler/src/typeinfer.jl:275
[0Kjfptr_finish_nocycle_89852.1 at /root/.julia/juliaup/julia-nightly/lib/julia/sys.so (unknown line)
[0Ktypeinf at ./../usr/share/julia/Compiler/src/abstractinterpretation.jl:4575
[0Ktypeinf_ext at ./../usr/share/julia/Compiler/src/typeinfer.jl:1532
[0Ktypeinf_ext_toplevel at ./../usr/share/julia/Compiler/src/typeinfer.jl:1715 [inlined]
[0Ktypeinf_ext_toplevel at ./../usr/share/julia/Compiler/src/typeinfer.jl:1724
[0Kjfptr_typeinf_ext_toplevel_86846.1 at /root/.julia/juliaup/julia-nightly/lib/julia/sys.so (unknown line)
[0Kjl_apply at /cache/build/builder-amdci5-5/julialang/julia-master/src/julia.h:2285 [inlined]
[0Kjl_type_infer at /cache/build/builder-amdci5-5/julialang/julia-master/src/gf.c:467
[0Kjl_compile_method_internal at /cache/build/builder-amdci5-5/julialang/julia-master/src/gf.c:3640
[0K_jl_invoke at /cache/build/builder-amdci5-5/julialang/julia-master/src/gf.c:4112 [inlined]
[0Kijl_apply_generic at /cache/build/builder-amdci5-5/julialang/julia-master/src/gf.c:4317
[0Kjl_apply at /cache/build/builder-amdci5-5/julialang/julia-master/src/julia.h:2285 [inlined]
[0Kjl_f__apply_iterate at /cache/build/builder-amdci5-5/julialang/julia-master/src/builtins.c:876
[0Kpullback at /workdir/depot/packages/Zygote/55SqB/src/compiler/interface.jl:96
[0Kpullback at /workdir/depot/packages/Zygote/55SqB/src/compiler/interface.jl:94
[0Kunknown function (ip: 0x7ceb21335df0) at (unknown file)
[0Kjl_apply at /cache/build/builder-amdci5-5/julialang/julia-master/src/julia.h:2285 [inlined]
[0Kjl_f__apply_iterate at /cache/build/builder-amdci5-5/julialang/julia-master/src/builtins.c:876
[0Kgradient at /workdir/depot/packages/Zygote/55SqB/src/compiler/interface.jl:153
[0Kjl_apply at /cache/build/builder-amdci5-5/julialang/julia-master/src/julia.h:2285 [inlined]
[0Kdo_call at /cache/build/builder-amdci5-5/julialang/julia-master/src/interpreter.c:123
[0Keval_value at /cache/build/builder-amdci5-5/julialang/julia-master/src/interpreter.c:243
[0Keval_stmt_value at /cache/build/builder-amdci5-5/julialang/julia-master/src/interpreter.c:194 [inlined]
[0Keval_body at /cache/build/builder-amdci5-5/julialang/julia-master/src/interpreter.c:679
[0Kjl_interpret_toplevel_thunk at /cache/build/builder-amdci5-5/julialang/julia-master/src/interpreter.c:884
[0Ktop-level scope at /workdir/depot/packages/Zygote/55SqB/src/precompile.jl:17
[0Kijl_eval_thunk at /cache/build/builder-amdci5-5/julialang/julia-master/src/toplevel.c:765
[0Kjl_toplevel_eval_flex at /cache/build/builder-amdci5-5/julialang/julia-master/src/toplevel.c:712
[0Kjl_eval_toplevel_stmts at /cache/build/builder-amdci5-5/julialang/julia-master/src/toplevel.c:602
[0Kjl_toplevel_eval_flex at /cache/build/builder-amdci5-5/julialang/julia-master/src/toplevel.c:684
[0Kijl_toplevel_eval at /cache/build/builder-amdci5-5/julialang/julia-master/src/toplevel.c:779
[0Kijl_toplevel_eval_in at /cache/build/builder-amdci5-5/julialang/julia-master/src/toplevel.c:824
[0Keval at ./boot.jl:489
[0Kinclude_string at ./loading.jl:3130
[0K_include at ./loading.jl:3190
[0Kinclude at ./Base.jl:310
[0KIncludeInto at ./Base.jl:311
[0Kjfptr_IncludeInto_73268.1 at /root/.julia/juliaup/julia-nightly/lib/julia/sys.so (unknown line)
[0Kjl_apply at /cache/build/builder-amdci5-5/julialang/julia-master/src/julia.h:2285 [inlined]
[0Kdo_call at /cache/build/builder-amdci5-5/julialang/julia-master/src/interpreter.c:123
[0Keval_value at /cache/build/builder-amdci5-5/julialang/julia-master/src/interpreter.c:243
[0Keval_stmt_value at /cache/build/builder-amdci5-5/julialang/julia-master/src/interpreter.c:194 [inlined]
[0Keval_body at /cache/build/builder-amdci5-5/julialang/julia-master/src/interpreter.c:679
[0Keval_body at /cache/build/builder-amdci5-5/julialang/julia-master/src/interpreter.c:558
[0Kjl_interpret_toplevel_thunk at /cache/build/builder-amdci5-5/julialang/julia-master/src/interpreter.c:884
[0Kmacro expansion at /workdir/depot/packages/Zygote/55SqB/src/Zygote.jl:68 [inlined]
[0Kmacro expansion at /workdir/depot/packages/PrecompileTools/gn08A/src/workloads.jl:73 [inlined]
[0Ktop-level scope at /workdir/depot/packages/Zygote/55SqB/src/Zygote.jl:85
[0Kijl_eval_thunk at /cache/build/builder-amdci5-5/julialang/julia-master/src/toplevel.c:765
[0Kjl_toplevel_eval_flex at /cache/build/builder-amdci5-5/julialang/julia-master/src/toplevel.c:712
[0Kjl_eval_toplevel_stmts at /cache/build/builder-amdci5-5/julialang/julia-master/src/toplevel.c:602
[0Kjl_eval_module_expr at /cache/build/builder-amdci5-5/julialang/julia-master/src/toplevel.c:263 [inlined]
[0Kjl_toplevel_eval_flex at /cache/build/builder-amdci5-5/julialang/julia-master/src/toplevel.c:665
[0Kjl_eval_toplevel_stmts at /cache/build/builder-amdci5-5/julialang/julia-master/src/toplevel.c:602
[0Kjl_toplevel_eval_flex at /cache/build/builder-amdci5-5/julialang/julia-master/src/toplevel.c:684
[0Kijl_toplevel_eval at /cache/build/builder-amdci5-5/julialang/julia-master/src/toplevel.c:779
[0Kijl_toplevel_eval_in at /cache/build/builder-amdci5-5/julialang/julia-master/src/toplevel.c:824
[0Keval at ./boot.jl:489
[0Kinclude_string at ./loading.jl:3130
[0K_include at ./loading.jl:3190
[0Kinclude at ./Base.jl:309
[0Kinclude_package_for_output at ./loading.jl:3288
[0Kjfptr_include_package_for_output_51506.1 at /root/.julia/juliaup/julia-nightly/lib/julia/sys.so (unknown line)
[0Kjl_apply at /cache/build/builder-amdci5-5/julialang/julia-master/src/julia.h:2285 [inlined]
[0Kdo_call at /cache/build/builder-amdci5-5/julialang/julia-master/src/interpreter.c:123
[0Keval_value at /cache/build/builder-amdci5-5/julialang/julia-master/src/interpreter.c:243
[0Keval_stmt_value at /cache/build/builder-amdci5-5/julialang/julia-master/src/interpreter.c:194 [inlined]
[0Keval_body at /cache/build/builder-amdci5-5/julialang/julia-master/src/interpreter.c:679
[0Kjl_interpret_toplevel_thunk at /cache/build/builder-amdci5-5/julialang/julia-master/src/interpreter.c:884
[0Ktop-level scope at stdin:5
[0Kijl_eval_thunk at /cache/build/builder-amdci5-5/julialang/julia-master/src/toplevel.c:765
[0Kjl_toplevel_eval_flex at /cache/build/builder-amdci5-5/julialang/julia-master/src/toplevel.c:712
[0Kjl_eval_toplevel_stmts at /cache/build/builder-amdci5-5/julialang/julia-master/src/toplevel.c:602
[0Kjl_toplevel_eval_flex at /cache/build/builder-amdci5-5/julialang/julia-master/src/toplevel.c:684
[0Kijl_toplevel_eval at /cache/build/builder-amdci5-5/julialang/julia-master/src/toplevel.c:779
[0Kijl_toplevel_eval_in at /cache/build/builder-amdci5-5/julialang/julia-master/src/toplevel.c:824
[0Keval at ./boot.jl:489
[0Kinclude_string at ./loading.jl:3130
[0Kinclude_string at ./loading.jl:3140 [inlined]
[0Kexec_options at ./client.jl:342
[0K_start at ./client.jl:585
[0Kjfptr__start_30912.1 at /root/.julia/juliaup/julia-nightly/lib/julia/sys.so (unknown line)
[0Kjl_apply at /cache/build/builder-amdci5-5/julialang/julia-master/src/julia.h:2285 [inlined]
[0Ktrue_main at /cache/build/builder-amdci5-5/julialang/julia-master/src/jlapi.c:971
[0Kjl_repl_entrypoint at /cache/build/builder-amdci5-5/julialang/julia-master/src/jlapi.c:1138
[0Kmain at /cache/build/builder-amdci5-5/julialang/julia-master/cli/loader_exe.c:58
[0Kunknown function (ip: 0x7ceb51016249) at /lib/x86_64-linux-gnu/libc.so.6
[0K__libc_start_main at /lib/x86_64-linux-gnu/libc.so.6 (unknown line)
[0Kunknown function (ip: 0x4010b8) at /workspace/srcdir/glibc-2.17/csu/../sysdeps/x86_64/start.S
[0KInternal error: during type inference of
[0K(::Zygote.var"#pullback##0#pullback##1"{Zygote.Pullback{Tuple{typeof(Zygote.pow), Int64, Int64}, Any}})(Int64)
[0KEncountered unexpected error in runtime:
[0KTypeError(func=:typeassert, context="", expected=Union{Nothing, Array{Any, 1}, Core.SimpleVector}, got=Array{Core.MethodInstance, 1}(dims=(1,), mem=Memory{Core.MethodInstance}(1, 0x7ceb39d4a6c0)[pow(Int64, Int64) from pow(Any, Any)]))
[0Kijl_type_error_rt at /cache/build/builder-amdci5-5/julialang/julia-master/src/rtutils.c:121
[0Kijl_type_error at /cache/build/builder-amdci5-5/julialang/julia-master/src/rtutils.c:140
[0Kcompute_edges! at ./../usr/share/julia/Compiler/src/typeinfer.jl:820
[0Kfinishinfer! at ./../usr/share/julia/Compiler/src/typeinfer.jl:668
[0Kfinish_nocycle at ./../usr/share/julia/Compiler/src/typeinfer.jl:275
[0Kjfptr_finish_nocycle_89852.1 at /root/.julia/juliaup/julia-nightly/lib/julia/sys.so (unknown line)
[0Ktypeinf at ./../usr/share/julia/Compiler/src/abstractinterpretation.jl:4575
[0Ktypeinf_ext at ./../usr/share/julia/Compiler/src/typeinfer.jl:1532
[0Ktypeinf_ext_toplevel at ./../usr/share/julia/Compiler/src/typeinfer.jl:1715 [inlined]
[0Ktypeinf_ext_toplevel at ./../usr/share/julia/Compiler/src/typeinfer.jl:1724
[0Kjfptr_typeinf_ext_toplevel_86846.1 at /root/.julia/juliaup/julia-nightly/lib/julia/sys.so (unknown line)
[0Kjl_apply at /cache/build/builder-amdci5-5/julialang/julia-master/src/julia.h:2285 [inlined]
[0Kjl_type_infer at /cache/build/builder-amdci5-5/julialang/julia-master/src/gf.c:467
[0Kjl_compile_method_internal at /cache/build/builder-amdci5-5/julialang/julia-master/src/gf.c:3640
[0K_jl_invoke at /cache/build/builder-amdci5-5/julialang/julia-master/src/gf.c:4112 [inlined]
[0Kijl_apply_generic at /cache/build/builder-amdci5-5/julialang/julia-master/src/gf.c:4317
[0Kgradient at /workdir/depot/packages/Zygote/55SqB/src/compiler/interface.jl:154
[0Kjl_apply at /cache/build/builder-amdci5-5/julialang/julia-master/src/julia.h:2285 [inlined]
[0Kdo_call at /cache/build/builder-amdci5-5/julialang/julia-master/src/interpreter.c:123
[0Keval_value at /cache/build/builder-amdci5-5/julialang/julia-master/src/interpreter.c:243
[0Keval_stmt_value at /cache/build/builder-amdci5-5/julialang/julia-master/src/interpreter.c:194 [inlined]
[0Keval_body at /cache/build/builder-amdci5-5/julialang/julia-master/src/interpreter.c:679
[0Kjl_interpret_toplevel_thunk at /cache/build/builder-amdci5-5/julialang/julia-master/src/interpreter.c:884
[0Ktop-level scope at /workdir/depot/packages/Zygote/55SqB/src/precompile.jl:17
[0Kijl_eval_thunk at /cache/build/builder-amdci5-5/julialang/julia-master/src/toplevel.c:765
[0Kjl_toplevel_eval_flex at /cache/build/builder-amdci5-5/julialang/julia-master/src/toplevel.c:712
[0Kjl_eval_toplevel_stmts at /cache/build/builder-amdci5-5/julialang/julia-master/src/toplevel.c:602
[0Kjl_toplevel_eval_flex at /cache/build/builder-amdci5-5/julialang/julia-master/src/toplevel.c:684
[0Kijl_toplevel_eval at /cache/build/builder-amdci5-5/julialang/julia-master/src/toplevel.c:779
[0Kijl_toplevel_eval_in at /cache/build/builder-amdci5-5/julialang/julia-master/src/toplevel.c:824
[0Keval at ./boot.jl:489
[0Kinclude_string at ./loading.jl:3130
[0K_include at ./loading.jl:3190
[0Kinclude at ./Base.jl:310
[0KIncludeInto at ./Base.jl:311
[0Kjfptr_IncludeInto_73268.1 at /root/.julia/juliaup/julia-nightly/lib/julia/sys.so (unknown line)
[0Kjl_apply at /cache/build/builder-amdci5-5/julialang/julia-master/src/julia.h:2285 [inlined]
[0Kdo_call at /cache/build/builder-amdci5-5/julialang/julia-master/src/interpreter.c:123
[0Keval_value at /cache/build/builder-amdci5-5/julialang/julia-master/src/interpreter.c:243
[0Keval_stmt_value at /cache/build/builder-amdci5-5/julialang/julia-master/src/interpreter.c:194 [inlined]
[0Keval_body at /cache/build/builder-amdci5-5/julialang/julia-master/src/interpreter.c:679
[0Keval_body at /cache/build/builder-amdci5-5/julialang/julia-master/src/interpreter.c:558
[0Kjl_interpret_toplevel_thunk at /cache/build/builder-amdci5-5/julialang/julia-master/src/interpreter.c:884
[0Kmacro expansion at /workdir/depot/packages/Zygote/55SqB/src/Zygote.jl:68 [inlined]
[0Kmacro expansion at /workdir/depot/packages/PrecompileTools/gn08A/src/workloads.jl:73 [inlined]
[0Ktop-level scope at /workdir/depot/packages/Zygote/55SqB/src/Zygote.jl:85
[0Kijl_eval_thunk at /cache/build/builder-amdci5-5/julialang/julia-master/src/toplevel.c:765
[0Kjl_toplevel_eval_flex at /cache/build/builder-amdci5-5/julialang/julia-master/src/toplevel.c:712
[0Kjl_eval_toplevel_stmts at /cache/build/builder-amdci5-5/julialang/julia-master/src/toplevel.c:602
[0Kjl_eval_module_expr at /cache/build/builder-amdci5-5/julialang/julia-master/src/toplevel.c:263 [inlined]
[0Kjl_toplevel_eval_flex at /cache/build/builder-amdci5-5/julialang/julia-master/src/toplevel.c:665
[0Kjl_eval_toplevel_stmts at /cache/build/builder-amdci5-5/julialang/julia-master/src/toplevel.c:602
[0Kjl_toplevel_eval_flex at /cache/build/builder-amdci5-5/julialang/julia-master/src/toplevel.c:684
[0Kijl_toplevel_eval at /cache/build/builder-amdci5-5/julialang/julia-master/src/toplevel.c:779
[0Kijl_toplevel_eval_in at /cache/build/builder-amdci5-5/julialang/julia-master/src/toplevel.c:824
[0Keval at ./boot.jl:489
[0Kinclude_string at ./loading.jl:3130
[0K_include at ./loading.jl:3190
[0Kinclude at ./Base.jl:309
[0Kinclude_package_for_output at ./loading.jl:3288
[0Kjfptr_include_package_for_output_51506.1 at /root/.julia/juliaup/julia-nightly/lib/julia/sys.so (unknown line)
[0Kjl_apply at /cache/build/builder-amdci5-5/julialang/julia-master/src/julia.h:2285 [inlined]
[0Kdo_call at /cache/build/builder-amdci5-5/julialang/julia-master/src/interpreter.c:123
[0Keval_value at /cache/build/builder-amdci5-5/julialang/julia-master/src/interpreter.c:243
[0Keval_stmt_value at /cache/build/builder-amdci5-5/julialang/julia-master/src/interpreter.c:194 [inlined]
[0Keval_body at /cache/build/builder-amdci5-5/julialang/julia-master/src/interpreter.c:679
[0Kjl_interpret_toplevel_thunk at /cache/build/builder-amdci5-5/julialang/julia-master/src/interpreter.c:884
[0Ktop-level scope at stdin:5
[0Kijl_eval_thunk at /cache/build/builder-amdci5-5/julialang/julia-master/src/toplevel.c:765
[0Kjl_toplevel_eval_flex at /cache/build/builder-amdci5-5/julialang/julia-master/src/toplevel.c:712
[0Kjl_eval_toplevel_stmts at /cache/build/builder-amdci5-5/julialang/julia-master/src/toplevel.c:602
[0Kjl_toplevel_eval_flex at /cache/build/builder-amdci5-5/julialang/julia-master/src/toplevel.c:684
[0Kijl_toplevel_eval at /cache/build/builder-amdci5-5/julialang/julia-master/src/toplevel.c:779
[0Kijl_toplevel_eval_in at /cache/build/builder-amdci5-5/julialang/julia-master/src/toplevel.c:824
[0Keval at ./boot.jl:489
[0Kinclude_string at ./loading.jl:3130
[0Kinclude_string at ./loading.jl:3140 [inlined]
[0Kexec_options at ./client.jl:342
[0K_start at ./client.jl:585
[0Kjfptr__start_30912.1 at /root/.julia/juliaup/julia-nightly/lib/julia/sys.so (unknown line)
[0Kjl_apply at /cache/build/builder-amdci5-5/julialang/julia-master/src/julia.h:2285 [inlined]
[0Ktrue_main at /cache/build/builder-amdci5-5/julialang/julia-master/src/jlapi.c:971
[0Kjl_repl_entrypoint at /cache/build/builder-amdci5-5/julialang/julia-master/src/jlapi.c:1138
[0Kmain at /cache/build/builder-amdci5-5/julialang/julia-master/cli/loader_exe.c:58
[0Kunknown function (ip: 0x7ceb51016249) at /lib/x86_64-linux-gnu/libc.so.6
[0K__libc_start_main at /lib/x86_64-linux-gnu/libc.so.6 (unknown line)
[0Kunknown function (ip: 0x4010b8) at /workspace/srcdir/glibc-2.17/csu/../sysdeps/x86_64/start.S
[0KInternal error: during type inference of
[0K_pullback(Zygote.Context{false}, Zygote.var"#2206#2207", Array{Int64, 1}, Array{Int64, 1})
[0KEncountered unexpected error in runtime:
[0KTypeError(func=:typeassert, context="", expected=Union{Nothing, Array{Any, 1}, Core.SimpleVector}, got=Array{Core.MethodInstance, 1}(dims=(1,), mem=Memory{Core.MethodInstance}(1, 0x7ceb2a8d09e0)[materialize(Array{Int64, 1}) from materialize(Any)]))
[0Kijl_type_error_rt at /cache/build/builder-amdci5-5/julialang/julia-master/src/rtutils.c:121
[0Kijl_type_error at /cache/build/builder-amdci5-5/julialang/julia-master/src/rtutils.c:140
[0Kcompute_edges! at ./../usr/share/julia/Compiler/src/typeinfer.jl:820
[0Kfinishinfer! at ./../usr/share/julia/Compiler/src/typeinfer.jl:668
[0Kfinish_nocycle at ./../usr/share/julia/Compiler/src/typeinfer.jl:275
[0Kjfptr_finish_nocycle_89852.1 at /root/.julia/juliaup/julia-nightly/lib/julia/sys.so (unknown line)
[0Ktypeinf at ./../usr/share/julia/Compiler/src/abstractinterpretation.jl:4575
[0Ktypeinf_ext at ./../usr/share/julia/Compiler/src/typeinfer.jl:1532
[0Ktypeinf_ext_toplevel at ./../usr/share/julia/Compiler/src/typeinfer.jl:1715 [inlined]
[0Ktypeinf_ext_toplevel at ./../usr/share/julia/Compiler/src/typeinfer.jl:1724
[0Kjfptr_typeinf_ext_toplevel_86846.1 at /root/.julia/juliaup/julia-nightly/lib/julia/sys.so (unknown line)
[0Kjl_apply at /cache/build/builder-amdci5-5/julialang/julia-master/src/julia.h:2285 [inlined]
[0Kjl_type_infer at /cache/build/builder-amdci5-5/julialang/julia-master/src/gf.c:467
[0Kjl_compile_method_internal at /cache/build/builder-amdci5-5/julialang/julia-master/src/gf.c:3640
[0K_jl_invoke at /cache/build/builder-amdci5-5/julialang/julia-master/src/gf.c:4112 [inlined]
[0Kijl_apply_generic at /cache/build/builder-amdci5-5/julialang/julia-master/src/gf.c:4317
[0Kjl_apply at /cache/build/builder-amdci5-5/julialang/julia-master/src/julia.h:2285 [inlined]
[0Kjl_f__apply_iterate at /cache/build/builder-amdci5-5/julialang/julia-master/src/builtins.c:876
[0Kpullback at /workdir/depot/packages/Zygote/55SqB/src/compiler/interface.jl:96
[0Kpullback at /workdir/depot/packages/Zygote/55SqB/src/compiler/interface.jl:94
[0Kjl_apply at /cache/build/builder-amdci5-5/julialang/julia-master/src/julia.h:2285 [inlined]
[0Kjl_f__apply_iterate at /cache/build/builder-amdci5-5/julialang/julia-master/src/builtins.c:876
[0Kgradient at /workdir/depot/packages/Zygote/55SqB/src/compiler/interface.jl:153
[0Kjl_apply at /cache/build/builder-amdci5-5/julialang/julia-master/src/julia.h:2285 [inlined]
[0Kdo_call at /cache/build/builder-amdci5-5/julialang/julia-master/src/interpreter.c:123
[0Keval_value at /cache/build/builder-amdci5-5/julialang/julia-master/src/interpreter.c:243
[0Keval_stmt_value at /cache/build/builder-amdci5-5/julialang/julia-master/src/interpreter.c:194 [inlined]
[0Keval_body at /cache/build/builder-amdci5-5/julialang/julia-master/src/interpreter.c:679
[0Kjl_interpret_toplevel_thunk at /cache/build/builder-amdci5-5/julialang/julia-master/src/interpreter.c:884
[0Ktop-level scope at /workdir/depot/packages/Zygote/55SqB/src/precompile.jl:18
[0Kijl_eval_thunk at /cache/build/builder-amdci5-5/julialang/julia-master/src/toplevel.c:765
[0Kjl_toplevel_eval_flex at /cache/build/builder-amdci5-5/julialang/julia-master/src/toplevel.c:712
[0Kjl_eval_toplevel_stmts at /cache/build/builder-amdci5-5/julialang/julia-master/src/toplevel.c:602
[0Kjl_toplevel_eval_flex at /cache/build/builder-amdci5-5/julialang/julia-master/src/toplevel.c:684
[0Kijl_toplevel_eval at /cache/build/builder-amdci5-5/julialang/julia-master/src/toplevel.c:779
[0Kijl_toplevel_eval_in at /cache/build/builder-amdci5-5/julialang/julia-master/src/toplevel.c:824
[0Keval at ./boot.jl:489
[0Kinclude_string at ./loading.jl:3130
[0K_include at ./loading.jl:3190
[0Kinclude at ./Base.jl:310
[0KIncludeInto at ./Base.jl:311
[0Kjfptr_IncludeInto_73268.1 at /root/.julia/juliaup/julia-nightly/lib/julia/sys.so (unknown line)
[0Kjl_apply at /cache/build/builder-amdci5-5/julialang/julia-master/src/julia.h:2285 [inlined]
[0Kdo_call at /cache/build/builder-amdci5-5/julialang/julia-master/src/interpreter.c:123
[0Keval_value at /cache/build/builder-amdci5-5/julialang/julia-master/src/interpreter.c:243
[0Keval_stmt_value at /cache/build/builder-amdci5-5/julialang/julia-master/src/interpreter.c:194 [inlined]
[0Keval_body at /cache/build/builder-amdci5-5/julialang/julia-master/src/interpreter.c:679
[0Keval_body at /cache/build/builder-amdci5-5/julialang/julia-master/src/interpreter.c:558
[0Kjl_interpret_toplevel_thunk at /cache/build/builder-amdci5-5/julialang/julia-master/src/interpreter.c:884
[0Kmacro expansion at /workdir/depot/packages/Zygote/55SqB/src/Zygote.jl:68 [inlined]
[0Kmacro expansion at /workdir/depot/packages/PrecompileTools/gn08A/src/workloads.jl:73 [inlined]
[0Ktop-level scope at /workdir/depot/packages/Zygote/55SqB/src/Zygote.jl:85
[0Kijl_eval_thunk at /cache/build/builder-amdci5-5/julialang/julia-master/src/toplevel.c:765
[0Kjl_toplevel_eval_flex at /cache/build/builder-amdci5-5/julialang/julia-master/src/toplevel.c:712
[0Kjl_eval_toplevel_stmts at /cache/build/builder-amdci5-5/julialang/julia-master/src/toplevel.c:602
[0Kjl_eval_module_expr at /cache/build/builder-amdci5-5/julialang/julia-master/src/toplevel.c:263 [inlined]
[0Kjl_toplevel_eval_flex at /cache/build/builder-amdci5-5/julialang/julia-master/src/toplevel.c:665
[0Kjl_eval_toplevel_stmts at /cache/build/builder-amdci5-5/julialang/julia-master/src/toplevel.c:602
[0Kjl_toplevel_eval_flex at /cache/build/builder-amdci5-5/julialang/julia-master/src/toplevel.c:684
[0Kijl_toplevel_eval at /cache/build/builder-amdci5-5/julialang/julia-master/src/toplevel.c:779
[0Kijl_toplevel_eval_in at /cache/build/builder-amdci5-5/julialang/julia-master/src/toplevel.c:824
[0Keval at ./boot.jl:489
[0Kinclude_string at ./loading.jl:3130
[0K_include at ./loading.jl:3190
[0Kinclude at ./Base.jl:309
[0Kinclude_package_for_output at ./loading.jl:3288
[0Kjfptr_include_package_for_output_51506.1 at /root/.julia/juliaup/julia-nightly/lib/julia/sys.so (unknown line)
[0Kjl_apply at /cache/build/builder-amdci5-5/julialang/julia-master/src/julia.h:2285 [inlined]
[0Kdo_call at /cache/build/builder-amdci5-5/julialang/julia-master/src/interpreter.c:123
[0Keval_value at /cache/build/builder-amdci5-5/julialang/julia-master/src/interpreter.c:243
[0Keval_stmt_value at /cache/build/builder-amdci5-5/julialang/julia-master/src/interpreter.c:194 [inlined]
[0Keval_body at /cache/build/builder-amdci5-5/julialang/julia-master/src/interpreter.c:679
[0Kjl_interpret_toplevel_thunk at /cache/build/builder-amdci5-5/julialang/julia-master/src/interpreter.c:884
[0Ktop-level scope at stdin:5
[0Kijl_eval_thunk at /cache/build/builder-amdci5-5/julialang/julia-master/src/toplevel.c:765
[0Kjl_toplevel_eval_flex at /cache/build/builder-amdci5-5/julialang/julia-master/src/toplevel.c:712
[0Kjl_eval_toplevel_stmts at /cache/build/builder-amdci5-5/julialang/julia-master/src/toplevel.c:602
[0Kjl_toplevel_eval_flex at /cache/build/builder-amdci5-5/julialang/julia-master/src/toplevel.c:684
[0Kijl_toplevel_eval at /cache/build/builder-amdci5-5/julialang/julia-master/src/toplevel.c:779
[0Kijl_toplevel_eval_in at /cache/build/builder-amdci5-5/julialang/julia-master/src/toplevel.c:824
[0Keval at ./boot.jl:489
[0Kinclude_string at ./loading.jl:3130
[0Kinclude_string at ./loading.jl:3140 [inlined]
[0Kexec_options at ./client.jl:342
[0K_start at ./client.jl:585
[0Kjfptr__start_30912.1 at /root/.julia/juliaup/julia-nightly/lib/julia/sys.so (unknown line)
[0Kjl_apply at /cache/build/builder-amdci5-5/julialang/julia-master/src/julia.h:2285 [inlined]
[0Ktrue_main at /cache/build/builder-amdci5-5/julialang/julia-master/src/jlapi.c:971
[0Kjl_repl_entrypoint at /cache/build/builder-amdci5-5/julialang/julia-master/src/jlapi.c:1138
[0Kmain at /cache/build/builder-amdci5-5/julialang/julia-master/cli/loader_exe.c:58
[0Kunknown function (ip: 0x7ceb51016249) at /lib/x86_64-linux-gnu/libc.so.6
[0K__libc_start_main at /lib/x86_64-linux-gnu/libc.so.6 (unknown line)
[0Kunknown function (ip: 0x4010b8) at /workspace/srcdir/glibc-2.17/csu/../sysdeps/x86_64/start.S
[0KInternal error: during type inference of
[0K(::Zygote.var"#pullback##0#pullback##1"{Zygote.Pullback{Tuple{Zygote.var"#2206#2207", Array{Int64, 1}, Array{Int64, 1}}, Tuple{Zygote.var"#1681#1682"{Zygote.var"#1679#1680"{Array{Int64, 1}, Array{Int64, 1}}}, Zygote.ZBack{ChainRules.var"#sum_pullback#551"{Base.Colon, Array{Int64, 1}, ChainRulesCore.ProjectTo{AbstractArray{T, N} where N where T, NamedTuple{(:element, :axes), Tuple{ChainRulesCore.ProjectTo{Float64, NamedTuple{(), Tuple{}}}, Tuple{Base.OneTo{Int64}}}}}}}, Zygote.Pullback{Tuple{typeof(Base.Broadcast.materialize), Array{Int64, 1}}, Tuple{}}}}})(Int64)
[0KEncountered unexpected error in runtime:
[0KTypeError(func=:typeassert, context="", expected=Union{Nothing, Array{Any, 1}, Core.SimpleVector}, got=Array{Core.MethodInstance, 1}(dims=(1,), mem=Memory{Core.MethodInstance}(1, 0x7ceb28170620)[materialize(Array{Int64, 1}) from materialize(Any)]))
[0Kijl_type_error_rt at /cache/build/builder-amdci5-5/julialang/julia-master/src/rtutils.c:121
[0Kijl_type_error at /cache/build/builder-amdci5-5/julialang/julia-master/src/rtutils.c:140
[0Kcompute_edges! at ./../usr/share/julia/Compiler/src/typeinfer.jl:820
[0Kfinishinfer! at ./../usr/share/julia/Compiler/src/typeinfer.jl:668
[0Kfinish_nocycle at ./../usr/share/julia/Compiler/src/typeinfer.jl:275
[0Kjfptr_finish_nocycle_89852.1 at /root/.julia/juliaup/julia-nightly/lib/julia/sys.so (unknown line)
[0Ktypeinf at ./../usr/share/julia/Compiler/src/abstractinterpretation.jl:4575
[0Ktypeinf_ext at ./../usr/share/julia/Compiler/src/typeinfer.jl:1532
[0Ktypeinf_ext_toplevel at ./../usr/share/julia/Compiler/src/typeinfer.jl:1715 [inlined]
[0Ktypeinf_ext_toplevel at ./../usr/share/julia/Compiler/src/typeinfer.jl:1724
[0Kjfptr_typeinf_ext_toplevel_86846.1 at /root/.julia/juliaup/julia-nightly/lib/julia/sys.so (unknown line)
[0Kjl_apply at /cache/build/builder-amdci5-5/julialang/julia-master/src/julia.h:2285 [inlined]
[0Kjl_type_infer at /cache/build/builder-amdci5-5/julialang/julia-master/src/gf.c:467
[0Kjl_compile_method_internal at /cache/build/builder-amdci5-5/julialang/julia-master/src/gf.c:3640
[0K_jl_invoke at /cache/build/builder-amdci5-5/julialang/julia-master/src/gf.c:4112 [inlined]
[0Kijl_apply_generic at /cache/build/builder-amdci5-5/julialang/julia-master/src/gf.c:4317
[0Kgradient at /workdir/depot/packages/Zygote/55SqB/src/compiler/interface.jl:154
[0Kjl_apply at /cache/build/builder-amdci5-5/julialang/julia-master/src/julia.h:2285 [inlined]
[0Kdo_call at /cache/build/builder-amdci5-5/julialang/julia-master/src/interpreter.c:123
[0Keval_value at /cache/build/builder-amdci5-5/julialang/julia-master/src/interpreter.c:243
[0Keval_stmt_value at /cache/build/builder-amdci5-5/julialang/julia-master/src/interpreter.c:194 [inlined]
[0Keval_body at /cache/build/builder-amdci5-5/julialang/julia-master/src/interpreter.c:679
[0Kjl_interpret_toplevel_thunk at /cache/build/builder-amdci5-5/julialang/julia-master/src/interpreter.c:884
[0Ktop-level scope at /workdir/depot/packages/Zygote/55SqB/src/precompile.jl:18
[0Kijl_eval_thunk at /cache/build/builder-amdci5-5/julialang/julia-master/src/toplevel.c:765
[0Kjl_toplevel_eval_flex at /cache/build/builder-amdci5-5/julialang/julia-master/src/toplevel.c:712
[0Kjl_eval_toplevel_stmts at /cache/build/builder-amdci5-5/julialang/julia-master/src/toplevel.c:602
[0Kjl_toplevel_eval_flex at /cache/build/builder-amdci5-5/julialang/julia-master/src/toplevel.c:684
[0Kijl_toplevel_eval at /cache/build/builder-amdci5-5/julialang/julia-master/src/toplevel.c:779
[0Kijl_toplevel_eval_in at /cache/build/builder-amdci5-5/julialang/julia-master/src/toplevel.c:824
[0Keval at ./boot.jl:489
[0Kinclude_string at ./loading.jl:3130
[0K_include at ./loading.jl:3190
[0Kinclude at ./Base.jl:310
[0KIncludeInto at ./Base.jl:311
[0Kjfptr_IncludeInto_73268.1 at /root/.julia/juliaup/julia-nightly/lib/julia/sys.so (unknown line)
[0Kjl_apply at /cache/build/builder-amdci5-5/julialang/julia-master/src/julia.h:2285 [inlined]
[0Kdo_call at /cache/build/builder-amdci5-5/julialang/julia-master/src/interpreter.c:123
[0Keval_value at /cache/build/builder-amdci5-5/julialang/julia-master/src/interpreter.c:243
[0Keval_stmt_value at /cache/build/builder-amdci5-5/julialang/julia-master/src/interpreter.c:194 [inlined]
[0Keval_body at /cache/build/builder-amdci5-5/julialang/julia-master/src/interpreter.c:679
[0Keval_body at /cache/build/builder-amdci5-5/julialang/julia-master/src/interpreter.c:558
[0Kjl_interpret_toplevel_thunk at /cache/build/builder-amdci5-5/julialang/julia-master/src/interpreter.c:884
[0Kmacro expansion at /workdir/depot/packages/Zygote/55SqB/src/Zygote.jl:68 [inlined]
[0Kmacro expansion at /workdir/depot/packages/PrecompileTools/gn08A/src/workloads.jl:73 [inlined]
[0Ktop-level scope at /workdir/depot/packages/Zygote/55SqB/src/Zygote.jl:85
[0Kijl_eval_thunk at /cache/build/builder-amdci5-5/julialang/julia-master/src/toplevel.c:765
[0Kjl_toplevel_eval_flex at /cache/build/builder-amdci5-5/julialang/julia-master/src/toplevel.c:712
[0Kjl_eval_toplevel_stmts at /cache/build/builder-amdci5-5/julialang/julia-master/src/toplevel.c:602
[0Kjl_eval_module_expr at /cache/build/builder-amdci5-5/julialang/julia-master/src/toplevel.c:263 [inlined]
[0Kjl_toplevel_eval_flex at /cache/build/builder-amdci5-5/julialang/julia-master/src/toplevel.c:665
[0Kjl_eval_toplevel_stmts at /cache/build/builder-amdci5-5/julialang/julia-master/src/toplevel.c:602
[0Kjl_toplevel_eval_flex at /cache/build/builder-amdci5-5/julialang/julia-master/src/toplevel.c:684
[0Kijl_toplevel_eval at /cache/build/builder-amdci5-5/julialang/julia-master/src/toplevel.c:779
[0Kijl_toplevel_eval_in at /cache/build/builder-amdci5-5/julialang/julia-master/src/toplevel.c:824
[0Keval at ./boot.jl:489
[0Kinclude_string at ./loading.jl:3130
[0K_include at ./loading.jl:3190
[0Kinclude at ./Base.jl:309
[0Kinclude_package_for_output at ./loading.jl:3288
[0Kjfptr_include_package_for_output_51506.1 at /root/.julia/juliaup/julia-nightly/lib/julia/sys.so (unknown line)
[0Kjl_apply at /cache/build/builder-amdci5-5/julialang/julia-master/src/julia.h:2285 [inlined]
[0Kdo_call at /cache/build/builder-amdci5-5/julialang/julia-master/src/interpreter.c:123
[0Keval_value at /cache/build/builder-amdci5-5/julialang/julia-master/src/interpreter.c:243
[0Keval_stmt_value at /cache/build/builder-amdci5-5/julialang/julia-master/src/interpreter.c:194 [inlined]
[0Keval_body at /cache/build/builder-amdci5-5/julialang/julia-master/src/interpreter.c:679
[0Kjl_interpret_toplevel_thunk at /cache/build/builder-amdci5-5/julialang/julia-master/src/interpreter.c:884
[0Ktop-level scope at stdin:5
[0Kijl_eval_thunk at /cache/build/builder-amdci5-5/julialang/julia-master/src/toplevel.c:765
[0Kjl_toplevel_eval_flex at /cache/build/builder-amdci5-5/julialang/julia-master/src/toplevel.c:712
[0Kjl_eval_toplevel_stmts at /cache/build/builder-amdci5-5/julialang/julia-master/src/toplevel.c:602
[0Kjl_toplevel_eval_flex at /cache/build/builder-amdci5-5/julialang/julia-master/src/toplevel.c:684
[0Kijl_toplevel_eval at /cache/build/builder-amdci5-5/julialang/julia-master/src/toplevel.c:779
[0Kijl_toplevel_eval_in at /cache/build/builder-amdci5-5/julialang/julia-master/src/toplevel.c:824
[0Keval at ./boot.jl:489
[0Kinclude_string at ./loading.jl:3130
[0Kinclude_string at ./loading.jl:3140 [inlined]
[0Kexec_options at ./client.jl:342
[0K_start at ./client.jl:585
[0Kjfptr__start_30912.1 at /root/.julia/juliaup/julia-nightly/lib/julia/sys.so (unknown line)
[0Kjl_apply at /cache/build/builder-amdci5-5/julialang/julia-master/src/julia.h:2285 [inlined]
[0Ktrue_main at /cache/build/builder-amdci5-5/julialang/julia-master/src/jlapi.c:971
[0Kjl_repl_entrypoint at /cache/build/builder-amdci5-5/julialang/julia-master/src/jlapi.c:1138
[0Kmain at /cache/build/builder-amdci5-5/julialang/julia-master/cli/loader_exe.c:58
[0Kunknown function (ip: 0x7ceb51016249) at /lib/x86_64-linux-gnu/libc.so.6
[0K__libc_start_main at /lib/x86_64-linux-gnu/libc.so.6 (unknown line)
[0Kunknown function (ip: 0x4010b8) at /workspace/srcdir/glibc-2.17/csu/../sysdeps/x86_64/start.S
[0KInternal error: during type inference of
[0K_pullback(Zygote.Context{false}, Zygote.var"#2209#2210", Array{Float64, 1})
[0KEncountered unexpected error in runtime:
[0KTypeError(func=:typeassert, context="", expected=Union{Nothing, Array{Any, 1}, Core.SimpleVector}, got=Array{Core.MethodInstance, 1}(dims=(1,), mem=Memory{Core.MethodInstance}(1, 0x7ceb22bc45a0)[materialize(Array{Float32, 1}) from materialize(Any)]))
[0Kijl_type_error_rt at /cache/build/builder-amdci5-5/julialang/julia-master/src/rtutils.c:121
[0Kijl_type_error at /cache/build/builder-amdci5-5/julialang/julia-master/src/rtutils.c:140
[0Kcompute_edges! at ./../usr/share/julia/Compiler/src/typeinfer.jl:820
[0Kfinishinfer! at ./../usr/share/julia/Compiler/src/typeinfer.jl:668
[0Kfinish_nocycle at ./../usr/share/julia/Compiler/src/typeinfer.jl:275
[0Kjfptr_finish_nocycle_89852.1 at /root/.julia/juliaup/julia-nightly/lib/julia/sys.so (unknown line)
[0Ktypeinf at ./../usr/share/julia/Compiler/src/abstractinterpretation.jl:4575
[0Ktypeinf_ext at ./../usr/share/julia/Compiler/src/typeinfer.jl:1532
[0Ktypeinf_ext_toplevel at ./../usr/share/julia/Compiler/src/typeinfer.jl:1715 [inlined]
[0Ktypeinf_ext_toplevel at ./../usr/share/julia/Compiler/src/typeinfer.jl:1724
[0Kjfptr_typeinf_ext_toplevel_86846.1 at /root/.julia/juliaup/julia-nightly/lib/julia/sys.so (unknown line)
[0Kjl_apply at /cache/build/builder-amdci5-5/julialang/julia-master/src/julia.h:2285 [inlined]
[0Kjl_type_infer at /cache/build/builder-amdci5-5/julialang/julia-master/src/gf.c:467
[0Kjl_compile_method_internal at /cache/build/builder-amdci5-5/julialang/julia-master/src/gf.c:3640
[0K_jl_invoke at /cache/build/builder-amdci5-5/julialang/julia-master/src/gf.c:4112 [inlined]
[0Kijl_apply_generic at /cache/build/builder-amdci5-5/julialang/julia-master/src/gf.c:4317
[0Kpullback at /workdir/depot/packages/Zygote/55SqB/src/compiler/interface.jl:96
[0Kpullback at /workdir/depot/packages/Zygote/55SqB/src/compiler/interface.jl:94 [inlined]
[0Kgradient at /workdir/depot/packages/Zygote/55SqB/src/compiler/interface.jl:153
[0Kunknown function (ip: 0x7ceb213b3f78) at (unknown file)
[0Kjl_apply at /cache/build/builder-amdci5-5/julialang/julia-master/src/julia.h:2285 [inlined]
[0Kdo_call at /cache/build/builder-amdci5-5/julialang/julia-master/src/interpreter.c:123
[0Keval_value at /cache/build/builder-amdci5-5/julialang/julia-master/src/interpreter.c:243
[0Keval_stmt_value at /cache/build/builder-amdci5-5/julialang/julia-master/src/interpreter.c:194 [inlined]
[0Keval_body at /cache/build/builder-amdci5-5/julialang/julia-master/src/interpreter.c:679
[0Kjl_interpret_toplevel_thunk at /cache/build/builder-amdci5-5/julialang/julia-master/src/interpreter.c:884
[0Ktop-level scope at /workdir/depot/packages/Zygote/55SqB/src/precompile.jl:20
[0Kijl_eval_thunk at /cache/build/builder-amdci5-5/julialang/julia-master/src/toplevel.c:765
[0Kjl_toplevel_eval_flex at /cache/build/builder-amdci5-5/julialang/julia-master/src/toplevel.c:712
[0Kjl_eval_toplevel_stmts at /cache/build/builder-amdci5-5/julialang/julia-master/src/toplevel.c:602
[0Kjl_toplevel_eval_flex at /cache/build/builder-amdci5-5/julialang/julia-master/src/toplevel.c:684
[0Kijl_toplevel_eval at /cache/build/builder-amdci5-5/julialang/julia-master/src/toplevel.c:779
[0Kijl_toplevel_eval_in at /cache/build/builder-amdci5-5/julialang/julia-master/src/toplevel.c:824
[0Keval at ./boot.jl:489
[0Kinclude_string at ./loading.jl:3130
[0K_include at ./loading.jl:3190
[0Kinclude at ./Base.jl:310
[0KIncludeInto at ./Base.jl:311
[0Kjfptr_IncludeInto_73268.1 at /root/.julia/juliaup/julia-nightly/lib/julia/sys.so (unknown line)
[0Kjl_apply at /cache/build/builder-amdci5-5/julialang/julia-master/src/julia.h:2285 [inlined]
[0Kdo_call at /cache/build/builder-amdci5-5/julialang/julia-master/src/interpreter.c:123
[0Keval_value at /cache/build/builder-amdci5-5/julialang/julia-master/src/interpreter.c:243
[0Keval_stmt_value at /cache/build/builder-amdci5-5/julialang/julia-master/src/interpreter.c:194 [inlined]
[0Keval_body at /cache/build/builder-amdci5-5/julialang/julia-master/src/interpreter.c:679
[0Keval_body at /cache/build/builder-amdci5-5/julialang/julia-master/src/interpreter.c:558
[0Kjl_interpret_toplevel_thunk at /cache/build/builder-amdci5-5/julialang/julia-master/src/interpreter.c:884
[0Kmacro expansion at /workdir/depot/packages/Zygote/55SqB/src/Zygote.jl:68 [inlined]
[0Kmacro expansion at /workdir/depot/packages/PrecompileTools/gn08A/src/workloads.jl:73 [inlined]
[0Ktop-level scope at /workdir/depot/packages/Zygote/55SqB/src/Zygote.jl:85
[0Kijl_eval_thunk at /cache/build/builder-amdci5-5/julialang/julia-master/src/toplevel.c:765
[0Kjl_toplevel_eval_flex at /cache/build/builder-amdci5-5/julialang/julia-master/src/toplevel.c:712
[0Kjl_eval_toplevel_stmts at /cache/build/builder-amdci5-5/julialang/julia-master/src/toplevel.c:602
[0Kjl_eval_module_expr at /cache/build/builder-amdci5-5/julialang/julia-master/src/toplevel.c:263 [inlined]
[0Kjl_toplevel_eval_flex at /cache/build/builder-amdci5-5/julialang/julia-master/src/toplevel.c:665
[0Kjl_eval_toplevel_stmts at /cache/build/builder-amdci5-5/julialang/julia-master/src/toplevel.c:602
[0Kjl_toplevel_eval_flex at /cache/build/builder-amdci5-5/julialang/julia-master/src/toplevel.c:684
[0Kijl_toplevel_eval at /cache/build/builder-amdci5-5/julialang/julia-master/src/toplevel.c:779
[0Kijl_toplevel_eval_in at /cache/build/builder-amdci5-5/julialang/julia-master/src/toplevel.c:824
[0Keval at ./boot.jl:489
[0Kinclude_string at ./loading.jl:3130
[0K_include at ./loading.jl:3190
[0Kinclude at ./Base.jl:309
[0Kinclude_package_for_output at ./loading.jl:3288
[0Kjfptr_include_package_for_output_51506.1 at /root/.julia/juliaup/julia-nightly/lib/julia/sys.so (unknown line)
[0Kjl_apply at /cache/build/builder-amdci5-5/julialang/julia-master/src/julia.h:2285 [inlined]
[0Kdo_call at /cache/build/builder-amdci5-5/julialang/julia-master/src/interpreter.c:123
[0Keval_value at /cache/build/builder-amdci5-5/julialang/julia-master/src/interpreter.c:243
[0Keval_stmt_value at /cache/build/builder-amdci5-5/julialang/julia-master/src/interpreter.c:194 [inlined]
[0Keval_body at /cache/build/builder-amdci5-5/julialang/julia-master/src/interpreter.c:679
[0Kjl_interpret_toplevel_thunk at /cache/build/builder-amdci5-5/julialang/julia-master/src/interpreter.c:884
[0Ktop-level scope at stdin:5
[0Kijl_eval_thunk at /cache/build/builder-amdci5-5/julialang/julia-master/src/toplevel.c:765
[0Kjl_toplevel_eval_flex at /cache/build/builder-amdci5-5/julialang/julia-master/src/toplevel.c:712
[0Kjl_eval_toplevel_stmts at /cache/build/builder-amdci5-5/julialang/julia-master/src/toplevel.c:602
[0Kjl_toplevel_eval_flex at /cache/build/builder-amdci5-5/julialang/julia-master/src/toplevel.c:684
[0Kijl_toplevel_eval at /cache/build/builder-amdci5-5/julialang/julia-master/src/toplevel.c:779
[0Kijl_toplevel_eval_in at /cache/build/builder-amdci5-5/julialang/julia-master/src/toplevel.c:824
[0Keval at ./boot.jl:489
[0Kinclude_string at ./loading.jl:3130
[0Kinclude_string at ./loading.jl:3140 [inlined]
[0Kexec_options at ./client.jl:342
[0K_start at ./client.jl:585
[0Kjfptr__start_30912.1 at /root/.julia/juliaup/julia-nightly/lib/julia/sys.so (unknown line)
[0Kjl_apply at /cache/build/builder-amdci5-5/julialang/julia-master/src/julia.h:2285 [inlined]
[0Ktrue_main at /cache/build/builder-amdci5-5/julialang/julia-master/src/jlapi.c:971
[0Kjl_repl_entrypoint at /cache/build/builder-amdci5-5/julialang/julia-master/src/jlapi.c:1138
[0Kmain at /cache/build/builder-amdci5-5/julialang/julia-master/cli/loader_exe.c:58
[0Kunknown function (ip: 0x7ceb51016249) at /lib/x86_64-linux-gnu/libc.so.6
[0K__libc_start_main at /lib/x86_64-linux-gnu/libc.so.6 (unknown line)
[0Kunknown function (ip: 0x4010b8) at /workspace/srcdir/glibc-2.17/csu/../sysdeps/x86_64/start.S
[0KInternal error: during type inference of
[0K(::Zygote.var"#pullback##0#pullback##1"{Zygote.Pullback{Tuple{Zygote.var"#2209#2210", Array{Float64, 1}}, Tuple{Zygote.var"#1912#1913"{Zygote.var"#1910#1911"{Array{Float64, 1}}}, Zygote.ZBack{ChainRules.var"#sum_pullback#551"{Base.Colon, Array{Float32, 1}, ChainRulesCore.ProjectTo{AbstractArray{T, N} where N where T, NamedTuple{(:element, :axes), Tuple{ChainRulesCore.ProjectTo{Float32, NamedTuple{(), Tuple{}}}, Tuple{Base.OneTo{Int64}}}}}}}, Zygote.Pullback{Tuple{typeof(Base.Broadcast.materialize), Array{Float32, 1}}, Tuple{}}}}})(Float32)
[0KEncountered unexpected error in runtime:
[0KTypeError(func=:typeassert, context="", expected=Union{Nothing, Array{Any, 1}, Core.SimpleVector}, got=Array{Core.MethodInstance, 1}(dims=(1,), mem=Memory{Core.MethodInstance}(1, 0x7ceb1e7a1b00)[materialize(Array{Float32, 1}) from materialize(Any)]))
[0Kijl_type_error_rt at /cache/build/builder-amdci5-5/julialang/julia-master/src/rtutils.c:121
[0Kijl_type_error at /cache/build/builder-amdci5-5/julialang/julia-master/src/rtutils.c:140
[0Kcompute_edges! at ./../usr/share/julia/Compiler/src/typeinfer.jl:820
[0Kfinishinfer! at ./../usr/share/julia/Compiler/src/typeinfer.jl:668
[0Kfinish_nocycle at ./../usr/share/julia/Compiler/src/typeinfer.jl:275
[0Kjfptr_finish_nocycle_89852.1 at /root/.julia/juliaup/julia-nightly/lib/julia/sys.so (unknown line)
[0Ktypeinf at ./../usr/share/julia/Compiler/src/abstractinterpretation.jl:4575
[0Ktypeinf_ext at ./../usr/share/julia/Compiler/src/typeinfer.jl:1532
[0Ktypeinf_ext_toplevel at ./../usr/share/julia/Compiler/src/typeinfer.jl:1715 [inlined]
[0Ktypeinf_ext_toplevel at ./../usr/share/julia/Compiler/src/typeinfer.jl:1724
[0Kjfptr_typeinf_ext_toplevel_86846.1 at /root/.julia/juliaup/julia-nightly/lib/julia/sys.so (unknown line)
[0Kjl_apply at /cache/build/builder-amdci5-5/julialang/julia-master/src/julia.h:2285 [inlined]
[0Kjl_type_infer at /cache/build/builder-amdci5-5/julialang/julia-master/src/gf.c:467
[0Kjl_compile_method_internal at /cache/build/builder-amdci5-5/julialang/julia-master/src/gf.c:3640
[0K_jl_invoke at /cache/build/builder-amdci5-5/julialang/julia-master/src/gf.c:4112 [inlined]
[0Kijl_apply_generic at /cache/build/builder-amdci5-5/julialang/julia-master/src/gf.c:4317
[0Kgradient at /workdir/depot/packages/Zygote/55SqB/src/compiler/interface.jl:154
[0Kunknown function (ip: 0x7ceb213b3f78) at (unknown file)
[0Kjl_apply at /cache/build/builder-amdci5-5/julialang/julia-master/src/julia.h:2285 [inlined]
[0Kdo_call at /cache/build/builder-amdci5-5/julialang/julia-master/src/interpreter.c:123
[0Keval_value at /cache/build/builder-amdci5-5/julialang/julia-master/src/interpreter.c:243
[0Keval_stmt_value at /cache/build/builder-amdci5-5/julialang/julia-master/src/interpreter.c:194 [inlined]
[0Keval_body at /cache/build/builder-amdci5-5/julialang/julia-master/src/interpreter.c:679
[0Kjl_interpret_toplevel_thunk at /cache/build/builder-amdci5-5/julialang/julia-master/src/interpreter.c:884
[0Ktop-level scope at /workdir/depot/packages/Zygote/55SqB/src/precompile.jl:20
[0Kijl_eval_thunk at /cache/build/builder-amdci5-5/julialang/julia-master/src/toplevel.c:765
[0Kjl_toplevel_eval_flex at /cache/build/builder-amdci5-5/julialang/julia-master/src/toplevel.c:712
[0Kjl_eval_toplevel_stmts at /cache/build/builder-amdci5-5/julialang/julia-master/src/toplevel.c:602
[0Kjl_toplevel_eval_flex at /cache/build/builder-amdci5-5/julialang/julia-master/src/toplevel.c:684
[0Kijl_toplevel_eval at /cache/build/builder-amdci5-5/julialang/julia-master/src/toplevel.c:779
[0Kijl_toplevel_eval_in at /cache/build/builder-amdci5-5/julialang/julia-master/src/toplevel.c:824
[0Keval at ./boot.jl:489
[0Kinclude_string at ./loading.jl:3130
[0K_include at ./loading.jl:3190
[0Kinclude at ./Base.jl:310
[0KIncludeInto at ./Base.jl:311
[0Kjfptr_IncludeInto_73268.1 at /root/.julia/juliaup/julia-nightly/lib/julia/sys.so (unknown line)
[0Kjl_apply at /cache/build/builder-amdci5-5/julialang/julia-master/src/julia.h:2285 [inlined]
[0Kdo_call at /cache/build/builder-amdci5-5/julialang/julia-master/src/interpreter.c:123
[0Keval_value at /cache/build/builder-amdci5-5/julialang/julia-master/src/interpreter.c:243
[0Keval_stmt_value at /cache/build/builder-amdci5-5/julialang/julia-master/src/interpreter.c:194 [inlined]
[0Keval_body at /cache/build/builder-amdci5-5/julialang/julia-master/src/interpreter.c:679
[0Keval_body at /cache/build/builder-amdci5-5/julialang/julia-master/src/interpreter.c:558
[0Kjl_interpret_toplevel_thunk at /cache/build/builder-amdci5-5/julialang/julia-master/src/interpreter.c:884
[0Kmacro expansion at /workdir/depot/packages/Zygote/55SqB/src/Zygote.jl:68 [inlined]
[0Kmacro expansion at /workdir/depot/packages/PrecompileTools/gn08A/src/workloads.jl:73 [inlined]
[0Ktop-level scope at /workdir/depot/packages/Zygote/55SqB/src/Zygote.jl:85
[0Kijl_eval_thunk at /cache/build/builder-amdci5-5/julialang/julia-master/src/toplevel.c:765
[0Kjl_toplevel_eval_flex at /cache/build/builder-amdci5-5/julialang/julia-master/src/toplevel.c:712
[0Kjl_eval_toplevel_stmts at /cache/build/builder-amdci5-5/julialang/julia-master/src/toplevel.c:602
[0Kjl_eval_module_expr at /cache/build/builder-amdci5-5/julialang/julia-master/src/toplevel.c:263 [inlined]
[0Kjl_toplevel_eval_flex at /cache/build/builder-amdci5-5/julialang/julia-master/src/toplevel.c:665
[0Kjl_eval_toplevel_stmts at /cache/build/builder-amdci5-5/julialang/julia-master/src/toplevel.c:602
[0Kjl_toplevel_eval_flex at /cache/build/builder-amdci5-5/julialang/julia-master/src/toplevel.c:684
[0Kijl_toplevel_eval at /cache/build/builder-amdci5-5/julialang/julia-master/src/toplevel.c:779
[0Kijl_toplevel_eval_in at /cache/build/builder-amdci5-5/julialang/julia-master/src/toplevel.c:824
[0Keval at ./boot.jl:489
[0Kinclude_string at ./loading.jl:3130
[0K_include at ./loading.jl:3190
[0Kinclude at ./Base.jl:309
[0Kinclude_package_for_output at ./loading.jl:3288
[0Kjfptr_include_package_for_output_51506.1 at /root/.julia/juliaup/julia-nightly/lib/julia/sys.so (unknown line)
[0Kjl_apply at /cache/build/builder-amdci5-5/julialang/julia-master/src/julia.h:2285 [inlined]
[0Kdo_call at /cache/build/builder-amdci5-5/julialang/julia-master/src/interpreter.c:123
[0Keval_value at /cache/build/builder-amdci5-5/julialang/julia-master/src/interpreter.c:243
[0Keval_stmt_value at /cache/build/builder-amdci5-5/julialang/julia-master/src/interpreter.c:194 [inlined]
[0Keval_body at /cache/build/builder-amdci5-5/julialang/julia-master/src/interpreter.c:679
[0Kjl_interpret_toplevel_thunk at /cache/build/builder-amdci5-5/julialang/julia-master/src/interpreter.c:884
[0Ktop-level scope at stdin:5
[0Kijl_eval_thunk at /cache/build/builder-amdci5-5/julialang/julia-master/src/toplevel.c:765
[0Kjl_toplevel_eval_flex at /cache/build/builder-amdci5-5/julialang/julia-master/src/toplevel.c:712
[0Kjl_eval_toplevel_stmts at /cache/build/builder-amdci5-5/julialang/julia-master/src/toplevel.c:602
[0Kjl_toplevel_eval_flex at /cache/build/builder-amdci5-5/julialang/julia-master/src/toplevel.c:684
[0Kijl_toplevel_eval at /cache/build/builder-amdci5-5/julialang/julia-master/src/toplevel.c:779
[0Kijl_toplevel_eval_in at /cache/build/builder-amdci5-5/julialang/julia-master/src/toplevel.c:824
[0Keval at ./boot.jl:489
[0Kinclude_string at ./loading.jl:3130
[0Kinclude_string at ./loading.jl:3140 [inlined]
[0Kexec_options at ./client.jl:342
[0K_start at ./client.jl:585
[0Kjfptr__start_30912.1 at /root/.julia/juliaup/julia-nightly/lib/julia/sys.so (unknown line)
[0Kjl_apply at /cache/build/builder-amdci5-5/julialang/julia-master/src/julia.h:2285 [inlined]
[0Ktrue_main at /cache/build/builder-amdci5-5/julialang/julia-master/src/jlapi.c:971
[0Kjl_repl_entrypoint at /cache/build/builder-amdci5-5/julialang/julia-master/src/jlapi.c:1138
[0Kmain at /cache/build/builder-amdci5-5/julialang/julia-master/cli/loader_exe.c:58
[0Kunknown function (ip: 0x7ceb51016249) at /lib/x86_64-linux-gnu/libc.so.6
[0K__libc_start_main at /lib/x86_64-linux-gnu/libc.so.6 (unknown line)
[0Kunknown function (ip: 0x4010b8) at /workspace/srcdir/glibc-2.17/csu/../sysdeps/x86_64/start.S
[0Kfatal: error thrown and no exception handler available.
[0KTypeError(func=:typeassert, context="", expected=Union{Nothing, Array{Any, 1}, Core.SimpleVector}, got=Array{Core.MethodInstance, 1}(dims=(1,), mem=Memory{Core.MethodInstance}(1, 0x7ceb1e773540)[materialize(Array{Float32, 1}) from materialize(Any)]))
[0Kijl_type_error_rt at /cache/build/builder-amdci5-5/julialang/julia-master/src/rtutils.c:121
[0Kijl_type_error at /cache/build/builder-amdci5-5/julialang/julia-master/src/rtutils.c:140
[0Kcompute_edges! at ./../usr/share/julia/Compiler/src/typeinfer.jl:820
[0Kfinishinfer! at ./../usr/share/julia/Compiler/src/typeinfer.jl:668
[0Kfinish_nocycle at ./../usr/share/julia/Compiler/src/typeinfer.jl:275
[0Kjfptr_finish_nocycle_89852.1 at /root/.julia/juliaup/julia-nightly/lib/julia/sys.so (unknown line)
[0Ktypeinf at ./../usr/share/julia/Compiler/src/abstractinterpretation.jl:4575
[0Ktypeinf_ext at ./../usr/share/julia/Compiler/src/typeinfer.jl:1532
[0Kjfptr_typeinf_ext_86864.1 at /root/.julia/juliaup/julia-nightly/lib/julia/sys.so (unknown line)
[0K#compile!#169 at ./../usr/share/julia/Compiler/src/typeinfer.jl:1742
[0Kcompile! at ./../usr/share/julia/Compiler/src/typeinfer.jl:1727 [inlined]
[0Ktypeinf_ext_toplevel at ./../usr/share/julia/Compiler/src/typeinfer.jl:1827
[0Kcompile_and_emit_native at ./../usr/share/julia/Compiler/src/precompile.jl:415
[0Kjfptr_compile_and_emit_native_89460.1 at /root/.julia/juliaup/julia-nightly/lib/julia/sys.so (unknown line)
[0Kjl_apply at /cache/build/builder-amdci5-5/julialang/julia-master/src/julia.h:2285 [inlined]
[0Kjl_create_native_impl at /cache/build/builder-amdci5-5/julialang/julia-master/src/aotcompile.cpp:750
[0Kijl_create_system_image at /cache/build/builder-amdci5-5/julialang/julia-master/src/staticdata.c:3371
[0Kijl_write_compiler_output at /cache/build/builder-amdci5-5/julialang/julia-master/src/precompile.c:140
[0Kijl_atexit_hook at /cache/build/builder-amdci5-5/julialang/julia-master/src/init.c:280
[0Kjl_repl_entrypoint at /cache/build/builder-amdci5-5/julialang/julia-master/src/jlapi.c:1139
[0Kmain at /cache/build/builder-amdci5-5/julialang/julia-master/cli/loader_exe.c:58
[0Kunknown function (ip: 0x7ceb51016249) at /lib/x86_64-linux-gnu/libc.so.6
[0K__libc_start_main at /lib/x86_64-linux-gnu/libc.so.6 (unknown line)
[0Kunknown function (ip: 0x4010b8) at /workspace/srcdir/glibc-2.17/csu/../sysdeps/x86_64/start.S
              ✗ Zygote
[0KERROR: LoadError: Precompiled image Base.PkgId(Base.UUID("e88e6eb3-aa80-5325-afca-941959d7151f"), "Zygote") not available with flags CacheFlags(; use_pkgimages=true, debug_level=1, check_bounds=0, inline=true, opt_level=2)
[0KStacktrace:
[0K  [1] error(s::String)
[0K    @ Base ./error.jl:56
[0K  [2] __require_prelocked(pkg::Base.PkgId, env::String)
[0K    @ Base ./loading.jl:2840
[0K  [3] _require_prelocked(uuidkey::Base.PkgId, env::String)
[0K    @ Base ./loading.jl:2694
[0K  [4] macro expansion
[0K    @ ./loading.jl:2621 [inlined]
[0K  [5] macro expansion
[0K    @ ./lock.jl:376 [inlined]
[0K  [6] __require(into::Module, mod::Symbol)
[0K    @ Base ./loading.jl:2585
[0K  [7] require
[0K    @ ./loading.jl:2561 [inlined]
[0K  [8] eval_import_path
[0K    @ ./module.jl:36 [inlined]
[0K  [9] eval_import_path_all(at::Module, path::Expr, keyword::String)
[0K    @ Base ./module.jl:60
[0K [10] _eval_import(::Bool, ::Module, ::Expr, ::Expr, ::Vararg{Expr})
[0K    @ Base ./module.jl:101
[0K [11] top-level scope
[0K    @ /workdir/depot/packages/MLDataDevices/4qHOT/ext/ZygoteExt.jl:5
[0K [12] include(mod::Module, _path::String)
[0K    @ Base ./Base.jl:309
[0K [13] include_package_for_output(pkg::Base.PkgId, input::String, syntax_version::VersionNumber, depot_path::Vector{String}, dl_load_path::Vector{String}, load_path::Vector{String}, concrete_deps::Vector{Pair{Base.PkgId, UInt128}}, source::Nothing)
[0K    @ Base ./loading.jl:3288
[0K [14] top-level scope
[0K    @ stdin:5
[0K [15] eval(m::Module, e::Any)
[0K    @ Core ./boot.jl:489
[0K [16] include_string(mapexpr::typeof(identity), mod::Module, code::String, filename::String)
[0K    @ Base ./loading.jl:3130
[0K [17] include_string
[0K    @ ./loading.jl:3140 [inlined]
[0K [18] exec_options(opts::Base.JLOptions)
[0K    @ Base ./client.jl:342
[0K [19] _start()
[0K    @ Base ./client.jl:585
[0Kin expression starting at /workdir/depot/packages/MLDataDevices/4qHOT/ext/ZygoteExt.jl:1
[0Kin expression starting at stdin:5
              ✗ MLDataDevices → ZygoteExt
[0KERROR: LoadError: Precompiled image Base.PkgId(Base.UUID("e88e6eb3-aa80-5325-afca-941959d7151f"), "Zygote") not available with flags CacheFlags(; use_pkgimages=true, debug_level=1, check_bounds=0, inline=true, opt_level=2)
[0KStacktrace:
[0K  [1] error(s::String)
[0K    @ Base ./error.jl:56
[0K  [2] __require_prelocked(pkg::Base.PkgId, env::String)
[0K    @ Base ./loading.jl:2840
[0K  [3] _require_prelocked(uuidkey::Base.PkgId, env::String)
[0K    @ Base ./loading.jl:2694
[0K  [4] macro expansion
[0K    @ ./loading.jl:2621 [inlined]
[0K  [5] macro expansion
[0K    @ ./lock.jl:376 [inlined]
[0K  [6] __require(into::Module, mod::Symbol)
[0K    @ Base ./loading.jl:2585
[0K  [7] require
[0K    @ ./loading.jl:2561 [inlined]
[0K  [8] eval_import_path
[0K    @ ./module.jl:36 [inlined]
[0K  [9] eval_import_path_all(at::Module, path::Expr, keyword::String)
[0K    @ Base ./module.jl:60
[0K [10] _eval_using
[0K    @ ./module.jl:137 [inlined]
[0K [11] _eval_using(to::Module, path::Expr)
[0K    @ Base ./module.jl:137
[0K [12] top-level scope
[0K    @ /workdir/depot/packages/Flux/DZYiO/src/Flux.jl:23
[0K [13] include(mod::Module, _path::String)
[0K    @ Base ./Base.jl:309
[0K [14] include_package_for_output(pkg::Base.PkgId, input::String, syntax_version::VersionNumber, depot_path::Vector{String}, dl_load_path::Vector{String}, load_path::Vector{String}, concrete_deps::Vector{Pair{Base.PkgId, UInt128}}, source::Nothing)
[0K    @ Base ./loading.jl:3288
[0K [15] top-level scope
[0K    @ stdin:5
[0K [16] eval(m::Module, e::Any)
[0K    @ Core ./boot.jl:489
[0K [17] include_string(mapexpr::typeof(identity), mod::Module, code::String, filename::String)
[0K    @ Base ./loading.jl:3130
[0K [18] include_string
[0K    @ ./loading.jl:3140 [inlined]
[0K [19] exec_options(opts::Base.JLOptions)
[0K    @ Base ./client.jl:342
[0K [20] _start()
[0K    @ Base ./client.jl:585
[0Kin expression starting at /workdir/depot/packages/Flux/DZYiO/src/Flux.jl:1
[0Kin expression starting at stdin:5
              ✗ Flux
  148 dependencies successfully precompiled in 55 seconds. 9 already precompiled.
	Command being timed: "nice -n -10 timeout -k120 -v 3600 julia +nightly --project=F/Flux/Basic-Model-Gradient -e using Pkg; @time @eval Pkg.precompile()"
	User time (seconds): 325.60
	System time (seconds): 27.49
	Percent of CPU this job got: 207%
	Elapsed (wall clock) time (h:mm:ss or m:ss): 2:50.39
	Average shared text size (kbytes): 0
	Average unshared data size (kbytes): 0
	Average stack size (kbytes): 0
	Average total size (kbytes): 0
	Maximum resident set size (kbytes): 2583816
	Average resident set size (kbytes): 0
	Major (requiring I/O) page faults: 567
	Minor (reclaiming a frame) page faults: 9534436
	Voluntary context switches: 26384
	Involuntary context switches: 8057
	Swaps: 0
	File system inputs: 0
	File system outputs: 727864
	Socket messages sent: 0
	Socket messages received: 0
	Signals delivered: 0
	Page size (bytes): 4096
	Exit status: 0
