nice: cannot set niceness: Permission denied
Precompiling packages...
    424.5 ms  ✓ Reexport
    459.7 ms  ✓ DataAPI
    619.2 ms  ✓ Statistics
    561.8 ms  ✓ ConstructionBase
   1421.4 ms  ✓ Baselet
   1024.8 ms  ✓ SciMLPublic
    474.7 ms  ✓ RealDot
    476.9 ms  ✓ DataValueInterfaces
    531.6 ms  ✓ PrettyPrint
   1370.8 ms  ✓ IrrationalConstants
    589.3 ms  ✓ StaticArraysCore
    482.5 ms  ✓ StatsAPI
    805.1 ms  ✓ Requires
    929.4 ms  ✓ SuiteSparse_jll
    748.5 ms  ✓ EnzymeCore
    447.4 ms  ✓ Future
    655.8 ms  ✓ OrderedCollections
    519.0 ms  ✓ InverseFunctions
   1962.0 ms  ✓ UnsafeAtomics
    446.9 ms  ✓ CompositionsBase
    484.9 ms  ✓ HashArrayMappedTries
   1588.5 ms  ✓ ShowCases
    574.6 ms  ✓ ProgressLogging
    688.6 ms  ✓ Serialization
    641.8 ms  ✓ DocStringExtensions
    563.7 ms  ✓ DefineSingletons
    766.2 ms  ✓ AbstractFFTs
    614.5 ms  ✓ Unicode
   6476.5 ms  ✓ MacroTools
   1458.4 ms  ✓ InitialValues
    541.9 ms  ✓ ArgCheck
    462.6 ms  ✓ PtrArrays
    779.7 ms  ✓ OpenLibm_jll
    540.6 ms  ✓ Mmap
    456.0 ms  ✓ IteratorInterfaceExtensions
   1097.9 ms  ✓ FillArrays
    525.7 ms  ✓ Missings
    439.1 ms  ✓ ConstructionBase → ConstructionBaseLinearAlgebraExt
    473.5 ms  ✓ NameResolution
    475.5 ms  ✓ DiffResults
    499.8 ms  ✓ Adapt
   1426.6 ms  ✓ InteractiveUtils
    429.3 ms  ✓ CompositionsBase → CompositionsBaseInverseFunctionsExt
    467.1 ms  ✓ ScopedValues
   1036.0 ms  ✓ Atomix
   1745.5 ms  ✓ DataStructures
    627.7 ms  ✓ LogExpFunctions
    439.8 ms  ✓ InverseFunctions → InverseFunctionsDatesExt
    600.8 ms  ✓ Compat
    556.8 ms  ✓ CommonSubexpressions
   2569.1 ms  ✓ Distributed
    581.6 ms  ✓ AliasTables
    531.3 ms  ✓ NaNMath
    513.3 ms  ✓ DelimitedFiles
   2347.1 ms  ✓ Preferences
    462.1 ms  ✓ TableTraits
    533.2 ms  ✓ FillArrays → FillArraysStatisticsExt
   4269.7 ms  ✓ SparseArrays
    477.4 ms  ✓ EnzymeCore → AdaptExt
    637.8 ms  ✓ GPUArraysCore
    726.3 ms  ✓ SimpleTraits
   1605.8 ms  ✓ Setfield
    601.3 ms  ✓ SortingAlgorithms
    449.2 ms  ✓ LogExpFunctions → LogExpFunctionsInverseFunctionsExt
    442.4 ms  ✓ Compat → CompatLinearAlgebraExt
   2193.1 ms  ✓ IRTools
    703.9 ms  ✓ JLLWrappers
    578.9 ms  ✓ PrecompileTools
    742.3 ms  ✓ Statistics → SparseArraysExt
   1100.7 ms  ✓ Tables
   3003.3 ms  ✓ Accessors
    776.5 ms  ✓ SuiteSparse
    944.1 ms  ✓ FillArrays → FillArraysSparseArraysExt
    733.7 ms  ✓ Adapt → AdaptSparseArraysExt
    765.9 ms  ✓ Functors
    634.6 ms  ✓ ContextVariablesX
   1803.9 ms  ✓ ChainRulesCore
    880.0 ms  ✓ OpenSpecFun_jll
    960.6 ms  ✓ StructArrays
   1018.9 ms  ✓ MLCore
    606.8 ms  ✓ Accessors → LinearAlgebraExt
   2822.2 ms  ✓ StatsBase
    714.7 ms  ✓ SparseInverseSubset
    969.4 ms  ✓ MLDataDevices
    674.2 ms  ✓ FLoopsBase
    884.2 ms  ✓ ChainRulesCore → ChainRulesCoreSparseArraysExt
   1639.6 ms  ✓ Optimisers
   1023.0 ms  ✓ ZygoteRules
    748.1 ms  ✓ AbstractFFTs → AbstractFFTsChainRulesCoreExt
  12995.5 ms  ✓ Test
  23418.2 ms  ✓ MLStyle
   1667.9 ms  ✓ LogExpFunctions → LogExpFunctionsChainRulesCoreExt
    637.6 ms  ✓ StructArrays → StructArraysSparseArraysExt
    486.3 ms  ✓ StructArrays → StructArraysLinearAlgebraExt
    472.4 ms  ✓ StructArrays → StructArraysAdaptExt
    511.3 ms  ✓ Accessors → StructArraysExt
    608.0 ms  ✓ MLDataDevices → MLDataDevicesChainRulesCoreExt
    742.1 ms  ✓ BangBang
    560.2 ms  ✓ MLDataDevices → MLDataDevicesFillArraysExt
    519.8 ms  ✓ Optimisers → OptimisersAdaptExt
   2654.8 ms  ✓ SpecialFunctions
    680.1 ms  ✓ MLDataDevices → MLDataDevicesSparseArraysExt
    494.2 ms  ✓ Optimisers → OptimisersEnzymeCoreExt
    640.4 ms  ✓ InverseFunctions → InverseFunctionsTestExt
    600.9 ms  ✓ Accessors → TestExt
    941.0 ms  ✓ SplittablesBase
    521.0 ms  ✓ BangBang → BangBangTablesExt
   1603.1 ms  ✓ AbstractFFTs → AbstractFFTsTestExt
    580.2 ms  ✓ BangBang → BangBangStructArraysExt
    581.5 ms  ✓ BangBang → BangBangChainRulesCoreExt
    796.6 ms  ✓ MicroCollections
   2834.7 ms  ✓ JuliaVariables
    804.8 ms  ✓ DiffRules
   2056.9 ms  ✓ SpecialFunctions → SpecialFunctionsChainRulesCoreExt
   2525.1 ms  ✓ Transducers
   5743.1 ms  ✓ ChainRules
    811.3 ms  ✓ Transducers → TransducersAdaptExt
   3539.4 ms  ✓ ForwardDiff
    830.3 ms  ✓ MLDataDevices → MLDataDevicesChainRulesExt
  17851.2 ms  ✓ StaticArrays
    620.0 ms  ✓ StaticArrays → StaticArraysStatisticsExt
    618.0 ms  ✓ ConstructionBase → ConstructionBaseStaticArraysExt
    619.0 ms  ✓ StaticArrays → StaticArraysChainRulesCoreExt
   3385.5 ms  ✓ FLoops
    595.9 ms  ✓ Adapt → AdaptStaticArraysExt
    633.5 ms  ✓ Accessors → StaticArraysExt
    688.0 ms  ✓ StructArrays → StructArraysStaticArraysExt
    573.2 ms  ✓ BangBang → BangBangStaticArraysExt
    602.9 ms  ✓ ForwardDiff → ForwardDiffStaticArraysExt
   3093.1 ms  ✓ KernelAbstractions
    686.6 ms  ✓ KernelAbstractions → LinearAlgebraExt
    697.8 ms  ✓ StructArrays → StructArraysGPUArraysCoreExt
    732.8 ms  ✓ KernelAbstractions → EnzymeExt
    827.8 ms  ✓ KernelAbstractions → SparseArraysExt
   3592.2 ms  ✓ NNlib
    761.6 ms  ✓ NNlib → NNlibSpecialFunctionsExt
    807.5 ms  ✓ NNlib → NNlibForwardDiffExt
    857.8 ms  ✓ NNlib → NNlibEnzymeCoreExt
    917.4 ms  ✓ OneHotArrays
    628.9 ms  ✓ MLDataDevices → MLDataDevicesOneHotArraysExt
   5374.0 ms  ✓ MLUtils
[0KInternal error: during type inference of
[0K_pullback(Zygote.Context{false}, typeof(Zygote.pow), Int64, Int64)
[0KEncountered unexpected error in runtime:
[0KTypeError(func=:typeassert, context="", expected=Union{Nothing, Array{Any, 1}, Core.SimpleVector}, got=Array{Core.MethodInstance, 1}(dims=(1,), mem=Memory{Core.MethodInstance}(1, 0x780286f2daa0)[pow(Int64, Int64) from pow(Any, Any)]))
[0Kijl_type_error_rt at /cache/build/builder-amdci5-5/julialang/julia-master/src/rtutils.c:121
[0Kijl_type_error at /cache/build/builder-amdci5-5/julialang/julia-master/src/rtutils.c:140
[0Kcompute_edges! at ./../usr/share/julia/Compiler/src/typeinfer.jl:820
[0Kfinishinfer! at ./../usr/share/julia/Compiler/src/typeinfer.jl:668
[0Kfinish_nocycle at ./../usr/share/julia/Compiler/src/typeinfer.jl:275
[0Kjfptr_finish_nocycle_90331.1 at /root/.julia/juliaup/julia-nightly/lib/julia/sys.so (unknown line)
[0Ktypeinf at ./../usr/share/julia/Compiler/src/abstractinterpretation.jl:4574
[0Ktypeinf_ext at ./../usr/share/julia/Compiler/src/typeinfer.jl:1527
[0Ktypeinf_ext_toplevel at ./../usr/share/julia/Compiler/src/typeinfer.jl:1710 [inlined]
[0Ktypeinf_ext_toplevel at ./../usr/share/julia/Compiler/src/typeinfer.jl:1719
[0Kjfptr_typeinf_ext_toplevel_91769.1 at /root/.julia/juliaup/julia-nightly/lib/julia/sys.so (unknown line)
[0Kjl_apply at /cache/build/builder-amdci5-5/julialang/julia-master/src/julia.h:2285 [inlined]
[0Kjl_type_infer at /cache/build/builder-amdci5-5/julialang/julia-master/src/gf.c:463
[0Kjl_compile_method_internal at /cache/build/builder-amdci5-5/julialang/julia-master/src/gf.c:3636
[0K_jl_invoke at /cache/build/builder-amdci5-5/julialang/julia-master/src/gf.c:4108 [inlined]
[0Kijl_apply_generic at /cache/build/builder-amdci5-5/julialang/julia-master/src/gf.c:4313
[0Kjl_apply at /cache/build/builder-amdci5-5/julialang/julia-master/src/julia.h:2285 [inlined]
[0Kjl_f__apply_iterate at /cache/build/builder-amdci5-5/julialang/julia-master/src/builtins.c:876
[0Kpullback at /workdir/depot/packages/Zygote/55SqB/src/compiler/interface.jl:96
[0Kpullback at /workdir/depot/packages/Zygote/55SqB/src/compiler/interface.jl:94
[0Kunknown function (ip: 0x7802848383d0) at (unknown file)
[0Kjl_apply at /cache/build/builder-amdci5-5/julialang/julia-master/src/julia.h:2285 [inlined]
[0Kjl_f__apply_iterate at /cache/build/builder-amdci5-5/julialang/julia-master/src/builtins.c:876
[0Kgradient at /workdir/depot/packages/Zygote/55SqB/src/compiler/interface.jl:153
[0Kjl_apply at /cache/build/builder-amdci5-5/julialang/julia-master/src/julia.h:2285 [inlined]
[0Kdo_call at /cache/build/builder-amdci5-5/julialang/julia-master/src/interpreter.c:123
[0Keval_value at /cache/build/builder-amdci5-5/julialang/julia-master/src/interpreter.c:243
[0Keval_stmt_value at /cache/build/builder-amdci5-5/julialang/julia-master/src/interpreter.c:194 [inlined]
[0Keval_body at /cache/build/builder-amdci5-5/julialang/julia-master/src/interpreter.c:679
[0Kjl_interpret_toplevel_thunk at /cache/build/builder-amdci5-5/julialang/julia-master/src/interpreter.c:884
[0Ktop-level scope at /workdir/depot/packages/Zygote/55SqB/src/precompile.jl:17
[0Kjl_toplevel_eval_flex at /cache/build/builder-amdci5-5/julialang/julia-master/src/toplevel.c:757
[0Kjl_eval_toplevel_stmts at /cache/build/builder-amdci5-5/julialang/julia-master/src/toplevel.c:600
[0Kjl_toplevel_eval_flex at /cache/build/builder-amdci5-5/julialang/julia-master/src/toplevel.c:698
[0Kijl_toplevel_eval at /cache/build/builder-amdci5-5/julialang/julia-master/src/toplevel.c:769
[0Kijl_toplevel_eval_in at /cache/build/builder-amdci5-5/julialang/julia-master/src/toplevel.c:814
[0Keval at ./boot.jl:489
[0Kinclude_string at ./loading.jl:3151
[0K_include at ./loading.jl:3211
[0Kinclude at ./Base.jl:310
[0KIncludeInto at ./Base.jl:311
[0Kjfptr_IncludeInto_79104.1 at /root/.julia/juliaup/julia-nightly/lib/julia/sys.so (unknown line)
[0Kjl_apply at /cache/build/builder-amdci5-5/julialang/julia-master/src/julia.h:2285 [inlined]
[0Kdo_call at /cache/build/builder-amdci5-5/julialang/julia-master/src/interpreter.c:123
[0Keval_value at /cache/build/builder-amdci5-5/julialang/julia-master/src/interpreter.c:243
[0Keval_stmt_value at /cache/build/builder-amdci5-5/julialang/julia-master/src/interpreter.c:194 [inlined]
[0Keval_body at /cache/build/builder-amdci5-5/julialang/julia-master/src/interpreter.c:679
[0Keval_body at /cache/build/builder-amdci5-5/julialang/julia-master/src/interpreter.c:558
[0Kjl_interpret_toplevel_thunk at /cache/build/builder-amdci5-5/julialang/julia-master/src/interpreter.c:884
[0Kmacro expansion at /workdir/depot/packages/Zygote/55SqB/src/Zygote.jl:68 [inlined]
[0Kmacro expansion at /workdir/depot/packages/PrecompileTools/gn08A/src/workloads.jl:73 [inlined]
[0Ktop-level scope at /workdir/depot/packages/Zygote/55SqB/src/Zygote.jl:85
[0Kjl_toplevel_eval_flex at /cache/build/builder-amdci5-5/julialang/julia-master/src/toplevel.c:757
[0Kjl_eval_toplevel_stmts at /cache/build/builder-amdci5-5/julialang/julia-master/src/toplevel.c:600
[0Kjl_eval_module_expr at /cache/build/builder-amdci5-5/julialang/julia-master/src/toplevel.c:263 [inlined]
[0Kjl_toplevel_eval_flex at /cache/build/builder-amdci5-5/julialang/julia-master/src/toplevel.c:665
[0Kjl_eval_toplevel_stmts at /cache/build/builder-amdci5-5/julialang/julia-master/src/toplevel.c:600
[0Kjl_toplevel_eval_flex at /cache/build/builder-amdci5-5/julialang/julia-master/src/toplevel.c:698
[0Kijl_toplevel_eval at /cache/build/builder-amdci5-5/julialang/julia-master/src/toplevel.c:769
[0Kijl_toplevel_eval_in at /cache/build/builder-amdci5-5/julialang/julia-master/src/toplevel.c:814
[0Keval at ./boot.jl:489
[0Kinclude_string at ./loading.jl:3151
[0K_include at ./loading.jl:3211
[0Kinclude at ./Base.jl:309
[0Kinclude_package_for_output at ./loading.jl:3309
[0Kjfptr_include_package_for_output_81052.1 at /root/.julia/juliaup/julia-nightly/lib/julia/sys.so (unknown line)
[0Kjl_apply at /cache/build/builder-amdci5-5/julialang/julia-master/src/julia.h:2285 [inlined]
[0Kdo_call at /cache/build/builder-amdci5-5/julialang/julia-master/src/interpreter.c:123
[0Keval_value at /cache/build/builder-amdci5-5/julialang/julia-master/src/interpreter.c:243
[0Keval_stmt_value at /cache/build/builder-amdci5-5/julialang/julia-master/src/interpreter.c:194 [inlined]
[0Keval_body at /cache/build/builder-amdci5-5/julialang/julia-master/src/interpreter.c:679
[0Kjl_interpret_toplevel_thunk at /cache/build/builder-amdci5-5/julialang/julia-master/src/interpreter.c:884
[0Ktop-level scope at stdin:5
[0Kjl_toplevel_eval_flex at /cache/build/builder-amdci5-5/julialang/julia-master/src/toplevel.c:757
[0Kjl_eval_toplevel_stmts at /cache/build/builder-amdci5-5/julialang/julia-master/src/toplevel.c:600
[0Kjl_toplevel_eval_flex at /cache/build/builder-amdci5-5/julialang/julia-master/src/toplevel.c:698
[0Kijl_toplevel_eval at /cache/build/builder-amdci5-5/julialang/julia-master/src/toplevel.c:769
[0Kijl_toplevel_eval_in at /cache/build/builder-amdci5-5/julialang/julia-master/src/toplevel.c:814
[0Keval at ./boot.jl:489
[0Kinclude_string at ./loading.jl:3151
[0Kinclude_string at ./loading.jl:3161 [inlined]
[0Kexec_options at ./client.jl:342
[0K_start at ./client.jl:585
[0Kjfptr__start_58236.1 at /root/.julia/juliaup/julia-nightly/lib/julia/sys.so (unknown line)
[0Kjl_apply at /cache/build/builder-amdci5-5/julialang/julia-master/src/julia.h:2285 [inlined]
[0Ktrue_main at /cache/build/builder-amdci5-5/julialang/julia-master/src/jlapi.c:971
[0Kjl_repl_entrypoint at /cache/build/builder-amdci5-5/julialang/julia-master/src/jlapi.c:1138
[0Kmain at /cache/build/builder-amdci5-5/julialang/julia-master/cli/loader_exe.c:58
[0Kunknown function (ip: 0x7802b84ae249) at /lib/x86_64-linux-gnu/libc.so.6
[0K__libc_start_main at /lib/x86_64-linux-gnu/libc.so.6 (unknown line)
[0Kunknown function (ip: 0x4010b8) at /workspace/srcdir/glibc-2.17/csu/../sysdeps/x86_64/start.S
[0KInternal error: during type inference of
[0K(::Zygote.var"#pullback##0#pullback##1"{Zygote.Pullback{Tuple{typeof(Zygote.pow), Int64, Int64}, Any}})(Int64)
[0KEncountered unexpected error in runtime:
[0KTypeError(func=:typeassert, context="", expected=Union{Nothing, Array{Any, 1}, Core.SimpleVector}, got=Array{Core.MethodInstance, 1}(dims=(1,), mem=Memory{Core.MethodInstance}(1, 0x78028947c360)[pow(Int64, Int64) from pow(Any, Any)]))
[0Kijl_type_error_rt at /cache/build/builder-amdci5-5/julialang/julia-master/src/rtutils.c:121
[0Kijl_type_error at /cache/build/builder-amdci5-5/julialang/julia-master/src/rtutils.c:140
[0Kcompute_edges! at ./../usr/share/julia/Compiler/src/typeinfer.jl:820
[0Kfinishinfer! at ./../usr/share/julia/Compiler/src/typeinfer.jl:668
[0Kfinish_nocycle at ./../usr/share/julia/Compiler/src/typeinfer.jl:275
[0Kjfptr_finish_nocycle_90331.1 at /root/.julia/juliaup/julia-nightly/lib/julia/sys.so (unknown line)
[0Ktypeinf at ./../usr/share/julia/Compiler/src/abstractinterpretation.jl:4574
[0Ktypeinf_ext at ./../usr/share/julia/Compiler/src/typeinfer.jl:1527
[0Ktypeinf_ext_toplevel at ./../usr/share/julia/Compiler/src/typeinfer.jl:1710 [inlined]
[0Ktypeinf_ext_toplevel at ./../usr/share/julia/Compiler/src/typeinfer.jl:1719
[0Kjfptr_typeinf_ext_toplevel_91769.1 at /root/.julia/juliaup/julia-nightly/lib/julia/sys.so (unknown line)
[0Kjl_apply at /cache/build/builder-amdci5-5/julialang/julia-master/src/julia.h:2285 [inlined]
[0Kjl_type_infer at /cache/build/builder-amdci5-5/julialang/julia-master/src/gf.c:463
[0Kjl_compile_method_internal at /cache/build/builder-amdci5-5/julialang/julia-master/src/gf.c:3636
[0K_jl_invoke at /cache/build/builder-amdci5-5/julialang/julia-master/src/gf.c:4108 [inlined]
[0Kijl_apply_generic at /cache/build/builder-amdci5-5/julialang/julia-master/src/gf.c:4313
[0Kgradient at /workdir/depot/packages/Zygote/55SqB/src/compiler/interface.jl:154
[0Kjl_apply at /cache/build/builder-amdci5-5/julialang/julia-master/src/julia.h:2285 [inlined]
[0Kdo_call at /cache/build/builder-amdci5-5/julialang/julia-master/src/interpreter.c:123
[0Keval_value at /cache/build/builder-amdci5-5/julialang/julia-master/src/interpreter.c:243
[0Keval_stmt_value at /cache/build/builder-amdci5-5/julialang/julia-master/src/interpreter.c:194 [inlined]
[0Keval_body at /cache/build/builder-amdci5-5/julialang/julia-master/src/interpreter.c:679
[0Kjl_interpret_toplevel_thunk at /cache/build/builder-amdci5-5/julialang/julia-master/src/interpreter.c:884
[0Ktop-level scope at /workdir/depot/packages/Zygote/55SqB/src/precompile.jl:17
[0Kjl_toplevel_eval_flex at /cache/build/builder-amdci5-5/julialang/julia-master/src/toplevel.c:757
[0Kjl_eval_toplevel_stmts at /cache/build/builder-amdci5-5/julialang/julia-master/src/toplevel.c:600
[0Kjl_toplevel_eval_flex at /cache/build/builder-amdci5-5/julialang/julia-master/src/toplevel.c:698
[0Kijl_toplevel_eval at /cache/build/builder-amdci5-5/julialang/julia-master/src/toplevel.c:769
[0Kijl_toplevel_eval_in at /cache/build/builder-amdci5-5/julialang/julia-master/src/toplevel.c:814
[0Keval at ./boot.jl:489
[0Kinclude_string at ./loading.jl:3151
[0K_include at ./loading.jl:3211
[0Kinclude at ./Base.jl:310
[0KIncludeInto at ./Base.jl:311
[0Kjfptr_IncludeInto_79104.1 at /root/.julia/juliaup/julia-nightly/lib/julia/sys.so (unknown line)
[0Kjl_apply at /cache/build/builder-amdci5-5/julialang/julia-master/src/julia.h:2285 [inlined]
[0Kdo_call at /cache/build/builder-amdci5-5/julialang/julia-master/src/interpreter.c:123
[0Keval_value at /cache/build/builder-amdci5-5/julialang/julia-master/src/interpreter.c:243
[0Keval_stmt_value at /cache/build/builder-amdci5-5/julialang/julia-master/src/interpreter.c:194 [inlined]
[0Keval_body at /cache/build/builder-amdci5-5/julialang/julia-master/src/interpreter.c:679
[0Keval_body at /cache/build/builder-amdci5-5/julialang/julia-master/src/interpreter.c:558
[0Kjl_interpret_toplevel_thunk at /cache/build/builder-amdci5-5/julialang/julia-master/src/interpreter.c:884
[0Kmacro expansion at /workdir/depot/packages/Zygote/55SqB/src/Zygote.jl:68 [inlined]
[0Kmacro expansion at /workdir/depot/packages/PrecompileTools/gn08A/src/workloads.jl:73 [inlined]
[0Ktop-level scope at /workdir/depot/packages/Zygote/55SqB/src/Zygote.jl:85
[0Kjl_toplevel_eval_flex at /cache/build/builder-amdci5-5/julialang/julia-master/src/toplevel.c:757
[0Kjl_eval_toplevel_stmts at /cache/build/builder-amdci5-5/julialang/julia-master/src/toplevel.c:600
[0Kjl_eval_module_expr at /cache/build/builder-amdci5-5/julialang/julia-master/src/toplevel.c:263 [inlined]
[0Kjl_toplevel_eval_flex at /cache/build/builder-amdci5-5/julialang/julia-master/src/toplevel.c:665
[0Kjl_eval_toplevel_stmts at /cache/build/builder-amdci5-5/julialang/julia-master/src/toplevel.c:600
[0Kjl_toplevel_eval_flex at /cache/build/builder-amdci5-5/julialang/julia-master/src/toplevel.c:698
[0Kijl_toplevel_eval at /cache/build/builder-amdci5-5/julialang/julia-master/src/toplevel.c:769
[0Kijl_toplevel_eval_in at /cache/build/builder-amdci5-5/julialang/julia-master/src/toplevel.c:814
[0Keval at ./boot.jl:489
[0Kinclude_string at ./loading.jl:3151
[0K_include at ./loading.jl:3211
[0Kinclude at ./Base.jl:309
[0Kinclude_package_for_output at ./loading.jl:3309
[0Kjfptr_include_package_for_output_81052.1 at /root/.julia/juliaup/julia-nightly/lib/julia/sys.so (unknown line)
[0Kjl_apply at /cache/build/builder-amdci5-5/julialang/julia-master/src/julia.h:2285 [inlined]
[0Kdo_call at /cache/build/builder-amdci5-5/julialang/julia-master/src/interpreter.c:123
[0Keval_value at /cache/build/builder-amdci5-5/julialang/julia-master/src/interpreter.c:243
[0Keval_stmt_value at /cache/build/builder-amdci5-5/julialang/julia-master/src/interpreter.c:194 [inlined]
[0Keval_body at /cache/build/builder-amdci5-5/julialang/julia-master/src/interpreter.c:679
[0Kjl_interpret_toplevel_thunk at /cache/build/builder-amdci5-5/julialang/julia-master/src/interpreter.c:884
[0Ktop-level scope at stdin:5
[0Kjl_toplevel_eval_flex at /cache/build/builder-amdci5-5/julialang/julia-master/src/toplevel.c:757
[0Kjl_eval_toplevel_stmts at /cache/build/builder-amdci5-5/julialang/julia-master/src/toplevel.c:600
[0Kjl_toplevel_eval_flex at /cache/build/builder-amdci5-5/julialang/julia-master/src/toplevel.c:698
[0Kijl_toplevel_eval at /cache/build/builder-amdci5-5/julialang/julia-master/src/toplevel.c:769
[0Kijl_toplevel_eval_in at /cache/build/builder-amdci5-5/julialang/julia-master/src/toplevel.c:814
[0Keval at ./boot.jl:489
[0Kinclude_string at ./loading.jl:3151
[0Kinclude_string at ./loading.jl:3161 [inlined]
[0Kexec_options at ./client.jl:342
[0K_start at ./client.jl:585
[0Kjfptr__start_58236.1 at /root/.julia/juliaup/julia-nightly/lib/julia/sys.so (unknown line)
[0Kjl_apply at /cache/build/builder-amdci5-5/julialang/julia-master/src/julia.h:2285 [inlined]
[0Ktrue_main at /cache/build/builder-amdci5-5/julialang/julia-master/src/jlapi.c:971
[0Kjl_repl_entrypoint at /cache/build/builder-amdci5-5/julialang/julia-master/src/jlapi.c:1138
[0Kmain at /cache/build/builder-amdci5-5/julialang/julia-master/cli/loader_exe.c:58
[0Kunknown function (ip: 0x7802b84ae249) at /lib/x86_64-linux-gnu/libc.so.6
[0K__libc_start_main at /lib/x86_64-linux-gnu/libc.so.6 (unknown line)
[0Kunknown function (ip: 0x4010b8) at /workspace/srcdir/glibc-2.17/csu/../sysdeps/x86_64/start.S
[0KInternal error: during type inference of
[0K_pullback(Zygote.Context{false}, Zygote.var"#2206#2207", Array{Int64, 1}, Array{Int64, 1})
[0KEncountered unexpected error in runtime:
[0KTypeError(func=:typeassert, context="", expected=Union{Nothing, Array{Any, 1}, Core.SimpleVector}, got=Array{Core.MethodInstance, 1}(dims=(1,), mem=Memory{Core.MethodInstance}(1, 0x780298ebdda0)[materialize(Array{Int64, 1}) from materialize(Any)]))
[0Kijl_type_error_rt at /cache/build/builder-amdci5-5/julialang/julia-master/src/rtutils.c:121
[0Kijl_type_error at /cache/build/builder-amdci5-5/julialang/julia-master/src/rtutils.c:140
[0Kcompute_edges! at ./../usr/share/julia/Compiler/src/typeinfer.jl:820
[0Kfinishinfer! at ./../usr/share/julia/Compiler/src/typeinfer.jl:668
[0Kfinish_nocycle at ./../usr/share/julia/Compiler/src/typeinfer.jl:275
[0Kjfptr_finish_nocycle_90331.1 at /root/.julia/juliaup/julia-nightly/lib/julia/sys.so (unknown line)
[0Ktypeinf at ./../usr/share/julia/Compiler/src/abstractinterpretation.jl:4574
[0Ktypeinf_ext at ./../usr/share/julia/Compiler/src/typeinfer.jl:1527
[0Ktypeinf_ext_toplevel at ./../usr/share/julia/Compiler/src/typeinfer.jl:1710 [inlined]
[0Ktypeinf_ext_toplevel at ./../usr/share/julia/Compiler/src/typeinfer.jl:1719
[0Kjfptr_typeinf_ext_toplevel_91769.1 at /root/.julia/juliaup/julia-nightly/lib/julia/sys.so (unknown line)
[0Kjl_apply at /cache/build/builder-amdci5-5/julialang/julia-master/src/julia.h:2285 [inlined]
[0Kjl_type_infer at /cache/build/builder-amdci5-5/julialang/julia-master/src/gf.c:463
[0Kjl_compile_method_internal at /cache/build/builder-amdci5-5/julialang/julia-master/src/gf.c:3636
[0K_jl_invoke at /cache/build/builder-amdci5-5/julialang/julia-master/src/gf.c:4108 [inlined]
[0Kijl_apply_generic at /cache/build/builder-amdci5-5/julialang/julia-master/src/gf.c:4313
[0Kjl_apply at /cache/build/builder-amdci5-5/julialang/julia-master/src/julia.h:2285 [inlined]
[0Kjl_f__apply_iterate at /cache/build/builder-amdci5-5/julialang/julia-master/src/builtins.c:876
[0Kpullback at /workdir/depot/packages/Zygote/55SqB/src/compiler/interface.jl:96
[0Kpullback at /workdir/depot/packages/Zygote/55SqB/src/compiler/interface.jl:94
[0Kjl_apply at /cache/build/builder-amdci5-5/julialang/julia-master/src/julia.h:2285 [inlined]
[0Kjl_f__apply_iterate at /cache/build/builder-amdci5-5/julialang/julia-master/src/builtins.c:876
[0Kgradient at /workdir/depot/packages/Zygote/55SqB/src/compiler/interface.jl:153
[0Kjl_apply at /cache/build/builder-amdci5-5/julialang/julia-master/src/julia.h:2285 [inlined]
[0Kdo_call at /cache/build/builder-amdci5-5/julialang/julia-master/src/interpreter.c:123
[0Keval_value at /cache/build/builder-amdci5-5/julialang/julia-master/src/interpreter.c:243
[0Keval_stmt_value at /cache/build/builder-amdci5-5/julialang/julia-master/src/interpreter.c:194 [inlined]
[0Keval_body at /cache/build/builder-amdci5-5/julialang/julia-master/src/interpreter.c:679
[0Kjl_interpret_toplevel_thunk at /cache/build/builder-amdci5-5/julialang/julia-master/src/interpreter.c:884
[0Ktop-level scope at /workdir/depot/packages/Zygote/55SqB/src/precompile.jl:18
[0Kjl_toplevel_eval_flex at /cache/build/builder-amdci5-5/julialang/julia-master/src/toplevel.c:757
[0Kjl_eval_toplevel_stmts at /cache/build/builder-amdci5-5/julialang/julia-master/src/toplevel.c:600
[0Kjl_toplevel_eval_flex at /cache/build/builder-amdci5-5/julialang/julia-master/src/toplevel.c:698
[0Kijl_toplevel_eval at /cache/build/builder-amdci5-5/julialang/julia-master/src/toplevel.c:769
[0Kijl_toplevel_eval_in at /cache/build/builder-amdci5-5/julialang/julia-master/src/toplevel.c:814
[0Keval at ./boot.jl:489
[0Kinclude_string at ./loading.jl:3151
[0K_include at ./loading.jl:3211
[0Kinclude at ./Base.jl:310
[0KIncludeInto at ./Base.jl:311
[0Kjfptr_IncludeInto_79104.1 at /root/.julia/juliaup/julia-nightly/lib/julia/sys.so (unknown line)
[0Kjl_apply at /cache/build/builder-amdci5-5/julialang/julia-master/src/julia.h:2285 [inlined]
[0Kdo_call at /cache/build/builder-amdci5-5/julialang/julia-master/src/interpreter.c:123
[0Keval_value at /cache/build/builder-amdci5-5/julialang/julia-master/src/interpreter.c:243
[0Keval_stmt_value at /cache/build/builder-amdci5-5/julialang/julia-master/src/interpreter.c:194 [inlined]
[0Keval_body at /cache/build/builder-amdci5-5/julialang/julia-master/src/interpreter.c:679
[0Keval_body at /cache/build/builder-amdci5-5/julialang/julia-master/src/interpreter.c:558
[0Kjl_interpret_toplevel_thunk at /cache/build/builder-amdci5-5/julialang/julia-master/src/interpreter.c:884
[0Kmacro expansion at /workdir/depot/packages/Zygote/55SqB/src/Zygote.jl:68 [inlined]
[0Kmacro expansion at /workdir/depot/packages/PrecompileTools/gn08A/src/workloads.jl:73 [inlined]
[0Ktop-level scope at /workdir/depot/packages/Zygote/55SqB/src/Zygote.jl:85
[0Kjl_toplevel_eval_flex at /cache/build/builder-amdci5-5/julialang/julia-master/src/toplevel.c:757
[0Kjl_eval_toplevel_stmts at /cache/build/builder-amdci5-5/julialang/julia-master/src/toplevel.c:600
[0Kjl_eval_module_expr at /cache/build/builder-amdci5-5/julialang/julia-master/src/toplevel.c:263 [inlined]
[0Kjl_toplevel_eval_flex at /cache/build/builder-amdci5-5/julialang/julia-master/src/toplevel.c:665
[0Kjl_eval_toplevel_stmts at /cache/build/builder-amdci5-5/julialang/julia-master/src/toplevel.c:600
[0Kjl_toplevel_eval_flex at /cache/build/builder-amdci5-5/julialang/julia-master/src/toplevel.c:698
[0Kijl_toplevel_eval at /cache/build/builder-amdci5-5/julialang/julia-master/src/toplevel.c:769
[0Kijl_toplevel_eval_in at /cache/build/builder-amdci5-5/julialang/julia-master/src/toplevel.c:814
[0Keval at ./boot.jl:489
[0Kinclude_string at ./loading.jl:3151
[0K_include at ./loading.jl:3211
[0Kinclude at ./Base.jl:309
[0Kinclude_package_for_output at ./loading.jl:3309
[0Kjfptr_include_package_for_output_81052.1 at /root/.julia/juliaup/julia-nightly/lib/julia/sys.so (unknown line)
[0Kjl_apply at /cache/build/builder-amdci5-5/julialang/julia-master/src/julia.h:2285 [inlined]
[0Kdo_call at /cache/build/builder-amdci5-5/julialang/julia-master/src/interpreter.c:123
[0Keval_value at /cache/build/builder-amdci5-5/julialang/julia-master/src/interpreter.c:243
[0Keval_stmt_value at /cache/build/builder-amdci5-5/julialang/julia-master/src/interpreter.c:194 [inlined]
[0Keval_body at /cache/build/builder-amdci5-5/julialang/julia-master/src/interpreter.c:679
[0Kjl_interpret_toplevel_thunk at /cache/build/builder-amdci5-5/julialang/julia-master/src/interpreter.c:884
[0Ktop-level scope at stdin:5
[0Kjl_toplevel_eval_flex at /cache/build/builder-amdci5-5/julialang/julia-master/src/toplevel.c:757
[0Kjl_eval_toplevel_stmts at /cache/build/builder-amdci5-5/julialang/julia-master/src/toplevel.c:600
[0Kjl_toplevel_eval_flex at /cache/build/builder-amdci5-5/julialang/julia-master/src/toplevel.c:698
[0Kijl_toplevel_eval at /cache/build/builder-amdci5-5/julialang/julia-master/src/toplevel.c:769
[0Kijl_toplevel_eval_in at /cache/build/builder-amdci5-5/julialang/julia-master/src/toplevel.c:814
[0Keval at ./boot.jl:489
[0Kinclude_string at ./loading.jl:3151
[0Kinclude_string at ./loading.jl:3161 [inlined]
[0Kexec_options at ./client.jl:342
[0K_start at ./client.jl:585
[0Kjfptr__start_58236.1 at /root/.julia/juliaup/julia-nightly/lib/julia/sys.so (unknown line)
[0Kjl_apply at /cache/build/builder-amdci5-5/julialang/julia-master/src/julia.h:2285 [inlined]
[0Ktrue_main at /cache/build/builder-amdci5-5/julialang/julia-master/src/jlapi.c:971
[0Kjl_repl_entrypoint at /cache/build/builder-amdci5-5/julialang/julia-master/src/jlapi.c:1138
[0Kmain at /cache/build/builder-amdci5-5/julialang/julia-master/cli/loader_exe.c:58
[0Kunknown function (ip: 0x7802b84ae249) at /lib/x86_64-linux-gnu/libc.so.6
[0K__libc_start_main at /lib/x86_64-linux-gnu/libc.so.6 (unknown line)
[0Kunknown function (ip: 0x4010b8) at /workspace/srcdir/glibc-2.17/csu/../sysdeps/x86_64/start.S
[0KInternal error: during type inference of
[0K(::Zygote.var"#pullback##0#pullback##1"{Zygote.Pullback{Tuple{Zygote.var"#2206#2207", Array{Int64, 1}, Array{Int64, 1}}, Tuple{Zygote.ZBack{ChainRules.var"#sum_pullback#551"{Base.Colon, Array{Int64, 1}, ChainRulesCore.ProjectTo{AbstractArray{T, N} where N where T, NamedTuple{(:element, :axes), Tuple{ChainRulesCore.ProjectTo{Float64, NamedTuple{(), Tuple{}}}, Tuple{Base.OneTo{Int64}}}}}}}, Zygote.Pullback{Tuple{typeof(Base.Broadcast.materialize), Array{Int64, 1}}, Tuple{}}, Zygote.var"#1681#1682"{Zygote.var"#1679#1680"{Array{Int64, 1}, Array{Int64, 1}}}}}})(Int64)
[0KEncountered unexpected error in runtime:
[0KTypeError(func=:typeassert, context="", expected=Union{Nothing, Array{Any, 1}, Core.SimpleVector}, got=Array{Core.MethodInstance, 1}(dims=(1,), mem=Memory{Core.MethodInstance}(1, 0x78029f862580)[materialize(Array{Int64, 1}) from materialize(Any)]))
[0Kijl_type_error_rt at /cache/build/builder-amdci5-5/julialang/julia-master/src/rtutils.c:121
[0Kijl_type_error at /cache/build/builder-amdci5-5/julialang/julia-master/src/rtutils.c:140
[0Kcompute_edges! at ./../usr/share/julia/Compiler/src/typeinfer.jl:820
[0Kfinishinfer! at ./../usr/share/julia/Compiler/src/typeinfer.jl:668
[0Kfinish_nocycle at ./../usr/share/julia/Compiler/src/typeinfer.jl:275
[0Kjfptr_finish_nocycle_90331.1 at /root/.julia/juliaup/julia-nightly/lib/julia/sys.so (unknown line)
[0Ktypeinf at ./../usr/share/julia/Compiler/src/abstractinterpretation.jl:4574
[0Ktypeinf_ext at ./../usr/share/julia/Compiler/src/typeinfer.jl:1527
[0Ktypeinf_ext_toplevel at ./../usr/share/julia/Compiler/src/typeinfer.jl:1710 [inlined]
[0Ktypeinf_ext_toplevel at ./../usr/share/julia/Compiler/src/typeinfer.jl:1719
[0Kjfptr_typeinf_ext_toplevel_91769.1 at /root/.julia/juliaup/julia-nightly/lib/julia/sys.so (unknown line)
[0Kjl_apply at /cache/build/builder-amdci5-5/julialang/julia-master/src/julia.h:2285 [inlined]
[0Kjl_type_infer at /cache/build/builder-amdci5-5/julialang/julia-master/src/gf.c:463
[0Kjl_compile_method_internal at /cache/build/builder-amdci5-5/julialang/julia-master/src/gf.c:3636
[0K_jl_invoke at /cache/build/builder-amdci5-5/julialang/julia-master/src/gf.c:4108 [inlined]
[0Kijl_apply_generic at /cache/build/builder-amdci5-5/julialang/julia-master/src/gf.c:4313
[0Kgradient at /workdir/depot/packages/Zygote/55SqB/src/compiler/interface.jl:154
[0Kjl_apply at /cache/build/builder-amdci5-5/julialang/julia-master/src/julia.h:2285 [inlined]
[0Kdo_call at /cache/build/builder-amdci5-5/julialang/julia-master/src/interpreter.c:123
[0Keval_value at /cache/build/builder-amdci5-5/julialang/julia-master/src/interpreter.c:243
[0Keval_stmt_value at /cache/build/builder-amdci5-5/julialang/julia-master/src/interpreter.c:194 [inlined]
[0Keval_body at /cache/build/builder-amdci5-5/julialang/julia-master/src/interpreter.c:679
[0Kjl_interpret_toplevel_thunk at /cache/build/builder-amdci5-5/julialang/julia-master/src/interpreter.c:884
[0Ktop-level scope at /workdir/depot/packages/Zygote/55SqB/src/precompile.jl:18
[0Kjl_toplevel_eval_flex at /cache/build/builder-amdci5-5/julialang/julia-master/src/toplevel.c:757
[0Kjl_eval_toplevel_stmts at /cache/build/builder-amdci5-5/julialang/julia-master/src/toplevel.c:600
[0Kjl_toplevel_eval_flex at /cache/build/builder-amdci5-5/julialang/julia-master/src/toplevel.c:698
[0Kijl_toplevel_eval at /cache/build/builder-amdci5-5/julialang/julia-master/src/toplevel.c:769
[0Kijl_toplevel_eval_in at /cache/build/builder-amdci5-5/julialang/julia-master/src/toplevel.c:814
[0Keval at ./boot.jl:489
[0Kinclude_string at ./loading.jl:3151
[0K_include at ./loading.jl:3211
[0Kinclude at ./Base.jl:310
[0KIncludeInto at ./Base.jl:311
[0Kjfptr_IncludeInto_79104.1 at /root/.julia/juliaup/julia-nightly/lib/julia/sys.so (unknown line)
[0Kjl_apply at /cache/build/builder-amdci5-5/julialang/julia-master/src/julia.h:2285 [inlined]
[0Kdo_call at /cache/build/builder-amdci5-5/julialang/julia-master/src/interpreter.c:123
[0Keval_value at /cache/build/builder-amdci5-5/julialang/julia-master/src/interpreter.c:243
[0Keval_stmt_value at /cache/build/builder-amdci5-5/julialang/julia-master/src/interpreter.c:194 [inlined]
[0Keval_body at /cache/build/builder-amdci5-5/julialang/julia-master/src/interpreter.c:679
[0Keval_body at /cache/build/builder-amdci5-5/julialang/julia-master/src/interpreter.c:558
[0Kjl_interpret_toplevel_thunk at /cache/build/builder-amdci5-5/julialang/julia-master/src/interpreter.c:884
[0Kmacro expansion at /workdir/depot/packages/Zygote/55SqB/src/Zygote.jl:68 [inlined]
[0Kmacro expansion at /workdir/depot/packages/PrecompileTools/gn08A/src/workloads.jl:73 [inlined]
[0Ktop-level scope at /workdir/depot/packages/Zygote/55SqB/src/Zygote.jl:85
[0Kjl_toplevel_eval_flex at /cache/build/builder-amdci5-5/julialang/julia-master/src/toplevel.c:757
[0Kjl_eval_toplevel_stmts at /cache/build/builder-amdci5-5/julialang/julia-master/src/toplevel.c:600
[0Kjl_eval_module_expr at /cache/build/builder-amdci5-5/julialang/julia-master/src/toplevel.c:263 [inlined]
[0Kjl_toplevel_eval_flex at /cache/build/builder-amdci5-5/julialang/julia-master/src/toplevel.c:665
[0Kjl_eval_toplevel_stmts at /cache/build/builder-amdci5-5/julialang/julia-master/src/toplevel.c:600
[0Kjl_toplevel_eval_flex at /cache/build/builder-amdci5-5/julialang/julia-master/src/toplevel.c:698
[0Kijl_toplevel_eval at /cache/build/builder-amdci5-5/julialang/julia-master/src/toplevel.c:769
[0Kijl_toplevel_eval_in at /cache/build/builder-amdci5-5/julialang/julia-master/src/toplevel.c:814
[0Keval at ./boot.jl:489
[0Kinclude_string at ./loading.jl:3151
[0K_include at ./loading.jl:3211
[0Kinclude at ./Base.jl:309
[0Kinclude_package_for_output at ./loading.jl:3309
[0Kjfptr_include_package_for_output_81052.1 at /root/.julia/juliaup/julia-nightly/lib/julia/sys.so (unknown line)
[0Kjl_apply at /cache/build/builder-amdci5-5/julialang/julia-master/src/julia.h:2285 [inlined]
[0Kdo_call at /cache/build/builder-amdci5-5/julialang/julia-master/src/interpreter.c:123
[0Keval_value at /cache/build/builder-amdci5-5/julialang/julia-master/src/interpreter.c:243
[0Keval_stmt_value at /cache/build/builder-amdci5-5/julialang/julia-master/src/interpreter.c:194 [inlined]
[0Keval_body at /cache/build/builder-amdci5-5/julialang/julia-master/src/interpreter.c:679
[0Kjl_interpret_toplevel_thunk at /cache/build/builder-amdci5-5/julialang/julia-master/src/interpreter.c:884
[0Ktop-level scope at stdin:5
[0Kjl_toplevel_eval_flex at /cache/build/builder-amdci5-5/julialang/julia-master/src/toplevel.c:757
[0Kjl_eval_toplevel_stmts at /cache/build/builder-amdci5-5/julialang/julia-master/src/toplevel.c:600
[0Kjl_toplevel_eval_flex at /cache/build/builder-amdci5-5/julialang/julia-master/src/toplevel.c:698
[0Kijl_toplevel_eval at /cache/build/builder-amdci5-5/julialang/julia-master/src/toplevel.c:769
[0Kijl_toplevel_eval_in at /cache/build/builder-amdci5-5/julialang/julia-master/src/toplevel.c:814
[0Keval at ./boot.jl:489
[0Kinclude_string at ./loading.jl:3151
[0Kinclude_string at ./loading.jl:3161 [inlined]
[0Kexec_options at ./client.jl:342
[0K_start at ./client.jl:585
[0Kjfptr__start_58236.1 at /root/.julia/juliaup/julia-nightly/lib/julia/sys.so (unknown line)
[0Kjl_apply at /cache/build/builder-amdci5-5/julialang/julia-master/src/julia.h:2285 [inlined]
[0Ktrue_main at /cache/build/builder-amdci5-5/julialang/julia-master/src/jlapi.c:971
[0Kjl_repl_entrypoint at /cache/build/builder-amdci5-5/julialang/julia-master/src/jlapi.c:1138
[0Kmain at /cache/build/builder-amdci5-5/julialang/julia-master/cli/loader_exe.c:58
[0Kunknown function (ip: 0x7802b84ae249) at /lib/x86_64-linux-gnu/libc.so.6
[0K__libc_start_main at /lib/x86_64-linux-gnu/libc.so.6 (unknown line)
[0Kunknown function (ip: 0x4010b8) at /workspace/srcdir/glibc-2.17/csu/../sysdeps/x86_64/start.S
   1142.1 ms  ✓ MLDataDevices → MLDataDevicesMLUtilsExt
[0KInternal error: during type inference of
[0K_pullback(Zygote.Context{false}, Zygote.var"#2209#2210", Array{Float64, 1})
[0KEncountered unexpected error in runtime:
[0KTypeError(func=:typeassert, context="", expected=Union{Nothing, Array{Any, 1}, Core.SimpleVector}, got=Array{Core.MethodInstance, 1}(dims=(1,), mem=Memory{Core.MethodInstance}(1, 0x78029fa95220)[materialize(Array{Float32, 1}) from materialize(Any)]))
[0Kijl_type_error_rt at /cache/build/builder-amdci5-5/julialang/julia-master/src/rtutils.c:121
[0Kijl_type_error at /cache/build/builder-amdci5-5/julialang/julia-master/src/rtutils.c:140
[0Kcompute_edges! at ./../usr/share/julia/Compiler/src/typeinfer.jl:820
[0Kfinishinfer! at ./../usr/share/julia/Compiler/src/typeinfer.jl:668
[0Kfinish_nocycle at ./../usr/share/julia/Compiler/src/typeinfer.jl:275
[0Kjfptr_finish_nocycle_90331.1 at /root/.julia/juliaup/julia-nightly/lib/julia/sys.so (unknown line)
[0Ktypeinf at ./../usr/share/julia/Compiler/src/abstractinterpretation.jl:4574
[0Ktypeinf_ext at ./../usr/share/julia/Compiler/src/typeinfer.jl:1527
[0Ktypeinf_ext_toplevel at ./../usr/share/julia/Compiler/src/typeinfer.jl:1710 [inlined]
[0Ktypeinf_ext_toplevel at ./../usr/share/julia/Compiler/src/typeinfer.jl:1719
[0Kjfptr_typeinf_ext_toplevel_91769.1 at /root/.julia/juliaup/julia-nightly/lib/julia/sys.so (unknown line)
[0Kjl_apply at /cache/build/builder-amdci5-5/julialang/julia-master/src/julia.h:2285 [inlined]
[0Kjl_type_infer at /cache/build/builder-amdci5-5/julialang/julia-master/src/gf.c:463
[0Kjl_compile_method_internal at /cache/build/builder-amdci5-5/julialang/julia-master/src/gf.c:3636
[0K_jl_invoke at /cache/build/builder-amdci5-5/julialang/julia-master/src/gf.c:4108 [inlined]
[0Kijl_apply_generic at /cache/build/builder-amdci5-5/julialang/julia-master/src/gf.c:4313
[0Kpullback at /workdir/depot/packages/Zygote/55SqB/src/compiler/interface.jl:96
[0Kpullback at /workdir/depot/packages/Zygote/55SqB/src/compiler/interface.jl:94 [inlined]
[0Kgradient at /workdir/depot/packages/Zygote/55SqB/src/compiler/interface.jl:153
[0Kunknown function (ip: 0x7802848b4f88) at (unknown file)
[0Kjl_apply at /cache/build/builder-amdci5-5/julialang/julia-master/src/julia.h:2285 [inlined]
[0Kdo_call at /cache/build/builder-amdci5-5/julialang/julia-master/src/interpreter.c:123
[0Keval_value at /cache/build/builder-amdci5-5/julialang/julia-master/src/interpreter.c:243
[0Keval_stmt_value at /cache/build/builder-amdci5-5/julialang/julia-master/src/interpreter.c:194 [inlined]
[0Keval_body at /cache/build/builder-amdci5-5/julialang/julia-master/src/interpreter.c:679
[0Kjl_interpret_toplevel_thunk at /cache/build/builder-amdci5-5/julialang/julia-master/src/interpreter.c:884
[0Ktop-level scope at /workdir/depot/packages/Zygote/55SqB/src/precompile.jl:20
[0Kjl_toplevel_eval_flex at /cache/build/builder-amdci5-5/julialang/julia-master/src/toplevel.c:757
[0Kjl_eval_toplevel_stmts at /cache/build/builder-amdci5-5/julialang/julia-master/src/toplevel.c:600
[0Kjl_toplevel_eval_flex at /cache/build/builder-amdci5-5/julialang/julia-master/src/toplevel.c:698
[0Kijl_toplevel_eval at /cache/build/builder-amdci5-5/julialang/julia-master/src/toplevel.c:769
[0Kijl_toplevel_eval_in at /cache/build/builder-amdci5-5/julialang/julia-master/src/toplevel.c:814
[0Keval at ./boot.jl:489
[0Kinclude_string at ./loading.jl:3151
[0K_include at ./loading.jl:3211
[0Kinclude at ./Base.jl:310
[0KIncludeInto at ./Base.jl:311
[0Kjfptr_IncludeInto_79104.1 at /root/.julia/juliaup/julia-nightly/lib/julia/sys.so (unknown line)
[0Kjl_apply at /cache/build/builder-amdci5-5/julialang/julia-master/src/julia.h:2285 [inlined]
[0Kdo_call at /cache/build/builder-amdci5-5/julialang/julia-master/src/interpreter.c:123
[0Keval_value at /cache/build/builder-amdci5-5/julialang/julia-master/src/interpreter.c:243
[0Keval_stmt_value at /cache/build/builder-amdci5-5/julialang/julia-master/src/interpreter.c:194 [inlined]
[0Keval_body at /cache/build/builder-amdci5-5/julialang/julia-master/src/interpreter.c:679
[0Keval_body at /cache/build/builder-amdci5-5/julialang/julia-master/src/interpreter.c:558
[0Kjl_interpret_toplevel_thunk at /cache/build/builder-amdci5-5/julialang/julia-master/src/interpreter.c:884
[0Kmacro expansion at /workdir/depot/packages/Zygote/55SqB/src/Zygote.jl:68 [inlined]
[0Kmacro expansion at /workdir/depot/packages/PrecompileTools/gn08A/src/workloads.jl:73 [inlined]
[0Ktop-level scope at /workdir/depot/packages/Zygote/55SqB/src/Zygote.jl:85
[0Kjl_toplevel_eval_flex at /cache/build/builder-amdci5-5/julialang/julia-master/src/toplevel.c:757
[0Kjl_eval_toplevel_stmts at /cache/build/builder-amdci5-5/julialang/julia-master/src/toplevel.c:600
[0Kjl_eval_module_expr at /cache/build/builder-amdci5-5/julialang/julia-master/src/toplevel.c:263 [inlined]
[0Kjl_toplevel_eval_flex at /cache/build/builder-amdci5-5/julialang/julia-master/src/toplevel.c:665
[0Kjl_eval_toplevel_stmts at /cache/build/builder-amdci5-5/julialang/julia-master/src/toplevel.c:600
[0Kjl_toplevel_eval_flex at /cache/build/builder-amdci5-5/julialang/julia-master/src/toplevel.c:698
[0Kijl_toplevel_eval at /cache/build/builder-amdci5-5/julialang/julia-master/src/toplevel.c:769
[0Kijl_toplevel_eval_in at /cache/build/builder-amdci5-5/julialang/julia-master/src/toplevel.c:814
[0Keval at ./boot.jl:489
[0Kinclude_string at ./loading.jl:3151
[0K_include at ./loading.jl:3211
[0Kinclude at ./Base.jl:309
[0Kinclude_package_for_output at ./loading.jl:3309
[0Kjfptr_include_package_for_output_81052.1 at /root/.julia/juliaup/julia-nightly/lib/julia/sys.so (unknown line)
[0Kjl_apply at /cache/build/builder-amdci5-5/julialang/julia-master/src/julia.h:2285 [inlined]
[0Kdo_call at /cache/build/builder-amdci5-5/julialang/julia-master/src/interpreter.c:123
[0Keval_value at /cache/build/builder-amdci5-5/julialang/julia-master/src/interpreter.c:243
[0Keval_stmt_value at /cache/build/builder-amdci5-5/julialang/julia-master/src/interpreter.c:194 [inlined]
[0Keval_body at /cache/build/builder-amdci5-5/julialang/julia-master/src/interpreter.c:679
[0Kjl_interpret_toplevel_thunk at /cache/build/builder-amdci5-5/julialang/julia-master/src/interpreter.c:884
[0Ktop-level scope at stdin:5
[0Kjl_toplevel_eval_flex at /cache/build/builder-amdci5-5/julialang/julia-master/src/toplevel.c:757
[0Kjl_eval_toplevel_stmts at /cache/build/builder-amdci5-5/julialang/julia-master/src/toplevel.c:600
[0Kjl_toplevel_eval_flex at /cache/build/builder-amdci5-5/julialang/julia-master/src/toplevel.c:698
[0Kijl_toplevel_eval at /cache/build/builder-amdci5-5/julialang/julia-master/src/toplevel.c:769
[0Kijl_toplevel_eval_in at /cache/build/builder-amdci5-5/julialang/julia-master/src/toplevel.c:814
[0Keval at ./boot.jl:489
[0Kinclude_string at ./loading.jl:3151
[0Kinclude_string at ./loading.jl:3161 [inlined]
[0Kexec_options at ./client.jl:342
[0K_start at ./client.jl:585
[0Kjfptr__start_58236.1 at /root/.julia/juliaup/julia-nightly/lib/julia/sys.so (unknown line)
[0Kjl_apply at /cache/build/builder-amdci5-5/julialang/julia-master/src/julia.h:2285 [inlined]
[0Ktrue_main at /cache/build/builder-amdci5-5/julialang/julia-master/src/jlapi.c:971
[0Kjl_repl_entrypoint at /cache/build/builder-amdci5-5/julialang/julia-master/src/jlapi.c:1138
[0Kmain at /cache/build/builder-amdci5-5/julialang/julia-master/cli/loader_exe.c:58
[0Kunknown function (ip: 0x7802b84ae249) at /lib/x86_64-linux-gnu/libc.so.6
[0K__libc_start_main at /lib/x86_64-linux-gnu/libc.so.6 (unknown line)
[0Kunknown function (ip: 0x4010b8) at /workspace/srcdir/glibc-2.17/csu/../sysdeps/x86_64/start.S
[0KInternal error: during type inference of
[0K(::Zygote.var"#pullback##0#pullback##1"{Zygote.Pullback{Tuple{Zygote.var"#2209#2210", Array{Float64, 1}}, Tuple{Zygote.ZBack{ChainRules.var"#sum_pullback#551"{Base.Colon, Array{Float32, 1}, ChainRulesCore.ProjectTo{AbstractArray{T, N} where N where T, NamedTuple{(:element, :axes), Tuple{ChainRulesCore.ProjectTo{Float32, NamedTuple{(), Tuple{}}}, Tuple{Base.OneTo{Int64}}}}}}}, Zygote.var"#1912#1913"{Zygote.var"#1910#1911"{Array{Float64, 1}}}, Zygote.Pullback{Tuple{typeof(Base.Broadcast.materialize), Array{Float32, 1}}, Tuple{}}}}})(Float32)
[0KEncountered unexpected error in runtime:
[0KTypeError(func=:typeassert, context="", expected=Union{Nothing, Array{Any, 1}, Core.SimpleVector}, got=Array{Core.MethodInstance, 1}(dims=(1,), mem=Memory{Core.MethodInstance}(1, 0x780299690b60)[materialize(Array{Float32, 1}) from materialize(Any)]))
[0Kijl_type_error_rt at /cache/build/builder-amdci5-5/julialang/julia-master/src/rtutils.c:121
[0Kijl_type_error at /cache/build/builder-amdci5-5/julialang/julia-master/src/rtutils.c:140
[0Kcompute_edges! at ./../usr/share/julia/Compiler/src/typeinfer.jl:820
[0Kfinishinfer! at ./../usr/share/julia/Compiler/src/typeinfer.jl:668
[0Kfinish_nocycle at ./../usr/share/julia/Compiler/src/typeinfer.jl:275
[0Kjfptr_finish_nocycle_90331.1 at /root/.julia/juliaup/julia-nightly/lib/julia/sys.so (unknown line)
[0Ktypeinf at ./../usr/share/julia/Compiler/src/abstractinterpretation.jl:4574
[0Ktypeinf_ext at ./../usr/share/julia/Compiler/src/typeinfer.jl:1527
[0Ktypeinf_ext_toplevel at ./../usr/share/julia/Compiler/src/typeinfer.jl:1710 [inlined]
[0Ktypeinf_ext_toplevel at ./../usr/share/julia/Compiler/src/typeinfer.jl:1719
[0Kjfptr_typeinf_ext_toplevel_91769.1 at /root/.julia/juliaup/julia-nightly/lib/julia/sys.so (unknown line)
[0Kjl_apply at /cache/build/builder-amdci5-5/julialang/julia-master/src/julia.h:2285 [inlined]
[0Kjl_type_infer at /cache/build/builder-amdci5-5/julialang/julia-master/src/gf.c:463
[0Kjl_compile_method_internal at /cache/build/builder-amdci5-5/julialang/julia-master/src/gf.c:3636
[0K_jl_invoke at /cache/build/builder-amdci5-5/julialang/julia-master/src/gf.c:4108 [inlined]
[0Kijl_apply_generic at /cache/build/builder-amdci5-5/julialang/julia-master/src/gf.c:4313
[0Kgradient at /workdir/depot/packages/Zygote/55SqB/src/compiler/interface.jl:154
[0Kunknown function (ip: 0x7802848b4f88) at (unknown file)
[0Kjl_apply at /cache/build/builder-amdci5-5/julialang/julia-master/src/julia.h:2285 [inlined]
[0Kdo_call at /cache/build/builder-amdci5-5/julialang/julia-master/src/interpreter.c:123
[0Keval_value at /cache/build/builder-amdci5-5/julialang/julia-master/src/interpreter.c:243
[0Keval_stmt_value at /cache/build/builder-amdci5-5/julialang/julia-master/src/interpreter.c:194 [inlined]
[0Keval_body at /cache/build/builder-amdci5-5/julialang/julia-master/src/interpreter.c:679
[0Kjl_interpret_toplevel_thunk at /cache/build/builder-amdci5-5/julialang/julia-master/src/interpreter.c:884
[0Ktop-level scope at /workdir/depot/packages/Zygote/55SqB/src/precompile.jl:20
[0Kjl_toplevel_eval_flex at /cache/build/builder-amdci5-5/julialang/julia-master/src/toplevel.c:757
[0Kjl_eval_toplevel_stmts at /cache/build/builder-amdci5-5/julialang/julia-master/src/toplevel.c:600
[0Kjl_toplevel_eval_flex at /cache/build/builder-amdci5-5/julialang/julia-master/src/toplevel.c:698
[0Kijl_toplevel_eval at /cache/build/builder-amdci5-5/julialang/julia-master/src/toplevel.c:769
[0Kijl_toplevel_eval_in at /cache/build/builder-amdci5-5/julialang/julia-master/src/toplevel.c:814
[0Keval at ./boot.jl:489
[0Kinclude_string at ./loading.jl:3151
[0K_include at ./loading.jl:3211
[0Kinclude at ./Base.jl:310
[0KIncludeInto at ./Base.jl:311
[0Kjfptr_IncludeInto_79104.1 at /root/.julia/juliaup/julia-nightly/lib/julia/sys.so (unknown line)
[0Kjl_apply at /cache/build/builder-amdci5-5/julialang/julia-master/src/julia.h:2285 [inlined]
[0Kdo_call at /cache/build/builder-amdci5-5/julialang/julia-master/src/interpreter.c:123
[0Keval_value at /cache/build/builder-amdci5-5/julialang/julia-master/src/interpreter.c:243
[0Keval_stmt_value at /cache/build/builder-amdci5-5/julialang/julia-master/src/interpreter.c:194 [inlined]
[0Keval_body at /cache/build/builder-amdci5-5/julialang/julia-master/src/interpreter.c:679
[0Keval_body at /cache/build/builder-amdci5-5/julialang/julia-master/src/interpreter.c:558
[0Kjl_interpret_toplevel_thunk at /cache/build/builder-amdci5-5/julialang/julia-master/src/interpreter.c:884
[0Kmacro expansion at /workdir/depot/packages/Zygote/55SqB/src/Zygote.jl:68 [inlined]
[0Kmacro expansion at /workdir/depot/packages/PrecompileTools/gn08A/src/workloads.jl:73 [inlined]
[0Ktop-level scope at /workdir/depot/packages/Zygote/55SqB/src/Zygote.jl:85
[0Kjl_toplevel_eval_flex at /cache/build/builder-amdci5-5/julialang/julia-master/src/toplevel.c:757
[0Kjl_eval_toplevel_stmts at /cache/build/builder-amdci5-5/julialang/julia-master/src/toplevel.c:600
[0Kjl_eval_module_expr at /cache/build/builder-amdci5-5/julialang/julia-master/src/toplevel.c:263 [inlined]
[0Kjl_toplevel_eval_flex at /cache/build/builder-amdci5-5/julialang/julia-master/src/toplevel.c:665
[0Kjl_eval_toplevel_stmts at /cache/build/builder-amdci5-5/julialang/julia-master/src/toplevel.c:600
[0Kjl_toplevel_eval_flex at /cache/build/builder-amdci5-5/julialang/julia-master/src/toplevel.c:698
[0Kijl_toplevel_eval at /cache/build/builder-amdci5-5/julialang/julia-master/src/toplevel.c:769
[0Kijl_toplevel_eval_in at /cache/build/builder-amdci5-5/julialang/julia-master/src/toplevel.c:814
[0Keval at ./boot.jl:489
[0Kinclude_string at ./loading.jl:3151
[0K_include at ./loading.jl:3211
[0Kinclude at ./Base.jl:309
[0Kinclude_package_for_output at ./loading.jl:3309
[0Kjfptr_include_package_for_output_81052.1 at /root/.julia/juliaup/julia-nightly/lib/julia/sys.so (unknown line)
[0Kjl_apply at /cache/build/builder-amdci5-5/julialang/julia-master/src/julia.h:2285 [inlined]
[0Kdo_call at /cache/build/builder-amdci5-5/julialang/julia-master/src/interpreter.c:123
[0Keval_value at /cache/build/builder-amdci5-5/julialang/julia-master/src/interpreter.c:243
[0Keval_stmt_value at /cache/build/builder-amdci5-5/julialang/julia-master/src/interpreter.c:194 [inlined]
[0Keval_body at /cache/build/builder-amdci5-5/julialang/julia-master/src/interpreter.c:679
[0Kjl_interpret_toplevel_thunk at /cache/build/builder-amdci5-5/julialang/julia-master/src/interpreter.c:884
[0Ktop-level scope at stdin:5
[0Kjl_toplevel_eval_flex at /cache/build/builder-amdci5-5/julialang/julia-master/src/toplevel.c:757
[0Kjl_eval_toplevel_stmts at /cache/build/builder-amdci5-5/julialang/julia-master/src/toplevel.c:600
[0Kjl_toplevel_eval_flex at /cache/build/builder-amdci5-5/julialang/julia-master/src/toplevel.c:698
[0Kijl_toplevel_eval at /cache/build/builder-amdci5-5/julialang/julia-master/src/toplevel.c:769
[0Kijl_toplevel_eval_in at /cache/build/builder-amdci5-5/julialang/julia-master/src/toplevel.c:814
[0Keval at ./boot.jl:489
[0Kinclude_string at ./loading.jl:3151
[0Kinclude_string at ./loading.jl:3161 [inlined]
[0Kexec_options at ./client.jl:342
[0K_start at ./client.jl:585
[0Kjfptr__start_58236.1 at /root/.julia/juliaup/julia-nightly/lib/julia/sys.so (unknown line)
[0Kjl_apply at /cache/build/builder-amdci5-5/julialang/julia-master/src/julia.h:2285 [inlined]
[0Ktrue_main at /cache/build/builder-amdci5-5/julialang/julia-master/src/jlapi.c:971
[0Kjl_repl_entrypoint at /cache/build/builder-amdci5-5/julialang/julia-master/src/jlapi.c:1138
[0Kmain at /cache/build/builder-amdci5-5/julialang/julia-master/cli/loader_exe.c:58
[0Kunknown function (ip: 0x7802b84ae249) at /lib/x86_64-linux-gnu/libc.so.6
[0K__libc_start_main at /lib/x86_64-linux-gnu/libc.so.6 (unknown line)
[0Kunknown function (ip: 0x4010b8) at /workspace/srcdir/glibc-2.17/csu/../sysdeps/x86_64/start.S
[0Kfatal: error thrown and no exception handler available.
[0KTypeError(func=:typeassert, context="", expected=Union{Nothing, Array{Any, 1}, Core.SimpleVector}, got=Array{Core.MethodInstance, 1}(dims=(1,), mem=Memory{Core.MethodInstance}(1, 0x78029938c700)[materialize(Array{Float32, 1}) from materialize(Any)]))
[0Kijl_type_error_rt at /cache/build/builder-amdci5-5/julialang/julia-master/src/rtutils.c:121
[0Kijl_type_error at /cache/build/builder-amdci5-5/julialang/julia-master/src/rtutils.c:140
[0Kcompute_edges! at ./../usr/share/julia/Compiler/src/typeinfer.jl:820
[0Kfinishinfer! at ./../usr/share/julia/Compiler/src/typeinfer.jl:668
[0Kfinish_nocycle at ./../usr/share/julia/Compiler/src/typeinfer.jl:275
[0Kjfptr_finish_nocycle_90331.1 at /root/.julia/juliaup/julia-nightly/lib/julia/sys.so (unknown line)
[0Ktypeinf at ./../usr/share/julia/Compiler/src/abstractinterpretation.jl:4574
[0Ktypeinf_ext at ./../usr/share/julia/Compiler/src/typeinfer.jl:1527
[0Kjfptr_typeinf_ext_86923.1 at /root/.julia/juliaup/julia-nightly/lib/julia/sys.so (unknown line)
[0K#compile!#169 at ./../usr/share/julia/Compiler/src/typeinfer.jl:1737
[0Kcompile! at ./../usr/share/julia/Compiler/src/typeinfer.jl:1722 [inlined]
[0Ktypeinf_ext_toplevel at ./../usr/share/julia/Compiler/src/typeinfer.jl:1822
[0Kcompile_and_emit_native at ./../usr/share/julia/Compiler/src/precompile.jl:415
[0Kjfptr_compile_and_emit_native_90527.1 at /root/.julia/juliaup/julia-nightly/lib/julia/sys.so (unknown line)
[0Kjl_apply at /cache/build/builder-amdci5-5/julialang/julia-master/src/julia.h:2285 [inlined]
[0Kjl_create_native_impl at /cache/build/builder-amdci5-5/julialang/julia-master/src/aotcompile.cpp:749
[0Kijl_create_system_image at /cache/build/builder-amdci5-5/julialang/julia-master/src/staticdata.c:3371
[0Kijl_write_compiler_output at /cache/build/builder-amdci5-5/julialang/julia-master/src/precompile.c:140
[0Kijl_atexit_hook at /cache/build/builder-amdci5-5/julialang/julia-master/src/init.c:280
[0Kjl_repl_entrypoint at /cache/build/builder-amdci5-5/julialang/julia-master/src/jlapi.c:1139
[0Kmain at /cache/build/builder-amdci5-5/julialang/julia-master/cli/loader_exe.c:58
[0Kunknown function (ip: 0x7802b84ae249) at /lib/x86_64-linux-gnu/libc.so.6
[0K__libc_start_main at /lib/x86_64-linux-gnu/libc.so.6 (unknown line)
[0Kunknown function (ip: 0x4010b8) at /workspace/srcdir/glibc-2.17/csu/../sysdeps/x86_64/start.S
              ✗ Zygote
[0KERROR: LoadError: Precompiled image Base.PkgId(Base.UUID("e88e6eb3-aa80-5325-afca-941959d7151f"), "Zygote") not available with flags CacheFlags(; use_pkgimages=true, debug_level=1, check_bounds=0, inline=true, opt_level=2)
[0KStacktrace:
[0K  [1] error(s::String)
[0K    @ Base ./error.jl:44
[0K  [2] __require_prelocked(pkg::Base.PkgId, env::String)
[0K    @ Base ./loading.jl:2873
[0K  [3] _require_prelocked(uuidkey::Base.PkgId, env::String)
[0K    @ Base ./loading.jl:2725
[0K  [4] macro expansion
[0K    @ ./loading.jl:2653 [inlined]
[0K  [5] macro expansion
[0K    @ ./lock.jl:376 [inlined]
[0K  [6] __require(into::Module, mod::Symbol)
[0K    @ Base ./loading.jl:2617
[0K  [7] require
[0K    @ ./loading.jl:2593 [inlined]
[0K  [8] eval_import_path
[0K    @ ./module.jl:36 [inlined]
[0K  [9] eval_import_path_all(at::Module, path::Expr, keyword::String)
[0K    @ Base ./module.jl:60
[0K [10] _eval_import(::Bool, ::Module, ::Expr, ::Expr, ::Vararg{Expr})
[0K    @ Base ./module.jl:101
[0K [11] top-level scope
[0K    @ /workdir/depot/packages/MLDataDevices/VbFbH/ext/MLDataDevicesZygoteExt.jl:5
[0K [12] include(mod::Module, _path::String)
[0K    @ Base ./Base.jl:309
[0K [13] include_package_for_output(pkg::Base.PkgId, input::String, syntax_version::VersionNumber, depot_path::Vector{String}, dl_load_path::Vector{String}, load_path::Vector{String}, concrete_deps::Vector{Pair{Base.PkgId, UInt128}}, source::Nothing)
[0K    @ Base ./loading.jl:3309
[0K [14] top-level scope
[0K    @ stdin:5
[0K [15] eval(m::Module, e::Any)
[0K    @ Core ./boot.jl:489
[0K [16] include_string(mapexpr::typeof(identity), mod::Module, code::String, filename::String)
[0K    @ Base ./loading.jl:3151
[0K [17] include_string
[0K    @ ./loading.jl:3161 [inlined]
[0K [18] exec_options(opts::Base.JLOptions)
[0K    @ Base ./client.jl:342
[0K [19] _start()
[0K    @ Base ./client.jl:585
[0Kin expression starting at /workdir/depot/packages/MLDataDevices/VbFbH/ext/MLDataDevicesZygoteExt.jl:1
[0Kin expression starting at stdin:5
              ✗ MLDataDevices → MLDataDevicesZygoteExt
[0KERROR: LoadError: Precompiled image Base.PkgId(Base.UUID("e88e6eb3-aa80-5325-afca-941959d7151f"), "Zygote") not available with flags CacheFlags(; use_pkgimages=true, debug_level=1, check_bounds=0, inline=true, opt_level=2)
[0KStacktrace:
[0K  [1] error(s::String)
[0K    @ Base ./error.jl:44
[0K  [2] __require_prelocked(pkg::Base.PkgId, env::String)
[0K    @ Base ./loading.jl:2873
[0K  [3] _require_prelocked(uuidkey::Base.PkgId, env::String)
[0K    @ Base ./loading.jl:2725
[0K  [4] macro expansion
[0K    @ ./loading.jl:2653 [inlined]
[0K  [5] macro expansion
[0K    @ ./lock.jl:376 [inlined]
[0K  [6] __require(into::Module, mod::Symbol)
[0K    @ Base ./loading.jl:2617
[0K  [7] require
[0K    @ ./loading.jl:2593 [inlined]
[0K  [8] eval_import_path
[0K    @ ./module.jl:36 [inlined]
[0K  [9] eval_import_path_all(at::Module, path::Expr, keyword::String)
[0K    @ Base ./module.jl:60
[0K [10] _eval_using
[0K    @ ./module.jl:137 [inlined]
[0K [11] _eval_using(to::Module, path::Expr)
[0K    @ Base ./module.jl:137
[0K [12] top-level scope
[0K    @ /workdir/depot/packages/Flux/WMUyh/src/Flux.jl:23
[0K [13] include(mod::Module, _path::String)
[0K    @ Base ./Base.jl:309
[0K [14] include_package_for_output(pkg::Base.PkgId, input::String, syntax_version::VersionNumber, depot_path::Vector{String}, dl_load_path::Vector{String}, load_path::Vector{String}, concrete_deps::Vector{Pair{Base.PkgId, UInt128}}, source::Nothing)
[0K    @ Base ./loading.jl:3309
[0K [15] top-level scope
[0K    @ stdin:5
[0K [16] eval(m::Module, e::Any)
[0K    @ Core ./boot.jl:489
[0K [17] include_string(mapexpr::typeof(identity), mod::Module, code::String, filename::String)
[0K    @ Base ./loading.jl:3151
[0K [18] include_string
[0K    @ ./loading.jl:3161 [inlined]
[0K [19] exec_options(opts::Base.JLOptions)
[0K    @ Base ./client.jl:342
[0K [20] _start()
[0K    @ Base ./client.jl:585
[0Kin expression starting at /workdir/depot/packages/Flux/WMUyh/src/Flux.jl:1
[0Kin expression starting at stdin:5
              ✗ Flux
  142 dependencies successfully precompiled in 56 seconds. 9 already precompiled.
	Command being timed: "nice -n -10 timeout -k120 -v 3600 julia +nightly --project=F/Flux/Basic-Model-Gradient -e using Pkg; @time @eval Pkg.precompile()"
	User time (seconds): 342.99
	System time (seconds): 27.09
	Percent of CPU this job got: 200%
	Elapsed (wall clock) time (h:mm:ss or m:ss): 3:04.58
	Average shared text size (kbytes): 0
	Average unshared data size (kbytes): 0
	Average stack size (kbytes): 0
	Average total size (kbytes): 0
	Maximum resident set size (kbytes): 2539112
	Average resident set size (kbytes): 0
	Major (requiring I/O) page faults: 495
	Minor (reclaiming a frame) page faults: 9402529
	Voluntary context switches: 26639
	Involuntary context switches: 8335
	Swaps: 0
	File system inputs: 0
	File system outputs: 725048
	Socket messages sent: 0
	Socket messages received: 0
	Signals delivered: 0
	Page size (bytes): 4096
	Exit status: 0
