nice: cannot set niceness: Permission denied
Precompiling packages...
  72639.5 ms  ✓ Pkg (serial)
  1 dependency successfully precompiled in 73 seconds
Precompiling packages...
   2428.7 ms  ✓ DataValueInterfaces
   2519.0 ms  ✓ DefineSingletons
   2515.6 ms  ✓ RealDot
   2550.3 ms  ✓ Unicode
   2607.8 ms  ✓ OpenLibm_jll
   2677.5 ms  ✓ Reexport
   3482.4 ms  ✓ InverseFunctions
   3516.2 ms  ✓ AbstractFFTs
   3707.7 ms  ✓ DocStringExtensions
   3798.3 ms  ✓ Statistics
   4125.7 ms  ✓ Serialization
   4157.2 ms  ✓ EnzymeCore
   2524.5 ms  ✓ IteratorInterfaceExtensions
   2808.7 ms  ✓ DataAPI
   5544.3 ms  ✓ FillArrays
   3070.6 ms  ✓ PrettyPrint
   2927.3 ms  ✓ ArgCheck
   2718.7 ms  ✓ StatsAPI
   2930.0 ms  ✓ CompilerSupportLibraries_jll
   2904.4 ms  ✓ Mmap
   3332.0 ms  ✓ ProgressLogging
   3296.5 ms  ✓ SuiteSparse_jll
   2473.2 ms  ✓ Future
   2424.3 ms  ✓ PtrArrays
   2597.9 ms  ✓ CompositionsBase
   3075.5 ms  ✓ SciMLPublic
   2857.5 ms  ✓ StaticArraysCore
   2716.5 ms  ✓ HashArrayMappedTries
  11046.5 ms  ✓ OrderedCollections
   5669.2 ms  ✓ InitialValues
   3998.9 ms  ✓ Preferences
   4602.7 ms  ✓ Requires
   2539.0 ms  ✓ InverseFunctions → InverseFunctionsDatesExt
  10455.8 ms  ✓ ConstructionBase
   2693.6 ms  ✓ TableTraits
   2464.0 ms  ✓ NameResolution
   2594.4 ms  ✓ FillArrays → FillArraysStatisticsExt
   7601.3 ms  ✓ Baselet
   2965.1 ms  ✓ DelimitedFiles
  12664.1 ms  ✓ UnsafeAtomics
  15299.7 ms  ✓ IrrationalConstants
  11901.0 ms  ✓ ShowCases
   3400.9 ms  ✓ AliasTables
   2701.9 ms  ✓ CompositionsBase → CompositionsBaseInverseFunctionsExt
   2669.9 ms  ✓ DiffResults
   2302.3 ms  ✓ PrecompileTools
   2867.1 ms  ✓ ScopedValues
   3296.8 ms  ✓ Adapt
  10770.1 ms  ✓ Compat
   9636.4 ms  ✓ NaNMath
   4000.0 ms  ✓ JLLWrappers
   2573.5 ms  ✓ ConstructionBase → ConstructionBaseLinearAlgebraExt
   2839.6 ms  ✓ Atomix
   9295.8 ms  ✓ Missings
   2111.1 ms  ✓ EnzymeCore → AdaptExt
   1994.1 ms  ✓ Compat → CompatLinearAlgebraExt
   3436.5 ms  ✓ LogExpFunctions
  13099.6 ms  ✓ InteractiveUtils
   3602.7 ms  ✓ GPUArraysCore
  17706.2 ms  ✓ MacroTools
   3579.8 ms  ✓ OpenSpecFun_jll
   2703.9 ms  ✓ ContextVariablesX
   2896.3 ms  ✓ LogExpFunctions → LogExpFunctionsInverseFunctionsExt
   9600.6 ms  ✓ DataStructures
   3160.6 ms  ✓ CommonSubexpressions
   2795.9 ms  ✓ FLoopsBase
  17381.5 ms  ✓ Distributed
   4311.5 ms  ✓ SimpleTraits
   2739.7 ms  ✓ SortingAlgorithms
  10736.3 ms  ✓ Tables
   5769.9 ms  ✓ Setfield
   7966.8 ms  ✓ Functors
   9669.6 ms  ✓ ChainRulesCore
   2329.2 ms  ✓ MLDataDevices
   4035.7 ms  ✓ MLCore
   2122.9 ms  ✓ AbstractFFTs → AbstractFFTsChainRulesCoreExt
   1964.1 ms  ✓ MLDataDevices → MLDataDevicesFillArraysExt
   3000.5 ms  ✓ ZygoteRules
  10839.4 ms  ✓ IRTools
   2502.7 ms  ✓ MLDataDevices → MLDataDevicesChainRulesCoreExt
  10205.8 ms  ✓ SpecialFunctions
   6802.0 ms  ✓ StructArrays
   4693.9 ms  ✓ LogExpFunctions → LogExpFunctionsChainRulesCoreExt
  22749.2 ms  ✓ SparseArrays
  12992.7 ms  ✓ Accessors
   2182.1 ms  ✓ DiffRules
   2457.9 ms  ✓ StructArrays → StructArraysAdaptExt
   2688.2 ms  ✓ StructArrays → StructArraysLinearAlgebraExt
   2866.5 ms  ✓ Accessors → LinearAlgebraExt
   2700.2 ms  ✓ Accessors → StructArraysExt
   3429.7 ms  ✓ SuiteSparse
   3579.6 ms  ✓ MLDataDevices → MLDataDevicesSparseArraysExt
   3576.4 ms  ✓ StructArrays → StructArraysSparseArraysExt
   3853.5 ms  ✓ Statistics → SparseArraysExt
   3802.4 ms  ✓ Adapt → AdaptSparseArraysExt
   3833.3 ms  ✓ FillArrays → FillArraysSparseArraysExt
  10037.9 ms  ✓ Optimisers
   6962.7 ms  ✓ SpecialFunctions → SpecialFunctionsChainRulesCoreExt
  19698.3 ms  ✓ Test
   2712.4 ms  ✓ SparseInverseSubset
   3532.6 ms  ✓ BangBang
   1835.6 ms  ✓ Optimisers → OptimisersAdaptExt
   1960.3 ms  ✓ Optimisers → OptimisersEnzymeCoreExt
   2593.1 ms  ✓ InverseFunctions → InverseFunctionsTestExt
   2704.9 ms  ✓ Accessors → TestExt
   1802.3 ms  ✓ BangBang → BangBangTablesExt
   1810.9 ms  ✓ BangBang → BangBangChainRulesCoreExt
   1877.5 ms  ✓ BangBang → BangBangStructArraysExt
   2061.0 ms  ✓ MicroCollections
   8533.2 ms  ✓ ChainRulesCore → ChainRulesCoreSparseArraysExt
   3518.7 ms  ✓ SplittablesBase
   4113.0 ms  ✓ AbstractFFTs → AbstractFFTsTestExt
  29542.5 ms  ✓ StaticArrays
   7838.7 ms  ✓ StatsBase
   1685.3 ms  ✓ StaticArrays → StaticArraysStatisticsExt
   1990.5 ms  ✓ Adapt → AdaptStaticArraysExt
   2051.1 ms  ✓ BangBang → BangBangStaticArraysExt
   2088.6 ms  ✓ ConstructionBase → ConstructionBaseStaticArraysExt
  12335.0 ms  ✓ ForwardDiff
   2284.8 ms  ✓ Accessors → StaticArraysExt
   1003.2 ms  ✓ ForwardDiff → ForwardDiffStaticArraysExt
   3483.5 ms  ✓ StaticArrays → StaticArraysChainRulesCoreExt
   3543.3 ms  ✓ StructArrays → StructArraysStaticArraysExt
   6703.9 ms  ✓ Transducers
   1556.2 ms  ✓ Transducers → TransducersAdaptExt
  13261.4 ms  ✓ ChainRules
   8414.3 ms  ✓ KernelAbstractions
  57817.6 ms  ✓ MLStyle
   1063.3 ms  ✓ MLDataDevices → MLDataDevicesChainRulesExt
   1047.1 ms  ✓ KernelAbstractions → LinearAlgebraExt
   1095.6 ms  ✓ KernelAbstractions → EnzymeExt
   1115.7 ms  ✓ StructArrays → StructArraysGPUArraysCoreExt
   1239.1 ms  ✓ KernelAbstractions → SparseArraysExt
   2312.7 ms  ✓ JuliaVariables
   4020.2 ms  ✓ NNlib
   2949.3 ms  ✓ FLoops
    917.9 ms  ✓ NNlib → NNlibSpecialFunctionsExt
    984.6 ms  ✓ NNlib → NNlibForwardDiffExt
   1021.0 ms  ✓ NNlib → NNlibEnzymeCoreExt
   1093.8 ms  ✓ OneHotArrays
    651.0 ms  ✓ MLDataDevices → MLDataDevicesOneHotArraysExt
   5494.0 ms  ✓ MLUtils
   1155.5 ms  ✓ MLDataDevices → MLDataDevicesMLUtilsExt
  24352.7 ms  ✓ Zygote
   1031.6 ms  ✓ MLDataDevices → MLDataDevicesZygoteExt
   6042.9 ms  ✓ Flux
  146 dependencies successfully precompiled in 89 seconds. 9 already precompiled.
	Command being timed: "nice -n -10 timeout -k120 -v 3600 julia +1.12.2 --project=F/Flux/Basic-Model-Gradient -e using Pkg; @time @eval Pkg.precompile()"
	User time (seconds): 418.40
	System time (seconds): 32.33
	Percent of CPU this job got: 277%
	Elapsed (wall clock) time (h:mm:ss or m:ss): 2:42.31
	Average shared text size (kbytes): 0
	Average unshared data size (kbytes): 0
	Average stack size (kbytes): 0
	Average total size (kbytes): 0
	Maximum resident set size (kbytes): 2182164
	Average resident set size (kbytes): 0
	Major (requiring I/O) page faults: 438
	Minor (reclaiming a frame) page faults: 8908515
	Voluntary context switches: 24955
	Involuntary context switches: 32455
	Swaps: 0
	File system inputs: 0
	File system outputs: 811096
	Socket messages sent: 0
	Socket messages received: 0
	Signals delivered: 0
	Page size (bytes): 4096
	Exit status: 0
