nice: cannot set niceness: Permission denied
Precompiling packages...
  73794.9 ms  ✓ Pkg (serial)
  1 dependency successfully precompiled in 74 seconds
Precompiling packages...
   2389.9 ms  ✓ DataValueInterfaces
   2477.9 ms  ✓ RealDot
   2498.6 ms  ✓ DefineSingletons
   2586.9 ms  ✓ Unicode
   2584.1 ms  ✓ Reexport
   2679.5 ms  ✓ OpenLibm_jll
   3374.5 ms  ✓ AbstractFFTs
   3369.8 ms  ✓ InverseFunctions
   3700.0 ms  ✓ Statistics
   3810.3 ms  ✓ DocStringExtensions
   4207.1 ms  ✓ EnzymeCore
   4280.0 ms  ✓ Serialization
   2503.1 ms  ✓ IteratorInterfaceExtensions
   5455.1 ms  ✓ FillArrays
   3077.0 ms  ✓ PrettyPrint
   2896.1 ms  ✓ ArgCheck
   2600.5 ms  ✓ StatsAPI
   2915.2 ms  ✓ CompilerSupportLibraries_jll
   3005.4 ms  ✓ ProgressLogging
   3102.8 ms  ✓ SuiteSparse_jll
   3193.5 ms  ✓ Mmap
   2421.8 ms  ✓ Future
   2624.5 ms  ✓ CompositionsBase
   2592.0 ms  ✓ PtrArrays
   4097.0 ms  ✓ ADTypes
   2978.1 ms  ✓ SciMLPublic
   2700.4 ms  ✓ StaticArraysCore
   2799.0 ms  ✓ HashArrayMappedTries
  10978.7 ms  ✓ OrderedCollections
   5395.2 ms  ✓ InitialValues
   9989.9 ms  ✓ ConstructionBase
   2508.4 ms  ✓ DataAPI
   4704.6 ms  ✓ Requires
   2705.9 ms  ✓ InverseFunctions → InverseFunctionsDatesExt
  10480.2 ms  ✓ Compat
  11004.1 ms  ✓ ShowCases
   4776.6 ms  ✓ Preferences
   2462.1 ms  ✓ TableTraits
   2402.5 ms  ✓ ConstructionBase → ConstructionBaseLinearAlgebraExt
   2496.1 ms  ✓ FillArrays → FillArraysStatisticsExt
  12404.6 ms  ✓ UnsafeAtomics
  15007.7 ms  ✓ IrrationalConstants
   7194.5 ms  ✓ Baselet
   2515.4 ms  ✓ CompositionsBase → CompositionsBaseInverseFunctionsExt
   3170.8 ms  ✓ DelimitedFiles
   2531.5 ms  ✓ ADTypes → ADTypesEnzymeCoreExt
   2725.2 ms  ✓ DiffResults
   2898.3 ms  ✓ AliasTables
   2499.4 ms  ✓ ADTypes → ADTypesConstructionBaseExt
   2802.1 ms  ✓ ScopedValues
   2600.1 ms  ✓ NameResolution
   2792.3 ms  ✓ Adapt
   2517.0 ms  ✓ Compat → CompatLinearAlgebraExt
   2502.9 ms  ✓ PrecompileTools
   9898.8 ms  ✓ NaNMath
   2805.1 ms  ✓ Atomix
   3103.8 ms  ✓ JLLWrappers
   2296.2 ms  ✓ EnzymeCore → AdaptExt
   3703.0 ms  ✓ LogExpFunctions
   2709.9 ms  ✓ ContextVariablesX
   3194.0 ms  ✓ GPUArraysCore
   2087.0 ms  ✓ LogExpFunctions → LogExpFunctionsInverseFunctionsExt
  14908.7 ms  ✓ InteractiveUtils
   3311.9 ms  ✓ OpenSpecFun_jll
  18771.3 ms  ✓ MacroTools
   2412.8 ms  ✓ FLoopsBase
   9423.2 ms  ✓ DataStructures
   9790.5 ms  ✓ Missings
   2932.5 ms  ✓ CommonSubexpressions
   2876.9 ms  ✓ SortingAlgorithms
  16722.7 ms  ✓ Distributed
   4082.9 ms  ✓ SimpleTraits
  10914.8 ms  ✓ Tables
   5308.9 ms  ✓ Setfield
   9508.1 ms  ✓ Functors
  11314.0 ms  ✓ ChainRulesCore
   3586.9 ms  ✓ MLDataDevices
   5100.3 ms  ✓ MLCore
   2575.7 ms  ✓ ADTypes → ADTypesChainRulesCoreExt
   2717.2 ms  ✓ AbstractFFTs → AbstractFFTsChainRulesCoreExt
   2879.3 ms  ✓ EnzymeCore → EnzymeCoreChainRulesCoreExt
   3785.4 ms  ✓ ZygoteRules
  11499.3 ms  ✓ SpecialFunctions
   2022.6 ms  ✓ MLDataDevices → FillArraysExt
   2599.1 ms  ✓ MLDataDevices → ChainRulesCoreExt
   7480.9 ms  ✓ StructArrays
  11909.3 ms  ✓ IRTools
  12708.2 ms  ✓ Accessors
  23808.8 ms  ✓ SparseArrays
   7096.9 ms  ✓ LogExpFunctions → LogExpFunctionsChainRulesCoreExt
   2397.9 ms  ✓ StructArrays → StructArraysAdaptExt
   2686.0 ms  ✓ StructArrays → StructArraysLinearAlgebraExt
   3180.8 ms  ✓ DiffRules
   2890.1 ms  ✓ Accessors → StructArraysExt
   2905.4 ms  ✓ Accessors → LinearAlgebraExt
   3094.5 ms  ✓ Statistics → SparseArraysExt
   3123.9 ms  ✓ Adapt → AdaptSparseArraysExt
   3285.2 ms  ✓ SuiteSparse
   3477.5 ms  ✓ FillArrays → FillArraysSparseArraysExt
   2603.4 ms  ✓ StructArrays → StructArraysSparseArraysExt
   3008.7 ms  ✓ MLDataDevices → SparseArraysExt
  11031.6 ms  ✓ Optimisers
   2204.8 ms  ✓ SparseInverseSubset
   2998.5 ms  ✓ BangBang
  19773.1 ms  ✓ Test
   8793.0 ms  ✓ SpecialFunctions → SpecialFunctionsChainRulesCoreExt
   2406.2 ms  ✓ Optimisers → OptimisersEnzymeCoreExt
   2584.0 ms  ✓ Optimisers → OptimisersAdaptExt
   2409.8 ms  ✓ BangBang → BangBangTablesExt
   2585.8 ms  ✓ BangBang → BangBangChainRulesCoreExt
   2660.1 ms  ✓ BangBang → BangBangStructArraysExt
   8711.2 ms  ✓ ChainRulesCore → ChainRulesCoreSparseArraysExt
   2900.6 ms  ✓ MicroCollections
   2301.9 ms  ✓ InverseFunctions → InverseFunctionsTestExt
   2335.1 ms  ✓ Accessors → TestExt
   2819.6 ms  ✓ SplittablesBase
   3547.7 ms  ✓ AbstractFFTs → AbstractFFTsTestExt
   8897.9 ms  ✓ StatsBase
  28689.1 ms  ✓ StaticArrays
   1981.0 ms  ✓ ConstructionBase → ConstructionBaseStaticArraysExt
   2210.5 ms  ✓ StaticArrays → StaticArraysStatisticsExt
   2281.7 ms  ✓ Adapt → AdaptStaticArraysExt
  13026.4 ms  ✓ ForwardDiff
   2585.5 ms  ✓ FillArrays → FillArraysStaticArraysExt
   2580.6 ms  ✓ Accessors → StaticArraysExt
   2595.3 ms  ✓ BangBang → BangBangStaticArraysExt
   1181.7 ms  ✓ ForwardDiff → ForwardDiffStaticArraysExt
   4015.5 ms  ✓ StaticArrays → StaticArraysChainRulesCoreExt
   4402.3 ms  ✓ StructArrays → StructArraysStaticArraysExt
   8278.6 ms  ✓ Transducers
   1921.3 ms  ✓ Transducers → TransducersAdaptExt
  14190.4 ms  ✓ ChainRules
   8866.9 ms  ✓ KernelAbstractions
  60177.1 ms  ✓ MLStyle
   1244.0 ms  ✓ MLDataDevices → ChainRulesExt
   1031.7 ms  ✓ KernelAbstractions → LinearAlgebraExt
   1064.4 ms  ✓ StructArrays → StructArraysGPUArraysCoreExt
   1070.9 ms  ✓ KernelAbstractions → EnzymeExt
   1187.4 ms  ✓ KernelAbstractions → SparseArraysExt
   2407.6 ms  ✓ JuliaVariables
   3985.4 ms  ✓ NNlib
   2970.4 ms  ✓ FLoops
    938.8 ms  ✓ NNlib → NNlibSpecialFunctionsExt
    999.8 ms  ✓ NNlib → NNlibForwardDiffExt
   1057.4 ms  ✓ NNlib → NNlibEnzymeCoreExt
   1101.7 ms  ✓ OneHotArrays
    660.0 ms  ✓ MLDataDevices → OneHotArraysExt
   5681.5 ms  ✓ MLUtils
   1192.1 ms  ✓ MLDataDevices → MLUtilsExt
  24737.3 ms  ✓ Zygote
   1056.6 ms  ✓ MLDataDevices → ZygoteExt
   6236.9 ms  ✓ Flux
  152 dependencies successfully precompiled in 92 seconds. 9 already precompiled.
	Command being timed: "nice -n -10 timeout -k120 -v 3600 julia +release --project=F/Flux/Basic-Model-Gradient -e using Pkg; @time @eval Pkg.precompile()"
	User time (seconds): 427.29
	System time (seconds): 36.05
	Percent of CPU this job got: 278%
	Elapsed (wall clock) time (h:mm:ss or m:ss): 2:46.20
	Average shared text size (kbytes): 0
	Average unshared data size (kbytes): 0
	Average stack size (kbytes): 0
	Average total size (kbytes): 0
	Maximum resident set size (kbytes): 2151244
	Average resident set size (kbytes): 0
	Major (requiring I/O) page faults: 619
	Minor (reclaiming a frame) page faults: 9070389
	Voluntary context switches: 24363
	Involuntary context switches: 34227
	Swaps: 0
	File system inputs: 0
	File system outputs: 814816
	Socket messages sent: 0
	Socket messages received: 0
	Signals delivered: 0
	Page size (bytes): 4096
	Exit status: 0
