nice: cannot set niceness: Permission denied
Precompiling packages...
    422.1 ms  ✓ Reexport
    459.2 ms  ✓ DataAPI
    599.9 ms  ✓ Statistics
    591.3 ms  ✓ ConstructionBase
    732.1 ms  ✓ SciMLPublic
   1283.8 ms  ✓ Baselet
    442.9 ms  ✓ RealDot
    521.2 ms  ✓ PrettyPrint
    473.0 ms  ✓ DataValueInterfaces
   1320.5 ms  ✓ IrrationalConstants
    636.4 ms  ✓ StaticArraysCore
    560.6 ms  ✓ StatsAPI
   1000.6 ms  ✓ SuiteSparse_jll
    811.4 ms  ✓ Requires
    752.4 ms  ✓ EnzymeCore
    455.7 ms  ✓ Future
    662.2 ms  ✓ OrderedCollections
    539.2 ms  ✓ InverseFunctions
   1949.3 ms  ✓ UnsafeAtomics
    593.5 ms  ✓ HashArrayMappedTries
   4654.8 ms  ✓ MacroTools
   1598.7 ms  ✓ ShowCases
    796.5 ms  ✓ ADTypes
    474.6 ms  ✓ CompositionsBase
    569.1 ms  ✓ ProgressLogging
    702.0 ms  ✓ Serialization
    607.8 ms  ✓ DocStringExtensions
    471.4 ms  ✓ DefineSingletons
    594.0 ms  ✓ AbstractFFTs
    498.9 ms  ✓ Unicode
    511.5 ms  ✓ ArgCheck
   1247.4 ms  ✓ InitialValues
    455.4 ms  ✓ PtrArrays
    699.0 ms  ✓ OpenLibm_jll
    538.4 ms  ✓ Mmap
   1109.9 ms  ✓ FillArrays
    430.7 ms  ✓ IteratorInterfaceExtensions
    526.2 ms  ✓ Missings
    444.3 ms  ✓ ConstructionBase → ConstructionBaseLinearAlgebraExt
    475.8 ms  ✓ NameResolution
    507.2 ms  ✓ DiffResults
    542.6 ms  ✓ Adapt
   1421.7 ms  ✓ InteractiveUtils
    449.3 ms  ✓ ScopedValues
    585.4 ms  ✓ CommonSubexpressions
    875.0 ms  ✓ Atomix
    423.8 ms  ✓ ADTypes → ADTypesConstructionBaseExt
    435.4 ms  ✓ ADTypes → ADTypesEnzymeCoreExt
    447.5 ms  ✓ CompositionsBase → CompositionsBaseInverseFunctionsExt
   1826.4 ms  ✓ DataStructures
    421.7 ms  ✓ InverseFunctions → InverseFunctionsDatesExt
    639.2 ms  ✓ LogExpFunctions
    579.7 ms  ✓ Compat
    508.3 ms  ✓ AliasTables
    588.7 ms  ✓ NaNMath
   2370.0 ms  ✓ Distributed
   1824.5 ms  ✓ Preferences
    505.7 ms  ✓ FillArrays → FillArraysStatisticsExt
    528.8 ms  ✓ DelimitedFiles
    429.5 ms  ✓ TableTraits
    427.5 ms  ✓ EnzymeCore → AdaptExt
    602.8 ms  ✓ GPUArraysCore
   4101.5 ms  ✓ SparseArrays
    773.5 ms  ✓ SimpleTraits
   1368.5 ms  ✓ Setfield
    568.1 ms  ✓ SortingAlgorithms
    527.4 ms  ✓ LogExpFunctions → LogExpFunctionsInverseFunctionsExt
   2347.0 ms  ✓ IRTools
    571.2 ms  ✓ Compat → CompatLinearAlgebraExt
    594.2 ms  ✓ PrecompileTools
    714.4 ms  ✓ JLLWrappers
   2739.3 ms  ✓ Accessors
    780.3 ms  ✓ Statistics → SparseArraysExt
   1196.6 ms  ✓ Tables
    744.8 ms  ✓ SuiteSparse
    815.9 ms  ✓ FillArrays → FillArraysSparseArraysExt
    655.3 ms  ✓ Adapt → AdaptSparseArraysExt
    786.9 ms  ✓ Functors
    648.2 ms  ✓ ContextVariablesX
   1726.9 ms  ✓ ChainRulesCore
    823.2 ms  ✓ OpenSpecFun_jll
    610.6 ms  ✓ Accessors → LinearAlgebraExt
    976.2 ms  ✓ StructArrays
   1226.1 ms  ✓ MLCore
   3112.8 ms  ✓ StatsBase
    875.0 ms  ✓ SparseInverseSubset
   9514.6 ms  ✓ Test
    608.8 ms  ✓ FLoopsBase
   1012.1 ms  ✓ MLDataDevices
    734.0 ms  ✓ ChainRulesCore → ChainRulesCoreSparseArraysExt
    849.3 ms  ✓ ZygoteRules
    588.0 ms  ✓ EnzymeCore → EnzymeCoreChainRulesCoreExt
   1479.7 ms  ✓ Optimisers
    539.5 ms  ✓ ADTypes → ADTypesChainRulesCoreExt
    599.4 ms  ✓ AbstractFFTs → AbstractFFTsChainRulesCoreExt
  21742.8 ms  ✓ MLStyle
    783.6 ms  ✓ BangBang
    604.5 ms  ✓ StructArrays → StructArraysSparseArraysExt
   1353.8 ms  ✓ LogExpFunctions → LogExpFunctionsChainRulesCoreExt
    472.8 ms  ✓ StructArrays → StructArraysLinearAlgebraExt
    482.6 ms  ✓ StructArrays → StructArraysAdaptExt
    503.1 ms  ✓ Accessors → StructArraysExt
    613.9 ms  ✓ InverseFunctions → InverseFunctionsTestExt
   2578.2 ms  ✓ SpecialFunctions
    626.7 ms  ✓ Accessors → TestExt
    966.5 ms  ✓ SplittablesBase
    552.3 ms  ✓ MLDataDevices → FillArraysExt
   1649.7 ms  ✓ AbstractFFTs → AbstractFFTsTestExt
    663.3 ms  ✓ MLDataDevices → SparseArraysExt
    672.7 ms  ✓ MLDataDevices → ChainRulesCoreExt
    630.7 ms  ✓ Optimisers → OptimisersAdaptExt
    585.6 ms  ✓ Optimisers → OptimisersEnzymeCoreExt
    646.8 ms  ✓ BangBang → BangBangTablesExt
    616.6 ms  ✓ BangBang → BangBangStructArraysExt
    618.0 ms  ✓ BangBang → BangBangChainRulesCoreExt
    814.5 ms  ✓ MicroCollections
    768.7 ms  ✓ DiffRules
   2956.0 ms  ✓ JuliaVariables
   2008.0 ms  ✓ SpecialFunctions → SpecialFunctionsChainRulesCoreExt
  13879.6 ms  ✓ StaticArrays
    587.6 ms  ✓ StaticArrays → StaticArraysStatisticsExt
    599.8 ms  ✓ StaticArrays → StaticArraysChainRulesCoreExt
   2547.0 ms  ✓ Transducers
    594.8 ms  ✓ ConstructionBase → ConstructionBaseStaticArraysExt
    648.4 ms  ✓ FillArrays → FillArraysStaticArraysExt
    616.9 ms  ✓ Adapt → AdaptStaticArraysExt
    644.6 ms  ✓ Accessors → StaticArraysExt
   3267.0 ms  ✓ ForwardDiff
    719.5 ms  ✓ StructArrays → StructArraysStaticArraysExt
    678.6 ms  ✓ BangBang → BangBangStaticArraysExt
    651.0 ms  ✓ Transducers → TransducersAdaptExt
   5693.3 ms  ✓ ChainRules
    699.1 ms  ✓ ForwardDiff → ForwardDiffStaticArraysExt
    629.2 ms  ✓ MLDataDevices → ChainRulesExt
   2877.6 ms  ✓ FLoops
   3091.3 ms  ✓ KernelAbstractions
    683.2 ms  ✓ KernelAbstractions → LinearAlgebraExt
    701.2 ms  ✓ StructArrays → StructArraysGPUArraysCoreExt
    741.5 ms  ✓ KernelAbstractions → EnzymeExt
    853.8 ms  ✓ KernelAbstractions → SparseArraysExt
   3593.6 ms  ✓ NNlib
    761.5 ms  ✓ NNlib → NNlibSpecialFunctionsExt
    791.0 ms  ✓ NNlib → NNlibForwardDiffExt
    844.9 ms  ✓ NNlib → NNlibEnzymeCoreExt
    917.4 ms  ✓ OneHotArrays
    635.4 ms  ✓ MLDataDevices → OneHotArraysExt
   5345.0 ms  ✓ MLUtils
   1162.4 ms  ✓ MLDataDevices → MLUtilsExt
[0KInternal error: during type inference of
[0K_pullback(Zygote.Context{false}, typeof(Zygote.pow), Int64, Int64)
[0KEncountered unexpected error in runtime:
[0KTypeError(func=:typeassert, context="", expected=Union{Nothing, Array{Any, 1}, Core.SimpleVector}, got=Array{Core.MethodInstance, 1}(dims=(1,), mem=Memory{Core.MethodInstance}(1, 0x7b4df53d2ac0)[pow(Int64, Int64) from pow(Any, Any)]))
[0Kijl_type_error_rt at /cache/build/builder-amdci4-0/julialang/julia-master/src/rtutils.c:121
[0Kijl_type_error at /cache/build/builder-amdci4-0/julialang/julia-master/src/rtutils.c:140
[0Kcompute_edges! at ./../usr/share/julia/Compiler/src/typeinfer.jl:820
[0Kfinishinfer! at ./../usr/share/julia/Compiler/src/typeinfer.jl:668
[0Kfinish_nocycle at ./../usr/share/julia/Compiler/src/typeinfer.jl:275
[0Kjfptr_finish_nocycle_1.1 at /root/.julia/juliaup/julia-nightly/lib/julia/sys.so (unknown line)
[0Ktypeinf at ./../usr/share/julia/Compiler/src/abstractinterpretation.jl:4594
[0Ktypeinf_ext at ./../usr/share/julia/Compiler/src/typeinfer.jl:1532
[0Ktypeinf_ext_toplevel at ./../usr/share/julia/Compiler/src/typeinfer.jl:1715 [inlined]
[0Ktypeinf_ext_toplevel at ./../usr/share/julia/Compiler/src/typeinfer.jl:1724
[0Kjfptr_typeinf_ext_toplevel_2.1 at /root/.julia/juliaup/julia-nightly/lib/julia/sys.so (unknown line)
[0Kjl_apply at /cache/build/builder-amdci4-0/julialang/julia-master/src/julia.h:2295 [inlined]
[0Kjl_type_infer at /cache/build/builder-amdci4-0/julialang/julia-master/src/gf.c:467
[0Kjl_compile_method_internal at /cache/build/builder-amdci4-0/julialang/julia-master/src/gf.c:3643
[0K_jl_invoke at /cache/build/builder-amdci4-0/julialang/julia-master/src/gf.c:4108 [inlined]
[0Kijl_apply_generic at /cache/build/builder-amdci4-0/julialang/julia-master/src/gf.c:4342
[0Kjl_apply at /cache/build/builder-amdci4-0/julialang/julia-master/src/julia.h:2295 [inlined]
[0Kjl_f__apply_iterate at /cache/build/builder-amdci4-0/julialang/julia-master/src/builtins.c:897
[0Kpullback at /workdir/depot/packages/Zygote/55SqB/src/compiler/interface.jl:96
[0Kpullback at /workdir/depot/packages/Zygote/55SqB/src/compiler/interface.jl:94
[0Kunknown function (ip: 0x7b4df37472e0) at (unknown file)
[0Kjl_apply at /cache/build/builder-amdci4-0/julialang/julia-master/src/julia.h:2295 [inlined]
[0Kjl_f__apply_iterate at /cache/build/builder-amdci4-0/julialang/julia-master/src/builtins.c:897
[0Kgradient at /workdir/depot/packages/Zygote/55SqB/src/compiler/interface.jl:153
[0Kjl_apply at /cache/build/builder-amdci4-0/julialang/julia-master/src/julia.h:2295 [inlined]
[0Kdo_call at /cache/build/builder-amdci4-0/julialang/julia-master/src/interpreter.c:123
[0Keval_value at /cache/build/builder-amdci4-0/julialang/julia-master/src/interpreter.c:243
[0Keval_stmt_value at /cache/build/builder-amdci4-0/julialang/julia-master/src/interpreter.c:194 [inlined]
[0Keval_body at /cache/build/builder-amdci4-0/julialang/julia-master/src/interpreter.c:679
[0Kjl_interpret_toplevel_thunk at /cache/build/builder-amdci4-0/julialang/julia-master/src/interpreter.c:884
[0Ktop-level scope at /workdir/depot/packages/Zygote/55SqB/src/precompile.jl:17
[0Kijl_eval_thunk at /cache/build/builder-amdci4-0/julialang/julia-master/src/toplevel.c:766
[0Kjl_toplevel_eval_flex at /cache/build/builder-amdci4-0/julialang/julia-master/src/toplevel.c:712
[0Kjl_eval_toplevel_stmts at /cache/build/builder-amdci4-0/julialang/julia-master/src/toplevel.c:602
[0Kjl_toplevel_eval_flex at /cache/build/builder-amdci4-0/julialang/julia-master/src/toplevel.c:684
[0Kijl_toplevel_eval at /cache/build/builder-amdci4-0/julialang/julia-master/src/toplevel.c:780
[0Kijl_toplevel_eval_in at /cache/build/builder-amdci4-0/julialang/julia-master/src/toplevel.c:825
[0Keval at ./boot.jl:517
[0Kinclude_string at ./loading.jl:3130
[0K_include at ./loading.jl:3190
[0Kinclude at ./Base.jl:324
[0KIncludeInto at ./Base.jl:325
[0Kjfptr_IncludeInto_1.1 at /root/.julia/juliaup/julia-nightly/lib/julia/sys.so (unknown line)
[0Kjl_apply at /cache/build/builder-amdci4-0/julialang/julia-master/src/julia.h:2295 [inlined]
[0Kdo_call at /cache/build/builder-amdci4-0/julialang/julia-master/src/interpreter.c:123
[0Keval_value at /cache/build/builder-amdci4-0/julialang/julia-master/src/interpreter.c:243
[0Keval_stmt_value at /cache/build/builder-amdci4-0/julialang/julia-master/src/interpreter.c:194 [inlined]
[0Keval_body at /cache/build/builder-amdci4-0/julialang/julia-master/src/interpreter.c:679
[0Keval_body at /cache/build/builder-amdci4-0/julialang/julia-master/src/interpreter.c:558
[0Kjl_interpret_toplevel_thunk at /cache/build/builder-amdci4-0/julialang/julia-master/src/interpreter.c:884
[0Kmacro expansion at /workdir/depot/packages/Zygote/55SqB/src/Zygote.jl:68 [inlined]
[0Kmacro expansion at /workdir/depot/packages/PrecompileTools/gn08A/src/workloads.jl:73 [inlined]
[0Ktop-level scope at /workdir/depot/packages/Zygote/55SqB/src/Zygote.jl:85
[0Kijl_eval_thunk at /cache/build/builder-amdci4-0/julialang/julia-master/src/toplevel.c:766
[0Kjl_toplevel_eval_flex at /cache/build/builder-amdci4-0/julialang/julia-master/src/toplevel.c:712
[0Kjl_eval_toplevel_stmts at /cache/build/builder-amdci4-0/julialang/julia-master/src/toplevel.c:602
[0Kjl_eval_module_expr at /cache/build/builder-amdci4-0/julialang/julia-master/src/toplevel.c:263 [inlined]
[0Kjl_toplevel_eval_flex at /cache/build/builder-amdci4-0/julialang/julia-master/src/toplevel.c:665
[0Kjl_eval_toplevel_stmts at /cache/build/builder-amdci4-0/julialang/julia-master/src/toplevel.c:602
[0Kjl_toplevel_eval_flex at /cache/build/builder-amdci4-0/julialang/julia-master/src/toplevel.c:684
[0Kijl_toplevel_eval at /cache/build/builder-amdci4-0/julialang/julia-master/src/toplevel.c:780
[0Kijl_toplevel_eval_in at /cache/build/builder-amdci4-0/julialang/julia-master/src/toplevel.c:825
[0Keval at ./boot.jl:517
[0Kinclude_string at ./loading.jl:3130
[0K_include at ./loading.jl:3190
[0Kinclude at ./Base.jl:323
[0Kinclude_package_for_output at ./loading.jl:3288
[0Kjfptr_include_package_for_output_1.1 at /root/.julia/juliaup/julia-nightly/lib/julia/sys.so (unknown line)
[0Kjl_apply at /cache/build/builder-amdci4-0/julialang/julia-master/src/julia.h:2295 [inlined]
[0Kdo_call at /cache/build/builder-amdci4-0/julialang/julia-master/src/interpreter.c:123
[0Keval_value at /cache/build/builder-amdci4-0/julialang/julia-master/src/interpreter.c:243
[0Keval_stmt_value at /cache/build/builder-amdci4-0/julialang/julia-master/src/interpreter.c:194 [inlined]
[0Keval_body at /cache/build/builder-amdci4-0/julialang/julia-master/src/interpreter.c:679
[0Kjl_interpret_toplevel_thunk at /cache/build/builder-amdci4-0/julialang/julia-master/src/interpreter.c:884
[0Ktop-level scope at stdin:5
[0Kijl_eval_thunk at /cache/build/builder-amdci4-0/julialang/julia-master/src/toplevel.c:766
[0Kjl_toplevel_eval_flex at /cache/build/builder-amdci4-0/julialang/julia-master/src/toplevel.c:712
[0Kjl_eval_toplevel_stmts at /cache/build/builder-amdci4-0/julialang/julia-master/src/toplevel.c:602
[0Kjl_toplevel_eval_flex at /cache/build/builder-amdci4-0/julialang/julia-master/src/toplevel.c:684
[0Kijl_toplevel_eval at /cache/build/builder-amdci4-0/julialang/julia-master/src/toplevel.c:780
[0Kijl_toplevel_eval_in at /cache/build/builder-amdci4-0/julialang/julia-master/src/toplevel.c:825
[0Keval at ./boot.jl:517
[0Kinclude_string at ./loading.jl:3130
[0Kinclude_string at ./loading.jl:3140 [inlined]
[0Kexec_options at ./client.jl:342
[0K_start at ./client.jl:585
[0Kjfptr__start_0.1 at /root/.julia/juliaup/julia-nightly/lib/julia/sys.so (unknown line)
[0Kjl_apply at /cache/build/builder-amdci4-0/julialang/julia-master/src/julia.h:2295 [inlined]
[0Ktrue_main at /cache/build/builder-amdci4-0/julialang/julia-master/src/jlapi.c:971
[0Kjl_repl_entrypoint at /cache/build/builder-amdci4-0/julialang/julia-master/src/jlapi.c:1138
[0Kmain at /cache/build/builder-amdci4-0/julialang/julia-master/cli/loader_exe.c:58
[0Kunknown function (ip: 0x7b4e234a5249) at /lib/x86_64-linux-gnu/libc.so.6
[0K__libc_start_main at /lib/x86_64-linux-gnu/libc.so.6 (unknown line)
[0Kunknown function (ip: 0x4010b8) at /workspace/srcdir/glibc-2.17/csu/../sysdeps/x86_64/start.S
[0KInternal error: during type inference of
[0K(::Zygote.var"#pullback##0#pullback##1"{Zygote.Pullback{Tuple{typeof(Zygote.pow), Int64, Int64}, Any}})(Int64)
[0KEncountered unexpected error in runtime:
[0KTypeError(func=:typeassert, context="", expected=Union{Nothing, Array{Any, 1}, Core.SimpleVector}, got=Array{Core.MethodInstance, 1}(dims=(1,), mem=Memory{Core.MethodInstance}(1, 0x7b4e0a9e0080)[pow(Int64, Int64) from pow(Any, Any)]))
[0Kijl_type_error_rt at /cache/build/builder-amdci4-0/julialang/julia-master/src/rtutils.c:121
[0Kijl_type_error at /cache/build/builder-amdci4-0/julialang/julia-master/src/rtutils.c:140
[0Kcompute_edges! at ./../usr/share/julia/Compiler/src/typeinfer.jl:820
[0Kfinishinfer! at ./../usr/share/julia/Compiler/src/typeinfer.jl:668
[0Kfinish_nocycle at ./../usr/share/julia/Compiler/src/typeinfer.jl:275
[0Kjfptr_finish_nocycle_1.1 at /root/.julia/juliaup/julia-nightly/lib/julia/sys.so (unknown line)
[0Ktypeinf at ./../usr/share/julia/Compiler/src/abstractinterpretation.jl:4594
[0Ktypeinf_ext at ./../usr/share/julia/Compiler/src/typeinfer.jl:1532
[0Ktypeinf_ext_toplevel at ./../usr/share/julia/Compiler/src/typeinfer.jl:1715 [inlined]
[0Ktypeinf_ext_toplevel at ./../usr/share/julia/Compiler/src/typeinfer.jl:1724
[0Kjfptr_typeinf_ext_toplevel_2.1 at /root/.julia/juliaup/julia-nightly/lib/julia/sys.so (unknown line)
[0Kjl_apply at /cache/build/builder-amdci4-0/julialang/julia-master/src/julia.h:2295 [inlined]
[0Kjl_type_infer at /cache/build/builder-amdci4-0/julialang/julia-master/src/gf.c:467
[0Kjl_compile_method_internal at /cache/build/builder-amdci4-0/julialang/julia-master/src/gf.c:3643
[0K_jl_invoke at /cache/build/builder-amdci4-0/julialang/julia-master/src/gf.c:4108 [inlined]
[0Kijl_apply_generic at /cache/build/builder-amdci4-0/julialang/julia-master/src/gf.c:4342
[0Kgradient at /workdir/depot/packages/Zygote/55SqB/src/compiler/interface.jl:154
[0Kjl_apply at /cache/build/builder-amdci4-0/julialang/julia-master/src/julia.h:2295 [inlined]
[0Kdo_call at /cache/build/builder-amdci4-0/julialang/julia-master/src/interpreter.c:123
[0Keval_value at /cache/build/builder-amdci4-0/julialang/julia-master/src/interpreter.c:243
[0Keval_stmt_value at /cache/build/builder-amdci4-0/julialang/julia-master/src/interpreter.c:194 [inlined]
[0Keval_body at /cache/build/builder-amdci4-0/julialang/julia-master/src/interpreter.c:679
[0Kjl_interpret_toplevel_thunk at /cache/build/builder-amdci4-0/julialang/julia-master/src/interpreter.c:884
[0Ktop-level scope at /workdir/depot/packages/Zygote/55SqB/src/precompile.jl:17
[0Kijl_eval_thunk at /cache/build/builder-amdci4-0/julialang/julia-master/src/toplevel.c:766
[0Kjl_toplevel_eval_flex at /cache/build/builder-amdci4-0/julialang/julia-master/src/toplevel.c:712
[0Kjl_eval_toplevel_stmts at /cache/build/builder-amdci4-0/julialang/julia-master/src/toplevel.c:602
[0Kjl_toplevel_eval_flex at /cache/build/builder-amdci4-0/julialang/julia-master/src/toplevel.c:684
[0Kijl_toplevel_eval at /cache/build/builder-amdci4-0/julialang/julia-master/src/toplevel.c:780
[0Kijl_toplevel_eval_in at /cache/build/builder-amdci4-0/julialang/julia-master/src/toplevel.c:825
[0Keval at ./boot.jl:517
[0Kinclude_string at ./loading.jl:3130
[0K_include at ./loading.jl:3190
[0Kinclude at ./Base.jl:324
[0KIncludeInto at ./Base.jl:325
[0Kjfptr_IncludeInto_1.1 at /root/.julia/juliaup/julia-nightly/lib/julia/sys.so (unknown line)
[0Kjl_apply at /cache/build/builder-amdci4-0/julialang/julia-master/src/julia.h:2295 [inlined]
[0Kdo_call at /cache/build/builder-amdci4-0/julialang/julia-master/src/interpreter.c:123
[0Keval_value at /cache/build/builder-amdci4-0/julialang/julia-master/src/interpreter.c:243
[0Keval_stmt_value at /cache/build/builder-amdci4-0/julialang/julia-master/src/interpreter.c:194 [inlined]
[0Keval_body at /cache/build/builder-amdci4-0/julialang/julia-master/src/interpreter.c:679
[0Keval_body at /cache/build/builder-amdci4-0/julialang/julia-master/src/interpreter.c:558
[0Kjl_interpret_toplevel_thunk at /cache/build/builder-amdci4-0/julialang/julia-master/src/interpreter.c:884
[0Kmacro expansion at /workdir/depot/packages/Zygote/55SqB/src/Zygote.jl:68 [inlined]
[0Kmacro expansion at /workdir/depot/packages/PrecompileTools/gn08A/src/workloads.jl:73 [inlined]
[0Ktop-level scope at /workdir/depot/packages/Zygote/55SqB/src/Zygote.jl:85
[0Kijl_eval_thunk at /cache/build/builder-amdci4-0/julialang/julia-master/src/toplevel.c:766
[0Kjl_toplevel_eval_flex at /cache/build/builder-amdci4-0/julialang/julia-master/src/toplevel.c:712
[0Kjl_eval_toplevel_stmts at /cache/build/builder-amdci4-0/julialang/julia-master/src/toplevel.c:602
[0Kjl_eval_module_expr at /cache/build/builder-amdci4-0/julialang/julia-master/src/toplevel.c:263 [inlined]
[0Kjl_toplevel_eval_flex at /cache/build/builder-amdci4-0/julialang/julia-master/src/toplevel.c:665
[0Kjl_eval_toplevel_stmts at /cache/build/builder-amdci4-0/julialang/julia-master/src/toplevel.c:602
[0Kjl_toplevel_eval_flex at /cache/build/builder-amdci4-0/julialang/julia-master/src/toplevel.c:684
[0Kijl_toplevel_eval at /cache/build/builder-amdci4-0/julialang/julia-master/src/toplevel.c:780
[0Kijl_toplevel_eval_in at /cache/build/builder-amdci4-0/julialang/julia-master/src/toplevel.c:825
[0Keval at ./boot.jl:517
[0Kinclude_string at ./loading.jl:3130
[0K_include at ./loading.jl:3190
[0Kinclude at ./Base.jl:323
[0Kinclude_package_for_output at ./loading.jl:3288
[0Kjfptr_include_package_for_output_1.1 at /root/.julia/juliaup/julia-nightly/lib/julia/sys.so (unknown line)
[0Kjl_apply at /cache/build/builder-amdci4-0/julialang/julia-master/src/julia.h:2295 [inlined]
[0Kdo_call at /cache/build/builder-amdci4-0/julialang/julia-master/src/interpreter.c:123
[0Keval_value at /cache/build/builder-amdci4-0/julialang/julia-master/src/interpreter.c:243
[0Keval_stmt_value at /cache/build/builder-amdci4-0/julialang/julia-master/src/interpreter.c:194 [inlined]
[0Keval_body at /cache/build/builder-amdci4-0/julialang/julia-master/src/interpreter.c:679
[0Kjl_interpret_toplevel_thunk at /cache/build/builder-amdci4-0/julialang/julia-master/src/interpreter.c:884
[0Ktop-level scope at stdin:5
[0Kijl_eval_thunk at /cache/build/builder-amdci4-0/julialang/julia-master/src/toplevel.c:766
[0Kjl_toplevel_eval_flex at /cache/build/builder-amdci4-0/julialang/julia-master/src/toplevel.c:712
[0Kjl_eval_toplevel_stmts at /cache/build/builder-amdci4-0/julialang/julia-master/src/toplevel.c:602
[0Kjl_toplevel_eval_flex at /cache/build/builder-amdci4-0/julialang/julia-master/src/toplevel.c:684
[0Kijl_toplevel_eval at /cache/build/builder-amdci4-0/julialang/julia-master/src/toplevel.c:780
[0Kijl_toplevel_eval_in at /cache/build/builder-amdci4-0/julialang/julia-master/src/toplevel.c:825
[0Keval at ./boot.jl:517
[0Kinclude_string at ./loading.jl:3130
[0Kinclude_string at ./loading.jl:3140 [inlined]
[0Kexec_options at ./client.jl:342
[0K_start at ./client.jl:585
[0Kjfptr__start_0.1 at /root/.julia/juliaup/julia-nightly/lib/julia/sys.so (unknown line)
[0Kjl_apply at /cache/build/builder-amdci4-0/julialang/julia-master/src/julia.h:2295 [inlined]
[0Ktrue_main at /cache/build/builder-amdci4-0/julialang/julia-master/src/jlapi.c:971
[0Kjl_repl_entrypoint at /cache/build/builder-amdci4-0/julialang/julia-master/src/jlapi.c:1138
[0Kmain at /cache/build/builder-amdci4-0/julialang/julia-master/cli/loader_exe.c:58
[0Kunknown function (ip: 0x7b4e234a5249) at /lib/x86_64-linux-gnu/libc.so.6
[0K__libc_start_main at /lib/x86_64-linux-gnu/libc.so.6 (unknown line)
[0Kunknown function (ip: 0x4010b8) at /workspace/srcdir/glibc-2.17/csu/../sysdeps/x86_64/start.S
[0KInternal error: during type inference of
[0K_pullback(Zygote.Context{false}, Zygote.var"#2206#2207", Array{Int64, 1}, Array{Int64, 1})
[0KEncountered unexpected error in runtime:
[0KTypeError(func=:typeassert, context="", expected=Union{Nothing, Array{Any, 1}, Core.SimpleVector}, got=Array{Core.MethodInstance, 1}(dims=(1,), mem=Memory{Core.MethodInstance}(1, 0x7b4e04bdeae0)[materialize(Array{Int64, 1}) from materialize(Any)]))
[0Kijl_type_error_rt at /cache/build/builder-amdci4-0/julialang/julia-master/src/rtutils.c:121
[0Kijl_type_error at /cache/build/builder-amdci4-0/julialang/julia-master/src/rtutils.c:140
[0Kcompute_edges! at ./../usr/share/julia/Compiler/src/typeinfer.jl:820
[0Kfinishinfer! at ./../usr/share/julia/Compiler/src/typeinfer.jl:668
[0Kfinish_nocycle at ./../usr/share/julia/Compiler/src/typeinfer.jl:275
[0Kjfptr_finish_nocycle_1.1 at /root/.julia/juliaup/julia-nightly/lib/julia/sys.so (unknown line)
[0Ktypeinf at ./../usr/share/julia/Compiler/src/abstractinterpretation.jl:4594
[0Ktypeinf_ext at ./../usr/share/julia/Compiler/src/typeinfer.jl:1532
[0Ktypeinf_ext_toplevel at ./../usr/share/julia/Compiler/src/typeinfer.jl:1715 [inlined]
[0Ktypeinf_ext_toplevel at ./../usr/share/julia/Compiler/src/typeinfer.jl:1724
[0Kjfptr_typeinf_ext_toplevel_2.1 at /root/.julia/juliaup/julia-nightly/lib/julia/sys.so (unknown line)
[0Kjl_apply at /cache/build/builder-amdci4-0/julialang/julia-master/src/julia.h:2295 [inlined]
[0Kjl_type_infer at /cache/build/builder-amdci4-0/julialang/julia-master/src/gf.c:467
[0Kjl_compile_method_internal at /cache/build/builder-amdci4-0/julialang/julia-master/src/gf.c:3643
[0K_jl_invoke at /cache/build/builder-amdci4-0/julialang/julia-master/src/gf.c:4108 [inlined]
[0Kijl_apply_generic at /cache/build/builder-amdci4-0/julialang/julia-master/src/gf.c:4342
[0Kjl_apply at /cache/build/builder-amdci4-0/julialang/julia-master/src/julia.h:2295 [inlined]
[0Kjl_f__apply_iterate at /cache/build/builder-amdci4-0/julialang/julia-master/src/builtins.c:897
[0Kpullback at /workdir/depot/packages/Zygote/55SqB/src/compiler/interface.jl:96
[0Kpullback at /workdir/depot/packages/Zygote/55SqB/src/compiler/interface.jl:94
[0Kjl_apply at /cache/build/builder-amdci4-0/julialang/julia-master/src/julia.h:2295 [inlined]
[0Kjl_f__apply_iterate at /cache/build/builder-amdci4-0/julialang/julia-master/src/builtins.c:897
[0Kgradient at /workdir/depot/packages/Zygote/55SqB/src/compiler/interface.jl:153
[0Kjl_apply at /cache/build/builder-amdci4-0/julialang/julia-master/src/julia.h:2295 [inlined]
[0Kdo_call at /cache/build/builder-amdci4-0/julialang/julia-master/src/interpreter.c:123
[0Keval_value at /cache/build/builder-amdci4-0/julialang/julia-master/src/interpreter.c:243
[0Keval_stmt_value at /cache/build/builder-amdci4-0/julialang/julia-master/src/interpreter.c:194 [inlined]
[0Keval_body at /cache/build/builder-amdci4-0/julialang/julia-master/src/interpreter.c:679
[0Kjl_interpret_toplevel_thunk at /cache/build/builder-amdci4-0/julialang/julia-master/src/interpreter.c:884
[0Ktop-level scope at /workdir/depot/packages/Zygote/55SqB/src/precompile.jl:18
[0Kijl_eval_thunk at /cache/build/builder-amdci4-0/julialang/julia-master/src/toplevel.c:766
[0Kjl_toplevel_eval_flex at /cache/build/builder-amdci4-0/julialang/julia-master/src/toplevel.c:712
[0Kjl_eval_toplevel_stmts at /cache/build/builder-amdci4-0/julialang/julia-master/src/toplevel.c:602
[0Kjl_toplevel_eval_flex at /cache/build/builder-amdci4-0/julialang/julia-master/src/toplevel.c:684
[0Kijl_toplevel_eval at /cache/build/builder-amdci4-0/julialang/julia-master/src/toplevel.c:780
[0Kijl_toplevel_eval_in at /cache/build/builder-amdci4-0/julialang/julia-master/src/toplevel.c:825
[0Keval at ./boot.jl:517
[0Kinclude_string at ./loading.jl:3130
[0K_include at ./loading.jl:3190
[0Kinclude at ./Base.jl:324
[0KIncludeInto at ./Base.jl:325
[0Kjfptr_IncludeInto_1.1 at /root/.julia/juliaup/julia-nightly/lib/julia/sys.so (unknown line)
[0Kjl_apply at /cache/build/builder-amdci4-0/julialang/julia-master/src/julia.h:2295 [inlined]
[0Kdo_call at /cache/build/builder-amdci4-0/julialang/julia-master/src/interpreter.c:123
[0Keval_value at /cache/build/builder-amdci4-0/julialang/julia-master/src/interpreter.c:243
[0Keval_stmt_value at /cache/build/builder-amdci4-0/julialang/julia-master/src/interpreter.c:194 [inlined]
[0Keval_body at /cache/build/builder-amdci4-0/julialang/julia-master/src/interpreter.c:679
[0Keval_body at /cache/build/builder-amdci4-0/julialang/julia-master/src/interpreter.c:558
[0Kjl_interpret_toplevel_thunk at /cache/build/builder-amdci4-0/julialang/julia-master/src/interpreter.c:884
[0Kmacro expansion at /workdir/depot/packages/Zygote/55SqB/src/Zygote.jl:68 [inlined]
[0Kmacro expansion at /workdir/depot/packages/PrecompileTools/gn08A/src/workloads.jl:73 [inlined]
[0Ktop-level scope at /workdir/depot/packages/Zygote/55SqB/src/Zygote.jl:85
[0Kijl_eval_thunk at /cache/build/builder-amdci4-0/julialang/julia-master/src/toplevel.c:766
[0Kjl_toplevel_eval_flex at /cache/build/builder-amdci4-0/julialang/julia-master/src/toplevel.c:712
[0Kjl_eval_toplevel_stmts at /cache/build/builder-amdci4-0/julialang/julia-master/src/toplevel.c:602
[0Kjl_eval_module_expr at /cache/build/builder-amdci4-0/julialang/julia-master/src/toplevel.c:263 [inlined]
[0Kjl_toplevel_eval_flex at /cache/build/builder-amdci4-0/julialang/julia-master/src/toplevel.c:665
[0Kjl_eval_toplevel_stmts at /cache/build/builder-amdci4-0/julialang/julia-master/src/toplevel.c:602
[0Kjl_toplevel_eval_flex at /cache/build/builder-amdci4-0/julialang/julia-master/src/toplevel.c:684
[0Kijl_toplevel_eval at /cache/build/builder-amdci4-0/julialang/julia-master/src/toplevel.c:780
[0Kijl_toplevel_eval_in at /cache/build/builder-amdci4-0/julialang/julia-master/src/toplevel.c:825
[0Keval at ./boot.jl:517
[0Kinclude_string at ./loading.jl:3130
[0K_include at ./loading.jl:3190
[0Kinclude at ./Base.jl:323
[0Kinclude_package_for_output at ./loading.jl:3288
[0Kjfptr_include_package_for_output_1.1 at /root/.julia/juliaup/julia-nightly/lib/julia/sys.so (unknown line)
[0Kjl_apply at /cache/build/builder-amdci4-0/julialang/julia-master/src/julia.h:2295 [inlined]
[0Kdo_call at /cache/build/builder-amdci4-0/julialang/julia-master/src/interpreter.c:123
[0Keval_value at /cache/build/builder-amdci4-0/julialang/julia-master/src/interpreter.c:243
[0Keval_stmt_value at /cache/build/builder-amdci4-0/julialang/julia-master/src/interpreter.c:194 [inlined]
[0Keval_body at /cache/build/builder-amdci4-0/julialang/julia-master/src/interpreter.c:679
[0Kjl_interpret_toplevel_thunk at /cache/build/builder-amdci4-0/julialang/julia-master/src/interpreter.c:884
[0Ktop-level scope at stdin:5
[0Kijl_eval_thunk at /cache/build/builder-amdci4-0/julialang/julia-master/src/toplevel.c:766
[0Kjl_toplevel_eval_flex at /cache/build/builder-amdci4-0/julialang/julia-master/src/toplevel.c:712
[0Kjl_eval_toplevel_stmts at /cache/build/builder-amdci4-0/julialang/julia-master/src/toplevel.c:602
[0Kjl_toplevel_eval_flex at /cache/build/builder-amdci4-0/julialang/julia-master/src/toplevel.c:684
[0Kijl_toplevel_eval at /cache/build/builder-amdci4-0/julialang/julia-master/src/toplevel.c:780
[0Kijl_toplevel_eval_in at /cache/build/builder-amdci4-0/julialang/julia-master/src/toplevel.c:825
[0Keval at ./boot.jl:517
[0Kinclude_string at ./loading.jl:3130
[0Kinclude_string at ./loading.jl:3140 [inlined]
[0Kexec_options at ./client.jl:342
[0K_start at ./client.jl:585
[0Kjfptr__start_0.1 at /root/.julia/juliaup/julia-nightly/lib/julia/sys.so (unknown line)
[0Kjl_apply at /cache/build/builder-amdci4-0/julialang/julia-master/src/julia.h:2295 [inlined]
[0Ktrue_main at /cache/build/builder-amdci4-0/julialang/julia-master/src/jlapi.c:971
[0Kjl_repl_entrypoint at /cache/build/builder-amdci4-0/julialang/julia-master/src/jlapi.c:1138
[0Kmain at /cache/build/builder-amdci4-0/julialang/julia-master/cli/loader_exe.c:58
[0Kunknown function (ip: 0x7b4e234a5249) at /lib/x86_64-linux-gnu/libc.so.6
[0K__libc_start_main at /lib/x86_64-linux-gnu/libc.so.6 (unknown line)
[0Kunknown function (ip: 0x4010b8) at /workspace/srcdir/glibc-2.17/csu/../sysdeps/x86_64/start.S
[0KInternal error: during type inference of
[0K(::Zygote.var"#pullback##0#pullback##1"{Zygote.Pullback{Tuple{Zygote.var"#2206#2207", Array{Int64, 1}, Array{Int64, 1}}, Tuple{Zygote.ZBack{ChainRules.var"#sum_pullback#551"{Base.Colon, Array{Int64, 1}, ChainRulesCore.ProjectTo{AbstractArray{T, N} where N where T, NamedTuple{(:element, :axes), Tuple{ChainRulesCore.ProjectTo{Float64, NamedTuple{(), Tuple{}}}, Tuple{Base.OneTo{Int64}}}}}}}, Zygote.Pullback{Tuple{typeof(Base.Broadcast.materialize), Array{Int64, 1}}, Tuple{}}, Zygote.var"#1681#1682"{Zygote.var"#1679#1680"{Array{Int64, 1}, Array{Int64, 1}}}}}})(Int64)
[0KEncountered unexpected error in runtime:
[0KTypeError(func=:typeassert, context="", expected=Union{Nothing, Array{Any, 1}, Core.SimpleVector}, got=Array{Core.MethodInstance, 1}(dims=(1,), mem=Memory{Core.MethodInstance}(1, 0x7b4e0c17dfa0)[materialize(Array{Int64, 1}) from materialize(Any)]))
[0Kijl_type_error_rt at /cache/build/builder-amdci4-0/julialang/julia-master/src/rtutils.c:121
[0Kijl_type_error at /cache/build/builder-amdci4-0/julialang/julia-master/src/rtutils.c:140
[0Kcompute_edges! at ./../usr/share/julia/Compiler/src/typeinfer.jl:820
[0Kfinishinfer! at ./../usr/share/julia/Compiler/src/typeinfer.jl:668
[0Kfinish_nocycle at ./../usr/share/julia/Compiler/src/typeinfer.jl:275
[0Kjfptr_finish_nocycle_1.1 at /root/.julia/juliaup/julia-nightly/lib/julia/sys.so (unknown line)
[0Ktypeinf at ./../usr/share/julia/Compiler/src/abstractinterpretation.jl:4594
[0Ktypeinf_ext at ./../usr/share/julia/Compiler/src/typeinfer.jl:1532
[0Ktypeinf_ext_toplevel at ./../usr/share/julia/Compiler/src/typeinfer.jl:1715 [inlined]
[0Ktypeinf_ext_toplevel at ./../usr/share/julia/Compiler/src/typeinfer.jl:1724
[0Kjfptr_typeinf_ext_toplevel_2.1 at /root/.julia/juliaup/julia-nightly/lib/julia/sys.so (unknown line)
[0Kjl_apply at /cache/build/builder-amdci4-0/julialang/julia-master/src/julia.h:2295 [inlined]
[0Kjl_type_infer at /cache/build/builder-amdci4-0/julialang/julia-master/src/gf.c:467
[0Kjl_compile_method_internal at /cache/build/builder-amdci4-0/julialang/julia-master/src/gf.c:3643
[0K_jl_invoke at /cache/build/builder-amdci4-0/julialang/julia-master/src/gf.c:4108 [inlined]
[0Kijl_apply_generic at /cache/build/builder-amdci4-0/julialang/julia-master/src/gf.c:4342
[0Kgradient at /workdir/depot/packages/Zygote/55SqB/src/compiler/interface.jl:154
[0Kjl_apply at /cache/build/builder-amdci4-0/julialang/julia-master/src/julia.h:2295 [inlined]
[0Kdo_call at /cache/build/builder-amdci4-0/julialang/julia-master/src/interpreter.c:123
[0Keval_value at /cache/build/builder-amdci4-0/julialang/julia-master/src/interpreter.c:243
[0Keval_stmt_value at /cache/build/builder-amdci4-0/julialang/julia-master/src/interpreter.c:194 [inlined]
[0Keval_body at /cache/build/builder-amdci4-0/julialang/julia-master/src/interpreter.c:679
[0Kjl_interpret_toplevel_thunk at /cache/build/builder-amdci4-0/julialang/julia-master/src/interpreter.c:884
[0Ktop-level scope at /workdir/depot/packages/Zygote/55SqB/src/precompile.jl:18
[0Kijl_eval_thunk at /cache/build/builder-amdci4-0/julialang/julia-master/src/toplevel.c:766
[0Kjl_toplevel_eval_flex at /cache/build/builder-amdci4-0/julialang/julia-master/src/toplevel.c:712
[0Kjl_eval_toplevel_stmts at /cache/build/builder-amdci4-0/julialang/julia-master/src/toplevel.c:602
[0Kjl_toplevel_eval_flex at /cache/build/builder-amdci4-0/julialang/julia-master/src/toplevel.c:684
[0Kijl_toplevel_eval at /cache/build/builder-amdci4-0/julialang/julia-master/src/toplevel.c:780
[0Kijl_toplevel_eval_in at /cache/build/builder-amdci4-0/julialang/julia-master/src/toplevel.c:825
[0Keval at ./boot.jl:517
[0Kinclude_string at ./loading.jl:3130
[0K_include at ./loading.jl:3190
[0Kinclude at ./Base.jl:324
[0KIncludeInto at ./Base.jl:325
[0Kjfptr_IncludeInto_1.1 at /root/.julia/juliaup/julia-nightly/lib/julia/sys.so (unknown line)
[0Kjl_apply at /cache/build/builder-amdci4-0/julialang/julia-master/src/julia.h:2295 [inlined]
[0Kdo_call at /cache/build/builder-amdci4-0/julialang/julia-master/src/interpreter.c:123
[0Keval_value at /cache/build/builder-amdci4-0/julialang/julia-master/src/interpreter.c:243
[0Keval_stmt_value at /cache/build/builder-amdci4-0/julialang/julia-master/src/interpreter.c:194 [inlined]
[0Keval_body at /cache/build/builder-amdci4-0/julialang/julia-master/src/interpreter.c:679
[0Keval_body at /cache/build/builder-amdci4-0/julialang/julia-master/src/interpreter.c:558
[0Kjl_interpret_toplevel_thunk at /cache/build/builder-amdci4-0/julialang/julia-master/src/interpreter.c:884
[0Kmacro expansion at /workdir/depot/packages/Zygote/55SqB/src/Zygote.jl:68 [inlined]
[0Kmacro expansion at /workdir/depot/packages/PrecompileTools/gn08A/src/workloads.jl:73 [inlined]
[0Ktop-level scope at /workdir/depot/packages/Zygote/55SqB/src/Zygote.jl:85
[0Kijl_eval_thunk at /cache/build/builder-amdci4-0/julialang/julia-master/src/toplevel.c:766
[0Kjl_toplevel_eval_flex at /cache/build/builder-amdci4-0/julialang/julia-master/src/toplevel.c:712
[0Kjl_eval_toplevel_stmts at /cache/build/builder-amdci4-0/julialang/julia-master/src/toplevel.c:602
[0Kjl_eval_module_expr at /cache/build/builder-amdci4-0/julialang/julia-master/src/toplevel.c:263 [inlined]
[0Kjl_toplevel_eval_flex at /cache/build/builder-amdci4-0/julialang/julia-master/src/toplevel.c:665
[0Kjl_eval_toplevel_stmts at /cache/build/builder-amdci4-0/julialang/julia-master/src/toplevel.c:602
[0Kjl_toplevel_eval_flex at /cache/build/builder-amdci4-0/julialang/julia-master/src/toplevel.c:684
[0Kijl_toplevel_eval at /cache/build/builder-amdci4-0/julialang/julia-master/src/toplevel.c:780
[0Kijl_toplevel_eval_in at /cache/build/builder-amdci4-0/julialang/julia-master/src/toplevel.c:825
[0Keval at ./boot.jl:517
[0Kinclude_string at ./loading.jl:3130
[0K_include at ./loading.jl:3190
[0Kinclude at ./Base.jl:323
[0Kinclude_package_for_output at ./loading.jl:3288
[0Kjfptr_include_package_for_output_1.1 at /root/.julia/juliaup/julia-nightly/lib/julia/sys.so (unknown line)
[0Kjl_apply at /cache/build/builder-amdci4-0/julialang/julia-master/src/julia.h:2295 [inlined]
[0Kdo_call at /cache/build/builder-amdci4-0/julialang/julia-master/src/interpreter.c:123
[0Keval_value at /cache/build/builder-amdci4-0/julialang/julia-master/src/interpreter.c:243
[0Keval_stmt_value at /cache/build/builder-amdci4-0/julialang/julia-master/src/interpreter.c:194 [inlined]
[0Keval_body at /cache/build/builder-amdci4-0/julialang/julia-master/src/interpreter.c:679
[0Kjl_interpret_toplevel_thunk at /cache/build/builder-amdci4-0/julialang/julia-master/src/interpreter.c:884
[0Ktop-level scope at stdin:5
[0Kijl_eval_thunk at /cache/build/builder-amdci4-0/julialang/julia-master/src/toplevel.c:766
[0Kjl_toplevel_eval_flex at /cache/build/builder-amdci4-0/julialang/julia-master/src/toplevel.c:712
[0Kjl_eval_toplevel_stmts at /cache/build/builder-amdci4-0/julialang/julia-master/src/toplevel.c:602
[0Kjl_toplevel_eval_flex at /cache/build/builder-amdci4-0/julialang/julia-master/src/toplevel.c:684
[0Kijl_toplevel_eval at /cache/build/builder-amdci4-0/julialang/julia-master/src/toplevel.c:780
[0Kijl_toplevel_eval_in at /cache/build/builder-amdci4-0/julialang/julia-master/src/toplevel.c:825
[0Keval at ./boot.jl:517
[0Kinclude_string at ./loading.jl:3130
[0Kinclude_string at ./loading.jl:3140 [inlined]
[0Kexec_options at ./client.jl:342
[0K_start at ./client.jl:585
[0Kjfptr__start_0.1 at /root/.julia/juliaup/julia-nightly/lib/julia/sys.so (unknown line)
[0Kjl_apply at /cache/build/builder-amdci4-0/julialang/julia-master/src/julia.h:2295 [inlined]
[0Ktrue_main at /cache/build/builder-amdci4-0/julialang/julia-master/src/jlapi.c:971
[0Kjl_repl_entrypoint at /cache/build/builder-amdci4-0/julialang/julia-master/src/jlapi.c:1138
[0Kmain at /cache/build/builder-amdci4-0/julialang/julia-master/cli/loader_exe.c:58
[0Kunknown function (ip: 0x7b4e234a5249) at /lib/x86_64-linux-gnu/libc.so.6
[0K__libc_start_main at /lib/x86_64-linux-gnu/libc.so.6 (unknown line)
[0Kunknown function (ip: 0x4010b8) at /workspace/srcdir/glibc-2.17/csu/../sysdeps/x86_64/start.S
[0KInternal error: during type inference of
[0K_pullback(Zygote.Context{false}, Zygote.var"#2209#2210", Array{Float64, 1})
[0KEncountered unexpected error in runtime:
[0KTypeError(func=:typeassert, context="", expected=Union{Nothing, Array{Any, 1}, Core.SimpleVector}, got=Array{Core.MethodInstance, 1}(dims=(1,), mem=Memory{Core.MethodInstance}(1, 0x7b4dfb010080)[materialize(Array{Float32, 1}) from materialize(Any)]))
[0Kijl_type_error_rt at /cache/build/builder-amdci4-0/julialang/julia-master/src/rtutils.c:121
[0Kijl_type_error at /cache/build/builder-amdci4-0/julialang/julia-master/src/rtutils.c:140
[0Kcompute_edges! at ./../usr/share/julia/Compiler/src/typeinfer.jl:820
[0Kfinishinfer! at ./../usr/share/julia/Compiler/src/typeinfer.jl:668
[0Kfinish_nocycle at ./../usr/share/julia/Compiler/src/typeinfer.jl:275
[0Kjfptr_finish_nocycle_1.1 at /root/.julia/juliaup/julia-nightly/lib/julia/sys.so (unknown line)
[0Ktypeinf at ./../usr/share/julia/Compiler/src/abstractinterpretation.jl:4594
[0Ktypeinf_ext at ./../usr/share/julia/Compiler/src/typeinfer.jl:1532
[0Ktypeinf_ext_toplevel at ./../usr/share/julia/Compiler/src/typeinfer.jl:1715 [inlined]
[0Ktypeinf_ext_toplevel at ./../usr/share/julia/Compiler/src/typeinfer.jl:1724
[0Kjfptr_typeinf_ext_toplevel_2.1 at /root/.julia/juliaup/julia-nightly/lib/julia/sys.so (unknown line)
[0Kjl_apply at /cache/build/builder-amdci4-0/julialang/julia-master/src/julia.h:2295 [inlined]
[0Kjl_type_infer at /cache/build/builder-amdci4-0/julialang/julia-master/src/gf.c:467
[0Kjl_compile_method_internal at /cache/build/builder-amdci4-0/julialang/julia-master/src/gf.c:3643
[0K_jl_invoke at /cache/build/builder-amdci4-0/julialang/julia-master/src/gf.c:4108 [inlined]
[0Kijl_apply_generic at /cache/build/builder-amdci4-0/julialang/julia-master/src/gf.c:4342
[0Kpullback at /workdir/depot/packages/Zygote/55SqB/src/compiler/interface.jl:96
[0Kpullback at /workdir/depot/packages/Zygote/55SqB/src/compiler/interface.jl:94 [inlined]
[0Kgradient at /workdir/depot/packages/Zygote/55SqB/src/compiler/interface.jl:153
[0Kunknown function (ip: 0x7b4df37c61f8) at (unknown file)
[0Kjl_apply at /cache/build/builder-amdci4-0/julialang/julia-master/src/julia.h:2295 [inlined]
[0Kdo_call at /cache/build/builder-amdci4-0/julialang/julia-master/src/interpreter.c:123
[0Keval_value at /cache/build/builder-amdci4-0/julialang/julia-master/src/interpreter.c:243
[0Keval_stmt_value at /cache/build/builder-amdci4-0/julialang/julia-master/src/interpreter.c:194 [inlined]
[0Keval_body at /cache/build/builder-amdci4-0/julialang/julia-master/src/interpreter.c:679
[0Kjl_interpret_toplevel_thunk at /cache/build/builder-amdci4-0/julialang/julia-master/src/interpreter.c:884
[0Ktop-level scope at /workdir/depot/packages/Zygote/55SqB/src/precompile.jl:20
[0Kijl_eval_thunk at /cache/build/builder-amdci4-0/julialang/julia-master/src/toplevel.c:766
[0Kjl_toplevel_eval_flex at /cache/build/builder-amdci4-0/julialang/julia-master/src/toplevel.c:712
[0Kjl_eval_toplevel_stmts at /cache/build/builder-amdci4-0/julialang/julia-master/src/toplevel.c:602
[0Kjl_toplevel_eval_flex at /cache/build/builder-amdci4-0/julialang/julia-master/src/toplevel.c:684
[0Kijl_toplevel_eval at /cache/build/builder-amdci4-0/julialang/julia-master/src/toplevel.c:780
[0Kijl_toplevel_eval_in at /cache/build/builder-amdci4-0/julialang/julia-master/src/toplevel.c:825
[0Keval at ./boot.jl:517
[0Kinclude_string at ./loading.jl:3130
[0K_include at ./loading.jl:3190
[0Kinclude at ./Base.jl:324
[0KIncludeInto at ./Base.jl:325
[0Kjfptr_IncludeInto_1.1 at /root/.julia/juliaup/julia-nightly/lib/julia/sys.so (unknown line)
[0Kjl_apply at /cache/build/builder-amdci4-0/julialang/julia-master/src/julia.h:2295 [inlined]
[0Kdo_call at /cache/build/builder-amdci4-0/julialang/julia-master/src/interpreter.c:123
[0Keval_value at /cache/build/builder-amdci4-0/julialang/julia-master/src/interpreter.c:243
[0Keval_stmt_value at /cache/build/builder-amdci4-0/julialang/julia-master/src/interpreter.c:194 [inlined]
[0Keval_body at /cache/build/builder-amdci4-0/julialang/julia-master/src/interpreter.c:679
[0Keval_body at /cache/build/builder-amdci4-0/julialang/julia-master/src/interpreter.c:558
[0Kjl_interpret_toplevel_thunk at /cache/build/builder-amdci4-0/julialang/julia-master/src/interpreter.c:884
[0Kmacro expansion at /workdir/depot/packages/Zygote/55SqB/src/Zygote.jl:68 [inlined]
[0Kmacro expansion at /workdir/depot/packages/PrecompileTools/gn08A/src/workloads.jl:73 [inlined]
[0Ktop-level scope at /workdir/depot/packages/Zygote/55SqB/src/Zygote.jl:85
[0Kijl_eval_thunk at /cache/build/builder-amdci4-0/julialang/julia-master/src/toplevel.c:766
[0Kjl_toplevel_eval_flex at /cache/build/builder-amdci4-0/julialang/julia-master/src/toplevel.c:712
[0Kjl_eval_toplevel_stmts at /cache/build/builder-amdci4-0/julialang/julia-master/src/toplevel.c:602
[0Kjl_eval_module_expr at /cache/build/builder-amdci4-0/julialang/julia-master/src/toplevel.c:263 [inlined]
[0Kjl_toplevel_eval_flex at /cache/build/builder-amdci4-0/julialang/julia-master/src/toplevel.c:665
[0Kjl_eval_toplevel_stmts at /cache/build/builder-amdci4-0/julialang/julia-master/src/toplevel.c:602
[0Kjl_toplevel_eval_flex at /cache/build/builder-amdci4-0/julialang/julia-master/src/toplevel.c:684
[0Kijl_toplevel_eval at /cache/build/builder-amdci4-0/julialang/julia-master/src/toplevel.c:780
[0Kijl_toplevel_eval_in at /cache/build/builder-amdci4-0/julialang/julia-master/src/toplevel.c:825
[0Keval at ./boot.jl:517
[0Kinclude_string at ./loading.jl:3130
[0K_include at ./loading.jl:3190
[0Kinclude at ./Base.jl:323
[0Kinclude_package_for_output at ./loading.jl:3288
[0Kjfptr_include_package_for_output_1.1 at /root/.julia/juliaup/julia-nightly/lib/julia/sys.so (unknown line)
[0Kjl_apply at /cache/build/builder-amdci4-0/julialang/julia-master/src/julia.h:2295 [inlined]
[0Kdo_call at /cache/build/builder-amdci4-0/julialang/julia-master/src/interpreter.c:123
[0Keval_value at /cache/build/builder-amdci4-0/julialang/julia-master/src/interpreter.c:243
[0Keval_stmt_value at /cache/build/builder-amdci4-0/julialang/julia-master/src/interpreter.c:194 [inlined]
[0Keval_body at /cache/build/builder-amdci4-0/julialang/julia-master/src/interpreter.c:679
[0Kjl_interpret_toplevel_thunk at /cache/build/builder-amdci4-0/julialang/julia-master/src/interpreter.c:884
[0Ktop-level scope at stdin:5
[0Kijl_eval_thunk at /cache/build/builder-amdci4-0/julialang/julia-master/src/toplevel.c:766
[0Kjl_toplevel_eval_flex at /cache/build/builder-amdci4-0/julialang/julia-master/src/toplevel.c:712
[0Kjl_eval_toplevel_stmts at /cache/build/builder-amdci4-0/julialang/julia-master/src/toplevel.c:602
[0Kjl_toplevel_eval_flex at /cache/build/builder-amdci4-0/julialang/julia-master/src/toplevel.c:684
[0Kijl_toplevel_eval at /cache/build/builder-amdci4-0/julialang/julia-master/src/toplevel.c:780
[0Kijl_toplevel_eval_in at /cache/build/builder-amdci4-0/julialang/julia-master/src/toplevel.c:825
[0Keval at ./boot.jl:517
[0Kinclude_string at ./loading.jl:3130
[0Kinclude_string at ./loading.jl:3140 [inlined]
[0Kexec_options at ./client.jl:342
[0K_start at ./client.jl:585
[0Kjfptr__start_0.1 at /root/.julia/juliaup/julia-nightly/lib/julia/sys.so (unknown line)
[0Kjl_apply at /cache/build/builder-amdci4-0/julialang/julia-master/src/julia.h:2295 [inlined]
[0Ktrue_main at /cache/build/builder-amdci4-0/julialang/julia-master/src/jlapi.c:971
[0Kjl_repl_entrypoint at /cache/build/builder-amdci4-0/julialang/julia-master/src/jlapi.c:1138
[0Kmain at /cache/build/builder-amdci4-0/julialang/julia-master/cli/loader_exe.c:58
[0Kunknown function (ip: 0x7b4e234a5249) at /lib/x86_64-linux-gnu/libc.so.6
[0K__libc_start_main at /lib/x86_64-linux-gnu/libc.so.6 (unknown line)
[0Kunknown function (ip: 0x4010b8) at /workspace/srcdir/glibc-2.17/csu/../sysdeps/x86_64/start.S
[0KInternal error: during type inference of
[0K(::Zygote.var"#pullback##0#pullback##1"{Zygote.Pullback{Tuple{Zygote.var"#2209#2210", Array{Float64, 1}}, Tuple{Zygote.ZBack{ChainRules.var"#sum_pullback#551"{Base.Colon, Array{Float32, 1}, ChainRulesCore.ProjectTo{AbstractArray{T, N} where N where T, NamedTuple{(:element, :axes), Tuple{ChainRulesCore.ProjectTo{Float32, NamedTuple{(), Tuple{}}}, Tuple{Base.OneTo{Int64}}}}}}}, Zygote.Pullback{Tuple{typeof(Base.Broadcast.materialize), Array{Float32, 1}}, Tuple{}}, Zygote.var"#1912#1913"{Zygote.var"#1910#1911"{Array{Float64, 1}}}}}})(Float32)
[0KEncountered unexpected error in runtime:
[0KTypeError(func=:typeassert, context="", expected=Union{Nothing, Array{Any, 1}, Core.SimpleVector}, got=Array{Core.MethodInstance, 1}(dims=(1,), mem=Memory{Core.MethodInstance}(1, 0x7b4dfa271c00)[materialize(Array{Float32, 1}) from materialize(Any)]))
[0Kijl_type_error_rt at /cache/build/builder-amdci4-0/julialang/julia-master/src/rtutils.c:121
[0Kijl_type_error at /cache/build/builder-amdci4-0/julialang/julia-master/src/rtutils.c:140
[0Kcompute_edges! at ./../usr/share/julia/Compiler/src/typeinfer.jl:820
[0Kfinishinfer! at ./../usr/share/julia/Compiler/src/typeinfer.jl:668
[0Kfinish_nocycle at ./../usr/share/julia/Compiler/src/typeinfer.jl:275
[0Kjfptr_finish_nocycle_1.1 at /root/.julia/juliaup/julia-nightly/lib/julia/sys.so (unknown line)
[0Ktypeinf at ./../usr/share/julia/Compiler/src/abstractinterpretation.jl:4594
[0Ktypeinf_ext at ./../usr/share/julia/Compiler/src/typeinfer.jl:1532
[0Ktypeinf_ext_toplevel at ./../usr/share/julia/Compiler/src/typeinfer.jl:1715 [inlined]
[0Ktypeinf_ext_toplevel at ./../usr/share/julia/Compiler/src/typeinfer.jl:1724
[0Kjfptr_typeinf_ext_toplevel_2.1 at /root/.julia/juliaup/julia-nightly/lib/julia/sys.so (unknown line)
[0Kjl_apply at /cache/build/builder-amdci4-0/julialang/julia-master/src/julia.h:2295 [inlined]
[0Kjl_type_infer at /cache/build/builder-amdci4-0/julialang/julia-master/src/gf.c:467
[0Kjl_compile_method_internal at /cache/build/builder-amdci4-0/julialang/julia-master/src/gf.c:3643
[0K_jl_invoke at /cache/build/builder-amdci4-0/julialang/julia-master/src/gf.c:4108 [inlined]
[0Kijl_apply_generic at /cache/build/builder-amdci4-0/julialang/julia-master/src/gf.c:4342
[0Kgradient at /workdir/depot/packages/Zygote/55SqB/src/compiler/interface.jl:154
[0Kunknown function (ip: 0x7b4df37c61f8) at (unknown file)
[0Kjl_apply at /cache/build/builder-amdci4-0/julialang/julia-master/src/julia.h:2295 [inlined]
[0Kdo_call at /cache/build/builder-amdci4-0/julialang/julia-master/src/interpreter.c:123
[0Keval_value at /cache/build/builder-amdci4-0/julialang/julia-master/src/interpreter.c:243
[0Keval_stmt_value at /cache/build/builder-amdci4-0/julialang/julia-master/src/interpreter.c:194 [inlined]
[0Keval_body at /cache/build/builder-amdci4-0/julialang/julia-master/src/interpreter.c:679
[0Kjl_interpret_toplevel_thunk at /cache/build/builder-amdci4-0/julialang/julia-master/src/interpreter.c:884
[0Ktop-level scope at /workdir/depot/packages/Zygote/55SqB/src/precompile.jl:20
[0Kijl_eval_thunk at /cache/build/builder-amdci4-0/julialang/julia-master/src/toplevel.c:766
[0Kjl_toplevel_eval_flex at /cache/build/builder-amdci4-0/julialang/julia-master/src/toplevel.c:712
[0Kjl_eval_toplevel_stmts at /cache/build/builder-amdci4-0/julialang/julia-master/src/toplevel.c:602
[0Kjl_toplevel_eval_flex at /cache/build/builder-amdci4-0/julialang/julia-master/src/toplevel.c:684
[0Kijl_toplevel_eval at /cache/build/builder-amdci4-0/julialang/julia-master/src/toplevel.c:780
[0Kijl_toplevel_eval_in at /cache/build/builder-amdci4-0/julialang/julia-master/src/toplevel.c:825
[0Keval at ./boot.jl:517
[0Kinclude_string at ./loading.jl:3130
[0K_include at ./loading.jl:3190
[0Kinclude at ./Base.jl:324
[0KIncludeInto at ./Base.jl:325
[0Kjfptr_IncludeInto_1.1 at /root/.julia/juliaup/julia-nightly/lib/julia/sys.so (unknown line)
[0Kjl_apply at /cache/build/builder-amdci4-0/julialang/julia-master/src/julia.h:2295 [inlined]
[0Kdo_call at /cache/build/builder-amdci4-0/julialang/julia-master/src/interpreter.c:123
[0Keval_value at /cache/build/builder-amdci4-0/julialang/julia-master/src/interpreter.c:243
[0Keval_stmt_value at /cache/build/builder-amdci4-0/julialang/julia-master/src/interpreter.c:194 [inlined]
[0Keval_body at /cache/build/builder-amdci4-0/julialang/julia-master/src/interpreter.c:679
[0Keval_body at /cache/build/builder-amdci4-0/julialang/julia-master/src/interpreter.c:558
[0Kjl_interpret_toplevel_thunk at /cache/build/builder-amdci4-0/julialang/julia-master/src/interpreter.c:884
[0Kmacro expansion at /workdir/depot/packages/Zygote/55SqB/src/Zygote.jl:68 [inlined]
[0Kmacro expansion at /workdir/depot/packages/PrecompileTools/gn08A/src/workloads.jl:73 [inlined]
[0Ktop-level scope at /workdir/depot/packages/Zygote/55SqB/src/Zygote.jl:85
[0Kijl_eval_thunk at /cache/build/builder-amdci4-0/julialang/julia-master/src/toplevel.c:766
[0Kjl_toplevel_eval_flex at /cache/build/builder-amdci4-0/julialang/julia-master/src/toplevel.c:712
[0Kjl_eval_toplevel_stmts at /cache/build/builder-amdci4-0/julialang/julia-master/src/toplevel.c:602
[0Kjl_eval_module_expr at /cache/build/builder-amdci4-0/julialang/julia-master/src/toplevel.c:263 [inlined]
[0Kjl_toplevel_eval_flex at /cache/build/builder-amdci4-0/julialang/julia-master/src/toplevel.c:665
[0Kjl_eval_toplevel_stmts at /cache/build/builder-amdci4-0/julialang/julia-master/src/toplevel.c:602
[0Kjl_toplevel_eval_flex at /cache/build/builder-amdci4-0/julialang/julia-master/src/toplevel.c:684
[0Kijl_toplevel_eval at /cache/build/builder-amdci4-0/julialang/julia-master/src/toplevel.c:780
[0Kijl_toplevel_eval_in at /cache/build/builder-amdci4-0/julialang/julia-master/src/toplevel.c:825
[0Keval at ./boot.jl:517
[0Kinclude_string at ./loading.jl:3130
[0K_include at ./loading.jl:3190
[0Kinclude at ./Base.jl:323
[0Kinclude_package_for_output at ./loading.jl:3288
[0Kjfptr_include_package_for_output_1.1 at /root/.julia/juliaup/julia-nightly/lib/julia/sys.so (unknown line)
[0Kjl_apply at /cache/build/builder-amdci4-0/julialang/julia-master/src/julia.h:2295 [inlined]
[0Kdo_call at /cache/build/builder-amdci4-0/julialang/julia-master/src/interpreter.c:123
[0Keval_value at /cache/build/builder-amdci4-0/julialang/julia-master/src/interpreter.c:243
[0Keval_stmt_value at /cache/build/builder-amdci4-0/julialang/julia-master/src/interpreter.c:194 [inlined]
[0Keval_body at /cache/build/builder-amdci4-0/julialang/julia-master/src/interpreter.c:679
[0Kjl_interpret_toplevel_thunk at /cache/build/builder-amdci4-0/julialang/julia-master/src/interpreter.c:884
[0Ktop-level scope at stdin:5
[0Kijl_eval_thunk at /cache/build/builder-amdci4-0/julialang/julia-master/src/toplevel.c:766
[0Kjl_toplevel_eval_flex at /cache/build/builder-amdci4-0/julialang/julia-master/src/toplevel.c:712
[0Kjl_eval_toplevel_stmts at /cache/build/builder-amdci4-0/julialang/julia-master/src/toplevel.c:602
[0Kjl_toplevel_eval_flex at /cache/build/builder-amdci4-0/julialang/julia-master/src/toplevel.c:684
[0Kijl_toplevel_eval at /cache/build/builder-amdci4-0/julialang/julia-master/src/toplevel.c:780
[0Kijl_toplevel_eval_in at /cache/build/builder-amdci4-0/julialang/julia-master/src/toplevel.c:825
[0Keval at ./boot.jl:517
[0Kinclude_string at ./loading.jl:3130
[0Kinclude_string at ./loading.jl:3140 [inlined]
[0Kexec_options at ./client.jl:342
[0K_start at ./client.jl:585
[0Kjfptr__start_0.1 at /root/.julia/juliaup/julia-nightly/lib/julia/sys.so (unknown line)
[0Kjl_apply at /cache/build/builder-amdci4-0/julialang/julia-master/src/julia.h:2295 [inlined]
[0Ktrue_main at /cache/build/builder-amdci4-0/julialang/julia-master/src/jlapi.c:971
[0Kjl_repl_entrypoint at /cache/build/builder-amdci4-0/julialang/julia-master/src/jlapi.c:1138
[0Kmain at /cache/build/builder-amdci4-0/julialang/julia-master/cli/loader_exe.c:58
[0Kunknown function (ip: 0x7b4e234a5249) at /lib/x86_64-linux-gnu/libc.so.6
[0K__libc_start_main at /lib/x86_64-linux-gnu/libc.so.6 (unknown line)
[0Kunknown function (ip: 0x4010b8) at /workspace/srcdir/glibc-2.17/csu/../sysdeps/x86_64/start.S
[0Kfatal: error thrown and no exception handler available.
[0KTypeError(func=:typeassert, context="", expected=Union{Nothing, Array{Any, 1}, Core.SimpleVector}, got=Array{Core.MethodInstance, 1}(dims=(1,), mem=Memory{Core.MethodInstance}(1, 0x7b4dfa1f01a0)[materialize(Array{Float32, 1}) from materialize(Any)]))
[0Kijl_type_error_rt at /cache/build/builder-amdci4-0/julialang/julia-master/src/rtutils.c:121
[0Kijl_type_error at /cache/build/builder-amdci4-0/julialang/julia-master/src/rtutils.c:140
[0Kcompute_edges! at ./../usr/share/julia/Compiler/src/typeinfer.jl:820
[0Kfinishinfer! at ./../usr/share/julia/Compiler/src/typeinfer.jl:668
[0Kfinish_nocycle at ./../usr/share/julia/Compiler/src/typeinfer.jl:275
[0Kjfptr_finish_nocycle_1.1 at /root/.julia/juliaup/julia-nightly/lib/julia/sys.so (unknown line)
[0Ktypeinf at ./../usr/share/julia/Compiler/src/abstractinterpretation.jl:4594
[0Ktypeinf_ext at ./../usr/share/julia/Compiler/src/typeinfer.jl:1532
[0Kjfptr_typeinf_ext_1.1 at /root/.julia/juliaup/julia-nightly/lib/julia/sys.so (unknown line)
[0K#compile!#175 at ./../usr/share/julia/Compiler/src/typeinfer.jl:1742
[0Kcompile! at ./../usr/share/julia/Compiler/src/typeinfer.jl:1727 [inlined]
[0Ktypeinf_ext_toplevel at ./../usr/share/julia/Compiler/src/typeinfer.jl:1827
[0Kcompile_and_emit_native at ./../usr/share/julia/Compiler/src/precompile.jl:415
[0Kjfptr_compile_and_emit_native_3.1 at /root/.julia/juliaup/julia-nightly/lib/julia/sys.so (unknown line)
[0Kjl_apply at /cache/build/builder-amdci4-0/julialang/julia-master/src/julia.h:2295 [inlined]
[0Kjl_create_native_impl at /cache/build/builder-amdci4-0/julialang/julia-master/src/aotcompile.cpp:573
[0Kijl_create_system_image at /cache/build/builder-amdci4-0/julialang/julia-master/src/staticdata.c:3364
[0Kijl_write_compiler_output at /cache/build/builder-amdci4-0/julialang/julia-master/src/precompile.c:140
[0Kijl_atexit_hook at /cache/build/builder-amdci4-0/julialang/julia-master/src/init.c:280
[0Kjl_repl_entrypoint at /cache/build/builder-amdci4-0/julialang/julia-master/src/jlapi.c:1139
[0Kmain at /cache/build/builder-amdci4-0/julialang/julia-master/cli/loader_exe.c:58
[0Kunknown function (ip: 0x7b4e234a5249) at /lib/x86_64-linux-gnu/libc.so.6
[0K__libc_start_main at /lib/x86_64-linux-gnu/libc.so.6 (unknown line)
[0Kunknown function (ip: 0x4010b8) at /workspace/srcdir/glibc-2.17/csu/../sysdeps/x86_64/start.S
              ✗ Zygote
[0KERROR: LoadError: Precompiled image Base.PkgId(Base.UUID("e88e6eb3-aa80-5325-afca-941959d7151f"), "Zygote") not available with flags CacheFlags(; use_pkgimages=true, debug_level=1, check_bounds=0, inline=true, opt_level=2)
[0KStacktrace:
[0K  [1] error(s::String)
[0K    @ Base ./error.jl:56
[0K  [2] __require_prelocked(pkg::Base.PkgId, env::String)
[0K    @ Base ./loading.jl:2840
[0K  [3] _require_prelocked(uuidkey::Base.PkgId, env::String)
[0K    @ Base ./loading.jl:2694
[0K  [4] macro expansion
[0K    @ ./loading.jl:2621 [inlined]
[0K  [5] macro expansion
[0K    @ ./lock.jl:376 [inlined]
[0K  [6] __require(into::Module, mod::Symbol)
[0K    @ Base ./loading.jl:2585
[0K  [7] require
[0K    @ ./loading.jl:2561 [inlined]
[0K  [8] eval_import_path
[0K    @ ./module.jl:36 [inlined]
[0K  [9] eval_import_path_all(at::Module, path::Expr, keyword::String)
[0K    @ Base ./module.jl:60
[0K [10] _eval_import(::Bool, ::Module, ::Expr, ::Expr, ::Vararg{Expr})
[0K    @ Base ./module.jl:101
[0K [11] top-level scope
[0K    @ /workdir/depot/packages/MLDataDevices/4qHOT/ext/ZygoteExt.jl:5
[0K [12] include(mod::Module, _path::String)
[0K    @ Base ./Base.jl:323
[0K [13] include_package_for_output(pkg::Base.PkgId, input::String, syntax_version::VersionNumber, depot_path::Vector{String}, dl_load_path::Vector{String}, load_path::Vector{String}, concrete_deps::Vector{Pair{Base.PkgId, UInt128}}, source::Nothing)
[0K    @ Base ./loading.jl:3288
[0K [14] top-level scope
[0K    @ stdin:5
[0K [15] eval(m::Module, e::Any)
[0K    @ Core ./boot.jl:517
[0K [16] include_string(mapexpr::typeof(identity), mod::Module, code::String, filename::String)
[0K    @ Base ./loading.jl:3130
[0K [17] include_string
[0K    @ ./loading.jl:3140 [inlined]
[0K [18] exec_options(opts::Base.JLOptions)
[0K    @ Base ./client.jl:342
[0K [19] _start()
[0K    @ Base ./client.jl:585
[0Kin expression starting at /workdir/depot/packages/MLDataDevices/4qHOT/ext/ZygoteExt.jl:1
[0Kin expression starting at stdin:5
              ✗ MLDataDevices → ZygoteExt
[0KERROR: LoadError: Precompiled image Base.PkgId(Base.UUID("e88e6eb3-aa80-5325-afca-941959d7151f"), "Zygote") not available with flags CacheFlags(; use_pkgimages=true, debug_level=1, check_bounds=0, inline=true, opt_level=2)
[0KStacktrace:
[0K  [1] error(s::String)
[0K    @ Base ./error.jl:56
[0K  [2] __require_prelocked(pkg::Base.PkgId, env::String)
[0K    @ Base ./loading.jl:2840
[0K  [3] _require_prelocked(uuidkey::Base.PkgId, env::String)
[0K    @ Base ./loading.jl:2694
[0K  [4] macro expansion
[0K    @ ./loading.jl:2621 [inlined]
[0K  [5] macro expansion
[0K    @ ./lock.jl:376 [inlined]
[0K  [6] __require(into::Module, mod::Symbol)
[0K    @ Base ./loading.jl:2585
[0K  [7] require
[0K    @ ./loading.jl:2561 [inlined]
[0K  [8] eval_import_path
[0K    @ ./module.jl:36 [inlined]
[0K  [9] eval_import_path_all(at::Module, path::Expr, keyword::String)
[0K    @ Base ./module.jl:60
[0K [10] _eval_using
[0K    @ ./module.jl:137 [inlined]
[0K [11] _eval_using(to::Module, path::Expr)
[0K    @ Base ./module.jl:137
[0K [12] top-level scope
[0K    @ /workdir/depot/packages/Flux/DZYiO/src/Flux.jl:23
[0K [13] include(mod::Module, _path::String)
[0K    @ Base ./Base.jl:323
[0K [14] include_package_for_output(pkg::Base.PkgId, input::String, syntax_version::VersionNumber, depot_path::Vector{String}, dl_load_path::Vector{String}, load_path::Vector{String}, concrete_deps::Vector{Pair{Base.PkgId, UInt128}}, source::Nothing)
[0K    @ Base ./loading.jl:3288
[0K [15] top-level scope
[0K    @ stdin:5
[0K [16] eval(m::Module, e::Any)
[0K    @ Core ./boot.jl:517
[0K [17] include_string(mapexpr::typeof(identity), mod::Module, code::String, filename::String)
[0K    @ Base ./loading.jl:3130
[0K [18] include_string
[0K    @ ./loading.jl:3140 [inlined]
[0K [19] exec_options(opts::Base.JLOptions)
[0K    @ Base ./client.jl:342
[0K [20] _start()
[0K    @ Base ./client.jl:585
[0Kin expression starting at /workdir/depot/packages/Flux/DZYiO/src/Flux.jl:1
[0Kin expression starting at stdin:5
              ✗ Flux
  148 dependencies successfully precompiled in 53 seconds. 9 already precompiled.
	Command being timed: "nice -n -10 timeout -k120 -v 3600 julia +nightly --project=F/Flux/Basic-Model-Gradient -e using Pkg; @time @eval Pkg.precompile()"
	User time (seconds): 305.29
	System time (seconds): 24.73
	Percent of CPU this job got: 209%
	Elapsed (wall clock) time (h:mm:ss or m:ss): 2:37.49
	Average shared text size (kbytes): 0
	Average unshared data size (kbytes): 0
	Average stack size (kbytes): 0
	Average total size (kbytes): 0
	Maximum resident set size (kbytes): 2251732
	Average resident set size (kbytes): 0
	Major (requiring I/O) page faults: 463
	Minor (reclaiming a frame) page faults: 9097247
	Voluntary context switches: 25758
	Involuntary context switches: 7281
	Swaps: 0
	File system inputs: 0
	File system outputs: 713928
	Socket messages sent: 0
	Socket messages received: 0
	Signals delivered: 0
	Page size (bytes): 4096
	Exit status: 0
