nice: cannot set niceness: Permission denied
Precompiling packages...
    397.1 ms  ✓ Reexport
    395.1 ms  ✓ DataValueInterfaces
    553.2 ms  ✓ ConstructionBase
    449.8 ms  ✓ CEnum
    464.1 ms  ✓ StatsAPI
    585.3 ms  ✓ Statistics
   1359.1 ms  ✓ IrrationalConstants
    548.6 ms  ✓ StaticArraysCore
    899.6 ms  ✓ SuiteSparse_jll
    489.2 ms  ✓ PtrArrays
    753.6 ms  ✓ EnzymeCore
    580.2 ms  ✓ Mmap
    541.4 ms  ✓ Adapt
    480.2 ms  ✓ DataAPI
    456.3 ms  ✓ SciMLPublic
    443.9 ms  ✓ RealDot
    427.6 ms  ✓ Future
    564.1 ms  ✓ AbstractFFTs
    609.6 ms  ✓ OpenLibm_jll
   1334.9 ms  ✓ ShowCases
   1115.3 ms  ✓ FillArrays
    486.1 ms  ✓ HashArrayMappedTries
   1887.2 ms  ✓ UnsafeAtomics
    674.0 ms  ✓ OrderedCollections
    770.9 ms  ✓ ADTypes
    674.4 ms  ✓ ProgressLogging
    770.9 ms  ✓ DocStringExtensions
    853.3 ms  ✓ Serialization
    527.9 ms  ✓ IteratorInterfaceExtensions
   5395.9 ms  ✓ MacroTools
    804.6 ms  ✓ Requires
    673.2 ms  ✓ Compat
    443.5 ms  ✓ ConstructionBase → ConstructionBaseLinearAlgebraExt
    476.4 ms  ✓ DiffResults
    984.2 ms  ✓ LazyArtifacts
   1350.7 ms  ✓ InteractiveUtils
    523.2 ms  ✓ AliasTables
    547.3 ms  ✓ DelimitedFiles
    436.3 ms  ✓ EnzymeCore → AdaptExt
    596.7 ms  ✓ GPUArraysCore
    511.3 ms  ✓ Missings
    535.5 ms  ✓ NaNMath
    517.6 ms  ✓ FillArrays → FillArraysStatisticsExt
    496.5 ms  ✓ ScopedValues
   2291.9 ms  ✓ Preferences
    469.4 ms  ✓ ADTypes → ADTypesConstructionBaseExt
    444.7 ms  ✓ ADTypes → ADTypesEnzymeCoreExt
    950.4 ms  ✓ Atomix
    675.7 ms  ✓ LogExpFunctions
    425.9 ms  ✓ TableTraits
    422.9 ms  ✓ Compat → CompatLinearAlgebraExt
    541.1 ms  ✓ CommonSubexpressions
   1404.7 ms  ✓ Setfield
   2590.5 ms  ✓ Distributed
    769.5 ms  ✓ SimpleTraits
   2200.3 ms  ✓ IRTools
    683.5 ms  ✓ PrecompileTools
    777.2 ms  ✓ JLLWrappers
    900.3 ms  ✓ Tables
   4329.1 ms  ✓ SparseArrays
    629.7 ms  ✓ Functors
   1441.5 ms  ✓ ChainRulesCore
    897.0 ms  ✓ OpenSpecFun_jll
    780.1 ms  ✓ StructArrays
   1343.5 ms  ✓ LLVMExtra_jll
    642.9 ms  ✓ Statistics → SparseArraysExt
    871.8 ms  ✓ MLCore
    620.3 ms  ✓ Adapt → AdaptSparseArraysExt
    737.6 ms  ✓ FillArrays → FillArraysSparseArraysExt
    691.3 ms  ✓ SuiteSparse
   1000.0 ms  ✓ MLDataDevices
    741.2 ms  ✓ ChainRulesCore → ChainRulesCoreSparseArraysExt
    764.5 ms  ✓ ZygoteRules
   9348.0 ms  ✓ Test
   1288.2 ms  ✓ Optimisers
    474.6 ms  ✓ EnzymeCore → EnzymeCoreChainRulesCoreExt
    470.5 ms  ✓ AbstractFFTs → AbstractFFTsChainRulesCoreExt
    467.5 ms  ✓ ADTypes → ADTypesChainRulesCoreExt
    601.8 ms  ✓ StructArrays → StructArraysSparseArraysExt
   1262.8 ms  ✓ LogExpFunctions → LogExpFunctionsChainRulesCoreExt
    476.4 ms  ✓ StructArrays → StructArraysLinearAlgebraExt
    449.8 ms  ✓ StructArrays → StructArraysAdaptExt
    596.1 ms  ✓ SparseInverseSubset
   2515.8 ms  ✓ SpecialFunctions
    623.6 ms  ✓ MLDataDevices → ChainRulesCoreExt
    757.3 ms  ✓ MLDataDevices → SparseArraysExt
    674.8 ms  ✓ MLDataDevices → FillArraysExt
   1492.5 ms  ✓ AbstractFFTs → AbstractFFTsTestExt
   1655.9 ms  ✓ DataStructures
    491.2 ms  ✓ Optimisers → OptimisersEnzymeCoreExt
    575.2 ms  ✓ Optimisers → OptimisersAdaptExt
   1818.2 ms  ✓ SpecialFunctions → SpecialFunctionsChainRulesCoreExt
    758.5 ms  ✓ DiffRules
  14869.2 ms  ✓ StaticArrays
    618.1 ms  ✓ SortingAlgorithms
    623.8 ms  ✓ StaticArrays → StaticArraysStatisticsExt
    743.5 ms  ✓ StaticArrays → StaticArraysChainRulesCoreExt
   9545.9 ms  ✓ LLVM
    763.8 ms  ✓ ConstructionBase → ConstructionBaseStaticArraysExt
   5873.0 ms  ✓ ChainRules
    673.4 ms  ✓ Adapt → AdaptStaticArraysExt
    769.1 ms  ✓ FillArrays → FillArraysStaticArraysExt
    747.4 ms  ✓ StructArrays → StructArraysStaticArraysExt
   3980.9 ms  ✓ ForwardDiff
    828.5 ms  ✓ MLDataDevices → ChainRulesExt
    743.0 ms  ✓ ForwardDiff → ForwardDiffStaticArraysExt
   1743.6 ms  ✓ UnsafeAtomics → UnsafeAtomicsLLVM
   2522.5 ms  ✓ StatsBase
   3516.6 ms  ✓ KernelAbstractions
    751.6 ms  ✓ KernelAbstractions → LinearAlgebraExt
    815.3 ms  ✓ KernelAbstractions → EnzymeExt
    959.8 ms  ✓ KernelAbstractions → SparseArraysExt
    766.5 ms  ✓ StructArrays → StructArraysGPUArraysCoreExt
   3649.6 ms  ✓ GPUArrays
   3898.3 ms  ✓ NNlib
    802.0 ms  ✓ NNlib → NNlibSpecialFunctionsExt
    878.6 ms  ✓ NNlib → NNlibForwardDiffExt
   1764.4 ms  ✓ MLDataDevices → GPUArraysSparseArraysExt
    990.5 ms  ✓ NNlib → NNlibEnzymeCoreExt
    956.7 ms  ✓ OneHotArrays
    685.7 ms  ✓ MLDataDevices → OneHotArraysExt
  33940.3 ms  ✓ Zygote
   1057.7 ms  ✓ MLDataDevices → ZygoteExt
  57005.7 ms  ✓ REPL
    972.7 ms  ✓ CodeTracking
   2847.4 ms  ✓ MLUtils
   1032.6 ms  ✓ MLDataDevices → MLUtilsExt
   7918.2 ms  ✓ Pkg → REPLExt
   6234.4 ms  ✓ Flux
  129 dependencies successfully precompiled in 81 seconds. 27 already precompiled.
	Command being timed: "nice -n -10 timeout -k120 -v 3600 julia +alpha --project=F/Flux/Basic-Model-Gradient -e using Pkg; @time @eval Pkg.precompile()"
	User time (seconds): 398.24
	System time (seconds): 26.52
	Percent of CPU this job got: 245%
	Elapsed (wall clock) time (h:mm:ss or m:ss): 2:52.94
	Average shared text size (kbytes): 0
	Average unshared data size (kbytes): 0
	Average stack size (kbytes): 0
	Average total size (kbytes): 0
	Maximum resident set size (kbytes): 2678336
	Average resident set size (kbytes): 0
	Major (requiring I/O) page faults: 546
	Minor (reclaiming a frame) page faults: 9691842
	Voluntary context switches: 24661
	Involuntary context switches: 8027
	Swaps: 0
	File system inputs: 0
	File system outputs: 956104
	Socket messages sent: 0
	Socket messages received: 0
	Signals delivered: 0
	Page size (bytes): 4096
	Exit status: 0
