nice: cannot set niceness: Permission denied
Precompiling packages...
   0.3 s  ✓ Reexport
   0.3 s  ✓ DataAPI
   0.3 s  ✓ Adapt
   0.5 s  ✓ Statistics
   0.3 s  ✓ CompilerSupportLibraries_jll
   0.4 s  ✓ ConstructionBase
   0.3 s  ✓ RealDot
   0.3 s  ✓ DataValueInterfaces
   0.4 s  ✓ StaticArraysCore
   0.3 s  ✓ StatsAPI
   1.1 s  ✓ IrrationalConstants
   0.4 s  ✓ DiffResults
   0.7 s  ✓ Requires
   0.4 s  ✓ Future
   1.9 s  ✓ MacroTools
   0.6 s  ✓ OrderedCollections
   0.3 s  ✓ HashArrayMappedTries
   0.4 s  ✓ ProgressLogging
   0.5 s  ✓ Serialization
   0.5 s  ✓ DocStringExtensions
   0.3 s  ✓ CEnum
   1.1 s  ✓ ShowCases
   1.8 s  ✓ UnsafeAtomics
   0.3 s  ✓ Unicode
   0.4 s  ✓ AbstractFFTs
   0.3 s  ✓ PtrArrays
   0.4 s  ✓ Mmap
   0.3 s  ✓ IteratorInterfaceExtensions
   0.4 s  ✓ Missings
   1.0 s  ✓ FillArrays
   0.4 s  ✓ SuiteSparse_jll
   0.4 s  ✓ GPUArraysCore
   0.3 s  ✓ OpenLibm_jll
   0.3 s  ✓ ConstructionBase → ConstructionBaseLinearAlgebraExt
   0.4 s  ✓ CommonSubexpressions
   1.1 s  ✓ InteractiveUtils
   0.6 s  ✓ EnzymeCore
   0.3 s  ✓ ScopedValues
   0.4 s  ✓ Atomix
   0.5 s  ✓ LogExpFunctions
   0.5 s  ✓ BFloat16s
   0.4 s  ✓ Compat
   0.3 s  ✓ AliasTables
   0.7 s  ✓ Preferences
   0.3 s  ✓ TableTraits
   0.4 s  ✓ DelimitedFiles
   1.7 s  ✓ DataStructures
   0.4 s  ✓ FillArrays → FillArraysStatisticsExt
   1.7 s  ✓ Distributed
   0.4 s  ✓ NaNMath
   0.8 s  ✓ Setfield
   0.6 s  ✓ SimpleTraits
   0.3 s  ✓ EnzymeCore → AdaptExt
   0.3 s  ✓ Compat → CompatLinearAlgebraExt
   0.7 s  ✓ JLLWrappers
   0.6 s  ✓ PrecompileTools
   1.6 s  ✓ IRTools
   0.4 s  ✓ SortingAlgorithms
   0.5 s  ✓ Functors
   1.1 s  ✓ Tables
   1.1 s  ✓ ChainRulesCore
   0.8 s  ✓ LLVMExtra_jll
   0.8 s  ✓ OpenSpecFun_jll
   3.8 s  ✓ SparseArrays
   0.7 s  ✓ SciMLPublic
   0.7 s  ✓ StructArrays
   0.7 s  ✓ MLCore
   1.0 s  ✓ ADTypes
   0.3 s  ✓ AbstractFFTs → AbstractFFTsChainRulesCoreExt
   0.5 s  ✓ ZygoteRules
   0.3 s  ✓ EnzymeCore → EnzymeCoreChainRulesCoreExt
   1.0 s  ✓ Optimisers
   0.9 s  ✓ LogExpFunctions → LogExpFunctionsChainRulesCoreExt
   0.5 s  ✓ Adapt → AdaptSparseArraysExt
   0.5 s  ✓ Statistics → SparseArraysExt
   0.5 s  ✓ SuiteSparse
   2.2 s  ✓ SpecialFunctions
   0.6 s  ✓ FillArrays → FillArraysSparseArraysExt
   0.5 s  ✓ ChainRulesCore → ChainRulesCoreSparseArraysExt
   0.5 s  ✓ StructArrays → StructArraysSparseArraysExt
   0.7 s  ✓ MLDataDevices
   0.4 s  ✓ StructArrays → StructArraysLinearAlgebraExt
   0.4 s  ✓ StructArrays → StructArraysAdaptExt
   0.5 s  ✓ ADTypes → ADTypesConstructionBaseExt
   0.5 s  ✓ ADTypes → ADTypesChainRulesCoreExt
   0.5 s  ✓ ADTypes → ADTypesEnzymeCoreExt
   0.4 s  ✓ Optimisers → OptimisersAdaptExt
   6.5 s  ✓ StaticArrays
   0.4 s  ✓ Optimisers → OptimisersEnzymeCoreExt
   0.5 s  ✓ SparseInverseSubset
   0.5 s  ✓ DiffRules
   1.3 s  ✓ SpecialFunctions → SpecialFunctionsChainRulesCoreExt
   0.6 s  ✓ MLDataDevices → SparseArraysExt
   0.5 s  ✓ MLDataDevices → FillArraysExt
   2.0 s  ✓ StatsBase
   0.5 s  ✓ MLDataDevices → ChainRulesCoreExt
   0.5 s  ✓ StaticArrays → StaticArraysStatisticsExt
   0.5 s  ✓ StaticArrays → StaticArraysChainRulesCoreExt
   0.5 s  ✓ Adapt → AdaptStaticArraysExt
   0.5 s  ✓ ConstructionBase → ConstructionBaseStaticArraysExt
   0.6 s  ✓ FillArrays → FillArraysStaticArraysExt
   0.6 s  ✓ StructArrays → StructArraysStaticArraysExt
   3.3 s  ✓ ForwardDiff
   3.3 s  ✓ KernelAbstractions
   0.7 s  ✓ ForwardDiff → ForwardDiffStaticArraysExt
   0.7 s  ✓ KernelAbstractions → LinearAlgebraExt
   0.8 s  ✓ KernelAbstractions → EnzymeExt
   1.0 s  ✓ KernelAbstractions → SparseArraysExt
  13.1 s  ✓ LLVM
   5.5 s  ✓ ChainRules
   0.7 s  ✓ StructArrays → StructArraysGPUArraysCoreExt
   0.5 s  ✓ LLVM → BFloat16sExt
   1.0 s  ✓ UnsafeAtomics → UnsafeAtomicsLLVM
   0.7 s  ✓ MLDataDevices → ChainRulesExt
   3.7 s  ✓ NNlib
   3.3 s  ✓ GPUArrays
   0.9 s  ✓ NNlib → NNlibForwardDiffExt
   1.0 s  ✓ NNlib → NNlibEnzymeCoreExt
   0.8 s  ✓ NNlib → NNlibSpecialFunctionsExt
   1.0 s  ✓ OneHotArrays
   1.2 s  ✓ MLDataDevices → GPUArraysSparseArraysExt
   0.6 s  ✓ MLDataDevices → OneHotArraysExt
  37.7 s  ✓ REPL
   0.7 s  ✓ CodeTracking
   2.5 s  ✓ MLUtils
   0.9 s  ✓ MLDataDevices → MLUtilsExt
  25.9 s  ✓ Zygote
   0.9 s  ✓ MLDataDevices → ZygoteExt
   5.1 s  ✓ Flux
  129 dependencies successfully precompiled in 56 seconds. 9 already precompiled.
	Command being timed: "nice -n -10 timeout -k120 -v 3600 julia +release --project=F/Flux/Basic-Model-Gradient -e using Pkg; @time @eval Pkg.precompile()"
	User time (seconds): 284.41
	System time (seconds): 22.76
	Percent of CPU this job got: 226%
	Elapsed (wall clock) time (h:mm:ss or m:ss): 2:15.52
	Average shared text size (kbytes): 0
	Average unshared data size (kbytes): 0
	Average stack size (kbytes): 0
	Average total size (kbytes): 0
	Maximum resident set size (kbytes): 2115756
	Average resident set size (kbytes): 0
	Major (requiring I/O) page faults: 530
	Minor (reclaiming a frame) page faults: 8114008
	Voluntary context switches: 33910
	Involuntary context switches: 7577
	Swaps: 0
	File system inputs: 0
	File system outputs: 929272
	Socket messages sent: 0
	Socket messages received: 0
	Signals delivered: 0
	Page size (bytes): 4096
	Exit status: 0
