nice: cannot set niceness: Permission denied
Precompiling packages...
   1886.2 ms  ✓ DataValueInterfaces
   1868.4 ms  ✓ IteratorInterfaceExtensions
   1895.6 ms  ✓ Reexport
   1987.9 ms  ✓ RealDot
   2202.2 ms  ✓ DelimitedFiles
   2201.9 ms  ✓ OpenLibm_jll
   2271.5 ms  ✓ Adapt
   2382.7 ms  ✓ ConstructionBase
   2682.4 ms  ✓ Requires
   2837.0 ms  ✓ Compat
   2978.1 ms  ✓ OrderedCollections
   2969.6 ms  ✓ DocStringExtensions
   3190.3 ms  ✓ AbstractFFTs
   3470.8 ms  ✓ EnzymeCore
   1986.6 ms  ✓ DataAPI
   2114.0 ms  ✓ ShowCases
   2127.1 ms  ✓ StatsAPI
   2083.7 ms  ✓ CompilerSupportLibraries_jll
   2170.2 ms  ✓ ProgressLogging
   1820.4 ms  ✓ LazyArtifacts
   2103.3 ms  ✓ SuiteSparse_jll
   2114.0 ms  ✓ PtrArrays
   5093.1 ms  ✓ FillArrays
   2087.3 ms  ✓ CEnum
   2999.2 ms  ✓ BFloat16s
   5378.5 ms  ✓ IrrationalConstants
   2093.6 ms  ✓ StaticArraysCore
   2000.9 ms  ✓ HashArrayMappedTries
   2716.6 ms  ✓ CodeTracking
   2102.4 ms  ✓ TableTraits
   2222.5 ms  ✓ NaNMath
   2294.7 ms  ✓ GPUArraysCore
   2095.3 ms  ✓ ConstructionBase → ConstructionBaseLinearAlgebraExt
   1804.2 ms  ✓ Compat → CompatLinearAlgebraExt
   2921.3 ms  ✓ Preferences
   2083.9 ms  ✓ AliasTables
   1908.2 ms  ✓ EnzymeCore → AdaptExt
   2204.4 ms  ✓ Missings
   1691.3 ms  ✓ DiffResults
   1891.2 ms  ✓ ScopedValues
   1391.1 ms  ✓ PrecompileTools
   2384.9 ms  ✓ LogExpFunctions
   6229.8 ms  ✓ Distributed
   1605.2 ms  ✓ JLLWrappers
   2102.7 ms  ✓ Functors
   8091.5 ms  ✓ UnsafeAtomics
   1617.3 ms  ✓ SciMLPublic
   3705.1 ms  ✓ Tables
   7406.2 ms  ✓ MacroTools
   1779.5 ms  ✓ OpenSpecFun_jll
   1992.4 ms  ✓ LLVMExtra_jll
   4208.0 ms  ✓ ChainRulesCore
   3103.9 ms  ✓ ADTypes
   5813.1 ms  ✓ DataStructures
   2007.1 ms  ✓ Atomix
   2216.9 ms  ✓ CommonSubexpressions
   2024.5 ms  ✓ EnzymeCore → EnzymeCoreChainRulesCoreExt
   2369.9 ms  ✓ AbstractFFTs → AbstractFFTsChainRulesCoreExt
   3371.6 ms  ✓ MLDataDevices
   3115.7 ms  ✓ SimpleTraits
   1798.5 ms  ✓ ADTypes → ADTypesChainRulesCoreExt
   3379.1 ms  ✓ StructArrays
   1695.7 ms  ✓ ADTypes → ADTypesEnzymeCoreExt
   1882.8 ms  ✓ ADTypes → ADTypesConstructionBaseExt
   4416.1 ms  ✓ Setfield
   3701.7 ms  ✓ ZygoteRules
   1494.8 ms  ✓ StructArrays → StructArraysAdaptExt
   1977.9 ms  ✓ SortingAlgorithms
   1832.5 ms  ✓ MLDataDevices → ChainRulesCoreExt
   1709.0 ms  ✓ StructArrays → StructArraysLinearAlgebraExt
   1915.2 ms  ✓ MLDataDevices → FillArraysExt
   4114.9 ms  ✓ LogExpFunctions → LogExpFunctionsChainRulesCoreExt
   2281.1 ms  ✓ MLCore
   5411.6 ms  ✓ IRTools
  10466.5 ms  ✓ SparseArrays
    934.9 ms  ✓ SuiteSparse
   1237.4 ms  ✓ MLDataDevices → SparseArraysExt
   1332.4 ms  ✓ FillArrays → FillArraysSparseArraysExt
   1339.2 ms  ✓ ChainRulesCore → ChainRulesCoreSparseArraysExt
   1341.3 ms  ✓ Adapt → AdaptSparseArraysExt
   1412.7 ms  ✓ StructArrays → StructArraysSparseArraysExt
   1438.8 ms  ✓ Statistics
   6830.6 ms  ✓ SpecialFunctions
    927.9 ms  ✓ SparseInverseSubset
    924.5 ms  ✓ FillArrays → FillArraysStatisticsExt
    962.6 ms  ✓ DiffRules
   1594.3 ms  ✓ Optimisers
   2014.1 ms  ✓ SpecialFunctions → SpecialFunctionsChainRulesCoreExt
    601.9 ms  ✓ Optimisers → OptimisersAdaptExt
    609.2 ms  ✓ Optimisers → OptimisersEnzymeCoreExt
   2567.7 ms  ✓ StatsBase
  12800.7 ms  ✓ StaticArrays
   4316.8 ms  ✓ ForwardDiff
   1933.3 ms  ✓ Adapt → AdaptStaticArraysExt
   2004.5 ms  ✓ StructArrays → StructArraysStaticArraysExt
   2008.2 ms  ✓ StaticArrays → StaticArraysChainRulesCoreExt
   2040.3 ms  ✓ ConstructionBase → ConstructionBaseStaticArraysExt
   2085.6 ms  ✓ FillArrays → FillArraysStaticArraysExt
  12699.4 ms  ✓ LLVM
   2185.6 ms  ✓ StaticArrays → StaticArraysStatisticsExt
   1148.1 ms  ✓ ForwardDiff → ForwardDiffStaticArraysExt
    415.3 ms  ✓ LLVM → BFloat16sExt
   6376.6 ms  ✓ ChainRules
    973.8 ms  ✓ UnsafeAtomics → UnsafeAtomicsLLVM
    508.3 ms  ✓ MLDataDevices → ChainRulesExt
   2255.3 ms  ✓ KernelAbstractions
    531.0 ms  ✓ KernelAbstractions → LinearAlgebraExt
    574.9 ms  ✓ KernelAbstractions → EnzymeExt
    575.8 ms  ✓ StructArrays → StructArraysGPUArraysCoreExt
    634.0 ms  ✓ KernelAbstractions → SparseArraysExt
   2408.1 ms  ✓ GPUArrays
   3115.7 ms  ✓ NNlib
    982.7 ms  ✓ MLDataDevices → GPUArraysSparseArraysExt
    981.7 ms  ✓ NNlib → NNlibSpecialFunctionsExt
   1021.3 ms  ✓ NNlib → NNlibForwardDiffExt
   1028.5 ms  ✓ OneHotArrays
   1095.6 ms  ✓ NNlib → NNlibEnzymeCoreExt
   1551.2 ms  ✓ MLUtils
    674.2 ms  ✓ MLDataDevices → OneHotArraysExt
    816.7 ms  ✓ MLDataDevices → MLUtilsExt
  19291.1 ms  ✓ Zygote
    811.8 ms  ✓ MLDataDevices → ZygoteExt
   3934.8 ms  ✓ Flux
  123 dependencies successfully precompiled in 49 seconds
	Command being timed: "nice -n -10 timeout -k120 -v 3600 julia +lts --project=F/Flux/Basic-Model-Gradient -e using Pkg; @time @eval Pkg.precompile()"
	User time (seconds): 141.02
	System time (seconds): 21.48
	Percent of CPU this job got: 322%
	Elapsed (wall clock) time (h:mm:ss or m:ss): 0:50.32
	Average shared text size (kbytes): 0
	Average unshared data size (kbytes): 0
	Average stack size (kbytes): 0
	Average total size (kbytes): 0
	Maximum resident set size (kbytes): 952948
	Average resident set size (kbytes): 0
	Major (requiring I/O) page faults: 297
	Minor (reclaiming a frame) page faults: 5267279
	Voluntary context switches: 155562
	Involuntary context switches: 47839
	Swaps: 0
	File system inputs: 0
	File system outputs: 441784
	Socket messages sent: 0
	Socket messages received: 0
	Signals delivered: 0
	Page size (bytes): 4096
	Exit status: 0
