nice: cannot set niceness: Permission denied
Precompiling packages...
   1820.2 ms  ✓ RealDot
   1827.7 ms  ✓ Reexport
   1917.3 ms  ✓ OpenLibm_jll
   2018.5 ms  ✓ DataValueInterfaces
   1919.7 ms  ✓ IteratorInterfaceExtensions
   2327.0 ms  ✓ DelimitedFiles
   2393.2 ms  ✓ ConstructionBase
   2428.5 ms  ✓ Requires
   2618.7 ms  ✓ Adapt
   2958.3 ms  ✓ Compat
   2807.1 ms  ✓ DocStringExtensions
   2834.0 ms  ✓ OrderedCollections
   2920.8 ms  ✓ AbstractFFTs
   3086.7 ms  ✓ EnzymeCore
   1993.9 ms  ✓ StatsAPI
   1999.4 ms  ✓ ShowCases
   1993.8 ms  ✓ CompilerSupportLibraries_jll
   2200.6 ms  ✓ DataAPI
   2100.3 ms  ✓ ProgressLogging
   4606.1 ms  ✓ FillArrays
   2176.6 ms  ✓ ConstructionBase → ConstructionBaseLinearAlgebraExt
   1814.0 ms  ✓ PtrArrays
   1905.6 ms  ✓ Compat → CompatLinearAlgebraExt
   2588.6 ms  ✓ BFloat16s
   2031.1 ms  ✓ HashArrayMappedTries
   2491.8 ms  ✓ StaticArraysCore
   5395.0 ms  ✓ IrrationalConstants
   1702.9 ms  ✓ TableTraits
   3282.9 ms  ✓ CodeTracking
   2212.9 ms  ✓ NaNMath
   2362.0 ms  ✓ GPUArraysCore
   1890.1 ms  ✓ EnzymeCore → AdaptExt
   2007.9 ms  ✓ CEnum
   2589.2 ms  ✓ SuiteSparse_jll
   2011.9 ms  ✓ Missings
   2997.0 ms  ✓ Preferences
   2088.4 ms  ✓ AliasTables
   1689.9 ms  ✓ ScopedValues
   1607.0 ms  ✓ DiffResults
   2203.8 ms  ✓ Functors
   1110.4 ms  ✓ PrecompileTools
   1926.7 ms  ✓ LogExpFunctions
   1291.0 ms  ✓ JLLWrappers
   5794.9 ms  ✓ Distributed
   3794.8 ms  ✓ ChainRulesCore
   3299.9 ms  ✓ Tables
   1680.4 ms  ✓ SciMLPublic
   1606.4 ms  ✓ OpenSpecFun_jll
   7033.2 ms  ✓ MacroTools
   5503.5 ms  ✓ DataStructures
   2088.4 ms  ✓ LLVMExtra_jll
   2012.6 ms  ✓ EnzymeCore → EnzymeCoreChainRulesCoreExt
   2111.4 ms  ✓ AbstractFFTs → AbstractFFTsChainRulesCoreExt
   3284.5 ms  ✓ ADTypes
   2184.4 ms  ✓ CommonSubexpressions
   2290.2 ms  ✓ SortingAlgorithms
   3093.0 ms  ✓ StructArrays
   2912.4 ms  ✓ SimpleTraits
   3107.1 ms  ✓ MLDataDevices
   1885.0 ms  ✓ ADTypes → ADTypesEnzymeCoreExt
   1886.6 ms  ✓ ADTypes → ADTypesConstructionBaseExt
   2008.0 ms  ✓ ADTypes → ADTypesChainRulesCoreExt
   3701.7 ms  ✓ ZygoteRules
   3915.7 ms  ✓ Setfield
   5005.9 ms  ✓ LogExpFunctions → LogExpFunctionsChainRulesCoreExt
   1507.3 ms  ✓ StructArrays → StructArraysAdaptExt
   1486.5 ms  ✓ MLDataDevices → FillArraysExt
   1489.8 ms  ✓ MLDataDevices → ChainRulesCoreExt
   1692.7 ms  ✓ StructArrays → StructArraysLinearAlgebraExt
   1823.0 ms  ✓ MLCore
   4814.5 ms  ✓ IRTools
   8274.1 ms  ✓ SparseArrays
   6106.3 ms  ✓ SpecialFunctions
   1023.8 ms  ✓ Adapt → AdaptSparseArraysExt
   1194.7 ms  ✓ ChainRulesCore → ChainRulesCoreSparseArraysExt
   1226.1 ms  ✓ StructArrays → StructArraysSparseArraysExt
   1294.6 ms  ✓ SuiteSparse
   1344.0 ms  ✓ MLDataDevices → SparseArraysExt
   1393.5 ms  ✓ FillArrays → FillArraysSparseArraysExt
   1511.9 ms  ✓ Statistics
   1073.1 ms  ✓ DiffRules
    729.0 ms  ✓ SparseInverseSubset
    986.8 ms  ✓ FillArrays → FillArraysStatisticsExt
   2090.9 ms  ✓ SpecialFunctions → SpecialFunctionsChainRulesCoreExt
   1524.6 ms  ✓ Optimisers
    586.2 ms  ✓ Optimisers → OptimisersEnzymeCoreExt
    595.5 ms  ✓ Optimisers → OptimisersAdaptExt
   2416.4 ms  ✓ StatsBase
  12081.5 ms  ✓ StaticArrays
   1200.5 ms  ✓ StaticArrays → StaticArraysChainRulesCoreExt
   4309.8 ms  ✓ ForwardDiff
   1204.2 ms  ✓ Adapt → AdaptStaticArraysExt
   1289.2 ms  ✓ ConstructionBase → ConstructionBaseStaticArraysExt
   1295.7 ms  ✓ FillArrays → FillArraysStaticArraysExt
   1322.6 ms  ✓ StaticArrays → StaticArraysStatisticsExt
   1331.8 ms  ✓ StructArrays → StructArraysStaticArraysExt
    555.7 ms  ✓ ForwardDiff → ForwardDiffStaticArraysExt
   5552.0 ms  ✓ ChainRules
    500.0 ms  ✓ MLDataDevices → ChainRulesExt
  14978.3 ms  ✓ LLVM
    365.6 ms  ✓ LLVM → BFloat16sExt
   1434.8 ms  ✓ UnsafeAtomics
    448.5 ms  ✓ Atomix
   2114.5 ms  ✓ KernelAbstractions
    712.5 ms  ✓ KernelAbstractions → LinearAlgebraExt
    741.1 ms  ✓ KernelAbstractions → EnzymeExt
    740.6 ms  ✓ StructArrays → StructArraysGPUArraysCoreExt
    821.6 ms  ✓ KernelAbstractions → SparseArraysExt
   2426.0 ms  ✓ GPUArrays
   3225.8 ms  ✓ NNlib
    881.2 ms  ✓ MLDataDevices → GPUArraysSparseArraysExt
   1318.9 ms  ✓ NNlib → NNlibSpecialFunctionsExt
   1320.7 ms  ✓ NNlib → NNlibForwardDiffExt
   1321.2 ms  ✓ NNlib → NNlibEnzymeCoreExt
   1327.5 ms  ✓ OneHotArrays
   1883.6 ms  ✓ MLUtils
    853.4 ms  ✓ MLDataDevices → OneHotArraysExt
    916.1 ms  ✓ MLDataDevices → MLUtilsExt
  20301.6 ms  ✓ Zygote
    829.0 ms  ✓ MLDataDevices → ZygoteExt
   3923.8 ms  ✓ Flux
  121 dependencies successfully precompiled in 48 seconds
	Command being timed: "nice -n -10 timeout -k120 -v 3600 julia +lts --project=F/Flux/Basic-Model-Gradient -e using Pkg; @time @eval Pkg.precompile()"
	User time (seconds): 143.26
	System time (seconds): 21.04
	Percent of CPU this job got: 330%
	Elapsed (wall clock) time (h:mm:ss or m:ss): 0:49.68
	Average shared text size (kbytes): 0
	Average unshared data size (kbytes): 0
	Average stack size (kbytes): 0
	Average total size (kbytes): 0
	Maximum resident set size (kbytes): 1003092
	Average resident set size (kbytes): 0
	Major (requiring I/O) page faults: 302
	Minor (reclaiming a frame) page faults: 5294311
	Voluntary context switches: 149756
	Involuntary context switches: 38493
	Swaps: 0
	File system inputs: 0
	File system outputs: 461352
	Socket messages sent: 0
	Socket messages received: 0
	Signals delivered: 0
	Page size (bytes): 4096
	Exit status: 0
