Precompiling project...
   1844.8 ms  ✓ BaseDirs
  1 dependency successfully precompiled in 2 seconds
	Command being timed: "julia +1.11.6 --project=B/BaseDirs/User-Cache -e using Pkg; @time @eval Pkg.precompile()"
	User time (seconds): 96.46
	System time (seconds): 4.13
	Percent of CPU this job got: 182%
	Elapsed (wall clock) time (h:mm:ss or m:ss): 0:54.97
	Average shared text size (kbytes): 0
	Average unshared data size (kbytes): 0
	Average stack size (kbytes): 0
	Average total size (kbytes): 0
	Maximum resident set size (kbytes): 2052600
	Average resident set size (kbytes): 0
	Major (requiring I/O) page faults: 116
	Minor (reclaiming a frame) page faults: 1456430
	Voluntary context switches: 30672
	Involuntary context switches: 2810
	Swaps: 0
	File system inputs: 0
	File system outputs: 358848
	Socket messages sent: 0
	Socket messages received: 0
	Signals delivered: 0
	Page size (bytes): 4096
	Exit status: 0
