nice: cannot set niceness: Permission denied
Precompiling packages...
  75460.0 ms  ✓ Pkg (serial)
  1 dependency successfully precompiled in 75 seconds
Precompiling packages...
   2853.0 ms  ✓ BaseDirs
  1 dependency successfully precompiled in 3 seconds
	Command being timed: "nice -n -10 timeout -k120 -v 3600 julia +1.12.6 --project=B/BaseDirs/User-Cache -e using Pkg; @time @eval Pkg.precompile()"
	User time (seconds): 129.12
	System time (seconds): 5.03
	Percent of CPU this job got: 169%
	Elapsed (wall clock) time (h:mm:ss or m:ss): 1:19.23
	Average shared text size (kbytes): 0
	Average unshared data size (kbytes): 0
	Average stack size (kbytes): 0
	Average total size (kbytes): 0
	Maximum resident set size (kbytes): 2148592
	Average resident set size (kbytes): 0
	Major (requiring I/O) page faults: 134
	Minor (reclaiming a frame) page faults: 1832906
	Voluntary context switches: 5716
	Involuntary context switches: 3449
	Swaps: 0
	File system inputs: 0
	File system outputs: 322176
	Socket messages sent: 0
	Socket messages received: 0
	Signals delivered: 0
	Page size (bytes): 4096
	Exit status: 0
