nice: cannot set niceness: Permission denied
Precompiling packages...
 192541.0 ms  ✓ Pkg (serial)
  1 dependency successfully precompiled in 193 seconds
Precompiling packages...
   9120.1 ms  ✓ BaseDirs
  1 dependency successfully precompiled in 9 seconds
	Command being timed: "nice -n -10 timeout -k120 -v 3600 julia +release --project=B/BaseDirs/User-Cache -e using Pkg; @time @eval Pkg.precompile()"
	User time (seconds): 289.03
	System time (seconds): 8.61
	Percent of CPU this job got: 146%
	Elapsed (wall clock) time (h:mm:ss or m:ss): 3:23.22
	Average shared text size (kbytes): 0
	Average unshared data size (kbytes): 0
	Average stack size (kbytes): 0
	Average total size (kbytes): 0
	Maximum resident set size (kbytes): 2151724
	Average resident set size (kbytes): 0
	Major (requiring I/O) page faults: 85
	Minor (reclaiming a frame) page faults: 1874209
	Voluntary context switches: 4904
	Involuntary context switches: 40433
	Swaps: 0
	File system inputs: 0
	File system outputs: 313808
	Socket messages sent: 0
	Socket messages received: 0
	Signals delivered: 0
	Page size (bytes): 4096
	Exit status: 0
