nice: cannot set niceness: Permission denied
Precompiling packages...
  80370.9 ms  ✓ Pkg (serial)
  1 dependency successfully precompiled in 80 seconds
Precompiling packages...
   3212.1 ms  ✓ BaseDirs
  1 dependency successfully precompiled in 3 seconds
	Command being timed: "nice -n -10 timeout -k120 -v 3600 julia +release --project=B/BaseDirs/User-Cache -e using Pkg; @time @eval Pkg.precompile()"
	User time (seconds): 139.79
	System time (seconds): 5.25
	Percent of CPU this job got: 171%
	Elapsed (wall clock) time (h:mm:ss or m:ss): 1:24.59
	Average shared text size (kbytes): 0
	Average unshared data size (kbytes): 0
	Average stack size (kbytes): 0
	Average total size (kbytes): 0
	Maximum resident set size (kbytes): 2148452
	Average resident set size (kbytes): 0
	Major (requiring I/O) page faults: 139
	Minor (reclaiming a frame) page faults: 1843706
	Voluntary context switches: 5313
	Involuntary context switches: 3598
	Swaps: 0
	File system inputs: 0
	File system outputs: 323528
	Socket messages sent: 0
	Socket messages received: 0
	Signals delivered: 0
	Page size (bytes): 4096
	Exit status: 0
