nice: cannot set niceness: Permission denied
Precompiling packages...
   2814.0 ms  ✓ BaseDirs
  1 dependency successfully precompiled in 3 seconds
	Command being timed: "nice -n -10 timeout -k120 -v 3600 julia +alpha --project=B/BaseDirs/User-Cache -e using Pkg; @time @eval Pkg.precompile()"
	User time (seconds): 138.93
	System time (seconds): 6.48
	Percent of CPU this job got: 126%
	Elapsed (wall clock) time (h:mm:ss or m:ss): 1:54.57
	Average shared text size (kbytes): 0
	Average unshared data size (kbytes): 0
	Average stack size (kbytes): 0
	Average total size (kbytes): 0
	Maximum resident set size (kbytes): 2785068
	Average resident set size (kbytes): 0
	Major (requiring I/O) page faults: 143
	Minor (reclaiming a frame) page faults: 2574630
	Voluntary context switches: 5539
	Involuntary context switches: 1166
	Swaps: 0
	File system inputs: 0
	File system outputs: 326968
	Socket messages sent: 0
	Socket messages received: 0
	Signals delivered: 0
	Page size (bytes): 4096
	Exit status: 0
