Precompiling project...
   1757.8 ms  ✓ BaseDirs
  1 dependency successfully precompiled in 2 seconds
	Command being timed: "julia +1.11.5 --project=B/BaseDirs/User-Cache -e using Pkg; @time @eval Pkg.precompile()"
	User time (seconds): 92.63
	System time (seconds): 4.13
	Percent of CPU this job got: 180%
	Elapsed (wall clock) time (h:mm:ss or m:ss): 0:53.73
	Average shared text size (kbytes): 0
	Average unshared data size (kbytes): 0
	Average stack size (kbytes): 0
	Average total size (kbytes): 0
	Maximum resident set size (kbytes): 2038848
	Average resident set size (kbytes): 0
	Major (requiring I/O) page faults: 153
	Minor (reclaiming a frame) page faults: 1457110
	Voluntary context switches: 30736
	Involuntary context switches: 1855
	Swaps: 0
	File system inputs: 0
	File system outputs: 359168
	Socket messages sent: 0
	Socket messages received: 0
	Signals delivered: 0
	Page size (bytes): 4096
	Exit status: 0
