nice: cannot set niceness: Permission denied
Precompiling packages...
  11581.1 ms  ✓ Unitful
    430.1 ms  ✓ Unitful → PrintfExt
   1344.6 ms  ✓ UnitfulAtomic
   4074.1 ms  ✓ Mendeleev
  4 dependencies successfully precompiled in 18 seconds
	Command being timed: "nice -n -10 timeout -k120 -v 3600 julia +lts --project=M/Mendeleev/Get-Properties-Of-A-Chemical-Element -e using Pkg; @time @eval Pkg.precompile()"
	User time (seconds): 24.36
	System time (seconds): 1.50
	Percent of CPU this job got: 135%
	Elapsed (wall clock) time (h:mm:ss or m:ss): 0:19.14
	Average shared text size (kbytes): 0
	Average unshared data size (kbytes): 0
	Average stack size (kbytes): 0
	Average total size (kbytes): 0
	Maximum resident set size (kbytes): 683372
	Average resident set size (kbytes): 0
	Major (requiring I/O) page faults: 26
	Minor (reclaiming a frame) page faults: 407486
	Voluntary context switches: 5986
	Involuntary context switches: 581
	Swaps: 0
	File system inputs: 1008
	File system outputs: 115240
	Socket messages sent: 0
	Socket messages received: 0
	Signals delivered: 0
	Page size (bytes): 4096
	Exit status: 0
