nice: cannot set niceness: Permission denied
Precompiling packages...
 133959.7 ms  ✓ Pkg (serial)
  1 dependency successfully precompiled in 134 seconds
Precompiling packages...
    666.2 ms  ✓ Unicode
    735.0 ms  ✓ CompilerSupportLibraries_jll
  27604.2 ms  ✓ Unitful
    959.5 ms  ✓ Unitful → PrintfExt
   3516.9 ms  ✓ UnitfulAtomic
  11893.1 ms  ✓ Mendeleev
  6 dependencies successfully precompiled in 45 seconds. 2 already precompiled.
	Command being timed: "nice -n -10 timeout -k120 -v 3600 julia +release --project=M/Mendeleev/Get-Properties-Of-A-Chemical-Element -e using Pkg; @time @eval Pkg.precompile()"
	User time (seconds): 273.01
	System time (seconds): 8.08
	Percent of CPU this job got: 155%
	Elapsed (wall clock) time (h:mm:ss or m:ss): 3:00.58
	Average shared text size (kbytes): 0
	Average unshared data size (kbytes): 0
	Average stack size (kbytes): 0
	Average total size (kbytes): 0
	Maximum resident set size (kbytes): 2178496
	Average resident set size (kbytes): 0
	Major (requiring I/O) page faults: 137
	Minor (reclaiming a frame) page faults: 2253654
	Voluntary context switches: 6572
	Involuntary context switches: 18077
	Swaps: 0
	File system inputs: 0
	File system outputs: 413640
	Socket messages sent: 0
	Socket messages received: 0
	Signals delivered: 0
	Page size (bytes): 4096
	Exit status: 0
