nice: cannot set niceness: Permission denied
Precompiling packages...
  11399.9 ms  ✓ Unitful
    405.2 ms  ✓ Unitful → PrintfExt
   1295.2 ms  ✓ UnitfulAtomic
   3905.6 ms  ✓ Mendeleev
  4 dependencies successfully precompiled in 18 seconds
	Command being timed: "nice -n -10 timeout -k120 -v 3600 julia +lts --project=M/Mendeleev/Get-Properties-Of-A-Chemical-Element -e using Pkg; @time @eval Pkg.precompile()"
	User time (seconds): 23.43
	System time (seconds): 1.47
	Percent of CPU this job got: 135%
	Elapsed (wall clock) time (h:mm:ss or m:ss): 0:18.35
	Average shared text size (kbytes): 0
	Average unshared data size (kbytes): 0
	Average stack size (kbytes): 0
	Average total size (kbytes): 0
	Maximum resident set size (kbytes): 694360
	Average resident set size (kbytes): 0
	Major (requiring I/O) page faults: 26
	Minor (reclaiming a frame) page faults: 405833
	Voluntary context switches: 5989
	Involuntary context switches: 441
	Swaps: 0
	File system inputs: 0
	File system outputs: 104760
	Socket messages sent: 0
	Socket messages received: 0
	Signals delivered: 0
	Page size (bytes): 4096
	Exit status: 0
