nice: cannot set niceness: Permission denied
Precompiling packages...
    377.3 ms  ✓ Unicode
  14618.1 ms  ✓ Unitful
    496.0 ms  ✓ Unitful → PrintfExt
   1331.3 ms  ✓ UnitfulAtomic
   5186.3 ms  ✓ Mendeleev
  5 dependencies successfully precompiled in 22 seconds. 2 already precompiled.
	Command being timed: "nice -n -10 timeout -k120 -v 3600 julia +nightly --project=M/Mendeleev/Get-Properties-Of-A-Chemical-Element -e using Pkg; @time @eval Pkg.precompile()"
	User time (seconds): 178.05
	System time (seconds): 7.25
	Percent of CPU this job got: 124%
	Elapsed (wall clock) time (h:mm:ss or m:ss): 2:28.66
	Average shared text size (kbytes): 0
	Average unshared data size (kbytes): 0
	Average stack size (kbytes): 0
	Average total size (kbytes): 0
	Maximum resident set size (kbytes): 2515056
	Average resident set size (kbytes): 0
	Major (requiring I/O) page faults: 221
	Minor (reclaiming a frame) page faults: 2955308
	Voluntary context switches: 6179
	Involuntary context switches: 1582
	Swaps: 0
	File system inputs: 0
	File system outputs: 427736
	Socket messages sent: 0
	Socket messages received: 0
	Signals delivered: 0
	Page size (bytes): 4096
	Exit status: 0
