Precompiling project...
    262.4 ms  ✓ Unicode
    345.5 ms  ✓ CompilerSupportLibraries_jll
  12565.6 ms  ✓ Unitful
    514.8 ms  ✓ Unitful → PrintfExt
   1257.3 ms  ✓ UnitfulAtomic
   4675.9 ms  ✓ Mendeleev
  6 dependencies successfully precompiled in 19 seconds. 2 already precompiled.
	Command being timed: "julia +1.11.6 --project=M/Mendeleev/Get-Properties-Of-A-Chemical-Element -e using Pkg; @time @eval Pkg.precompile()"
	User time (seconds): 120.10
	System time (seconds): 5.04
	Percent of CPU this job got: 172%
	Elapsed (wall clock) time (h:mm:ss or m:ss): 1:12.73
	Average shared text size (kbytes): 0
	Average unshared data size (kbytes): 0
	Average stack size (kbytes): 0
	Average total size (kbytes): 0
	Maximum resident set size (kbytes): 2040600
	Average resident set size (kbytes): 0
	Major (requiring I/O) page faults: 133
	Minor (reclaiming a frame) page faults: 1786083
	Voluntary context switches: 37279
	Involuntary context switches: 3946
	Swaps: 0
	File system inputs: 0
	File system outputs: 454760
	Socket messages sent: 0
	Socket messages received: 0
	Signals delivered: 0
	Page size (bytes): 4096
	Exit status: 0
