nice: cannot set niceness: Permission denied
Precompiling packages...
  21126.9 ms  ✓ Unitful
    746.3 ms  ✓ Unitful → PrintfExt
   2428.2 ms  ✓ UnitfulAtomic
   7659.5 ms  ✓ Mendeleev
  4 dependencies successfully precompiled in 33 seconds
	Command being timed: "nice -n -10 timeout -k120 -v 3600 julia +lts --project=M/Mendeleev/Get-Properties-Of-A-Chemical-Element -e using Pkg; @time @eval Pkg.precompile()"
	User time (seconds): 42.27
	System time (seconds): 2.02
	Percent of CPU this job got: 128%
	Elapsed (wall clock) time (h:mm:ss or m:ss): 0:34.39
	Average shared text size (kbytes): 0
	Average unshared data size (kbytes): 0
	Average stack size (kbytes): 0
	Average total size (kbytes): 0
	Maximum resident set size (kbytes): 692940
	Average resident set size (kbytes): 0
	Major (requiring I/O) page faults: 24
	Minor (reclaiming a frame) page faults: 387133
	Voluntary context switches: 5939
	Involuntary context switches: 1741
	Swaps: 0
	File system inputs: 0
	File system outputs: 106272
	Socket messages sent: 0
	Socket messages received: 0
	Signals delivered: 0
	Page size (bytes): 4096
	Exit status: 0
