nice: cannot set niceness: Permission denied
Precompiling packages...
    369.6 ms  ✓ Unicode
  14549.0 ms  ✓ Unitful
    490.1 ms  ✓ Unitful → PrintfExt
   1330.1 ms  ✓ UnitfulAtomic
   5114.9 ms  ✓ Mendeleev
  5 dependencies successfully precompiled in 22 seconds. 2 already precompiled.
	Command being timed: "nice -n -10 timeout -k120 -v 3600 julia +nightly --project=M/Mendeleev/Get-Properties-Of-A-Chemical-Element -e using Pkg; @time @eval Pkg.precompile()"
	User time (seconds): 167.91
	System time (seconds): 7.67
	Percent of CPU this job got: 127%
	Elapsed (wall clock) time (h:mm:ss or m:ss): 2:17.87
	Average shared text size (kbytes): 0
	Average unshared data size (kbytes): 0
	Average stack size (kbytes): 0
	Average total size (kbytes): 0
	Maximum resident set size (kbytes): 2552052
	Average resident set size (kbytes): 0
	Major (requiring I/O) page faults: 203
	Minor (reclaiming a frame) page faults: 3004754
	Voluntary context switches: 6191
	Involuntary context switches: 1450
	Swaps: 0
	File system inputs: 0
	File system outputs: 431032
	Socket messages sent: 0
	Socket messages received: 0
	Signals delivered: 0
	Page size (bytes): 4096
	Exit status: 0
