nice: cannot set niceness: Permission denied
Precompiling packages...
   0.3 s  ✓ Unicode
   0.3 s  ✓ CompilerSupportLibraries_jll
  13.4 s  ✓ Unitful
   0.4 s  ✓ Unitful → PrintfExt
   1.2 s  ✓ UnitfulAtomic
   5.1 s  ✓ Mendeleev
  6 dependencies successfully precompiled in 21 seconds. 2 already precompiled.
	Command being timed: "nice -n -10 timeout -k120 -v 3600 julia +alpha --project=M/Mendeleev/Get-Properties-Of-A-Chemical-Element -e using Pkg; @time @eval Pkg.precompile()"
	User time (seconds): 127.41
	System time (seconds): 6.07
	Percent of CPU this job got: 134%
	Elapsed (wall clock) time (h:mm:ss or m:ss): 1:39.32
	Average shared text size (kbytes): 0
	Average unshared data size (kbytes): 0
	Average stack size (kbytes): 0
	Average total size (kbytes): 0
	Maximum resident set size (kbytes): 2060024
	Average resident set size (kbytes): 0
	Major (requiring I/O) page faults: 251
	Minor (reclaiming a frame) page faults: 2350665
	Voluntary context switches: 8186
	Involuntary context switches: 1387
	Swaps: 0
	File system inputs: 0
	File system outputs: 412800
	Socket messages sent: 0
	Socket messages received: 0
	Signals delivered: 0
	Page size (bytes): 4096
	Exit status: 0
