nice: cannot set niceness: Permission denied
Precompiling packages...
  11597.1 ms  ✓ Unitful
    452.0 ms  ✓ Unitful → PrintfExt
   1317.2 ms  ✓ UnitfulAtomic
   4124.7 ms  ✓ Mendeleev
  4 dependencies successfully precompiled in 18 seconds
	Command being timed: "nice -n -10 timeout -k120 -v 3600 julia +lts --project=M/Mendeleev/Get-Properties-Of-A-Chemical-Element -e using Pkg; @time @eval Pkg.precompile()"
	User time (seconds): 24.42
	System time (seconds): 1.51
	Percent of CPU this job got: 134%
	Elapsed (wall clock) time (h:mm:ss or m:ss): 0:19.22
	Average shared text size (kbytes): 0
	Average unshared data size (kbytes): 0
	Average stack size (kbytes): 0
	Average total size (kbytes): 0
	Maximum resident set size (kbytes): 702740
	Average resident set size (kbytes): 0
	Major (requiring I/O) page faults: 22
	Minor (reclaiming a frame) page faults: 392262
	Voluntary context switches: 6018
	Involuntary context switches: 511
	Swaps: 0
	File system inputs: 0
	File system outputs: 116408
	Socket messages sent: 0
	Socket messages received: 0
	Signals delivered: 0
	Page size (bytes): 4096
	Exit status: 0
