Precompiling project...
    259.0 ms  ✓ Unicode
    350.1 ms  ✓ CompilerSupportLibraries_jll
  12381.4 ms  ✓ Unitful
    506.5 ms  ✓ Unitful → PrintfExt
   1250.1 ms  ✓ UnitfulAtomic
   4578.9 ms  ✓ Mendeleev
  6 dependencies successfully precompiled in 19 seconds. 2 already precompiled.
	Command being timed: "julia +1.11.5 --project=M/Mendeleev/Get-Properties-Of-A-Chemical-Element -e using Pkg; @time @eval Pkg.precompile()"
	User time (seconds): 115.91
	System time (seconds): 5.03
	Percent of CPU this job got: 170%
	Elapsed (wall clock) time (h:mm:ss or m:ss): 1:11.06
	Average shared text size (kbytes): 0
	Average unshared data size (kbytes): 0
	Average stack size (kbytes): 0
	Average total size (kbytes): 0
	Maximum resident set size (kbytes): 2013184
	Average resident set size (kbytes): 0
	Major (requiring I/O) page faults: 149
	Minor (reclaiming a frame) page faults: 1777284
	Voluntary context switches: 37241
	Involuntary context switches: 2236
	Swaps: 0
	File system inputs: 0
	File system outputs: 454872
	Socket messages sent: 0
	Socket messages received: 0
	Signals delivered: 0
	Page size (bytes): 4096
	Exit status: 0
