nice: cannot set niceness: Permission denied
Precompiling packages...
  75972.7 ms  ✓ Pkg (serial)
  1 dependency successfully precompiled in 76 seconds
Precompiling packages...
   1235.8 ms  ✓ IfElse
   1322.5 ms  ✓ UnPack
   1391.2 ms  ✓ CommonWorldInvalidations
   1388.8 ms  ✓ SIMDTypes
   1451.8 ms  ✓ ManualMemory
   1518.0 ms  ✓ SciMLPublic
   1527.9 ms  ✓ Unicode
   1641.4 ms  ✓ DocStringExtensions
   1839.3 ms  ✓ CpuId
   1847.6 ms  ✓ Requires
   2047.8 ms  ✓ OffsetArrays
    767.6 ms  ✓ Preferences
    457.1 ms  ✓ Adapt
    433.6 ms  ✓ OffsetArrays → OffsetArraysAdaptExt
    446.8 ms  ✓ PrecompileTools
   1798.6 ms  ✓ Compat
   2067.1 ms  ✓ ThreadingUtilities
    390.8 ms  ✓ Compat → CompatLinearAlgebraExt
   1511.1 ms  ✓ ArrayInterface
   3750.7 ms  ✓ Static
    361.3 ms  ✓ BitTwiddlingConvenienceFunctions
    829.3 ms  ✓ CPUSummary
    768.6 ms  ✓ HostCPUFeatures
    522.4 ms  ✓ PolyesterWeave
   5527.4 ms  ✓ StaticArrayInterface
    426.7 ms  ✓ StaticArrayInterface → StaticArrayInterfaceOffsetArraysExt
    437.9 ms  ✓ CloseOpenIntervals
    513.7 ms  ✓ LayoutPointers
   6182.0 ms  ✓ VectorizationBase
   1368.0 ms  ✓ SLEEFPirates
  16571.2 ms  ✓ LoopVectorization
  31 dependencies successfully precompiled in 37 seconds. 8 already precompiled.
	Command being timed: "nice -n -10 timeout -k120 -v 3600 julia +release --project=L/LoopVectorization/Dot-Product -e using Pkg; @time @eval Pkg.precompile()"
	User time (seconds): 194.88
	System time (seconds): 9.96
	Percent of CPU this job got: 180%
	Elapsed (wall clock) time (h:mm:ss or m:ss): 1:53.38
	Average shared text size (kbytes): 0
	Average unshared data size (kbytes): 0
	Average stack size (kbytes): 0
	Average total size (kbytes): 0
	Maximum resident set size (kbytes): 2147684
	Average resident set size (kbytes): 0
	Major (requiring I/O) page faults: 274
	Minor (reclaiming a frame) page faults: 3416814
	Voluntary context switches: 11319
	Involuntary context switches: 5320
	Swaps: 0
	File system inputs: 0
	File system outputs: 463128
	Socket messages sent: 0
	Socket messages received: 0
	Signals delivered: 0
	Page size (bytes): 4096
	Exit status: 0
