nice: cannot set niceness: Permission denied
Precompiling packages...
  75390.8 ms  ✓ Pkg (serial)
  1 dependency successfully precompiled in 75 seconds
Precompiling packages...
   1475.4 ms  ✓ CommonWorldInvalidations
   1476.3 ms  ✓ Unicode
   1481.0 ms  ✓ SIMDTypes
   1485.7 ms  ✓ UnPack
   1598.5 ms  ✓ IfElse
   1761.6 ms  ✓ CompilerSupportLibraries_jll
   1761.0 ms  ✓ ManualMemory
   1801.1 ms  ✓ SciMLPublic
   1954.3 ms  ✓ DocStringExtensions
   2141.1 ms  ✓ Requires
   2169.7 ms  ✓ CpuId
   2374.9 ms  ✓ OffsetArrays
   1004.6 ms  ✓ Preferences
    488.8 ms  ✓ Adapt
    444.2 ms  ✓ PrecompileTools
    446.2 ms  ✓ OffsetArrays → OffsetArraysAdaptExt
   1996.9 ms  ✓ Compat
   2064.5 ms  ✓ ThreadingUtilities
    406.5 ms  ✓ Compat → CompatLinearAlgebraExt
   1522.5 ms  ✓ ArrayInterface
   5942.1 ms  ✓ Static
    358.7 ms  ✓ BitTwiddlingConvenienceFunctions
    843.2 ms  ✓ CPUSummary
    761.5 ms  ✓ HostCPUFeatures
    564.7 ms  ✓ PolyesterWeave
   2564.5 ms  ✓ StaticArrayInterface
    414.6 ms  ✓ StaticArrayInterface → StaticArrayInterfaceOffsetArraysExt
    413.5 ms  ✓ CloseOpenIntervals
    507.8 ms  ✓ LayoutPointers
   6183.6 ms  ✓ VectorizationBase
   1398.4 ms  ✓ SLEEFPirates
  16492.0 ms  ✓ LoopVectorization
  32 dependencies successfully precompiled in 36 seconds. 8 already precompiled.
	Command being timed: "nice -n -10 timeout -k120 -v 3600 julia +release --project=L/LoopVectorization/Dot-Product -e using Pkg; @time @eval Pkg.precompile()"
	User time (seconds): 196.37
	System time (seconds): 10.29
	Percent of CPU this job got: 184%
	Elapsed (wall clock) time (h:mm:ss or m:ss): 1:52.32
	Average shared text size (kbytes): 0
	Average unshared data size (kbytes): 0
	Average stack size (kbytes): 0
	Average total size (kbytes): 0
	Maximum resident set size (kbytes): 2153884
	Average resident set size (kbytes): 0
	Major (requiring I/O) page faults: 277
	Minor (reclaiming a frame) page faults: 3439700
	Voluntary context switches: 10942
	Involuntary context switches: 5920
	Swaps: 0
	File system inputs: 0
	File system outputs: 468792
	Socket messages sent: 0
	Socket messages received: 0
	Signals delivered: 0
	Page size (bytes): 4096
	Exit status: 0
