nice: cannot set niceness: Permission denied
Precompiling packages...
  75142.6 ms  ✓ Pkg (serial)
  1 dependency successfully precompiled in 75 seconds
Precompiling packages...
   1498.3 ms  ✓ SIMDTypes
   1606.5 ms  ✓ IfElse
   1602.3 ms  ✓ Unicode
   1686.6 ms  ✓ UnPack
   1696.4 ms  ✓ SciMLPublic
   1708.0 ms  ✓ CommonWorldInvalidations
   1725.3 ms  ✓ Adapt
   1718.6 ms  ✓ ManualMemory
   1734.7 ms  ✓ CompilerSupportLibraries_jll
   1886.4 ms  ✓ DocStringExtensions
   2162.8 ms  ✓ CpuId
   2361.3 ms  ✓ OffsetArrays
    910.9 ms  ✓ Preferences
    454.6 ms  ✓ OffsetArrays → OffsetArraysAdaptExt
    429.2 ms  ✓ PrecompileTools
   1870.8 ms  ✓ Compat
   1828.5 ms  ✓ ArrayInterface
   2019.2 ms  ✓ ThreadingUtilities
    373.9 ms  ✓ Compat → CompatLinearAlgebraExt
   9178.8 ms  ✓ Static
    386.8 ms  ✓ BitTwiddlingConvenienceFunctions
    852.6 ms  ✓ CPUSummary
    763.5 ms  ✓ HostCPUFeatures
    568.5 ms  ✓ PolyesterWeave
   1499.7 ms  ✓ StaticArrayInterface
    428.0 ms  ✓ CloseOpenIntervals
    429.3 ms  ✓ StaticArrayInterface → StaticArrayInterfaceOffsetArraysExt
    520.0 ms  ✓ LayoutPointers
   6679.9 ms  ✓ VectorizationBase
   1393.4 ms  ✓ SLEEFPirates
  16362.6 ms  ✓ LoopVectorization
  31 dependencies successfully precompiled in 39 seconds. 8 already precompiled.
	Command being timed: "nice -n -10 timeout -k120 -v 3600 julia +1.12.6 --project=L/LoopVectorization/Dot-Product -e using Pkg; @time @eval Pkg.precompile()"
	User time (seconds): 201.18
	System time (seconds): 10.26
	Percent of CPU this job got: 184%
	Elapsed (wall clock) time (h:mm:ss or m:ss): 1:54.77
	Average shared text size (kbytes): 0
	Average unshared data size (kbytes): 0
	Average stack size (kbytes): 0
	Average total size (kbytes): 0
	Maximum resident set size (kbytes): 2148304
	Average resident set size (kbytes): 0
	Major (requiring I/O) page faults: 342
	Minor (reclaiming a frame) page faults: 3466119
	Voluntary context switches: 10450
	Involuntary context switches: 5532
	Swaps: 0
	File system inputs: 0
	File system outputs: 478072
	Socket messages sent: 0
	Socket messages received: 0
	Signals delivered: 0
	Page size (bytes): 4096
	Exit status: 0
