nice: cannot set niceness: Permission denied
Precompiling packages...
  74725.7 ms  ✓ Pkg (serial)
  1 dependency successfully precompiled in 75 seconds
Precompiling packages...
   1465.9 ms  ✓ IfElse
   1462.1 ms  ✓ SciMLPublic
   1526.8 ms  ✓ SIMDTypes
   1621.2 ms  ✓ UnPack
   1641.1 ms  ✓ ManualMemory
   1670.5 ms  ✓ CommonWorldInvalidations
   1669.0 ms  ✓ CompilerSupportLibraries_jll
   1725.5 ms  ✓ Unicode
   1732.8 ms  ✓ Adapt
   1845.4 ms  ✓ DocStringExtensions
   2118.7 ms  ✓ CpuId
   2292.3 ms  ✓ OffsetArrays
    808.1 ms  ✓ Preferences
    467.7 ms  ✓ OffsetArrays → OffsetArraysAdaptExt
    419.1 ms  ✓ PrecompileTools
   1741.2 ms  ✓ Compat
   1738.5 ms  ✓ ArrayInterface
   2061.4 ms  ✓ ThreadingUtilities
    370.5 ms  ✓ Compat → CompatLinearAlgebraExt
   9004.7 ms  ✓ Static
    377.5 ms  ✓ BitTwiddlingConvenienceFunctions
    852.3 ms  ✓ CPUSummary
    748.7 ms  ✓ HostCPUFeatures
    545.9 ms  ✓ PolyesterWeave
   1524.8 ms  ✓ StaticArrayInterface
    408.1 ms  ✓ StaticArrayInterface → StaticArrayInterfaceOffsetArraysExt
    431.0 ms  ✓ CloseOpenIntervals
    520.2 ms  ✓ LayoutPointers
   6553.2 ms  ✓ VectorizationBase
   1391.1 ms  ✓ SLEEFPirates
  16690.6 ms  ✓ LoopVectorization
  31 dependencies successfully precompiled in 39 seconds. 8 already precompiled.
	Command being timed: "nice -n -10 timeout -k120 -v 3600 julia +1.12.6 --project=L/LoopVectorization/Dot-Product -e using Pkg; @time @eval Pkg.precompile()"
	User time (seconds): 199.91
	System time (seconds): 10.44
	Percent of CPU this job got: 183%
	Elapsed (wall clock) time (h:mm:ss or m:ss): 1:54.40
	Average shared text size (kbytes): 0
	Average unshared data size (kbytes): 0
	Average stack size (kbytes): 0
	Average total size (kbytes): 0
	Maximum resident set size (kbytes): 2154908
	Average resident set size (kbytes): 0
	Major (requiring I/O) page faults: 228
	Minor (reclaiming a frame) page faults: 3477529
	Voluntary context switches: 10750
	Involuntary context switches: 5519
	Swaps: 0
	File system inputs: 0
	File system outputs: 477456
	Socket messages sent: 0
	Socket messages received: 0
	Signals delivered: 0
	Page size (bytes): 4096
	Exit status: 0
