nice: cannot set niceness: Permission denied
Precompiling packages...
  74073.2 ms  ✓ Pkg (serial)
  1 dependency successfully precompiled in 74 seconds
Precompiling packages...
   1187.2 ms  ✓ CommonWorldInvalidations
   1367.5 ms  ✓ IfElse
   1363.8 ms  ✓ Unicode
   1362.4 ms  ✓ SIMDTypes
   1393.9 ms  ✓ UnPack
   1559.6 ms  ✓ ManualMemory
   1566.5 ms  ✓ SciMLPublic
   1656.9 ms  ✓ DocStringExtensions
   1810.9 ms  ✓ Requires
   1834.6 ms  ✓ CpuId
   2172.0 ms  ✓ OffsetArrays
    978.8 ms  ✓ Preferences
    547.2 ms  ✓ Adapt
    438.2 ms  ✓ PrecompileTools
    422.9 ms  ✓ OffsetArrays → OffsetArraysAdaptExt
   1881.1 ms  ✓ Compat
   2018.8 ms  ✓ ThreadingUtilities
    393.9 ms  ✓ Compat → CompatLinearAlgebraExt
   1480.4 ms  ✓ ArrayInterface
   3725.1 ms  ✓ Static
    357.7 ms  ✓ BitTwiddlingConvenienceFunctions
    850.3 ms  ✓ CPUSummary
    752.4 ms  ✓ HostCPUFeatures
    516.8 ms  ✓ PolyesterWeave
   5475.5 ms  ✓ StaticArrayInterface
    407.9 ms  ✓ StaticArrayInterface → StaticArrayInterfaceOffsetArraysExt
    429.6 ms  ✓ CloseOpenIntervals
    508.4 ms  ✓ LayoutPointers
   6158.8 ms  ✓ VectorizationBase
   1365.0 ms  ✓ SLEEFPirates
  16248.9 ms  ✓ LoopVectorization
  31 dependencies successfully precompiled in 36 seconds. 8 already precompiled.
	Command being timed: "nice -n -10 timeout -k120 -v 3600 julia +1.12.5 --project=L/LoopVectorization/Dot-Product -e using Pkg; @time @eval Pkg.precompile()"
	User time (seconds): 191.96
	System time (seconds): 10.03
	Percent of CPU this job got: 181%
	Elapsed (wall clock) time (h:mm:ss or m:ss): 1:51.13
	Average shared text size (kbytes): 0
	Average unshared data size (kbytes): 0
	Average stack size (kbytes): 0
	Average total size (kbytes): 0
	Maximum resident set size (kbytes): 2148372
	Average resident set size (kbytes): 0
	Major (requiring I/O) page faults: 445
	Minor (reclaiming a frame) page faults: 3427858
	Voluntary context switches: 12125
	Involuntary context switches: 5783
	Swaps: 0
	File system inputs: 896
	File system outputs: 465664
	Socket messages sent: 0
	Socket messages received: 0
	Signals delivered: 0
	Page size (bytes): 4096
	Exit status: 0
