nice: cannot set niceness: Permission denied
Precompiling packages...
    420.9 ms  ✓ IfElse
    439.9 ms  ✓ CommonWorldInvalidations
    496.4 ms  ✓ ManualMemory
    619.8 ms  ✓ DocStringExtensions
    461.6 ms  ✓ SIMDTypes
    515.2 ms  ✓ Unicode
    491.7 ms  ✓ UnPack
    941.7 ms  ✓ SciMLPublic
   1406.6 ms  ✓ OffsetArrays
    797.2 ms  ✓ Requires
    800.8 ms  ✓ CpuId
    620.1 ms  ✓ Compat
    488.4 ms  ✓ Adapt
   1329.0 ms  ✓ ThreadingUtilities
    445.9 ms  ✓ Compat → CompatLinearAlgebraExt
    405.9 ms  ✓ OffsetArrays → OffsetArraysAdaptExt
    541.2 ms  ✓ ArrayInterface
   1892.1 ms  ✓ Preferences
    366.1 ms  ✓ PrecompileTools
  18563.4 ms  ✓ Static
    401.1 ms  ✓ BitTwiddlingConvenienceFunctions
    837.2 ms  ✓ CPUSummary
    557.2 ms  ✓ PolyesterWeave
   1169.7 ms  ✓ HostCPUFeatures
  12592.8 ms  ✓ StaticArrayInterface
    434.3 ms  ✓ StaticArrayInterface → StaticArrayInterfaceOffsetArraysExt
    447.8 ms  ✓ CloseOpenIntervals
    527.3 ms  ✓ LayoutPointers
   5812.0 ms  ✓ VectorizationBase
    867.0 ms  ✓ SLEEFPirates
  18113.2 ms  ✓ LoopVectorization
  31 dependencies successfully precompiled in 60 seconds. 8 already precompiled.
	Command being timed: "nice -n -10 timeout -k120 -v 3600 julia +nightly --project=L/LoopVectorization/Dot-Product -e using Pkg; @time @eval Pkg.precompile()"
	User time (seconds): 227.34
	System time (seconds): 12.09
	Percent of CPU this job got: 136%
	Elapsed (wall clock) time (h:mm:ss or m:ss): 2:55.28
	Average shared text size (kbytes): 0
	Average unshared data size (kbytes): 0
	Average stack size (kbytes): 0
	Average total size (kbytes): 0
	Maximum resident set size (kbytes): 2589380
	Average resident set size (kbytes): 0
	Major (requiring I/O) page faults: 441
	Minor (reclaiming a frame) page faults: 4725373
	Voluntary context switches: 11854
	Involuntary context switches: 2258
	Swaps: 0
	File system inputs: 0
	File system outputs: 498792
	Socket messages sent: 0
	Socket messages received: 0
	Signals delivered: 0
	Page size (bytes): 4096
	Exit status: 0
