nice: cannot set niceness: Permission denied
Precompiling packages...
  75870.3 ms  ✓ Pkg (serial)
  1 dependency successfully precompiled in 76 seconds
Precompiling packages...
   1501.1 ms  ✓ UnPack
   1510.4 ms  ✓ CommonWorldInvalidations
   1611.2 ms  ✓ SIMDTypes
   1620.5 ms  ✓ IfElse
   1617.7 ms  ✓ SciMLPublic
   1630.6 ms  ✓ Adapt
   1644.2 ms  ✓ Unicode
   1706.8 ms  ✓ CompilerSupportLibraries_jll
   1708.7 ms  ✓ ManualMemory
   1914.6 ms  ✓ DocStringExtensions
   2135.6 ms  ✓ CpuId
   2315.4 ms  ✓ OffsetArrays
    870.5 ms  ✓ Preferences
    447.4 ms  ✓ OffsetArrays → OffsetArraysAdaptExt
    425.8 ms  ✓ PrecompileTools
   1798.0 ms  ✓ ArrayInterface
   1806.4 ms  ✓ Compat
   2061.8 ms  ✓ ThreadingUtilities
    388.2 ms  ✓ Compat → CompatLinearAlgebraExt
   9110.6 ms  ✓ Static
    378.9 ms  ✓ BitTwiddlingConvenienceFunctions
    855.3 ms  ✓ CPUSummary
    770.1 ms  ✓ HostCPUFeatures
    587.3 ms  ✓ PolyesterWeave
   1564.3 ms  ✓ StaticArrayInterface
    418.0 ms  ✓ StaticArrayInterface → StaticArrayInterfaceOffsetArraysExt
    457.5 ms  ✓ CloseOpenIntervals
    536.1 ms  ✓ LayoutPointers
   6626.7 ms  ✓ VectorizationBase
   1379.9 ms  ✓ SLEEFPirates
  16598.6 ms  ✓ LoopVectorization
  31 dependencies successfully precompiled in 39 seconds. 8 already precompiled.
	Command being timed: "nice -n -10 timeout -k120 -v 3600 julia +1.12.6 --project=L/LoopVectorization/Dot-Product -e using Pkg; @time @eval Pkg.precompile()"
	User time (seconds): 201.23
	System time (seconds): 10.35
	Percent of CPU this job got: 182%
	Elapsed (wall clock) time (h:mm:ss or m:ss): 1:55.64
	Average shared text size (kbytes): 0
	Average unshared data size (kbytes): 0
	Average stack size (kbytes): 0
	Average total size (kbytes): 0
	Maximum resident set size (kbytes): 2148976
	Average resident set size (kbytes): 0
	Major (requiring I/O) page faults: 294
	Minor (reclaiming a frame) page faults: 3465253
	Voluntary context switches: 11597
	Involuntary context switches: 5766
	Swaps: 0
	File system inputs: 0
	File system outputs: 477440
	Socket messages sent: 0
	Socket messages received: 0
	Signals delivered: 0
	Page size (bytes): 4096
	Exit status: 0
