Precompiling project...
    892.7 ms  ✓ IfElse
    970.2 ms  ✓ SIMDTypes
    979.0 ms  ✓ CommonWorldInvalidations
    983.1 ms  ✓ ManualMemory
   1000.5 ms  ✓ UnPack
   1006.7 ms  ✓ Unicode
   1209.1 ms  ✓ CompilerSupportLibraries_jll
   1255.5 ms  ✓ Requires
   1365.7 ms  ✓ DocStringExtensions
   1467.0 ms  ✓ CpuId
   1695.6 ms  ✓ OffsetArrays
    501.7 ms  ✓ Adapt
    841.4 ms  ✓ Compat
    860.0 ms  ✓ Preferences
    986.2 ms  ✓ ThreadingUtilities
    323.0 ms  ✓ Compat → CompatLinearAlgebraExt
    412.7 ms  ✓ OffsetArrays → OffsetArraysAdaptExt
    421.7 ms  ✓ ArrayInterface
    350.1 ms  ✓ PrecompileTools
    572.6 ms  ✓ Static
    307.1 ms  ✓ BitTwiddlingConvenienceFunctions
    684.8 ms  ✓ CPUSummary
    580.5 ms  ✓ HostCPUFeatures
    911.9 ms  ✓ StaticArrayInterface
    431.9 ms  ✓ PolyesterWeave
    359.2 ms  ✓ StaticArrayInterface → StaticArrayInterfaceOffsetArraysExt
    380.1 ms  ✓ CloseOpenIntervals
    442.1 ms  ✓ LayoutPointers
   4685.8 ms  ✓ VectorizationBase
    689.5 ms  ✓ SLEEFPirates
  15250.9 ms  ✓ LoopVectorization
  31 dependencies successfully precompiled in 25 seconds. 6 already precompiled.
	Command being timed: "julia +1.11.6 --project=L/LoopVectorization/Dot-Product -e using Pkg; @time @eval Pkg.precompile()"
	User time (seconds): 138.72
	System time (seconds): 8.00
	Percent of CPU this job got: 188%
	Elapsed (wall clock) time (h:mm:ss or m:ss): 1:17.79
	Average shared text size (kbytes): 0
	Average unshared data size (kbytes): 0
	Average stack size (kbytes): 0
	Average total size (kbytes): 0
	Maximum resident set size (kbytes): 2022000
	Average resident set size (kbytes): 0
	Major (requiring I/O) page faults: 204
	Minor (reclaiming a frame) page faults: 2665399
	Voluntary context switches: 70383
	Involuntary context switches: 5386
	Swaps: 0
	File system inputs: 0
	File system outputs: 521488
	Socket messages sent: 0
	Socket messages received: 0
	Signals delivered: 0
	Page size (bytes): 4096
	Exit status: 0
