nice: cannot set niceness: Permission denied
Precompiling packages...
    417.3 ms  ✓ IfElse
    422.5 ms  ✓ CommonWorldInvalidations
    490.1 ms  ✓ ManualMemory
    594.0 ms  ✓ DocStringExtensions
    435.9 ms  ✓ SIMDTypes
    502.3 ms  ✓ Unicode
    463.5 ms  ✓ UnPack
    867.7 ms  ✓ SciMLPublic
   1435.6 ms  ✓ OffsetArrays
    791.9 ms  ✓ Requires
    795.5 ms  ✓ CpuId
    574.1 ms  ✓ Compat
    448.0 ms  ✓ Adapt
   1189.5 ms  ✓ ThreadingUtilities
    462.2 ms  ✓ Compat → CompatLinearAlgebraExt
    403.9 ms  ✓ OffsetArrays → OffsetArraysAdaptExt
    509.8 ms  ✓ ArrayInterface
   1869.9 ms  ✓ Preferences
    354.3 ms  ✓ PrecompileTools
  15445.9 ms  ✓ Static
    386.2 ms  ✓ BitTwiddlingConvenienceFunctions
    838.7 ms  ✓ CPUSummary
    981.9 ms  ✓ HostCPUFeatures
    534.4 ms  ✓ PolyesterWeave
   3798.1 ms  ✓ StaticArrayInterface
    403.1 ms  ✓ StaticArrayInterface → StaticArrayInterfaceOffsetArraysExt
    436.3 ms  ✓ CloseOpenIntervals
    506.2 ms  ✓ LayoutPointers
   5938.4 ms  ✓ VectorizationBase
    866.4 ms  ✓ SLEEFPirates
  18902.0 ms  ✓ LoopVectorization
  31 dependencies successfully precompiled in 49 seconds. 8 already precompiled.
	Command being timed: "nice -n -10 timeout -k120 -v 3600 julia +alpha --project=L/LoopVectorization/Dot-Product -e using Pkg; @time @eval Pkg.precompile()"
	User time (seconds): 205.47
	System time (seconds): 10.89
	Percent of CPU this job got: 134%
	Elapsed (wall clock) time (h:mm:ss or m:ss): 2:40.79
	Average shared text size (kbytes): 0
	Average unshared data size (kbytes): 0
	Average stack size (kbytes): 0
	Average total size (kbytes): 0
	Maximum resident set size (kbytes): 2581900
	Average resident set size (kbytes): 0
	Major (requiring I/O) page faults: 249
	Minor (reclaiming a frame) page faults: 4302599
	Voluntary context switches: 11776
	Involuntary context switches: 2270
	Swaps: 0
	File system inputs: 0
	File system outputs: 469184
	Socket messages sent: 0
	Socket messages received: 0
	Signals delivered: 0
	Page size (bytes): 4096
	Exit status: 0
