nice: cannot set niceness: Permission denied
Precompiling packages...
    418.2 ms  ✓ CommonWorldInvalidations
    414.2 ms  ✓ IfElse
    473.5 ms  ✓ ManualMemory
    596.1 ms  ✓ DocStringExtensions
    421.8 ms  ✓ SIMDTypes
    494.2 ms  ✓ Unicode
    428.7 ms  ✓ UnPack
    883.9 ms  ✓ SciMLPublic
   1439.7 ms  ✓ OffsetArrays
    776.1 ms  ✓ Requires
    795.5 ms  ✓ CpuId
    586.2 ms  ✓ Compat
    479.0 ms  ✓ Adapt
   1139.5 ms  ✓ ThreadingUtilities
    440.4 ms  ✓ Compat → CompatLinearAlgebraExt
    377.2 ms  ✓ OffsetArrays → OffsetArraysAdaptExt
    520.2 ms  ✓ ArrayInterface
   1807.9 ms  ✓ Preferences
    347.8 ms  ✓ PrecompileTools
  16684.8 ms  ✓ Static
    383.6 ms  ✓ BitTwiddlingConvenienceFunctions
    807.5 ms  ✓ CPUSummary
    534.9 ms  ✓ PolyesterWeave
    993.0 ms  ✓ HostCPUFeatures
  10718.0 ms  ✓ StaticArrayInterface
    406.6 ms  ✓ StaticArrayInterface → StaticArrayInterfaceOffsetArraysExt
    433.3 ms  ✓ CloseOpenIntervals
    513.5 ms  ✓ LayoutPointers
   6159.5 ms  ✓ VectorizationBase
   1143.2 ms  ✓ SLEEFPirates
  19963.2 ms  ✓ LoopVectorization
  31 dependencies successfully precompiled in 59 seconds. 8 already precompiled.
	Command being timed: "nice -n -10 timeout -k120 -v 3600 julia +alpha --project=L/LoopVectorization/Dot-Product -e using Pkg; @time @eval Pkg.precompile()"
	User time (seconds): 217.60
	System time (seconds): 10.88
	Percent of CPU this job got: 133%
	Elapsed (wall clock) time (h:mm:ss or m:ss): 2:50.70
	Average shared text size (kbytes): 0
	Average unshared data size (kbytes): 0
	Average stack size (kbytes): 0
	Average total size (kbytes): 0
	Maximum resident set size (kbytes): 2788592
	Average resident set size (kbytes): 0
	Major (requiring I/O) page faults: 264
	Minor (reclaiming a frame) page faults: 4543010
	Voluntary context switches: 11280
	Involuntary context switches: 2524
	Swaps: 0
	File system inputs: 0
	File system outputs: 483240
	Socket messages sent: 0
	Socket messages received: 0
	Signals delivered: 0
	Page size (bytes): 4096
	Exit status: 0
