nice: cannot set niceness: Permission denied
Precompiling packages...
   1286.4 ms  ✓ UnPack
   1313.5 ms  ✓ SciMLPublic
   1319.1 ms  ✓ SIMDTypes
   1476.7 ms  ✓ IfElse
   1339.9 ms  ✓ CommonWorldInvalidations
   1432.5 ms  ✓ ManualMemory
   1457.0 ms  ✓ Requires
   1535.1 ms  ✓ Compat
   1559.6 ms  ✓ DocStringExtensions
   1660.4 ms  ✓ CpuId
   1720.2 ms  ✓ Preferences
   1933.8 ms  ✓ OffsetArrays
    410.8 ms  ✓ Compat → CompatLinearAlgebraExt
    486.2 ms  ✓ Adapt
    353.0 ms  ✓ PrecompileTools
    764.4 ms  ✓ ThreadingUtilities
    302.9 ms  ✓ OffsetArrays → OffsetArraysAdaptExt
    390.4 ms  ✓ ArrayInterface
    523.4 ms  ✓ Static
    277.4 ms  ✓ BitTwiddlingConvenienceFunctions
    586.9 ms  ✓ CPUSummary
    789.7 ms  ✓ StaticArrayInterface
    681.0 ms  ✓ HostCPUFeatures
    440.1 ms  ✓ PolyesterWeave
    358.3 ms  ✓ StaticArrayInterface → StaticArrayInterfaceOffsetArraysExt
    357.2 ms  ✓ CloseOpenIntervals
    427.9 ms  ✓ LayoutPointers
   4123.7 ms  ✓ VectorizationBase
    598.5 ms  ✓ SLEEFPirates
  11676.1 ms  ✓ LoopVectorization
  30 dependencies successfully precompiled in 21 seconds
	Command being timed: "nice -n -10 timeout -k120 -v 3600 julia +lts --project=L/LoopVectorization/Dot-Product -e using Pkg; @time @eval Pkg.precompile()"
	User time (seconds): 39.06
	System time (seconds): 4.94
	Percent of CPU this job got: 202%
	Elapsed (wall clock) time (h:mm:ss or m:ss): 0:21.75
	Average shared text size (kbytes): 0
	Average unshared data size (kbytes): 0
	Average stack size (kbytes): 0
	Average total size (kbytes): 0
	Maximum resident set size (kbytes): 854860
	Average resident set size (kbytes): 0
	Major (requiring I/O) page faults: 220
	Minor (reclaiming a frame) page faults: 1376102
	Voluntary context switches: 41709
	Involuntary context switches: 1788
	Swaps: 0
	File system inputs: 0
	File system outputs: 138696
	Socket messages sent: 0
	Socket messages received: 0
	Signals delivered: 0
	Page size (bytes): 4096
	Exit status: 0
