nice: cannot set niceness: Permission denied
Precompiling packages...
    437.0 ms  ✓ CommonWorldInvalidations
    440.0 ms  ✓ IfElse
    514.0 ms  ✓ ManualMemory
    624.9 ms  ✓ DocStringExtensions
    455.1 ms  ✓ SIMDTypes
    521.1 ms  ✓ Unicode
    473.1 ms  ✓ UnPack
    742.9 ms  ✓ SciMLPublic
   1338.0 ms  ✓ OffsetArrays
    784.9 ms  ✓ Requires
    782.8 ms  ✓ CpuId
    629.2 ms  ✓ Compat
    478.3 ms  ✓ Adapt
   1206.2 ms  ✓ ThreadingUtilities
    433.4 ms  ✓ Compat → CompatLinearAlgebraExt
    384.0 ms  ✓ OffsetArrays → OffsetArraysAdaptExt
    535.6 ms  ✓ ArrayInterface
   1650.4 ms  ✓ Preferences
    365.3 ms  ✓ PrecompileTools
  13754.6 ms  ✓ Static
    405.0 ms  ✓ BitTwiddlingConvenienceFunctions
    828.6 ms  ✓ CPUSummary
    578.2 ms  ✓ PolyesterWeave
   1087.0 ms  ✓ HostCPUFeatures
  10022.4 ms  ✓ StaticArrayInterface
    455.6 ms  ✓ StaticArrayInterface → StaticArrayInterfaceOffsetArraysExt
    478.1 ms  ✓ CloseOpenIntervals
    547.4 ms  ✓ LayoutPointers
   5670.1 ms  ✓ VectorizationBase
    876.1 ms  ✓ SLEEFPirates
  17232.3 ms  ✓ LoopVectorization
  31 dependencies successfully precompiled in 51 seconds. 8 already precompiled.
	Command being timed: "nice -n -10 timeout -k120 -v 3600 julia +nightly --project=L/LoopVectorization/Dot-Product -e using Pkg; @time @eval Pkg.precompile()"
	User time (seconds): 201.43
	System time (seconds): 10.72
	Percent of CPU this job got: 136%
	Elapsed (wall clock) time (h:mm:ss or m:ss): 2:35.97
	Average shared text size (kbytes): 0
	Average unshared data size (kbytes): 0
	Average stack size (kbytes): 0
	Average total size (kbytes): 0
	Maximum resident set size (kbytes): 2227108
	Average resident set size (kbytes): 0
	Major (requiring I/O) page faults: 299
	Minor (reclaiming a frame) page faults: 4194731
	Voluntary context switches: 12029
	Involuntary context switches: 2273
	Swaps: 0
	File system inputs: 0
	File system outputs: 481536
	Socket messages sent: 0
	Socket messages received: 0
	Signals delivered: 0
	Page size (bytes): 4096
	Exit status: 0
