nice: cannot set niceness: Permission denied
Precompiling packages...
    426.3 ms  ✓ CommonWorldInvalidations
    425.0 ms  ✓ IfElse
    480.3 ms  ✓ ManualMemory
    598.7 ms  ✓ DocStringExtensions
    444.9 ms  ✓ SIMDTypes
    518.0 ms  ✓ Unicode
    463.4 ms  ✓ UnPack
    931.9 ms  ✓ SciMLPublic
   1423.4 ms  ✓ OffsetArrays
    778.1 ms  ✓ Requires
    786.7 ms  ✓ CpuId
    579.9 ms  ✓ Compat
    452.4 ms  ✓ Adapt
   1154.5 ms  ✓ ThreadingUtilities
    455.5 ms  ✓ Compat → CompatLinearAlgebraExt
    387.5 ms  ✓ OffsetArrays → OffsetArraysAdaptExt
    523.3 ms  ✓ ArrayInterface
   1462.3 ms  ✓ Preferences
    353.3 ms  ✓ PrecompileTools
  16209.9 ms  ✓ Static
    388.3 ms  ✓ BitTwiddlingConvenienceFunctions
    815.7 ms  ✓ CPUSummary
    537.9 ms  ✓ PolyesterWeave
    993.5 ms  ✓ HostCPUFeatures
  10792.0 ms  ✓ StaticArrayInterface
    424.1 ms  ✓ StaticArrayInterface → StaticArrayInterfaceOffsetArraysExt
    437.9 ms  ✓ CloseOpenIntervals
    514.4 ms  ✓ LayoutPointers
   6106.2 ms  ✓ VectorizationBase
   1213.0 ms  ✓ SLEEFPirates
  20051.5 ms  ✓ LoopVectorization
  31 dependencies successfully precompiled in 58 seconds. 8 already precompiled.
	Command being timed: "nice -n -10 timeout -k120 -v 3600 julia +alpha --project=L/LoopVectorization/Dot-Product -e using Pkg; @time @eval Pkg.precompile()"
	User time (seconds): 214.88
	System time (seconds): 11.54
	Percent of CPU this job got: 134%
	Elapsed (wall clock) time (h:mm:ss or m:ss): 2:47.82
	Average shared text size (kbytes): 0
	Average unshared data size (kbytes): 0
	Average stack size (kbytes): 0
	Average total size (kbytes): 0
	Maximum resident set size (kbytes): 2633868
	Average resident set size (kbytes): 0
	Major (requiring I/O) page faults: 444
	Minor (reclaiming a frame) page faults: 4464618
	Voluntary context switches: 11608
	Involuntary context switches: 2212
	Swaps: 0
	File system inputs: 0
	File system outputs: 482760
	Socket messages sent: 0
	Socket messages received: 0
	Signals delivered: 0
	Page size (bytes): 4096
	Exit status: 0
