nice: cannot set niceness: Permission denied
Precompiling packages...
    409.0 ms  ✓ IfElse
    419.6 ms  ✓ CommonWorldInvalidations
    492.4 ms  ✓ ManualMemory
    609.8 ms  ✓ DocStringExtensions
    439.1 ms  ✓ SIMDTypes
    517.6 ms  ✓ Unicode
    494.5 ms  ✓ UnPack
   1459.8 ms  ✓ OffsetArrays
   1129.5 ms  ✓ SciMLPublic
    798.1 ms  ✓ Requires
    830.2 ms  ✓ CpuId
    579.0 ms  ✓ Compat
    460.4 ms  ✓ Adapt
   1233.6 ms  ✓ ThreadingUtilities
    398.1 ms  ✓ OffsetArrays → OffsetArraysAdaptExt
    427.0 ms  ✓ Compat → CompatLinearAlgebraExt
    534.2 ms  ✓ ArrayInterface
   1827.2 ms  ✓ Preferences
    361.8 ms  ✓ PrecompileTools
  17157.3 ms  ✓ Static
    387.4 ms  ✓ BitTwiddlingConvenienceFunctions
    812.0 ms  ✓ CPUSummary
    541.4 ms  ✓ PolyesterWeave
   1050.6 ms  ✓ HostCPUFeatures
  13395.5 ms  ✓ StaticArrayInterface
    419.3 ms  ✓ StaticArrayInterface → StaticArrayInterfaceOffsetArraysExt
    418.0 ms  ✓ CloseOpenIntervals
    502.6 ms  ✓ LayoutPointers
   5778.3 ms  ✓ VectorizationBase
    865.5 ms  ✓ SLEEFPirates
  18788.5 ms  ✓ LoopVectorization
  31 dependencies successfully precompiled in 60 seconds. 8 already precompiled.
	Command being timed: "nice -n -10 timeout -k120 -v 3600 julia +nightly --project=L/LoopVectorization/Dot-Product -e using Pkg; @time @eval Pkg.precompile()"
	User time (seconds): 236.40
	System time (seconds): 11.85
	Percent of CPU this job got: 132%
	Elapsed (wall clock) time (h:mm:ss or m:ss): 3:07.04
	Average shared text size (kbytes): 0
	Average unshared data size (kbytes): 0
	Average stack size (kbytes): 0
	Average total size (kbytes): 0
	Maximum resident set size (kbytes): 2509916
	Average resident set size (kbytes): 0
	Major (requiring I/O) page faults: 279
	Minor (reclaiming a frame) page faults: 4670496
	Voluntary context switches: 11644
	Involuntary context switches: 2689
	Swaps: 0
	File system inputs: 0
	File system outputs: 488728
	Socket messages sent: 0
	Socket messages received: 0
	Signals delivered: 0
	Page size (bytes): 4096
	Exit status: 0
