nice: cannot set niceness: Permission denied
Precompiling packages...
  75094.0 ms  ✓ Pkg (serial)
  1 dependency successfully precompiled in 75 seconds
Precompiling packages...
   1475.0 ms  ✓ IfElse
   1572.0 ms  ✓ CommonWorldInvalidations
   1598.4 ms  ✓ Unicode
   1596.2 ms  ✓ SIMDTypes
   1661.5 ms  ✓ UnPack
   1682.6 ms  ✓ SciMLPublic
   1707.0 ms  ✓ Adapt
   1744.1 ms  ✓ CompilerSupportLibraries_jll
   1767.6 ms  ✓ ManualMemory
   1864.9 ms  ✓ DocStringExtensions
   2101.8 ms  ✓ CpuId
   2225.2 ms  ✓ OffsetArrays
    908.5 ms  ✓ Preferences
    462.3 ms  ✓ OffsetArrays → OffsetArraysAdaptExt
    417.2 ms  ✓ PrecompileTools
   1863.1 ms  ✓ Compat
   1771.4 ms  ✓ ArrayInterface
   1969.7 ms  ✓ ThreadingUtilities
    369.9 ms  ✓ Compat → CompatLinearAlgebraExt
   6005.6 ms  ✓ Static
    360.1 ms  ✓ BitTwiddlingConvenienceFunctions
    840.3 ms  ✓ CPUSummary
    750.0 ms  ✓ HostCPUFeatures
    531.0 ms  ✓ PolyesterWeave
   2491.3 ms  ✓ StaticArrayInterface
    413.4 ms  ✓ StaticArrayInterface → StaticArrayInterfaceOffsetArraysExt
    477.5 ms  ✓ CloseOpenIntervals
    501.9 ms  ✓ LayoutPointers
   6220.9 ms  ✓ VectorizationBase
   1411.0 ms  ✓ SLEEFPirates
  16504.6 ms  ✓ LoopVectorization
  31 dependencies successfully precompiled in 36 seconds. 8 already precompiled.
	Command being timed: "nice -n -10 timeout -k120 -v 3600 julia +1.12.6 --project=L/LoopVectorization/Dot-Product -e using Pkg; @time @eval Pkg.precompile()"
	User time (seconds): 194.76
	System time (seconds): 10.26
	Percent of CPU this job got: 182%
	Elapsed (wall clock) time (h:mm:ss or m:ss): 1:52.14
	Average shared text size (kbytes): 0
	Average unshared data size (kbytes): 0
	Average stack size (kbytes): 0
	Average total size (kbytes): 0
	Maximum resident set size (kbytes): 2149180
	Average resident set size (kbytes): 0
	Major (requiring I/O) page faults: 253
	Minor (reclaiming a frame) page faults: 3406079
	Voluntary context switches: 10902
	Involuntary context switches: 5948
	Swaps: 0
	File system inputs: 0
	File system outputs: 469832
	Socket messages sent: 0
	Socket messages received: 0
	Signals delivered: 0
	Page size (bytes): 4096
	Exit status: 0
