nice: cannot set niceness: Permission denied
Precompiling packages...
  74012.2 ms  ✓ Pkg (serial)
  1 dependency successfully precompiled in 74 seconds
Precompiling packages...
   1156.9 ms  ✓ IfElse
   1252.4 ms  ✓ SIMDTypes
   1272.2 ms  ✓ CommonWorldInvalidations
   1277.9 ms  ✓ Unicode
   1273.6 ms  ✓ ManualMemory
   1325.4 ms  ✓ UnPack
   1562.1 ms  ✓ SciMLPublic
   1728.0 ms  ✓ DocStringExtensions
   1893.5 ms  ✓ Requires
   1919.6 ms  ✓ CpuId
   2086.8 ms  ✓ OffsetArrays
    952.4 ms  ✓ Preferences
    498.7 ms  ✓ Adapt
    441.5 ms  ✓ PrecompileTools
    436.6 ms  ✓ OffsetArrays → OffsetArraysAdaptExt
   1914.7 ms  ✓ Compat
   2162.3 ms  ✓ ThreadingUtilities
    376.9 ms  ✓ Compat → CompatLinearAlgebraExt
   1424.0 ms  ✓ ArrayInterface
   3773.8 ms  ✓ Static
    371.7 ms  ✓ BitTwiddlingConvenienceFunctions
    834.2 ms  ✓ CPUSummary
    748.5 ms  ✓ HostCPUFeatures
    526.6 ms  ✓ PolyesterWeave
   5475.6 ms  ✓ StaticArrayInterface
    405.3 ms  ✓ StaticArrayInterface → StaticArrayInterfaceOffsetArraysExt
    430.3 ms  ✓ CloseOpenIntervals
    497.7 ms  ✓ LayoutPointers
   6122.6 ms  ✓ VectorizationBase
   1353.3 ms  ✓ SLEEFPirates
  16166.9 ms  ✓ LoopVectorization
  31 dependencies successfully precompiled in 36 seconds. 8 already precompiled.
	Command being timed: "nice -n -10 timeout -k120 -v 3600 julia +1.12.5 --project=L/LoopVectorization/Dot-Product -e using Pkg; @time @eval Pkg.precompile()"
	User time (seconds): 192.13
	System time (seconds): 10.11
	Percent of CPU this job got: 182%
	Elapsed (wall clock) time (h:mm:ss or m:ss): 1:50.93
	Average shared text size (kbytes): 0
	Average unshared data size (kbytes): 0
	Average stack size (kbytes): 0
	Average total size (kbytes): 0
	Maximum resident set size (kbytes): 2148256
	Average resident set size (kbytes): 0
	Major (requiring I/O) page faults: 294
	Minor (reclaiming a frame) page faults: 3430847
	Voluntary context switches: 10573
	Involuntary context switches: 5928
	Swaps: 0
	File system inputs: 0
	File system outputs: 466680
	Socket messages sent: 0
	Socket messages received: 0
	Signals delivered: 0
	Page size (bytes): 4096
	Exit status: 0
