nice: cannot set niceness: Permission denied
Precompiling packages...
  74943.1 ms  ✓ Pkg (serial)
  1 dependency successfully precompiled in 75 seconds
Precompiling packages...
   1440.4 ms  ✓ IfElse
   1505.0 ms  ✓ SciMLPublic
   1618.4 ms  ✓ CommonWorldInvalidations
   1617.6 ms  ✓ UnPack
   1631.8 ms  ✓ SIMDTypes
   1638.8 ms  ✓ Unicode
   1736.2 ms  ✓ CompilerSupportLibraries_jll
   1744.6 ms  ✓ Adapt
   1753.4 ms  ✓ ManualMemory
   1938.2 ms  ✓ DocStringExtensions
   2208.2 ms  ✓ CpuId
   2404.0 ms  ✓ OffsetArrays
    904.5 ms  ✓ Preferences
    449.6 ms  ✓ OffsetArrays → OffsetArraysAdaptExt
    451.9 ms  ✓ PrecompileTools
   1894.9 ms  ✓ Compat
   1861.6 ms  ✓ ArrayInterface
   2069.6 ms  ✓ ThreadingUtilities
    375.5 ms  ✓ Compat → CompatLinearAlgebraExt
   9153.6 ms  ✓ Static
    376.0 ms  ✓ BitTwiddlingConvenienceFunctions
    860.0 ms  ✓ CPUSummary
    754.1 ms  ✓ HostCPUFeatures
    560.3 ms  ✓ PolyesterWeave
   1515.5 ms  ✓ StaticArrayInterface
    409.2 ms  ✓ StaticArrayInterface → StaticArrayInterfaceOffsetArraysExt
    440.4 ms  ✓ CloseOpenIntervals
    507.1 ms  ✓ LayoutPointers
   6609.3 ms  ✓ VectorizationBase
   1378.1 ms  ✓ SLEEFPirates
  16305.6 ms  ✓ LoopVectorization
  31 dependencies successfully precompiled in 38 seconds. 8 already precompiled.
	Command being timed: "nice -n -10 timeout -k120 -v 3600 julia +release --project=L/LoopVectorization/Dot-Product -e using Pkg; @time @eval Pkg.precompile()"
	User time (seconds): 200.36
	System time (seconds): 10.34
	Percent of CPU this job got: 184%
	Elapsed (wall clock) time (h:mm:ss or m:ss): 1:54.44
	Average shared text size (kbytes): 0
	Average unshared data size (kbytes): 0
	Average stack size (kbytes): 0
	Average total size (kbytes): 0
	Maximum resident set size (kbytes): 2147260
	Average resident set size (kbytes): 0
	Major (requiring I/O) page faults: 226
	Minor (reclaiming a frame) page faults: 3462946
	Voluntary context switches: 11376
	Involuntary context switches: 5709
	Swaps: 0
	File system inputs: 0
	File system outputs: 477632
	Socket messages sent: 0
	Socket messages received: 0
	Signals delivered: 0
	Page size (bytes): 4096
	Exit status: 0
