nice: cannot set niceness: Permission denied
Precompiling packages...
  75511.5 ms  ✓ Pkg (serial)
  1 dependency successfully precompiled in 76 seconds
Precompiling packages...
   1686.1 ms  ✓ SIMDTypes
   1678.8 ms  ✓ UnPack
   1714.5 ms  ✓ IfElse
   1692.8 ms  ✓ CommonWorldInvalidations
   1730.3 ms  ✓ Unicode
   1821.9 ms  ✓ Adapt
   1812.3 ms  ✓ CompilerSupportLibraries_jll
   1804.8 ms  ✓ ManualMemory
   1813.3 ms  ✓ DocStringExtensions
   1903.4 ms  ✓ SciMLPublic
   2108.7 ms  ✓ CpuId
   2374.4 ms  ✓ OffsetArrays
    788.5 ms  ✓ Preferences
    459.4 ms  ✓ OffsetArrays → OffsetArraysAdaptExt
    445.4 ms  ✓ PrecompileTools
   1760.5 ms  ✓ ArrayInterface
   1829.8 ms  ✓ Compat
   1996.0 ms  ✓ ThreadingUtilities
    365.5 ms  ✓ Compat → CompatLinearAlgebraExt
   6231.3 ms  ✓ Static
    361.1 ms  ✓ BitTwiddlingConvenienceFunctions
    842.1 ms  ✓ CPUSummary
    758.9 ms  ✓ HostCPUFeatures
    523.8 ms  ✓ PolyesterWeave
   2556.7 ms  ✓ StaticArrayInterface
    399.1 ms  ✓ StaticArrayInterface → StaticArrayInterfaceOffsetArraysExt
    443.7 ms  ✓ CloseOpenIntervals
    506.4 ms  ✓ LayoutPointers
   6553.2 ms  ✓ VectorizationBase
   1380.3 ms  ✓ SLEEFPirates
  16536.2 ms  ✓ LoopVectorization
  31 dependencies successfully precompiled in 37 seconds. 8 already precompiled.
	Command being timed: "nice -n -10 timeout -k120 -v 3600 julia +1.12.6 --project=L/LoopVectorization/Dot-Product -e using Pkg; @time @eval Pkg.precompile()"
	User time (seconds): 195.27
	System time (seconds): 10.39
	Percent of CPU this job got: 181%
	Elapsed (wall clock) time (h:mm:ss or m:ss): 1:53.29
	Average shared text size (kbytes): 0
	Average unshared data size (kbytes): 0
	Average stack size (kbytes): 0
	Average total size (kbytes): 0
	Maximum resident set size (kbytes): 2153272
	Average resident set size (kbytes): 0
	Major (requiring I/O) page faults: 244
	Minor (reclaiming a frame) page faults: 3408217
	Voluntary context switches: 10325
	Involuntary context switches: 5474
	Swaps: 0
	File system inputs: 0
	File system outputs: 471024
	Socket messages sent: 0
	Socket messages received: 0
	Signals delivered: 0
	Page size (bytes): 4096
	Exit status: 0
