nice: cannot set niceness: Permission denied
Precompiling packages...
  76034.9 ms  ✓ Pkg (serial)
  1 dependency successfully precompiled in 76 seconds
Precompiling packages...
   1325.4 ms  ✓ SIMDTypes
   1449.6 ms  ✓ IfElse
   1451.9 ms  ✓ SciMLPublic
   1531.3 ms  ✓ Unicode
   1622.8 ms  ✓ UnPack
   1663.5 ms  ✓ CompilerSupportLibraries_jll
   1731.7 ms  ✓ CommonWorldInvalidations
   1725.7 ms  ✓ ManualMemory
   1775.1 ms  ✓ Adapt
   1957.2 ms  ✓ DocStringExtensions
   2116.9 ms  ✓ CpuId
   2345.4 ms  ✓ OffsetArrays
    942.7 ms  ✓ Preferences
    490.4 ms  ✓ OffsetArrays → OffsetArraysAdaptExt
    463.5 ms  ✓ PrecompileTools
   1956.4 ms  ✓ Compat
   1822.7 ms  ✓ ArrayInterface
   2057.2 ms  ✓ ThreadingUtilities
    378.9 ms  ✓ Compat → CompatLinearAlgebraExt
   9203.6 ms  ✓ Static
    380.8 ms  ✓ BitTwiddlingConvenienceFunctions
    874.5 ms  ✓ CPUSummary
    771.8 ms  ✓ HostCPUFeatures
    551.1 ms  ✓ PolyesterWeave
   1610.0 ms  ✓ StaticArrayInterface
    420.4 ms  ✓ StaticArrayInterface → StaticArrayInterfaceOffsetArraysExt
    438.8 ms  ✓ CloseOpenIntervals
    521.7 ms  ✓ LayoutPointers
   6664.2 ms  ✓ VectorizationBase
   1398.0 ms  ✓ SLEEFPirates
  16391.6 ms  ✓ LoopVectorization
  31 dependencies successfully precompiled in 39 seconds. 8 already precompiled.
  8 dependencies precompiled but different versions are currently loaded (Base64, Dates, JuliaSyntaxHighlighting, Markdown, Printf, StyledStrings, TOML and UUIDs). Restart julia to access the new versions. Otherwise, 17 dependents of these packages may trigger further precompilation to work with the unexpected versions.
	Command being timed: "nice -n -10 timeout -k120 -v 3600 julia +1.12.7 --project=L/LoopVectorization/Dot-Product -e using Pkg; @time @eval Pkg.precompile()"
	User time (seconds): 204.00
	System time (seconds): 10.40
	Percent of CPU this job got: 185%
	Elapsed (wall clock) time (h:mm:ss or m:ss): 1:55.85
	Average shared text size (kbytes): 0
	Average unshared data size (kbytes): 0
	Average stack size (kbytes): 0
	Average total size (kbytes): 0
	Maximum resident set size (kbytes): 2164160
	Average resident set size (kbytes): 0
	Major (requiring I/O) page faults: 228
	Minor (reclaiming a frame) page faults: 3482850
	Voluntary context switches: 11057
	Involuntary context switches: 6286
	Swaps: 0
	File system inputs: 0
	File system outputs: 482344
	Socket messages sent: 0
	Socket messages received: 0
	Signals delivered: 0
	Page size (bytes): 4096
	Exit status: 0
