nice: cannot set niceness: Permission denied
Precompiling project...
   1107.9 ms  ✓ SIMDTypes
   1135.6 ms  ✓ IfElse
   1312.9 ms  ✓ CommonWorldInvalidations
   1323.3 ms  ✓ UnPack
   1349.3 ms  ✓ Unicode
   1405.7 ms  ✓ CompilerSupportLibraries_jll
   1407.9 ms  ✓ ManualMemory
   1435.1 ms  ✓ SciMLPublic
   1559.8 ms  ✓ Requires
   1611.2 ms  ✓ DocStringExtensions
   1815.4 ms  ✓ CpuId
   2101.1 ms  ✓ OffsetArrays
    787.8 ms  ✓ Compat
    669.5 ms  ✓ Adapt
    867.8 ms  ✓ Preferences
   1045.3 ms  ✓ ThreadingUtilities
    480.0 ms  ✓ Compat → CompatLinearAlgebraExt
    410.3 ms  ✓ OffsetArrays → OffsetArraysAdaptExt
    415.3 ms  ✓ PrecompileTools
    490.4 ms  ✓ ArrayInterface
    615.5 ms  ✓ Static
    344.6 ms  ✓ BitTwiddlingConvenienceFunctions
    777.3 ms  ✓ CPUSummary
    632.2 ms  ✓ HostCPUFeatures
    975.2 ms  ✓ StaticArrayInterface
    503.8 ms  ✓ PolyesterWeave
    395.3 ms  ✓ CloseOpenIntervals
    396.6 ms  ✓ StaticArrayInterface → StaticArrayInterfaceOffsetArraysExt
    473.6 ms  ✓ LayoutPointers
   4867.7 ms  ✓ VectorizationBase
    718.6 ms  ✓ SLEEFPirates
  16964.8 ms  ✓ LoopVectorization
  32 dependencies successfully precompiled in 27 seconds. 6 already precompiled.
  1 dependency had output during precompilation:
┌ VectorizationBase
│  WARNING: using Static.static_first in module VectorizationBase conflicts with an existing identifier.
│  WARNING: using Static.static_last in module VectorizationBase conflicts with an existing identifier.
└  
	Command being timed: "nice -n -10 timeout -k120 -v 3600 julia +1.11.7 --project=L/LoopVectorization/Dot-Product -e using Pkg; @time @eval Pkg.precompile()"
	User time (seconds): 153.98
	System time (seconds): 9.55
	Percent of CPU this job got: 191%
	Elapsed (wall clock) time (h:mm:ss or m:ss): 1:25.22
	Average shared text size (kbytes): 0
	Average unshared data size (kbytes): 0
	Average stack size (kbytes): 0
	Average total size (kbytes): 0
	Maximum resident set size (kbytes): 2032316
	Average resident set size (kbytes): 0
	Major (requiring I/O) page faults: 214
	Minor (reclaiming a frame) page faults: 2712614
	Voluntary context switches: 71298
	Involuntary context switches: 6306
	Swaps: 0
	File system inputs: 0
	File system outputs: 523040
	Socket messages sent: 0
	Socket messages received: 0
	Signals delivered: 0
	Page size (bytes): 4096
	Exit status: 0
