nice: cannot set niceness: Permission denied
Precompiling packages...
   1167.1 ms  ✓ SciMLPublic
   1263.3 ms  ✓ SIMDTypes
   1260.7 ms  ✓ UnPack
   1475.4 ms  ✓ IfElse
   1328.8 ms  ✓ CommonWorldInvalidations
   1341.5 ms  ✓ ManualMemory
   1421.0 ms  ✓ Requires
   1480.5 ms  ✓ Compat
   1522.4 ms  ✓ DocStringExtensions
   1580.3 ms  ✓ CpuId
   1657.1 ms  ✓ Preferences
   1865.8 ms  ✓ OffsetArrays
    449.8 ms  ✓ Adapt
    410.5 ms  ✓ Compat → CompatLinearAlgebraExt
    366.3 ms  ✓ PrecompileTools
    762.5 ms  ✓ ThreadingUtilities
    306.4 ms  ✓ OffsetArrays → OffsetArraysAdaptExt
    393.1 ms  ✓ ArrayInterface
    528.5 ms  ✓ Static
    278.2 ms  ✓ BitTwiddlingConvenienceFunctions
    587.8 ms  ✓ CPUSummary
    830.1 ms  ✓ StaticArrayInterface
    695.0 ms  ✓ HostCPUFeatures
    417.9 ms  ✓ PolyesterWeave
    346.4 ms  ✓ CloseOpenIntervals
    352.8 ms  ✓ StaticArrayInterface → StaticArrayInterfaceOffsetArraysExt
    414.7 ms  ✓ LayoutPointers
   4029.4 ms  ✓ VectorizationBase
    598.4 ms  ✓ SLEEFPirates
  11647.0 ms  ✓ LoopVectorization
  30 dependencies successfully precompiled in 21 seconds
	Command being timed: "nice -n -10 timeout -k120 -v 3600 julia +lts --project=L/LoopVectorization/Dot-Product -e using Pkg; @time @eval Pkg.precompile()"
	User time (seconds): 38.64
	System time (seconds): 5.06
	Percent of CPU this job got: 202%
	Elapsed (wall clock) time (h:mm:ss or m:ss): 0:21.53
	Average shared text size (kbytes): 0
	Average unshared data size (kbytes): 0
	Average stack size (kbytes): 0
	Average total size (kbytes): 0
	Maximum resident set size (kbytes): 824288
	Average resident set size (kbytes): 0
	Major (requiring I/O) page faults: 118
	Minor (reclaiming a frame) page faults: 1362194
	Voluntary context switches: 41711
	Involuntary context switches: 1765
	Swaps: 0
	File system inputs: 0
	File system outputs: 137008
	Socket messages sent: 0
	Socket messages received: 0
	Signals delivered: 0
	Page size (bytes): 4096
	Exit status: 0
