nice: cannot set niceness: Permission denied
Precompiling packages...
   1493.2 ms  ✓ IfElse
   1345.0 ms  ✓ SIMDTypes
   1340.6 ms  ✓ UnPack
   1348.0 ms  ✓ CommonWorldInvalidations
   1416.6 ms  ✓ SciMLPublic
   1423.4 ms  ✓ ManualMemory
   1446.4 ms  ✓ Requires
   1555.7 ms  ✓ Compat
   1563.9 ms  ✓ CpuId
   1614.4 ms  ✓ DocStringExtensions
   1700.1 ms  ✓ Preferences
    479.5 ms  ✓ Adapt
    405.8 ms  ✓ Compat → CompatLinearAlgebraExt
   1989.9 ms  ✓ OffsetArrays
    363.8 ms  ✓ PrecompileTools
    767.3 ms  ✓ ThreadingUtilities
    302.6 ms  ✓ OffsetArrays → OffsetArraysAdaptExt
    416.7 ms  ✓ ArrayInterface
    533.8 ms  ✓ Static
    296.9 ms  ✓ BitTwiddlingConvenienceFunctions
    596.9 ms  ✓ CPUSummary
    856.6 ms  ✓ StaticArrayInterface
    683.9 ms  ✓ HostCPUFeatures
    432.9 ms  ✓ PolyesterWeave
    350.2 ms  ✓ CloseOpenIntervals
    351.4 ms  ✓ StaticArrayInterface → StaticArrayInterfaceOffsetArraysExt
    428.9 ms  ✓ LayoutPointers
   4159.7 ms  ✓ VectorizationBase
    610.8 ms  ✓ SLEEFPirates
  11605.1 ms  ✓ LoopVectorization
  30 dependencies successfully precompiled in 21 seconds
	Command being timed: "nice -n -10 timeout -k120 -v 3600 julia +lts --project=L/LoopVectorization/Dot-Product -e using Pkg; @time @eval Pkg.precompile()"
	User time (seconds): 38.93
	System time (seconds): 5.04
	Percent of CPU this job got: 202%
	Elapsed (wall clock) time (h:mm:ss or m:ss): 0:21.77
	Average shared text size (kbytes): 0
	Average unshared data size (kbytes): 0
	Average stack size (kbytes): 0
	Average total size (kbytes): 0
	Maximum resident set size (kbytes): 833956
	Average resident set size (kbytes): 0
	Major (requiring I/O) page faults: 124
	Minor (reclaiming a frame) page faults: 1362177
	Voluntary context switches: 41413
	Involuntary context switches: 2575
	Swaps: 0
	File system inputs: 208
	File system outputs: 136168
	Socket messages sent: 0
	Socket messages received: 0
	Signals delivered: 0
	Page size (bytes): 4096
	Exit status: 0
