nice: cannot set niceness: Permission denied
Precompiling packages...
  75105.3 ms  ✓ Pkg (serial)
  1 dependency successfully precompiled in 75 seconds
Precompiling packages...
   1394.4 ms  ✓ SIMDTypes
   1486.5 ms  ✓ CommonWorldInvalidations
   1515.6 ms  ✓ IfElse
   1591.7 ms  ✓ UnPack
   1619.0 ms  ✓ CompilerSupportLibraries_jll
   1677.2 ms  ✓ ManualMemory
   1688.2 ms  ✓ Unicode
   1786.1 ms  ✓ SciMLPublic
   1807.4 ms  ✓ DocStringExtensions
   1999.2 ms  ✓ Requires
   2130.3 ms  ✓ CpuId
   2327.9 ms  ✓ OffsetArrays
    504.7 ms  ✓ Adapt
    827.0 ms  ✓ Preferences
    437.2 ms  ✓ OffsetArrays → OffsetArraysAdaptExt
    444.8 ms  ✓ PrecompileTools
   1819.4 ms  ✓ Compat
   2070.1 ms  ✓ ThreadingUtilities
    384.9 ms  ✓ Compat → CompatLinearAlgebraExt
   1504.2 ms  ✓ ArrayInterface
   6171.2 ms  ✓ Static
    365.5 ms  ✓ BitTwiddlingConvenienceFunctions
    831.9 ms  ✓ CPUSummary
    766.0 ms  ✓ HostCPUFeatures
    536.4 ms  ✓ PolyesterWeave
   2467.8 ms  ✓ StaticArrayInterface
    396.9 ms  ✓ StaticArrayInterface → StaticArrayInterfaceOffsetArraysExt
    437.5 ms  ✓ CloseOpenIntervals
    515.1 ms  ✓ LayoutPointers
   6196.8 ms  ✓ VectorizationBase
   1406.4 ms  ✓ SLEEFPirates
  16626.5 ms  ✓ LoopVectorization
  32 dependencies successfully precompiled in 36 seconds. 8 already precompiled.
	Command being timed: "nice -n -10 timeout -k120 -v 3600 julia +release --project=L/LoopVectorization/Dot-Product -e using Pkg; @time @eval Pkg.precompile()"
	User time (seconds): 195.67
	System time (seconds): 10.49
	Percent of CPU this job got: 183%
	Elapsed (wall clock) time (h:mm:ss or m:ss): 1:52.38
	Average shared text size (kbytes): 0
	Average unshared data size (kbytes): 0
	Average stack size (kbytes): 0
	Average total size (kbytes): 0
	Maximum resident set size (kbytes): 2147308
	Average resident set size (kbytes): 0
	Major (requiring I/O) page faults: 259
	Minor (reclaiming a frame) page faults: 3461326
	Voluntary context switches: 10842
	Involuntary context switches: 5561
	Swaps: 0
	File system inputs: 0
	File system outputs: 469744
	Socket messages sent: 0
	Socket messages received: 0
	Signals delivered: 0
	Page size (bytes): 4096
	Exit status: 0
