nice: cannot set niceness: Permission denied
Precompiling packages...
   1271.1 ms  ✓ SciMLPublic
   1278.9 ms  ✓ SIMDTypes
   1420.2 ms  ✓ IfElse
   1299.3 ms  ✓ CommonWorldInvalidations
   1295.3 ms  ✓ UnPack
   1394.5 ms  ✓ ManualMemory
   1416.3 ms  ✓ Requires
   1512.9 ms  ✓ Compat
   1563.8 ms  ✓ DocStringExtensions
   1620.0 ms  ✓ CpuId
   1661.6 ms  ✓ Preferences
    500.5 ms  ✓ Adapt
   1917.9 ms  ✓ OffsetArrays
    417.0 ms  ✓ Compat → CompatLinearAlgebraExt
    378.8 ms  ✓ PrecompileTools
    788.5 ms  ✓ ThreadingUtilities
    322.5 ms  ✓ OffsetArrays → OffsetArraysAdaptExt
    394.7 ms  ✓ ArrayInterface
    530.8 ms  ✓ Static
    282.4 ms  ✓ BitTwiddlingConvenienceFunctions
    593.7 ms  ✓ CPUSummary
    800.2 ms  ✓ StaticArrayInterface
    728.7 ms  ✓ HostCPUFeatures
    437.5 ms  ✓ PolyesterWeave
    364.1 ms  ✓ CloseOpenIntervals
    366.2 ms  ✓ StaticArrayInterface → StaticArrayInterfaceOffsetArraysExt
    427.4 ms  ✓ LayoutPointers
   4051.6 ms  ✓ VectorizationBase
    609.9 ms  ✓ SLEEFPirates
  11664.4 ms  ✓ LoopVectorization
  30 dependencies successfully precompiled in 21 seconds
	Command being timed: "nice -n -10 timeout -k120 -v 3600 julia +lts --project=L/LoopVectorization/Dot-Product -e using Pkg; @time @eval Pkg.precompile()"
	User time (seconds): 38.73
	System time (seconds): 4.96
	Percent of CPU this job got: 201%
	Elapsed (wall clock) time (h:mm:ss or m:ss): 0:21.71
	Average shared text size (kbytes): 0
	Average unshared data size (kbytes): 0
	Average stack size (kbytes): 0
	Average total size (kbytes): 0
	Maximum resident set size (kbytes): 827100
	Average resident set size (kbytes): 0
	Major (requiring I/O) page faults: 112
	Minor (reclaiming a frame) page faults: 1362152
	Voluntary context switches: 42009
	Involuntary context switches: 1780
	Swaps: 0
	File system inputs: 2912
	File system outputs: 140640
	Socket messages sent: 0
	Socket messages received: 0
	Signals delivered: 0
	Page size (bytes): 4096
	Exit status: 0
