nice: cannot set niceness: Permission denied
Precompiling packages...
    436.9 ms  ✓ IfElse
    458.6 ms  ✓ CommonWorldInvalidations
    514.9 ms  ✓ ManualMemory
    631.5 ms  ✓ DocStringExtensions
    459.1 ms  ✓ SIMDTypes
    543.3 ms  ✓ Unicode
    496.6 ms  ✓ UnPack
    792.1 ms  ✓ SciMLPublic
   1477.1 ms  ✓ OffsetArrays
    854.6 ms  ✓ Requires
    847.5 ms  ✓ CpuId
    633.5 ms  ✓ Compat
    472.4 ms  ✓ Adapt
   1129.1 ms  ✓ ThreadingUtilities
    438.5 ms  ✓ Compat → CompatLinearAlgebraExt
    399.1 ms  ✓ OffsetArrays → OffsetArraysAdaptExt
    516.3 ms  ✓ ArrayInterface
   1633.6 ms  ✓ Preferences
    462.4 ms  ✓ PrecompileTools
  18927.4 ms  ✓ Static
    516.4 ms  ✓ BitTwiddlingConvenienceFunctions
   1135.7 ms  ✓ CPUSummary
   1278.7 ms  ✓ HostCPUFeatures
    662.5 ms  ✓ PolyesterWeave
   7284.6 ms  ✓ StaticArrayInterface
    530.9 ms  ✓ StaticArrayInterface → StaticArrayInterfaceOffsetArraysExt
    555.7 ms  ✓ CloseOpenIntervals
    647.4 ms  ✓ LayoutPointers
   6078.1 ms  ✓ VectorizationBase
    993.3 ms  ✓ SLEEFPirates
  17949.9 ms  ✓ LoopVectorization
  31 dependencies successfully precompiled in 55 seconds. 8 already precompiled.
	Command being timed: "nice -n -10 timeout -k120 -v 3600 julia +nightly --project=L/LoopVectorization/Dot-Product -e using Pkg; @time @eval Pkg.precompile()"
	User time (seconds): 207.17
	System time (seconds): 11.29
	Percent of CPU this job got: 135%
	Elapsed (wall clock) time (h:mm:ss or m:ss): 2:40.74
	Average shared text size (kbytes): 0
	Average unshared data size (kbytes): 0
	Average stack size (kbytes): 0
	Average total size (kbytes): 0
	Maximum resident set size (kbytes): 2232504
	Average resident set size (kbytes): 0
	Major (requiring I/O) page faults: 271
	Minor (reclaiming a frame) page faults: 4370850
	Voluntary context switches: 11426
	Involuntary context switches: 2245
	Swaps: 0
	File system inputs: 0
	File system outputs: 481696
	Socket messages sent: 0
	Socket messages received: 0
	Signals delivered: 0
	Page size (bytes): 4096
	Exit status: 0
