nice: cannot set niceness: Permission denied
Precompiling packages...
    907.3 ms  ✓ UnPack
    990.4 ms  ✓ ManualMemory
   1142.2 ms  ✓ IfElse
   1004.1 ms  ✓ SIMDTypes
   1071.8 ms  ✓ Adapt
   1172.5 ms  ✓ Compat
   1271.2 ms  ✓ DocStringExtensions
   1286.5 ms  ✓ CpuId
   1368.7 ms  ✓ Preferences
   1607.4 ms  ✓ OffsetArrays
    438.1 ms  ✓ Compat → CompatLinearAlgebraExt
    540.1 ms  ✓ ArrayInterface
    348.7 ms  ✓ PrecompileTools
    774.7 ms  ✓ ThreadingUtilities
    315.0 ms  ✓ OffsetArrays → OffsetArraysAdaptExt
    352.1 ms  ✓ CommonWorldInvalidations
    366.8 ms  ✓ SciMLPublic
    531.8 ms  ✓ Static
    293.6 ms  ✓ BitTwiddlingConvenienceFunctions
    583.7 ms  ✓ CPUSummary
    860.0 ms  ✓ StaticArrayInterface
    690.2 ms  ✓ HostCPUFeatures
    416.2 ms  ✓ PolyesterWeave
    353.6 ms  ✓ StaticArrayInterface → StaticArrayInterfaceOffsetArraysExt
    352.6 ms  ✓ CloseOpenIntervals
    418.3 ms  ✓ LayoutPointers
   4386.4 ms  ✓ VectorizationBase
    613.4 ms  ✓ SLEEFPirates
  11880.6 ms  ✓ LoopVectorization
  29 dependencies successfully precompiled in 21 seconds
	Command being timed: "nice -n -10 timeout -k120 -v 3600 julia +lts --project=L/LoopVectorization/Dot-Product -e using Pkg; @time @eval Pkg.precompile()"
	User time (seconds): 39.54
	System time (seconds): 4.58
	Percent of CPU this job got: 194%
	Elapsed (wall clock) time (h:mm:ss or m:ss): 0:22.66
	Average shared text size (kbytes): 0
	Average unshared data size (kbytes): 0
	Average stack size (kbytes): 0
	Average total size (kbytes): 0
	Maximum resident set size (kbytes): 840204
	Average resident set size (kbytes): 0
	Major (requiring I/O) page faults: 104
	Minor (reclaiming a frame) page faults: 1342025
	Voluntary context switches: 40305
	Involuntary context switches: 2693
	Swaps: 0
	File system inputs: 0
	File system outputs: 149528
	Socket messages sent: 0
	Socket messages received: 0
	Signals delivered: 0
	Page size (bytes): 4096
	Exit status: 0
