nice: cannot set niceness: Permission denied
Precompiling packages...
    984.0 ms  ✓ UnPack
   1191.9 ms  ✓ IfElse
   1067.1 ms  ✓ SIMDTypes
   1071.7 ms  ✓ ManualMemory
   1139.5 ms  ✓ Adapt
   1254.2 ms  ✓ Compat
   1295.3 ms  ✓ DocStringExtensions
   1357.3 ms  ✓ CpuId
   1365.2 ms  ✓ Preferences
   1664.7 ms  ✓ OffsetArrays
    545.9 ms  ✓ ArrayInterface
    433.7 ms  ✓ Compat → CompatLinearAlgebraExt
    355.4 ms  ✓ PrecompileTools
    785.2 ms  ✓ ThreadingUtilities
    304.3 ms  ✓ OffsetArrays → OffsetArraysAdaptExt
    359.2 ms  ✓ CommonWorldInvalidations
    361.0 ms  ✓ SciMLPublic
    538.6 ms  ✓ Static
    292.4 ms  ✓ BitTwiddlingConvenienceFunctions
    606.8 ms  ✓ CPUSummary
    815.2 ms  ✓ StaticArrayInterface
    741.4 ms  ✓ HostCPUFeatures
    449.0 ms  ✓ PolyesterWeave
    376.8 ms  ✓ CloseOpenIntervals
    388.3 ms  ✓ StaticArrayInterface → StaticArrayInterfaceOffsetArraysExt
    443.9 ms  ✓ LayoutPointers
   4415.4 ms  ✓ VectorizationBase
    609.7 ms  ✓ SLEEFPirates
  11894.6 ms  ✓ LoopVectorization
  29 dependencies successfully precompiled in 21 seconds
	Command being timed: "nice -n -10 timeout -k120 -v 3600 julia +lts --project=L/LoopVectorization/Dot-Product -e using Pkg; @time @eval Pkg.precompile()"
	User time (seconds): 39.61
	System time (seconds): 4.74
	Percent of CPU this job got: 195%
	Elapsed (wall clock) time (h:mm:ss or m:ss): 0:22.65
	Average shared text size (kbytes): 0
	Average unshared data size (kbytes): 0
	Average stack size (kbytes): 0
	Average total size (kbytes): 0
	Maximum resident set size (kbytes): 854584
	Average resident set size (kbytes): 0
	Major (requiring I/O) page faults: 100
	Minor (reclaiming a frame) page faults: 1344072
	Voluntary context switches: 39931
	Involuntary context switches: 2091
	Swaps: 0
	File system inputs: 0
	File system outputs: 148920
	Socket messages sent: 0
	Socket messages received: 0
	Signals delivered: 0
	Page size (bytes): 4096
	Exit status: 0
