nice: cannot set niceness: Permission denied
Precompiling packages...
   1053.2 ms  ✓ IfElse
    923.4 ms  ✓ UnPack
   1015.4 ms  ✓ SIMDTypes
   1027.7 ms  ✓ Adapt
   1108.6 ms  ✓ ManualMemory
   1176.7 ms  ✓ DocStringExtensions
   1219.8 ms  ✓ Compat
   1285.2 ms  ✓ CpuId
   1329.1 ms  ✓ Preferences
   1537.6 ms  ✓ OffsetArrays
    579.0 ms  ✓ ArrayInterface
    415.2 ms  ✓ Compat → CompatLinearAlgebraExt
    357.6 ms  ✓ PrecompileTools
    714.4 ms  ✓ ThreadingUtilities
    334.6 ms  ✓ OffsetArrays → OffsetArraysAdaptExt
    359.4 ms  ✓ SciMLPublic
    360.7 ms  ✓ CommonWorldInvalidations
    535.2 ms  ✓ Static
    288.4 ms  ✓ BitTwiddlingConvenienceFunctions
    614.9 ms  ✓ CPUSummary
    861.3 ms  ✓ StaticArrayInterface
    720.4 ms  ✓ HostCPUFeatures
    447.9 ms  ✓ PolyesterWeave
    359.0 ms  ✓ StaticArrayInterface → StaticArrayInterfaceOffsetArraysExt
    367.3 ms  ✓ CloseOpenIntervals
    426.2 ms  ✓ LayoutPointers
   4423.0 ms  ✓ VectorizationBase
    604.7 ms  ✓ SLEEFPirates
  12001.8 ms  ✓ LoopVectorization
  29 dependencies successfully precompiled in 22 seconds
	Command being timed: "nice -n -10 timeout -k120 -v 3600 julia +lts --project=L/LoopVectorization/Dot-Product -e using Pkg; @time @eval Pkg.precompile()"
	User time (seconds): 39.68
	System time (seconds): 4.63
	Percent of CPU this job got: 194%
	Elapsed (wall clock) time (h:mm:ss or m:ss): 0:22.75
	Average shared text size (kbytes): 0
	Average unshared data size (kbytes): 0
	Average stack size (kbytes): 0
	Average total size (kbytes): 0
	Maximum resident set size (kbytes): 848640
	Average resident set size (kbytes): 0
	Major (requiring I/O) page faults: 96
	Minor (reclaiming a frame) page faults: 1338337
	Voluntary context switches: 39727
	Involuntary context switches: 2231
	Swaps: 0
	File system inputs: 192
	File system outputs: 149168
	Socket messages sent: 0
	Socket messages received: 0
	Signals delivered: 0
	Page size (bytes): 4096
	Exit status: 0
