nice: cannot set niceness: Permission denied
Precompiling packages...
    382.5 ms  ✓ Unicode
    562.7 ms  ✓ Serialization
    731.3 ms  ✓ SuiteSparse_jll
   1632.2 ms  ✓ Preferences
    364.5 ms  ✓ PrecompileTools
   1493.0 ms  ✓ RecipesBase
   3414.8 ms  ✓ SparseArrays
   1181.7 ms  ✓ IterativeSolvers
  8 dependencies successfully precompiled in 5 seconds. 3 already precompiled.
	Command being timed: "nice -n -10 timeout -k120 -v 3600 julia +nightly --project=I/IterativeSolvers/Conjugate-Gradient-Solve -e using Pkg; @time @eval Pkg.precompile()"
	User time (seconds): 159.46
	System time (seconds): 7.42
	Percent of CPU this job got: 128%
	Elapsed (wall clock) time (h:mm:ss or m:ss): 2:10.35
	Average shared text size (kbytes): 0
	Average unshared data size (kbytes): 0
	Average stack size (kbytes): 0
	Average total size (kbytes): 0
	Maximum resident set size (kbytes): 2503280
	Average resident set size (kbytes): 0
	Major (requiring I/O) page faults: 235
	Minor (reclaiming a frame) page faults: 2970599
	Voluntary context switches: 7194
	Involuntary context switches: 1584
	Swaps: 0
	File system inputs: 0
	File system outputs: 361224
	Socket messages sent: 0
	Socket messages received: 0
	Signals delivered: 0
	Page size (bytes): 4096
	Exit status: 0
