nice: cannot set niceness: Permission denied
Precompiling packages...
    381.6 ms  ✓ Unicode
    557.2 ms  ✓ Serialization
    686.8 ms  ✓ SuiteSparse_jll
   1274.3 ms  ✓ Preferences
    365.5 ms  ✓ PrecompileTools
   1481.4 ms  ✓ RecipesBase
   3133.2 ms  ✓ SparseArrays
   1206.0 ms  ✓ IterativeSolvers
  8 dependencies successfully precompiled in 5 seconds. 3 already precompiled.
	Command being timed: "nice -n -10 timeout -k120 -v 3600 julia +alpha --project=I/IterativeSolvers/Conjugate-Gradient-Solve -e using Pkg; @time @eval Pkg.precompile()"
	User time (seconds): 140.55
	System time (seconds): 7.13
	Percent of CPU this job got: 130%
	Elapsed (wall clock) time (h:mm:ss or m:ss): 1:53.09
	Average shared text size (kbytes): 0
	Average unshared data size (kbytes): 0
	Average stack size (kbytes): 0
	Average total size (kbytes): 0
	Maximum resident set size (kbytes): 2584872
	Average resident set size (kbytes): 0
	Major (requiring I/O) page faults: 155
	Minor (reclaiming a frame) page faults: 2790750
	Voluntary context switches: 6730
	Involuntary context switches: 1289
	Swaps: 0
	File system inputs: 0
	File system outputs: 354864
	Socket messages sent: 0
	Socket messages received: 0
	Signals delivered: 0
	Page size (bytes): 4096
	Exit status: 0
