nice: cannot set niceness: Permission denied
Precompiling packages...
    372.0 ms  ✓ Unicode
    542.9 ms  ✓ Serialization
    673.8 ms  ✓ SuiteSparse_jll
   1646.5 ms  ✓ Preferences
    410.8 ms  ✓ PrecompileTools
   3492.3 ms  ✓ SparseArrays
   1756.4 ms  ✓ RecipesBase
   1257.5 ms  ✓ IterativeSolvers
  8 dependencies successfully precompiled in 5 seconds. 3 already precompiled.
	Command being timed: "nice -n -10 timeout -k120 -v 3600 julia +alpha --project=I/IterativeSolvers/Conjugate-Gradient-Solve -e using Pkg; @time @eval Pkg.precompile()"
	User time (seconds): 144.55
	System time (seconds): 7.06
	Percent of CPU this job got: 130%
	Elapsed (wall clock) time (h:mm:ss or m:ss): 1:55.78
	Average shared text size (kbytes): 0
	Average unshared data size (kbytes): 0
	Average stack size (kbytes): 0
	Average total size (kbytes): 0
	Maximum resident set size (kbytes): 2584428
	Average resident set size (kbytes): 0
	Major (requiring I/O) page faults: 147
	Minor (reclaiming a frame) page faults: 2847239
	Voluntary context switches: 7196
	Involuntary context switches: 1416
	Swaps: 0
	File system inputs: 0
	File system outputs: 357584
	Socket messages sent: 0
	Socket messages received: 0
	Signals delivered: 0
	Page size (bytes): 4096
	Exit status: 0
