nice: cannot set niceness: Permission denied
Precompiling packages...
    398.0 ms  ✓ Unicode
    585.4 ms  ✓ Serialization
    781.5 ms  ✓ SuiteSparse_jll
   1603.2 ms  ✓ Preferences
    372.6 ms  ✓ PrecompileTools
   1511.0 ms  ✓ RecipesBase
   3452.9 ms  ✓ SparseArrays
   1206.3 ms  ✓ IterativeSolvers
  8 dependencies successfully precompiled in 5 seconds. 3 already precompiled.
	Command being timed: "nice -n -10 timeout -k120 -v 3600 julia +nightly --project=I/IterativeSolvers/Conjugate-Gradient-Solve -e using Pkg; @time @eval Pkg.precompile()"
	User time (seconds): 153.85
	System time (seconds): 7.53
	Percent of CPU this job got: 131%
	Elapsed (wall clock) time (h:mm:ss or m:ss): 2:02.71
	Average shared text size (kbytes): 0
	Average unshared data size (kbytes): 0
	Average stack size (kbytes): 0
	Average total size (kbytes): 0
	Maximum resident set size (kbytes): 2571336
	Average resident set size (kbytes): 0
	Major (requiring I/O) page faults: 152
	Minor (reclaiming a frame) page faults: 3007429
	Voluntary context switches: 7031
	Involuntary context switches: 1373
	Swaps: 0
	File system inputs: 0
	File system outputs: 371104
	Socket messages sent: 0
	Socket messages received: 0
	Signals delivered: 0
	Page size (bytes): 4096
	Exit status: 0
