nice: cannot set niceness: Permission denied
Precompiling packages...
  75836.6 ms  ✓ Pkg (serial)
  1 dependency successfully precompiled in 76 seconds
Precompiling packages...
    388.1 ms  ✓ Unicode
    405.1 ms  ✓ CompilerSupportLibraries_jll
    428.6 ms  ✓ SuiteSparse_jll
    578.3 ms  ✓ Serialization
    553.6 ms  ✓ Preferences
    374.6 ms  ✓ PrecompileTools
   1112.8 ms  ✓ RecipesBase
   3826.3 ms  ✓ SparseArrays
   1943.2 ms  ✓ IterativeSolvers
  9 dependencies successfully precompiled in 6 seconds. 3 already precompiled.
	Command being timed: "nice -n -10 timeout -k120 -v 3600 julia +1.12.6 --project=I/IterativeSolvers/Conjugate-Gradient-Solve -e using Pkg; @time @eval Pkg.precompile()"
	User time (seconds): 133.80
	System time (seconds): 5.95
	Percent of CPU this job got: 167%
	Elapsed (wall clock) time (h:mm:ss or m:ss): 1:23.21
	Average shared text size (kbytes): 0
	Average unshared data size (kbytes): 0
	Average stack size (kbytes): 0
	Average total size (kbytes): 0
	Maximum resident set size (kbytes): 2149032
	Average resident set size (kbytes): 0
	Major (requiring I/O) page faults: 218
	Minor (reclaiming a frame) page faults: 2161029
	Voluntary context switches: 7545
	Involuntary context switches: 3294
	Swaps: 0
	File system inputs: 0
	File system outputs: 351696
	Socket messages sent: 0
	Socket messages received: 0
	Signals delivered: 0
	Page size (bytes): 4096
	Exit status: 0
