nice: cannot set niceness: Permission denied
Precompiling packages...
    385.4 ms  ✓ Unicode
    587.2 ms  ✓ Serialization
    712.3 ms  ✓ SuiteSparse_jll
   1725.8 ms  ✓ Preferences
    369.5 ms  ✓ PrecompileTools
   1528.8 ms  ✓ RecipesBase
   3428.7 ms  ✓ SparseArrays
   1194.7 ms  ✓ IterativeSolvers
  8 dependencies successfully precompiled in 5 seconds. 3 already precompiled.
	Command being timed: "nice -n -10 timeout -k120 -v 3600 julia +nightly --project=I/IterativeSolvers/Conjugate-Gradient-Solve -e using Pkg; @time @eval Pkg.precompile()"
	User time (seconds): 162.14
	System time (seconds): 7.55
	Percent of CPU this job got: 128%
	Elapsed (wall clock) time (h:mm:ss or m:ss): 2:11.91
	Average shared text size (kbytes): 0
	Average unshared data size (kbytes): 0
	Average stack size (kbytes): 0
	Average total size (kbytes): 0
	Maximum resident set size (kbytes): 2536320
	Average resident set size (kbytes): 0
	Major (requiring I/O) page faults: 153
	Minor (reclaiming a frame) page faults: 2983263
	Voluntary context switches: 7248
	Involuntary context switches: 1285
	Swaps: 0
	File system inputs: 0
	File system outputs: 364080
	Socket messages sent: 0
	Socket messages received: 0
	Signals delivered: 0
	Page size (bytes): 4096
	Exit status: 0
