nice: cannot set niceness: Permission denied
Precompiling packages...
  75972.1 ms  ✓ Pkg (serial)
  1 dependency successfully precompiled in 76 seconds
Precompiling packages...
    387.9 ms  ✓ Unicode
    415.9 ms  ✓ CompilerSupportLibraries_jll
    431.7 ms  ✓ SuiteSparse_jll
    574.9 ms  ✓ Serialization
    559.5 ms  ✓ Preferences
    361.5 ms  ✓ PrecompileTools
   1097.8 ms  ✓ RecipesBase
   3794.2 ms  ✓ SparseArrays
   2007.2 ms  ✓ IterativeSolvers
  9 dependencies successfully precompiled in 6 seconds. 3 already precompiled.
  3 dependencies precompiled but different versions are currently loaded (Dates, Printf and TOML). Restart julia to access the new versions. Otherwise, 4 dependents of these packages may trigger further precompilation to work with the unexpected versions.
	Command being timed: "nice -n -10 timeout -k120 -v 3600 julia +release --project=I/IterativeSolvers/Conjugate-Gradient-Solve -e using Pkg; @time @eval Pkg.precompile()"
	User time (seconds): 135.01
	System time (seconds): 5.95
	Percent of CPU this job got: 169%
	Elapsed (wall clock) time (h:mm:ss or m:ss): 1:23.40
	Average shared text size (kbytes): 0
	Average unshared data size (kbytes): 0
	Average stack size (kbytes): 0
	Average total size (kbytes): 0
	Maximum resident set size (kbytes): 2163544
	Average resident set size (kbytes): 0
	Major (requiring I/O) page faults: 154
	Minor (reclaiming a frame) page faults: 2163725
	Voluntary context switches: 6664
	Involuntary context switches: 3891
	Swaps: 0
	File system inputs: 0
	File system outputs: 354808
	Socket messages sent: 0
	Socket messages received: 0
	Signals delivered: 0
	Page size (bytes): 4096
	Exit status: 0
