nice: cannot set niceness: Permission denied
Precompiling packages...
  73288.1 ms  ✓ Pkg (serial)
  1 dependency successfully precompiled in 73 seconds
Precompiling packages...
    365.8 ms  ✓ Unicode
    403.9 ms  ✓ SuiteSparse_jll
    552.5 ms  ✓ Serialization
    529.4 ms  ✓ Preferences
    347.1 ms  ✓ PrecompileTools
   1084.4 ms  ✓ RecipesBase
   3755.1 ms  ✓ SparseArrays
   1975.0 ms  ✓ IterativeSolvers
  8 dependencies successfully precompiled in 6 seconds. 3 already precompiled.
	Command being timed: "nice -n -10 timeout -k120 -v 3600 julia +release --project=I/IterativeSolvers/Conjugate-Gradient-Solve -e using Pkg; @time @eval Pkg.precompile()"
	User time (seconds): 128.53
	System time (seconds): 5.75
	Percent of CPU this job got: 167%
	Elapsed (wall clock) time (h:mm:ss or m:ss): 1:20.39
	Average shared text size (kbytes): 0
	Average unshared data size (kbytes): 0
	Average stack size (kbytes): 0
	Average total size (kbytes): 0
	Maximum resident set size (kbytes): 2146864
	Average resident set size (kbytes): 0
	Major (requiring I/O) page faults: 148
	Minor (reclaiming a frame) page faults: 2127613
	Voluntary context switches: 6837
	Involuntary context switches: 3545
	Swaps: 0
	File system inputs: 0
	File system outputs: 344376
	Socket messages sent: 0
	Socket messages received: 0
	Signals delivered: 0
	Page size (bytes): 4096
	Exit status: 0
