nice: cannot set niceness: Permission denied
Precompiling packages...
  72518.0 ms  ✓ Pkg (serial)
  1 dependency successfully precompiled in 73 seconds
Precompiling packages...
    362.6 ms  ✓ Unicode
    404.3 ms  ✓ SuiteSparse_jll
    549.8 ms  ✓ Serialization
    523.9 ms  ✓ Preferences
    341.6 ms  ✓ PrecompileTools
   1084.0 ms  ✓ RecipesBase
   3781.9 ms  ✓ SparseArrays
   1969.5 ms  ✓ IterativeSolvers
  8 dependencies successfully precompiled in 6 seconds. 3 already precompiled.
	Command being timed: "nice -n -10 timeout -k120 -v 3600 julia +1.12.4 --project=I/IterativeSolvers/Conjugate-Gradient-Solve -e using Pkg; @time @eval Pkg.precompile()"
	User time (seconds): 128.53
	System time (seconds): 5.79
	Percent of CPU this job got: 169%
	Elapsed (wall clock) time (h:mm:ss or m:ss): 1:19.47
	Average shared text size (kbytes): 0
	Average unshared data size (kbytes): 0
	Average stack size (kbytes): 0
	Average total size (kbytes): 0
	Maximum resident set size (kbytes): 2048460
	Average resident set size (kbytes): 0
	Major (requiring I/O) page faults: 175
	Minor (reclaiming a frame) page faults: 2112606
	Voluntary context switches: 6669
	Involuntary context switches: 3544
	Swaps: 0
	File system inputs: 0
	File system outputs: 339952
	Socket messages sent: 0
	Socket messages received: 0
	Signals delivered: 0
	Page size (bytes): 4096
	Exit status: 0
