nice: cannot set niceness: Permission denied
Precompiling packages...
    379.6 ms  ✓ Unicode
    556.3 ms  ✓ Serialization
    690.5 ms  ✓ SuiteSparse_jll
   1256.5 ms  ✓ Preferences
    357.5 ms  ✓ PrecompileTools
   1494.8 ms  ✓ RecipesBase
   3129.8 ms  ✓ SparseArrays
   1187.8 ms  ✓ IterativeSolvers
  8 dependencies successfully precompiled in 5 seconds. 3 already precompiled.
	Command being timed: "nice -n -10 timeout -k120 -v 3600 julia +alpha --project=I/IterativeSolvers/Conjugate-Gradient-Solve -e using Pkg; @time @eval Pkg.precompile()"
	User time (seconds): 139.00
	System time (seconds): 7.02
	Percent of CPU this job got: 130%
	Elapsed (wall clock) time (h:mm:ss or m:ss): 1:51.76
	Average shared text size (kbytes): 0
	Average unshared data size (kbytes): 0
	Average stack size (kbytes): 0
	Average total size (kbytes): 0
	Maximum resident set size (kbytes): 2567544
	Average resident set size (kbytes): 0
	Major (requiring I/O) page faults: 208
	Minor (reclaiming a frame) page faults: 2784883
	Voluntary context switches: 6781
	Involuntary context switches: 1872
	Swaps: 0
	File system inputs: 0
	File system outputs: 353720
	Socket messages sent: 0
	Socket messages received: 0
	Signals delivered: 0
	Page size (bytes): 4096
	Exit status: 0
