nice: cannot set niceness: Permission denied
Precompiling packages...
  75225.6 ms  ✓ Pkg (serial)
  1 dependency successfully precompiled in 75 seconds
Precompiling packages...
    396.7 ms  ✓ Unicode
    414.2 ms  ✓ CompilerSupportLibraries_jll
    434.8 ms  ✓ SuiteSparse_jll
    593.4 ms  ✓ Serialization
    531.9 ms  ✓ Preferences
    371.2 ms  ✓ PrecompileTools
   1089.8 ms  ✓ RecipesBase
   3848.7 ms  ✓ SparseArrays
   1992.9 ms  ✓ IterativeSolvers
  9 dependencies successfully precompiled in 6 seconds. 3 already precompiled.
	Command being timed: "nice -n -10 timeout -k120 -v 3600 julia +release --project=I/IterativeSolvers/Conjugate-Gradient-Solve -e using Pkg; @time @eval Pkg.precompile()"
	User time (seconds): 133.42
	System time (seconds): 6.03
	Percent of CPU this job got: 168%
	Elapsed (wall clock) time (h:mm:ss or m:ss): 1:22.63
	Average shared text size (kbytes): 0
	Average unshared data size (kbytes): 0
	Average stack size (kbytes): 0
	Average total size (kbytes): 0
	Maximum resident set size (kbytes): 2146936
	Average resident set size (kbytes): 0
	Major (requiring I/O) page faults: 201
	Minor (reclaiming a frame) page faults: 2166968
	Voluntary context switches: 8000
	Involuntary context switches: 3533
	Swaps: 0
	File system inputs: 0
	File system outputs: 349104
	Socket messages sent: 0
	Socket messages received: 0
	Signals delivered: 0
	Page size (bytes): 4096
	Exit status: 0
