nice: cannot set niceness: Permission denied
Precompiling packages...
  72344.9 ms  ✓ Pkg (serial)
  1 dependency successfully precompiled in 72 seconds
Precompiling packages...
    373.4 ms  ✓ Unicode
    404.9 ms  ✓ SuiteSparse_jll
    541.6 ms  ✓ Serialization
    524.4 ms  ✓ Preferences
    342.7 ms  ✓ PrecompileTools
   1079.9 ms  ✓ RecipesBase
   3801.7 ms  ✓ SparseArrays
   1930.1 ms  ✓ IterativeSolvers
  8 dependencies successfully precompiled in 6 seconds. 3 already precompiled.
	Command being timed: "nice -n -10 timeout -k120 -v 3600 julia +release --project=I/IterativeSolvers/Conjugate-Gradient-Solve -e using Pkg; @time @eval Pkg.precompile()"
	User time (seconds): 128.10
	System time (seconds): 5.86
	Percent of CPU this job got: 168%
	Elapsed (wall clock) time (h:mm:ss or m:ss): 1:19.32
	Average shared text size (kbytes): 0
	Average unshared data size (kbytes): 0
	Average stack size (kbytes): 0
	Average total size (kbytes): 0
	Maximum resident set size (kbytes): 2095744
	Average resident set size (kbytes): 0
	Major (requiring I/O) page faults: 161
	Minor (reclaiming a frame) page faults: 2109076
	Voluntary context switches: 6713
	Involuntary context switches: 4405
	Swaps: 0
	File system inputs: 0
	File system outputs: 341160
	Socket messages sent: 0
	Socket messages received: 0
	Signals delivered: 0
	Page size (bytes): 4096
	Exit status: 0
