nice: cannot set niceness: Permission denied
Precompiling packages...
  72796.6 ms  ✓ Pkg (serial)
  1 dependency successfully precompiled in 73 seconds
Precompiling packages...
    369.2 ms  ✓ Unicode
    407.3 ms  ✓ SuiteSparse_jll
    560.7 ms  ✓ Serialization
    534.8 ms  ✓ Preferences
    352.3 ms  ✓ PrecompileTools
   1101.9 ms  ✓ RecipesBase
   3819.9 ms  ✓ SparseArrays
   1974.5 ms  ✓ IterativeSolvers
  8 dependencies successfully precompiled in 6 seconds. 3 already precompiled.
	Command being timed: "nice -n -10 timeout -k120 -v 3600 julia +release --project=I/IterativeSolvers/Conjugate-Gradient-Solve -e using Pkg; @time @eval Pkg.precompile()"
	User time (seconds): 127.86
	System time (seconds): 5.83
	Percent of CPU this job got: 167%
	Elapsed (wall clock) time (h:mm:ss or m:ss): 1:19.83
	Average shared text size (kbytes): 0
	Average unshared data size (kbytes): 0
	Average stack size (kbytes): 0
	Average total size (kbytes): 0
	Maximum resident set size (kbytes): 2094676
	Average resident set size (kbytes): 0
	Major (requiring I/O) page faults: 138
	Minor (reclaiming a frame) page faults: 2104210
	Voluntary context switches: 6708
	Involuntary context switches: 3113
	Swaps: 0
	File system inputs: 0
	File system outputs: 339520
	Socket messages sent: 0
	Socket messages received: 0
	Signals delivered: 0
	Page size (bytes): 4096
	Exit status: 0
