nice: cannot set niceness: Permission denied
Precompiling packages...
    373.1 ms  ✓ Unicode
    544.4 ms  ✓ Serialization
    679.8 ms  ✓ SuiteSparse_jll
   1701.7 ms  ✓ Preferences
    526.1 ms  ✓ PrecompileTools
   3470.2 ms  ✓ SparseArrays
   1801.9 ms  ✓ RecipesBase
   1269.4 ms  ✓ IterativeSolvers
  8 dependencies successfully precompiled in 6 seconds. 3 already precompiled.
	Command being timed: "nice -n -10 timeout -k120 -v 3600 julia +alpha --project=I/IterativeSolvers/Conjugate-Gradient-Solve -e using Pkg; @time @eval Pkg.precompile()"
	User time (seconds): 145.42
	System time (seconds): 7.07
	Percent of CPU this job got: 130%
	Elapsed (wall clock) time (h:mm:ss or m:ss): 1:56.46
	Average shared text size (kbytes): 0
	Average unshared data size (kbytes): 0
	Average stack size (kbytes): 0
	Average total size (kbytes): 0
	Maximum resident set size (kbytes): 2587640
	Average resident set size (kbytes): 0
	Major (requiring I/O) page faults: 314
	Minor (reclaiming a frame) page faults: 2865365
	Voluntary context switches: 7327
	Involuntary context switches: 1355
	Swaps: 0
	File system inputs: 0
	File system outputs: 359552
	Socket messages sent: 0
	Socket messages received: 0
	Signals delivered: 0
	Page size (bytes): 4096
	Exit status: 0
