nice: cannot set niceness: Permission denied
Precompiling packages...
    391.2 ms  ✓ Unicode
    565.5 ms  ✓ Serialization
    706.4 ms  ✓ SuiteSparse_jll
   1647.6 ms  ✓ Preferences
    529.4 ms  ✓ PrecompileTools
   3473.3 ms  ✓ SparseArrays
   1774.2 ms  ✓ RecipesBase
   1268.0 ms  ✓ IterativeSolvers
  8 dependencies successfully precompiled in 6 seconds. 3 already precompiled.
	Command being timed: "nice -n -10 timeout -k120 -v 3600 julia +alpha --project=I/IterativeSolvers/Conjugate-Gradient-Solve -e using Pkg; @time @eval Pkg.precompile()"
	User time (seconds): 145.74
	System time (seconds): 7.04
	Percent of CPU this job got: 131%
	Elapsed (wall clock) time (h:mm:ss or m:ss): 1:56.55
	Average shared text size (kbytes): 0
	Average unshared data size (kbytes): 0
	Average stack size (kbytes): 0
	Average total size (kbytes): 0
	Maximum resident set size (kbytes): 2595540
	Average resident set size (kbytes): 0
	Major (requiring I/O) page faults: 157
	Minor (reclaiming a frame) page faults: 2856741
	Voluntary context switches: 7163
	Involuntary context switches: 1718
	Swaps: 0
	File system inputs: 0
	File system outputs: 359376
	Socket messages sent: 0
	Socket messages received: 0
	Signals delivered: 0
	Page size (bytes): 4096
	Exit status: 0
