nice: cannot set niceness: Permission denied
Precompiling packages...
    396.2 ms  ✓ Unicode
    586.5 ms  ✓ Serialization
    642.8 ms  ✓ SuiteSparse_jll
   1341.1 ms  ✓ Preferences
    384.5 ms  ✓ PrecompileTools
   1323.4 ms  ✓ RecipesBase
   3305.7 ms  ✓ SparseArrays
   1210.6 ms  ✓ IterativeSolvers
  8 dependencies successfully precompiled in 5 seconds. 3 already precompiled.
	Command being timed: "nice -n -10 timeout -k120 -v 3600 julia +nightly --project=I/IterativeSolvers/Conjugate-Gradient-Solve -e using Pkg; @time @eval Pkg.precompile()"
	User time (seconds): 136.49
	System time (seconds): 6.70
	Percent of CPU this job got: 130%
	Elapsed (wall clock) time (h:mm:ss or m:ss): 1:49.40
	Average shared text size (kbytes): 0
	Average unshared data size (kbytes): 0
	Average stack size (kbytes): 0
	Average total size (kbytes): 0
	Maximum resident set size (kbytes): 2233368
	Average resident set size (kbytes): 0
	Major (requiring I/O) page faults: 175
	Minor (reclaiming a frame) page faults: 2650904
	Voluntary context switches: 7230
	Involuntary context switches: 1173
	Swaps: 0
	File system inputs: 0
	File system outputs: 360472
	Socket messages sent: 0
	Socket messages received: 0
	Signals delivered: 0
	Page size (bytes): 4096
	Exit status: 0
