nice: cannot set niceness: Permission denied
Precompiling packages...
  73852.9 ms  ✓ Pkg (serial)
  1 dependency successfully precompiled in 74 seconds
Precompiling packages...
    359.4 ms  ✓ Unicode
    400.2 ms  ✓ SuiteSparse_jll
    555.7 ms  ✓ Serialization
    547.5 ms  ✓ Preferences
    347.3 ms  ✓ PrecompileTools
   1088.1 ms  ✓ RecipesBase
   3789.6 ms  ✓ SparseArrays
   1973.9 ms  ✓ IterativeSolvers
  8 dependencies successfully precompiled in 6 seconds. 3 already precompiled.
	Command being timed: "nice -n -10 timeout -k120 -v 3600 julia +1.12.5 --project=I/IterativeSolvers/Conjugate-Gradient-Solve -e using Pkg; @time @eval Pkg.precompile()"
	User time (seconds): 129.73
	System time (seconds): 5.84
	Percent of CPU this job got: 167%
	Elapsed (wall clock) time (h:mm:ss or m:ss): 1:20.94
	Average shared text size (kbytes): 0
	Average unshared data size (kbytes): 0
	Average stack size (kbytes): 0
	Average total size (kbytes): 0
	Maximum resident set size (kbytes): 2152872
	Average resident set size (kbytes): 0
	Major (requiring I/O) page faults: 223
	Minor (reclaiming a frame) page faults: 2120936
	Voluntary context switches: 6308
	Involuntary context switches: 3839
	Swaps: 0
	File system inputs: 0
	File system outputs: 344208
	Socket messages sent: 0
	Socket messages received: 0
	Signals delivered: 0
	Page size (bytes): 4096
	Exit status: 0
