nice: cannot set niceness: Permission denied
Precompiling packages...
  73358.8 ms  ✓ Pkg (serial)
  1 dependency successfully precompiled in 73 seconds
Precompiling packages...
   2389.1 ms  ✓ DataValueInterfaces
   2405.6 ms  ✓ RealDot
   2470.6 ms  ✓ IteratorInterfaceExtensions
   2690.2 ms  ✓ OpenLibm_jll
   2811.6 ms  ✓ Unicode
   3069.7 ms  ✓ DataAPI
   3264.9 ms  ✓ SuiteSparse_jll
   3362.6 ms  ✓ Statistics
   3368.6 ms  ✓ CompilerSupportLibraries_jll
   3406.7 ms  ✓ AbstractFFTs
   3505.8 ms  ✓ DocStringExtensions
   3707.1 ms  ✓ Serialization
   1988.0 ms  ✓ TableTraits
   4902.6 ms  ✓ FillArrays
   2505.1 ms  ✓ StaticArraysCore
   3520.3 ms  ✓ Requires
   2930.3 ms  ✓ Preferences
   1998.2 ms  ✓ FillArrays → FillArraysStatisticsExt
   1996.2 ms  ✓ DiffResults
   1706.8 ms  ✓ PrecompileTools
   1991.5 ms  ✓ Adapt
   8392.4 ms  ✓ ConstructionBase
   2101.2 ms  ✓ JLLWrappers
   8501.8 ms  ✓ OrderedCollections
   1599.7 ms  ✓ GPUArraysCore
   1388.7 ms  ✓ ConstructionBase → ConstructionBaseLinearAlgebraExt
   6813.0 ms  ✓ NaNMath
   6803.8 ms  ✓ Compat
  10185.6 ms  ✓ IrrationalConstants
   1897.7 ms  ✓ OpenSpecFun_jll
    696.3 ms  ✓ Compat → CompatLinearAlgebraExt
   8299.6 ms  ✓ InteractiveUtils
    997.1 ms  ✓ LogExpFunctions
   8360.5 ms  ✓ Distributed
   9858.7 ms  ✓ MacroTools
   3933.9 ms  ✓ Tables
    652.1 ms  ✓ CommonSubexpressions
   3135.9 ms  ✓ ChainRulesCore
  10689.3 ms  ✓ SparseArrays
   3727.7 ms  ✓ SpecialFunctions
   1066.2 ms  ✓ AbstractFFTs → AbstractFFTsChainRulesCoreExt
   2573.7 ms  ✓ StructArrays
   1972.0 ms  ✓ ZygoteRules
   2018.7 ms  ✓ SuiteSparse
   2092.6 ms  ✓ Adapt → AdaptSparseArraysExt
   2108.0 ms  ✓ Statistics → SparseArraysExt
   1705.8 ms  ✓ StructArrays → StructArraysLinearAlgebraExt
   1784.1 ms  ✓ StructArrays → StructArraysAdaptExt
   2405.2 ms  ✓ FillArrays → FillArraysSparseArraysExt
   2075.8 ms  ✓ DiffRules
   1995.5 ms  ✓ StructArrays → StructArraysSparseArraysExt
   4776.7 ms  ✓ IRTools
    926.5 ms  ✓ SparseInverseSubset
   3435.8 ms  ✓ LogExpFunctions → LogExpFunctionsChainRulesCoreExt
   3400.5 ms  ✓ ChainRulesCore → ChainRulesCoreSparseArraysExt
   3014.3 ms  ✓ SpecialFunctions → SpecialFunctionsChainRulesCoreExt
   3341.5 ms  ✓ ForwardDiff
   4907.9 ms  ✓ ChainRules
  22944.3 ms  ✓ Zygote
  59 dependencies successfully precompiled in 46 seconds. 8 already precompiled.
	Command being timed: "nice -n -10 timeout -k120 -v 3600 julia +1.12.5 --project=Z/Zygote/Gradient-Of-Square-Norm -e using Pkg; @time @eval Pkg.precompile()"
	User time (seconds): 232.41
	System time (seconds): 16.12
	Percent of CPU this job got: 207%
	Elapsed (wall clock) time (h:mm:ss or m:ss): 1:59.88
	Average shared text size (kbytes): 0
	Average unshared data size (kbytes): 0
	Average stack size (kbytes): 0
	Average total size (kbytes): 0
	Maximum resident set size (kbytes): 2157344
	Average resident set size (kbytes): 0
	Major (requiring I/O) page faults: 275
	Minor (reclaiming a frame) page faults: 4645357
	Voluntary context switches: 13201
	Involuntary context switches: 9236
	Swaps: 0
	File system inputs: 0
	File system outputs: 566640
	Socket messages sent: 0
	Socket messages received: 0
	Signals delivered: 0
	Page size (bytes): 4096
	Exit status: 0
