nice: cannot set niceness: Permission denied
Precompiling packages...
  73641.7 ms  ✓ Pkg (serial)
  1 dependency successfully precompiled in 74 seconds
Precompiling packages...
   2493.6 ms  ✓ RealDot
   2504.2 ms  ✓ DataValueInterfaces
   2507.6 ms  ✓ OpenLibm_jll
   2515.3 ms  ✓ Unicode
   2862.8 ms  ✓ IteratorInterfaceExtensions
   2928.8 ms  ✓ DataAPI
   3009.5 ms  ✓ CompilerSupportLibraries_jll
   3004.0 ms  ✓ SuiteSparse_jll
   3199.6 ms  ✓ AbstractFFTs
   3398.0 ms  ✓ Statistics
   3597.9 ms  ✓ DocStringExtensions
   3801.4 ms  ✓ Serialization
   4619.0 ms  ✓ FillArrays
   2509.6 ms  ✓ StaticArraysCore
   1990.0 ms  ✓ TableTraits
   3700.6 ms  ✓ Requires
   3205.5 ms  ✓ Preferences
   2182.4 ms  ✓ FillArrays → FillArraysStatisticsExt
   2007.8 ms  ✓ DiffResults
   1788.8 ms  ✓ Adapt
   1879.4 ms  ✓ PrecompileTools
   2100.2 ms  ✓ JLLWrappers
   8426.5 ms  ✓ OrderedCollections
   8487.2 ms  ✓ ConstructionBase
   6917.0 ms  ✓ NaNMath
   6796.0 ms  ✓ Compat
   1319.7 ms  ✓ ConstructionBase → ConstructionBaseLinearAlgebraExt
   1997.0 ms  ✓ GPUArraysCore
   1780.0 ms  ✓ OpenSpecFun_jll
  10296.8 ms  ✓ IrrationalConstants
    912.2 ms  ✓ Compat → CompatLinearAlgebraExt
   8106.2 ms  ✓ InteractiveUtils
    935.1 ms  ✓ LogExpFunctions
   8399.1 ms  ✓ Distributed
   9834.2 ms  ✓ MacroTools
   3972.2 ms  ✓ Tables
    619.8 ms  ✓ CommonSubexpressions
   3078.6 ms  ✓ ChainRulesCore
    724.6 ms  ✓ AbstractFFTs → AbstractFFTsChainRulesCoreExt
  10811.5 ms  ✓ SparseArrays
   2423.6 ms  ✓ StructArrays
   3977.5 ms  ✓ SpecialFunctions
   1582.9 ms  ✓ ZygoteRules
   1587.0 ms  ✓ StructArrays → StructArraysAdaptExt
   1883.6 ms  ✓ Adapt → AdaptSparseArraysExt
   1773.2 ms  ✓ StructArrays → StructArraysLinearAlgebraExt
   1800.7 ms  ✓ StructArrays → StructArraysSparseArraysExt
   2008.3 ms  ✓ Statistics → SparseArraysExt
   2020.2 ms  ✓ SuiteSparse
   2217.2 ms  ✓ FillArrays → FillArraysSparseArraysExt
   1774.1 ms  ✓ DiffRules
   4727.3 ms  ✓ IRTools
   3361.1 ms  ✓ LogExpFunctions → LogExpFunctionsChainRulesCoreExt
    688.5 ms  ✓ SparseInverseSubset
   3121.0 ms  ✓ ChainRulesCore → ChainRulesCoreSparseArraysExt
   2698.1 ms  ✓ SpecialFunctions → SpecialFunctionsChainRulesCoreExt
   3446.9 ms  ✓ ForwardDiff
   4980.3 ms  ✓ ChainRules
  22673.1 ms  ✓ Zygote
  59 dependencies successfully precompiled in 45 seconds. 8 already precompiled.
	Command being timed: "nice -n -10 timeout -k120 -v 3600 julia +1.12.5 --project=Z/Zygote/Gradient-Of-Square-Norm -e using Pkg; @time @eval Pkg.precompile()"
	User time (seconds): 232.91
	System time (seconds): 16.26
	Percent of CPU this job got: 208%
	Elapsed (wall clock) time (h:mm:ss or m:ss): 1:59.77
	Average shared text size (kbytes): 0
	Average unshared data size (kbytes): 0
	Average stack size (kbytes): 0
	Average total size (kbytes): 0
	Maximum resident set size (kbytes): 2151480
	Average resident set size (kbytes): 0
	Major (requiring I/O) page faults: 274
	Minor (reclaiming a frame) page faults: 4644838
	Voluntary context switches: 13326
	Involuntary context switches: 9618
	Swaps: 0
	File system inputs: 0
	File system outputs: 563240
	Socket messages sent: 0
	Socket messages received: 0
	Signals delivered: 0
	Page size (bytes): 4096
	Exit status: 0
