nice: cannot set niceness: Permission denied
Precompiling packages...
    489.6 ms  ✓ DataAPI
    653.8 ms  ✓ ConstructionBase
    656.0 ms  ✓ Statistics
    512.3 ms  ✓ RealDot
    484.2 ms  ✓ ConstructionBase → ConstructionBaseLinearAlgebraExt
    485.5 ms  ✓ DataValueInterfaces
   1368.5 ms  ✓ IrrationalConstants
    795.1 ms  ✓ OrderedCollections
    956.2 ms  ✓ SuiteSparse_jll
    863.2 ms  ✓ Requires
    755.9 ms  ✓ Serialization
    519.7 ms  ✓ Unicode
    623.6 ms  ✓ AbstractFFTs
    669.2 ms  ✓ DocStringExtensions
    452.3 ms  ✓ IteratorInterfaceExtensions
   1112.1 ms  ✓ FillArrays
    733.2 ms  ✓ OpenLibm_jll
    540.1 ms  ✓ StaticArraysCore
    543.9 ms  ✓ Adapt
   1506.7 ms  ✓ InteractiveUtils
    717.9 ms  ✓ Compat
   4517.7 ms  ✓ MacroTools
    425.7 ms  ✓ TableTraits
    671.6 ms  ✓ LogExpFunctions
    527.4 ms  ✓ FillArrays → FillArraysStatisticsExt
    551.5 ms  ✓ NaNMath
   1839.7 ms  ✓ Preferences
    544.6 ms  ✓ DiffResults
   2563.3 ms  ✓ Distributed
    687.9 ms  ✓ GPUArraysCore
    491.1 ms  ✓ Compat → CompatLinearAlgebraExt
    611.7 ms  ✓ CommonSubexpressions
    670.6 ms  ✓ JLLWrappers
    581.3 ms  ✓ PrecompileTools
    950.4 ms  ✓ Tables
   4330.8 ms  ✓ SparseArrays
   1981.3 ms  ✓ IRTools
    970.9 ms  ✓ OpenSpecFun_jll
    892.9 ms  ✓ StructArrays
    716.4 ms  ✓ Statistics → SparseArraysExt
   1490.6 ms  ✓ ChainRulesCore
    641.4 ms  ✓ SuiteSparse
    676.9 ms  ✓ Adapt → AdaptSparseArraysExt
    768.7 ms  ✓ FillArrays → FillArraysSparseArraysExt
    657.2 ms  ✓ StructArrays → StructArraysSparseArraysExt
    501.9 ms  ✓ StructArrays → StructArraysLinearAlgebraExt
    504.0 ms  ✓ StructArrays → StructArraysAdaptExt
    681.1 ms  ✓ ChainRulesCore → ChainRulesCoreSparseArraysExt
    502.7 ms  ✓ AbstractFFTs → AbstractFFTsChainRulesCoreExt
    694.4 ms  ✓ ZygoteRules
    560.9 ms  ✓ SparseInverseSubset
   1114.1 ms  ✓ LogExpFunctions → LogExpFunctionsChainRulesCoreExt
   2405.7 ms  ✓ SpecialFunctions
    546.7 ms  ✓ DiffRules
   1433.9 ms  ✓ SpecialFunctions → SpecialFunctionsChainRulesCoreExt
   2765.8 ms  ✓ ForwardDiff
   4324.9 ms  ✓ ChainRules
[0KInternal error: during type inference of
[0K_pullback(Zygote.Context{false}, typeof(Zygote.pow), Int64, Int64)
[0KEncountered unexpected error in runtime:
[0KTypeError(func=:typeassert, context="", expected=Union{Nothing, Array{Any, 1}, Core.SimpleVector}, got=Array{Core.MethodInstance, 1}(dims=(1,), mem=Memory{Core.MethodInstance}(1, 0x75b50e975340)[MethodInstance pow(Int64, Int64) from pow(Any, Any)]))
[0Kijl_type_error_rt at /cache/build/tester-amdci5-12/julialang/julia-master/src/rtutils.c:121
[0Kijl_type_error at /cache/build/tester-amdci5-12/julialang/julia-master/src/rtutils.c:140
[0Kcompute_edges! at ./../usr/share/julia/Compiler/src/typeinfer.jl:822
[0Kfinishinfer! at ./../usr/share/julia/Compiler/src/typeinfer.jl:668
[0Kfinish_nocycle at ./../usr/share/julia/Compiler/src/typeinfer.jl:275
[0Kjfptr_finish_nocycle_1.1 at /root/.julia/juliaup/julia-nightly/lib/julia/sys.so (unknown line)
[0Ktypeinf at ./../usr/share/julia/Compiler/src/abstractinterpretation.jl:4804
[0Ktypeinf_ext at ./../usr/share/julia/Compiler/src/typeinfer.jl:1535
[0Ktypeinf_ext_toplevel at ./../usr/share/julia/Compiler/src/typeinfer.jl:1718 [inlined]
[0Ktypeinf_ext_toplevel at ./../usr/share/julia/Compiler/src/typeinfer.jl:1727
[0Kjfptr_typeinf_ext_toplevel_2.1 at /root/.julia/juliaup/julia-nightly/lib/julia/sys.so (unknown line)
[0Kjl_apply at /cache/build/tester-amdci5-12/julialang/julia-master/src/julia.h:2300 [inlined]
[0Kjl_type_infer at /cache/build/tester-amdci5-12/julialang/julia-master/src/gf.c:467
[0Kjl_compile_method_internal at /cache/build/tester-amdci5-12/julialang/julia-master/src/gf.c:3640
[0K_jl_invoke at /cache/build/tester-amdci5-12/julialang/julia-master/src/gf.c:4105 [inlined]
[0Kijl_apply_generic at /cache/build/tester-amdci5-12/julialang/julia-master/src/gf.c:4339
[0Kjl_apply at /cache/build/tester-amdci5-12/julialang/julia-master/src/julia.h:2300 [inlined]
[0Kjl_f__apply_iterate at /cache/build/tester-amdci5-12/julialang/julia-master/src/builtins.c:897
[0Kpullback at /workdir/depot/packages/Zygote/55SqB/src/compiler/interface.jl:96
[0Kpullback at /workdir/depot/packages/Zygote/55SqB/src/compiler/interface.jl:94
[0Kunknown function (ip: 0x75b50be547f0) at (unknown file)
[0Kjl_apply at /cache/build/tester-amdci5-12/julialang/julia-master/src/julia.h:2300 [inlined]
[0Kjl_f__apply_iterate at /cache/build/tester-amdci5-12/julialang/julia-master/src/builtins.c:897
[0Kgradient at /workdir/depot/packages/Zygote/55SqB/src/compiler/interface.jl:153
[0Kjl_apply at /cache/build/tester-amdci5-12/julialang/julia-master/src/julia.h:2300 [inlined]
[0Kdo_call at /cache/build/tester-amdci5-12/julialang/julia-master/src/interpreter.c:123
[0Keval_value at /cache/build/tester-amdci5-12/julialang/julia-master/src/interpreter.c:243
[0Keval_stmt_value at /cache/build/tester-amdci5-12/julialang/julia-master/src/interpreter.c:194 [inlined]
[0Keval_body at /cache/build/tester-amdci5-12/julialang/julia-master/src/interpreter.c:679
[0Kjl_interpret_toplevel_thunk at /cache/build/tester-amdci5-12/julialang/julia-master/src/interpreter.c:884
[0Ktop-level scope at /workdir/depot/packages/Zygote/55SqB/src/precompile.jl:17
[0Kijl_eval_thunk at /cache/build/tester-amdci5-12/julialang/julia-master/src/toplevel.c:768
[0Kjl_toplevel_eval_flex at /cache/build/tester-amdci5-12/julialang/julia-master/src/toplevel.c:712
[0Kjl_eval_toplevel_stmts at /cache/build/tester-amdci5-12/julialang/julia-master/src/toplevel.c:602
[0Kjl_toplevel_eval_flex at /cache/build/tester-amdci5-12/julialang/julia-master/src/toplevel.c:684
[0Kijl_toplevel_eval at /cache/build/tester-amdci5-12/julialang/julia-master/src/toplevel.c:782
[0Kijl_toplevel_eval_in at /cache/build/tester-amdci5-12/julialang/julia-master/src/toplevel.c:827
[0Keval at ./boot.jl:517
[0Kinclude_string at ./loading.jl:3131
[0K_include at ./loading.jl:3191
[0Kinclude at ./Base.jl:324
[0KIncludeInto at ./Base.jl:325
[0Kjfptr_IncludeInto_1.1 at /root/.julia/juliaup/julia-nightly/lib/julia/sys.so (unknown line)
[0Kjl_apply at /cache/build/tester-amdci5-12/julialang/julia-master/src/julia.h:2300 [inlined]
[0Kdo_call at /cache/build/tester-amdci5-12/julialang/julia-master/src/interpreter.c:123
[0Keval_value at /cache/build/tester-amdci5-12/julialang/julia-master/src/interpreter.c:243
[0Keval_stmt_value at /cache/build/tester-amdci5-12/julialang/julia-master/src/interpreter.c:194 [inlined]
[0Keval_body at /cache/build/tester-amdci5-12/julialang/julia-master/src/interpreter.c:679
[0Keval_body at /cache/build/tester-amdci5-12/julialang/julia-master/src/interpreter.c:558
[0Kjl_interpret_toplevel_thunk at /cache/build/tester-amdci5-12/julialang/julia-master/src/interpreter.c:884
[0Kmacro expansion at /workdir/depot/packages/Zygote/55SqB/src/Zygote.jl:68 [inlined]
[0Kmacro expansion at /workdir/depot/packages/PrecompileTools/gn08A/src/workloads.jl:73 [inlined]
[0Ktop-level scope at /workdir/depot/packages/Zygote/55SqB/src/Zygote.jl:85
[0Kijl_eval_thunk at /cache/build/tester-amdci5-12/julialang/julia-master/src/toplevel.c:768
[0Kjl_toplevel_eval_flex at /cache/build/tester-amdci5-12/julialang/julia-master/src/toplevel.c:712
[0Kjl_eval_toplevel_stmts at /cache/build/tester-amdci5-12/julialang/julia-master/src/toplevel.c:602
[0Kjl_eval_module_expr at /cache/build/tester-amdci5-12/julialang/julia-master/src/toplevel.c:263 [inlined]
[0Kjl_toplevel_eval_flex at /cache/build/tester-amdci5-12/julialang/julia-master/src/toplevel.c:665
[0Kjl_eval_toplevel_stmts at /cache/build/tester-amdci5-12/julialang/julia-master/src/toplevel.c:602
[0Kjl_toplevel_eval_flex at /cache/build/tester-amdci5-12/julialang/julia-master/src/toplevel.c:684
[0Kijl_toplevel_eval at /cache/build/tester-amdci5-12/julialang/julia-master/src/toplevel.c:782
[0Kijl_toplevel_eval_in at /cache/build/tester-amdci5-12/julialang/julia-master/src/toplevel.c:827
[0Keval at ./boot.jl:517
[0Kinclude_string at ./loading.jl:3131
[0K_include at ./loading.jl:3191
[0Kinclude at ./Base.jl:323
[0Kinclude_package_for_output at ./loading.jl:3289
[0Kjfptr_include_package_for_output_1.1 at /root/.julia/juliaup/julia-nightly/lib/julia/sys.so (unknown line)
[0Kjl_apply at /cache/build/tester-amdci5-12/julialang/julia-master/src/julia.h:2300 [inlined]
[0Kdo_call at /cache/build/tester-amdci5-12/julialang/julia-master/src/interpreter.c:123
[0Keval_value at /cache/build/tester-amdci5-12/julialang/julia-master/src/interpreter.c:243
[0Keval_stmt_value at /cache/build/tester-amdci5-12/julialang/julia-master/src/interpreter.c:194 [inlined]
[0Keval_body at /cache/build/tester-amdci5-12/julialang/julia-master/src/interpreter.c:679
[0Kjl_interpret_toplevel_thunk at /cache/build/tester-amdci5-12/julialang/julia-master/src/interpreter.c:884
[0Ktop-level scope at stdin:5
[0Kijl_eval_thunk at /cache/build/tester-amdci5-12/julialang/julia-master/src/toplevel.c:768
[0Kjl_toplevel_eval_flex at /cache/build/tester-amdci5-12/julialang/julia-master/src/toplevel.c:712
[0Kjl_eval_toplevel_stmts at /cache/build/tester-amdci5-12/julialang/julia-master/src/toplevel.c:602
[0Kjl_toplevel_eval_flex at /cache/build/tester-amdci5-12/julialang/julia-master/src/toplevel.c:684
[0Kijl_toplevel_eval at /cache/build/tester-amdci5-12/julialang/julia-master/src/toplevel.c:782
[0Kijl_toplevel_eval_in at /cache/build/tester-amdci5-12/julialang/julia-master/src/toplevel.c:827
[0Keval at ./boot.jl:517
[0Kinclude_string at ./loading.jl:3131
[0Kinclude_string at ./loading.jl:3141 [inlined]
[0Kexec_options at ./client.jl:342
[0K_start at ./client.jl:585
[0Kjfptr__start_0.1 at /root/.julia/juliaup/julia-nightly/lib/julia/sys.so (unknown line)
[0Kjl_apply at /cache/build/tester-amdci5-12/julialang/julia-master/src/julia.h:2300 [inlined]
[0Ktrue_main at /cache/build/tester-amdci5-12/julialang/julia-master/src/jlapi.c:971
[0Kjl_repl_entrypoint at /cache/build/tester-amdci5-12/julialang/julia-master/src/jlapi.c:1138
[0Kmain at /cache/build/tester-amdci5-12/julialang/julia-master/cli/loader_exe.c:58
[0Kunknown function (ip: 0x75b53bbfd249) at /lib/x86_64-linux-gnu/libc.so.6
[0K__libc_start_main at /lib/x86_64-linux-gnu/libc.so.6 (unknown line)
[0Kunknown function (ip: 0x4010b8) at /workspace/srcdir/glibc-2.17/csu/../sysdeps/x86_64/start.S
[0KInternal error: during type inference of
[0K(::Zygote.var"#pullback##0#pullback##1"{Zygote.Pullback{Tuple{typeof(Zygote.pow), Int64, Int64}, Any}})(Int64)
[0KEncountered unexpected error in runtime:
[0KTypeError(func=:typeassert, context="", expected=Union{Nothing, Array{Any, 1}, Core.SimpleVector}, got=Array{Core.MethodInstance, 1}(dims=(1,), mem=Memory{Core.MethodInstance}(1, 0x75b524a23400)[MethodInstance pow(Int64, Int64) from pow(Any, Any)]))
[0Kijl_type_error_rt at /cache/build/tester-amdci5-12/julialang/julia-master/src/rtutils.c:121
[0Kijl_type_error at /cache/build/tester-amdci5-12/julialang/julia-master/src/rtutils.c:140
[0Kcompute_edges! at ./../usr/share/julia/Compiler/src/typeinfer.jl:822
[0Kfinishinfer! at ./../usr/share/julia/Compiler/src/typeinfer.jl:668
[0Kfinish_nocycle at ./../usr/share/julia/Compiler/src/typeinfer.jl:275
[0Kjfptr_finish_nocycle_1.1 at /root/.julia/juliaup/julia-nightly/lib/julia/sys.so (unknown line)
[0Ktypeinf at ./../usr/share/julia/Compiler/src/abstractinterpretation.jl:4804
[0Ktypeinf_ext at ./../usr/share/julia/Compiler/src/typeinfer.jl:1535
[0Ktypeinf_ext_toplevel at ./../usr/share/julia/Compiler/src/typeinfer.jl:1718 [inlined]
[0Ktypeinf_ext_toplevel at ./../usr/share/julia/Compiler/src/typeinfer.jl:1727
[0Kjfptr_typeinf_ext_toplevel_2.1 at /root/.julia/juliaup/julia-nightly/lib/julia/sys.so (unknown line)
[0Kjl_apply at /cache/build/tester-amdci5-12/julialang/julia-master/src/julia.h:2300 [inlined]
[0Kjl_type_infer at /cache/build/tester-amdci5-12/julialang/julia-master/src/gf.c:467
[0Kjl_compile_method_internal at /cache/build/tester-amdci5-12/julialang/julia-master/src/gf.c:3640
[0K_jl_invoke at /cache/build/tester-amdci5-12/julialang/julia-master/src/gf.c:4105 [inlined]
[0Kijl_apply_generic at /cache/build/tester-amdci5-12/julialang/julia-master/src/gf.c:4339
[0Kgradient at /workdir/depot/packages/Zygote/55SqB/src/compiler/interface.jl:154
[0Kjl_apply at /cache/build/tester-amdci5-12/julialang/julia-master/src/julia.h:2300 [inlined]
[0Kdo_call at /cache/build/tester-amdci5-12/julialang/julia-master/src/interpreter.c:123
[0Keval_value at /cache/build/tester-amdci5-12/julialang/julia-master/src/interpreter.c:243
[0Keval_stmt_value at /cache/build/tester-amdci5-12/julialang/julia-master/src/interpreter.c:194 [inlined]
[0Keval_body at /cache/build/tester-amdci5-12/julialang/julia-master/src/interpreter.c:679
[0Kjl_interpret_toplevel_thunk at /cache/build/tester-amdci5-12/julialang/julia-master/src/interpreter.c:884
[0Ktop-level scope at /workdir/depot/packages/Zygote/55SqB/src/precompile.jl:17
[0Kijl_eval_thunk at /cache/build/tester-amdci5-12/julialang/julia-master/src/toplevel.c:768
[0Kjl_toplevel_eval_flex at /cache/build/tester-amdci5-12/julialang/julia-master/src/toplevel.c:712
[0Kjl_eval_toplevel_stmts at /cache/build/tester-amdci5-12/julialang/julia-master/src/toplevel.c:602
[0Kjl_toplevel_eval_flex at /cache/build/tester-amdci5-12/julialang/julia-master/src/toplevel.c:684
[0Kijl_toplevel_eval at /cache/build/tester-amdci5-12/julialang/julia-master/src/toplevel.c:782
[0Kijl_toplevel_eval_in at /cache/build/tester-amdci5-12/julialang/julia-master/src/toplevel.c:827
[0Keval at ./boot.jl:517
[0Kinclude_string at ./loading.jl:3131
[0K_include at ./loading.jl:3191
[0Kinclude at ./Base.jl:324
[0KIncludeInto at ./Base.jl:325
[0Kjfptr_IncludeInto_1.1 at /root/.julia/juliaup/julia-nightly/lib/julia/sys.so (unknown line)
[0Kjl_apply at /cache/build/tester-amdci5-12/julialang/julia-master/src/julia.h:2300 [inlined]
[0Kdo_call at /cache/build/tester-amdci5-12/julialang/julia-master/src/interpreter.c:123
[0Keval_value at /cache/build/tester-amdci5-12/julialang/julia-master/src/interpreter.c:243
[0Keval_stmt_value at /cache/build/tester-amdci5-12/julialang/julia-master/src/interpreter.c:194 [inlined]
[0Keval_body at /cache/build/tester-amdci5-12/julialang/julia-master/src/interpreter.c:679
[0Keval_body at /cache/build/tester-amdci5-12/julialang/julia-master/src/interpreter.c:558
[0Kjl_interpret_toplevel_thunk at /cache/build/tester-amdci5-12/julialang/julia-master/src/interpreter.c:884
[0Kmacro expansion at /workdir/depot/packages/Zygote/55SqB/src/Zygote.jl:68 [inlined]
[0Kmacro expansion at /workdir/depot/packages/PrecompileTools/gn08A/src/workloads.jl:73 [inlined]
[0Ktop-level scope at /workdir/depot/packages/Zygote/55SqB/src/Zygote.jl:85
[0Kijl_eval_thunk at /cache/build/tester-amdci5-12/julialang/julia-master/src/toplevel.c:768
[0Kjl_toplevel_eval_flex at /cache/build/tester-amdci5-12/julialang/julia-master/src/toplevel.c:712
[0Kjl_eval_toplevel_stmts at /cache/build/tester-amdci5-12/julialang/julia-master/src/toplevel.c:602
[0Kjl_eval_module_expr at /cache/build/tester-amdci5-12/julialang/julia-master/src/toplevel.c:263 [inlined]
[0Kjl_toplevel_eval_flex at /cache/build/tester-amdci5-12/julialang/julia-master/src/toplevel.c:665
[0Kjl_eval_toplevel_stmts at /cache/build/tester-amdci5-12/julialang/julia-master/src/toplevel.c:602
[0Kjl_toplevel_eval_flex at /cache/build/tester-amdci5-12/julialang/julia-master/src/toplevel.c:684
[0Kijl_toplevel_eval at /cache/build/tester-amdci5-12/julialang/julia-master/src/toplevel.c:782
[0Kijl_toplevel_eval_in at /cache/build/tester-amdci5-12/julialang/julia-master/src/toplevel.c:827
[0Keval at ./boot.jl:517
[0Kinclude_string at ./loading.jl:3131
[0K_include at ./loading.jl:3191
[0Kinclude at ./Base.jl:323
[0Kinclude_package_for_output at ./loading.jl:3289
[0Kjfptr_include_package_for_output_1.1 at /root/.julia/juliaup/julia-nightly/lib/julia/sys.so (unknown line)
[0Kjl_apply at /cache/build/tester-amdci5-12/julialang/julia-master/src/julia.h:2300 [inlined]
[0Kdo_call at /cache/build/tester-amdci5-12/julialang/julia-master/src/interpreter.c:123
[0Keval_value at /cache/build/tester-amdci5-12/julialang/julia-master/src/interpreter.c:243
[0Keval_stmt_value at /cache/build/tester-amdci5-12/julialang/julia-master/src/interpreter.c:194 [inlined]
[0Keval_body at /cache/build/tester-amdci5-12/julialang/julia-master/src/interpreter.c:679
[0Kjl_interpret_toplevel_thunk at /cache/build/tester-amdci5-12/julialang/julia-master/src/interpreter.c:884
[0Ktop-level scope at stdin:5
[0Kijl_eval_thunk at /cache/build/tester-amdci5-12/julialang/julia-master/src/toplevel.c:768
[0Kjl_toplevel_eval_flex at /cache/build/tester-amdci5-12/julialang/julia-master/src/toplevel.c:712
[0Kjl_eval_toplevel_stmts at /cache/build/tester-amdci5-12/julialang/julia-master/src/toplevel.c:602
[0Kjl_toplevel_eval_flex at /cache/build/tester-amdci5-12/julialang/julia-master/src/toplevel.c:684
[0Kijl_toplevel_eval at /cache/build/tester-amdci5-12/julialang/julia-master/src/toplevel.c:782
[0Kijl_toplevel_eval_in at /cache/build/tester-amdci5-12/julialang/julia-master/src/toplevel.c:827
[0Keval at ./boot.jl:517
[0Kinclude_string at ./loading.jl:3131
[0Kinclude_string at ./loading.jl:3141 [inlined]
[0Kexec_options at ./client.jl:342
[0K_start at ./client.jl:585
[0Kjfptr__start_0.1 at /root/.julia/juliaup/julia-nightly/lib/julia/sys.so (unknown line)
[0Kjl_apply at /cache/build/tester-amdci5-12/julialang/julia-master/src/julia.h:2300 [inlined]
[0Ktrue_main at /cache/build/tester-amdci5-12/julialang/julia-master/src/jlapi.c:971
[0Kjl_repl_entrypoint at /cache/build/tester-amdci5-12/julialang/julia-master/src/jlapi.c:1138
[0Kmain at /cache/build/tester-amdci5-12/julialang/julia-master/cli/loader_exe.c:58
[0Kunknown function (ip: 0x75b53bbfd249) at /lib/x86_64-linux-gnu/libc.so.6
[0K__libc_start_main at /lib/x86_64-linux-gnu/libc.so.6 (unknown line)
[0Kunknown function (ip: 0x4010b8) at /workspace/srcdir/glibc-2.17/csu/../sysdeps/x86_64/start.S
[0KInternal error: during type inference of
[0K_pullback(Zygote.Context{false}, Zygote.var"#2206#2207", Array{Int64, 1}, Array{Int64, 1})
[0KEncountered unexpected error in runtime:
[0KTypeError(func=:typeassert, context="", expected=Union{Nothing, Array{Any, 1}, Core.SimpleVector}, got=Array{Core.MethodInstance, 1}(dims=(1,), mem=Memory{Core.MethodInstance}(1, 0x75b5229721a0)[MethodInstance materialize(Array{Int64, 1}) from materialize(Any)]))
[0Kijl_type_error_rt at /cache/build/tester-amdci5-12/julialang/julia-master/src/rtutils.c:121
[0Kijl_type_error at /cache/build/tester-amdci5-12/julialang/julia-master/src/rtutils.c:140
[0Kcompute_edges! at ./../usr/share/julia/Compiler/src/typeinfer.jl:822
[0Kfinishinfer! at ./../usr/share/julia/Compiler/src/typeinfer.jl:668
[0Kfinish_nocycle at ./../usr/share/julia/Compiler/src/typeinfer.jl:275
[0Kjfptr_finish_nocycle_1.1 at /root/.julia/juliaup/julia-nightly/lib/julia/sys.so (unknown line)
[0Ktypeinf at ./../usr/share/julia/Compiler/src/abstractinterpretation.jl:4804
[0Ktypeinf_ext at ./../usr/share/julia/Compiler/src/typeinfer.jl:1535
[0Ktypeinf_ext_toplevel at ./../usr/share/julia/Compiler/src/typeinfer.jl:1718 [inlined]
[0Ktypeinf_ext_toplevel at ./../usr/share/julia/Compiler/src/typeinfer.jl:1727
[0Kjfptr_typeinf_ext_toplevel_2.1 at /root/.julia/juliaup/julia-nightly/lib/julia/sys.so (unknown line)
[0Kjl_apply at /cache/build/tester-amdci5-12/julialang/julia-master/src/julia.h:2300 [inlined]
[0Kjl_type_infer at /cache/build/tester-amdci5-12/julialang/julia-master/src/gf.c:467
[0Kjl_compile_method_internal at /cache/build/tester-amdci5-12/julialang/julia-master/src/gf.c:3640
[0K_jl_invoke at /cache/build/tester-amdci5-12/julialang/julia-master/src/gf.c:4105 [inlined]
[0Kijl_apply_generic at /cache/build/tester-amdci5-12/julialang/julia-master/src/gf.c:4339
[0Kjl_apply at /cache/build/tester-amdci5-12/julialang/julia-master/src/julia.h:2300 [inlined]
[0Kjl_f__apply_iterate at /cache/build/tester-amdci5-12/julialang/julia-master/src/builtins.c:897
[0Kpullback at /workdir/depot/packages/Zygote/55SqB/src/compiler/interface.jl:96
[0Kpullback at /workdir/depot/packages/Zygote/55SqB/src/compiler/interface.jl:94
[0Kjl_apply at /cache/build/tester-amdci5-12/julialang/julia-master/src/julia.h:2300 [inlined]
[0Kjl_f__apply_iterate at /cache/build/tester-amdci5-12/julialang/julia-master/src/builtins.c:897
[0Kgradient at /workdir/depot/packages/Zygote/55SqB/src/compiler/interface.jl:153
[0Kjl_apply at /cache/build/tester-amdci5-12/julialang/julia-master/src/julia.h:2300 [inlined]
[0Kdo_call at /cache/build/tester-amdci5-12/julialang/julia-master/src/interpreter.c:123
[0Keval_value at /cache/build/tester-amdci5-12/julialang/julia-master/src/interpreter.c:243
[0Keval_stmt_value at /cache/build/tester-amdci5-12/julialang/julia-master/src/interpreter.c:194 [inlined]
[0Keval_body at /cache/build/tester-amdci5-12/julialang/julia-master/src/interpreter.c:679
[0Kjl_interpret_toplevel_thunk at /cache/build/tester-amdci5-12/julialang/julia-master/src/interpreter.c:884
[0Ktop-level scope at /workdir/depot/packages/Zygote/55SqB/src/precompile.jl:18
[0Kijl_eval_thunk at /cache/build/tester-amdci5-12/julialang/julia-master/src/toplevel.c:768
[0Kjl_toplevel_eval_flex at /cache/build/tester-amdci5-12/julialang/julia-master/src/toplevel.c:712
[0Kjl_eval_toplevel_stmts at /cache/build/tester-amdci5-12/julialang/julia-master/src/toplevel.c:602
[0Kjl_toplevel_eval_flex at /cache/build/tester-amdci5-12/julialang/julia-master/src/toplevel.c:684
[0Kijl_toplevel_eval at /cache/build/tester-amdci5-12/julialang/julia-master/src/toplevel.c:782
[0Kijl_toplevel_eval_in at /cache/build/tester-amdci5-12/julialang/julia-master/src/toplevel.c:827
[0Keval at ./boot.jl:517
[0Kinclude_string at ./loading.jl:3131
[0K_include at ./loading.jl:3191
[0Kinclude at ./Base.jl:324
[0KIncludeInto at ./Base.jl:325
[0Kjfptr_IncludeInto_1.1 at /root/.julia/juliaup/julia-nightly/lib/julia/sys.so (unknown line)
[0Kjl_apply at /cache/build/tester-amdci5-12/julialang/julia-master/src/julia.h:2300 [inlined]
[0Kdo_call at /cache/build/tester-amdci5-12/julialang/julia-master/src/interpreter.c:123
[0Keval_value at /cache/build/tester-amdci5-12/julialang/julia-master/src/interpreter.c:243
[0Keval_stmt_value at /cache/build/tester-amdci5-12/julialang/julia-master/src/interpreter.c:194 [inlined]
[0Keval_body at /cache/build/tester-amdci5-12/julialang/julia-master/src/interpreter.c:679
[0Keval_body at /cache/build/tester-amdci5-12/julialang/julia-master/src/interpreter.c:558
[0Kjl_interpret_toplevel_thunk at /cache/build/tester-amdci5-12/julialang/julia-master/src/interpreter.c:884
[0Kmacro expansion at /workdir/depot/packages/Zygote/55SqB/src/Zygote.jl:68 [inlined]
[0Kmacro expansion at /workdir/depot/packages/PrecompileTools/gn08A/src/workloads.jl:73 [inlined]
[0Ktop-level scope at /workdir/depot/packages/Zygote/55SqB/src/Zygote.jl:85
[0Kijl_eval_thunk at /cache/build/tester-amdci5-12/julialang/julia-master/src/toplevel.c:768
[0Kjl_toplevel_eval_flex at /cache/build/tester-amdci5-12/julialang/julia-master/src/toplevel.c:712
[0Kjl_eval_toplevel_stmts at /cache/build/tester-amdci5-12/julialang/julia-master/src/toplevel.c:602
[0Kjl_eval_module_expr at /cache/build/tester-amdci5-12/julialang/julia-master/src/toplevel.c:263 [inlined]
[0Kjl_toplevel_eval_flex at /cache/build/tester-amdci5-12/julialang/julia-master/src/toplevel.c:665
[0Kjl_eval_toplevel_stmts at /cache/build/tester-amdci5-12/julialang/julia-master/src/toplevel.c:602
[0Kjl_toplevel_eval_flex at /cache/build/tester-amdci5-12/julialang/julia-master/src/toplevel.c:684
[0Kijl_toplevel_eval at /cache/build/tester-amdci5-12/julialang/julia-master/src/toplevel.c:782
[0Kijl_toplevel_eval_in at /cache/build/tester-amdci5-12/julialang/julia-master/src/toplevel.c:827
[0Keval at ./boot.jl:517
[0Kinclude_string at ./loading.jl:3131
[0K_include at ./loading.jl:3191
[0Kinclude at ./Base.jl:323
[0Kinclude_package_for_output at ./loading.jl:3289
[0Kjfptr_include_package_for_output_1.1 at /root/.julia/juliaup/julia-nightly/lib/julia/sys.so (unknown line)
[0Kjl_apply at /cache/build/tester-amdci5-12/julialang/julia-master/src/julia.h:2300 [inlined]
[0Kdo_call at /cache/build/tester-amdci5-12/julialang/julia-master/src/interpreter.c:123
[0Keval_value at /cache/build/tester-amdci5-12/julialang/julia-master/src/interpreter.c:243
[0Keval_stmt_value at /cache/build/tester-amdci5-12/julialang/julia-master/src/interpreter.c:194 [inlined]
[0Keval_body at /cache/build/tester-amdci5-12/julialang/julia-master/src/interpreter.c:679
[0Kjl_interpret_toplevel_thunk at /cache/build/tester-amdci5-12/julialang/julia-master/src/interpreter.c:884
[0Ktop-level scope at stdin:5
[0Kijl_eval_thunk at /cache/build/tester-amdci5-12/julialang/julia-master/src/toplevel.c:768
[0Kjl_toplevel_eval_flex at /cache/build/tester-amdci5-12/julialang/julia-master/src/toplevel.c:712
[0Kjl_eval_toplevel_stmts at /cache/build/tester-amdci5-12/julialang/julia-master/src/toplevel.c:602
[0Kjl_toplevel_eval_flex at /cache/build/tester-amdci5-12/julialang/julia-master/src/toplevel.c:684
[0Kijl_toplevel_eval at /cache/build/tester-amdci5-12/julialang/julia-master/src/toplevel.c:782
[0Kijl_toplevel_eval_in at /cache/build/tester-amdci5-12/julialang/julia-master/src/toplevel.c:827
[0Keval at ./boot.jl:517
[0Kinclude_string at ./loading.jl:3131
[0Kinclude_string at ./loading.jl:3141 [inlined]
[0Kexec_options at ./client.jl:342
[0K_start at ./client.jl:585
[0Kjfptr__start_0.1 at /root/.julia/juliaup/julia-nightly/lib/julia/sys.so (unknown line)
[0Kjl_apply at /cache/build/tester-amdci5-12/julialang/julia-master/src/julia.h:2300 [inlined]
[0Ktrue_main at /cache/build/tester-amdci5-12/julialang/julia-master/src/jlapi.c:971
[0Kjl_repl_entrypoint at /cache/build/tester-amdci5-12/julialang/julia-master/src/jlapi.c:1138
[0Kmain at /cache/build/tester-amdci5-12/julialang/julia-master/cli/loader_exe.c:58
[0Kunknown function (ip: 0x75b53bbfd249) at /lib/x86_64-linux-gnu/libc.so.6
[0K__libc_start_main at /lib/x86_64-linux-gnu/libc.so.6 (unknown line)
[0Kunknown function (ip: 0x4010b8) at /workspace/srcdir/glibc-2.17/csu/../sysdeps/x86_64/start.S
[0KInternal error: during type inference of
[0K(::Zygote.var"#pullback##0#pullback##1"{Zygote.Pullback{Tuple{Zygote.var"#2206#2207", Array{Int64, 1}, Array{Int64, 1}}, Tuple{Zygote.var"#1681#1682"{Zygote.var"#1679#1680"{Array{Int64, 1}, Array{Int64, 1}}}, Zygote.ZBack{ChainRules.var"#sum_pullback#551"{Base.Colon, Array{Int64, 1}, ChainRulesCore.ProjectTo{AbstractArray{T, N} where N where T, NamedTuple{(:element, :axes), Tuple{ChainRulesCore.ProjectTo{Float64, NamedTuple{(), Tuple{}}}, Tuple{Base.OneTo{Int64}}}}}}}, Zygote.Pullback{Tuple{typeof(Base.Broadcast.materialize), Array{Int64, 1}}, Tuple{}}}}})(Int64)
[0KEncountered unexpected error in runtime:
[0KTypeError(func=:typeassert, context="", expected=Union{Nothing, Array{Any, 1}, Core.SimpleVector}, got=Array{Core.MethodInstance, 1}(dims=(1,), mem=Memory{Core.MethodInstance}(1, 0x75b51b0380e0)[MethodInstance materialize(Array{Int64, 1}) from materialize(Any)]))
[0Kijl_type_error_rt at /cache/build/tester-amdci5-12/julialang/julia-master/src/rtutils.c:121
[0Kijl_type_error at /cache/build/tester-amdci5-12/julialang/julia-master/src/rtutils.c:140
[0Kcompute_edges! at ./../usr/share/julia/Compiler/src/typeinfer.jl:822
[0Kfinishinfer! at ./../usr/share/julia/Compiler/src/typeinfer.jl:668
[0Kfinish_nocycle at ./../usr/share/julia/Compiler/src/typeinfer.jl:275
[0Kjfptr_finish_nocycle_1.1 at /root/.julia/juliaup/julia-nightly/lib/julia/sys.so (unknown line)
[0Ktypeinf at ./../usr/share/julia/Compiler/src/abstractinterpretation.jl:4804
[0Ktypeinf_ext at ./../usr/share/julia/Compiler/src/typeinfer.jl:1535
[0Ktypeinf_ext_toplevel at ./../usr/share/julia/Compiler/src/typeinfer.jl:1718 [inlined]
[0Ktypeinf_ext_toplevel at ./../usr/share/julia/Compiler/src/typeinfer.jl:1727
[0Kjfptr_typeinf_ext_toplevel_2.1 at /root/.julia/juliaup/julia-nightly/lib/julia/sys.so (unknown line)
[0Kjl_apply at /cache/build/tester-amdci5-12/julialang/julia-master/src/julia.h:2300 [inlined]
[0Kjl_type_infer at /cache/build/tester-amdci5-12/julialang/julia-master/src/gf.c:467
[0Kjl_compile_method_internal at /cache/build/tester-amdci5-12/julialang/julia-master/src/gf.c:3640
[0K_jl_invoke at /cache/build/tester-amdci5-12/julialang/julia-master/src/gf.c:4105 [inlined]
[0Kijl_apply_generic at /cache/build/tester-amdci5-12/julialang/julia-master/src/gf.c:4339
[0Kgradient at /workdir/depot/packages/Zygote/55SqB/src/compiler/interface.jl:154
[0Kjl_apply at /cache/build/tester-amdci5-12/julialang/julia-master/src/julia.h:2300 [inlined]
[0Kdo_call at /cache/build/tester-amdci5-12/julialang/julia-master/src/interpreter.c:123
[0Keval_value at /cache/build/tester-amdci5-12/julialang/julia-master/src/interpreter.c:243
[0Keval_stmt_value at /cache/build/tester-amdci5-12/julialang/julia-master/src/interpreter.c:194 [inlined]
[0Keval_body at /cache/build/tester-amdci5-12/julialang/julia-master/src/interpreter.c:679
[0Kjl_interpret_toplevel_thunk at /cache/build/tester-amdci5-12/julialang/julia-master/src/interpreter.c:884
[0Ktop-level scope at /workdir/depot/packages/Zygote/55SqB/src/precompile.jl:18
[0Kijl_eval_thunk at /cache/build/tester-amdci5-12/julialang/julia-master/src/toplevel.c:768
[0Kjl_toplevel_eval_flex at /cache/build/tester-amdci5-12/julialang/julia-master/src/toplevel.c:712
[0Kjl_eval_toplevel_stmts at /cache/build/tester-amdci5-12/julialang/julia-master/src/toplevel.c:602
[0Kjl_toplevel_eval_flex at /cache/build/tester-amdci5-12/julialang/julia-master/src/toplevel.c:684
[0Kijl_toplevel_eval at /cache/build/tester-amdci5-12/julialang/julia-master/src/toplevel.c:782
[0Kijl_toplevel_eval_in at /cache/build/tester-amdci5-12/julialang/julia-master/src/toplevel.c:827
[0Keval at ./boot.jl:517
[0Kinclude_string at ./loading.jl:3131
[0K_include at ./loading.jl:3191
[0Kinclude at ./Base.jl:324
[0KIncludeInto at ./Base.jl:325
[0Kjfptr_IncludeInto_1.1 at /root/.julia/juliaup/julia-nightly/lib/julia/sys.so (unknown line)
[0Kjl_apply at /cache/build/tester-amdci5-12/julialang/julia-master/src/julia.h:2300 [inlined]
[0Kdo_call at /cache/build/tester-amdci5-12/julialang/julia-master/src/interpreter.c:123
[0Keval_value at /cache/build/tester-amdci5-12/julialang/julia-master/src/interpreter.c:243
[0Keval_stmt_value at /cache/build/tester-amdci5-12/julialang/julia-master/src/interpreter.c:194 [inlined]
[0Keval_body at /cache/build/tester-amdci5-12/julialang/julia-master/src/interpreter.c:679
[0Keval_body at /cache/build/tester-amdci5-12/julialang/julia-master/src/interpreter.c:558
[0Kjl_interpret_toplevel_thunk at /cache/build/tester-amdci5-12/julialang/julia-master/src/interpreter.c:884
[0Kmacro expansion at /workdir/depot/packages/Zygote/55SqB/src/Zygote.jl:68 [inlined]
[0Kmacro expansion at /workdir/depot/packages/PrecompileTools/gn08A/src/workloads.jl:73 [inlined]
[0Ktop-level scope at /workdir/depot/packages/Zygote/55SqB/src/Zygote.jl:85
[0Kijl_eval_thunk at /cache/build/tester-amdci5-12/julialang/julia-master/src/toplevel.c:768
[0Kjl_toplevel_eval_flex at /cache/build/tester-amdci5-12/julialang/julia-master/src/toplevel.c:712
[0Kjl_eval_toplevel_stmts at /cache/build/tester-amdci5-12/julialang/julia-master/src/toplevel.c:602
[0Kjl_eval_module_expr at /cache/build/tester-amdci5-12/julialang/julia-master/src/toplevel.c:263 [inlined]
[0Kjl_toplevel_eval_flex at /cache/build/tester-amdci5-12/julialang/julia-master/src/toplevel.c:665
[0Kjl_eval_toplevel_stmts at /cache/build/tester-amdci5-12/julialang/julia-master/src/toplevel.c:602
[0Kjl_toplevel_eval_flex at /cache/build/tester-amdci5-12/julialang/julia-master/src/toplevel.c:684
[0Kijl_toplevel_eval at /cache/build/tester-amdci5-12/julialang/julia-master/src/toplevel.c:782
[0Kijl_toplevel_eval_in at /cache/build/tester-amdci5-12/julialang/julia-master/src/toplevel.c:827
[0Keval at ./boot.jl:517
[0Kinclude_string at ./loading.jl:3131
[0K_include at ./loading.jl:3191
[0Kinclude at ./Base.jl:323
[0Kinclude_package_for_output at ./loading.jl:3289
[0Kjfptr_include_package_for_output_1.1 at /root/.julia/juliaup/julia-nightly/lib/julia/sys.so (unknown line)
[0Kjl_apply at /cache/build/tester-amdci5-12/julialang/julia-master/src/julia.h:2300 [inlined]
[0Kdo_call at /cache/build/tester-amdci5-12/julialang/julia-master/src/interpreter.c:123
[0Keval_value at /cache/build/tester-amdci5-12/julialang/julia-master/src/interpreter.c:243
[0Keval_stmt_value at /cache/build/tester-amdci5-12/julialang/julia-master/src/interpreter.c:194 [inlined]
[0Keval_body at /cache/build/tester-amdci5-12/julialang/julia-master/src/interpreter.c:679
[0Kjl_interpret_toplevel_thunk at /cache/build/tester-amdci5-12/julialang/julia-master/src/interpreter.c:884
[0Ktop-level scope at stdin:5
[0Kijl_eval_thunk at /cache/build/tester-amdci5-12/julialang/julia-master/src/toplevel.c:768
[0Kjl_toplevel_eval_flex at /cache/build/tester-amdci5-12/julialang/julia-master/src/toplevel.c:712
[0Kjl_eval_toplevel_stmts at /cache/build/tester-amdci5-12/julialang/julia-master/src/toplevel.c:602
[0Kjl_toplevel_eval_flex at /cache/build/tester-amdci5-12/julialang/julia-master/src/toplevel.c:684
[0Kijl_toplevel_eval at /cache/build/tester-amdci5-12/julialang/julia-master/src/toplevel.c:782
[0Kijl_toplevel_eval_in at /cache/build/tester-amdci5-12/julialang/julia-master/src/toplevel.c:827
[0Keval at ./boot.jl:517
[0Kinclude_string at ./loading.jl:3131
[0Kinclude_string at ./loading.jl:3141 [inlined]
[0Kexec_options at ./client.jl:342
[0K_start at ./client.jl:585
[0Kjfptr__start_0.1 at /root/.julia/juliaup/julia-nightly/lib/julia/sys.so (unknown line)
[0Kjl_apply at /cache/build/tester-amdci5-12/julialang/julia-master/src/julia.h:2300 [inlined]
[0Ktrue_main at /cache/build/tester-amdci5-12/julialang/julia-master/src/jlapi.c:971
[0Kjl_repl_entrypoint at /cache/build/tester-amdci5-12/julialang/julia-master/src/jlapi.c:1138
[0Kmain at /cache/build/tester-amdci5-12/julialang/julia-master/cli/loader_exe.c:58
[0Kunknown function (ip: 0x75b53bbfd249) at /lib/x86_64-linux-gnu/libc.so.6
[0K__libc_start_main at /lib/x86_64-linux-gnu/libc.so.6 (unknown line)
[0Kunknown function (ip: 0x4010b8) at /workspace/srcdir/glibc-2.17/csu/../sysdeps/x86_64/start.S
[0KInternal error: during type inference of
[0K_pullback(Zygote.Context{false}, Zygote.var"#2209#2210", Array{Float64, 1})
[0KEncountered unexpected error in runtime:
[0KTypeError(func=:typeassert, context="", expected=Union{Nothing, Array{Any, 1}, Core.SimpleVector}, got=Array{Core.MethodInstance, 1}(dims=(1,), mem=Memory{Core.MethodInstance}(1, 0x75b5132a9220)[MethodInstance materialize(Array{Float32, 1}) from materialize(Any)]))
[0Kijl_type_error_rt at /cache/build/tester-amdci5-12/julialang/julia-master/src/rtutils.c:121
[0Kijl_type_error at /cache/build/tester-amdci5-12/julialang/julia-master/src/rtutils.c:140
[0Kcompute_edges! at ./../usr/share/julia/Compiler/src/typeinfer.jl:822
[0Kfinishinfer! at ./../usr/share/julia/Compiler/src/typeinfer.jl:668
[0Kfinish_nocycle at ./../usr/share/julia/Compiler/src/typeinfer.jl:275
[0Kjfptr_finish_nocycle_1.1 at /root/.julia/juliaup/julia-nightly/lib/julia/sys.so (unknown line)
[0Ktypeinf at ./../usr/share/julia/Compiler/src/abstractinterpretation.jl:4804
[0Ktypeinf_ext at ./../usr/share/julia/Compiler/src/typeinfer.jl:1535
[0Ktypeinf_ext_toplevel at ./../usr/share/julia/Compiler/src/typeinfer.jl:1718 [inlined]
[0Ktypeinf_ext_toplevel at ./../usr/share/julia/Compiler/src/typeinfer.jl:1727
[0Kjfptr_typeinf_ext_toplevel_2.1 at /root/.julia/juliaup/julia-nightly/lib/julia/sys.so (unknown line)
[0Kjl_apply at /cache/build/tester-amdci5-12/julialang/julia-master/src/julia.h:2300 [inlined]
[0Kjl_type_infer at /cache/build/tester-amdci5-12/julialang/julia-master/src/gf.c:467
[0Kjl_compile_method_internal at /cache/build/tester-amdci5-12/julialang/julia-master/src/gf.c:3640
[0K_jl_invoke at /cache/build/tester-amdci5-12/julialang/julia-master/src/gf.c:4105 [inlined]
[0Kijl_apply_generic at /cache/build/tester-amdci5-12/julialang/julia-master/src/gf.c:4339
[0Kpullback at /workdir/depot/packages/Zygote/55SqB/src/compiler/interface.jl:96
[0Kpullback at /workdir/depot/packages/Zygote/55SqB/src/compiler/interface.jl:94 [inlined]
[0Kgradient at /workdir/depot/packages/Zygote/55SqB/src/compiler/interface.jl:153
[0Kunknown function (ip: 0x75b50bed3d08) at (unknown file)
[0Kjl_apply at /cache/build/tester-amdci5-12/julialang/julia-master/src/julia.h:2300 [inlined]
[0Kdo_call at /cache/build/tester-amdci5-12/julialang/julia-master/src/interpreter.c:123
[0Keval_value at /cache/build/tester-amdci5-12/julialang/julia-master/src/interpreter.c:243
[0Keval_stmt_value at /cache/build/tester-amdci5-12/julialang/julia-master/src/interpreter.c:194 [inlined]
[0Keval_body at /cache/build/tester-amdci5-12/julialang/julia-master/src/interpreter.c:679
[0Kjl_interpret_toplevel_thunk at /cache/build/tester-amdci5-12/julialang/julia-master/src/interpreter.c:884
[0Ktop-level scope at /workdir/depot/packages/Zygote/55SqB/src/precompile.jl:20
[0Kijl_eval_thunk at /cache/build/tester-amdci5-12/julialang/julia-master/src/toplevel.c:768
[0Kjl_toplevel_eval_flex at /cache/build/tester-amdci5-12/julialang/julia-master/src/toplevel.c:712
[0Kjl_eval_toplevel_stmts at /cache/build/tester-amdci5-12/julialang/julia-master/src/toplevel.c:602
[0Kjl_toplevel_eval_flex at /cache/build/tester-amdci5-12/julialang/julia-master/src/toplevel.c:684
[0Kijl_toplevel_eval at /cache/build/tester-amdci5-12/julialang/julia-master/src/toplevel.c:782
[0Kijl_toplevel_eval_in at /cache/build/tester-amdci5-12/julialang/julia-master/src/toplevel.c:827
[0Keval at ./boot.jl:517
[0Kinclude_string at ./loading.jl:3131
[0K_include at ./loading.jl:3191
[0Kinclude at ./Base.jl:324
[0KIncludeInto at ./Base.jl:325
[0Kjfptr_IncludeInto_1.1 at /root/.julia/juliaup/julia-nightly/lib/julia/sys.so (unknown line)
[0Kjl_apply at /cache/build/tester-amdci5-12/julialang/julia-master/src/julia.h:2300 [inlined]
[0Kdo_call at /cache/build/tester-amdci5-12/julialang/julia-master/src/interpreter.c:123
[0Keval_value at /cache/build/tester-amdci5-12/julialang/julia-master/src/interpreter.c:243
[0Keval_stmt_value at /cache/build/tester-amdci5-12/julialang/julia-master/src/interpreter.c:194 [inlined]
[0Keval_body at /cache/build/tester-amdci5-12/julialang/julia-master/src/interpreter.c:679
[0Keval_body at /cache/build/tester-amdci5-12/julialang/julia-master/src/interpreter.c:558
[0Kjl_interpret_toplevel_thunk at /cache/build/tester-amdci5-12/julialang/julia-master/src/interpreter.c:884
[0Kmacro expansion at /workdir/depot/packages/Zygote/55SqB/src/Zygote.jl:68 [inlined]
[0Kmacro expansion at /workdir/depot/packages/PrecompileTools/gn08A/src/workloads.jl:73 [inlined]
[0Ktop-level scope at /workdir/depot/packages/Zygote/55SqB/src/Zygote.jl:85
[0Kijl_eval_thunk at /cache/build/tester-amdci5-12/julialang/julia-master/src/toplevel.c:768
[0Kjl_toplevel_eval_flex at /cache/build/tester-amdci5-12/julialang/julia-master/src/toplevel.c:712
[0Kjl_eval_toplevel_stmts at /cache/build/tester-amdci5-12/julialang/julia-master/src/toplevel.c:602
[0Kjl_eval_module_expr at /cache/build/tester-amdci5-12/julialang/julia-master/src/toplevel.c:263 [inlined]
[0Kjl_toplevel_eval_flex at /cache/build/tester-amdci5-12/julialang/julia-master/src/toplevel.c:665
[0Kjl_eval_toplevel_stmts at /cache/build/tester-amdci5-12/julialang/julia-master/src/toplevel.c:602
[0Kjl_toplevel_eval_flex at /cache/build/tester-amdci5-12/julialang/julia-master/src/toplevel.c:684
[0Kijl_toplevel_eval at /cache/build/tester-amdci5-12/julialang/julia-master/src/toplevel.c:782
[0Kijl_toplevel_eval_in at /cache/build/tester-amdci5-12/julialang/julia-master/src/toplevel.c:827
[0Keval at ./boot.jl:517
[0Kinclude_string at ./loading.jl:3131
[0K_include at ./loading.jl:3191
[0Kinclude at ./Base.jl:323
[0Kinclude_package_for_output at ./loading.jl:3289
[0Kjfptr_include_package_for_output_1.1 at /root/.julia/juliaup/julia-nightly/lib/julia/sys.so (unknown line)
[0Kjl_apply at /cache/build/tester-amdci5-12/julialang/julia-master/src/julia.h:2300 [inlined]
[0Kdo_call at /cache/build/tester-amdci5-12/julialang/julia-master/src/interpreter.c:123
[0Keval_value at /cache/build/tester-amdci5-12/julialang/julia-master/src/interpreter.c:243
[0Keval_stmt_value at /cache/build/tester-amdci5-12/julialang/julia-master/src/interpreter.c:194 [inlined]
[0Keval_body at /cache/build/tester-amdci5-12/julialang/julia-master/src/interpreter.c:679
[0Kjl_interpret_toplevel_thunk at /cache/build/tester-amdci5-12/julialang/julia-master/src/interpreter.c:884
[0Ktop-level scope at stdin:5
[0Kijl_eval_thunk at /cache/build/tester-amdci5-12/julialang/julia-master/src/toplevel.c:768
[0Kjl_toplevel_eval_flex at /cache/build/tester-amdci5-12/julialang/julia-master/src/toplevel.c:712
[0Kjl_eval_toplevel_stmts at /cache/build/tester-amdci5-12/julialang/julia-master/src/toplevel.c:602
[0Kjl_toplevel_eval_flex at /cache/build/tester-amdci5-12/julialang/julia-master/src/toplevel.c:684
[0Kijl_toplevel_eval at /cache/build/tester-amdci5-12/julialang/julia-master/src/toplevel.c:782
[0Kijl_toplevel_eval_in at /cache/build/tester-amdci5-12/julialang/julia-master/src/toplevel.c:827
[0Keval at ./boot.jl:517
[0Kinclude_string at ./loading.jl:3131
[0Kinclude_string at ./loading.jl:3141 [inlined]
[0Kexec_options at ./client.jl:342
[0K_start at ./client.jl:585
[0Kjfptr__start_0.1 at /root/.julia/juliaup/julia-nightly/lib/julia/sys.so (unknown line)
[0Kjl_apply at /cache/build/tester-amdci5-12/julialang/julia-master/src/julia.h:2300 [inlined]
[0Ktrue_main at /cache/build/tester-amdci5-12/julialang/julia-master/src/jlapi.c:971
[0Kjl_repl_entrypoint at /cache/build/tester-amdci5-12/julialang/julia-master/src/jlapi.c:1138
[0Kmain at /cache/build/tester-amdci5-12/julialang/julia-master/cli/loader_exe.c:58
[0Kunknown function (ip: 0x75b53bbfd249) at /lib/x86_64-linux-gnu/libc.so.6
[0K__libc_start_main at /lib/x86_64-linux-gnu/libc.so.6 (unknown line)
[0Kunknown function (ip: 0x4010b8) at /workspace/srcdir/glibc-2.17/csu/../sysdeps/x86_64/start.S
[0KInternal error: during type inference of
[0K(::Zygote.var"#pullback##0#pullback##1"{Zygote.Pullback{Tuple{Zygote.var"#2209#2210", Array{Float64, 1}}, Tuple{Zygote.Pullback{Tuple{typeof(Base.Broadcast.materialize), Array{Float32, 1}}, Tuple{}}, Zygote.var"#1912#1913"{Zygote.var"#1910#1911"{Array{Float64, 1}}}, Zygote.ZBack{ChainRules.var"#sum_pullback#551"{Base.Colon, Array{Float32, 1}, ChainRulesCore.ProjectTo{AbstractArray{T, N} where N where T, NamedTuple{(:element, :axes), Tuple{ChainRulesCore.ProjectTo{Float32, NamedTuple{(), Tuple{}}}, Tuple{Base.OneTo{Int64}}}}}}}}}})(Float32)
[0KEncountered unexpected error in runtime:
[0KTypeError(func=:typeassert, context="", expected=Union{Nothing, Array{Any, 1}, Core.SimpleVector}, got=Array{Core.MethodInstance, 1}(dims=(1,), mem=Memory{Core.MethodInstance}(1, 0x75b512383d40)[MethodInstance materialize(Array{Float32, 1}) from materialize(Any)]))
[0Kijl_type_error_rt at /cache/build/tester-amdci5-12/julialang/julia-master/src/rtutils.c:121
[0Kijl_type_error at /cache/build/tester-amdci5-12/julialang/julia-master/src/rtutils.c:140
[0Kcompute_edges! at ./../usr/share/julia/Compiler/src/typeinfer.jl:822
[0Kfinishinfer! at ./../usr/share/julia/Compiler/src/typeinfer.jl:668
[0Kfinish_nocycle at ./../usr/share/julia/Compiler/src/typeinfer.jl:275
[0Kjfptr_finish_nocycle_1.1 at /root/.julia/juliaup/julia-nightly/lib/julia/sys.so (unknown line)
[0Ktypeinf at ./../usr/share/julia/Compiler/src/abstractinterpretation.jl:4804
[0Ktypeinf_ext at ./../usr/share/julia/Compiler/src/typeinfer.jl:1535
[0Ktypeinf_ext_toplevel at ./../usr/share/julia/Compiler/src/typeinfer.jl:1718 [inlined]
[0Ktypeinf_ext_toplevel at ./../usr/share/julia/Compiler/src/typeinfer.jl:1727
[0Kjfptr_typeinf_ext_toplevel_2.1 at /root/.julia/juliaup/julia-nightly/lib/julia/sys.so (unknown line)
[0Kjl_apply at /cache/build/tester-amdci5-12/julialang/julia-master/src/julia.h:2300 [inlined]
[0Kjl_type_infer at /cache/build/tester-amdci5-12/julialang/julia-master/src/gf.c:467
[0Kjl_compile_method_internal at /cache/build/tester-amdci5-12/julialang/julia-master/src/gf.c:3640
[0K_jl_invoke at /cache/build/tester-amdci5-12/julialang/julia-master/src/gf.c:4105 [inlined]
[0Kijl_apply_generic at /cache/build/tester-amdci5-12/julialang/julia-master/src/gf.c:4339
[0Kgradient at /workdir/depot/packages/Zygote/55SqB/src/compiler/interface.jl:154
[0Kunknown function (ip: 0x75b50bed3d08) at (unknown file)
[0Kjl_apply at /cache/build/tester-amdci5-12/julialang/julia-master/src/julia.h:2300 [inlined]
[0Kdo_call at /cache/build/tester-amdci5-12/julialang/julia-master/src/interpreter.c:123
[0Keval_value at /cache/build/tester-amdci5-12/julialang/julia-master/src/interpreter.c:243
[0Keval_stmt_value at /cache/build/tester-amdci5-12/julialang/julia-master/src/interpreter.c:194 [inlined]
[0Keval_body at /cache/build/tester-amdci5-12/julialang/julia-master/src/interpreter.c:679
[0Kjl_interpret_toplevel_thunk at /cache/build/tester-amdci5-12/julialang/julia-master/src/interpreter.c:884
[0Ktop-level scope at /workdir/depot/packages/Zygote/55SqB/src/precompile.jl:20
[0Kijl_eval_thunk at /cache/build/tester-amdci5-12/julialang/julia-master/src/toplevel.c:768
[0Kjl_toplevel_eval_flex at /cache/build/tester-amdci5-12/julialang/julia-master/src/toplevel.c:712
[0Kjl_eval_toplevel_stmts at /cache/build/tester-amdci5-12/julialang/julia-master/src/toplevel.c:602
[0Kjl_toplevel_eval_flex at /cache/build/tester-amdci5-12/julialang/julia-master/src/toplevel.c:684
[0Kijl_toplevel_eval at /cache/build/tester-amdci5-12/julialang/julia-master/src/toplevel.c:782
[0Kijl_toplevel_eval_in at /cache/build/tester-amdci5-12/julialang/julia-master/src/toplevel.c:827
[0Keval at ./boot.jl:517
[0Kinclude_string at ./loading.jl:3131
[0K_include at ./loading.jl:3191
[0Kinclude at ./Base.jl:324
[0KIncludeInto at ./Base.jl:325
[0Kjfptr_IncludeInto_1.1 at /root/.julia/juliaup/julia-nightly/lib/julia/sys.so (unknown line)
[0Kjl_apply at /cache/build/tester-amdci5-12/julialang/julia-master/src/julia.h:2300 [inlined]
[0Kdo_call at /cache/build/tester-amdci5-12/julialang/julia-master/src/interpreter.c:123
[0Keval_value at /cache/build/tester-amdci5-12/julialang/julia-master/src/interpreter.c:243
[0Keval_stmt_value at /cache/build/tester-amdci5-12/julialang/julia-master/src/interpreter.c:194 [inlined]
[0Keval_body at /cache/build/tester-amdci5-12/julialang/julia-master/src/interpreter.c:679
[0Keval_body at /cache/build/tester-amdci5-12/julialang/julia-master/src/interpreter.c:558
[0Kjl_interpret_toplevel_thunk at /cache/build/tester-amdci5-12/julialang/julia-master/src/interpreter.c:884
[0Kmacro expansion at /workdir/depot/packages/Zygote/55SqB/src/Zygote.jl:68 [inlined]
[0Kmacro expansion at /workdir/depot/packages/PrecompileTools/gn08A/src/workloads.jl:73 [inlined]
[0Ktop-level scope at /workdir/depot/packages/Zygote/55SqB/src/Zygote.jl:85
[0Kijl_eval_thunk at /cache/build/tester-amdci5-12/julialang/julia-master/src/toplevel.c:768
[0Kjl_toplevel_eval_flex at /cache/build/tester-amdci5-12/julialang/julia-master/src/toplevel.c:712
[0Kjl_eval_toplevel_stmts at /cache/build/tester-amdci5-12/julialang/julia-master/src/toplevel.c:602
[0Kjl_eval_module_expr at /cache/build/tester-amdci5-12/julialang/julia-master/src/toplevel.c:263 [inlined]
[0Kjl_toplevel_eval_flex at /cache/build/tester-amdci5-12/julialang/julia-master/src/toplevel.c:665
[0Kjl_eval_toplevel_stmts at /cache/build/tester-amdci5-12/julialang/julia-master/src/toplevel.c:602
[0Kjl_toplevel_eval_flex at /cache/build/tester-amdci5-12/julialang/julia-master/src/toplevel.c:684
[0Kijl_toplevel_eval at /cache/build/tester-amdci5-12/julialang/julia-master/src/toplevel.c:782
[0Kijl_toplevel_eval_in at /cache/build/tester-amdci5-12/julialang/julia-master/src/toplevel.c:827
[0Keval at ./boot.jl:517
[0Kinclude_string at ./loading.jl:3131
[0K_include at ./loading.jl:3191
[0Kinclude at ./Base.jl:323
[0Kinclude_package_for_output at ./loading.jl:3289
[0Kjfptr_include_package_for_output_1.1 at /root/.julia/juliaup/julia-nightly/lib/julia/sys.so (unknown line)
[0Kjl_apply at /cache/build/tester-amdci5-12/julialang/julia-master/src/julia.h:2300 [inlined]
[0Kdo_call at /cache/build/tester-amdci5-12/julialang/julia-master/src/interpreter.c:123
[0Keval_value at /cache/build/tester-amdci5-12/julialang/julia-master/src/interpreter.c:243
[0Keval_stmt_value at /cache/build/tester-amdci5-12/julialang/julia-master/src/interpreter.c:194 [inlined]
[0Keval_body at /cache/build/tester-amdci5-12/julialang/julia-master/src/interpreter.c:679
[0Kjl_interpret_toplevel_thunk at /cache/build/tester-amdci5-12/julialang/julia-master/src/interpreter.c:884
[0Ktop-level scope at stdin:5
[0Kijl_eval_thunk at /cache/build/tester-amdci5-12/julialang/julia-master/src/toplevel.c:768
[0Kjl_toplevel_eval_flex at /cache/build/tester-amdci5-12/julialang/julia-master/src/toplevel.c:712
[0Kjl_eval_toplevel_stmts at /cache/build/tester-amdci5-12/julialang/julia-master/src/toplevel.c:602
[0Kjl_toplevel_eval_flex at /cache/build/tester-amdci5-12/julialang/julia-master/src/toplevel.c:684
[0Kijl_toplevel_eval at /cache/build/tester-amdci5-12/julialang/julia-master/src/toplevel.c:782
[0Kijl_toplevel_eval_in at /cache/build/tester-amdci5-12/julialang/julia-master/src/toplevel.c:827
[0Keval at ./boot.jl:517
[0Kinclude_string at ./loading.jl:3131
[0Kinclude_string at ./loading.jl:3141 [inlined]
[0Kexec_options at ./client.jl:342
[0K_start at ./client.jl:585
[0Kjfptr__start_0.1 at /root/.julia/juliaup/julia-nightly/lib/julia/sys.so (unknown line)
[0Kjl_apply at /cache/build/tester-amdci5-12/julialang/julia-master/src/julia.h:2300 [inlined]
[0Ktrue_main at /cache/build/tester-amdci5-12/julialang/julia-master/src/jlapi.c:971
[0Kjl_repl_entrypoint at /cache/build/tester-amdci5-12/julialang/julia-master/src/jlapi.c:1138
[0Kmain at /cache/build/tester-amdci5-12/julialang/julia-master/cli/loader_exe.c:58
[0Kunknown function (ip: 0x75b53bbfd249) at /lib/x86_64-linux-gnu/libc.so.6
[0K__libc_start_main at /lib/x86_64-linux-gnu/libc.so.6 (unknown line)
[0Kunknown function (ip: 0x4010b8) at /workspace/srcdir/glibc-2.17/csu/../sysdeps/x86_64/start.S
[0Kfatal: error thrown and no exception handler available.
[0KTypeError(func=:typeassert, context="", expected=Union{Nothing, Array{Any, 1}, Core.SimpleVector}, got=Array{Core.MethodInstance, 1}(dims=(1,), mem=Memory{Core.MethodInstance}(1, 0x75b512316000)[MethodInstance materialize(Array{Float32, 1}) from materialize(Any)]))
[0Kijl_type_error_rt at /cache/build/tester-amdci5-12/julialang/julia-master/src/rtutils.c:121
[0Kijl_type_error at /cache/build/tester-amdci5-12/julialang/julia-master/src/rtutils.c:140
[0Kcompute_edges! at ./../usr/share/julia/Compiler/src/typeinfer.jl:822
[0Kfinishinfer! at ./../usr/share/julia/Compiler/src/typeinfer.jl:668
[0Kfinish_nocycle at ./../usr/share/julia/Compiler/src/typeinfer.jl:275
[0Kjfptr_finish_nocycle_1.1 at /root/.julia/juliaup/julia-nightly/lib/julia/sys.so (unknown line)
[0Ktypeinf at ./../usr/share/julia/Compiler/src/abstractinterpretation.jl:4804
[0Ktypeinf_ext at ./../usr/share/julia/Compiler/src/typeinfer.jl:1535
[0Kjfptr_typeinf_ext_1.1 at /root/.julia/juliaup/julia-nightly/lib/julia/sys.so (unknown line)
[0K#compile!#175 at ./../usr/share/julia/Compiler/src/typeinfer.jl:1745
[0Kcompile! at ./../usr/share/julia/Compiler/src/typeinfer.jl:1730 [inlined]
[0Ktypeinf_ext_toplevel at ./../usr/share/julia/Compiler/src/typeinfer.jl:1830
[0Kcompile_and_emit_native at ./../usr/share/julia/Compiler/src/precompile.jl:421
[0Kjfptr_compile_and_emit_native_3.1 at /root/.julia/juliaup/julia-nightly/lib/julia/sys.so (unknown line)
[0Kjl_apply at /cache/build/tester-amdci5-12/julialang/julia-master/src/julia.h:2300 [inlined]
[0Kjl_create_native_impl at /cache/build/tester-amdci5-12/julialang/julia-master/src/aotcompile.cpp:576
[0Kijl_create_system_image at /cache/build/tester-amdci5-12/julialang/julia-master/src/staticdata.c:3366
[0Kijl_write_compiler_output at /cache/build/tester-amdci5-12/julialang/julia-master/src/precompile.c:140
[0Kijl_atexit_hook at /cache/build/tester-amdci5-12/julialang/julia-master/src/init.c:280
[0Kjl_repl_entrypoint at /cache/build/tester-amdci5-12/julialang/julia-master/src/jlapi.c:1139
[0Kmain at /cache/build/tester-amdci5-12/julialang/julia-master/cli/loader_exe.c:58
[0Kunknown function (ip: 0x75b53bbfd249) at /lib/x86_64-linux-gnu/libc.so.6
[0K__libc_start_main at /lib/x86_64-linux-gnu/libc.so.6 (unknown line)
[0Kunknown function (ip: 0x4010b8) at /workspace/srcdir/glibc-2.17/csu/../sysdeps/x86_64/start.S
              ✗ Zygote
  57 dependencies successfully precompiled in 30 seconds. 8 already precompiled.
	Command being timed: "nice -n -10 timeout -k120 -v 3600 julia +nightly --project=Z/Zygote/Gradient-Of-Square-Norm -e using Pkg; @time @eval Pkg.precompile()"
	User time (seconds): 191.32
	System time (seconds): 13.55
	Percent of CPU this job got: 152%
	Elapsed (wall clock) time (h:mm:ss or m:ss): 2:14.22
	Average shared text size (kbytes): 0
	Average unshared data size (kbytes): 0
	Average stack size (kbytes): 0
	Average total size (kbytes): 0
	Maximum resident set size (kbytes): 2286940
	Average resident set size (kbytes): 0
	Major (requiring I/O) page faults: 238
	Minor (reclaiming a frame) page faults: 4895891
	Voluntary context switches: 13876
	Involuntary context switches: 3640
	Swaps: 0
	File system inputs: 0
	File system outputs: 465280
	Socket messages sent: 0
	Socket messages received: 0
	Signals delivered: 0
	Page size (bytes): 4096
	Exit status: 0
