nice: cannot set niceness: Permission denied
Precompiling packages...
  75814.4 ms  ✓ Pkg (serial)
  1 dependency successfully precompiled in 76 seconds
Precompiling packages...
   2413.4 ms  ✓ DataValueInterfaces
   2427.9 ms  ✓ RealDot
   2519.3 ms  ✓ Unicode
   2482.5 ms  ✓ IteratorInterfaceExtensions
   2619.5 ms  ✓ OpenLibm_jll
   2790.3 ms  ✓ DataAPI
   2958.2 ms  ✓ Adapt
   2924.1 ms  ✓ CompilerSupportLibraries_jll
   3410.2 ms  ✓ Statistics
   3519.8 ms  ✓ DocStringExtensions
   3629.6 ms  ✓ Serialization
   4007.0 ms  ✓ AbstractFFTs
   2290.1 ms  ✓ TableTraits
   2516.0 ms  ✓ SuiteSparse_jll
   2600.3 ms  ✓ StaticArraysCore
   5616.3 ms  ✓ FillArrays
   2711.8 ms  ✓ GPUArraysCore
   3225.1 ms  ✓ Preferences
   1917.2 ms  ✓ DiffResults
   1709.9 ms  ✓ FillArrays → FillArraysStatisticsExt
   7940.9 ms  ✓ OrderedCollections
   1727.9 ms  ✓ PrecompileTools
   1896.4 ms  ✓ JLLWrappers
   8318.6 ms  ✓ ConstructionBase
   6204.9 ms  ✓ NaNMath
   1084.1 ms  ✓ ConstructionBase → ConstructionBaseLinearAlgebraExt
   6812.5 ms  ✓ Compat
   9808.8 ms  ✓ IrrationalConstants
   1898.3 ms  ✓ OpenSpecFun_jll
    769.5 ms  ✓ Compat → CompatLinearAlgebraExt
   8092.9 ms  ✓ InteractiveUtils
   1006.0 ms  ✓ LogExpFunctions
   9322.5 ms  ✓ MacroTools
   8132.4 ms  ✓ Distributed
   4173.0 ms  ✓ Tables
    687.5 ms  ✓ CommonSubexpressions
   3235.0 ms  ✓ ChainRulesCore
   2120.6 ms  ✓ StructArrays
   9367.5 ms  ✓ SparseArrays
    844.6 ms  ✓ AbstractFFTs → AbstractFFTsChainRulesCoreExt
   3963.5 ms  ✓ SpecialFunctions
   1981.5 ms  ✓ ZygoteRules
   1681.0 ms  ✓ StructArrays → StructArraysAdaptExt
   1778.4 ms  ✓ StructArrays → StructArraysLinearAlgebraExt
   1986.4 ms  ✓ SuiteSparse
   2129.6 ms  ✓ Adapt → AdaptSparseArraysExt
   2123.8 ms  ✓ Statistics → SparseArraysExt
   2231.3 ms  ✓ StructArrays → StructArraysSparseArraysExt
   2323.0 ms  ✓ FillArrays → FillArraysSparseArraysExt
   4882.8 ms  ✓ IRTools
   1847.9 ms  ✓ DiffRules
   3394.9 ms  ✓ LogExpFunctions → LogExpFunctionsChainRulesCoreExt
    761.4 ms  ✓ SparseInverseSubset
   3271.2 ms  ✓ ChainRulesCore → ChainRulesCoreSparseArraysExt
   2826.0 ms  ✓ SpecialFunctions → SpecialFunctionsChainRulesCoreExt
   3535.9 ms  ✓ ForwardDiff
   5031.8 ms  ✓ ChainRules
  23257.2 ms  ✓ Zygote
  58 dependencies successfully precompiled in 46 seconds. 8 already precompiled.
	Command being timed: "nice -n -10 timeout -k120 -v 3600 julia +1.12.6 --project=Z/Zygote/Gradient-Of-Square-Norm -e using Pkg; @time @eval Pkg.precompile()"
	User time (seconds): 236.47
	System time (seconds): 15.95
	Percent of CPU this job got: 205%
	Elapsed (wall clock) time (h:mm:ss or m:ss): 2:02.75
	Average shared text size (kbytes): 0
	Average unshared data size (kbytes): 0
	Average stack size (kbytes): 0
	Average total size (kbytes): 0
	Maximum resident set size (kbytes): 2150680
	Average resident set size (kbytes): 0
	Major (requiring I/O) page faults: 254
	Minor (reclaiming a frame) page faults: 4618598
	Voluntary context switches: 13401
	Involuntary context switches: 10641
	Swaps: 0
	File system inputs: 0
	File system outputs: 574792
	Socket messages sent: 0
	Socket messages received: 0
	Signals delivered: 0
	Page size (bytes): 4096
	Exit status: 0
