nice: cannot set niceness: Permission denied
Precompiling packages...
    504.6 ms  ✓ DataAPI
    517.1 ms  ✓ Adapt
    609.3 ms  ✓ ConstructionBase
    622.9 ms  ✓ Statistics
    422.2 ms  ✓ RealDot
    415.6 ms  ✓ DataValueInterfaces
    503.2 ms  ✓ StaticArraysCore
    676.2 ms  ✓ OrderedCollections
    880.5 ms  ✓ SuiteSparse_jll
    707.5 ms  ✓ Serialization
   1346.9 ms  ✓ IrrationalConstants
    472.3 ms  ✓ Unicode
    619.7 ms  ✓ DocStringExtensions
    596.3 ms  ✓ AbstractFFTs
    414.8 ms  ✓ IteratorInterfaceExtensions
    635.8 ms  ✓ OpenLibm_jll
   1157.6 ms  ✓ FillArrays
    576.1 ms  ✓ GPUArraysCore
    439.7 ms  ✓ ConstructionBase → ConstructionBaseLinearAlgebraExt
    491.9 ms  ✓ DiffResults
   1243.4 ms  ✓ InteractiveUtils
    532.7 ms  ✓ Compat
    699.0 ms  ✓ LogExpFunctions
    478.9 ms  ✓ TableTraits
   5457.7 ms  ✓ MacroTools
    532.6 ms  ✓ NaNMath
   2327.4 ms  ✓ Preferences
    579.1 ms  ✓ FillArrays → FillArraysStatisticsExt
   2784.2 ms  ✓ Distributed
    524.8 ms  ✓ Compat → CompatLinearAlgebraExt
    541.6 ms  ✓ CommonSubexpressions
    894.7 ms  ✓ Tables
    771.1 ms  ✓ JLLWrappers
    673.4 ms  ✓ PrecompileTools
    828.9 ms  ✓ StructArrays
   4565.4 ms  ✓ SparseArrays
    955.2 ms  ✓ OpenSpecFun_jll
   2169.7 ms  ✓ IRTools
   1464.4 ms  ✓ ChainRulesCore
    494.9 ms  ✓ StructArrays → StructArraysAdaptExt
    538.8 ms  ✓ StructArrays → StructArraysLinearAlgebraExt
    602.2 ms  ✓ Adapt → AdaptSparseArraysExt
    622.6 ms  ✓ Statistics → SparseArraysExt
    606.0 ms  ✓ SuiteSparse
    650.2 ms  ✓ StructArrays → StructArraysSparseArraysExt
    734.5 ms  ✓ FillArrays → FillArraysSparseArraysExt
    452.8 ms  ✓ AbstractFFTs → AbstractFFTsChainRulesCoreExt
    628.8 ms  ✓ ChainRulesCore → ChainRulesCoreSparseArraysExt
    695.2 ms  ✓ ZygoteRules
    538.6 ms  ✓ SparseInverseSubset
   1076.7 ms  ✓ LogExpFunctions → LogExpFunctionsChainRulesCoreExt
   2311.8 ms  ✓ SpecialFunctions
    525.3 ms  ✓ DiffRules
   1383.6 ms  ✓ SpecialFunctions → SpecialFunctionsChainRulesCoreExt
   4198.3 ms  ✓ ChainRules
   3039.1 ms  ✓ ForwardDiff
  30867.4 ms  ✓ Zygote
  57 dependencies successfully precompiled in 46 seconds. 8 already precompiled.
	Command being timed: "nice -n -10 timeout -k120 -v 3600 julia +alpha --project=Z/Zygote/Gradient-Of-Square-Norm -e using Pkg; @time @eval Pkg.precompile()"
	User time (seconds): 223.36
	System time (seconds): 13.93
	Percent of CPU this job got: 151%
	Elapsed (wall clock) time (h:mm:ss or m:ss): 2:36.56
	Average shared text size (kbytes): 0
	Average unshared data size (kbytes): 0
	Average stack size (kbytes): 0
	Average total size (kbytes): 0
	Maximum resident set size (kbytes): 2579160
	Average resident set size (kbytes): 0
	Major (requiring I/O) page faults: 349
	Minor (reclaiming a frame) page faults: 5180600
	Voluntary context switches: 13812
	Involuntary context switches: 3181
	Swaps: 0
	File system inputs: 0
	File system outputs: 590440
	Socket messages sent: 0
	Socket messages received: 0
	Signals delivered: 0
	Page size (bytes): 4096
	Exit status: 0
