nice: cannot set niceness: Permission denied
Precompiling packages...
  73451.1 ms  ✓ Pkg (serial)
  1 dependency successfully precompiled in 73 seconds
Precompiling packages...
   2301.1 ms  ✓ RealDot
   2405.6 ms  ✓ DataValueInterfaces
   2503.3 ms  ✓ OpenLibm_jll
   2558.3 ms  ✓ IteratorInterfaceExtensions
   2789.3 ms  ✓ Unicode
   2755.4 ms  ✓ DataAPI
   3155.0 ms  ✓ CompilerSupportLibraries_jll
   3403.5 ms  ✓ AbstractFFTs
   3593.4 ms  ✓ DocStringExtensions
   3600.0 ms  ✓ Statistics
   3604.8 ms  ✓ SuiteSparse_jll
   3807.6 ms  ✓ Serialization
   4887.7 ms  ✓ FillArrays
   2116.9 ms  ✓ TableTraits
   2686.3 ms  ✓ StaticArraysCore
   3684.8 ms  ✓ Requires
   2877.2 ms  ✓ Preferences
   1999.3 ms  ✓ FillArrays → FillArraysStatisticsExt
   2110.7 ms  ✓ DiffResults
   1917.8 ms  ✓ Adapt
   1903.7 ms  ✓ PrecompileTools
   8376.8 ms  ✓ ConstructionBase
   2120.0 ms  ✓ JLLWrappers
   8790.8 ms  ✓ OrderedCollections
   6599.9 ms  ✓ Compat
   1504.1 ms  ✓ ConstructionBase → ConstructionBaseLinearAlgebraExt
   7123.2 ms  ✓ NaNMath
   1892.3 ms  ✓ GPUArraysCore
   1925.8 ms  ✓ OpenSpecFun_jll
  10383.1 ms  ✓ IrrationalConstants
    919.5 ms  ✓ Compat → CompatLinearAlgebraExt
   8653.5 ms  ✓ InteractiveUtils
    941.7 ms  ✓ LogExpFunctions
  10013.5 ms  ✓ MacroTools
   8682.6 ms  ✓ Distributed
   4006.2 ms  ✓ Tables
    730.3 ms  ✓ CommonSubexpressions
   3246.0 ms  ✓ ChainRulesCore
    737.6 ms  ✓ AbstractFFTs → AbstractFFTsChainRulesCoreExt
  11014.9 ms  ✓ SparseArrays
   3671.0 ms  ✓ SpecialFunctions
   1443.4 ms  ✓ ZygoteRules
   2805.1 ms  ✓ StructArrays
   1760.8 ms  ✓ Adapt → AdaptSparseArraysExt
   1777.7 ms  ✓ SuiteSparse
   1883.4 ms  ✓ Statistics → SparseArraysExt
   1979.0 ms  ✓ FillArrays → FillArraysSparseArraysExt
   4673.5 ms  ✓ IRTools
   1485.3 ms  ✓ StructArrays → StructArraysAdaptExt
   1501.6 ms  ✓ StructArrays → StructArraysLinearAlgebraExt
   2099.4 ms  ✓ DiffRules
   1684.8 ms  ✓ StructArrays → StructArraysSparseArraysExt
   3345.8 ms  ✓ LogExpFunctions → LogExpFunctionsChainRulesCoreExt
    872.9 ms  ✓ SparseInverseSubset
   2968.5 ms  ✓ SpecialFunctions → SpecialFunctionsChainRulesCoreExt
   3179.5 ms  ✓ ChainRulesCore → ChainRulesCoreSparseArraysExt
   3432.8 ms  ✓ ForwardDiff
   4983.1 ms  ✓ ChainRules
  22814.1 ms  ✓ Zygote
  59 dependencies successfully precompiled in 46 seconds. 8 already precompiled.
	Command being timed: "nice -n -10 timeout -k120 -v 3600 julia +release --project=Z/Zygote/Gradient-Of-Square-Norm -e using Pkg; @time @eval Pkg.precompile()"
	User time (seconds): 232.50
	System time (seconds): 16.31
	Percent of CPU this job got: 207%
	Elapsed (wall clock) time (h:mm:ss or m:ss): 2:00.10
	Average shared text size (kbytes): 0
	Average unshared data size (kbytes): 0
	Average stack size (kbytes): 0
	Average total size (kbytes): 0
	Maximum resident set size (kbytes): 2149816
	Average resident set size (kbytes): 0
	Major (requiring I/O) page faults: 283
	Minor (reclaiming a frame) page faults: 4657714
	Voluntary context switches: 13135
	Involuntary context switches: 9502
	Swaps: 0
	File system inputs: 0
	File system outputs: 566256
	Socket messages sent: 0
	Socket messages received: 0
	Signals delivered: 0
	Page size (bytes): 4096
	Exit status: 0
