nice: cannot set niceness: Permission denied
Precompiling packages...
  75227.3 ms  ✓ Pkg (serial)
  1 dependency successfully precompiled in 75 seconds
Precompiling packages...
   2373.8 ms  ✓ DataValueInterfaces
   2387.3 ms  ✓ RealDot
   2669.9 ms  ✓ OpenLibm_jll
   2647.0 ms  ✓ IteratorInterfaceExtensions
   2773.2 ms  ✓ Unicode
   2842.5 ms  ✓ Adapt
   3013.8 ms  ✓ CompilerSupportLibraries_jll
   3319.0 ms  ✓ DataAPI
   3467.6 ms  ✓ AbstractFFTs
   3563.2 ms  ✓ Statistics
   3770.4 ms  ✓ DocStringExtensions
   4062.8 ms  ✓ Serialization
   4784.9 ms  ✓ FillArrays
   2499.3 ms  ✓ SuiteSparse_jll
   2197.1 ms  ✓ TableTraits
   2403.4 ms  ✓ StaticArraysCore
   2419.0 ms  ✓ GPUArraysCore
   2804.3 ms  ✓ Preferences
   1987.7 ms  ✓ FillArrays → FillArraysStatisticsExt
   1911.9 ms  ✓ DiffResults
   1555.8 ms  ✓ PrecompileTools
   1799.1 ms  ✓ JLLWrappers
   8272.7 ms  ✓ OrderedCollections
   8575.5 ms  ✓ ConstructionBase
   6297.8 ms  ✓ NaNMath
   6396.7 ms  ✓ Compat
   1100.8 ms  ✓ ConstructionBase → ConstructionBaseLinearAlgebraExt
   1778.2 ms  ✓ OpenSpecFun_jll
   9957.7 ms  ✓ IrrationalConstants
    821.2 ms  ✓ Compat → CompatLinearAlgebraExt
   8083.8 ms  ✓ InteractiveUtils
    939.9 ms  ✓ LogExpFunctions
   7310.4 ms  ✓ Distributed
   3646.5 ms  ✓ Tables
   9531.1 ms  ✓ MacroTools
    642.5 ms  ✓ CommonSubexpressions
   3107.7 ms  ✓ ChainRulesCore
   9133.8 ms  ✓ SparseArrays
    871.3 ms  ✓ AbstractFFTs → AbstractFFTsChainRulesCoreExt
   2479.2 ms  ✓ StructArrays
   1654.0 ms  ✓ ZygoteRules
   4368.2 ms  ✓ SpecialFunctions
   1475.5 ms  ✓ StructArrays → StructArraysLinearAlgebraExt
   1566.7 ms  ✓ StructArrays → StructArraysAdaptExt
   1969.2 ms  ✓ SuiteSparse
   1990.3 ms  ✓ FillArrays → FillArraysSparseArraysExt
   1994.0 ms  ✓ Statistics → SparseArraysExt
   2079.3 ms  ✓ Adapt → AdaptSparseArraysExt
   1820.0 ms  ✓ StructArrays → StructArraysSparseArraysExt
   4606.6 ms  ✓ IRTools
   1348.0 ms  ✓ DiffRules
   3260.0 ms  ✓ LogExpFunctions → LogExpFunctionsChainRulesCoreExt
    758.3 ms  ✓ SparseInverseSubset
   3196.4 ms  ✓ ChainRulesCore → ChainRulesCoreSparseArraysExt
   2221.4 ms  ✓ SpecialFunctions → SpecialFunctionsChainRulesCoreExt
   3429.8 ms  ✓ ForwardDiff
   5081.7 ms  ✓ ChainRules
  23076.7 ms  ✓ Zygote
  58 dependencies successfully precompiled in 45 seconds. 8 already precompiled.
	Command being timed: "nice -n -10 timeout -k120 -v 3600 julia +1.12.6 --project=Z/Zygote/Gradient-Of-Square-Norm -e using Pkg; @time @eval Pkg.precompile()"
	User time (seconds): 234.36
	System time (seconds): 15.70
	Percent of CPU this job got: 205%
	Elapsed (wall clock) time (h:mm:ss or m:ss): 2:01.59
	Average shared text size (kbytes): 0
	Average unshared data size (kbytes): 0
	Average stack size (kbytes): 0
	Average total size (kbytes): 0
	Maximum resident set size (kbytes): 2148712
	Average resident set size (kbytes): 0
	Major (requiring I/O) page faults: 286
	Minor (reclaiming a frame) page faults: 4611164
	Voluntary context switches: 13046
	Involuntary context switches: 9379
	Swaps: 0
	File system inputs: 0
	File system outputs: 569744
	Socket messages sent: 0
	Socket messages received: 0
	Signals delivered: 0
	Page size (bytes): 4096
	Exit status: 0
