nice: cannot set niceness: Permission denied
Precompiling packages...
  81953.3 ms  ✓ Pkg (serial)
  1 dependency successfully precompiled in 82 seconds
Precompiling packages...
   2303.2 ms  ✓ IteratorInterfaceExtensions
   2574.4 ms  ✓ RealDot
   2672.7 ms  ✓ DataValueInterfaces
   2677.5 ms  ✓ OpenLibm_jll
   2707.6 ms  ✓ Unicode
   2618.7 ms  ✓ DataAPI
   2777.7 ms  ✓ CompilerSupportLibraries_jll
   3171.5 ms  ✓ AbstractFFTs
   3262.5 ms  ✓ Statistics
   3354.1 ms  ✓ Adapt
   3995.7 ms  ✓ Serialization
   4569.8 ms  ✓ DocStringExtensions
   4794.0 ms  ✓ FillArrays
   2379.7 ms  ✓ StaticArraysCore
   2716.3 ms  ✓ SuiteSparse_jll
   2488.6 ms  ✓ TableTraits
   2896.2 ms  ✓ GPUArraysCore
   3393.4 ms  ✓ Preferences
   1887.7 ms  ✓ FillArrays → FillArraysStatisticsExt
   1944.9 ms  ✓ DiffResults
   7779.8 ms  ✓ ConstructionBase
   7994.8 ms  ✓ OrderedCollections
   1505.1 ms  ✓ PrecompileTools
   1838.3 ms  ✓ JLLWrappers
   1195.7 ms  ✓ ConstructionBase → ConstructionBaseLinearAlgebraExt
   6690.1 ms  ✓ NaNMath
   9882.4 ms  ✓ IrrationalConstants
   7107.4 ms  ✓ Compat
   1698.4 ms  ✓ OpenSpecFun_jll
    750.1 ms  ✓ Compat → CompatLinearAlgebraExt
   1021.2 ms  ✓ LogExpFunctions
   8405.2 ms  ✓ InteractiveUtils
   8078.9 ms  ✓ Distributed
   4510.4 ms  ✓ Tables
   9953.9 ms  ✓ MacroTools
    753.0 ms  ✓ CommonSubexpressions
   3397.7 ms  ✓ ChainRulesCore
   9528.7 ms  ✓ SparseArrays
   1161.2 ms  ✓ AbstractFFTs → AbstractFFTsChainRulesCoreExt
   4381.1 ms  ✓ SpecialFunctions
   1751.6 ms  ✓ ZygoteRules
   3485.9 ms  ✓ StructArrays
   2059.2 ms  ✓ Adapt → AdaptSparseArraysExt
   2220.2 ms  ✓ SuiteSparse
   2307.3 ms  ✓ FillArrays → FillArraysSparseArraysExt
   2363.9 ms  ✓ Statistics → SparseArraysExt
   2076.6 ms  ✓ DiffRules
   1613.4 ms  ✓ StructArrays → StructArraysAdaptExt
   1716.3 ms  ✓ StructArrays → StructArraysLinearAlgebraExt
   1904.1 ms  ✓ StructArrays → StructArraysSparseArraysExt
   5369.8 ms  ✓ IRTools
   3909.0 ms  ✓ LogExpFunctions → LogExpFunctionsChainRulesCoreExt
   1187.1 ms  ✓ SparseInverseSubset
   3849.7 ms  ✓ ChainRulesCore → ChainRulesCoreSparseArraysExt
   3422.4 ms  ✓ SpecialFunctions → SpecialFunctionsChainRulesCoreExt
   3943.4 ms  ✓ ForwardDiff
   5382.3 ms  ✓ ChainRules
  24759.9 ms  ✓ Zygote
  58 dependencies successfully precompiled in 49 seconds. 8 already precompiled.
	Command being timed: "nice -n -10 timeout -k120 -v 3600 julia +release --project=Z/Zygote/Gradient-Of-Square-Norm -e using Pkg; @time @eval Pkg.precompile()"
	User time (seconds): 256.07
	System time (seconds): 16.50
	Percent of CPU this job got: 206%
	Elapsed (wall clock) time (h:mm:ss or m:ss): 2:11.75
	Average shared text size (kbytes): 0
	Average unshared data size (kbytes): 0
	Average stack size (kbytes): 0
	Average total size (kbytes): 0
	Maximum resident set size (kbytes): 2150608
	Average resident set size (kbytes): 0
	Major (requiring I/O) page faults: 248
	Minor (reclaiming a frame) page faults: 4619887
	Voluntary context switches: 13558
	Involuntary context switches: 11653
	Swaps: 0
	File system inputs: 0
	File system outputs: 573616
	Socket messages sent: 0
	Socket messages received: 0
	Signals delivered: 0
	Page size (bytes): 4096
	Exit status: 0
