nice: cannot set niceness: Permission denied
Precompiling packages...
  75464.3 ms  ✓ Pkg (serial)
  1 dependency successfully precompiled in 75 seconds
Precompiling packages...
   2420.7 ms  ✓ RealDot
   2437.9 ms  ✓ DataValueInterfaces
   2524.8 ms  ✓ IteratorInterfaceExtensions
   2720.3 ms  ✓ OpenLibm_jll
   2744.4 ms  ✓ Unicode
   2713.1 ms  ✓ DataAPI
   3100.6 ms  ✓ Adapt
   3206.6 ms  ✓ CompilerSupportLibraries_jll
   3340.7 ms  ✓ DocStringExtensions
   3423.7 ms  ✓ AbstractFFTs
   3536.8 ms  ✓ Statistics
   4030.7 ms  ✓ Serialization
   2190.3 ms  ✓ TableTraits
   5027.3 ms  ✓ FillArrays
   2627.0 ms  ✓ SuiteSparse_jll
   2594.7 ms  ✓ StaticArraysCore
   2681.8 ms  ✓ GPUArraysCore
   3027.6 ms  ✓ Preferences
   1998.1 ms  ✓ FillArrays → FillArraysStatisticsExt
   2001.0 ms  ✓ DiffResults
   1598.1 ms  ✓ PrecompileTools
   8135.3 ms  ✓ OrderedCollections
   1919.6 ms  ✓ JLLWrappers
   8140.6 ms  ✓ ConstructionBase
   5994.6 ms  ✓ Compat
   1404.7 ms  ✓ ConstructionBase → ConstructionBaseLinearAlgebraExt
   6382.8 ms  ✓ NaNMath
   9717.0 ms  ✓ IrrationalConstants
   1835.2 ms  ✓ OpenSpecFun_jll
   1274.2 ms  ✓ Compat → CompatLinearAlgebraExt
   7713.1 ms  ✓ InteractiveUtils
    939.5 ms  ✓ LogExpFunctions
   7698.8 ms  ✓ Distributed
   9409.3 ms  ✓ MacroTools
   3943.4 ms  ✓ Tables
    673.6 ms  ✓ CommonSubexpressions
   3240.2 ms  ✓ ChainRulesCore
    787.1 ms  ✓ AbstractFFTs → AbstractFFTsChainRulesCoreExt
   1090.3 ms  ✓ ZygoteRules
   3697.9 ms  ✓ SpecialFunctions
   2346.0 ms  ✓ StructArrays
   9423.8 ms  ✓ SparseArrays
   1637.3 ms  ✓ StructArrays → StructArraysLinearAlgebraExt
   1728.2 ms  ✓ StructArrays → StructArraysAdaptExt
   1791.4 ms  ✓ Adapt → AdaptSparseArraysExt
   1987.4 ms  ✓ DiffRules
   4577.4 ms  ✓ IRTools
   3276.0 ms  ✓ LogExpFunctions → LogExpFunctionsChainRulesCoreExt
   2064.9 ms  ✓ Statistics → SparseArraysExt
   2031.8 ms  ✓ StructArrays → StructArraysSparseArraysExt
   2086.6 ms  ✓ SuiteSparse
   2166.7 ms  ✓ FillArrays → FillArraysSparseArraysExt
    497.5 ms  ✓ SparseInverseSubset
   3032.5 ms  ✓ SpecialFunctions → SpecialFunctionsChainRulesCoreExt
   2986.8 ms  ✓ ChainRulesCore → ChainRulesCoreSparseArraysExt
   3589.2 ms  ✓ ForwardDiff
   5008.0 ms  ✓ ChainRules
  23355.5 ms  ✓ Zygote
  58 dependencies successfully precompiled in 46 seconds. 8 already precompiled.
	Command being timed: "nice -n -10 timeout -k120 -v 3600 julia +release --project=Z/Zygote/Gradient-Of-Square-Norm -e using Pkg; @time @eval Pkg.precompile()"
	User time (seconds): 234.02
	System time (seconds): 16.05
	Percent of CPU this job got: 204%
	Elapsed (wall clock) time (h:mm:ss or m:ss): 2:02.39
	Average shared text size (kbytes): 0
	Average unshared data size (kbytes): 0
	Average stack size (kbytes): 0
	Average total size (kbytes): 0
	Maximum resident set size (kbytes): 2152384
	Average resident set size (kbytes): 0
	Major (requiring I/O) page faults: 275
	Minor (reclaiming a frame) page faults: 4626396
	Voluntary context switches: 14530
	Involuntary context switches: 9926
	Swaps: 0
	File system inputs: 0
	File system outputs: 574816
	Socket messages sent: 0
	Socket messages received: 0
	Signals delivered: 0
	Page size (bytes): 4096
	Exit status: 0
