nice: cannot set niceness: Permission denied
Precompiling packages...
   2056.5 ms  ✓ DataValueInterfaces
   2055.0 ms  ✓ IteratorInterfaceExtensions
   2062.5 ms  ✓ RealDot
   2061.6 ms  ✓ OpenLibm_jll
   2137.5 ms  ✓ DataAPI
   2255.9 ms  ✓ Requires
   2239.5 ms  ✓ CompilerSupportLibraries_jll
   2345.9 ms  ✓ ConstructionBase
   2507.8 ms  ✓ SuiteSparse_jll
   2567.3 ms  ✓ DocStringExtensions
   2805.2 ms  ✓ Compat
   2674.8 ms  ✓ OrderedCollections
   2672.4 ms  ✓ AbstractFFTs
   1389.7 ms  ✓ TableTraits
   1603.6 ms  ✓ StaticArraysCore
   3748.5 ms  ✓ FillArrays
   1592.4 ms  ✓ NaNMath
   1502.2 ms  ✓ Adapt
   1412.3 ms  ✓ ConstructionBase → ConstructionBaseLinearAlgebraExt
   1304.1 ms  ✓ Compat → CompatLinearAlgebraExt
   1954.4 ms  ✓ Preferences
   4456.6 ms  ✓ IrrationalConstants
   1092.9 ms  ✓ DiffResults
   1117.4 ms  ✓ GPUArraysCore
   1026.8 ms  ✓ PrecompileTools
   1134.0 ms  ✓ JLLWrappers
   1893.8 ms  ✓ Tables
   5324.8 ms  ✓ Distributed
   1121.4 ms  ✓ LogExpFunctions
    591.7 ms  ✓ OpenSpecFun_jll
   2002.6 ms  ✓ ChainRulesCore
   4211.2 ms  ✓ MacroTools
   1036.5 ms  ✓ StructArrays
    895.3 ms  ✓ AbstractFFTs → AbstractFFTsChainRulesCoreExt
    773.3 ms  ✓ CommonSubexpressions
    766.5 ms  ✓ StructArrays → StructArraysLinearAlgebraExt
   1112.1 ms  ✓ ZygoteRules
   1580.2 ms  ✓ LogExpFunctions → LogExpFunctionsChainRulesCoreExt
   5142.4 ms  ✓ SparseArrays
   2085.1 ms  ✓ IRTools
    776.3 ms  ✓ SuiteSparse
    866.4 ms  ✓ Adapt → AdaptSparseArraysExt
    873.1 ms  ✓ FillArrays → FillArraysSparseArraysExt
    872.9 ms  ✓ ChainRulesCore → ChainRulesCoreSparseArraysExt
    876.0 ms  ✓ StructArrays → StructArraysSparseArraysExt
    931.8 ms  ✓ Statistics
   3083.2 ms  ✓ SpecialFunctions
    424.6 ms  ✓ SparseInverseSubset
    436.7 ms  ✓ FillArrays → FillArraysStatisticsExt
    429.5 ms  ✓ DiffRules
   1004.6 ms  ✓ SpecialFunctions → SpecialFunctionsChainRulesCoreExt
   2063.5 ms  ✓ ForwardDiff
StructArraysAdaptExt Waiting for background task / IO / timer.
[pid 2764296] waiting for IO to finish:
 Handle type        uv_handle_t->data
 timer              0x25ddb150->0x7a1377392da0
This means that a package has started a background task or event source that has not finished running. For precompilation to complete successfully, the event source needs to be closed explicitly. See the developer documentation on fixing precompilation hangs for more help.
  20729.7 ms  ✓ StructArrays → StructArraysAdaptExt
   3256.3 ms  ✓ ChainRules
  17898.0 ms  ✓ Zygote
  55 dependencies successfully precompiled in 49 seconds
  1 dependency had output during precompilation:
┌ StructArrays → StructArraysAdaptExt
│  [pid 2764296] waiting for IO to finish:
│   Handle type        uv_handle_t->data
│   timer              0x25ddb150->0x7a1377392da0
│  This means that a package has started a background task or event source that has not finished running. For precompilation to complete successfully, the event source needs to be closed explicitly. See the developer documentation on fixing precompilation hangs for more help.
└  
	Command being timed: "nice -n -10 timeout -k120 -v 3600 julia +lts --project=Z/Zygote/Gradient-Of-Square-Norm -e using Pkg; @time @eval Pkg.precompile()"
	User time (seconds): 68.32
	System time (seconds): 9.60
	Percent of CPU this job got: 156%
	Elapsed (wall clock) time (h:mm:ss or m:ss): 0:49.94
	Average shared text size (kbytes): 0
	Average unshared data size (kbytes): 0
	Average stack size (kbytes): 0
	Average total size (kbytes): 0
	Maximum resident set size (kbytes): 972140
	Average resident set size (kbytes): 0
	Major (requiring I/O) page faults: 158
	Minor (reclaiming a frame) page faults: 2381943
	Voluntary context switches: 72249
	Involuntary context switches: 11910
	Swaps: 0
	File system inputs: 0
	File system outputs: 227280
	Socket messages sent: 0
	Socket messages received: 0
	Signals delivered: 0
	Page size (bytes): 4096
	Exit status: 0
