nice: cannot set niceness: Permission denied
Precompiling packages...
   2053.5 ms  ✓ DataValueInterfaces
   2061.3 ms  ✓ RealDot
   2136.6 ms  ✓ OpenLibm_jll
   2116.3 ms  ✓ CompilerSupportLibraries_jll
   2134.5 ms  ✓ Adapt
   2129.3 ms  ✓ DataAPI
   2154.2 ms  ✓ ConstructionBase
   2235.2 ms  ✓ IteratorInterfaceExtensions
   2319.9 ms  ✓ SuiteSparse_jll
   2594.9 ms  ✓ Compat
   2534.6 ms  ✓ AbstractFFTs
   2552.3 ms  ✓ DocStringExtensions
   2746.3 ms  ✓ OrderedCollections
   1305.4 ms  ✓ ConstructionBase → ConstructionBaseLinearAlgebraExt
   1297.0 ms  ✓ TableTraits
   3558.0 ms  ✓ FillArrays
   1474.7 ms  ✓ NaNMath
   1524.3 ms  ✓ StaticArraysCore
   1291.6 ms  ✓ Compat → CompatLinearAlgebraExt
   1619.6 ms  ✓ GPUArraysCore
   4064.6 ms  ✓ IrrationalConstants
   1936.3 ms  ✓ Preferences
    956.9 ms  ✓ DiffResults
    970.1 ms  ✓ PrecompileTools
    972.2 ms  ✓ JLLWrappers
   5024.2 ms  ✓ Distributed
   1543.0 ms  ✓ Tables
   1171.1 ms  ✓ LogExpFunctions
    501.8 ms  ✓ OpenSpecFun_jll
   1816.8 ms  ✓ ChainRulesCore
   4010.3 ms  ✓ MacroTools
    999.2 ms  ✓ StructArrays
    896.2 ms  ✓ AbstractFFTs → AbstractFFTsChainRulesCoreExt
    768.7 ms  ✓ CommonSubexpressions
    780.7 ms  ✓ StructArrays → StructArraysLinearAlgebraExt
   1098.3 ms  ✓ ZygoteRules
   1619.4 ms  ✓ LogExpFunctions → LogExpFunctionsChainRulesCoreExt
   5057.2 ms  ✓ SparseArrays
   1993.4 ms  ✓ IRTools
    750.5 ms  ✓ SuiteSparse
    765.7 ms  ✓ Adapt → AdaptSparseArraysExt
    834.4 ms  ✓ ChainRulesCore → ChainRulesCoreSparseArraysExt
    835.6 ms  ✓ StructArrays → StructArraysSparseArraysExt
    891.3 ms  ✓ FillArrays → FillArraysSparseArraysExt
    914.9 ms  ✓ Statistics
    421.8 ms  ✓ SparseInverseSubset
   3051.2 ms  ✓ SpecialFunctions
    443.1 ms  ✓ FillArrays → FillArraysStatisticsExt
    427.2 ms  ✓ DiffRules
   1015.1 ms  ✓ SpecialFunctions → SpecialFunctionsChainRulesCoreExt
   2046.0 ms  ✓ ForwardDiff
StructArraysAdaptExt Waiting for background task / IO / timer.
[pid 2962090] waiting for IO to finish:
 Handle type        uv_handle_t->data
 timer              0x2fc33670->0x7099da392dd0
This means that a package has started a background task or event source that has not finished running. For precompilation to complete successfully, the event source needs to be closed explicitly. See the developer documentation on fixing precompilation hangs for more help.
  20722.8 ms  ✓ StructArrays → StructArraysAdaptExt
   3265.5 ms  ✓ ChainRules
  17840.0 ms  ✓ Zygote
  54 dependencies successfully precompiled in 49 seconds
  1 dependency had output during precompilation:
┌ StructArrays → StructArraysAdaptExt
│  [pid 2962090] waiting for IO to finish:
│   Handle type        uv_handle_t->data
│   timer              0x2fc33670->0x7099da392dd0
│  This means that a package has started a background task or event source that has not finished running. For precompilation to complete successfully, the event source needs to be closed explicitly. See the developer documentation on fixing precompilation hangs for more help.
└  
	Command being timed: "nice -n -10 timeout -k120 -v 3600 julia +lts --project=Z/Zygote/Gradient-Of-Square-Norm -e using Pkg; @time @eval Pkg.precompile()"
	User time (seconds): 66.72
	System time (seconds): 9.36
	Percent of CPU this job got: 153%
	Elapsed (wall clock) time (h:mm:ss or m:ss): 0:49.65
	Average shared text size (kbytes): 0
	Average unshared data size (kbytes): 0
	Average stack size (kbytes): 0
	Average total size (kbytes): 0
	Maximum resident set size (kbytes): 952468
	Average resident set size (kbytes): 0
	Major (requiring I/O) page faults: 149
	Minor (reclaiming a frame) page faults: 2353826
	Voluntary context switches: 72293
	Involuntary context switches: 9805
	Swaps: 0
	File system inputs: 0
	File system outputs: 228888
	Socket messages sent: 0
	Socket messages received: 0
	Signals delivered: 0
	Page size (bytes): 4096
	Exit status: 0
