nice: cannot set niceness: Permission denied
Precompiling packages...
   1939.8 ms  ✓ DataValueInterfaces
   1940.3 ms  ✓ IteratorInterfaceExtensions
   1955.9 ms  ✓ RealDot
   1954.4 ms  ✓ OpenLibm_jll
   2121.4 ms  ✓ DataAPI
   2213.1 ms  ✓ CompilerSupportLibraries_jll
   2311.5 ms  ✓ SuiteSparse_jll
   2344.9 ms  ✓ ConstructionBase
   2353.6 ms  ✓ Requires
   2650.0 ms  ✓ AbstractFFTs
   2881.3 ms  ✓ Compat
   2751.1 ms  ✓ DocStringExtensions
   2844.2 ms  ✓ OrderedCollections
   1480.5 ms  ✓ TableTraits
   1613.9 ms  ✓ StaticArraysCore
   3649.7 ms  ✓ FillArrays
   1296.8 ms  ✓ ConstructionBase → ConstructionBaseLinearAlgebraExt
   1694.8 ms  ✓ NaNMath
   1490.1 ms  ✓ Adapt
   1114.9 ms  ✓ Compat → CompatLinearAlgebraExt
   2202.9 ms  ✓ Preferences
   4345.7 ms  ✓ IrrationalConstants
    994.1 ms  ✓ DiffResults
   1018.9 ms  ✓ GPUArraysCore
    985.7 ms  ✓ PrecompileTools
   1005.9 ms  ✓ JLLWrappers
   1844.1 ms  ✓ Tables
   5253.6 ms  ✓ Distributed
   1147.0 ms  ✓ LogExpFunctions
    571.6 ms  ✓ OpenSpecFun_jll
   2089.4 ms  ✓ ChainRulesCore
   4235.8 ms  ✓ MacroTools
    987.9 ms  ✓ StructArrays
    809.4 ms  ✓ AbstractFFTs → AbstractFFTsChainRulesCoreExt
    771.1 ms  ✓ CommonSubexpressions
    802.1 ms  ✓ StructArrays → StructArraysLinearAlgebraExt
   1156.5 ms  ✓ ZygoteRules
   1522.0 ms  ✓ LogExpFunctions → LogExpFunctionsChainRulesCoreExt
   5380.6 ms  ✓ SparseArrays
   1852.3 ms  ✓ IRTools
    694.8 ms  ✓ SuiteSparse
    730.3 ms  ✓ Adapt → AdaptSparseArraysExt
    744.0 ms  ✓ ChainRulesCore → ChainRulesCoreSparseArraysExt
    787.1 ms  ✓ StructArrays → StructArraysSparseArraysExt
    795.4 ms  ✓ FillArrays → FillArraysSparseArraysExt
    858.9 ms  ✓ Statistics
   2904.0 ms  ✓ SpecialFunctions
    425.6 ms  ✓ SparseInverseSubset
    427.9 ms  ✓ FillArrays → FillArraysStatisticsExt
    429.3 ms  ✓ DiffRules
   1000.7 ms  ✓ SpecialFunctions → SpecialFunctionsChainRulesCoreExt
   2013.4 ms  ✓ ForwardDiff
StructArraysAdaptExt Waiting for background task / IO / timer.
[pid 1267128] waiting for IO to finish:
 Handle type        uv_handle_t->data
 timer              0x277d24c0->0x717526992da0
This means that a package has started a background task or event source that has not finished running. For precompilation to complete successfully, the event source needs to be closed explicitly. See the developer documentation on fixing precompilation hangs for more help.
  20731.5 ms  ✓ StructArrays → StructArraysAdaptExt
   3183.5 ms  ✓ ChainRules
  17530.5 ms  ✓ Zygote
  55 dependencies successfully precompiled in 48 seconds
  1 dependency had output during precompilation:
┌ StructArrays → StructArraysAdaptExt
│  [pid 1267128] waiting for IO to finish:
│   Handle type        uv_handle_t->data
│   timer              0x277d24c0->0x717526992da0
│  This means that a package has started a background task or event source that has not finished running. For precompilation to complete successfully, the event source needs to be closed explicitly. See the developer documentation on fixing precompilation hangs for more help.
└  
	Command being timed: "nice -n -10 timeout -k120 -v 3600 julia +lts --project=Z/Zygote/Gradient-Of-Square-Norm -e using Pkg; @time @eval Pkg.precompile()"
	User time (seconds): 66.76
	System time (seconds): 9.49
	Percent of CPU this job got: 154%
	Elapsed (wall clock) time (h:mm:ss or m:ss): 0:49.28
	Average shared text size (kbytes): 0
	Average unshared data size (kbytes): 0
	Average stack size (kbytes): 0
	Average total size (kbytes): 0
	Maximum resident set size (kbytes): 939508
	Average resident set size (kbytes): 0
	Major (requiring I/O) page faults: 211
	Minor (reclaiming a frame) page faults: 2378602
	Voluntary context switches: 72772
	Involuntary context switches: 8570
	Swaps: 0
	File system inputs: 0
	File system outputs: 225944
	Socket messages sent: 0
	Socket messages received: 0
	Signals delivered: 0
	Page size (bytes): 4096
	Exit status: 0
