nice: cannot set niceness: Permission denied
Precompiling packages...
    452.8 ms  ✓ DataAPI
    550.1 ms  ✓ ConstructionBase
    582.3 ms  ✓ Statistics
    453.1 ms  ✓ RealDot
    432.1 ms  ✓ DataValueInterfaces
    533.2 ms  ✓ StaticArraysCore
   1338.2 ms  ✓ IrrationalConstants
    800.2 ms  ✓ Requires
    691.9 ms  ✓ OrderedCollections
    917.6 ms  ✓ SuiteSparse_jll
    740.2 ms  ✓ Serialization
    494.8 ms  ✓ Unicode
    628.2 ms  ✓ DocStringExtensions
    604.7 ms  ✓ AbstractFFTs
    401.9 ms  ✓ IteratorInterfaceExtensions
    642.4 ms  ✓ OpenLibm_jll
    664.9 ms  ✓ LogExpFunctions
   1088.2 ms  ✓ FillArrays
    512.4 ms  ✓ ConstructionBase → ConstructionBaseLinearAlgebraExt
    494.9 ms  ✓ DiffResults
    544.2 ms  ✓ Adapt
    669.8 ms  ✓ Compat
   4681.1 ms  ✓ MacroTools
    426.0 ms  ✓ TableTraits
   1759.6 ms  ✓ Preferences
   1522.7 ms  ✓ InteractiveUtils
    610.0 ms  ✓ NaNMath
   2475.4 ms  ✓ Distributed
    573.7 ms  ✓ FillArrays → FillArraysStatisticsExt
    461.3 ms  ✓ Compat → CompatLinearAlgebraExt
    628.3 ms  ✓ GPUArraysCore
    574.6 ms  ✓ CommonSubexpressions
    466.2 ms  ✓ PrecompileTools
    580.3 ms  ✓ JLLWrappers
    884.8 ms  ✓ Tables
   4093.3 ms  ✓ SparseArrays
    663.1 ms  ✓ OpenSpecFun_jll
    792.9 ms  ✓ StructArrays
    644.6 ms  ✓ Statistics → SparseArraysExt
    595.4 ms  ✓ SuiteSparse
   1478.4 ms  ✓ ChainRulesCore
    711.3 ms  ✓ FillArrays → FillArraysSparseArraysExt
    626.0 ms  ✓ Adapt → AdaptSparseArraysExt
   2299.1 ms  ✓ IRTools
    512.0 ms  ✓ StructArrays → StructArraysLinearAlgebraExt
    647.4 ms  ✓ StructArrays → StructArraysSparseArraysExt
    484.0 ms  ✓ StructArrays → StructArraysAdaptExt
    627.0 ms  ✓ SparseInverseSubset
    613.6 ms  ✓ ChainRulesCore → ChainRulesCoreSparseArraysExt
    489.7 ms  ✓ AbstractFFTs → AbstractFFTsChainRulesCoreExt
    712.0 ms  ✓ ZygoteRules
   1030.2 ms  ✓ LogExpFunctions → LogExpFunctionsChainRulesCoreExt
   2386.9 ms  ✓ SpecialFunctions
    532.7 ms  ✓ DiffRules
   1230.4 ms  ✓ SpecialFunctions → SpecialFunctionsChainRulesCoreExt
   4309.1 ms  ✓ ChainRules
   2999.9 ms  ✓ ForwardDiff
  30485.3 ms  ✓ Zygote
  58 dependencies successfully precompiled in 44 seconds. 8 already precompiled.
	Command being timed: "nice -n -10 timeout -k120 -v 3600 julia +alpha --project=Z/Zygote/Gradient-Of-Square-Norm -e using Pkg; @time @eval Pkg.precompile()"
	User time (seconds): 217.08
	System time (seconds): 13.95
	Percent of CPU this job got: 152%
	Elapsed (wall clock) time (h:mm:ss or m:ss): 2:31.69
	Average shared text size (kbytes): 0
	Average unshared data size (kbytes): 0
	Average stack size (kbytes): 0
	Average total size (kbytes): 0
	Maximum resident set size (kbytes): 2631420
	Average resident set size (kbytes): 0
	Major (requiring I/O) page faults: 283
	Minor (reclaiming a frame) page faults: 5099077
	Voluntary context switches: 13611
	Involuntary context switches: 3378
	Swaps: 0
	File system inputs: 0
	File system outputs: 582664
	Socket messages sent: 0
	Socket messages received: 0
	Signals delivered: 0
	Page size (bytes): 4096
	Exit status: 0
