nice: cannot set niceness: Permission denied
Precompiling packages...
    458.2 ms  ✓ DataAPI
    551.5 ms  ✓ ConstructionBase
    584.7 ms  ✓ Statistics
    445.8 ms  ✓ RealDot
    436.2 ms  ✓ DataValueInterfaces
    520.8 ms  ✓ StaticArraysCore
   1346.2 ms  ✓ IrrationalConstants
    704.1 ms  ✓ OrderedCollections
    839.2 ms  ✓ Requires
    968.6 ms  ✓ SuiteSparse_jll
    737.7 ms  ✓ Serialization
    505.6 ms  ✓ Unicode
    621.5 ms  ✓ DocStringExtensions
    611.8 ms  ✓ AbstractFFTs
    430.7 ms  ✓ IteratorInterfaceExtensions
    685.5 ms  ✓ OpenLibm_jll
   1072.9 ms  ✓ FillArrays
    443.9 ms  ✓ ConstructionBase → ConstructionBaseLinearAlgebraExt
    496.6 ms  ✓ DiffResults
    534.0 ms  ✓ Adapt
   1420.4 ms  ✓ InteractiveUtils
    680.6 ms  ✓ Compat
   4909.2 ms  ✓ MacroTools
    756.8 ms  ✓ LogExpFunctions
    421.8 ms  ✓ TableTraits
    569.6 ms  ✓ NaNMath
   1907.6 ms  ✓ Preferences
    557.3 ms  ✓ FillArrays → FillArraysStatisticsExt
   2502.7 ms  ✓ Distributed
    508.4 ms  ✓ Compat → CompatLinearAlgebraExt
    631.9 ms  ✓ GPUArraysCore
    596.4 ms  ✓ CommonSubexpressions
    543.7 ms  ✓ JLLWrappers
    444.8 ms  ✓ PrecompileTools
    902.6 ms  ✓ Tables
   4074.0 ms  ✓ SparseArrays
    680.5 ms  ✓ OpenSpecFun_jll
    602.0 ms  ✓ Statistics → SparseArraysExt
    782.9 ms  ✓ StructArrays
    644.0 ms  ✓ SuiteSparse
   2235.6 ms  ✓ IRTools
   1453.9 ms  ✓ ChainRulesCore
    647.2 ms  ✓ Adapt → AdaptSparseArraysExt
    726.3 ms  ✓ FillArrays → FillArraysSparseArraysExt
    481.2 ms  ✓ StructArrays → StructArraysLinearAlgebraExt
    633.0 ms  ✓ StructArrays → StructArraysSparseArraysExt
    462.4 ms  ✓ StructArrays → StructArraysAdaptExt
    606.8 ms  ✓ SparseInverseSubset
    610.9 ms  ✓ ChainRulesCore → ChainRulesCoreSparseArraysExt
    498.4 ms  ✓ AbstractFFTs → AbstractFFTsChainRulesCoreExt
    708.8 ms  ✓ ZygoteRules
   1069.7 ms  ✓ LogExpFunctions → LogExpFunctionsChainRulesCoreExt
   2212.2 ms  ✓ SpecialFunctions
    537.5 ms  ✓ DiffRules
   1267.1 ms  ✓ SpecialFunctions → SpecialFunctionsChainRulesCoreExt
   4298.3 ms  ✓ ChainRules
   2892.6 ms  ✓ ForwardDiff
[0KERROR: LoadError: ParseError:
[0K# Error @ /workdir/depot/packages/Zygote/55SqB/src/lib/array.jl:609:19
[0K  # to create a Diagonal
[0K  tr(x), function (Δ::Number)
[0K#                 └─────────┘ ── Invalid signature in function definition
[0KStacktrace:
[0K  [1] top-level scope
[0K    @ /workdir/depot/packages/Zygote/55SqB/src/lib/array.jl:609
[0K  [2] include(mapexpr::Function, mod::Module, _path::String)
[0K    @ Base ./Base.jl:310
[0K  [3] top-level scope
[0K    @ /workdir/depot/packages/Zygote/55SqB/src/Zygote.jl:40
[0K  [4] include(mod::Module, _path::String)
[0K    @ Base ./Base.jl:309
[0K  [5] include_package_for_output(pkg::Base.PkgId, input::String, syntax_version::VersionNumber, depot_path::Vector{String}, dl_load_path::Vector{String}, load_path::Vector{String}, concrete_deps::Vector{Pair{Base.PkgId, UInt128}}, source::Nothing)
[0K    @ Base ./loading.jl:3250
[0K  [6] top-level scope
[0K    @ stdin:5
[0K  [7] eval(m::Module, e::Any)
[0K    @ Core ./boot.jl:489
[0K  [8] include_string(mapexpr::typeof(identity), mod::Module, code::String, filename::String)
[0K    @ Base ./loading.jl:3092
[0K  [9] include_string
[0K    @ ./loading.jl:3102 [inlined]
[0K [10] exec_options(opts::Base.JLOptions)
[0K    @ Base ./client.jl:342
[0K [11] _start()
[0K    @ Base ./client.jl:577
[0Kin expression starting at /workdir/depot/packages/Zygote/55SqB/src/lib/array.jl:609
[0Kin expression starting at /workdir/depot/packages/Zygote/55SqB/src/Zygote.jl:1
[0Kin expression starting at stdin:5
              ✗ Zygote
  57 dependencies successfully precompiled in 20 seconds. 8 already precompiled.
	Command being timed: "nice -n -10 timeout -k120 -v 3600 julia +nightly --project=Z/Zygote/Gradient-Of-Square-Norm -e using Pkg; @time @eval Pkg.precompile()"
	User time (seconds): 196.05
	System time (seconds): 13.61
	Percent of CPU this job got: 152%
	Elapsed (wall clock) time (h:mm:ss or m:ss): 2:17.66
	Average shared text size (kbytes): 0
	Average unshared data size (kbytes): 0
	Average stack size (kbytes): 0
	Average total size (kbytes): 0
	Maximum resident set size (kbytes): 2471400
	Average resident set size (kbytes): 0
	Major (requiring I/O) page faults: 284
	Minor (reclaiming a frame) page faults: 4903052
	Voluntary context switches: 13711
	Involuntary context switches: 3912
	Swaps: 0
	File system inputs: 0
	File system outputs: 469720
	Socket messages sent: 0
	Socket messages received: 0
	Signals delivered: 0
	Page size (bytes): 4096
	Exit status: 0
