nice: cannot set niceness: Permission denied
Precompiling packages...
   1871.4 ms  ✓ DataValueInterfaces
   1877.9 ms  ✓ RealDot
   1873.2 ms  ✓ IteratorInterfaceExtensions
   2062.0 ms  ✓ OpenLibm_jll
   2110.7 ms  ✓ DataAPI
   2144.2 ms  ✓ CompilerSupportLibraries_jll
   2271.7 ms  ✓ Requires
   2221.4 ms  ✓ SuiteSparse_jll
   2276.3 ms  ✓ ConstructionBase
   2763.3 ms  ✓ OrderedCollections
   2765.6 ms  ✓ AbstractFFTs
   2913.6 ms  ✓ Compat
   2783.2 ms  ✓ DocStringExtensions
   1325.9 ms  ✓ TableTraits
   1588.7 ms  ✓ StaticArraysCore
   1522.5 ms  ✓ NaNMath
   1349.8 ms  ✓ ConstructionBase → ConstructionBaseLinearAlgebraExt
   3762.1 ms  ✓ FillArrays
   1492.9 ms  ✓ Adapt
   1198.1 ms  ✓ Compat → CompatLinearAlgebraExt
   2243.4 ms  ✓ Preferences
   4264.0 ms  ✓ IrrationalConstants
   1091.1 ms  ✓ DiffResults
    997.8 ms  ✓ GPUArraysCore
    902.2 ms  ✓ PrecompileTools
    983.2 ms  ✓ JLLWrappers
   1873.2 ms  ✓ Tables
   5251.4 ms  ✓ Distributed
   1193.3 ms  ✓ LogExpFunctions
    508.6 ms  ✓ OpenSpecFun_jll
   1998.2 ms  ✓ ChainRulesCore
   4237.5 ms  ✓ MacroTools
    941.8 ms  ✓ StructArrays
    628.9 ms  ✓ AbstractFFTs → AbstractFFTsChainRulesCoreExt
    672.6 ms  ✓ CommonSubexpressions
    700.5 ms  ✓ StructArrays → StructArraysLinearAlgebraExt
   1072.8 ms  ✓ ZygoteRules
    422.7 ms  ✓ StructArrays → StructArraysAdaptExt
   1406.6 ms  ✓ LogExpFunctions → LogExpFunctionsChainRulesCoreExt
   5330.3 ms  ✓ SparseArrays
   1844.5 ms  ✓ IRTools
    673.7 ms  ✓ SuiteSparse
    687.9 ms  ✓ Adapt → AdaptSparseArraysExt
    749.7 ms  ✓ ChainRulesCore → ChainRulesCoreSparseArraysExt
    765.9 ms  ✓ StructArrays → StructArraysSparseArraysExt
    783.2 ms  ✓ FillArrays → FillArraysSparseArraysExt
    836.7 ms  ✓ Statistics
   2887.1 ms  ✓ SpecialFunctions
    416.3 ms  ✓ SparseInverseSubset
    420.2 ms  ✓ FillArrays → FillArraysStatisticsExt
    422.3 ms  ✓ DiffRules
    993.6 ms  ✓ SpecialFunctions → SpecialFunctionsChainRulesCoreExt
   2068.4 ms  ✓ ForwardDiff
   3301.2 ms  ✓ ChainRules
  17448.3 ms  ✓ Zygote
  55 dependencies successfully precompiled in 30 seconds
	Command being timed: "nice -n -10 timeout -k120 -v 3600 julia +lts --project=Z/Zygote/Gradient-Of-Square-Norm -e using Pkg; @time @eval Pkg.precompile()"
	User time (seconds): 66.27
	System time (seconds): 9.49
	Percent of CPU this job got: 245%
	Elapsed (wall clock) time (h:mm:ss or m:ss): 0:30.88
	Average shared text size (kbytes): 0
	Average unshared data size (kbytes): 0
	Average stack size (kbytes): 0
	Average total size (kbytes): 0
	Maximum resident set size (kbytes): 963644
	Average resident set size (kbytes): 0
	Major (requiring I/O) page faults: 162
	Minor (reclaiming a frame) page faults: 2369208
	Voluntary context switches: 71374
	Involuntary context switches: 8811
	Swaps: 0
	File system inputs: 0
	File system outputs: 220176
	Socket messages sent: 0
	Socket messages received: 0
	Signals delivered: 0
	Page size (bytes): 4096
	Exit status: 0
