nice: cannot set niceness: Permission denied
Precompiling packages...
  75283.9 ms  ✓ Pkg (serial)
  1 dependency successfully precompiled in 75 seconds
Precompiling packages...
   2514.3 ms  ✓ DataValueInterfaces
   2420.8 ms  ✓ IteratorInterfaceExtensions
   2599.7 ms  ✓ RealDot
   2602.1 ms  ✓ OpenLibm_jll
   3022.9 ms  ✓ Unicode
   3001.3 ms  ✓ CompilerSupportLibraries_jll
   3177.2 ms  ✓ Adapt
   3299.2 ms  ✓ AbstractFFTs
   3194.6 ms  ✓ DataAPI
   3595.8 ms  ✓ Statistics
   3708.7 ms  ✓ DocStringExtensions
   3911.9 ms  ✓ Serialization
   2005.2 ms  ✓ TableTraits
   2426.5 ms  ✓ StaticArraysCore
   5201.4 ms  ✓ FillArrays
   2807.4 ms  ✓ SuiteSparse_jll
   2604.2 ms  ✓ GPUArraysCore
   2998.4 ms  ✓ Preferences
   1879.6 ms  ✓ DiffResults
   1921.0 ms  ✓ FillArrays → FillArraysStatisticsExt
   1606.6 ms  ✓ PrecompileTools
   7901.0 ms  ✓ ConstructionBase
   1832.9 ms  ✓ JLLWrappers
   8207.3 ms  ✓ OrderedCollections
   1216.6 ms  ✓ ConstructionBase → ConstructionBaseLinearAlgebraExt
   6185.0 ms  ✓ NaNMath
   6311.2 ms  ✓ Compat
   1700.4 ms  ✓ OpenSpecFun_jll
   9943.4 ms  ✓ IrrationalConstants
    824.7 ms  ✓ Compat → CompatLinearAlgebraExt
   7950.1 ms  ✓ InteractiveUtils
    955.5 ms  ✓ LogExpFunctions
   7893.3 ms  ✓ Distributed
   9290.1 ms  ✓ MacroTools
   3916.9 ms  ✓ Tables
    646.3 ms  ✓ CommonSubexpressions
   3179.3 ms  ✓ ChainRulesCore
    704.9 ms  ✓ AbstractFFTs → AbstractFFTsChainRulesCoreExt
   9088.7 ms  ✓ SparseArrays
   2288.5 ms  ✓ StructArrays
   4090.0 ms  ✓ SpecialFunctions
   1595.7 ms  ✓ ZygoteRules
   1811.2 ms  ✓ SuiteSparse
   1883.6 ms  ✓ StructArrays → StructArraysAdaptExt
   1994.3 ms  ✓ Adapt → AdaptSparseArraysExt
   1998.1 ms  ✓ StructArrays → StructArraysLinearAlgebraExt
   4696.7 ms  ✓ IRTools
   2120.1 ms  ✓ FillArrays → FillArraysSparseArraysExt
   2163.4 ms  ✓ StructArrays → StructArraysSparseArraysExt
   2222.5 ms  ✓ Statistics → SparseArraysExt
   1758.8 ms  ✓ DiffRules
   3382.7 ms  ✓ LogExpFunctions → LogExpFunctionsChainRulesCoreExt
    794.3 ms  ✓ SparseInverseSubset
   3129.4 ms  ✓ ChainRulesCore → ChainRulesCoreSparseArraysExt
   2639.5 ms  ✓ SpecialFunctions → SpecialFunctionsChainRulesCoreExt
   3423.9 ms  ✓ ForwardDiff
   4977.4 ms  ✓ ChainRules
  23405.8 ms  ✓ Zygote
  58 dependencies successfully precompiled in 46 seconds. 8 already precompiled.
	Command being timed: "nice -n -10 timeout -k120 -v 3600 julia +release --project=Z/Zygote/Gradient-Of-Square-Norm -e using Pkg; @time @eval Pkg.precompile()"
	User time (seconds): 235.26
	System time (seconds): 16.34
	Percent of CPU this job got: 205%
	Elapsed (wall clock) time (h:mm:ss or m:ss): 2:02.23
	Average shared text size (kbytes): 0
	Average unshared data size (kbytes): 0
	Average stack size (kbytes): 0
	Average total size (kbytes): 0
	Maximum resident set size (kbytes): 2159180
	Average resident set size (kbytes): 0
	Major (requiring I/O) page faults: 271
	Minor (reclaiming a frame) page faults: 4619772
	Voluntary context switches: 13340
	Involuntary context switches: 9495
	Swaps: 0
	File system inputs: 0
	File system outputs: 573440
	Socket messages sent: 0
	Socket messages received: 0
	Signals delivered: 0
	Page size (bytes): 4096
	Exit status: 0
