nice: cannot set niceness: Permission denied
Precompiling packages...
  73656.7 ms  ✓ Pkg (serial)
  1 dependency successfully precompiled in 74 seconds
Precompiling packages...
   2429.3 ms  ✓ DataValueInterfaces
   2445.3 ms  ✓ RealDot
   2624.4 ms  ✓ IteratorInterfaceExtensions
   2722.3 ms  ✓ OpenLibm_jll
   2851.0 ms  ✓ Unicode
   2921.5 ms  ✓ DataAPI
   3199.8 ms  ✓ CompilerSupportLibraries_jll
   3427.1 ms  ✓ AbstractFFTs
   3440.9 ms  ✓ Statistics
   3409.3 ms  ✓ SuiteSparse_jll
   3649.7 ms  ✓ DocStringExtensions
   3840.9 ms  ✓ Serialization
   2584.0 ms  ✓ StaticArraysCore
   2192.8 ms  ✓ TableTraits
   5325.0 ms  ✓ FillArrays
   3699.9 ms  ✓ Requires
   1600.5 ms  ✓ DiffResults
   3219.4 ms  ✓ Preferences
   2037.0 ms  ✓ FillArrays → FillArraysStatisticsExt
   1579.9 ms  ✓ Adapt
   8254.7 ms  ✓ ConstructionBase
   1897.4 ms  ✓ PrecompileTools
   2009.2 ms  ✓ JLLWrappers
   8929.9 ms  ✓ OrderedCollections
   1367.8 ms  ✓ ConstructionBase → ConstructionBaseLinearAlgebraExt
   1730.4 ms  ✓ GPUArraysCore
   6775.5 ms  ✓ NaNMath
   7003.8 ms  ✓ Compat
  10335.7 ms  ✓ IrrationalConstants
   1686.0 ms  ✓ OpenSpecFun_jll
    702.1 ms  ✓ Compat → CompatLinearAlgebraExt
   8452.0 ms  ✓ InteractiveUtils
    982.4 ms  ✓ LogExpFunctions
   7980.4 ms  ✓ Distributed
   9809.3 ms  ✓ MacroTools
   3663.7 ms  ✓ Tables
    647.4 ms  ✓ CommonSubexpressions
   2983.4 ms  ✓ ChainRulesCore
  10714.7 ms  ✓ SparseArrays
    735.0 ms  ✓ AbstractFFTs → AbstractFFTsChainRulesCoreExt
   3634.5 ms  ✓ SpecialFunctions
   2766.9 ms  ✓ StructArrays
   1724.3 ms  ✓ ZygoteRules
   1793.4 ms  ✓ Adapt → AdaptSparseArraysExt
   1797.0 ms  ✓ SuiteSparse
   2117.1 ms  ✓ Statistics → SparseArraysExt
   2194.0 ms  ✓ FillArrays → FillArraysSparseArraysExt
   1567.3 ms  ✓ StructArrays → StructArraysLinearAlgebraExt
   2061.9 ms  ✓ DiffRules
   1685.1 ms  ✓ StructArrays → StructArraysAdaptExt
   4847.3 ms  ✓ IRTools
   1827.4 ms  ✓ StructArrays → StructArraysSparseArraysExt
   3371.5 ms  ✓ LogExpFunctions → LogExpFunctionsChainRulesCoreExt
   1081.7 ms  ✓ SparseInverseSubset
   3332.4 ms  ✓ ChainRulesCore → ChainRulesCoreSparseArraysExt
   3053.5 ms  ✓ SpecialFunctions → SpecialFunctionsChainRulesCoreExt
   3336.3 ms  ✓ ForwardDiff
   4993.3 ms  ✓ ChainRules
  22714.2 ms  ✓ Zygote
  59 dependencies successfully precompiled in 46 seconds. 8 already precompiled.
	Command being timed: "nice -n -10 timeout -k120 -v 3600 julia +release --project=Z/Zygote/Gradient-Of-Square-Norm -e using Pkg; @time @eval Pkg.precompile()"
	User time (seconds): 233.34
	System time (seconds): 16.11
	Percent of CPU this job got: 207%
	Elapsed (wall clock) time (h:mm:ss or m:ss): 1:59.99
	Average shared text size (kbytes): 0
	Average unshared data size (kbytes): 0
	Average stack size (kbytes): 0
	Average total size (kbytes): 0
	Maximum resident set size (kbytes): 2150052
	Average resident set size (kbytes): 0
	Major (requiring I/O) page faults: 286
	Minor (reclaiming a frame) page faults: 4649970
	Voluntary context switches: 14072
	Involuntary context switches: 10485
	Swaps: 0
	File system inputs: 0
	File system outputs: 562616
	Socket messages sent: 0
	Socket messages received: 0
	Signals delivered: 0
	Page size (bytes): 4096
	Exit status: 0
