nice: cannot set niceness: Permission denied
Precompiling packages...
    463.8 ms  ✓ DataAPI
    573.6 ms  ✓ ConstructionBase
    593.1 ms  ✓ Statistics
    467.3 ms  ✓ RealDot
    455.2 ms  ✓ DataValueInterfaces
    551.5 ms  ✓ StaticArraysCore
   1284.2 ms  ✓ IrrationalConstants
    836.3 ms  ✓ SuiteSparse_jll
    832.5 ms  ✓ Requires
    731.9 ms  ✓ OrderedCollections
    763.6 ms  ✓ Serialization
    505.0 ms  ✓ Unicode
    660.1 ms  ✓ DocStringExtensions
    604.0 ms  ✓ AbstractFFTs
    436.5 ms  ✓ IteratorInterfaceExtensions
    722.6 ms  ✓ OpenLibm_jll
   1116.6 ms  ✓ FillArrays
    478.1 ms  ✓ ConstructionBase → ConstructionBaseLinearAlgebraExt
    523.7 ms  ✓ DiffResults
    541.7 ms  ✓ Adapt
   1486.5 ms  ✓ InteractiveUtils
    686.1 ms  ✓ Compat
   4400.5 ms  ✓ MacroTools
    409.7 ms  ✓ TableTraits
    658.6 ms  ✓ LogExpFunctions
    555.8 ms  ✓ NaNMath
    523.2 ms  ✓ FillArrays → FillArraysStatisticsExt
   1791.2 ms  ✓ Preferences
    636.3 ms  ✓ GPUArraysCore
    514.2 ms  ✓ Compat → CompatLinearAlgebraExt
   2500.6 ms  ✓ Distributed
    703.7 ms  ✓ CommonSubexpressions
    690.6 ms  ✓ JLLWrappers
    564.5 ms  ✓ PrecompileTools
    979.4 ms  ✓ Tables
   4300.8 ms  ✓ SparseArrays
    840.6 ms  ✓ StructArrays
    976.8 ms  ✓ OpenSpecFun_jll
   2074.3 ms  ✓ IRTools
    706.7 ms  ✓ Statistics → SparseArraysExt
   1480.5 ms  ✓ ChainRulesCore
    668.0 ms  ✓ SuiteSparse
    676.2 ms  ✓ Adapt → AdaptSparseArraysExt
    800.6 ms  ✓ FillArrays → FillArraysSparseArraysExt
    507.5 ms  ✓ StructArrays → StructArraysLinearAlgebraExt
    686.7 ms  ✓ StructArrays → StructArraysSparseArraysExt
    498.7 ms  ✓ StructArrays → StructArraysAdaptExt
    686.3 ms  ✓ ChainRulesCore → ChainRulesCoreSparseArraysExt
    473.3 ms  ✓ AbstractFFTs → AbstractFFTsChainRulesCoreExt
    708.7 ms  ✓ ZygoteRules
    549.4 ms  ✓ SparseInverseSubset
   1137.4 ms  ✓ LogExpFunctions → LogExpFunctionsChainRulesCoreExt
   2225.7 ms  ✓ SpecialFunctions
    547.2 ms  ✓ DiffRules
   1446.1 ms  ✓ SpecialFunctions → SpecialFunctionsChainRulesCoreExt
   2766.0 ms  ✓ ForwardDiff
   4381.2 ms  ✓ ChainRules
[0KInternal error: during type inference of
[0K_pullback(Zygote.Context{false}, typeof(Zygote.pow), Int64, Int64)
[0KEncountered unexpected error in runtime:
[0KTypeError(func=:typeassert, context="", expected=Union{Nothing, Array{Any, 1}, Core.SimpleVector}, got=Array{Core.MethodInstance, 1}(dims=(1,), mem=Memory{Core.MethodInstance}(1, 0x7f9d9568e1c0)[pow(Int64, Int64) from pow(Any, Any)]))
[0Kijl_type_error_rt at /cache/build/builder-amdci4-2/julialang/julia-master/src/rtutils.c:121
[0Kijl_type_error at /cache/build/builder-amdci4-2/julialang/julia-master/src/rtutils.c:140
[0Kcompute_edges! at ./../usr/share/julia/Compiler/src/typeinfer.jl:820
[0Kfinishinfer! at ./../usr/share/julia/Compiler/src/typeinfer.jl:668
[0Kfinish_nocycle at ./../usr/share/julia/Compiler/src/typeinfer.jl:275
[0Kjfptr_finish_nocycle_1.1 at /root/.julia/juliaup/julia-nightly/lib/julia/sys.so (unknown line)
[0Ktypeinf at ./../usr/share/julia/Compiler/src/abstractinterpretation.jl:4765
[0Ktypeinf_ext at ./../usr/share/julia/Compiler/src/typeinfer.jl:1533
[0Ktypeinf_ext_toplevel at ./../usr/share/julia/Compiler/src/typeinfer.jl:1716 [inlined]
[0Ktypeinf_ext_toplevel at ./../usr/share/julia/Compiler/src/typeinfer.jl:1725
[0Kjfptr_typeinf_ext_toplevel_2.1 at /root/.julia/juliaup/julia-nightly/lib/julia/sys.so (unknown line)
[0Kjl_apply at /cache/build/builder-amdci4-2/julialang/julia-master/src/julia.h:2300 [inlined]
[0Kjl_type_infer at /cache/build/builder-amdci4-2/julialang/julia-master/src/gf.c:467
[0Kjl_compile_method_internal at /cache/build/builder-amdci4-2/julialang/julia-master/src/gf.c:3640
[0K_jl_invoke at /cache/build/builder-amdci4-2/julialang/julia-master/src/gf.c:4105 [inlined]
[0Kijl_apply_generic at /cache/build/builder-amdci4-2/julialang/julia-master/src/gf.c:4339
[0Kjl_apply at /cache/build/builder-amdci4-2/julialang/julia-master/src/julia.h:2300 [inlined]
[0Kjl_f__apply_iterate at /cache/build/builder-amdci4-2/julialang/julia-master/src/builtins.c:897
[0Kpullback at /workdir/depot/packages/Zygote/55SqB/src/compiler/interface.jl:96
[0Kpullback at /workdir/depot/packages/Zygote/55SqB/src/compiler/interface.jl:94
[0Kunknown function (ip: 0x7f9d92e4c8d0) at (unknown file)
[0Kjl_apply at /cache/build/builder-amdci4-2/julialang/julia-master/src/julia.h:2300 [inlined]
[0Kjl_f__apply_iterate at /cache/build/builder-amdci4-2/julialang/julia-master/src/builtins.c:897
[0Kgradient at /workdir/depot/packages/Zygote/55SqB/src/compiler/interface.jl:153
[0Kjl_apply at /cache/build/builder-amdci4-2/julialang/julia-master/src/julia.h:2300 [inlined]
[0Kdo_call at /cache/build/builder-amdci4-2/julialang/julia-master/src/interpreter.c:123
[0Keval_value at /cache/build/builder-amdci4-2/julialang/julia-master/src/interpreter.c:243
[0Keval_stmt_value at /cache/build/builder-amdci4-2/julialang/julia-master/src/interpreter.c:194 [inlined]
[0Keval_body at /cache/build/builder-amdci4-2/julialang/julia-master/src/interpreter.c:679
[0Kjl_interpret_toplevel_thunk at /cache/build/builder-amdci4-2/julialang/julia-master/src/interpreter.c:884
[0Ktop-level scope at /workdir/depot/packages/Zygote/55SqB/src/precompile.jl:17
[0Kijl_eval_thunk at /cache/build/builder-amdci4-2/julialang/julia-master/src/toplevel.c:766
[0Kjl_toplevel_eval_flex at /cache/build/builder-amdci4-2/julialang/julia-master/src/toplevel.c:712
[0Kjl_eval_toplevel_stmts at /cache/build/builder-amdci4-2/julialang/julia-master/src/toplevel.c:602
[0Kjl_toplevel_eval_flex at /cache/build/builder-amdci4-2/julialang/julia-master/src/toplevel.c:684
[0Kijl_toplevel_eval at /cache/build/builder-amdci4-2/julialang/julia-master/src/toplevel.c:780
[0Kijl_toplevel_eval_in at /cache/build/builder-amdci4-2/julialang/julia-master/src/toplevel.c:825
[0Keval at ./boot.jl:517
[0Kinclude_string at ./loading.jl:3131
[0K_include at ./loading.jl:3191
[0Kinclude at ./Base.jl:324
[0KIncludeInto at ./Base.jl:325
[0Kjfptr_IncludeInto_1.1 at /root/.julia/juliaup/julia-nightly/lib/julia/sys.so (unknown line)
[0Kjl_apply at /cache/build/builder-amdci4-2/julialang/julia-master/src/julia.h:2300 [inlined]
[0Kdo_call at /cache/build/builder-amdci4-2/julialang/julia-master/src/interpreter.c:123
[0Keval_value at /cache/build/builder-amdci4-2/julialang/julia-master/src/interpreter.c:243
[0Keval_stmt_value at /cache/build/builder-amdci4-2/julialang/julia-master/src/interpreter.c:194 [inlined]
[0Keval_body at /cache/build/builder-amdci4-2/julialang/julia-master/src/interpreter.c:679
[0Keval_body at /cache/build/builder-amdci4-2/julialang/julia-master/src/interpreter.c:558
[0Kjl_interpret_toplevel_thunk at /cache/build/builder-amdci4-2/julialang/julia-master/src/interpreter.c:884
[0Kmacro expansion at /workdir/depot/packages/Zygote/55SqB/src/Zygote.jl:68 [inlined]
[0Kmacro expansion at /workdir/depot/packages/PrecompileTools/gn08A/src/workloads.jl:73 [inlined]
[0Ktop-level scope at /workdir/depot/packages/Zygote/55SqB/src/Zygote.jl:85
[0Kijl_eval_thunk at /cache/build/builder-amdci4-2/julialang/julia-master/src/toplevel.c:766
[0Kjl_toplevel_eval_flex at /cache/build/builder-amdci4-2/julialang/julia-master/src/toplevel.c:712
[0Kjl_eval_toplevel_stmts at /cache/build/builder-amdci4-2/julialang/julia-master/src/toplevel.c:602
[0Kjl_eval_module_expr at /cache/build/builder-amdci4-2/julialang/julia-master/src/toplevel.c:263 [inlined]
[0Kjl_toplevel_eval_flex at /cache/build/builder-amdci4-2/julialang/julia-master/src/toplevel.c:665
[0Kjl_eval_toplevel_stmts at /cache/build/builder-amdci4-2/julialang/julia-master/src/toplevel.c:602
[0Kjl_toplevel_eval_flex at /cache/build/builder-amdci4-2/julialang/julia-master/src/toplevel.c:684
[0Kijl_toplevel_eval at /cache/build/builder-amdci4-2/julialang/julia-master/src/toplevel.c:780
[0Kijl_toplevel_eval_in at /cache/build/builder-amdci4-2/julialang/julia-master/src/toplevel.c:825
[0Keval at ./boot.jl:517
[0Kinclude_string at ./loading.jl:3131
[0K_include at ./loading.jl:3191
[0Kinclude at ./Base.jl:323
[0Kinclude_package_for_output at ./loading.jl:3289
[0Kjfptr_include_package_for_output_1.1 at /root/.julia/juliaup/julia-nightly/lib/julia/sys.so (unknown line)
[0Kjl_apply at /cache/build/builder-amdci4-2/julialang/julia-master/src/julia.h:2300 [inlined]
[0Kdo_call at /cache/build/builder-amdci4-2/julialang/julia-master/src/interpreter.c:123
[0Keval_value at /cache/build/builder-amdci4-2/julialang/julia-master/src/interpreter.c:243
[0Keval_stmt_value at /cache/build/builder-amdci4-2/julialang/julia-master/src/interpreter.c:194 [inlined]
[0Keval_body at /cache/build/builder-amdci4-2/julialang/julia-master/src/interpreter.c:679
[0Kjl_interpret_toplevel_thunk at /cache/build/builder-amdci4-2/julialang/julia-master/src/interpreter.c:884
[0Ktop-level scope at stdin:5
[0Kijl_eval_thunk at /cache/build/builder-amdci4-2/julialang/julia-master/src/toplevel.c:766
[0Kjl_toplevel_eval_flex at /cache/build/builder-amdci4-2/julialang/julia-master/src/toplevel.c:712
[0Kjl_eval_toplevel_stmts at /cache/build/builder-amdci4-2/julialang/julia-master/src/toplevel.c:602
[0Kjl_toplevel_eval_flex at /cache/build/builder-amdci4-2/julialang/julia-master/src/toplevel.c:684
[0Kijl_toplevel_eval at /cache/build/builder-amdci4-2/julialang/julia-master/src/toplevel.c:780
[0Kijl_toplevel_eval_in at /cache/build/builder-amdci4-2/julialang/julia-master/src/toplevel.c:825
[0Keval at ./boot.jl:517
[0Kinclude_string at ./loading.jl:3131
[0Kinclude_string at ./loading.jl:3141 [inlined]
[0Kexec_options at ./client.jl:342
[0K_start at ./client.jl:585
[0Kjfptr__start_0.1 at /root/.julia/juliaup/julia-nightly/lib/julia/sys.so (unknown line)
[0Kjl_apply at /cache/build/builder-amdci4-2/julialang/julia-master/src/julia.h:2300 [inlined]
[0Ktrue_main at /cache/build/builder-amdci4-2/julialang/julia-master/src/jlapi.c:971
[0Kjl_repl_entrypoint at /cache/build/builder-amdci4-2/julialang/julia-master/src/jlapi.c:1138
[0Kmain at /cache/build/builder-amdci4-2/julialang/julia-master/cli/loader_exe.c:58
[0Kunknown function (ip: 0x7f9dc2c44249) at /lib/x86_64-linux-gnu/libc.so.6
[0K__libc_start_main at /lib/x86_64-linux-gnu/libc.so.6 (unknown line)
[0Kunknown function (ip: 0x4010b8) at /workspace/srcdir/glibc-2.17/csu/../sysdeps/x86_64/start.S
[0KInternal error: during type inference of
[0K(::Zygote.var"#pullback##0#pullback##1"{Zygote.Pullback{Tuple{typeof(Zygote.pow), Int64, Int64}, Any}})(Int64)
[0KEncountered unexpected error in runtime:
[0KTypeError(func=:typeassert, context="", expected=Union{Nothing, Array{Any, 1}, Core.SimpleVector}, got=Array{Core.MethodInstance, 1}(dims=(1,), mem=Memory{Core.MethodInstance}(1, 0x7f9dab46c980)[pow(Int64, Int64) from pow(Any, Any)]))
[0Kijl_type_error_rt at /cache/build/builder-amdci4-2/julialang/julia-master/src/rtutils.c:121
[0Kijl_type_error at /cache/build/builder-amdci4-2/julialang/julia-master/src/rtutils.c:140
[0Kcompute_edges! at ./../usr/share/julia/Compiler/src/typeinfer.jl:820
[0Kfinishinfer! at ./../usr/share/julia/Compiler/src/typeinfer.jl:668
[0Kfinish_nocycle at ./../usr/share/julia/Compiler/src/typeinfer.jl:275
[0Kjfptr_finish_nocycle_1.1 at /root/.julia/juliaup/julia-nightly/lib/julia/sys.so (unknown line)
[0Ktypeinf at ./../usr/share/julia/Compiler/src/abstractinterpretation.jl:4765
[0Ktypeinf_ext at ./../usr/share/julia/Compiler/src/typeinfer.jl:1533
[0Ktypeinf_ext_toplevel at ./../usr/share/julia/Compiler/src/typeinfer.jl:1716 [inlined]
[0Ktypeinf_ext_toplevel at ./../usr/share/julia/Compiler/src/typeinfer.jl:1725
[0Kjfptr_typeinf_ext_toplevel_2.1 at /root/.julia/juliaup/julia-nightly/lib/julia/sys.so (unknown line)
[0Kjl_apply at /cache/build/builder-amdci4-2/julialang/julia-master/src/julia.h:2300 [inlined]
[0Kjl_type_infer at /cache/build/builder-amdci4-2/julialang/julia-master/src/gf.c:467
[0Kjl_compile_method_internal at /cache/build/builder-amdci4-2/julialang/julia-master/src/gf.c:3640
[0K_jl_invoke at /cache/build/builder-amdci4-2/julialang/julia-master/src/gf.c:4105 [inlined]
[0Kijl_apply_generic at /cache/build/builder-amdci4-2/julialang/julia-master/src/gf.c:4339
[0Kgradient at /workdir/depot/packages/Zygote/55SqB/src/compiler/interface.jl:154
[0Kjl_apply at /cache/build/builder-amdci4-2/julialang/julia-master/src/julia.h:2300 [inlined]
[0Kdo_call at /cache/build/builder-amdci4-2/julialang/julia-master/src/interpreter.c:123
[0Keval_value at /cache/build/builder-amdci4-2/julialang/julia-master/src/interpreter.c:243
[0Keval_stmt_value at /cache/build/builder-amdci4-2/julialang/julia-master/src/interpreter.c:194 [inlined]
[0Keval_body at /cache/build/builder-amdci4-2/julialang/julia-master/src/interpreter.c:679
[0Kjl_interpret_toplevel_thunk at /cache/build/builder-amdci4-2/julialang/julia-master/src/interpreter.c:884
[0Ktop-level scope at /workdir/depot/packages/Zygote/55SqB/src/precompile.jl:17
[0Kijl_eval_thunk at /cache/build/builder-amdci4-2/julialang/julia-master/src/toplevel.c:766
[0Kjl_toplevel_eval_flex at /cache/build/builder-amdci4-2/julialang/julia-master/src/toplevel.c:712
[0Kjl_eval_toplevel_stmts at /cache/build/builder-amdci4-2/julialang/julia-master/src/toplevel.c:602
[0Kjl_toplevel_eval_flex at /cache/build/builder-amdci4-2/julialang/julia-master/src/toplevel.c:684
[0Kijl_toplevel_eval at /cache/build/builder-amdci4-2/julialang/julia-master/src/toplevel.c:780
[0Kijl_toplevel_eval_in at /cache/build/builder-amdci4-2/julialang/julia-master/src/toplevel.c:825
[0Keval at ./boot.jl:517
[0Kinclude_string at ./loading.jl:3131
[0K_include at ./loading.jl:3191
[0Kinclude at ./Base.jl:324
[0KIncludeInto at ./Base.jl:325
[0Kjfptr_IncludeInto_1.1 at /root/.julia/juliaup/julia-nightly/lib/julia/sys.so (unknown line)
[0Kjl_apply at /cache/build/builder-amdci4-2/julialang/julia-master/src/julia.h:2300 [inlined]
[0Kdo_call at /cache/build/builder-amdci4-2/julialang/julia-master/src/interpreter.c:123
[0Keval_value at /cache/build/builder-amdci4-2/julialang/julia-master/src/interpreter.c:243
[0Keval_stmt_value at /cache/build/builder-amdci4-2/julialang/julia-master/src/interpreter.c:194 [inlined]
[0Keval_body at /cache/build/builder-amdci4-2/julialang/julia-master/src/interpreter.c:679
[0Keval_body at /cache/build/builder-amdci4-2/julialang/julia-master/src/interpreter.c:558
[0Kjl_interpret_toplevel_thunk at /cache/build/builder-amdci4-2/julialang/julia-master/src/interpreter.c:884
[0Kmacro expansion at /workdir/depot/packages/Zygote/55SqB/src/Zygote.jl:68 [inlined]
[0Kmacro expansion at /workdir/depot/packages/PrecompileTools/gn08A/src/workloads.jl:73 [inlined]
[0Ktop-level scope at /workdir/depot/packages/Zygote/55SqB/src/Zygote.jl:85
[0Kijl_eval_thunk at /cache/build/builder-amdci4-2/julialang/julia-master/src/toplevel.c:766
[0Kjl_toplevel_eval_flex at /cache/build/builder-amdci4-2/julialang/julia-master/src/toplevel.c:712
[0Kjl_eval_toplevel_stmts at /cache/build/builder-amdci4-2/julialang/julia-master/src/toplevel.c:602
[0Kjl_eval_module_expr at /cache/build/builder-amdci4-2/julialang/julia-master/src/toplevel.c:263 [inlined]
[0Kjl_toplevel_eval_flex at /cache/build/builder-amdci4-2/julialang/julia-master/src/toplevel.c:665
[0Kjl_eval_toplevel_stmts at /cache/build/builder-amdci4-2/julialang/julia-master/src/toplevel.c:602
[0Kjl_toplevel_eval_flex at /cache/build/builder-amdci4-2/julialang/julia-master/src/toplevel.c:684
[0Kijl_toplevel_eval at /cache/build/builder-amdci4-2/julialang/julia-master/src/toplevel.c:780
[0Kijl_toplevel_eval_in at /cache/build/builder-amdci4-2/julialang/julia-master/src/toplevel.c:825
[0Keval at ./boot.jl:517
[0Kinclude_string at ./loading.jl:3131
[0K_include at ./loading.jl:3191
[0Kinclude at ./Base.jl:323
[0Kinclude_package_for_output at ./loading.jl:3289
[0Kjfptr_include_package_for_output_1.1 at /root/.julia/juliaup/julia-nightly/lib/julia/sys.so (unknown line)
[0Kjl_apply at /cache/build/builder-amdci4-2/julialang/julia-master/src/julia.h:2300 [inlined]
[0Kdo_call at /cache/build/builder-amdci4-2/julialang/julia-master/src/interpreter.c:123
[0Keval_value at /cache/build/builder-amdci4-2/julialang/julia-master/src/interpreter.c:243
[0Keval_stmt_value at /cache/build/builder-amdci4-2/julialang/julia-master/src/interpreter.c:194 [inlined]
[0Keval_body at /cache/build/builder-amdci4-2/julialang/julia-master/src/interpreter.c:679
[0Kjl_interpret_toplevel_thunk at /cache/build/builder-amdci4-2/julialang/julia-master/src/interpreter.c:884
[0Ktop-level scope at stdin:5
[0Kijl_eval_thunk at /cache/build/builder-amdci4-2/julialang/julia-master/src/toplevel.c:766
[0Kjl_toplevel_eval_flex at /cache/build/builder-amdci4-2/julialang/julia-master/src/toplevel.c:712
[0Kjl_eval_toplevel_stmts at /cache/build/builder-amdci4-2/julialang/julia-master/src/toplevel.c:602
[0Kjl_toplevel_eval_flex at /cache/build/builder-amdci4-2/julialang/julia-master/src/toplevel.c:684
[0Kijl_toplevel_eval at /cache/build/builder-amdci4-2/julialang/julia-master/src/toplevel.c:780
[0Kijl_toplevel_eval_in at /cache/build/builder-amdci4-2/julialang/julia-master/src/toplevel.c:825
[0Keval at ./boot.jl:517
[0Kinclude_string at ./loading.jl:3131
[0Kinclude_string at ./loading.jl:3141 [inlined]
[0Kexec_options at ./client.jl:342
[0K_start at ./client.jl:585
[0Kjfptr__start_0.1 at /root/.julia/juliaup/julia-nightly/lib/julia/sys.so (unknown line)
[0Kjl_apply at /cache/build/builder-amdci4-2/julialang/julia-master/src/julia.h:2300 [inlined]
[0Ktrue_main at /cache/build/builder-amdci4-2/julialang/julia-master/src/jlapi.c:971
[0Kjl_repl_entrypoint at /cache/build/builder-amdci4-2/julialang/julia-master/src/jlapi.c:1138
[0Kmain at /cache/build/builder-amdci4-2/julialang/julia-master/cli/loader_exe.c:58
[0Kunknown function (ip: 0x7f9dc2c44249) at /lib/x86_64-linux-gnu/libc.so.6
[0K__libc_start_main at /lib/x86_64-linux-gnu/libc.so.6 (unknown line)
[0Kunknown function (ip: 0x4010b8) at /workspace/srcdir/glibc-2.17/csu/../sysdeps/x86_64/start.S
[0KInternal error: during type inference of
[0K_pullback(Zygote.Context{false}, Zygote.var"#2206#2207", Array{Int64, 1}, Array{Int64, 1})
[0KEncountered unexpected error in runtime:
[0KTypeError(func=:typeassert, context="", expected=Union{Nothing, Array{Any, 1}, Core.SimpleVector}, got=Array{Core.MethodInstance, 1}(dims=(1,), mem=Memory{Core.MethodInstance}(1, 0x7f9da97cffe0)[materialize(Array{Int64, 1}) from materialize(Any)]))
[0Kijl_type_error_rt at /cache/build/builder-amdci4-2/julialang/julia-master/src/rtutils.c:121
[0Kijl_type_error at /cache/build/builder-amdci4-2/julialang/julia-master/src/rtutils.c:140
[0Kcompute_edges! at ./../usr/share/julia/Compiler/src/typeinfer.jl:820
[0Kfinishinfer! at ./../usr/share/julia/Compiler/src/typeinfer.jl:668
[0Kfinish_nocycle at ./../usr/share/julia/Compiler/src/typeinfer.jl:275
[0Kjfptr_finish_nocycle_1.1 at /root/.julia/juliaup/julia-nightly/lib/julia/sys.so (unknown line)
[0Ktypeinf at ./../usr/share/julia/Compiler/src/abstractinterpretation.jl:4765
[0Ktypeinf_ext at ./../usr/share/julia/Compiler/src/typeinfer.jl:1533
[0Ktypeinf_ext_toplevel at ./../usr/share/julia/Compiler/src/typeinfer.jl:1716 [inlined]
[0Ktypeinf_ext_toplevel at ./../usr/share/julia/Compiler/src/typeinfer.jl:1725
[0Kjfptr_typeinf_ext_toplevel_2.1 at /root/.julia/juliaup/julia-nightly/lib/julia/sys.so (unknown line)
[0Kjl_apply at /cache/build/builder-amdci4-2/julialang/julia-master/src/julia.h:2300 [inlined]
[0Kjl_type_infer at /cache/build/builder-amdci4-2/julialang/julia-master/src/gf.c:467
[0Kjl_compile_method_internal at /cache/build/builder-amdci4-2/julialang/julia-master/src/gf.c:3640
[0K_jl_invoke at /cache/build/builder-amdci4-2/julialang/julia-master/src/gf.c:4105 [inlined]
[0Kijl_apply_generic at /cache/build/builder-amdci4-2/julialang/julia-master/src/gf.c:4339
[0Kjl_apply at /cache/build/builder-amdci4-2/julialang/julia-master/src/julia.h:2300 [inlined]
[0Kjl_f__apply_iterate at /cache/build/builder-amdci4-2/julialang/julia-master/src/builtins.c:897
[0Kpullback at /workdir/depot/packages/Zygote/55SqB/src/compiler/interface.jl:96
[0Kpullback at /workdir/depot/packages/Zygote/55SqB/src/compiler/interface.jl:94
[0Kjl_apply at /cache/build/builder-amdci4-2/julialang/julia-master/src/julia.h:2300 [inlined]
[0Kjl_f__apply_iterate at /cache/build/builder-amdci4-2/julialang/julia-master/src/builtins.c:897
[0Kgradient at /workdir/depot/packages/Zygote/55SqB/src/compiler/interface.jl:153
[0Kjl_apply at /cache/build/builder-amdci4-2/julialang/julia-master/src/julia.h:2300 [inlined]
[0Kdo_call at /cache/build/builder-amdci4-2/julialang/julia-master/src/interpreter.c:123
[0Keval_value at /cache/build/builder-amdci4-2/julialang/julia-master/src/interpreter.c:243
[0Keval_stmt_value at /cache/build/builder-amdci4-2/julialang/julia-master/src/interpreter.c:194 [inlined]
[0Keval_body at /cache/build/builder-amdci4-2/julialang/julia-master/src/interpreter.c:679
[0Kjl_interpret_toplevel_thunk at /cache/build/builder-amdci4-2/julialang/julia-master/src/interpreter.c:884
[0Ktop-level scope at /workdir/depot/packages/Zygote/55SqB/src/precompile.jl:18
[0Kijl_eval_thunk at /cache/build/builder-amdci4-2/julialang/julia-master/src/toplevel.c:766
[0Kjl_toplevel_eval_flex at /cache/build/builder-amdci4-2/julialang/julia-master/src/toplevel.c:712
[0Kjl_eval_toplevel_stmts at /cache/build/builder-amdci4-2/julialang/julia-master/src/toplevel.c:602
[0Kjl_toplevel_eval_flex at /cache/build/builder-amdci4-2/julialang/julia-master/src/toplevel.c:684
[0Kijl_toplevel_eval at /cache/build/builder-amdci4-2/julialang/julia-master/src/toplevel.c:780
[0Kijl_toplevel_eval_in at /cache/build/builder-amdci4-2/julialang/julia-master/src/toplevel.c:825
[0Keval at ./boot.jl:517
[0Kinclude_string at ./loading.jl:3131
[0K_include at ./loading.jl:3191
[0Kinclude at ./Base.jl:324
[0KIncludeInto at ./Base.jl:325
[0Kjfptr_IncludeInto_1.1 at /root/.julia/juliaup/julia-nightly/lib/julia/sys.so (unknown line)
[0Kjl_apply at /cache/build/builder-amdci4-2/julialang/julia-master/src/julia.h:2300 [inlined]
[0Kdo_call at /cache/build/builder-amdci4-2/julialang/julia-master/src/interpreter.c:123
[0Keval_value at /cache/build/builder-amdci4-2/julialang/julia-master/src/interpreter.c:243
[0Keval_stmt_value at /cache/build/builder-amdci4-2/julialang/julia-master/src/interpreter.c:194 [inlined]
[0Keval_body at /cache/build/builder-amdci4-2/julialang/julia-master/src/interpreter.c:679
[0Keval_body at /cache/build/builder-amdci4-2/julialang/julia-master/src/interpreter.c:558
[0Kjl_interpret_toplevel_thunk at /cache/build/builder-amdci4-2/julialang/julia-master/src/interpreter.c:884
[0Kmacro expansion at /workdir/depot/packages/Zygote/55SqB/src/Zygote.jl:68 [inlined]
[0Kmacro expansion at /workdir/depot/packages/PrecompileTools/gn08A/src/workloads.jl:73 [inlined]
[0Ktop-level scope at /workdir/depot/packages/Zygote/55SqB/src/Zygote.jl:85
[0Kijl_eval_thunk at /cache/build/builder-amdci4-2/julialang/julia-master/src/toplevel.c:766
[0Kjl_toplevel_eval_flex at /cache/build/builder-amdci4-2/julialang/julia-master/src/toplevel.c:712
[0Kjl_eval_toplevel_stmts at /cache/build/builder-amdci4-2/julialang/julia-master/src/toplevel.c:602
[0Kjl_eval_module_expr at /cache/build/builder-amdci4-2/julialang/julia-master/src/toplevel.c:263 [inlined]
[0Kjl_toplevel_eval_flex at /cache/build/builder-amdci4-2/julialang/julia-master/src/toplevel.c:665
[0Kjl_eval_toplevel_stmts at /cache/build/builder-amdci4-2/julialang/julia-master/src/toplevel.c:602
[0Kjl_toplevel_eval_flex at /cache/build/builder-amdci4-2/julialang/julia-master/src/toplevel.c:684
[0Kijl_toplevel_eval at /cache/build/builder-amdci4-2/julialang/julia-master/src/toplevel.c:780
[0Kijl_toplevel_eval_in at /cache/build/builder-amdci4-2/julialang/julia-master/src/toplevel.c:825
[0Keval at ./boot.jl:517
[0Kinclude_string at ./loading.jl:3131
[0K_include at ./loading.jl:3191
[0Kinclude at ./Base.jl:323
[0Kinclude_package_for_output at ./loading.jl:3289
[0Kjfptr_include_package_for_output_1.1 at /root/.julia/juliaup/julia-nightly/lib/julia/sys.so (unknown line)
[0Kjl_apply at /cache/build/builder-amdci4-2/julialang/julia-master/src/julia.h:2300 [inlined]
[0Kdo_call at /cache/build/builder-amdci4-2/julialang/julia-master/src/interpreter.c:123
[0Keval_value at /cache/build/builder-amdci4-2/julialang/julia-master/src/interpreter.c:243
[0Keval_stmt_value at /cache/build/builder-amdci4-2/julialang/julia-master/src/interpreter.c:194 [inlined]
[0Keval_body at /cache/build/builder-amdci4-2/julialang/julia-master/src/interpreter.c:679
[0Kjl_interpret_toplevel_thunk at /cache/build/builder-amdci4-2/julialang/julia-master/src/interpreter.c:884
[0Ktop-level scope at stdin:5
[0Kijl_eval_thunk at /cache/build/builder-amdci4-2/julialang/julia-master/src/toplevel.c:766
[0Kjl_toplevel_eval_flex at /cache/build/builder-amdci4-2/julialang/julia-master/src/toplevel.c:712
[0Kjl_eval_toplevel_stmts at /cache/build/builder-amdci4-2/julialang/julia-master/src/toplevel.c:602
[0Kjl_toplevel_eval_flex at /cache/build/builder-amdci4-2/julialang/julia-master/src/toplevel.c:684
[0Kijl_toplevel_eval at /cache/build/builder-amdci4-2/julialang/julia-master/src/toplevel.c:780
[0Kijl_toplevel_eval_in at /cache/build/builder-amdci4-2/julialang/julia-master/src/toplevel.c:825
[0Keval at ./boot.jl:517
[0Kinclude_string at ./loading.jl:3131
[0Kinclude_string at ./loading.jl:3141 [inlined]
[0Kexec_options at ./client.jl:342
[0K_start at ./client.jl:585
[0Kjfptr__start_0.1 at /root/.julia/juliaup/julia-nightly/lib/julia/sys.so (unknown line)
[0Kjl_apply at /cache/build/builder-amdci4-2/julialang/julia-master/src/julia.h:2300 [inlined]
[0Ktrue_main at /cache/build/builder-amdci4-2/julialang/julia-master/src/jlapi.c:971
[0Kjl_repl_entrypoint at /cache/build/builder-amdci4-2/julialang/julia-master/src/jlapi.c:1138
[0Kmain at /cache/build/builder-amdci4-2/julialang/julia-master/cli/loader_exe.c:58
[0Kunknown function (ip: 0x7f9dc2c44249) at /lib/x86_64-linux-gnu/libc.so.6
[0K__libc_start_main at /lib/x86_64-linux-gnu/libc.so.6 (unknown line)
[0Kunknown function (ip: 0x4010b8) at /workspace/srcdir/glibc-2.17/csu/../sysdeps/x86_64/start.S
[0KInternal error: during type inference of
[0K(::Zygote.var"#pullback##0#pullback##1"{Zygote.Pullback{Tuple{Zygote.var"#2206#2207", Array{Int64, 1}, Array{Int64, 1}}, Tuple{Zygote.var"#1681#1682"{Zygote.var"#1679#1680"{Array{Int64, 1}, Array{Int64, 1}}}, Zygote.ZBack{ChainRules.var"#sum_pullback#551"{Base.Colon, Array{Int64, 1}, ChainRulesCore.ProjectTo{AbstractArray{T, N} where N where T, NamedTuple{(:element, :axes), Tuple{ChainRulesCore.ProjectTo{Float64, NamedTuple{(), Tuple{}}}, Tuple{Base.OneTo{Int64}}}}}}}, Zygote.Pullback{Tuple{typeof(Base.Broadcast.materialize), Array{Int64, 1}}, Tuple{}}}}})(Int64)
[0KEncountered unexpected error in runtime:
[0KTypeError(func=:typeassert, context="", expected=Union{Nothing, Array{Any, 1}, Core.SimpleVector}, got=Array{Core.MethodInstance, 1}(dims=(1,), mem=Memory{Core.MethodInstance}(1, 0x7f9da3a34d00)[materialize(Array{Int64, 1}) from materialize(Any)]))
[0Kijl_type_error_rt at /cache/build/builder-amdci4-2/julialang/julia-master/src/rtutils.c:121
[0Kijl_type_error at /cache/build/builder-amdci4-2/julialang/julia-master/src/rtutils.c:140
[0Kcompute_edges! at ./../usr/share/julia/Compiler/src/typeinfer.jl:820
[0Kfinishinfer! at ./../usr/share/julia/Compiler/src/typeinfer.jl:668
[0Kfinish_nocycle at ./../usr/share/julia/Compiler/src/typeinfer.jl:275
[0Kjfptr_finish_nocycle_1.1 at /root/.julia/juliaup/julia-nightly/lib/julia/sys.so (unknown line)
[0Ktypeinf at ./../usr/share/julia/Compiler/src/abstractinterpretation.jl:4765
[0Ktypeinf_ext at ./../usr/share/julia/Compiler/src/typeinfer.jl:1533
[0Ktypeinf_ext_toplevel at ./../usr/share/julia/Compiler/src/typeinfer.jl:1716 [inlined]
[0Ktypeinf_ext_toplevel at ./../usr/share/julia/Compiler/src/typeinfer.jl:1725
[0Kjfptr_typeinf_ext_toplevel_2.1 at /root/.julia/juliaup/julia-nightly/lib/julia/sys.so (unknown line)
[0Kjl_apply at /cache/build/builder-amdci4-2/julialang/julia-master/src/julia.h:2300 [inlined]
[0Kjl_type_infer at /cache/build/builder-amdci4-2/julialang/julia-master/src/gf.c:467
[0Kjl_compile_method_internal at /cache/build/builder-amdci4-2/julialang/julia-master/src/gf.c:3640
[0K_jl_invoke at /cache/build/builder-amdci4-2/julialang/julia-master/src/gf.c:4105 [inlined]
[0Kijl_apply_generic at /cache/build/builder-amdci4-2/julialang/julia-master/src/gf.c:4339
[0Kgradient at /workdir/depot/packages/Zygote/55SqB/src/compiler/interface.jl:154
[0Kjl_apply at /cache/build/builder-amdci4-2/julialang/julia-master/src/julia.h:2300 [inlined]
[0Kdo_call at /cache/build/builder-amdci4-2/julialang/julia-master/src/interpreter.c:123
[0Keval_value at /cache/build/builder-amdci4-2/julialang/julia-master/src/interpreter.c:243
[0Keval_stmt_value at /cache/build/builder-amdci4-2/julialang/julia-master/src/interpreter.c:194 [inlined]
[0Keval_body at /cache/build/builder-amdci4-2/julialang/julia-master/src/interpreter.c:679
[0Kjl_interpret_toplevel_thunk at /cache/build/builder-amdci4-2/julialang/julia-master/src/interpreter.c:884
[0Ktop-level scope at /workdir/depot/packages/Zygote/55SqB/src/precompile.jl:18
[0Kijl_eval_thunk at /cache/build/builder-amdci4-2/julialang/julia-master/src/toplevel.c:766
[0Kjl_toplevel_eval_flex at /cache/build/builder-amdci4-2/julialang/julia-master/src/toplevel.c:712
[0Kjl_eval_toplevel_stmts at /cache/build/builder-amdci4-2/julialang/julia-master/src/toplevel.c:602
[0Kjl_toplevel_eval_flex at /cache/build/builder-amdci4-2/julialang/julia-master/src/toplevel.c:684
[0Kijl_toplevel_eval at /cache/build/builder-amdci4-2/julialang/julia-master/src/toplevel.c:780
[0Kijl_toplevel_eval_in at /cache/build/builder-amdci4-2/julialang/julia-master/src/toplevel.c:825
[0Keval at ./boot.jl:517
[0Kinclude_string at ./loading.jl:3131
[0K_include at ./loading.jl:3191
[0Kinclude at ./Base.jl:324
[0KIncludeInto at ./Base.jl:325
[0Kjfptr_IncludeInto_1.1 at /root/.julia/juliaup/julia-nightly/lib/julia/sys.so (unknown line)
[0Kjl_apply at /cache/build/builder-amdci4-2/julialang/julia-master/src/julia.h:2300 [inlined]
[0Kdo_call at /cache/build/builder-amdci4-2/julialang/julia-master/src/interpreter.c:123
[0Keval_value at /cache/build/builder-amdci4-2/julialang/julia-master/src/interpreter.c:243
[0Keval_stmt_value at /cache/build/builder-amdci4-2/julialang/julia-master/src/interpreter.c:194 [inlined]
[0Keval_body at /cache/build/builder-amdci4-2/julialang/julia-master/src/interpreter.c:679
[0Keval_body at /cache/build/builder-amdci4-2/julialang/julia-master/src/interpreter.c:558
[0Kjl_interpret_toplevel_thunk at /cache/build/builder-amdci4-2/julialang/julia-master/src/interpreter.c:884
[0Kmacro expansion at /workdir/depot/packages/Zygote/55SqB/src/Zygote.jl:68 [inlined]
[0Kmacro expansion at /workdir/depot/packages/PrecompileTools/gn08A/src/workloads.jl:73 [inlined]
[0Ktop-level scope at /workdir/depot/packages/Zygote/55SqB/src/Zygote.jl:85
[0Kijl_eval_thunk at /cache/build/builder-amdci4-2/julialang/julia-master/src/toplevel.c:766
[0Kjl_toplevel_eval_flex at /cache/build/builder-amdci4-2/julialang/julia-master/src/toplevel.c:712
[0Kjl_eval_toplevel_stmts at /cache/build/builder-amdci4-2/julialang/julia-master/src/toplevel.c:602
[0Kjl_eval_module_expr at /cache/build/builder-amdci4-2/julialang/julia-master/src/toplevel.c:263 [inlined]
[0Kjl_toplevel_eval_flex at /cache/build/builder-amdci4-2/julialang/julia-master/src/toplevel.c:665
[0Kjl_eval_toplevel_stmts at /cache/build/builder-amdci4-2/julialang/julia-master/src/toplevel.c:602
[0Kjl_toplevel_eval_flex at /cache/build/builder-amdci4-2/julialang/julia-master/src/toplevel.c:684
[0Kijl_toplevel_eval at /cache/build/builder-amdci4-2/julialang/julia-master/src/toplevel.c:780
[0Kijl_toplevel_eval_in at /cache/build/builder-amdci4-2/julialang/julia-master/src/toplevel.c:825
[0Keval at ./boot.jl:517
[0Kinclude_string at ./loading.jl:3131
[0K_include at ./loading.jl:3191
[0Kinclude at ./Base.jl:323
[0Kinclude_package_for_output at ./loading.jl:3289
[0Kjfptr_include_package_for_output_1.1 at /root/.julia/juliaup/julia-nightly/lib/julia/sys.so (unknown line)
[0Kjl_apply at /cache/build/builder-amdci4-2/julialang/julia-master/src/julia.h:2300 [inlined]
[0Kdo_call at /cache/build/builder-amdci4-2/julialang/julia-master/src/interpreter.c:123
[0Keval_value at /cache/build/builder-amdci4-2/julialang/julia-master/src/interpreter.c:243
[0Keval_stmt_value at /cache/build/builder-amdci4-2/julialang/julia-master/src/interpreter.c:194 [inlined]
[0Keval_body at /cache/build/builder-amdci4-2/julialang/julia-master/src/interpreter.c:679
[0Kjl_interpret_toplevel_thunk at /cache/build/builder-amdci4-2/julialang/julia-master/src/interpreter.c:884
[0Ktop-level scope at stdin:5
[0Kijl_eval_thunk at /cache/build/builder-amdci4-2/julialang/julia-master/src/toplevel.c:766
[0Kjl_toplevel_eval_flex at /cache/build/builder-amdci4-2/julialang/julia-master/src/toplevel.c:712
[0Kjl_eval_toplevel_stmts at /cache/build/builder-amdci4-2/julialang/julia-master/src/toplevel.c:602
[0Kjl_toplevel_eval_flex at /cache/build/builder-amdci4-2/julialang/julia-master/src/toplevel.c:684
[0Kijl_toplevel_eval at /cache/build/builder-amdci4-2/julialang/julia-master/src/toplevel.c:780
[0Kijl_toplevel_eval_in at /cache/build/builder-amdci4-2/julialang/julia-master/src/toplevel.c:825
[0Keval at ./boot.jl:517
[0Kinclude_string at ./loading.jl:3131
[0Kinclude_string at ./loading.jl:3141 [inlined]
[0Kexec_options at ./client.jl:342
[0K_start at ./client.jl:585
[0Kjfptr__start_0.1 at /root/.julia/juliaup/julia-nightly/lib/julia/sys.so (unknown line)
[0Kjl_apply at /cache/build/builder-amdci4-2/julialang/julia-master/src/julia.h:2300 [inlined]
[0Ktrue_main at /cache/build/builder-amdci4-2/julialang/julia-master/src/jlapi.c:971
[0Kjl_repl_entrypoint at /cache/build/builder-amdci4-2/julialang/julia-master/src/jlapi.c:1138
[0Kmain at /cache/build/builder-amdci4-2/julialang/julia-master/cli/loader_exe.c:58
[0Kunknown function (ip: 0x7f9dc2c44249) at /lib/x86_64-linux-gnu/libc.so.6
[0K__libc_start_main at /lib/x86_64-linux-gnu/libc.so.6 (unknown line)
[0Kunknown function (ip: 0x4010b8) at /workspace/srcdir/glibc-2.17/csu/../sysdeps/x86_64/start.S
[0KInternal error: during type inference of
[0K_pullback(Zygote.Context{false}, Zygote.var"#2209#2210", Array{Float64, 1})
[0KEncountered unexpected error in runtime:
[0KTypeError(func=:typeassert, context="", expected=Union{Nothing, Array{Any, 1}, Core.SimpleVector}, got=Array{Core.MethodInstance, 1}(dims=(1,), mem=Memory{Core.MethodInstance}(1, 0x7f9d9a375800)[materialize(Array{Float32, 1}) from materialize(Any)]))
[0Kijl_type_error_rt at /cache/build/builder-amdci4-2/julialang/julia-master/src/rtutils.c:121
[0Kijl_type_error at /cache/build/builder-amdci4-2/julialang/julia-master/src/rtutils.c:140
[0Kcompute_edges! at ./../usr/share/julia/Compiler/src/typeinfer.jl:820
[0Kfinishinfer! at ./../usr/share/julia/Compiler/src/typeinfer.jl:668
[0Kfinish_nocycle at ./../usr/share/julia/Compiler/src/typeinfer.jl:275
[0Kjfptr_finish_nocycle_1.1 at /root/.julia/juliaup/julia-nightly/lib/julia/sys.so (unknown line)
[0Ktypeinf at ./../usr/share/julia/Compiler/src/abstractinterpretation.jl:4765
[0Ktypeinf_ext at ./../usr/share/julia/Compiler/src/typeinfer.jl:1533
[0Ktypeinf_ext_toplevel at ./../usr/share/julia/Compiler/src/typeinfer.jl:1716 [inlined]
[0Ktypeinf_ext_toplevel at ./../usr/share/julia/Compiler/src/typeinfer.jl:1725
[0Kjfptr_typeinf_ext_toplevel_2.1 at /root/.julia/juliaup/julia-nightly/lib/julia/sys.so (unknown line)
[0Kjl_apply at /cache/build/builder-amdci4-2/julialang/julia-master/src/julia.h:2300 [inlined]
[0Kjl_type_infer at /cache/build/builder-amdci4-2/julialang/julia-master/src/gf.c:467
[0Kjl_compile_method_internal at /cache/build/builder-amdci4-2/julialang/julia-master/src/gf.c:3640
[0K_jl_invoke at /cache/build/builder-amdci4-2/julialang/julia-master/src/gf.c:4105 [inlined]
[0Kijl_apply_generic at /cache/build/builder-amdci4-2/julialang/julia-master/src/gf.c:4339
[0Kpullback at /workdir/depot/packages/Zygote/55SqB/src/compiler/interface.jl:96
[0Kpullback at /workdir/depot/packages/Zygote/55SqB/src/compiler/interface.jl:94 [inlined]
[0Kgradient at /workdir/depot/packages/Zygote/55SqB/src/compiler/interface.jl:153
[0Kunknown function (ip: 0x7f9d92ecbdc8) at (unknown file)
[0Kjl_apply at /cache/build/builder-amdci4-2/julialang/julia-master/src/julia.h:2300 [inlined]
[0Kdo_call at /cache/build/builder-amdci4-2/julialang/julia-master/src/interpreter.c:123
[0Keval_value at /cache/build/builder-amdci4-2/julialang/julia-master/src/interpreter.c:243
[0Keval_stmt_value at /cache/build/builder-amdci4-2/julialang/julia-master/src/interpreter.c:194 [inlined]
[0Keval_body at /cache/build/builder-amdci4-2/julialang/julia-master/src/interpreter.c:679
[0Kjl_interpret_toplevel_thunk at /cache/build/builder-amdci4-2/julialang/julia-master/src/interpreter.c:884
[0Ktop-level scope at /workdir/depot/packages/Zygote/55SqB/src/precompile.jl:20
[0Kijl_eval_thunk at /cache/build/builder-amdci4-2/julialang/julia-master/src/toplevel.c:766
[0Kjl_toplevel_eval_flex at /cache/build/builder-amdci4-2/julialang/julia-master/src/toplevel.c:712
[0Kjl_eval_toplevel_stmts at /cache/build/builder-amdci4-2/julialang/julia-master/src/toplevel.c:602
[0Kjl_toplevel_eval_flex at /cache/build/builder-amdci4-2/julialang/julia-master/src/toplevel.c:684
[0Kijl_toplevel_eval at /cache/build/builder-amdci4-2/julialang/julia-master/src/toplevel.c:780
[0Kijl_toplevel_eval_in at /cache/build/builder-amdci4-2/julialang/julia-master/src/toplevel.c:825
[0Keval at ./boot.jl:517
[0Kinclude_string at ./loading.jl:3131
[0K_include at ./loading.jl:3191
[0Kinclude at ./Base.jl:324
[0KIncludeInto at ./Base.jl:325
[0Kjfptr_IncludeInto_1.1 at /root/.julia/juliaup/julia-nightly/lib/julia/sys.so (unknown line)
[0Kjl_apply at /cache/build/builder-amdci4-2/julialang/julia-master/src/julia.h:2300 [inlined]
[0Kdo_call at /cache/build/builder-amdci4-2/julialang/julia-master/src/interpreter.c:123
[0Keval_value at /cache/build/builder-amdci4-2/julialang/julia-master/src/interpreter.c:243
[0Keval_stmt_value at /cache/build/builder-amdci4-2/julialang/julia-master/src/interpreter.c:194 [inlined]
[0Keval_body at /cache/build/builder-amdci4-2/julialang/julia-master/src/interpreter.c:679
[0Keval_body at /cache/build/builder-amdci4-2/julialang/julia-master/src/interpreter.c:558
[0Kjl_interpret_toplevel_thunk at /cache/build/builder-amdci4-2/julialang/julia-master/src/interpreter.c:884
[0Kmacro expansion at /workdir/depot/packages/Zygote/55SqB/src/Zygote.jl:68 [inlined]
[0Kmacro expansion at /workdir/depot/packages/PrecompileTools/gn08A/src/workloads.jl:73 [inlined]
[0Ktop-level scope at /workdir/depot/packages/Zygote/55SqB/src/Zygote.jl:85
[0Kijl_eval_thunk at /cache/build/builder-amdci4-2/julialang/julia-master/src/toplevel.c:766
[0Kjl_toplevel_eval_flex at /cache/build/builder-amdci4-2/julialang/julia-master/src/toplevel.c:712
[0Kjl_eval_toplevel_stmts at /cache/build/builder-amdci4-2/julialang/julia-master/src/toplevel.c:602
[0Kjl_eval_module_expr at /cache/build/builder-amdci4-2/julialang/julia-master/src/toplevel.c:263 [inlined]
[0Kjl_toplevel_eval_flex at /cache/build/builder-amdci4-2/julialang/julia-master/src/toplevel.c:665
[0Kjl_eval_toplevel_stmts at /cache/build/builder-amdci4-2/julialang/julia-master/src/toplevel.c:602
[0Kjl_toplevel_eval_flex at /cache/build/builder-amdci4-2/julialang/julia-master/src/toplevel.c:684
[0Kijl_toplevel_eval at /cache/build/builder-amdci4-2/julialang/julia-master/src/toplevel.c:780
[0Kijl_toplevel_eval_in at /cache/build/builder-amdci4-2/julialang/julia-master/src/toplevel.c:825
[0Keval at ./boot.jl:517
[0Kinclude_string at ./loading.jl:3131
[0K_include at ./loading.jl:3191
[0Kinclude at ./Base.jl:323
[0Kinclude_package_for_output at ./loading.jl:3289
[0Kjfptr_include_package_for_output_1.1 at /root/.julia/juliaup/julia-nightly/lib/julia/sys.so (unknown line)
[0Kjl_apply at /cache/build/builder-amdci4-2/julialang/julia-master/src/julia.h:2300 [inlined]
[0Kdo_call at /cache/build/builder-amdci4-2/julialang/julia-master/src/interpreter.c:123
[0Keval_value at /cache/build/builder-amdci4-2/julialang/julia-master/src/interpreter.c:243
[0Keval_stmt_value at /cache/build/builder-amdci4-2/julialang/julia-master/src/interpreter.c:194 [inlined]
[0Keval_body at /cache/build/builder-amdci4-2/julialang/julia-master/src/interpreter.c:679
[0Kjl_interpret_toplevel_thunk at /cache/build/builder-amdci4-2/julialang/julia-master/src/interpreter.c:884
[0Ktop-level scope at stdin:5
[0Kijl_eval_thunk at /cache/build/builder-amdci4-2/julialang/julia-master/src/toplevel.c:766
[0Kjl_toplevel_eval_flex at /cache/build/builder-amdci4-2/julialang/julia-master/src/toplevel.c:712
[0Kjl_eval_toplevel_stmts at /cache/build/builder-amdci4-2/julialang/julia-master/src/toplevel.c:602
[0Kjl_toplevel_eval_flex at /cache/build/builder-amdci4-2/julialang/julia-master/src/toplevel.c:684
[0Kijl_toplevel_eval at /cache/build/builder-amdci4-2/julialang/julia-master/src/toplevel.c:780
[0Kijl_toplevel_eval_in at /cache/build/builder-amdci4-2/julialang/julia-master/src/toplevel.c:825
[0Keval at ./boot.jl:517
[0Kinclude_string at ./loading.jl:3131
[0Kinclude_string at ./loading.jl:3141 [inlined]
[0Kexec_options at ./client.jl:342
[0K_start at ./client.jl:585
[0Kjfptr__start_0.1 at /root/.julia/juliaup/julia-nightly/lib/julia/sys.so (unknown line)
[0Kjl_apply at /cache/build/builder-amdci4-2/julialang/julia-master/src/julia.h:2300 [inlined]
[0Ktrue_main at /cache/build/builder-amdci4-2/julialang/julia-master/src/jlapi.c:971
[0Kjl_repl_entrypoint at /cache/build/builder-amdci4-2/julialang/julia-master/src/jlapi.c:1138
[0Kmain at /cache/build/builder-amdci4-2/julialang/julia-master/cli/loader_exe.c:58
[0Kunknown function (ip: 0x7f9dc2c44249) at /lib/x86_64-linux-gnu/libc.so.6
[0K__libc_start_main at /lib/x86_64-linux-gnu/libc.so.6 (unknown line)
[0Kunknown function (ip: 0x4010b8) at /workspace/srcdir/glibc-2.17/csu/../sysdeps/x86_64/start.S
[0KInternal error: during type inference of
[0K(::Zygote.var"#pullback##0#pullback##1"{Zygote.Pullback{Tuple{Zygote.var"#2209#2210", Array{Float64, 1}}, Tuple{Zygote.var"#1912#1913"{Zygote.var"#1910#1911"{Array{Float64, 1}}}, Zygote.Pullback{Tuple{typeof(Base.Broadcast.materialize), Array{Float32, 1}}, Tuple{}}, Zygote.ZBack{ChainRules.var"#sum_pullback#551"{Base.Colon, Array{Float32, 1}, ChainRulesCore.ProjectTo{AbstractArray{T, N} where N where T, NamedTuple{(:element, :axes), Tuple{ChainRulesCore.ProjectTo{Float32, NamedTuple{(), Tuple{}}}, Tuple{Base.OneTo{Int64}}}}}}}}}})(Float32)
[0KEncountered unexpected error in runtime:
[0KTypeError(func=:typeassert, context="", expected=Union{Nothing, Array{Any, 1}, Core.SimpleVector}, got=Array{Core.MethodInstance, 1}(dims=(1,), mem=Memory{Core.MethodInstance}(1, 0x7f9d994a9520)[materialize(Array{Float32, 1}) from materialize(Any)]))
[0Kijl_type_error_rt at /cache/build/builder-amdci4-2/julialang/julia-master/src/rtutils.c:121
[0Kijl_type_error at /cache/build/builder-amdci4-2/julialang/julia-master/src/rtutils.c:140
[0Kcompute_edges! at ./../usr/share/julia/Compiler/src/typeinfer.jl:820
[0Kfinishinfer! at ./../usr/share/julia/Compiler/src/typeinfer.jl:668
[0Kfinish_nocycle at ./../usr/share/julia/Compiler/src/typeinfer.jl:275
[0Kjfptr_finish_nocycle_1.1 at /root/.julia/juliaup/julia-nightly/lib/julia/sys.so (unknown line)
[0Ktypeinf at ./../usr/share/julia/Compiler/src/abstractinterpretation.jl:4765
[0Ktypeinf_ext at ./../usr/share/julia/Compiler/src/typeinfer.jl:1533
[0Ktypeinf_ext_toplevel at ./../usr/share/julia/Compiler/src/typeinfer.jl:1716 [inlined]
[0Ktypeinf_ext_toplevel at ./../usr/share/julia/Compiler/src/typeinfer.jl:1725
[0Kjfptr_typeinf_ext_toplevel_2.1 at /root/.julia/juliaup/julia-nightly/lib/julia/sys.so (unknown line)
[0Kjl_apply at /cache/build/builder-amdci4-2/julialang/julia-master/src/julia.h:2300 [inlined]
[0Kjl_type_infer at /cache/build/builder-amdci4-2/julialang/julia-master/src/gf.c:467
[0Kjl_compile_method_internal at /cache/build/builder-amdci4-2/julialang/julia-master/src/gf.c:3640
[0K_jl_invoke at /cache/build/builder-amdci4-2/julialang/julia-master/src/gf.c:4105 [inlined]
[0Kijl_apply_generic at /cache/build/builder-amdci4-2/julialang/julia-master/src/gf.c:4339
[0Kgradient at /workdir/depot/packages/Zygote/55SqB/src/compiler/interface.jl:154
[0Kunknown function (ip: 0x7f9d92ecbdc8) at (unknown file)
[0Kjl_apply at /cache/build/builder-amdci4-2/julialang/julia-master/src/julia.h:2300 [inlined]
[0Kdo_call at /cache/build/builder-amdci4-2/julialang/julia-master/src/interpreter.c:123
[0Keval_value at /cache/build/builder-amdci4-2/julialang/julia-master/src/interpreter.c:243
[0Keval_stmt_value at /cache/build/builder-amdci4-2/julialang/julia-master/src/interpreter.c:194 [inlined]
[0Keval_body at /cache/build/builder-amdci4-2/julialang/julia-master/src/interpreter.c:679
[0Kjl_interpret_toplevel_thunk at /cache/build/builder-amdci4-2/julialang/julia-master/src/interpreter.c:884
[0Ktop-level scope at /workdir/depot/packages/Zygote/55SqB/src/precompile.jl:20
[0Kijl_eval_thunk at /cache/build/builder-amdci4-2/julialang/julia-master/src/toplevel.c:766
[0Kjl_toplevel_eval_flex at /cache/build/builder-amdci4-2/julialang/julia-master/src/toplevel.c:712
[0Kjl_eval_toplevel_stmts at /cache/build/builder-amdci4-2/julialang/julia-master/src/toplevel.c:602
[0Kjl_toplevel_eval_flex at /cache/build/builder-amdci4-2/julialang/julia-master/src/toplevel.c:684
[0Kijl_toplevel_eval at /cache/build/builder-amdci4-2/julialang/julia-master/src/toplevel.c:780
[0Kijl_toplevel_eval_in at /cache/build/builder-amdci4-2/julialang/julia-master/src/toplevel.c:825
[0Keval at ./boot.jl:517
[0Kinclude_string at ./loading.jl:3131
[0K_include at ./loading.jl:3191
[0Kinclude at ./Base.jl:324
[0KIncludeInto at ./Base.jl:325
[0Kjfptr_IncludeInto_1.1 at /root/.julia/juliaup/julia-nightly/lib/julia/sys.so (unknown line)
[0Kjl_apply at /cache/build/builder-amdci4-2/julialang/julia-master/src/julia.h:2300 [inlined]
[0Kdo_call at /cache/build/builder-amdci4-2/julialang/julia-master/src/interpreter.c:123
[0Keval_value at /cache/build/builder-amdci4-2/julialang/julia-master/src/interpreter.c:243
[0Keval_stmt_value at /cache/build/builder-amdci4-2/julialang/julia-master/src/interpreter.c:194 [inlined]
[0Keval_body at /cache/build/builder-amdci4-2/julialang/julia-master/src/interpreter.c:679
[0Keval_body at /cache/build/builder-amdci4-2/julialang/julia-master/src/interpreter.c:558
[0Kjl_interpret_toplevel_thunk at /cache/build/builder-amdci4-2/julialang/julia-master/src/interpreter.c:884
[0Kmacro expansion at /workdir/depot/packages/Zygote/55SqB/src/Zygote.jl:68 [inlined]
[0Kmacro expansion at /workdir/depot/packages/PrecompileTools/gn08A/src/workloads.jl:73 [inlined]
[0Ktop-level scope at /workdir/depot/packages/Zygote/55SqB/src/Zygote.jl:85
[0Kijl_eval_thunk at /cache/build/builder-amdci4-2/julialang/julia-master/src/toplevel.c:766
[0Kjl_toplevel_eval_flex at /cache/build/builder-amdci4-2/julialang/julia-master/src/toplevel.c:712
[0Kjl_eval_toplevel_stmts at /cache/build/builder-amdci4-2/julialang/julia-master/src/toplevel.c:602
[0Kjl_eval_module_expr at /cache/build/builder-amdci4-2/julialang/julia-master/src/toplevel.c:263 [inlined]
[0Kjl_toplevel_eval_flex at /cache/build/builder-amdci4-2/julialang/julia-master/src/toplevel.c:665
[0Kjl_eval_toplevel_stmts at /cache/build/builder-amdci4-2/julialang/julia-master/src/toplevel.c:602
[0Kjl_toplevel_eval_flex at /cache/build/builder-amdci4-2/julialang/julia-master/src/toplevel.c:684
[0Kijl_toplevel_eval at /cache/build/builder-amdci4-2/julialang/julia-master/src/toplevel.c:780
[0Kijl_toplevel_eval_in at /cache/build/builder-amdci4-2/julialang/julia-master/src/toplevel.c:825
[0Keval at ./boot.jl:517
[0Kinclude_string at ./loading.jl:3131
[0K_include at ./loading.jl:3191
[0Kinclude at ./Base.jl:323
[0Kinclude_package_for_output at ./loading.jl:3289
[0Kjfptr_include_package_for_output_1.1 at /root/.julia/juliaup/julia-nightly/lib/julia/sys.so (unknown line)
[0Kjl_apply at /cache/build/builder-amdci4-2/julialang/julia-master/src/julia.h:2300 [inlined]
[0Kdo_call at /cache/build/builder-amdci4-2/julialang/julia-master/src/interpreter.c:123
[0Keval_value at /cache/build/builder-amdci4-2/julialang/julia-master/src/interpreter.c:243
[0Keval_stmt_value at /cache/build/builder-amdci4-2/julialang/julia-master/src/interpreter.c:194 [inlined]
[0Keval_body at /cache/build/builder-amdci4-2/julialang/julia-master/src/interpreter.c:679
[0Kjl_interpret_toplevel_thunk at /cache/build/builder-amdci4-2/julialang/julia-master/src/interpreter.c:884
[0Ktop-level scope at stdin:5
[0Kijl_eval_thunk at /cache/build/builder-amdci4-2/julialang/julia-master/src/toplevel.c:766
[0Kjl_toplevel_eval_flex at /cache/build/builder-amdci4-2/julialang/julia-master/src/toplevel.c:712
[0Kjl_eval_toplevel_stmts at /cache/build/builder-amdci4-2/julialang/julia-master/src/toplevel.c:602
[0Kjl_toplevel_eval_flex at /cache/build/builder-amdci4-2/julialang/julia-master/src/toplevel.c:684
[0Kijl_toplevel_eval at /cache/build/builder-amdci4-2/julialang/julia-master/src/toplevel.c:780
[0Kijl_toplevel_eval_in at /cache/build/builder-amdci4-2/julialang/julia-master/src/toplevel.c:825
[0Keval at ./boot.jl:517
[0Kinclude_string at ./loading.jl:3131
[0Kinclude_string at ./loading.jl:3141 [inlined]
[0Kexec_options at ./client.jl:342
[0K_start at ./client.jl:585
[0Kjfptr__start_0.1 at /root/.julia/juliaup/julia-nightly/lib/julia/sys.so (unknown line)
[0Kjl_apply at /cache/build/builder-amdci4-2/julialang/julia-master/src/julia.h:2300 [inlined]
[0Ktrue_main at /cache/build/builder-amdci4-2/julialang/julia-master/src/jlapi.c:971
[0Kjl_repl_entrypoint at /cache/build/builder-amdci4-2/julialang/julia-master/src/jlapi.c:1138
[0Kmain at /cache/build/builder-amdci4-2/julialang/julia-master/cli/loader_exe.c:58
[0Kunknown function (ip: 0x7f9dc2c44249) at /lib/x86_64-linux-gnu/libc.so.6
[0K__libc_start_main at /lib/x86_64-linux-gnu/libc.so.6 (unknown line)
[0Kunknown function (ip: 0x4010b8) at /workspace/srcdir/glibc-2.17/csu/../sysdeps/x86_64/start.S
[0Kfatal: error thrown and no exception handler available.
[0KTypeError(func=:typeassert, context="", expected=Union{Nothing, Array{Any, 1}, Core.SimpleVector}, got=Array{Core.MethodInstance, 1}(dims=(1,), mem=Memory{Core.MethodInstance}(1, 0x7f9d9945f6a0)[materialize(Array{Float32, 1}) from materialize(Any)]))
[0Kijl_type_error_rt at /cache/build/builder-amdci4-2/julialang/julia-master/src/rtutils.c:121
[0Kijl_type_error at /cache/build/builder-amdci4-2/julialang/julia-master/src/rtutils.c:140
[0Kcompute_edges! at ./../usr/share/julia/Compiler/src/typeinfer.jl:820
[0Kfinishinfer! at ./../usr/share/julia/Compiler/src/typeinfer.jl:668
[0Kfinish_nocycle at ./../usr/share/julia/Compiler/src/typeinfer.jl:275
[0Kjfptr_finish_nocycle_1.1 at /root/.julia/juliaup/julia-nightly/lib/julia/sys.so (unknown line)
[0Ktypeinf at ./../usr/share/julia/Compiler/src/abstractinterpretation.jl:4765
[0Ktypeinf_ext at ./../usr/share/julia/Compiler/src/typeinfer.jl:1533
[0Kjfptr_typeinf_ext_1.1 at /root/.julia/juliaup/julia-nightly/lib/julia/sys.so (unknown line)
[0K#compile!#175 at ./../usr/share/julia/Compiler/src/typeinfer.jl:1743
[0Kcompile! at ./../usr/share/julia/Compiler/src/typeinfer.jl:1728 [inlined]
[0Ktypeinf_ext_toplevel at ./../usr/share/julia/Compiler/src/typeinfer.jl:1828
[0Kcompile_and_emit_native at ./../usr/share/julia/Compiler/src/precompile.jl:421
[0Kjfptr_compile_and_emit_native_3.1 at /root/.julia/juliaup/julia-nightly/lib/julia/sys.so (unknown line)
[0Kjl_apply at /cache/build/builder-amdci4-2/julialang/julia-master/src/julia.h:2300 [inlined]
[0Kjl_create_native_impl at /cache/build/builder-amdci4-2/julialang/julia-master/src/aotcompile.cpp:574
[0Kijl_create_system_image at /cache/build/builder-amdci4-2/julialang/julia-master/src/staticdata.c:3366
[0Kijl_write_compiler_output at /cache/build/builder-amdci4-2/julialang/julia-master/src/precompile.c:140
[0Kijl_atexit_hook at /cache/build/builder-amdci4-2/julialang/julia-master/src/init.c:280
[0Kjl_repl_entrypoint at /cache/build/builder-amdci4-2/julialang/julia-master/src/jlapi.c:1139
[0Kmain at /cache/build/builder-amdci4-2/julialang/julia-master/cli/loader_exe.c:58
[0Kunknown function (ip: 0x7f9dc2c44249) at /lib/x86_64-linux-gnu/libc.so.6
[0K__libc_start_main at /lib/x86_64-linux-gnu/libc.so.6 (unknown line)
[0Kunknown function (ip: 0x4010b8) at /workspace/srcdir/glibc-2.17/csu/../sysdeps/x86_64/start.S
              ✗ Zygote
  57 dependencies successfully precompiled in 30 seconds. 8 already precompiled.
	Command being timed: "nice -n -10 timeout -k120 -v 3600 julia +nightly --project=Z/Zygote/Gradient-Of-Square-Norm -e using Pkg; @time @eval Pkg.precompile()"
	User time (seconds): 189.24
	System time (seconds): 13.07
	Percent of CPU this job got: 152%
	Elapsed (wall clock) time (h:mm:ss or m:ss): 2:12.88
	Average shared text size (kbytes): 0
	Average unshared data size (kbytes): 0
	Average stack size (kbytes): 0
	Average total size (kbytes): 0
	Maximum resident set size (kbytes): 2227852
	Average resident set size (kbytes): 0
	Major (requiring I/O) page faults: 273
	Minor (reclaiming a frame) page faults: 4836625
	Voluntary context switches: 14167
	Involuntary context switches: 3037
	Swaps: 0
	File system inputs: 0
	File system outputs: 465008
	Socket messages sent: 0
	Socket messages received: 0
	Signals delivered: 0
	Page size (bytes): 4096
	Exit status: 0
