nice: cannot set niceness: Permission denied
Precompiling packages...
   1961.0 ms  ✓ RealDot
   1969.9 ms  ✓ DataValueInterfaces
   2054.2 ms  ✓ OpenLibm_jll
   2050.9 ms  ✓ IteratorInterfaceExtensions
   2043.4 ms  ✓ DataAPI
   2138.2 ms  ✓ CompilerSupportLibraries_jll
   2163.2 ms  ✓ Adapt
   2231.3 ms  ✓ SuiteSparse_jll
   2451.0 ms  ✓ ConstructionBase
   2788.7 ms  ✓ Compat
   2663.7 ms  ✓ OrderedCollections
   2661.2 ms  ✓ AbstractFFTs
   2762.8 ms  ✓ DocStringExtensions
   1511.7 ms  ✓ StaticArraysCore
   1501.5 ms  ✓ TableTraits
   1594.3 ms  ✓ NaNMath
   1289.1 ms  ✓ ConstructionBase → ConstructionBaseLinearAlgebraExt
   3770.2 ms  ✓ FillArrays
   1208.2 ms  ✓ Compat → CompatLinearAlgebraExt
   1642.4 ms  ✓ GPUArraysCore
   4078.1 ms  ✓ IrrationalConstants
   2093.7 ms  ✓ Preferences
    924.0 ms  ✓ DiffResults
    820.5 ms  ✓ PrecompileTools
   5031.5 ms  ✓ Distributed
    928.1 ms  ✓ JLLWrappers
   1067.3 ms  ✓ LogExpFunctions
   1592.9 ms  ✓ Tables
    479.0 ms  ✓ OpenSpecFun_jll
   1826.6 ms  ✓ ChainRulesCore
   4036.4 ms  ✓ MacroTools
    936.6 ms  ✓ StructArrays
    984.6 ms  ✓ AbstractFFTs → AbstractFFTsChainRulesCoreExt
    787.9 ms  ✓ CommonSubexpressions
    795.6 ms  ✓ StructArrays → StructArraysLinearAlgebraExt
   1053.6 ms  ✓ StructArrays → StructArraysAdaptExt
   1244.4 ms  ✓ ZygoteRules
   1674.8 ms  ✓ LogExpFunctions → LogExpFunctionsChainRulesCoreExt
   5223.3 ms  ✓ SparseArrays
   2156.8 ms  ✓ IRTools
    769.8 ms  ✓ SuiteSparse
    800.0 ms  ✓ Adapt → AdaptSparseArraysExt
    869.4 ms  ✓ ChainRulesCore → ChainRulesCoreSparseArraysExt
    889.6 ms  ✓ FillArrays → FillArraysSparseArraysExt
    901.9 ms  ✓ StructArrays → StructArraysSparseArraysExt
    957.0 ms  ✓ Statistics
   3090.7 ms  ✓ SpecialFunctions
    420.6 ms  ✓ SparseInverseSubset
    464.4 ms  ✓ FillArrays → FillArraysStatisticsExt
    454.9 ms  ✓ DiffRules
   1015.3 ms  ✓ SpecialFunctions → SpecialFunctionsChainRulesCoreExt
   2118.9 ms  ✓ ForwardDiff
   3322.0 ms  ✓ ChainRules
  18179.1 ms  ✓ Zygote
  54 dependencies successfully precompiled in 31 seconds
	Command being timed: "nice -n -10 timeout -k120 -v 3600 julia +lts --project=Z/Zygote/Gradient-Of-Square-Norm -e using Pkg; @time @eval Pkg.precompile()"
	User time (seconds): 67.98
	System time (seconds): 9.34
	Percent of CPU this job got: 241%
	Elapsed (wall clock) time (h:mm:ss or m:ss): 0:32.01
	Average shared text size (kbytes): 0
	Average unshared data size (kbytes): 0
	Average stack size (kbytes): 0
	Average total size (kbytes): 0
	Maximum resident set size (kbytes): 962376
	Average resident set size (kbytes): 0
	Major (requiring I/O) page faults: 128
	Minor (reclaiming a frame) page faults: 2353217
	Voluntary context switches: 71796
	Involuntary context switches: 9549
	Swaps: 0
	File system inputs: 0
	File system outputs: 233688
	Socket messages sent: 0
	Socket messages received: 0
	Signals delivered: 0
	Page size (bytes): 4096
	Exit status: 0
