nice: cannot set niceness: Permission denied
Precompiling project...
   1925.8 ms  ✓ Unicode
   1916.0 ms  ✓ DataAPI
   1952.5 ms  ✓ DataValueInterfaces
   1950.6 ms  ✓ RealDot
   2025.5 ms  ✓ OpenLibm_jll
   2621.9 ms  ✓ IteratorInterfaceExtensions
   2641.9 ms  ✓ Statistics
   2691.9 ms  ✓ SuiteSparse_jll
   2815.5 ms  ✓ AbstractFFTs
   2821.5 ms  ✓ OrderedCollections
   2771.9 ms  ✓ CompilerSupportLibraries_jll
   2920.1 ms  ✓ Serialization
   2996.4 ms  ✓ ConstructionBase
   3646.6 ms  ✓ DocStringExtensions
   1906.9 ms  ✓ StaticArraysCore
   3923.2 ms  ✓ FillArrays
   2199.2 ms  ✓ Requires
   1696.7 ms  ✓ TableTraits
   2489.8 ms  ✓ Compat
   1979.0 ms  ✓ NaNMath
   4799.9 ms  ✓ IrrationalConstants
   2582.8 ms  ✓ Preferences
   2294.5 ms  ✓ ConstructionBase → ConstructionBaseLinearAlgebraExt
   1708.4 ms  ✓ DiffResults
   1706.9 ms  ✓ FillArrays → FillArraysStatisticsExt
   1626.5 ms  ✓ Adapt
   1335.1 ms  ✓ Compat → CompatLinearAlgebraExt
   1203.3 ms  ✓ PrecompileTools
   1718.5 ms  ✓ LogExpFunctions
   4768.5 ms  ✓ InteractiveUtils
   1488.4 ms  ✓ JLLWrappers
   2252.9 ms  ✓ Tables
   1114.2 ms  ✓ GPUArraysCore
   4906.4 ms  ✓ Distributed
   1302.2 ms  ✓ OpenSpecFun_jll
   6197.2 ms  ✓ MacroTools
   2320.1 ms  ✓ ChainRulesCore
   1569.4 ms  ✓ StructArrays
    946.3 ms  ✓ AbstractFFTs → AbstractFFTsChainRulesCoreExt
   1039.0 ms  ✓ CommonSubexpressions
    964.1 ms  ✓ StructArrays → StructArraysLinearAlgebraExt
   1002.4 ms  ✓ StructArrays → StructArraysAdaptExt
   1296.6 ms  ✓ ZygoteRules
   1863.1 ms  ✓ LogExpFunctions → LogExpFunctionsChainRulesCoreExt
   7185.1 ms  ✓ SparseArrays
   2132.2 ms  ✓ IRTools
    757.8 ms  ✓ SuiteSparse
    826.5 ms  ✓ Adapt → AdaptSparseArraysExt
    848.8 ms  ✓ Statistics → SparseArraysExt
    846.3 ms  ✓ FillArrays → FillArraysSparseArraysExt
    914.2 ms  ✓ StructArrays → StructArraysSparseArraysExt
    957.6 ms  ✓ ChainRulesCore → ChainRulesCoreSparseArraysExt
   3215.0 ms  ✓ SpecialFunctions
    469.0 ms  ✓ SparseInverseSubset
    501.3 ms  ✓ DiffRules
   1315.1 ms  ✓ SpecialFunctions → SpecialFunctionsChainRulesCoreExt
   2507.5 ms  ✓ ForwardDiff
   3950.7 ms  ✓ ChainRules
  22543.8 ms  ✓ Zygote
  59 dependencies successfully precompiled in 38 seconds. 6 already precompiled.
	Command being timed: "nice -n -10 timeout -k120 -v 3600 julia +1.11.7 --project=Z/Zygote/Gradient-Of-Square-Norm -e using Pkg; @time @eval Pkg.precompile()"
	User time (seconds): 189.47
	System time (seconds): 13.87
	Percent of CPU this job got: 211%
	Elapsed (wall clock) time (h:mm:ss or m:ss): 1:36.36
	Average shared text size (kbytes): 0
	Average unshared data size (kbytes): 0
	Average stack size (kbytes): 0
	Average total size (kbytes): 0
	Maximum resident set size (kbytes): 2056624
	Average resident set size (kbytes): 0
	Major (requiring I/O) page faults: 336
	Minor (reclaiming a frame) page faults: 3642903
	Voluntary context switches: 103208
	Involuntary context switches: 20178
	Swaps: 0
	File system inputs: 0
	File system outputs: 627320
	Socket messages sent: 0
	Socket messages received: 0
	Signals delivered: 0
	Page size (bytes): 4096
	Exit status: 0
