nice: cannot set niceness: Permission denied
Precompiling packages...
    453.2 ms  ✓ DataAPI
    537.3 ms  ✓ ConstructionBase
    573.8 ms  ✓ Statistics
    432.8 ms  ✓ RealDot
    433.2 ms  ✓ DataValueInterfaces
    531.5 ms  ✓ StaticArraysCore
   1348.8 ms  ✓ IrrationalConstants
    802.5 ms  ✓ Requires
    703.3 ms  ✓ OrderedCollections
    935.3 ms  ✓ SuiteSparse_jll
    724.6 ms  ✓ Serialization
    499.3 ms  ✓ Unicode
    629.8 ms  ✓ DocStringExtensions
    599.1 ms  ✓ AbstractFFTs
    401.4 ms  ✓ IteratorInterfaceExtensions
    645.5 ms  ✓ OpenLibm_jll
   1058.4 ms  ✓ FillArrays
    485.0 ms  ✓ ConstructionBase → ConstructionBaseLinearAlgebraExt
    480.5 ms  ✓ DiffResults
    530.7 ms  ✓ Adapt
   1443.3 ms  ✓ InteractiveUtils
    687.0 ms  ✓ Compat
   4686.3 ms  ✓ MacroTools
    710.0 ms  ✓ LogExpFunctions
    431.7 ms  ✓ TableTraits
    554.7 ms  ✓ NaNMath
   1765.4 ms  ✓ Preferences
    516.0 ms  ✓ FillArrays → FillArraysStatisticsExt
   2463.9 ms  ✓ Distributed
    486.1 ms  ✓ Compat → CompatLinearAlgebraExt
    615.8 ms  ✓ GPUArraysCore
    600.0 ms  ✓ CommonSubexpressions
    429.1 ms  ✓ PrecompileTools
    534.8 ms  ✓ JLLWrappers
    852.7 ms  ✓ Tables
   4067.6 ms  ✓ SparseArrays
    659.8 ms  ✓ OpenSpecFun_jll
    784.3 ms  ✓ StructArrays
    612.9 ms  ✓ Statistics → SparseArraysExt
    612.6 ms  ✓ SuiteSparse
   1446.9 ms  ✓ ChainRulesCore
   2220.0 ms  ✓ IRTools
    718.5 ms  ✓ FillArrays → FillArraysSparseArraysExt
    609.9 ms  ✓ Adapt → AdaptSparseArraysExt
    486.9 ms  ✓ StructArrays → StructArraysLinearAlgebraExt
    621.8 ms  ✓ StructArrays → StructArraysSparseArraysExt
    460.7 ms  ✓ StructArrays → StructArraysAdaptExt
    588.2 ms  ✓ SparseInverseSubset
    594.7 ms  ✓ ChainRulesCore → ChainRulesCoreSparseArraysExt
    484.8 ms  ✓ AbstractFFTs → AbstractFFTsChainRulesCoreExt
    693.2 ms  ✓ ZygoteRules
    996.4 ms  ✓ LogExpFunctions → LogExpFunctionsChainRulesCoreExt
   2239.8 ms  ✓ SpecialFunctions
    535.9 ms  ✓ DiffRules
   1236.0 ms  ✓ SpecialFunctions → SpecialFunctionsChainRulesCoreExt
   4236.0 ms  ✓ ChainRules
   2831.6 ms  ✓ ForwardDiff
  29680.8 ms  ✓ Zygote
  58 dependencies successfully precompiled in 43 seconds. 8 already precompiled.
	Command being timed: "nice -n -10 timeout -k120 -v 3600 julia +alpha --project=Z/Zygote/Gradient-Of-Square-Norm -e using Pkg; @time @eval Pkg.precompile()"
	User time (seconds): 215.34
	System time (seconds): 13.72
	Percent of CPU this job got: 152%
	Elapsed (wall clock) time (h:mm:ss or m:ss): 2:30.70
	Average shared text size (kbytes): 0
	Average unshared data size (kbytes): 0
	Average stack size (kbytes): 0
	Average total size (kbytes): 0
	Maximum resident set size (kbytes): 2635028
	Average resident set size (kbytes): 0
	Major (requiring I/O) page faults: 337
	Minor (reclaiming a frame) page faults: 5122475
	Voluntary context switches: 13724
	Involuntary context switches: 3314
	Swaps: 0
	File system inputs: 0
	File system outputs: 583200
	Socket messages sent: 0
	Socket messages received: 0
	Signals delivered: 0
	Page size (bytes): 4096
	Exit status: 0
