nice: cannot set niceness: Permission denied
Precompiling packages...
    447.5 ms  ✓ DataAPI
    542.5 ms  ✓ ConstructionBase
    581.1 ms  ✓ Statistics
    442.3 ms  ✓ RealDot
    436.3 ms  ✓ DataValueInterfaces
    536.5 ms  ✓ StaticArraysCore
   1354.3 ms  ✓ IrrationalConstants
    808.1 ms  ✓ Requires
    899.7 ms  ✓ SuiteSparse_jll
    693.2 ms  ✓ OrderedCollections
    714.8 ms  ✓ Serialization
    478.4 ms  ✓ Unicode
    590.4 ms  ✓ AbstractFFTs
    621.4 ms  ✓ DocStringExtensions
    410.3 ms  ✓ IteratorInterfaceExtensions
    649.6 ms  ✓ OpenLibm_jll
   1088.2 ms  ✓ FillArrays
    505.8 ms  ✓ ConstructionBase → ConstructionBaseLinearAlgebraExt
    492.0 ms  ✓ DiffResults
    500.6 ms  ✓ Adapt
   1371.0 ms  ✓ InteractiveUtils
    556.7 ms  ✓ Compat
    753.6 ms  ✓ LogExpFunctions
    480.7 ms  ✓ TableTraits
   5465.6 ms  ✓ MacroTools
    545.7 ms  ✓ FillArrays → FillArraysStatisticsExt
    569.6 ms  ✓ NaNMath
   2243.9 ms  ✓ Preferences
   2790.4 ms  ✓ Distributed
    459.8 ms  ✓ Compat → CompatLinearAlgebraExt
    582.6 ms  ✓ GPUArraysCore
    552.1 ms  ✓ CommonSubexpressions
    888.6 ms  ✓ Tables
    572.4 ms  ✓ JLLWrappers
    469.0 ms  ✓ PrecompileTools
   4392.4 ms  ✓ SparseArrays
    678.7 ms  ✓ OpenSpecFun_jll
    784.0 ms  ✓ StructArrays
    629.7 ms  ✓ Statistics → SparseArraysExt
   1509.7 ms  ✓ ChainRulesCore
    624.2 ms  ✓ SuiteSparse
    764.7 ms  ✓ FillArrays → FillArraysSparseArraysExt
   2259.4 ms  ✓ IRTools
    601.3 ms  ✓ Adapt → AdaptSparseArraysExt
    612.4 ms  ✓ StructArrays → StructArraysSparseArraysExt
    444.9 ms  ✓ StructArrays → StructArraysLinearAlgebraExt
    440.2 ms  ✓ StructArrays → StructArraysAdaptExt
    570.6 ms  ✓ ChainRulesCore → ChainRulesCoreSparseArraysExt
    468.4 ms  ✓ AbstractFFTs → AbstractFFTsChainRulesCoreExt
    649.0 ms  ✓ ZygoteRules
    494.6 ms  ✓ SparseInverseSubset
   1094.5 ms  ✓ LogExpFunctions → LogExpFunctionsChainRulesCoreExt
   2221.8 ms  ✓ SpecialFunctions
    525.3 ms  ✓ DiffRules
   1296.1 ms  ✓ SpecialFunctions → SpecialFunctionsChainRulesCoreExt
   2886.3 ms  ✓ ForwardDiff
   4238.3 ms  ✓ ChainRules
  30301.6 ms  ✓ Zygote
  58 dependencies successfully precompiled in 45 seconds. 8 already precompiled.
	Command being timed: "nice -n -10 timeout -k120 -v 3600 julia +alpha --project=Z/Zygote/Gradient-Of-Square-Norm -e using Pkg; @time @eval Pkg.precompile()"
	User time (seconds): 222.87
	System time (seconds): 13.73
	Percent of CPU this job got: 151%
	Elapsed (wall clock) time (h:mm:ss or m:ss): 2:36.63
	Average shared text size (kbytes): 0
	Average unshared data size (kbytes): 0
	Average stack size (kbytes): 0
	Average total size (kbytes): 0
	Maximum resident set size (kbytes): 2773200
	Average resident set size (kbytes): 0
	Major (requiring I/O) page faults: 318
	Minor (reclaiming a frame) page faults: 5259565
	Voluntary context switches: 14633
	Involuntary context switches: 3459
	Swaps: 0
	File system inputs: 0
	File system outputs: 586000
	Socket messages sent: 0
	Socket messages received: 0
	Signals delivered: 0
	Page size (bytes): 4096
	Exit status: 0
