nice: cannot set niceness: Permission denied
Precompiling packages...
  75513.8 ms  ✓ Pkg (serial)
  1 dependency successfully precompiled in 76 seconds
Precompiling packages...
   2341.0 ms  ✓ RealDot
   2541.5 ms  ✓ DataValueInterfaces
   2627.2 ms  ✓ Unicode
   2632.5 ms  ✓ OpenLibm_jll
   2769.2 ms  ✓ IteratorInterfaceExtensions
   2807.6 ms  ✓ DataAPI
   2901.7 ms  ✓ Adapt
   2926.6 ms  ✓ CompilerSupportLibraries_jll
   3515.7 ms  ✓ AbstractFFTs
   3508.0 ms  ✓ Statistics
   3731.4 ms  ✓ DocStringExtensions
   4033.5 ms  ✓ Serialization
   4846.7 ms  ✓ FillArrays
   2422.9 ms  ✓ StaticArraysCore
   2193.0 ms  ✓ TableTraits
   2715.8 ms  ✓ SuiteSparse_jll
   3411.4 ms  ✓ Preferences
   2917.6 ms  ✓ GPUArraysCore
   1993.7 ms  ✓ FillArrays → FillArraysStatisticsExt
   1878.6 ms  ✓ DiffResults
   1318.2 ms  ✓ PrecompileTools
   1888.2 ms  ✓ JLLWrappers
   8224.7 ms  ✓ ConstructionBase
   8529.9 ms  ✓ OrderedCollections
   5969.0 ms  ✓ NaNMath
   1090.3 ms  ✓ ConstructionBase → ConstructionBaseLinearAlgebraExt
   6531.2 ms  ✓ Compat
   1533.3 ms  ✓ OpenSpecFun_jll
   9843.6 ms  ✓ IrrationalConstants
    897.4 ms  ✓ Compat → CompatLinearAlgebraExt
   7976.9 ms  ✓ InteractiveUtils
    964.6 ms  ✓ LogExpFunctions
   7411.8 ms  ✓ Distributed
   9487.4 ms  ✓ MacroTools
   3517.3 ms  ✓ Tables
    635.8 ms  ✓ CommonSubexpressions
   3087.6 ms  ✓ ChainRulesCore
    701.0 ms  ✓ AbstractFFTs → AbstractFFTsChainRulesCoreExt
   9079.2 ms  ✓ SparseArrays
   2291.2 ms  ✓ StructArrays
   1024.9 ms  ✓ ZygoteRules
   4016.3 ms  ✓ SpecialFunctions
   1611.2 ms  ✓ StructArrays → StructArraysAdaptExt
   1694.1 ms  ✓ StructArrays → StructArraysLinearAlgebraExt
   1786.8 ms  ✓ SuiteSparse
   1815.5 ms  ✓ Adapt → AdaptSparseArraysExt
   1826.0 ms  ✓ Statistics → SparseArraysExt
   2041.1 ms  ✓ FillArrays → FillArraysSparseArraysExt
   2119.0 ms  ✓ StructArrays → StructArraysSparseArraysExt
   3137.4 ms  ✓ LogExpFunctions → LogExpFunctionsChainRulesCoreExt
   1687.5 ms  ✓ DiffRules
   4686.1 ms  ✓ IRTools
    735.0 ms  ✓ SparseInverseSubset
   3065.9 ms  ✓ ChainRulesCore → ChainRulesCoreSparseArraysExt
   2637.6 ms  ✓ SpecialFunctions → SpecialFunctionsChainRulesCoreExt
   3514.8 ms  ✓ ForwardDiff
   5020.4 ms  ✓ ChainRules
  23052.6 ms  ✓ Zygote
  58 dependencies successfully precompiled in 45 seconds. 8 already precompiled.
	Command being timed: "nice -n -10 timeout -k120 -v 3600 julia +1.12.6 --project=Z/Zygote/Gradient-Of-Square-Norm -e using Pkg; @time @eval Pkg.precompile()"
	User time (seconds): 235.96
	System time (seconds): 15.82
	Percent of CPU this job got: 206%
	Elapsed (wall clock) time (h:mm:ss or m:ss): 2:01.99
	Average shared text size (kbytes): 0
	Average unshared data size (kbytes): 0
	Average stack size (kbytes): 0
	Average total size (kbytes): 0
	Maximum resident set size (kbytes): 2150472
	Average resident set size (kbytes): 0
	Major (requiring I/O) page faults: 257
	Minor (reclaiming a frame) page faults: 4611173
	Voluntary context switches: 13300
	Involuntary context switches: 10285
	Swaps: 0
	File system inputs: 0
	File system outputs: 570040
	Socket messages sent: 0
	Socket messages received: 0
	Signals delivered: 0
	Page size (bytes): 4096
	Exit status: 0
