nice: cannot set niceness: Permission denied
Precompiling packages...
    459.1 ms  ✓ DataAPI
    470.7 ms  ✓ Adapt
    560.7 ms  ✓ ConstructionBase
    577.9 ms  ✓ Statistics
    428.8 ms  ✓ RealDot
    415.2 ms  ✓ DataValueInterfaces
    499.6 ms  ✓ StaticArraysCore
    687.4 ms  ✓ OrderedCollections
    880.7 ms  ✓ SuiteSparse_jll
    702.1 ms  ✓ Serialization
   1344.4 ms  ✓ IrrationalConstants
    453.0 ms  ✓ Unicode
    607.0 ms  ✓ DocStringExtensions
    599.4 ms  ✓ AbstractFFTs
    414.4 ms  ✓ IteratorInterfaceExtensions
    635.6 ms  ✓ OpenLibm_jll
   1114.1 ms  ✓ FillArrays
    585.1 ms  ✓ GPUArraysCore
    422.5 ms  ✓ ConstructionBase → ConstructionBaseLinearAlgebraExt
    491.7 ms  ✓ DiffResults
   1261.3 ms  ✓ InteractiveUtils
    558.3 ms  ✓ Compat
    716.9 ms  ✓ LogExpFunctions
    490.6 ms  ✓ TableTraits
   5479.9 ms  ✓ MacroTools
    575.4 ms  ✓ NaNMath
   2726.7 ms  ✓ Distributed
   2393.0 ms  ✓ Preferences
    594.1 ms  ✓ FillArrays → FillArraysStatisticsExt
    513.1 ms  ✓ Compat → CompatLinearAlgebraExt
    555.9 ms  ✓ CommonSubexpressions
    889.6 ms  ✓ Tables
    812.6 ms  ✓ JLLWrappers
    689.6 ms  ✓ PrecompileTools
   4599.6 ms  ✓ SparseArrays
    840.7 ms  ✓ StructArrays
    952.2 ms  ✓ OpenSpecFun_jll
   2183.2 ms  ✓ IRTools
   1500.4 ms  ✓ ChainRulesCore
    646.7 ms  ✓ Adapt → AdaptSparseArraysExt
    698.2 ms  ✓ Statistics → SparseArraysExt
    634.3 ms  ✓ SuiteSparse
    745.1 ms  ✓ FillArrays → FillArraysSparseArraysExt
    493.0 ms  ✓ StructArrays → StructArraysLinearAlgebraExt
    660.5 ms  ✓ StructArrays → StructArraysSparseArraysExt
    498.6 ms  ✓ StructArrays → StructArraysAdaptExt
    478.0 ms  ✓ AbstractFFTs → AbstractFFTsChainRulesCoreExt
    629.8 ms  ✓ ChainRulesCore → ChainRulesCoreSparseArraysExt
    696.0 ms  ✓ ZygoteRules
    535.5 ms  ✓ SparseInverseSubset
   1109.4 ms  ✓ LogExpFunctions → LogExpFunctionsChainRulesCoreExt
   2319.1 ms  ✓ SpecialFunctions
    523.8 ms  ✓ DiffRules
   1392.2 ms  ✓ SpecialFunctions → SpecialFunctionsChainRulesCoreExt
   4311.0 ms  ✓ ChainRules
   3091.6 ms  ✓ ForwardDiff
  30808.1 ms  ✓ Zygote
  57 dependencies successfully precompiled in 46 seconds. 8 already precompiled.
	Command being timed: "nice -n -10 timeout -k120 -v 3600 julia +alpha --project=Z/Zygote/Gradient-Of-Square-Norm -e using Pkg; @time @eval Pkg.precompile()"
	User time (seconds): 224.33
	System time (seconds): 13.67
	Percent of CPU this job got: 151%
	Elapsed (wall clock) time (h:mm:ss or m:ss): 2:36.74
	Average shared text size (kbytes): 0
	Average unshared data size (kbytes): 0
	Average stack size (kbytes): 0
	Average total size (kbytes): 0
	Maximum resident set size (kbytes): 2582784
	Average resident set size (kbytes): 0
	Major (requiring I/O) page faults: 294
	Minor (reclaiming a frame) page faults: 5184687
	Voluntary context switches: 14032
	Involuntary context switches: 4147
	Swaps: 0
	File system inputs: 0
	File system outputs: 587848
	Socket messages sent: 0
	Socket messages received: 0
	Signals delivered: 0
	Page size (bytes): 4096
	Exit status: 0
