nice: cannot set niceness: Permission denied
Precompiling packages...
  72979.8 ms  ✓ Pkg (serial)
  1 dependency successfully precompiled in 73 seconds
Precompiling packages...
   2427.5 ms  ✓ DataValueInterfaces
   2524.7 ms  ✓ OpenLibm_jll
   2622.6 ms  ✓ RealDot
   2629.7 ms  ✓ Unicode
   2590.5 ms  ✓ IteratorInterfaceExtensions
   3088.2 ms  ✓ DataAPI
   3112.8 ms  ✓ SuiteSparse_jll
   3327.0 ms  ✓ AbstractFFTs
   3195.5 ms  ✓ CompilerSupportLibraries_jll
   3414.9 ms  ✓ DocStringExtensions
   3607.4 ms  ✓ Statistics
   3929.3 ms  ✓ Serialization
   4812.0 ms  ✓ FillArrays
   2582.9 ms  ✓ StaticArraysCore
   2092.9 ms  ✓ TableTraits
   3598.5 ms  ✓ Requires
   3114.1 ms  ✓ Preferences
   1720.2 ms  ✓ FillArrays → FillArraysStatisticsExt
   2022.1 ms  ✓ DiffResults
   2010.1 ms  ✓ Adapt
   8133.3 ms  ✓ ConstructionBase
   1890.3 ms  ✓ PrecompileTools
   2191.4 ms  ✓ JLLWrappers
   8919.3 ms  ✓ OrderedCollections
   6699.9 ms  ✓ NaNMath
   1288.0 ms  ✓ ConstructionBase → ConstructionBaseLinearAlgebraExt
   6689.2 ms  ✓ Compat
   9970.9 ms  ✓ IrrationalConstants
   1892.4 ms  ✓ GPUArraysCore
   1909.3 ms  ✓ OpenSpecFun_jll
    830.3 ms  ✓ Compat → CompatLinearAlgebraExt
   8284.9 ms  ✓ InteractiveUtils
   1034.5 ms  ✓ LogExpFunctions
   9783.2 ms  ✓ MacroTools
   8313.3 ms  ✓ Distributed
   3751.9 ms  ✓ Tables
    650.3 ms  ✓ CommonSubexpressions
   3089.0 ms  ✓ ChainRulesCore
   3387.0 ms  ✓ SpecialFunctions
    701.7 ms  ✓ AbstractFFTs → AbstractFFTsChainRulesCoreExt
  10716.5 ms  ✓ SparseArrays
   2580.0 ms  ✓ StructArrays
   1600.4 ms  ✓ ZygoteRules
   1799.9 ms  ✓ SuiteSparse
   1973.4 ms  ✓ FillArrays → FillArraysSparseArraysExt
   1975.2 ms  ✓ Adapt → AdaptSparseArraysExt
   2289.0 ms  ✓ DiffRules
   1576.7 ms  ✓ StructArrays → StructArraysAdaptExt
   1517.3 ms  ✓ StructArrays → StructArraysLinearAlgebraExt
   2280.2 ms  ✓ Statistics → SparseArraysExt
   4820.4 ms  ✓ IRTools
   1904.5 ms  ✓ StructArrays → StructArraysSparseArraysExt
   3385.6 ms  ✓ LogExpFunctions → LogExpFunctionsChainRulesCoreExt
    922.5 ms  ✓ SparseInverseSubset
   3035.1 ms  ✓ ChainRulesCore → ChainRulesCoreSparseArraysExt
   3284.4 ms  ✓ SpecialFunctions → SpecialFunctionsChainRulesCoreExt
   3572.1 ms  ✓ ForwardDiff
   4930.6 ms  ✓ ChainRules
  22483.9 ms  ✓ Zygote
  59 dependencies successfully precompiled in 45 seconds. 8 already precompiled.
	Command being timed: "nice -n -10 timeout -k120 -v 3600 julia +1.12.2 --project=Z/Zygote/Gradient-Of-Square-Norm -e using Pkg; @time @eval Pkg.precompile()"
	User time (seconds): 230.92
	System time (seconds): 16.32
	Percent of CPU this job got: 208%
	Elapsed (wall clock) time (h:mm:ss or m:ss): 1:58.77
	Average shared text size (kbytes): 0
	Average unshared data size (kbytes): 0
	Average stack size (kbytes): 0
	Average total size (kbytes): 0
	Maximum resident set size (kbytes): 2107124
	Average resident set size (kbytes): 0
	Major (requiring I/O) page faults: 257
	Minor (reclaiming a frame) page faults: 4609142
	Voluntary context switches: 13422
	Involuntary context switches: 9718
	Swaps: 0
	File system inputs: 0
	File system outputs: 561152
	Socket messages sent: 0
	Socket messages received: 0
	Signals delivered: 0
	Page size (bytes): 4096
	Exit status: 0
