nice: cannot set niceness: Permission denied
Precompiling packages...
    443.8 ms  ✓ DataAPI
    535.9 ms  ✓ ConstructionBase
    567.9 ms  ✓ Statistics
    451.6 ms  ✓ RealDot
    451.0 ms  ✓ DataValueInterfaces
    506.0 ms  ✓ StaticArraysCore
   1334.7 ms  ✓ IrrationalConstants
    703.1 ms  ✓ OrderedCollections
    813.8 ms  ✓ Requires
    929.1 ms  ✓ SuiteSparse_jll
    732.4 ms  ✓ Serialization
    502.5 ms  ✓ Unicode
    620.0 ms  ✓ DocStringExtensions
    594.2 ms  ✓ AbstractFFTs
    400.0 ms  ✓ IteratorInterfaceExtensions
    667.4 ms  ✓ OpenLibm_jll
    674.6 ms  ✓ LogExpFunctions
   1090.1 ms  ✓ FillArrays
    525.9 ms  ✓ ConstructionBase → ConstructionBaseLinearAlgebraExt
    487.1 ms  ✓ DiffResults
    542.6 ms  ✓ Adapt
    689.9 ms  ✓ Compat
   4690.5 ms  ✓ MacroTools
    394.8 ms  ✓ TableTraits
   1779.0 ms  ✓ Preferences
   1455.0 ms  ✓ InteractiveUtils
    611.6 ms  ✓ NaNMath
   2419.5 ms  ✓ Distributed
    569.5 ms  ✓ FillArrays → FillArraysStatisticsExt
    448.0 ms  ✓ Compat → CompatLinearAlgebraExt
    568.1 ms  ✓ GPUArraysCore
    582.1 ms  ✓ CommonSubexpressions
    556.5 ms  ✓ JLLWrappers
    461.1 ms  ✓ PrecompileTools
    855.8 ms  ✓ Tables
   4080.5 ms  ✓ SparseArrays
    635.9 ms  ✓ OpenSpecFun_jll
    769.7 ms  ✓ StructArrays
    604.5 ms  ✓ Statistics → SparseArraysExt
    590.5 ms  ✓ SuiteSparse
   1441.6 ms  ✓ ChainRulesCore
    698.1 ms  ✓ FillArrays → FillArraysSparseArraysExt
    637.9 ms  ✓ Adapt → AdaptSparseArraysExt
   2197.2 ms  ✓ IRTools
    487.5 ms  ✓ StructArrays → StructArraysLinearAlgebraExt
    645.9 ms  ✓ StructArrays → StructArraysSparseArraysExt
    444.0 ms  ✓ StructArrays → StructArraysAdaptExt
    613.3 ms  ✓ SparseInverseSubset
    610.5 ms  ✓ ChainRulesCore → ChainRulesCoreSparseArraysExt
    471.5 ms  ✓ AbstractFFTs → AbstractFFTsChainRulesCoreExt
    677.5 ms  ✓ ZygoteRules
   1024.7 ms  ✓ LogExpFunctions → LogExpFunctionsChainRulesCoreExt
   2287.8 ms  ✓ SpecialFunctions
    517.3 ms  ✓ DiffRules
   1214.9 ms  ✓ SpecialFunctions → SpecialFunctionsChainRulesCoreExt
   4217.4 ms  ✓ ChainRules
   2881.2 ms  ✓ ForwardDiff
  29608.4 ms  ✓ Zygote
  58 dependencies successfully precompiled in 43 seconds. 8 already precompiled.
	Command being timed: "nice -n -10 timeout -k120 -v 3600 julia +alpha --project=Z/Zygote/Gradient-Of-Square-Norm -e using Pkg; @time @eval Pkg.precompile()"
	User time (seconds): 215.59
	System time (seconds): 13.77
	Percent of CPU this job got: 152%
	Elapsed (wall clock) time (h:mm:ss or m:ss): 2:30.72
	Average shared text size (kbytes): 0
	Average unshared data size (kbytes): 0
	Average stack size (kbytes): 0
	Average total size (kbytes): 0
	Maximum resident set size (kbytes): 2597668
	Average resident set size (kbytes): 0
	Major (requiring I/O) page faults: 301
	Minor (reclaiming a frame) page faults: 5100981
	Voluntary context switches: 13796
	Involuntary context switches: 3267
	Swaps: 0
	File system inputs: 0
	File system outputs: 583480
	Socket messages sent: 0
	Socket messages received: 0
	Signals delivered: 0
	Page size (bytes): 4096
	Exit status: 0
