nice: cannot set niceness: Permission denied
Precompiling packages...
  73207.1 ms  ✓ Pkg (serial)
  1 dependency successfully precompiled in 73 seconds
Precompiling packages...
   2426.7 ms  ✓ DataValueInterfaces
   2525.4 ms  ✓ RealDot
   2607.2 ms  ✓ OpenLibm_jll
   2706.2 ms  ✓ Unicode
   2674.1 ms  ✓ DataAPI
   2886.0 ms  ✓ IteratorInterfaceExtensions
   3266.8 ms  ✓ SuiteSparse_jll
   3405.3 ms  ✓ AbstractFFTs
   3397.7 ms  ✓ CompilerSupportLibraries_jll
   3503.7 ms  ✓ Statistics
   3722.2 ms  ✓ Serialization
   3723.9 ms  ✓ DocStringExtensions
   4938.9 ms  ✓ FillArrays
   2782.6 ms  ✓ StaticArraysCore
   2100.6 ms  ✓ TableTraits
   3713.1 ms  ✓ Requires
   3104.1 ms  ✓ Preferences
   2170.7 ms  ✓ FillArrays → FillArraysStatisticsExt
   1996.8 ms  ✓ DiffResults
   1882.2 ms  ✓ Adapt
   1821.3 ms  ✓ PrecompileTools
   8495.0 ms  ✓ ConstructionBase
   2294.2 ms  ✓ JLLWrappers
   9028.5 ms  ✓ OrderedCollections
   6797.7 ms  ✓ NaNMath
   1420.3 ms  ✓ ConstructionBase → ConstructionBaseLinearAlgebraExt
   1800.8 ms  ✓ GPUArraysCore
   7124.0 ms  ✓ Compat
  10441.2 ms  ✓ IrrationalConstants
   1814.8 ms  ✓ OpenSpecFun_jll
    811.4 ms  ✓ Compat → CompatLinearAlgebraExt
   8516.1 ms  ✓ InteractiveUtils
    970.4 ms  ✓ LogExpFunctions
   8408.4 ms  ✓ Distributed
   9913.9 ms  ✓ MacroTools
   3728.4 ms  ✓ Tables
    671.9 ms  ✓ CommonSubexpressions
   3092.9 ms  ✓ ChainRulesCore
  10877.8 ms  ✓ SparseArrays
    883.2 ms  ✓ AbstractFFTs → AbstractFFTsChainRulesCoreExt
   3827.8 ms  ✓ SpecialFunctions
   1578.7 ms  ✓ ZygoteRules
   2789.8 ms  ✓ StructArrays
   1900.7 ms  ✓ SuiteSparse
   1928.1 ms  ✓ Adapt → AdaptSparseArraysExt
   1941.3 ms  ✓ FillArrays → FillArraysSparseArraysExt
   2026.9 ms  ✓ Statistics → SparseArraysExt
   1404.4 ms  ✓ StructArrays → StructArraysAdaptExt
   1407.2 ms  ✓ StructArrays → StructArraysLinearAlgebraExt
   4700.6 ms  ✓ IRTools
   1801.9 ms  ✓ DiffRules
   1667.1 ms  ✓ StructArrays → StructArraysSparseArraysExt
   3392.7 ms  ✓ LogExpFunctions → LogExpFunctionsChainRulesCoreExt
    898.1 ms  ✓ SparseInverseSubset
   3255.9 ms  ✓ ChainRulesCore → ChainRulesCoreSparseArraysExt
   2791.6 ms  ✓ SpecialFunctions → SpecialFunctionsChainRulesCoreExt
   3334.0 ms  ✓ ForwardDiff
   4988.4 ms  ✓ ChainRules
  22706.0 ms  ✓ Zygote
  59 dependencies successfully precompiled in 46 seconds. 8 already precompiled.
	Command being timed: "nice -n -10 timeout -k120 -v 3600 julia +1.12.5 --project=Z/Zygote/Gradient-Of-Square-Norm -e using Pkg; @time @eval Pkg.precompile()"
	User time (seconds): 232.01
	System time (seconds): 16.20
	Percent of CPU this job got: 207%
	Elapsed (wall clock) time (h:mm:ss or m:ss): 1:59.59
	Average shared text size (kbytes): 0
	Average unshared data size (kbytes): 0
	Average stack size (kbytes): 0
	Average total size (kbytes): 0
	Maximum resident set size (kbytes): 2153832
	Average resident set size (kbytes): 0
	Major (requiring I/O) page faults: 340
	Minor (reclaiming a frame) page faults: 4651658
	Voluntary context switches: 13976
	Involuntary context switches: 9287
	Swaps: 0
	File system inputs: 0
	File system outputs: 565312
	Socket messages sent: 0
	Socket messages received: 0
	Signals delivered: 0
	Page size (bytes): 4096
	Exit status: 0
