nice: cannot set niceness: Permission denied
Precompiling packages...
  75354.0 ms  ✓ Pkg (serial)
  1 dependency successfully precompiled in 75 seconds
Precompiling packages...
   2378.8 ms  ✓ DataValueInterfaces
   2473.4 ms  ✓ RealDot
   2574.3 ms  ✓ OpenLibm_jll
   2585.4 ms  ✓ Unicode
   2605.5 ms  ✓ IteratorInterfaceExtensions
   3102.6 ms  ✓ DataAPI
   3103.8 ms  ✓ CompilerSupportLibraries_jll
   3272.0 ms  ✓ AbstractFFTs
   3305.4 ms  ✓ SuiteSparse_jll
   3461.0 ms  ✓ DocStringExtensions
   3556.7 ms  ✓ Statistics
   3866.1 ms  ✓ Serialization
   4884.2 ms  ✓ FillArrays
   2788.8 ms  ✓ StaticArraysCore
   2188.9 ms  ✓ TableTraits
   3109.1 ms  ✓ Preferences
   3779.9 ms  ✓ Requires
   2179.4 ms  ✓ FillArrays → FillArraysStatisticsExt
   2203.4 ms  ✓ DiffResults
   7968.0 ms  ✓ ConstructionBase
   1725.9 ms  ✓ Adapt
   2007.9 ms  ✓ PrecompileTools
   2404.3 ms  ✓ JLLWrappers
   1285.1 ms  ✓ ConstructionBase → ConstructionBaseLinearAlgebraExt
   9294.6 ms  ✓ OrderedCollections
   1808.2 ms  ✓ GPUArraysCore
   6804.1 ms  ✓ Compat
   7418.9 ms  ✓ NaNMath
  10456.7 ms  ✓ IrrationalConstants
   1755.7 ms  ✓ OpenSpecFun_jll
    873.0 ms  ✓ Compat → CompatLinearAlgebraExt
   8593.7 ms  ✓ InteractiveUtils
    935.6 ms  ✓ LogExpFunctions
   8515.1 ms  ✓ Distributed
  10111.5 ms  ✓ MacroTools
   3556.2 ms  ✓ Tables
    693.1 ms  ✓ CommonSubexpressions
   3175.9 ms  ✓ ChainRulesCore
  10831.0 ms  ✓ SparseArrays
    743.1 ms  ✓ AbstractFFTs → AbstractFFTsChainRulesCoreExt
   3868.9 ms  ✓ SpecialFunctions
   1543.2 ms  ✓ ZygoteRules
   3081.2 ms  ✓ StructArrays
   1391.1 ms  ✓ SuiteSparse
   1676.2 ms  ✓ Adapt → AdaptSparseArraysExt
   1965.8 ms  ✓ Statistics → SparseArraysExt
   2075.7 ms  ✓ FillArrays → FillArraysSparseArraysExt
   4579.3 ms  ✓ IRTools
   1185.6 ms  ✓ StructArrays → StructArraysAdaptExt
   1971.7 ms  ✓ DiffRules
   3254.0 ms  ✓ LogExpFunctions → LogExpFunctionsChainRulesCoreExt
   1305.7 ms  ✓ StructArrays → StructArraysLinearAlgebraExt
   1393.1 ms  ✓ StructArrays → StructArraysSparseArraysExt
   1299.9 ms  ✓ SparseInverseSubset
   3290.2 ms  ✓ ChainRulesCore → ChainRulesCoreSparseArraysExt
   2812.8 ms  ✓ SpecialFunctions → SpecialFunctionsChainRulesCoreExt
   3427.8 ms  ✓ ForwardDiff
   4987.6 ms  ✓ ChainRules
  22722.5 ms  ✓ Zygote
  59 dependencies successfully precompiled in 46 seconds. 8 already precompiled.
	Command being timed: "nice -n -10 timeout -k120 -v 3600 julia +release --project=Z/Zygote/Gradient-Of-Square-Norm -e using Pkg; @time @eval Pkg.precompile()"
	User time (seconds): 236.61
	System time (seconds): 16.52
	Percent of CPU this job got: 207%
	Elapsed (wall clock) time (h:mm:ss or m:ss): 2:01.92
	Average shared text size (kbytes): 0
	Average unshared data size (kbytes): 0
	Average stack size (kbytes): 0
	Average total size (kbytes): 0
	Maximum resident set size (kbytes): 2145128
	Average resident set size (kbytes): 0
	Major (requiring I/O) page faults: 296
	Minor (reclaiming a frame) page faults: 4649835
	Voluntary context switches: 13747
	Involuntary context switches: 10190
	Swaps: 0
	File system inputs: 0
	File system outputs: 566552
	Socket messages sent: 0
	Socket messages received: 0
	Signals delivered: 0
	Page size (bytes): 4096
	Exit status: 0
