Precompiling project...
   1797.2 ms  ✓ RealDot
   1798.4 ms  ✓ DataValueInterfaces
   1814.9 ms  ✓ Unicode
   1867.3 ms  ✓ IteratorInterfaceExtensions
   2089.0 ms  ✓ OpenLibm_jll
   2168.4 ms  ✓ DataAPI
   2352.8 ms  ✓ ConstructionBase
   2463.4 ms  ✓ SuiteSparse_jll
   2563.7 ms  ✓ CompilerSupportLibraries_jll
   2984.0 ms  ✓ Statistics
   3000.1 ms  ✓ AbstractFFTs
   3003.2 ms  ✓ OrderedCollections
   2998.3 ms  ✓ DocStringExtensions
   3003.1 ms  ✓ Serialization
   1791.8 ms  ✓ StaticArraysCore
   1821.0 ms  ✓ Requires
   1518.4 ms  ✓ TableTraits
   3896.4 ms  ✓ FillArrays
   2001.0 ms  ✓ Compat
   1716.6 ms  ✓ ConstructionBase → ConstructionBaseLinearAlgebraExt
   1905.1 ms  ✓ NaNMath
   4695.5 ms  ✓ IrrationalConstants
   2530.1 ms  ✓ Preferences
   1477.8 ms  ✓ DiffResults
   1217.9 ms  ✓ FillArrays → FillArraysStatisticsExt
   1502.8 ms  ✓ Adapt
   1326.5 ms  ✓ Compat → CompatLinearAlgebraExt
   1095.4 ms  ✓ PrecompileTools
   1105.6 ms  ✓ JLLWrappers
   4094.9 ms  ✓ InteractiveUtils
   2120.5 ms  ✓ Tables
   1414.7 ms  ✓ LogExpFunctions
    998.6 ms  ✓ GPUArraysCore
    724.3 ms  ✓ OpenSpecFun_jll
   4220.4 ms  ✓ Distributed
   5557.8 ms  ✓ MacroTools
   1377.8 ms  ✓ StructArrays
   2190.6 ms  ✓ ChainRulesCore
    797.6 ms  ✓ StructArrays → StructArraysAdaptExt
    812.1 ms  ✓ StructArrays → StructArraysLinearAlgebraExt
    841.3 ms  ✓ CommonSubexpressions
    733.3 ms  ✓ AbstractFFTs → AbstractFFTsChainRulesCoreExt
    985.0 ms  ✓ ZygoteRules
   1426.6 ms  ✓ LogExpFunctions → LogExpFunctionsChainRulesCoreExt
   1745.3 ms  ✓ IRTools
   6138.0 ms  ✓ SparseArrays
    683.5 ms  ✓ Adapt → AdaptSparseArraysExt
    743.1 ms  ✓ SuiteSparse
    759.2 ms  ✓ Statistics → SparseArraysExt
    780.7 ms  ✓ FillArrays → FillArraysSparseArraysExt
    779.1 ms  ✓ StructArrays → StructArraysSparseArraysExt
    779.3 ms  ✓ ChainRulesCore → ChainRulesCoreSparseArraysExt
   3342.3 ms  ✓ SpecialFunctions
    380.0 ms  ✓ SparseInverseSubset
    470.0 ms  ✓ DiffRules
   1152.0 ms  ✓ SpecialFunctions → SpecialFunctionsChainRulesCoreExt
   2362.1 ms  ✓ ForwardDiff
   3736.6 ms  ✓ ChainRules
  20416.2 ms  ✓ Zygote
  59 dependencies successfully precompiled in 34 seconds. 6 already precompiled.
	Command being timed: "julia +1.11.6 --project=Z/Zygote/Gradient-Of-Square-Norm -e using Pkg; @time @eval Pkg.precompile()"
	User time (seconds): 171.37
	System time (seconds): 12.80
	Percent of CPU this job got: 210%
	Elapsed (wall clock) time (h:mm:ss or m:ss): 1:27.57
	Average shared text size (kbytes): 0
	Average unshared data size (kbytes): 0
	Average stack size (kbytes): 0
	Average total size (kbytes): 0
	Maximum resident set size (kbytes): 2032416
	Average resident set size (kbytes): 0
	Major (requiring I/O) page faults: 371
	Minor (reclaiming a frame) page faults: 3628234
	Voluntary context switches: 100322
	Involuntary context switches: 17191
	Swaps: 0
	File system inputs: 0
	File system outputs: 626248
	Socket messages sent: 0
	Socket messages received: 0
	Signals delivered: 0
	Page size (bytes): 4096
	Exit status: 0
