nice: cannot set niceness: Permission denied
Precompiling packages...
  76098.7 ms  ✓ Pkg (serial)
  1 dependency successfully precompiled in 76 seconds
Precompiling packages...
   2328.3 ms  ✓ DataValueInterfaces
   2429.1 ms  ✓ Unicode
   2514.9 ms  ✓ RealDot
   2494.4 ms  ✓ IteratorInterfaceExtensions
   2593.2 ms  ✓ OpenLibm_jll
   3096.4 ms  ✓ CompilerSupportLibraries_jll
   3269.2 ms  ✓ Adapt
   3416.3 ms  ✓ AbstractFFTs
   3412.4 ms  ✓ DocStringExtensions
   3475.6 ms  ✓ DataAPI
   3917.0 ms  ✓ Serialization
   4010.2 ms  ✓ Statistics
   4935.1 ms  ✓ FillArrays
   2806.1 ms  ✓ SuiteSparse_jll
   2697.3 ms  ✓ StaticArraysCore
   1915.9 ms  ✓ TableTraits
   2696.9 ms  ✓ GPUArraysCore
   3199.9 ms  ✓ Preferences
   1965.8 ms  ✓ FillArrays → FillArraysStatisticsExt
   2003.0 ms  ✓ DiffResults
   1540.9 ms  ✓ PrecompileTools
   1737.2 ms  ✓ JLLWrappers
   8180.4 ms  ✓ ConstructionBase
   8232.3 ms  ✓ OrderedCollections
   6640.7 ms  ✓ Compat
   1240.9 ms  ✓ ConstructionBase → ConstructionBaseLinearAlgebraExt
   1682.4 ms  ✓ OpenSpecFun_jll
   6480.9 ms  ✓ NaNMath
  10107.9 ms  ✓ IrrationalConstants
    989.9 ms  ✓ Compat → CompatLinearAlgebraExt
   8299.7 ms  ✓ InteractiveUtils
    978.8 ms  ✓ LogExpFunctions
   7699.7 ms  ✓ Distributed
   9409.2 ms  ✓ MacroTools
    671.2 ms  ✓ CommonSubexpressions
   4288.0 ms  ✓ Tables
   3183.7 ms  ✓ ChainRulesCore
    722.6 ms  ✓ AbstractFFTs → AbstractFFTsChainRulesCoreExt
   9108.6 ms  ✓ SparseArrays
   1289.9 ms  ✓ ZygoteRules
   3896.3 ms  ✓ SpecialFunctions
   2984.9 ms  ✓ StructArrays
   1483.8 ms  ✓ Adapt → AdaptSparseArraysExt
   1675.4 ms  ✓ SuiteSparse
   1687.7 ms  ✓ Statistics → SparseArraysExt
   4181.7 ms  ✓ IRTools
   1983.2 ms  ✓ FillArrays → FillArraysSparseArraysExt
   1032.7 ms  ✓ StructArrays → StructArraysAdaptExt
   3139.1 ms  ✓ LogExpFunctions → LogExpFunctionsChainRulesCoreExt
   1608.5 ms  ✓ DiffRules
   1147.9 ms  ✓ StructArrays → StructArraysLinearAlgebraExt
   1297.1 ms  ✓ StructArrays → StructArraysSparseArraysExt
    921.2 ms  ✓ SparseInverseSubset
   3117.1 ms  ✓ ChainRulesCore → ChainRulesCoreSparseArraysExt
   2547.9 ms  ✓ SpecialFunctions → SpecialFunctionsChainRulesCoreExt
   3527.9 ms  ✓ ForwardDiff
   5034.2 ms  ✓ ChainRules
  23196.7 ms  ✓ Zygote
  58 dependencies successfully precompiled in 46 seconds. 8 already precompiled.
  8 dependencies precompiled but different versions are currently loaded (Base64, Dates, JuliaSyntaxHighlighting, Markdown, Printf, StyledStrings, TOML and UUIDs). Restart julia to access the new versions. Otherwise, 19 dependents of these packages may trigger further precompilation to work with the unexpected versions.
	Command being timed: "nice -n -10 timeout -k120 -v 3600 julia +1.12.7 --project=Z/Zygote/Gradient-Of-Square-Norm -e using Pkg; @time @eval Pkg.precompile()"
	User time (seconds): 238.04
	System time (seconds): 15.95
	Percent of CPU this job got: 206%
	Elapsed (wall clock) time (h:mm:ss or m:ss): 2:02.81
	Average shared text size (kbytes): 0
	Average unshared data size (kbytes): 0
	Average stack size (kbytes): 0
	Average total size (kbytes): 0
	Maximum resident set size (kbytes): 2163096
	Average resident set size (kbytes): 0
	Major (requiring I/O) page faults: 260
	Minor (reclaiming a frame) page faults: 4650351
	Voluntary context switches: 13657
	Involuntary context switches: 10973
	Swaps: 0
	File system inputs: 0
	File system outputs: 579528
	Socket messages sent: 0
	Socket messages received: 0
	Signals delivered: 0
	Page size (bytes): 4096
	Exit status: 0
