nice: cannot set niceness: Permission denied
Precompiling packages...
   1905.5 ms  ✓ IteratorInterfaceExtensions
   1999.0 ms  ✓ OpenLibm_jll
   2001.5 ms  ✓ DataValueInterfaces
   2010.6 ms  ✓ RealDot
   2089.5 ms  ✓ CompilerSupportLibraries_jll
   2098.5 ms  ✓ DataAPI
   2200.4 ms  ✓ Adapt
   2302.0 ms  ✓ ConstructionBase
   2856.8 ms  ✓ Compat
   2711.3 ms  ✓ DocStringExtensions
   2724.0 ms  ✓ OrderedCollections
   2693.4 ms  ✓ SuiteSparse_jll
   2806.2 ms  ✓ AbstractFFTs
   1417.2 ms  ✓ TableTraits
   1514.6 ms  ✓ NaNMath
   1607.7 ms  ✓ StaticArraysCore
   1589.9 ms  ✓ GPUArraysCore
   1115.3 ms  ✓ Compat → CompatLinearAlgebraExt
   3902.6 ms  ✓ FillArrays
   1597.6 ms  ✓ ConstructionBase → ConstructionBaseLinearAlgebraExt
   4130.3 ms  ✓ IrrationalConstants
   2100.3 ms  ✓ Preferences
    916.1 ms  ✓ DiffResults
    917.4 ms  ✓ PrecompileTools
   5201.1 ms  ✓ Distributed
   1035.4 ms  ✓ JLLWrappers
   1172.5 ms  ✓ LogExpFunctions
   2047.3 ms  ✓ Tables
   1905.7 ms  ✓ ChainRulesCore
    656.0 ms  ✓ OpenSpecFun_jll
   4193.7 ms  ✓ MacroTools
    814.2 ms  ✓ AbstractFFTs → AbstractFFTsChainRulesCoreExt
   1177.7 ms  ✓ StructArrays
    716.3 ms  ✓ CommonSubexpressions
    664.3 ms  ✓ StructArrays → StructArraysAdaptExt
   1211.2 ms  ✓ ZygoteRules
    714.8 ms  ✓ StructArrays → StructArraysLinearAlgebraExt
   1790.1 ms  ✓ LogExpFunctions → LogExpFunctionsChainRulesCoreExt
   5069.6 ms  ✓ SparseArrays
   1916.7 ms  ✓ IRTools
    717.5 ms  ✓ Adapt → AdaptSparseArraysExt
    728.0 ms  ✓ SuiteSparse
    802.0 ms  ✓ ChainRulesCore → ChainRulesCoreSparseArraysExt
    804.4 ms  ✓ StructArrays → StructArraysSparseArraysExt
    873.4 ms  ✓ FillArrays → FillArraysSparseArraysExt
    911.9 ms  ✓ Statistics
   2920.7 ms  ✓ SpecialFunctions
    431.2 ms  ✓ SparseInverseSubset
    474.6 ms  ✓ FillArrays → FillArraysStatisticsExt
    470.9 ms  ✓ DiffRules
   1042.1 ms  ✓ SpecialFunctions → SpecialFunctionsChainRulesCoreExt
   2097.0 ms  ✓ ForwardDiff
   3322.1 ms  ✓ ChainRules
  18430.1 ms  ✓ Zygote
  54 dependencies successfully precompiled in 31 seconds
	Command being timed: "nice -n -10 timeout -k120 -v 3600 julia +lts --project=Z/Zygote/Gradient-Of-Square-Norm -e using Pkg; @time @eval Pkg.precompile()"
	User time (seconds): 69.64
	System time (seconds): 9.34
	Percent of CPU this job got: 241%
	Elapsed (wall clock) time (h:mm:ss or m:ss): 0:32.67
	Average shared text size (kbytes): 0
	Average unshared data size (kbytes): 0
	Average stack size (kbytes): 0
	Average total size (kbytes): 0
	Maximum resident set size (kbytes): 1012512
	Average resident set size (kbytes): 0
	Major (requiring I/O) page faults: 149
	Minor (reclaiming a frame) page faults: 2355260
	Voluntary context switches: 68631
	Involuntary context switches: 11421
	Swaps: 0
	File system inputs: 0
	File system outputs: 237448
	Socket messages sent: 0
	Socket messages received: 0
	Signals delivered: 0
	Page size (bytes): 4096
	Exit status: 0
