nice: cannot set niceness: Permission denied
Precompiling packages...
  73912.1 ms  ✓ Pkg (serial)
  1 dependency successfully precompiled in 74 seconds
Precompiling packages...
    358.3 ms  ✓ Unicode
    399.2 ms  ✓ SuiteSparse_jll
    534.6 ms  ✓ Serialization
   3686.9 ms  ✓ SparseArrays
   5319.8 ms  ✓ Krylov
  5 dependencies successfully precompiled in 10 seconds. 1 already precompiled.
	Command being timed: "nice -n -10 timeout -k120 -v 3600 julia +1.12.5 --project=K/Krylov/Conjugate-Gradient-Solve -e using Pkg; @time @eval Pkg.precompile()"
	User time (seconds): 130.36
	System time (seconds): 5.38
	Percent of CPU this job got: 161%
	Elapsed (wall clock) time (h:mm:ss or m:ss): 1:24.28
	Average shared text size (kbytes): 0
	Average unshared data size (kbytes): 0
	Average stack size (kbytes): 0
	Average total size (kbytes): 0
	Maximum resident set size (kbytes): 2150416
	Average resident set size (kbytes): 0
	Major (requiring I/O) page faults: 135
	Minor (reclaiming a frame) page faults: 2020071
	Voluntary context switches: 5906
	Involuntary context switches: 3135
	Swaps: 0
	File system inputs: 0
	File system outputs: 364072
	Socket messages sent: 0
	Socket messages received: 0
	Signals delivered: 0
	Page size (bytes): 4096
	Exit status: 0
