nice: cannot set niceness: Permission denied
Precompiling packages...
    383.2 ms  ✓ Unicode
    526.2 ms  ✓ Serialization
    673.9 ms  ✓ SuiteSparse_jll
   3403.1 ms  ✓ SparseArrays
   5332.0 ms  ✓ Krylov
  5 dependencies successfully precompiled in 9 seconds. 1 already precompiled.
	Command being timed: "nice -n -10 timeout -k120 -v 3600 julia +alpha --project=K/Krylov/Conjugate-Gradient-Solve -e using Pkg; @time @eval Pkg.precompile()"
	User time (seconds): 145.66
	System time (seconds): 6.63
	Percent of CPU this job got: 126%
	Elapsed (wall clock) time (h:mm:ss or m:ss): 2:00.34
	Average shared text size (kbytes): 0
	Average unshared data size (kbytes): 0
	Average stack size (kbytes): 0
	Average total size (kbytes): 0
	Maximum resident set size (kbytes): 2579640
	Average resident set size (kbytes): 0
	Major (requiring I/O) page faults: 275
	Minor (reclaiming a frame) page faults: 2705185
	Voluntary context switches: 6640
	Involuntary context switches: 1237
	Swaps: 0
	File system inputs: 0
	File system outputs: 379936
	Socket messages sent: 0
	Socket messages received: 0
	Signals delivered: 0
	Page size (bytes): 4096
	Exit status: 0
