nice: cannot set niceness: Permission denied
Precompiling packages...
  72810.9 ms  ✓ Pkg (serial)
  1 dependency successfully precompiled in 73 seconds
Precompiling packages...
    358.5 ms  ✓ Unicode
    402.5 ms  ✓ SuiteSparse_jll
    534.8 ms  ✓ Serialization
   3759.3 ms  ✓ SparseArrays
   5121.6 ms  ✓ Krylov
  5 dependencies successfully precompiled in 9 seconds. 1 already precompiled.
	Command being timed: "nice -n -10 timeout -k120 -v 3600 julia +release --project=K/Krylov/Conjugate-Gradient-Solve -e using Pkg; @time @eval Pkg.precompile()"
	User time (seconds): 129.22
	System time (seconds): 5.44
	Percent of CPU this job got: 162%
	Elapsed (wall clock) time (h:mm:ss or m:ss): 1:22.94
	Average shared text size (kbytes): 0
	Average unshared data size (kbytes): 0
	Average stack size (kbytes): 0
	Average total size (kbytes): 0
	Maximum resident set size (kbytes): 2095944
	Average resident set size (kbytes): 0
	Major (requiring I/O) page faults: 133
	Minor (reclaiming a frame) page faults: 1979555
	Voluntary context switches: 5640
	Involuntary context switches: 3793
	Swaps: 0
	File system inputs: 0
	File system outputs: 358400
	Socket messages sent: 0
	Socket messages received: 0
	Signals delivered: 0
	Page size (bytes): 4096
	Exit status: 0
