nice: cannot set niceness: Permission denied
Precompiling packages...
    381.9 ms  ✓ Unicode
    537.9 ms  ✓ Serialization
    667.5 ms  ✓ SuiteSparse_jll
   3352.1 ms  ✓ SparseArrays
   5225.2 ms  ✓ Krylov
  5 dependencies successfully precompiled in 9 seconds. 1 already precompiled.
	Command being timed: "nice -n -10 timeout -k120 -v 3600 julia +alpha --project=K/Krylov/Conjugate-Gradient-Solve -e using Pkg; @time @eval Pkg.precompile()"
	User time (seconds): 146.82
	System time (seconds): 6.57
	Percent of CPU this job got: 125%
	Elapsed (wall clock) time (h:mm:ss or m:ss): 2:02.10
	Average shared text size (kbytes): 0
	Average unshared data size (kbytes): 0
	Average stack size (kbytes): 0
	Average total size (kbytes): 0
	Maximum resident set size (kbytes): 2738068
	Average resident set size (kbytes): 0
	Major (requiring I/O) page faults: 170
	Minor (reclaiming a frame) page faults: 2737731
	Voluntary context switches: 6615
	Involuntary context switches: 1652
	Swaps: 0
	File system inputs: 0
	File system outputs: 377304
	Socket messages sent: 0
	Socket messages received: 0
	Signals delivered: 0
	Page size (bytes): 4096
	Exit status: 0
