nice: cannot set niceness: Permission denied
Precompiling packages...
    388.9 ms  ✓ Unicode
    542.8 ms  ✓ Serialization
    674.8 ms  ✓ SuiteSparse_jll
   3296.7 ms  ✓ SparseArrays
   5409.8 ms  ✓ Krylov
  5 dependencies successfully precompiled in 9 seconds. 1 already precompiled.
	Command being timed: "nice -n -10 timeout -k120 -v 3600 julia +alpha --project=K/Krylov/Conjugate-Gradient-Solve -e using Pkg; @time @eval Pkg.precompile()"
	User time (seconds): 144.40
	System time (seconds): 6.62
	Percent of CPU this job got: 126%
	Elapsed (wall clock) time (h:mm:ss or m:ss): 1:59.33
	Average shared text size (kbytes): 0
	Average unshared data size (kbytes): 0
	Average stack size (kbytes): 0
	Average total size (kbytes): 0
	Maximum resident set size (kbytes): 2593204
	Average resident set size (kbytes): 0
	Major (requiring I/O) page faults: 156
	Minor (reclaiming a frame) page faults: 2702150
	Voluntary context switches: 7050
	Involuntary context switches: 1345
	Swaps: 0
	File system inputs: 0
	File system outputs: 378920
	Socket messages sent: 0
	Socket messages received: 0
	Signals delivered: 0
	Page size (bytes): 4096
	Exit status: 0
