nice: cannot set niceness: Permission denied
Precompiling packages...
  75409.8 ms  ✓ Pkg (serial)
  1 dependency successfully precompiled in 75 seconds
Precompiling packages...
    387.4 ms  ✓ Unicode
    407.3 ms  ✓ CompilerSupportLibraries_jll
    425.9 ms  ✓ SuiteSparse_jll
    562.6 ms  ✓ Serialization
   3757.1 ms  ✓ SparseArrays
   5396.4 ms  ✓ Krylov
  6 dependencies successfully precompiled in 10 seconds. 1 already precompiled.
	Command being timed: "nice -n -10 timeout -k120 -v 3600 julia +1.12.6 --project=K/Krylov/Conjugate-Gradient-Solve -e using Pkg; @time @eval Pkg.precompile()"
	User time (seconds): 134.82
	System time (seconds): 5.68
	Percent of CPU this job got: 163%
	Elapsed (wall clock) time (h:mm:ss or m:ss): 1:26.04
	Average shared text size (kbytes): 0
	Average unshared data size (kbytes): 0
	Average stack size (kbytes): 0
	Average total size (kbytes): 0
	Maximum resident set size (kbytes): 2137808
	Average resident set size (kbytes): 0
	Major (requiring I/O) page faults: 147
	Minor (reclaiming a frame) page faults: 2061465
	Voluntary context switches: 6166
	Involuntary context switches: 3400
	Swaps: 0
	File system inputs: 0
	File system outputs: 367840
	Socket messages sent: 0
	Socket messages received: 0
	Signals delivered: 0
	Page size (bytes): 4096
	Exit status: 0
