nice: cannot set niceness: Permission denied
Precompiling packages...
  72428.7 ms  ✓ Pkg (serial)
  1 dependency successfully precompiled in 72 seconds
Precompiling packages...
    356.6 ms  ✓ Unicode
    398.8 ms  ✓ SuiteSparse_jll
    533.2 ms  ✓ Serialization
   3672.0 ms  ✓ SparseArrays
   5162.9 ms  ✓ Krylov
  5 dependencies successfully precompiled in 9 seconds. 1 already precompiled.
	Command being timed: "nice -n -10 timeout -k120 -v 3600 julia +1.12.4 --project=K/Krylov/Conjugate-Gradient-Solve -e using Pkg; @time @eval Pkg.precompile()"
	User time (seconds): 128.37
	System time (seconds): 5.43
	Percent of CPU this job got: 162%
	Elapsed (wall clock) time (h:mm:ss or m:ss): 1:22.45
	Average shared text size (kbytes): 0
	Average unshared data size (kbytes): 0
	Average stack size (kbytes): 0
	Average total size (kbytes): 0
	Maximum resident set size (kbytes): 2131036
	Average resident set size (kbytes): 0
	Major (requiring I/O) page faults: 126
	Minor (reclaiming a frame) page faults: 1990401
	Voluntary context switches: 5798
	Involuntary context switches: 2968
	Swaps: 0
	File system inputs: 0
	File system outputs: 358792
	Socket messages sent: 0
	Socket messages received: 0
	Signals delivered: 0
	Page size (bytes): 4096
	Exit status: 0
