nice: cannot set niceness: Permission denied
Precompiling packages...
    405.6 ms  ✓ Unicode
    577.5 ms  ✓ Serialization
    725.1 ms  ✓ SuiteSparse_jll
   3378.1 ms  ✓ SparseArrays
   5321.8 ms  ✓ Krylov
  5 dependencies successfully precompiled in 9 seconds. 1 already precompiled.
	Command being timed: "nice -n -10 timeout -k120 -v 3600 julia +alpha --project=K/Krylov/Conjugate-Gradient-Solve -e using Pkg; @time @eval Pkg.precompile()"
	User time (seconds): 145.73
	System time (seconds): 6.80
	Percent of CPU this job got: 126%
	Elapsed (wall clock) time (h:mm:ss or m:ss): 2:00.52
	Average shared text size (kbytes): 0
	Average unshared data size (kbytes): 0
	Average stack size (kbytes): 0
	Average total size (kbytes): 0
	Maximum resident set size (kbytes): 2588160
	Average resident set size (kbytes): 0
	Major (requiring I/O) page faults: 144
	Minor (reclaiming a frame) page faults: 2721263
	Voluntary context switches: 6867
	Involuntary context switches: 1373
	Swaps: 0
	File system inputs: 0
	File system outputs: 380184
	Socket messages sent: 0
	Socket messages received: 0
	Signals delivered: 0
	Page size (bytes): 4096
	Exit status: 0
