nice: cannot set niceness: Permission denied
Precompiling packages...
    380.9 ms  ✓ Unicode
    544.1 ms  ✓ Serialization
    657.9 ms  ✓ SuiteSparse_jll
   3324.3 ms  ✓ SparseArrays
   5256.5 ms  ✓ Krylov
  5 dependencies successfully precompiled in 9 seconds. 1 already precompiled.
	Command being timed: "nice -n -10 timeout -k120 -v 3600 julia +alpha --project=K/Krylov/Conjugate-Gradient-Solve -e using Pkg; @time @eval Pkg.precompile()"
	User time (seconds): 146.99
	System time (seconds): 6.72
	Percent of CPU this job got: 125%
	Elapsed (wall clock) time (h:mm:ss or m:ss): 2:02.43
	Average shared text size (kbytes): 0
	Average unshared data size (kbytes): 0
	Average stack size (kbytes): 0
	Average total size (kbytes): 0
	Maximum resident set size (kbytes): 2784976
	Average resident set size (kbytes): 0
	Major (requiring I/O) page faults: 154
	Minor (reclaiming a frame) page faults: 2739596
	Voluntary context switches: 6423
	Involuntary context switches: 1570
	Swaps: 0
	File system inputs: 0
	File system outputs: 377144
	Socket messages sent: 0
	Socket messages received: 0
	Signals delivered: 0
	Page size (bytes): 4096
	Exit status: 0
