nice: cannot set niceness: Permission denied
Precompiling packages...
  72709.2 ms  ✓ Pkg (serial)
  1 dependency successfully precompiled in 73 seconds
Precompiling packages...
    364.6 ms  ✓ Unicode
    408.7 ms  ✓ SuiteSparse_jll
    540.3 ms  ✓ Serialization
   3670.8 ms  ✓ SparseArrays
   5024.4 ms  ✓ Krylov
  5 dependencies successfully precompiled in 9 seconds. 1 already precompiled.
	Command being timed: "nice -n -10 timeout -k120 -v 3600 julia +1.12.4 --project=K/Krylov/Conjugate-Gradient-Solve -e using Pkg; @time @eval Pkg.precompile()"
	User time (seconds): 129.41
	System time (seconds): 5.38
	Percent of CPU this job got: 163%
	Elapsed (wall clock) time (h:mm:ss or m:ss): 1:22.67
	Average shared text size (kbytes): 0
	Average unshared data size (kbytes): 0
	Average stack size (kbytes): 0
	Average total size (kbytes): 0
	Maximum resident set size (kbytes): 2136152
	Average resident set size (kbytes): 0
	Major (requiring I/O) page faults: 137
	Minor (reclaiming a frame) page faults: 2000633
	Voluntary context switches: 6102
	Involuntary context switches: 3404
	Swaps: 0
	File system inputs: 0
	File system outputs: 360368
	Socket messages sent: 0
	Socket messages received: 0
	Signals delivered: 0
	Page size (bytes): 4096
	Exit status: 0
