nice: cannot set niceness: Permission denied
Precompiling packages...
  73401.1 ms  ✓ Pkg (serial)
  1 dependency successfully precompiled in 73 seconds
Precompiling packages...
    364.6 ms  ✓ Unicode
    411.5 ms  ✓ SuiteSparse_jll
    542.5 ms  ✓ Serialization
   3720.4 ms  ✓ SparseArrays
   5103.1 ms  ✓ Krylov
  5 dependencies successfully precompiled in 9 seconds. 1 already precompiled.
	Command being timed: "nice -n -10 timeout -k120 -v 3600 julia +release --project=K/Krylov/Conjugate-Gradient-Solve -e using Pkg; @time @eval Pkg.precompile()"
	User time (seconds): 130.30
	System time (seconds): 5.64
	Percent of CPU this job got: 162%
	Elapsed (wall clock) time (h:mm:ss or m:ss): 1:23.44
	Average shared text size (kbytes): 0
	Average unshared data size (kbytes): 0
	Average stack size (kbytes): 0
	Average total size (kbytes): 0
	Maximum resident set size (kbytes): 2094856
	Average resident set size (kbytes): 0
	Major (requiring I/O) page faults: 130
	Minor (reclaiming a frame) page faults: 2036033
	Voluntary context switches: 6152
	Involuntary context switches: 3997
	Swaps: 0
	File system inputs: 0
	File system outputs: 357112
	Socket messages sent: 0
	Socket messages received: 0
	Signals delivered: 0
	Page size (bytes): 4096
	Exit status: 0
