nice: cannot set niceness: Permission denied
Precompiling packages...
  73295.8 ms  ✓ Pkg (serial)
  1 dependency successfully precompiled in 73 seconds
Precompiling packages...
    368.6 ms  ✓ Unicode
    401.8 ms  ✓ SuiteSparse_jll
    541.7 ms  ✓ Serialization
   3775.4 ms  ✓ SparseArrays
   5120.6 ms  ✓ Krylov
  5 dependencies successfully precompiled in 9 seconds. 1 already precompiled.
	Command being timed: "nice -n -10 timeout -k120 -v 3600 julia +1.12.2 --project=K/Krylov/Conjugate-Gradient-Solve -e using Pkg; @time @eval Pkg.precompile()"
	User time (seconds): 130.87
	System time (seconds): 5.58
	Percent of CPU this job got: 163%
	Elapsed (wall clock) time (h:mm:ss or m:ss): 1:23.40
	Average shared text size (kbytes): 0
	Average unshared data size (kbytes): 0
	Average stack size (kbytes): 0
	Average total size (kbytes): 0
	Maximum resident set size (kbytes): 2108496
	Average resident set size (kbytes): 0
	Major (requiring I/O) page faults: 136
	Minor (reclaiming a frame) page faults: 1988551
	Voluntary context switches: 5746
	Involuntary context switches: 3926
	Swaps: 0
	File system inputs: 0
	File system outputs: 357656
	Socket messages sent: 0
	Socket messages received: 0
	Signals delivered: 0
	Page size (bytes): 4096
	Exit status: 0
