nice: cannot set niceness: Permission denied
    Updating registry at `/workdir/depot/registries/General`
┌ Info: The General registry is installed via git. Consider reinstalling it via
│ the newer faster direct from tarball format by running:
│   pkg> registry rm General; registry add General
└ 
    Updating git-repo `/workdir/timetravel_registry/General`
    Updating `/tmp/tmp.fz7fkWUQu6/Julia-TTFX-Snippets/tasks/K/Krylov/Conjugate-Gradient-Solve/Project.toml`
  [ba0b0d4f] + Krylov v0.10.9
  [37e2e46d] ~ LinearAlgebra ⇒ v1.12.0
    Updating `/tmp/tmp.fz7fkWUQu6/Julia-TTFX-Snippets/tasks/K/Krylov/Conjugate-Gradient-Solve/Manifest.toml`
  [ba0b0d4f] + Krylov v0.10.9
  [56f22d72] + Artifacts v1.11.0
  [8f399da3] + Libdl v1.11.0
  [37e2e46d] ~ LinearAlgebra ⇒ v1.12.0
  [de0858da] + Printf v1.11.0
  [9a3f8284] + Random v1.11.0
  [ea8e919c] + SHA v0.7.0
  [9e88b42a] + Serialization v1.11.0
  [2f01184e] + SparseArrays v1.12.0
  [4ec0a83e] + Unicode v1.11.0
  [e66e0078] + CompilerSupportLibraries_jll v1.3.0+1
  [4536629a] + OpenBLAS_jll v0.3.29+0
  [bea87d4a] + SuiteSparse_jll v7.8.3+2
  [8e850b90] + libblastrampoline_jll v5.15.0+0
	Command being timed: "nice -n -10 timeout -k120 -v 3600 julia +release --project=K/Krylov/Conjugate-Gradient-Solve -e using Pkg; Pkg.instantiate()"
	User time (seconds): 4.79
	System time (seconds): 2.80
	Percent of CPU this job got: 118%
	Elapsed (wall clock) time (h:mm:ss or m:ss): 0:06.38
	Average shared text size (kbytes): 0
	Average unshared data size (kbytes): 0
	Average stack size (kbytes): 0
	Average total size (kbytes): 0
	Maximum resident set size (kbytes): 785836
	Average resident set size (kbytes): 0
	Major (requiring I/O) page faults: 0
	Minor (reclaiming a frame) page faults: 165262
	Voluntary context switches: 330
	Involuntary context switches: 92
	Swaps: 0
	File system inputs: 0
	File system outputs: 11976
	Socket messages sent: 0
	Socket messages received: 0
	Signals delivered: 0
	Page size (bytes): 4096
	Exit status: 0
