nice: cannot set niceness: Permission denied
Precompiling packages...
    386.9 ms  ✓ Unicode
    423.4 ms  ✓ Mmap
   1455.9 ms  ✓ Preferences
    446.8 ms  ✓ PrecompileTools
   5948.5 ms  ✓ SIMD
  10256.8 ms  ✓ KangarooTwelve
  6 dependencies successfully precompiled in 18 seconds. 3 already precompiled.
	Command being timed: "nice -n -10 timeout -k120 -v 3600 julia +nightly --project=K/KangarooTwelve/Hash-Nothing -e using Pkg; @time @eval Pkg.precompile()"
	User time (seconds): 149.74
	System time (seconds): 6.91
	Percent of CPU this job got: 127%
	Elapsed (wall clock) time (h:mm:ss or m:ss): 2:02.89
	Average shared text size (kbytes): 0
	Average unshared data size (kbytes): 0
	Average stack size (kbytes): 0
	Average total size (kbytes): 0
	Maximum resident set size (kbytes): 2291772
	Average resident set size (kbytes): 0
	Major (requiring I/O) page faults: 227
	Minor (reclaiming a frame) page faults: 2764898
	Voluntary context switches: 6221
	Involuntary context switches: 1194
	Swaps: 0
	File system inputs: 0
	File system outputs: 380592
	Socket messages sent: 0
	Socket messages received: 0
	Signals delivered: 0
	Page size (bytes): 4096
	Exit status: 0
