nice: cannot set niceness: Permission denied
Precompiling packages...
    587.6 ms  ✓ Mmap
    640.8 ms  ✓ Unicode
   1646.0 ms  ✓ Preferences
    508.9 ms  ✓ PrecompileTools
   9981.5 ms  ✓ SIMD
  14441.6 ms  ✓ KangarooTwelve
  6 dependencies successfully precompiled in 27 seconds. 3 already precompiled.
	Command being timed: "nice -n -10 timeout -k120 -v 3600 julia +alpha --project=K/KangarooTwelve/Hash-Nothing -e using Pkg; @time @eval Pkg.precompile()"
	User time (seconds): 215.92
	System time (seconds): 8.89
	Percent of CPU this job got: 127%
	Elapsed (wall clock) time (h:mm:ss or m:ss): 2:56.69
	Average shared text size (kbytes): 0
	Average unshared data size (kbytes): 0
	Average stack size (kbytes): 0
	Average total size (kbytes): 0
	Maximum resident set size (kbytes): 2637484
	Average resident set size (kbytes): 0
	Major (requiring I/O) page faults: 247
	Minor (reclaiming a frame) page faults: 2909943
	Voluntary context switches: 6152
	Involuntary context switches: 2313
	Swaps: 0
	File system inputs: 0
	File system outputs: 375920
	Socket messages sent: 0
	Socket messages received: 0
	Signals delivered: 0
	Page size (bytes): 4096
	Exit status: 0
