nice: cannot set niceness: Permission denied
Precompiling packages...
  74253.7 ms  ✓ Pkg (serial)
  1 dependency successfully precompiled in 74 seconds
Precompiling packages...
    357.4 ms  ✓ Unicode
    404.5 ms  ✓ Mmap
    511.4 ms  ✓ Preferences
    340.9 ms  ✓ PrecompileTools
   7209.0 ms  ✓ SIMD
   7581.6 ms  ✓ KangarooTwelve
  6 dependencies successfully precompiled in 16 seconds. 3 already precompiled.
	Command being timed: "nice -n -10 timeout -k120 -v 3600 julia +1.12.1 --project=K/KangarooTwelve/Hash-Nothing -e using Pkg; @time @eval Pkg.precompile()"
	User time (seconds): 146.64
	System time (seconds): 6.09
	Percent of CPU this job got: 167%
	Elapsed (wall clock) time (h:mm:ss or m:ss): 1:31.05
	Average shared text size (kbytes): 0
	Average unshared data size (kbytes): 0
	Average stack size (kbytes): 0
	Average total size (kbytes): 0
	Maximum resident set size (kbytes): 2084800
	Average resident set size (kbytes): 0
	Major (requiring I/O) page faults: 151
	Minor (reclaiming a frame) page faults: 2121726
	Voluntary context switches: 5952
	Involuntary context switches: 5069
	Swaps: 0
	File system inputs: 0
	File system outputs: 366536
	Socket messages sent: 0
	Socket messages received: 0
	Signals delivered: 0
	Page size (bytes): 4096
	Exit status: 0
