nice: cannot set niceness: Permission denied
Precompiling packages...
    360.2 ms  ✓ Unicode
    395.2 ms  ✓ Mmap
   1631.8 ms  ✓ Preferences
    412.2 ms  ✓ PrecompileTools
   6000.3 ms  ✓ SIMD
  10889.7 ms  ✓ KangarooTwelve
  6 dependencies successfully precompiled in 19 seconds. 3 already precompiled.
	Command being timed: "nice -n -10 timeout -k120 -v 3600 julia +alpha --project=K/KangarooTwelve/Hash-Nothing -e using Pkg; @time @eval Pkg.precompile()"
	User time (seconds): 158.92
	System time (seconds): 7.14
	Percent of CPU this job got: 127%
	Elapsed (wall clock) time (h:mm:ss or m:ss): 2:10.31
	Average shared text size (kbytes): 0
	Average unshared data size (kbytes): 0
	Average stack size (kbytes): 0
	Average total size (kbytes): 0
	Maximum resident set size (kbytes): 2598896
	Average resident set size (kbytes): 0
	Major (requiring I/O) page faults: 213
	Minor (reclaiming a frame) page faults: 2915281
	Voluntary context switches: 6526
	Involuntary context switches: 1360
	Swaps: 0
	File system inputs: 0
	File system outputs: 377512
	Socket messages sent: 0
	Socket messages received: 0
	Signals delivered: 0
	Page size (bytes): 4096
	Exit status: 0
