nice: cannot set niceness: Permission denied
Precompiling packages...
    374.2 ms  ✓ Unicode
    399.9 ms  ✓ Mmap
   1548.0 ms  ✓ Preferences
    357.0 ms  ✓ PrecompileTools
   6375.2 ms  ✓ SIMD
  10897.3 ms  ✓ KangarooTwelve
  6 dependencies successfully precompiled in 20 seconds. 3 already precompiled.
	Command being timed: "nice -n -10 timeout -k120 -v 3600 julia +alpha --project=K/KangarooTwelve/Hash-Nothing -e using Pkg; @time @eval Pkg.precompile()"
	User time (seconds): 160.46
	System time (seconds): 7.25
	Percent of CPU this job got: 126%
	Elapsed (wall clock) time (h:mm:ss or m:ss): 2:12.78
	Average shared text size (kbytes): 0
	Average unshared data size (kbytes): 0
	Average stack size (kbytes): 0
	Average total size (kbytes): 0
	Maximum resident set size (kbytes): 2744320
	Average resident set size (kbytes): 0
	Major (requiring I/O) page faults: 203
	Minor (reclaiming a frame) page faults: 2963766
	Voluntary context switches: 6539
	Involuntary context switches: 1451
	Swaps: 0
	File system inputs: 0
	File system outputs: 377160
	Socket messages sent: 0
	Socket messages received: 0
	Signals delivered: 0
	Page size (bytes): 4096
	Exit status: 0
