nice: cannot set niceness: Permission denied
    Updating registry at `/workdir/depot/registries/General`
┌ Info: The General registry is installed via git. Consider reinstalling it via
│ the newer faster direct from tarball format by running:
│   pkg> registry rm General; registry add General
└ 
    Updating git-repo `/workdir/timetravel_registry/General`
    Updating `/tmp/tmp.lx1EKuNMVG/Julia-TTFX-Snippets/tasks/K/KangarooTwelve/Hash-Nothing/Project.toml`
  [2a5dabf5] + KangarooTwelve v1.0.0
    Updating `/tmp/tmp.lx1EKuNMVG/Julia-TTFX-Snippets/tasks/K/KangarooTwelve/Hash-Nothing/Manifest.toml`
  [2a5dabf5] + KangarooTwelve v1.0.0
⌅ [aea7be01] + PrecompileTools v1.2.1
  [21216c6a] + Preferences v1.5.2
  [fdea26ae] + SIMD v3.7.2
  [ade2ca70] + Dates
  [a63ad114] + Mmap
  [de0858da] + Printf
  [fa267f1f] + TOML v1.0.3
  [4ec0a83e] + Unicode
        Info Packages marked with ⌅ have new versions available but compatibility constraints restrict them from upgrading. To see why use `status --outdated -m`
	Command being timed: "nice -n -10 timeout -k120 -v 3600 julia +lts --project=K/KangarooTwelve/Hash-Nothing -e using Pkg; Pkg.instantiate()"
	User time (seconds): 2.69
	System time (seconds): 2.72
	Percent of CPU this job got: 104%
	Elapsed (wall clock) time (h:mm:ss or m:ss): 0:05.18
	Average shared text size (kbytes): 0
	Average unshared data size (kbytes): 0
	Average stack size (kbytes): 0
	Average total size (kbytes): 0
	Maximum resident set size (kbytes): 375924
	Average resident set size (kbytes): 0
	Major (requiring I/O) page faults: 0
	Minor (reclaiming a frame) page faults: 57412
	Voluntary context switches: 97
	Involuntary context switches: 60
	Swaps: 0
	File system inputs: 0
	File system outputs: 3920
	Socket messages sent: 0
	Socket messages received: 0
	Signals delivered: 0
	Page size (bytes): 4096
	Exit status: 0
