nice: cannot set niceness: Permission denied
Precompiling packages...
  72391.3 ms  ✓ Pkg (serial)
  1 dependency successfully precompiled in 72 seconds
Precompiling packages...
    360.3 ms  ✓ Unicode
    376.2 ms  ✓ Mmap
    503.4 ms  ✓ Preferences
    328.7 ms  ✓ PrecompileTools
   7032.3 ms  ✓ SIMD
   7541.1 ms  ✓ KangarooTwelve
  6 dependencies successfully precompiled in 16 seconds. 3 already precompiled.
	Command being timed: "nice -n -10 timeout -k120 -v 3600 julia +release --project=K/KangarooTwelve/Hash-Nothing -e using Pkg; @time @eval Pkg.precompile()"
	User time (seconds): 142.83
	System time (seconds): 5.78
	Percent of CPU this job got: 167%
	Elapsed (wall clock) time (h:mm:ss or m:ss): 1:28.83
	Average shared text size (kbytes): 0
	Average unshared data size (kbytes): 0
	Average stack size (kbytes): 0
	Average total size (kbytes): 0
	Maximum resident set size (kbytes): 2097560
	Average resident set size (kbytes): 0
	Major (requiring I/O) page faults: 155
	Minor (reclaiming a frame) page faults: 2167940
	Voluntary context switches: 5908
	Involuntary context switches: 3708
	Swaps: 0
	File system inputs: 0
	File system outputs: 369232
	Socket messages sent: 0
	Socket messages received: 0
	Signals delivered: 0
	Page size (bytes): 4096
	Exit status: 0
