nice: cannot set niceness: Permission denied
Precompiling packages...
  73004.6 ms  ✓ Pkg (serial)
  1 dependency successfully precompiled in 73 seconds
Precompiling packages...
    351.1 ms  ✓ Unicode
    391.8 ms  ✓ Mmap
    507.3 ms  ✓ Preferences
    331.5 ms  ✓ PrecompileTools
   7125.9 ms  ✓ SIMD
   7394.4 ms  ✓ KangarooTwelve
  6 dependencies successfully precompiled in 16 seconds. 3 already precompiled.
	Command being timed: "nice -n -10 timeout -k120 -v 3600 julia +release --project=K/KangarooTwelve/Hash-Nothing -e using Pkg; @time @eval Pkg.precompile()"
	User time (seconds): 143.12
	System time (seconds): 6.17
	Percent of CPU this job got: 166%
	Elapsed (wall clock) time (h:mm:ss or m:ss): 1:29.42
	Average shared text size (kbytes): 0
	Average unshared data size (kbytes): 0
	Average stack size (kbytes): 0
	Average total size (kbytes): 0
	Maximum resident set size (kbytes): 2096020
	Average resident set size (kbytes): 0
	Major (requiring I/O) page faults: 154
	Minor (reclaiming a frame) page faults: 2222450
	Voluntary context switches: 6041
	Involuntary context switches: 4074
	Swaps: 0
	File system inputs: 0
	File system outputs: 368744
	Socket messages sent: 0
	Socket messages received: 0
	Signals delivered: 0
	Page size (bytes): 4096
	Exit status: 0
