nice: cannot set niceness: Permission denied
Precompiling packages...
  73262.5 ms  ✓ Pkg (serial)
  1 dependency successfully precompiled in 73 seconds
Precompiling packages...
    374.2 ms  ✓ Unicode
    395.9 ms  ✓ Mmap
    515.1 ms  ✓ Preferences
    344.9 ms  ✓ PrecompileTools
   7340.0 ms  ✓ SIMD
   7804.0 ms  ✓ KangarooTwelve
  6 dependencies successfully precompiled in 16 seconds. 3 already precompiled.
	Command being timed: "nice -n -10 timeout -k120 -v 3600 julia +release --project=K/KangarooTwelve/Hash-Nothing -e using Pkg; @time @eval Pkg.precompile()"
	User time (seconds): 144.75
	System time (seconds): 6.11
	Percent of CPU this job got: 166%
	Elapsed (wall clock) time (h:mm:ss or m:ss): 1:30.35
	Average shared text size (kbytes): 0
	Average unshared data size (kbytes): 0
	Average stack size (kbytes): 0
	Average total size (kbytes): 0
	Maximum resident set size (kbytes): 2096664
	Average resident set size (kbytes): 0
	Major (requiring I/O) page faults: 171
	Minor (reclaiming a frame) page faults: 2216481
	Voluntary context switches: 5971
	Involuntary context switches: 4183
	Swaps: 0
	File system inputs: 0
	File system outputs: 368720
	Socket messages sent: 0
	Socket messages received: 0
	Signals delivered: 0
	Page size (bytes): 4096
	Exit status: 0
