nice: cannot set niceness: Permission denied
Precompiling packages...
  75079.9 ms  ✓ Pkg (serial)
  1 dependency successfully precompiled in 75 seconds
Precompiling packages...
    355.6 ms  ✓ Unicode
    395.4 ms  ✓ Mmap
    515.1 ms  ✓ Preferences
    342.7 ms  ✓ PrecompileTools
   7517.1 ms  ✓ SIMD
   8067.6 ms  ✓ KangarooTwelve
  6 dependencies successfully precompiled in 17 seconds. 3 already precompiled.
	Command being timed: "nice -n -10 timeout -k120 -v 3600 julia +1.12.6 --project=K/KangarooTwelve/Hash-Nothing -e using Pkg; @time @eval Pkg.precompile()"
	User time (seconds): 149.85
	System time (seconds): 6.08
	Percent of CPU this job got: 167%
	Elapsed (wall clock) time (h:mm:ss or m:ss): 1:32.94
	Average shared text size (kbytes): 0
	Average unshared data size (kbytes): 0
	Average stack size (kbytes): 0
	Average total size (kbytes): 0
	Maximum resident set size (kbytes): 2154860
	Average resident set size (kbytes): 0
	Major (requiring I/O) page faults: 158
	Minor (reclaiming a frame) page faults: 2198972
	Voluntary context switches: 6357
	Involuntary context switches: 4443
	Swaps: 0
	File system inputs: 0
	File system outputs: 380640
	Socket messages sent: 0
	Socket messages received: 0
	Signals delivered: 0
	Page size (bytes): 4096
	Exit status: 0
