nice: cannot set niceness: Permission denied
Precompiling packages...
    381.0 ms  ✓ Unicode
    424.2 ms  ✓ Mmap
   1686.7 ms  ✓ Preferences
    367.4 ms  ✓ PrecompileTools
   5843.9 ms  ✓ SIMD
  10658.8 ms  ✓ KangarooTwelve
  6 dependencies successfully precompiled in 19 seconds. 3 already precompiled.
	Command being timed: "nice -n -10 timeout -k120 -v 3600 julia +nightly --project=K/KangarooTwelve/Hash-Nothing -e using Pkg; @time @eval Pkg.precompile()"
	User time (seconds): 177.00
	System time (seconds): 7.54
	Percent of CPU this job got: 125%
	Elapsed (wall clock) time (h:mm:ss or m:ss): 2:26.58
	Average shared text size (kbytes): 0
	Average unshared data size (kbytes): 0
	Average stack size (kbytes): 0
	Average total size (kbytes): 0
	Maximum resident set size (kbytes): 2504300
	Average resident set size (kbytes): 0
	Major (requiring I/O) page faults: 205
	Minor (reclaiming a frame) page faults: 2994226
	Voluntary context switches: 6442
	Involuntary context switches: 1460
	Swaps: 0
	File system inputs: 0
	File system outputs: 388104
	Socket messages sent: 0
	Socket messages received: 0
	Signals delivered: 0
	Page size (bytes): 4096
	Exit status: 0
