nice: cannot set niceness: Permission denied
Precompiling packages...
    386.4 ms  ✓ Unicode
    401.8 ms  ✓ Mmap
   1648.1 ms  ✓ Preferences
    355.3 ms  ✓ PrecompileTools
   5811.5 ms  ✓ SIMD
  10414.6 ms  ✓ KangarooTwelve
  6 dependencies successfully precompiled in 19 seconds. 3 already precompiled.
	Command being timed: "nice -n -10 timeout -k120 -v 3600 julia +nightly --project=K/KangarooTwelve/Hash-Nothing -e using Pkg; @time @eval Pkg.precompile()"
	User time (seconds): 176.00
	System time (seconds): 7.18
	Percent of CPU this job got: 125%
	Elapsed (wall clock) time (h:mm:ss or m:ss): 2:25.42
	Average shared text size (kbytes): 0
	Average unshared data size (kbytes): 0
	Average stack size (kbytes): 0
	Average total size (kbytes): 0
	Maximum resident set size (kbytes): 2530984
	Average resident set size (kbytes): 0
	Major (requiring I/O) page faults: 196
	Minor (reclaiming a frame) page faults: 3009029
	Voluntary context switches: 6427
	Involuntary context switches: 1424
	Swaps: 0
	File system inputs: 0
	File system outputs: 386160
	Socket messages sent: 0
	Socket messages received: 0
	Signals delivered: 0
	Page size (bytes): 4096
	Exit status: 0
