nice: cannot set niceness: Permission denied
Precompiling packages...
    735.4 ms  ✓ Preferences
    282.7 ms  ✓ PrecompileTools
   4912.3 ms  ✓ SIMD
   7730.9 ms  ✓ KangarooTwelve
  4 dependencies successfully precompiled in 14 seconds
	Command being timed: "nice -n -10 timeout -k120 -v 3600 julia +lts --project=K/KangarooTwelve/Hash-Nothing -e using Pkg; @time @eval Pkg.precompile()"
	User time (seconds): 22.04
	System time (seconds): 1.59
	Percent of CPU this job got: 155%
	Elapsed (wall clock) time (h:mm:ss or m:ss): 0:15.24
	Average shared text size (kbytes): 0
	Average unshared data size (kbytes): 0
	Average stack size (kbytes): 0
	Average total size (kbytes): 0
	Maximum resident set size (kbytes): 733004
	Average resident set size (kbytes): 0
	Major (requiring I/O) page faults: 25
	Minor (reclaiming a frame) page faults: 456296
	Voluntary context switches: 6181
	Involuntary context switches: 517
	Swaps: 0
	File system inputs: 0
	File system outputs: 95288
	Socket messages sent: 0
	Socket messages received: 0
	Signals delivered: 0
	Page size (bytes): 4096
	Exit status: 0
