nice: cannot set niceness: Permission denied
Precompiling packages...
  75489.4 ms  ✓ Pkg (serial)
  1 dependency successfully precompiled in 76 seconds
Precompiling packages...
    350.4 ms  ✓ Unicode
    390.5 ms  ✓ Mmap
    517.1 ms  ✓ Preferences
    349.9 ms  ✓ PrecompileTools
   7559.6 ms  ✓ SIMD
   8093.8 ms  ✓ KangarooTwelve
  6 dependencies successfully precompiled in 17 seconds. 3 already precompiled.
	Command being timed: "nice -n -10 timeout -k120 -v 3600 julia +1.12.6 --project=K/KangarooTwelve/Hash-Nothing -e using Pkg; @time @eval Pkg.precompile()"
	User time (seconds): 149.79
	System time (seconds): 6.05
	Percent of CPU this job got: 166%
	Elapsed (wall clock) time (h:mm:ss or m:ss): 1:33.38
	Average shared text size (kbytes): 0
	Average unshared data size (kbytes): 0
	Average stack size (kbytes): 0
	Average total size (kbytes): 0
	Maximum resident set size (kbytes): 2153612
	Average resident set size (kbytes): 0
	Major (requiring I/O) page faults: 150
	Minor (reclaiming a frame) page faults: 2198212
	Voluntary context switches: 6773
	Involuntary context switches: 3843
	Swaps: 0
	File system inputs: 0
	File system outputs: 379544
	Socket messages sent: 0
	Socket messages received: 0
	Signals delivered: 0
	Page size (bytes): 4096
	Exit status: 0
