nice: cannot set niceness: Permission denied
Precompiling packages...
    389.9 ms  ✓ Unicode
    424.3 ms  ✓ Mmap
   1394.6 ms  ✓ Preferences
    375.1 ms  ✓ PrecompileTools
   5819.2 ms  ✓ SIMD
  10235.0 ms  ✓ KangarooTwelve
  6 dependencies successfully precompiled in 18 seconds. 3 already precompiled.
	Command being timed: "nice -n -10 timeout -k120 -v 3600 julia +nightly --project=K/KangarooTwelve/Hash-Nothing -e using Pkg; @time @eval Pkg.precompile()"
	User time (seconds): 150.81
	System time (seconds): 6.82
	Percent of CPU this job got: 127%
	Elapsed (wall clock) time (h:mm:ss or m:ss): 2:03.62
	Average shared text size (kbytes): 0
	Average unshared data size (kbytes): 0
	Average stack size (kbytes): 0
	Average total size (kbytes): 0
	Maximum resident set size (kbytes): 2227704
	Average resident set size (kbytes): 0
	Major (requiring I/O) page faults: 152
	Minor (reclaiming a frame) page faults: 2735613
	Voluntary context switches: 6346
	Involuntary context switches: 1349
	Swaps: 0
	File system inputs: 0
	File system outputs: 382680
	Socket messages sent: 0
	Socket messages received: 0
	Signals delivered: 0
	Page size (bytes): 4096
	Exit status: 0
