nice: cannot set niceness: Permission denied
Precompiling packages...
    369.1 ms  ✓ Unicode
    408.4 ms  ✓ Mmap
   1548.8 ms  ✓ Preferences
    355.6 ms  ✓ PrecompileTools
   6302.2 ms  ✓ SIMD
  10884.5 ms  ✓ KangarooTwelve
  6 dependencies successfully precompiled in 19 seconds. 3 already precompiled.
	Command being timed: "nice -n -10 timeout -k120 -v 3600 julia +alpha --project=K/KangarooTwelve/Hash-Nothing -e using Pkg; @time @eval Pkg.precompile()"
	User time (seconds): 158.53
	System time (seconds): 7.15
	Percent of CPU this job got: 126%
	Elapsed (wall clock) time (h:mm:ss or m:ss): 2:10.65
	Average shared text size (kbytes): 0
	Average unshared data size (kbytes): 0
	Average stack size (kbytes): 0
	Average total size (kbytes): 0
	Maximum resident set size (kbytes): 2758012
	Average resident set size (kbytes): 0
	Major (requiring I/O) page faults: 189
	Minor (reclaiming a frame) page faults: 2948550
	Voluntary context switches: 6329
	Involuntary context switches: 1419
	Swaps: 0
	File system inputs: 0
	File system outputs: 377000
	Socket messages sent: 0
	Socket messages received: 0
	Signals delivered: 0
	Page size (bytes): 4096
	Exit status: 0
