nice: cannot set niceness: Permission denied
Precompiling packages...
  75143.1 ms  ✓ Pkg (serial)
  1 dependency successfully precompiled in 75 seconds
Precompiling packages...
    349.6 ms  ✓ Unicode
    387.7 ms  ✓ Mmap
    537.2 ms  ✓ Preferences
    344.0 ms  ✓ PrecompileTools
   7442.6 ms  ✓ SIMD
   8094.4 ms  ✓ KangarooTwelve
  6 dependencies successfully precompiled in 17 seconds. 3 already precompiled.
	Command being timed: "nice -n -10 timeout -k120 -v 3600 julia +release --project=K/KangarooTwelve/Hash-Nothing -e using Pkg; @time @eval Pkg.precompile()"
	User time (seconds): 148.65
	System time (seconds): 5.89
	Percent of CPU this job got: 166%
	Elapsed (wall clock) time (h:mm:ss or m:ss): 1:32.98
	Average shared text size (kbytes): 0
	Average unshared data size (kbytes): 0
	Average stack size (kbytes): 0
	Average total size (kbytes): 0
	Maximum resident set size (kbytes): 2149708
	Average resident set size (kbytes): 0
	Major (requiring I/O) page faults: 148
	Minor (reclaiming a frame) page faults: 2208517
	Voluntary context switches: 6348
	Involuntary context switches: 3739
	Swaps: 0
	File system inputs: 0
	File system outputs: 381032
	Socket messages sent: 0
	Socket messages received: 0
	Signals delivered: 0
	Page size (bytes): 4096
	Exit status: 0
