nice: cannot set niceness: Permission denied
Precompiling packages...
  73349.1 ms  ✓ Pkg (serial)
  1 dependency successfully precompiled in 73 seconds
Precompiling packages...
    355.4 ms  ✓ Unicode
    394.0 ms  ✓ Mmap
    509.4 ms  ✓ Preferences
    337.1 ms  ✓ PrecompileTools
   7284.5 ms  ✓ SIMD
   7667.5 ms  ✓ KangarooTwelve
  6 dependencies successfully precompiled in 16 seconds. 3 already precompiled.
	Command being timed: "nice -n -10 timeout -k120 -v 3600 julia +1.12.5 --project=K/KangarooTwelve/Hash-Nothing -e using Pkg; @time @eval Pkg.precompile()"
	User time (seconds): 143.95
	System time (seconds): 6.09
	Percent of CPU this job got: 166%
	Elapsed (wall clock) time (h:mm:ss or m:ss): 1:30.21
	Average shared text size (kbytes): 0
	Average unshared data size (kbytes): 0
	Average stack size (kbytes): 0
	Average total size (kbytes): 0
	Maximum resident set size (kbytes): 2148232
	Average resident set size (kbytes): 0
	Major (requiring I/O) page faults: 285
	Minor (reclaiming a frame) page faults: 2192015
	Voluntary context switches: 5869
	Involuntary context switches: 3521
	Swaps: 0
	File system inputs: 0
	File system outputs: 370064
	Socket messages sent: 0
	Socket messages received: 0
	Signals delivered: 0
	Page size (bytes): 4096
	Exit status: 0
