nice: cannot set niceness: Permission denied
Precompiling packages...
    713.6 ms  ✓ Preferences
    277.2 ms  ✓ PrecompileTools
   4766.8 ms  ✓ SIMD
   7657.1 ms  ✓ KangarooTwelve
  4 dependencies successfully precompiled in 14 seconds
	Command being timed: "nice -n -10 timeout -k120 -v 3600 julia +lts --project=K/KangarooTwelve/Hash-Nothing -e using Pkg; @time @eval Pkg.precompile()"
	User time (seconds): 22.06
	System time (seconds): 1.61
	Percent of CPU this job got: 156%
	Elapsed (wall clock) time (h:mm:ss or m:ss): 0:15.09
	Average shared text size (kbytes): 0
	Average unshared data size (kbytes): 0
	Average stack size (kbytes): 0
	Average total size (kbytes): 0
	Maximum resident set size (kbytes): 743188
	Average resident set size (kbytes): 0
	Major (requiring I/O) page faults: 30
	Minor (reclaiming a frame) page faults: 450488
	Voluntary context switches: 6180
	Involuntary context switches: 470
	Swaps: 0
	File system inputs: 0
	File system outputs: 98568
	Socket messages sent: 0
	Socket messages received: 0
	Signals delivered: 0
	Page size (bytes): 4096
	Exit status: 0
