nice: cannot set niceness: Permission denied
Precompiling packages...
    691.9 ms  ✓ Preferences
    261.1 ms  ✓ PrecompileTools
   4592.2 ms  ✓ SIMD
   7554.3 ms  ✓ KangarooTwelve
  4 dependencies successfully precompiled in 14 seconds
	Command being timed: "nice -n -10 timeout -k120 -v 3600 julia +lts --project=K/KangarooTwelve/Hash-Nothing -e using Pkg; @time @eval Pkg.precompile()"
	User time (seconds): 21.25
	System time (seconds): 1.57
	Percent of CPU this job got: 159%
	Elapsed (wall clock) time (h:mm:ss or m:ss): 0:14.34
	Average shared text size (kbytes): 0
	Average unshared data size (kbytes): 0
	Average stack size (kbytes): 0
	Average total size (kbytes): 0
	Maximum resident set size (kbytes): 743132
	Average resident set size (kbytes): 0
	Major (requiring I/O) page faults: 28
	Minor (reclaiming a frame) page faults: 450622
	Voluntary context switches: 6219
	Involuntary context switches: 394
	Swaps: 0
	File system inputs: 0
	File system outputs: 87000
	Socket messages sent: 0
	Socket messages received: 0
	Signals delivered: 0
	Page size (bytes): 4096
	Exit status: 0
