nice: cannot set niceness: Permission denied
Precompiling packages...
    379.8 ms  ✓ Unicode
    413.9 ms  ✓ Mmap
   1634.8 ms  ✓ Preferences
    362.0 ms  ✓ PrecompileTools
   5880.6 ms  ✓ SIMD
  10280.1 ms  ✓ KangarooTwelve
  6 dependencies successfully precompiled in 19 seconds. 3 already precompiled.
	Command being timed: "nice -n -10 timeout -k120 -v 3600 julia +nightly --project=K/KangarooTwelve/Hash-Nothing -e using Pkg; @time @eval Pkg.precompile()"
	User time (seconds): 166.07
	System time (seconds): 7.55
	Percent of CPU this job got: 129%
	Elapsed (wall clock) time (h:mm:ss or m:ss): 2:14.58
	Average shared text size (kbytes): 0
	Average unshared data size (kbytes): 0
	Average stack size (kbytes): 0
	Average total size (kbytes): 0
	Maximum resident set size (kbytes): 2564368
	Average resident set size (kbytes): 0
	Major (requiring I/O) page faults: 165
	Minor (reclaiming a frame) page faults: 3062435
	Voluntary context switches: 6329
	Involuntary context switches: 1672
	Swaps: 0
	File system inputs: 0
	File system outputs: 391320
	Socket messages sent: 0
	Socket messages received: 0
	Signals delivered: 0
	Page size (bytes): 4096
	Exit status: 0
