nice: cannot set niceness: Permission denied
Precompiling packages...
    715.2 ms  ✓ Preferences
    272.7 ms  ✓ PrecompileTools
   4686.2 ms  ✓ SIMD
   7744.5 ms  ✓ KangarooTwelve
  4 dependencies successfully precompiled in 14 seconds
	Command being timed: "nice -n -10 timeout -k120 -v 3600 julia +lts --project=K/KangarooTwelve/Hash-Nothing -e using Pkg; @time @eval Pkg.precompile()"
	User time (seconds): 21.90
	System time (seconds): 1.58
	Percent of CPU this job got: 156%
	Elapsed (wall clock) time (h:mm:ss or m:ss): 0:15.04
	Average shared text size (kbytes): 0
	Average unshared data size (kbytes): 0
	Average stack size (kbytes): 0
	Average total size (kbytes): 0
	Maximum resident set size (kbytes): 746608
	Average resident set size (kbytes): 0
	Major (requiring I/O) page faults: 38
	Minor (reclaiming a frame) page faults: 477997
	Voluntary context switches: 6153
	Involuntary context switches: 475
	Swaps: 0
	File system inputs: 8
	File system outputs: 97208
	Socket messages sent: 0
	Socket messages received: 0
	Signals delivered: 0
	Page size (bytes): 4096
	Exit status: 0
