nice: cannot set niceness: Permission denied
Precompiling packages...
    379.5 ms  ✓ Unicode
    414.9 ms  ✓ Mmap
   1677.4 ms  ✓ Preferences
    365.8 ms  ✓ PrecompileTools
   5820.8 ms  ✓ SIMD
  10506.6 ms  ✓ KangarooTwelve
  6 dependencies successfully precompiled in 19 seconds. 3 already precompiled.
	Command being timed: "nice -n -10 timeout -k120 -v 3600 julia +nightly --project=K/KangarooTwelve/Hash-Nothing -e using Pkg; @time @eval Pkg.precompile()"
	User time (seconds): 175.43
	System time (seconds): 7.46
	Percent of CPU this job got: 125%
	Elapsed (wall clock) time (h:mm:ss or m:ss): 2:25.36
	Average shared text size (kbytes): 0
	Average unshared data size (kbytes): 0
	Average stack size (kbytes): 0
	Average total size (kbytes): 0
	Maximum resident set size (kbytes): 2549848
	Average resident set size (kbytes): 0
	Major (requiring I/O) page faults: 338
	Minor (reclaiming a frame) page faults: 3035886
	Voluntary context switches: 6257
	Involuntary context switches: 1555
	Swaps: 0
	File system inputs: 0
	File system outputs: 388032
	Socket messages sent: 0
	Socket messages received: 0
	Signals delivered: 0
	Page size (bytes): 4096
	Exit status: 0
