nice: cannot set niceness: Permission denied
Precompiling packages...
  75573.8 ms  ✓ Pkg (serial)
  1 dependency successfully precompiled in 76 seconds
Precompiling packages...
    353.5 ms  ✓ Unicode
    389.4 ms  ✓ Mmap
    521.7 ms  ✓ Preferences
    341.0 ms  ✓ PrecompileTools
   7352.2 ms  ✓ SIMD
   7882.3 ms  ✓ KangarooTwelve
  6 dependencies successfully precompiled in 16 seconds. 3 already precompiled.
	Command being timed: "nice -n -10 timeout -k120 -v 3600 julia +1.12.6 --project=K/KangarooTwelve/Hash-Nothing -e using Pkg; @time @eval Pkg.precompile()"
	User time (seconds): 149.52
	System time (seconds): 6.01
	Percent of CPU this job got: 167%
	Elapsed (wall clock) time (h:mm:ss or m:ss): 1:32.96
	Average shared text size (kbytes): 0
	Average unshared data size (kbytes): 0
	Average stack size (kbytes): 0
	Average total size (kbytes): 0
	Maximum resident set size (kbytes): 2147216
	Average resident set size (kbytes): 0
	Major (requiring I/O) page faults: 170
	Minor (reclaiming a frame) page faults: 2193270
	Voluntary context switches: 6111
	Involuntary context switches: 3951
	Swaps: 0
	File system inputs: 0
	File system outputs: 376432
	Socket messages sent: 0
	Socket messages received: 0
	Signals delivered: 0
	Page size (bytes): 4096
	Exit status: 0
