Precompiling project...
    277.1 ms  ✓ Unicode
    336.4 ms  ✓ Mmap
    516.5 ms  ✓ Preferences
    333.6 ms  ✓ PrecompileTools
   5319.2 ms  ✓ SIMD
   8211.7 ms  ✓ KangarooTwelve
  6 dependencies successfully precompiled in 15 seconds. 3 already precompiled.
	Command being timed: "julia +1.11.5 --project=K/KangarooTwelve/Hash-Nothing -e using Pkg; @time @eval Pkg.precompile()"
	User time (seconds): 124.04
	System time (seconds): 5.38
	Percent of CPU this job got: 178%
	Elapsed (wall clock) time (h:mm:ss or m:ss): 1:12.31
	Average shared text size (kbytes): 0
	Average unshared data size (kbytes): 0
	Average stack size (kbytes): 0
	Average total size (kbytes): 0
	Maximum resident set size (kbytes): 2054352
	Average resident set size (kbytes): 0
	Major (requiring I/O) page faults: 126
	Minor (reclaiming a frame) page faults: 1814083
	Voluntary context switches: 37137
	Involuntary context switches: 2617
	Swaps: 0
	File system inputs: 0
	File system outputs: 446144
	Socket messages sent: 0
	Socket messages received: 0
	Signals delivered: 0
	Page size (bytes): 4096
	Exit status: 0
