Precompiling project...
    259.0 ms  ✓ Unicode
    295.4 ms  ✓ Mmap
    465.5 ms  ✓ Preferences
    292.5 ms  ✓ PrecompileTools
   4849.1 ms  ✓ SIMD
   7353.7 ms  ✓ KangarooTwelve
  6 dependencies successfully precompiled in 13 seconds. 3 already precompiled.
	Command being timed: "julia +1.11.5 --project=K/KangarooTwelve/Hash-Nothing -e using Pkg; @time @eval Pkg.precompile()"
	User time (seconds): 110.82
	System time (seconds): 5.15
	Percent of CPU this job got: 177%
	Elapsed (wall clock) time (h:mm:ss or m:ss): 1:05.27
	Average shared text size (kbytes): 0
	Average unshared data size (kbytes): 0
	Average stack size (kbytes): 0
	Average total size (kbytes): 0
	Maximum resident set size (kbytes): 2047872
	Average resident set size (kbytes): 0
	Major (requiring I/O) page faults: 141
	Minor (reclaiming a frame) page faults: 1805072
	Voluntary context switches: 37416
	Involuntary context switches: 2194
	Swaps: 0
	File system inputs: 0
	File system outputs: 446288
	Socket messages sent: 0
	Socket messages received: 0
	Signals delivered: 0
	Page size (bytes): 4096
	Exit status: 0
