nice: cannot set niceness: Permission denied
Precompiling packages...
    828.5 ms  ✓ PackageExtensionCompat
    888.8 ms  ✓ LaTeXStrings
    916.7 ms  ✓ Zlib_jll
    918.2 ms  ✓ Requires
   1057.8 ms  ✓ OrderedCollections
   1097.9 ms  ✓ Preferences
   1383.4 ms  ✓ Combinatorics
   1391.9 ms  ✓ Format
    313.2 ms  ✓ PrecompileTools
    349.1 ms  ✓ JLLWrappers
    367.9 ms  ✓ JpegTurbo_jll
   2074.3 ms  ✓ MacroTools
    621.3 ms  ✓ Ghostscript_jll
   1533.2 ms  ✓ Latexify
   7368.5 ms  ✓ QuantumAlgebra
  15 dependencies successfully precompiled in 12 seconds
	Command being timed: "nice -n -10 timeout -k120 -v 3600 julia +lts --project=Q/QuantumAlgebra/Commute-Two-Operators -e using Pkg; @time @eval Pkg.precompile()"
	User time (seconds): 22.55
	System time (seconds): 2.62
	Percent of CPU this job got: 195%
	Elapsed (wall clock) time (h:mm:ss or m:ss): 0:12.89
	Average shared text size (kbytes): 0
	Average unshared data size (kbytes): 0
	Average stack size (kbytes): 0
	Average total size (kbytes): 0
	Maximum resident set size (kbytes): 643900
	Average resident set size (kbytes): 0
	Major (requiring I/O) page faults: 97
	Minor (reclaiming a frame) page faults: 755646
	Voluntary context switches: 21862
	Involuntary context switches: 801
	Swaps: 0
	File system inputs: 656
	File system outputs: 90848
	Socket messages sent: 0
	Socket messages received: 0
	Signals delivered: 0
	Page size (bytes): 4096
	Exit status: 0
