nice: cannot set niceness: Permission denied
Precompiling packages...
    926.9 ms  ✓ LaTeXStrings
    967.8 ms  ✓ Zlib_jll
    985.0 ms  ✓ PackageExtensionCompat
    998.3 ms  ✓ Requires
   1101.0 ms  ✓ OrderedCollections
   1182.1 ms  ✓ Preferences
   1513.7 ms  ✓ Combinatorics
   1496.8 ms  ✓ Format
    336.8 ms  ✓ PrecompileTools
    387.0 ms  ✓ JLLWrappers
    400.3 ms  ✓ JpegTurbo_jll
   2171.1 ms  ✓ MacroTools
    650.3 ms  ✓ Ghostscript_jll
   1607.6 ms  ✓ Latexify
   7901.5 ms  ✓ QuantumAlgebra
  15 dependencies successfully precompiled in 13 seconds
	Command being timed: "nice -n -10 timeout -k120 -v 3600 julia +lts --project=Q/QuantumAlgebra/Commute-Two-Operators -e using Pkg; @time @eval Pkg.precompile()"
	User time (seconds): 24.27
	System time (seconds): 2.93
	Percent of CPU this job got: 196%
	Elapsed (wall clock) time (h:mm:ss or m:ss): 0:13.84
	Average shared text size (kbytes): 0
	Average unshared data size (kbytes): 0
	Average stack size (kbytes): 0
	Average total size (kbytes): 0
	Maximum resident set size (kbytes): 661656
	Average resident set size (kbytes): 0
	Major (requiring I/O) page faults: 53
	Minor (reclaiming a frame) page faults: 769871
	Voluntary context switches: 21294
	Involuntary context switches: 1376
	Swaps: 0
	File system inputs: 0
	File system outputs: 94680
	Socket messages sent: 0
	Socket messages received: 0
	Signals delivered: 0
	Page size (bytes): 4096
	Exit status: 0
