nice: cannot set niceness: Permission denied
Precompiling packages...
    443.7 ms  ✓ LaTeXStrings
    630.4 ms  ✓ OrderedCollections
    513.5 ms  ✓ Unicode
   1000.8 ms  ✓ Combinatorics
    470.5 ms  ✓ PackageExtensionCompat
   1350.4 ms  ✓ Format
    677.8 ms  ✓ Requires
   1197.1 ms  ✓ InteractiveUtils
   1711.8 ms  ✓ Preferences
    392.2 ms  ✓ PrecompileTools
    479.6 ms  ✓ JLLWrappers
    618.7 ms  ✓ JpegTurbo_jll
   4486.5 ms  ✓ MacroTools
    964.3 ms  ✓ Ghostscript_jll
   2544.9 ms  ✓ Latexify
  51548.2 ms  ✓ REPL
  19829.6 ms  ✓ QuantumAlgebra
  17 dependencies successfully precompiled in 74 seconds. 9 already precompiled.
	Command being timed: "nice -n -10 timeout -k120 -v 3600 julia +nightly --project=Q/QuantumAlgebra/Commute-Two-Operators -e using Pkg; @time @eval Pkg.precompile()"
	User time (seconds): 254.71
	System time (seconds): 10.86
	Percent of CPU this job got: 140%
	Elapsed (wall clock) time (h:mm:ss or m:ss): 3:09.51
	Average shared text size (kbytes): 0
	Average unshared data size (kbytes): 0
	Average stack size (kbytes): 0
	Average total size (kbytes): 0
	Maximum resident set size (kbytes): 2548608
	Average resident set size (kbytes): 0
	Major (requiring I/O) page faults: 391
	Minor (reclaiming a frame) page faults: 4408880
	Voluntary context switches: 9704
	Involuntary context switches: 2390
	Swaps: 0
	File system inputs: 0
	File system outputs: 554376
	Socket messages sent: 0
	Socket messages received: 0
	Signals delivered: 0
	Page size (bytes): 4096
	Exit status: 0
