nice: cannot set niceness: Permission denied
Precompiling packages...
    874.2 ms  ✓ LaTeXStrings
    878.9 ms  ✓ PackageExtensionCompat
    899.2 ms  ✓ Zlib_jll
    982.7 ms  ✓ Requires
   1047.1 ms  ✓ OrderedCollections
   1160.3 ms  ✓ Preferences
   1351.7 ms  ✓ Combinatorics
   1437.5 ms  ✓ Format
    326.4 ms  ✓ PrecompileTools
    366.9 ms  ✓ JLLWrappers
    445.3 ms  ✓ JpegTurbo_jll
   2064.4 ms  ✓ MacroTools
    613.4 ms  ✓ Ghostscript_jll
   1531.0 ms  ✓ Latexify
   7806.2 ms  ✓ QuantumAlgebra
  15 dependencies successfully precompiled in 13 seconds
	Command being timed: "nice -n -10 timeout -k120 -v 3600 julia +lts --project=Q/QuantumAlgebra/Commute-Two-Operators -e using Pkg; @time @eval Pkg.precompile()"
	User time (seconds): 23.60
	System time (seconds): 2.99
	Percent of CPU this job got: 193%
	Elapsed (wall clock) time (h:mm:ss or m:ss): 0:13.73
	Average shared text size (kbytes): 0
	Average unshared data size (kbytes): 0
	Average stack size (kbytes): 0
	Average total size (kbytes): 0
	Maximum resident set size (kbytes): 676500
	Average resident set size (kbytes): 0
	Major (requiring I/O) page faults: 49
	Minor (reclaiming a frame) page faults: 761922
	Voluntary context switches: 21795
	Involuntary context switches: 1129
	Swaps: 0
	File system inputs: 0
	File system outputs: 98384
	Socket messages sent: 0
	Socket messages received: 0
	Signals delivered: 0
	Page size (bytes): 4096
	Exit status: 0
