nice: cannot set niceness: Permission denied
Precompiling packages...
    786.0 ms  ✓ PackageExtensionCompat
    798.8 ms  ✓ Zlib_jll
    833.5 ms  ✓ LaTeXStrings
    921.9 ms  ✓ Requires
    995.5 ms  ✓ OrderedCollections
   1051.8 ms  ✓ Preferences
   1304.7 ms  ✓ Combinatorics
    315.3 ms  ✓ PrecompileTools
   1382.8 ms  ✓ Format
    349.1 ms  ✓ JLLWrappers
    385.0 ms  ✓ JpegTurbo_jll
   1966.8 ms  ✓ MacroTools
    636.9 ms  ✓ Ghostscript_jll
   1493.2 ms  ✓ Latexify
   7359.2 ms  ✓ QuantumAlgebra
  15 dependencies successfully precompiled in 12 seconds
	Command being timed: "nice -n -10 timeout -k120 -v 3600 julia +lts --project=Q/QuantumAlgebra/Commute-Two-Operators -e using Pkg; @time @eval Pkg.precompile()"
	User time (seconds): 22.39
	System time (seconds): 2.91
	Percent of CPU this job got: 199%
	Elapsed (wall clock) time (h:mm:ss or m:ss): 0:12.70
	Average shared text size (kbytes): 0
	Average unshared data size (kbytes): 0
	Average stack size (kbytes): 0
	Average total size (kbytes): 0
	Maximum resident set size (kbytes): 672512
	Average resident set size (kbytes): 0
	Major (requiring I/O) page faults: 65
	Minor (reclaiming a frame) page faults: 759593
	Voluntary context switches: 21676
	Involuntary context switches: 992
	Swaps: 0
	File system inputs: 0
	File system outputs: 86984
	Socket messages sent: 0
	Socket messages received: 0
	Signals delivered: 0
	Page size (bytes): 4096
	Exit status: 0
