nice: cannot set niceness: Permission denied
Precompiling packages...
  73136.1 ms  ✓ Pkg (serial)
  1 dependency successfully precompiled in 73 seconds
Precompiling packages...
    945.9 ms  ✓ PackageExtensionCompat
    948.1 ms  ✓ LaTeXStrings
    984.5 ms  ✓ Unicode
   1385.7 ms  ✓ Requires
   1855.2 ms  ✓ Combinatorics
    945.0 ms  ✓ Preferences
   2136.2 ms  ✓ Format
    459.3 ms  ✓ PrecompileTools
    553.2 ms  ✓ JLLWrappers
   2631.0 ms  ✓ OrderedCollections
   3011.5 ms  ✓ InteractiveUtils
    617.6 ms  ✓ JpegTurbo_jll
   3802.7 ms  ✓ MacroTools
   1138.7 ms  ✓ Ghostscript_jll
   3010.0 ms  ✓ Latexify
  24112.9 ms  ✓ REPL
  12698.1 ms  ✓ QuantumAlgebra
  17 dependencies successfully precompiled in 40 seconds. 9 already precompiled.
	Command being timed: "nice -n -10 timeout -k120 -v 3600 julia +release --project=Q/QuantumAlgebra/Commute-Two-Operators -e using Pkg; @time @eval Pkg.precompile()"
	User time (seconds): 206.22
	System time (seconds): 8.89
	Percent of CPU this job got: 189%
	Elapsed (wall clock) time (h:mm:ss or m:ss): 1:53.65
	Average shared text size (kbytes): 0
	Average unshared data size (kbytes): 0
	Average stack size (kbytes): 0
	Average total size (kbytes): 0
	Maximum resident set size (kbytes): 2173684
	Average resident set size (kbytes): 0
	Major (requiring I/O) page faults: 230
	Minor (reclaiming a frame) page faults: 3101600
	Voluntary context switches: 8975
	Involuntary context switches: 6255
	Swaps: 0
	File system inputs: 0
	File system outputs: 490536
	Socket messages sent: 0
	Socket messages received: 0
	Signals delivered: 0
	Page size (bytes): 4096
	Exit status: 0
