nice: cannot set niceness: Permission denied
Precompiling packages...
    786.5 ms  ✓ PackageExtensionCompat
    793.8 ms  ✓ LaTeXStrings
    791.0 ms  ✓ Zlib_jll
    903.4 ms  ✓ Requires
    984.3 ms  ✓ OrderedCollections
   1041.1 ms  ✓ Preferences
   1363.2 ms  ✓ Combinatorics
   1351.5 ms  ✓ Format
    338.6 ms  ✓ PrecompileTools
    377.8 ms  ✓ JLLWrappers
    386.3 ms  ✓ JpegTurbo_jll
   2038.1 ms  ✓ MacroTools
    641.7 ms  ✓ Ghostscript_jll
   1528.9 ms  ✓ Latexify
   7409.4 ms  ✓ QuantumAlgebra
  15 dependencies successfully precompiled in 12 seconds
	Command being timed: "nice -n -10 timeout -k120 -v 3600 julia +lts --project=Q/QuantumAlgebra/Commute-Two-Operators -e using Pkg; @time @eval Pkg.precompile()"
	User time (seconds): 22.58
	System time (seconds): 2.81
	Percent of CPU this job got: 196%
	Elapsed (wall clock) time (h:mm:ss or m:ss): 0:12.92
	Average shared text size (kbytes): 0
	Average unshared data size (kbytes): 0
	Average stack size (kbytes): 0
	Average total size (kbytes): 0
	Maximum resident set size (kbytes): 644128
	Average resident set size (kbytes): 0
	Major (requiring I/O) page faults: 58
	Minor (reclaiming a frame) page faults: 752065
	Voluntary context switches: 21770
	Involuntary context switches: 798
	Swaps: 0
	File system inputs: 0
	File system outputs: 92296
	Socket messages sent: 0
	Socket messages received: 0
	Signals delivered: 0
	Page size (bytes): 4096
	Exit status: 0
