nice: cannot set niceness: Permission denied
Precompiling packages...
    439.9 ms  ✓ LaTeXStrings
    632.7 ms  ✓ OrderedCollections
    514.9 ms  ✓ Unicode
   1026.6 ms  ✓ Combinatorics
    448.8 ms  ✓ PackageExtensionCompat
   1355.5 ms  ✓ Format
    688.3 ms  ✓ Requires
   1121.7 ms  ✓ InteractiveUtils
   1890.6 ms  ✓ Preferences
    401.5 ms  ✓ PrecompileTools
    485.8 ms  ✓ JLLWrappers
    618.8 ms  ✓ JpegTurbo_jll
   4729.2 ms  ✓ MacroTools
    988.2 ms  ✓ Ghostscript_jll
   2553.9 ms  ✓ Latexify
  56117.9 ms  ✓ REPL
  20659.9 ms  ✓ QuantumAlgebra
  17 dependencies successfully precompiled in 79 seconds. 9 already precompiled.
	Command being timed: "nice -n -10 timeout -k120 -v 3600 julia +nightly --project=Q/QuantumAlgebra/Commute-Two-Operators -e using Pkg; @time @eval Pkg.precompile()"
	User time (seconds): 270.74
	System time (seconds): 10.98
	Percent of CPU this job got: 136%
	Elapsed (wall clock) time (h:mm:ss or m:ss): 3:25.84
	Average shared text size (kbytes): 0
	Average unshared data size (kbytes): 0
	Average stack size (kbytes): 0
	Average total size (kbytes): 0
	Maximum resident set size (kbytes): 2522164
	Average resident set size (kbytes): 0
	Major (requiring I/O) page faults: 276
	Minor (reclaiming a frame) page faults: 4326797
	Voluntary context switches: 9399
	Involuntary context switches: 2402
	Swaps: 0
	File system inputs: 0
	File system outputs: 550184
	Socket messages sent: 0
	Socket messages received: 0
	Signals delivered: 0
	Page size (bytes): 4096
	Exit status: 0
