nice: cannot set niceness: Permission denied
Precompiling packages...
  73208.2 ms  ✓ Pkg (serial)
  1 dependency successfully precompiled in 73 seconds
Precompiling packages...
    824.6 ms  ✓ PackageExtensionCompat
    911.9 ms  ✓ LaTeXStrings
   1115.2 ms  ✓ Unicode
   1410.1 ms  ✓ Requires
   1742.9 ms  ✓ Combinatorics
    878.2 ms  ✓ Preferences
   2043.4 ms  ✓ Format
    441.8 ms  ✓ PrecompileTools
   2474.3 ms  ✓ OrderedCollections
    523.2 ms  ✓ JLLWrappers
   2986.8 ms  ✓ InteractiveUtils
    614.3 ms  ✓ JpegTurbo_jll
   3764.5 ms  ✓ MacroTools
   1140.7 ms  ✓ Ghostscript_jll
   2954.7 ms  ✓ Latexify
  24122.3 ms  ✓ REPL
  12631.5 ms  ✓ QuantumAlgebra
  17 dependencies successfully precompiled in 40 seconds. 9 already precompiled.
	Command being timed: "nice -n -10 timeout -k120 -v 3600 julia +release --project=Q/QuantumAlgebra/Commute-Two-Operators -e using Pkg; @time @eval Pkg.precompile()"
	User time (seconds): 206.40
	System time (seconds): 8.70
	Percent of CPU this job got: 189%
	Elapsed (wall clock) time (h:mm:ss or m:ss): 1:53.68
	Average shared text size (kbytes): 0
	Average unshared data size (kbytes): 0
	Average stack size (kbytes): 0
	Average total size (kbytes): 0
	Maximum resident set size (kbytes): 2095576
	Average resident set size (kbytes): 0
	Major (requiring I/O) page faults: 194
	Minor (reclaiming a frame) page faults: 3063872
	Voluntary context switches: 8197
	Involuntary context switches: 6474
	Swaps: 0
	File system inputs: 0
	File system outputs: 490856
	Socket messages sent: 0
	Socket messages received: 0
	Signals delivered: 0
	Page size (bytes): 4096
	Exit status: 0
