nice: cannot set niceness: Permission denied
timeout: sending signal TERM to command 'julia'

[800998] signal 15: Terminated
in expression starting at none:1
unknown function (ip: 0x7cb241696f14) at /lib/x86_64-linux-gnu/libc.so.6
pthread_cond_wait at /lib/x86_64-linux-gnu/libc.so.6 (unknown line)
uv_cond_wait at /workspace/srcdir/libuv/src/unix/thread.c:822
jl_parallel_gc_threadfun at /cache/build/builder-amdci5-4/julialang/julia-release-1-dot-12/src/gc-stock.c:3640
unknown function (ip: 0x7cb24169a1f4) at /lib/x86_64-linux-gnu/libc.so.6
unknown function (ip: 0x7cb24171a8db) at /lib/x86_64-linux-gnu/libc.so.6
unknown function (ip: (nil)) at (unknown file)
unknown function (ip: 0x7cb241696f14) at /lib/x86_64-linux-gnu/libc.so.6
pthread_cond_wait at /lib/x86_64-linux-gnu/libc.so.6 (unknown line)
uv_cond_wait at /workspace/srcdir/libuv/src/unix/thread.c:822
jl_parallel_gc_threadfun at /cache/build/builder-amdci5-4/julialang/julia-release-1-dot-12/src/gc-stock.c:3640
unknown function (ip: 0x7cb24169a1f4) at /lib/x86_64-linux-gnu/libc.so.6
unknown function (ip: 0x7cb24171a8db) at /lib/x86_64-linux-gnu/libc.so.6
unknown function (ip: (nil)) at (unknown file)
unknown function (ip: 0x7cb241696f14) at /lib/x86_64-linux-gnu/libc.so.6
pthread_cond_wait at /lib/x86_64-linux-gnu/libc.so.6 (unknown line)
uv_cond_wait at /workspace/srcdir/libuv/src/unix/thread.c:822
jl_parallel_gc_threadfun at /cache/build/builder-amdci5-4/julialang/julia-release-1-dot-12/src/gc-stock.c:3640
unknown function (ip: 0x7cb24169a1f4) at /lib/x86_64-linux-gnu/libc.so.6
unknown function (ip: 0x7cb24171a8db) at /lib/x86_64-linux-gnu/libc.so.6
unknown function (ip: (nil)) at (unknown file)
unknown function (ip: 0x7cb241696f14) at /lib/x86_64-linux-gnu/libc.so.6
pthread_cond_wait at /lib/x86_64-linux-gnu/libc.so.6 (unknown line)
uv_cond_wait at /workspace/srcdir/libuv/src/unix/thread.c:822
ijl_task_get_next at /cache/build/builder-amdci5-4/julialang/julia-release-1-dot-12/src/scheduler.c:523
poptask at ./task.jl:1216
wait at ./task.jl:1228
task_done_hook at ./task.jl:868
jfptr_task_done_hook_59905.1 at /root/.julia/juliaup/julia-1.12.6+0.x64.linux.gnu/lib/julia/sys.so (unknown line)
jl_apply at /cache/build/builder-amdci5-4/julialang/julia-release-1-dot-12/src/julia.h:2391 [inlined]
jl_finish_task at /cache/build/builder-amdci5-4/julialang/julia-release-1-dot-12/src/task.c:341
jl_threadfun at /cache/build/builder-amdci5-4/julialang/julia-release-1-dot-12/src/scheduler.c:122
unknown function (ip: 0x7cb24169a1f4) at /lib/x86_64-linux-gnu/libc.so.6
unknown function (ip: 0x7cb24171a8db) at /lib/x86_64-linux-gnu/libc.so.6
unknown function (ip: (nil)) at (unknown file)
unknown function (ip: 0x7cb241696f14) at /lib/x86_64-linux-gnu/libc.so.6
pthread_cond_wait at /lib/x86_64-linux-gnu/libc.so.6 (unknown line)
uv_cond_wait at /workspace/srcdir/libuv/src/unix/thread.c:822
ijl_task_get_next at /cache/build/builder-amdci5-4/julialang/julia-release-1-dot-12/src/scheduler.c:523
poptask at ./task.jl:1216
wait at ./task.jl:1228
task_done_hook at ./task.jl:868
jfptr_task_done_hook_59905.1 at /root/.julia/juliaup/julia-1.12.6+0.x64.linux.gnu/lib/julia/sys.so (unknown line)
jl_apply at /cache/build/builder-amdci5-4/julialang/julia-release-1-dot-12/src/julia.h:2391 [inlined]
jl_finish_task at /cache/build/builder-amdci5-4/julialang/julia-release-1-dot-12/src/task.c:341
jl_threadfun at /cache/build/builder-amdci5-4/julialang/julia-release-1-dot-12/src/scheduler.c:122
unknown function (ip: 0x7cb24169a1f4) at /lib/x86_64-linux-gnu/libc.so.6
unknown function (ip: 0x7cb24171a8db) at /lib/x86_64-linux-gnu/libc.so.6
unknown function (ip: (nil)) at (unknown file)
unknown function (ip: 0x7cb241696f14) at /lib/x86_64-linux-gnu/libc.so.6
pthread_cond_wait at /lib/x86_64-linux-gnu/libc.so.6 (unknown line)
uv_cond_wait at /workspace/srcdir/libuv/src/unix/thread.c:822
ijl_task_get_next at /cache/build/builder-amdci5-4/julialang/julia-release-1-dot-12/src/scheduler.c:523
poptask at ./task.jl:1216
wait at ./task.jl:1228
task_done_hook at ./task.jl:868
jfptr_task_done_hook_59905.1 at /root/.julia/juliaup/julia-1.12.6+0.x64.linux.gnu/lib/julia/sys.so (unknown line)
jl_apply at /cache/build/builder-amdci5-4/julialang/julia-release-1-dot-12/src/julia.h:2391 [inlined]
jl_finish_task at /cache/build/builder-amdci5-4/julialang/julia-release-1-dot-12/src/task.c:341
jl_threadfun at /cache/build/builder-amdci5-4/julialang/julia-release-1-dot-12/src/scheduler.c:122
unknown function (ip: 0x7cb24169a1f4) at /lib/x86_64-linux-gnu/libc.so.6
unknown function (ip: 0x7cb24171a8db) at /lib/x86_64-linux-gnu/libc.so.6
unknown function (ip: (nil)) at (unknown file)
unknown function (ip: 0x7cb241696f14) at /lib/x86_64-linux-gnu/libc.so.6
pthread_cond_wait at /lib/x86_64-linux-gnu/libc.so.6 (unknown line)
uv_cond_wait at /workspace/srcdir/libuv/src/unix/thread.c:822
ijl_task_get_next at /cache/build/builder-amdci5-4/julialang/julia-release-1-dot-12/src/scheduler.c:523
poptask at ./task.jl:1216
wait at ./task.jl:1228
#wait#398 at ./condition.jl:141
wait at ./condition.jl:136 [inlined]
_trywait at ./asyncevent.jl:185
profile_printing_listener at ./Base.jl:332
#start_profile_listener##0 at ./Base.jl:352
jfptr_YY.start_profile_listenerYY.YY.0_16003.1 at /root/.julia/juliaup/julia-1.12.6+0.x64.linux.gnu/lib/julia/sys.so (unknown line)
jl_apply at /cache/build/builder-amdci5-4/julialang/julia-release-1-dot-12/src/julia.h:2391 [inlined]
start_task at /cache/build/builder-amdci5-4/julialang/julia-release-1-dot-12/src/task.c:1252
unknown function (ip: (nil)) at (unknown file)
epoll_pwait at /lib/x86_64-linux-gnu/libc.so.6 (unknown line)
uv__io_poll at /workspace/srcdir/libuv/src/unix/linux.c:1404
uv_run at /workspace/srcdir/libuv/src/unix/core.c:430
ijl_task_get_next at /cache/build/builder-amdci5-4/julialang/julia-release-1-dot-12/src/scheduler.c:457
poptask at ./task.jl:1216
wait at ./task.jl:1228
#wait#398 at ./condition.jl:141
wait at ./condition.jl:136 [inlined]
_trywait at ./asyncevent.jl:185
#634 at ./asyncevent.jl:359
jfptr_YY.634_15147.1 at /root/.julia/juliaup/julia-1.12.6+0.x64.linux.gnu/lib/julia/sys.so (unknown line)
jl_apply at /cache/build/builder-amdci5-4/julialang/julia-release-1-dot-12/src/julia.h:2391 [inlined]
start_task at /cache/build/builder-amdci5-4/julialang/julia-release-1-dot-12/src/task.c:1252
unknown function (ip: (nil)) at (unknown file)
Allocations: 2274655 (Pool: 2274574; Big: 81); GC: 4
Precompiling packages...
  75396.4 ms  ✓ Pkg (serial)
  1 dependency successfully precompiled in 75 seconds
Precompiling packages...
   1014.7 ms  ✓ LaTeXStrings
   1036.1 ms  ✓ Unicode
   1049.8 ms  ✓ PackageExtensionCompat
   1650.2 ms  ✓ Requires
   1862.4 ms  ✓ Combinatorics
    989.9 ms  ✓ Preferences
   2253.3 ms  ✓ Format
    502.3 ms  ✓ PrecompileTools
    586.4 ms  ✓ JLLWrappers
   2658.3 ms  ✓ OrderedCollections
   3227.4 ms  ✓ InteractiveUtils
    634.9 ms  ✓ JpegTurbo_jll
   4087.6 ms  ✓ MacroTools
   1254.6 ms  ✓ Ghostscript_jll
   3288.0 ms  ✓ Latexify
Command exited with non-zero status 124
	Command being timed: "nice -n -10 timeout -k120 -v 3600 julia +1.12.6 --project=Q/QuantumAlgebra/Commute-Two-Operators -e using Pkg; @time @eval Pkg.precompile()"
	User time (seconds): 142.68
	System time (seconds): 7.32
	Percent of CPU this job got: 4%
	Elapsed (wall clock) time (h:mm:ss or m:ss): 1:00:00
	Average shared text size (kbytes): 0
	Average unshared data size (kbytes): 0
	Average stack size (kbytes): 0
	Average total size (kbytes): 0
	Maximum resident set size (kbytes): 2155248
	Average resident set size (kbytes): 0
	Major (requiring I/O) page faults: 172
	Minor (reclaiming a frame) page faults: 2470981
	Voluntary context switches: 8965
	Involuntary context switches: 4250
	Swaps: 0
	File system inputs: 800
	File system outputs: 345504
	Socket messages sent: 0
	Socket messages received: 0
	Signals delivered: 0
	Page size (bytes): 4096
	Exit status: 124
