nice: cannot set niceness: Permission denied
Precompiling packages...
    414.6 ms  ✓ LaTeXStrings
    625.2 ms  ✓ OrderedCollections
    486.6 ms  ✓ Unicode
    975.6 ms  ✓ Combinatorics
    443.5 ms  ✓ PackageExtensionCompat
   1197.9 ms  ✓ Format
    641.2 ms  ✓ Requires
   1089.1 ms  ✓ InteractiveUtils
   1727.0 ms  ✓ Preferences
    385.8 ms  ✓ PrecompileTools
    479.9 ms  ✓ JLLWrappers
    617.4 ms  ✓ JpegTurbo_jll
   4599.1 ms  ✓ MacroTools
    988.1 ms  ✓ Ghostscript_jll
   2559.6 ms  ✓ Latexify
  47373.1 ms  ✓ REPL
  17347.8 ms  ✓ QuantumAlgebra
  17 dependencies successfully precompiled in 67 seconds. 9 already precompiled.
	Command being timed: "nice -n -10 timeout -k120 -v 3600 julia +alpha --project=Q/QuantumAlgebra/Commute-Two-Operators -e using Pkg; @time @eval Pkg.precompile()"
	User time (seconds): 236.58
	System time (seconds): 10.24
	Percent of CPU this job got: 137%
	Elapsed (wall clock) time (h:mm:ss or m:ss): 2:59.31
	Average shared text size (kbytes): 0
	Average unshared data size (kbytes): 0
	Average stack size (kbytes): 0
	Average total size (kbytes): 0
	Maximum resident set size (kbytes): 2767164
	Average resident set size (kbytes): 0
	Major (requiring I/O) page faults: 240
	Minor (reclaiming a frame) page faults: 4200921
	Voluntary context switches: 9561
	Involuntary context switches: 2169
	Swaps: 0
	File system inputs: 0
	File system outputs: 528064
	Socket messages sent: 0
	Socket messages received: 0
	Signals delivered: 0
	Page size (bytes): 4096
	Exit status: 0
