nice: cannot set niceness: Permission denied
Precompiling packages...
   1344.4 ms  ✓ PackageExtensionCompat
   1370.3 ms  ✓ LaTeXStrings
   1367.3 ms  ✓ Zlib_jll
   1574.9 ms  ✓ Requires
   1680.2 ms  ✓ OrderedCollections
   1833.6 ms  ✓ Preferences
   2211.2 ms  ✓ Combinatorics
   2185.5 ms  ✓ Format
    540.8 ms  ✓ PrecompileTools
    585.3 ms  ✓ JLLWrappers
    779.5 ms  ✓ JpegTurbo_jll
   3413.1 ms  ✓ MacroTools
   1223.6 ms  ✓ Ghostscript_jll
   2224.1 ms  ✓ Latexify
   9848.1 ms  ✓ QuantumAlgebra
  15 dependencies successfully precompiled in 18 seconds
	Command being timed: "nice -n -10 timeout -k120 -v 3600 julia +lts --project=Q/QuantumAlgebra/Commute-Two-Operators -e using Pkg; @time @eval Pkg.precompile()"
	User time (seconds): 33.80
	System time (seconds): 3.38
	Percent of CPU this job got: 185%
	Elapsed (wall clock) time (h:mm:ss or m:ss): 0:20.00
	Average shared text size (kbytes): 0
	Average unshared data size (kbytes): 0
	Average stack size (kbytes): 0
	Average total size (kbytes): 0
	Maximum resident set size (kbytes): 675644
	Average resident set size (kbytes): 0
	Major (requiring I/O) page faults: 44
	Minor (reclaiming a frame) page faults: 745315
	Voluntary context switches: 20749
	Involuntary context switches: 14996
	Swaps: 0
	File system inputs: 0
	File system outputs: 96184
	Socket messages sent: 0
	Socket messages received: 0
	Signals delivered: 0
	Page size (bytes): 4096
	Exit status: 0
