nice: cannot set niceness: Permission denied
Precompiling packages...
    814.0 ms  ✓ PackageExtensionCompat
    922.3 ms  ✓ Zlib_jll
    971.8 ms  ✓ Requires
    982.9 ms  ✓ LaTeXStrings
   1054.0 ms  ✓ OrderedCollections
   1148.6 ms  ✓ Preferences
   1360.1 ms  ✓ Combinatorics
   1392.0 ms  ✓ Format
    324.5 ms  ✓ PrecompileTools
    361.6 ms  ✓ JLLWrappers
    395.2 ms  ✓ JpegTurbo_jll
   2099.8 ms  ✓ MacroTools
    655.9 ms  ✓ Ghostscript_jll
   1550.9 ms  ✓ Latexify
   7634.2 ms  ✓ QuantumAlgebra
  15 dependencies successfully precompiled in 12 seconds
	Command being timed: "nice -n -10 timeout -k120 -v 3600 julia +lts --project=Q/QuantumAlgebra/Commute-Two-Operators -e using Pkg; @time @eval Pkg.precompile()"
	User time (seconds): 23.10
	System time (seconds): 3.00
	Percent of CPU this job got: 195%
	Elapsed (wall clock) time (h:mm:ss or m:ss): 0:13.36
	Average shared text size (kbytes): 0
	Average unshared data size (kbytes): 0
	Average stack size (kbytes): 0
	Average total size (kbytes): 0
	Maximum resident set size (kbytes): 674388
	Average resident set size (kbytes): 0
	Major (requiring I/O) page faults: 47
	Minor (reclaiming a frame) page faults: 764529
	Voluntary context switches: 21350
	Involuntary context switches: 1194
	Swaps: 0
	File system inputs: 0
	File system outputs: 93416
	Socket messages sent: 0
	Socket messages received: 0
	Signals delivered: 0
	Page size (bytes): 4096
	Exit status: 0
