nice: cannot set niceness: Permission denied
Precompiling packages...
  73219.7 ms  ✓ Pkg (serial)
  1 dependency successfully precompiled in 73 seconds
Precompiling packages...
    845.6 ms  ✓ PackageExtensionCompat
    934.8 ms  ✓ LaTeXStrings
    945.5 ms  ✓ Unicode
   1507.5 ms  ✓ Requires
   1825.2 ms  ✓ Combinatorics
    973.3 ms  ✓ Preferences
   2141.1 ms  ✓ Format
    450.9 ms  ✓ PrecompileTools
    559.7 ms  ✓ JLLWrappers
   2599.4 ms  ✓ OrderedCollections
   3047.8 ms  ✓ InteractiveUtils
    605.2 ms  ✓ JpegTurbo_jll
   3791.3 ms  ✓ MacroTools
   1166.3 ms  ✓ Ghostscript_jll
   2927.3 ms  ✓ Latexify
  27097.3 ms  ✓ REPL
  12740.1 ms  ✓ QuantumAlgebra
  17 dependencies successfully precompiled in 43 seconds. 9 already precompiled.
	Command being timed: "nice -n -10 timeout -k120 -v 3600 julia +alpha --project=Q/QuantumAlgebra/Commute-Two-Operators -e using Pkg; @time @eval Pkg.precompile()"
	User time (seconds): 214.38
	System time (seconds): 8.19
	Percent of CPU this job got: 190%
	Elapsed (wall clock) time (h:mm:ss or m:ss): 1:56.84
	Average shared text size (kbytes): 0
	Average unshared data size (kbytes): 0
	Average stack size (kbytes): 0
	Average total size (kbytes): 0
	Maximum resident set size (kbytes): 2106724
	Average resident set size (kbytes): 0
	Major (requiring I/O) page faults: 214
	Minor (reclaiming a frame) page faults: 3059897
	Voluntary context switches: 8253
	Involuntary context switches: 7035
	Swaps: 0
	File system inputs: 0
	File system outputs: 496264
	Socket messages sent: 0
	Socket messages received: 0
	Signals delivered: 0
	Page size (bytes): 4096
	Exit status: 0
