nice: cannot set niceness: Permission denied
Precompiling packages...
  71829.1 ms  ✓ Pkg (serial)
  1 dependency successfully precompiled in 72 seconds
Precompiling packages...
    919.6 ms  ✓ PackageExtensionCompat
   1039.8 ms  ✓ Unicode
   1106.3 ms  ✓ LaTeXStrings
   1443.1 ms  ✓ Requires
   1803.3 ms  ✓ Combinatorics
    941.8 ms  ✓ Preferences
   2240.9 ms  ✓ Format
    481.0 ms  ✓ PrecompileTools
   2534.7 ms  ✓ OrderedCollections
    571.3 ms  ✓ JLLWrappers
   2977.3 ms  ✓ InteractiveUtils
    614.2 ms  ✓ JpegTurbo_jll
   3755.3 ms  ✓ MacroTools
   1124.4 ms  ✓ Ghostscript_jll
   2904.1 ms  ✓ Latexify
  23691.1 ms  ✓ REPL
  12679.3 ms  ✓ QuantumAlgebra
  17 dependencies successfully precompiled in 39 seconds. 9 already precompiled.
	Command being timed: "nice -n -10 timeout -k120 -v 3600 julia +release --project=Q/QuantumAlgebra/Commute-Two-Operators -e using Pkg; @time @eval Pkg.precompile()"
	User time (seconds): 203.89
	System time (seconds): 8.67
	Percent of CPU this job got: 189%
	Elapsed (wall clock) time (h:mm:ss or m:ss): 1:51.88
	Average shared text size (kbytes): 0
	Average unshared data size (kbytes): 0
	Average stack size (kbytes): 0
	Average total size (kbytes): 0
	Maximum resident set size (kbytes): 2137368
	Average resident set size (kbytes): 0
	Major (requiring I/O) page faults: 225
	Minor (reclaiming a frame) page faults: 3030789
	Voluntary context switches: 8970
	Involuntary context switches: 5466
	Swaps: 0
	File system inputs: 0
	File system outputs: 491240
	Socket messages sent: 0
	Socket messages received: 0
	Signals delivered: 0
	Page size (bytes): 4096
	Exit status: 0
