nice: cannot set niceness: Permission denied
Precompiling packages...
  75297.6 ms  ✓ Pkg (serial)
  1 dependency successfully precompiled in 75 seconds
Precompiling packages...
    924.3 ms  ✓ LaTeXStrings
   1016.9 ms  ✓ PackageExtensionCompat
   1139.3 ms  ✓ Unicode
   1431.2 ms  ✓ Requires
   1829.9 ms  ✓ Combinatorics
    895.6 ms  ✓ Preferences
   2148.8 ms  ✓ Format
    481.9 ms  ✓ PrecompileTools
   2575.2 ms  ✓ OrderedCollections
    557.8 ms  ✓ JLLWrappers
   3137.7 ms  ✓ InteractiveUtils
    630.2 ms  ✓ JpegTurbo_jll
   4041.2 ms  ✓ MacroTools
   1174.3 ms  ✓ Ghostscript_jll
   3099.4 ms  ✓ Latexify
  26009.3 ms  ✓ REPL
  13334.1 ms  ✓ QuantumAlgebra
  17 dependencies successfully precompiled in 42 seconds. 9 already precompiled.
	Command being timed: "nice -n -10 timeout -k120 -v 3600 julia +release --project=Q/QuantumAlgebra/Commute-Two-Operators -e using Pkg; @time @eval Pkg.precompile()"
	User time (seconds): 218.29
	System time (seconds): 8.70
	Percent of CPU this job got: 191%
	Elapsed (wall clock) time (h:mm:ss or m:ss): 1:58.77
	Average shared text size (kbytes): 0
	Average unshared data size (kbytes): 0
	Average stack size (kbytes): 0
	Average total size (kbytes): 0
	Maximum resident set size (kbytes): 2146124
	Average resident set size (kbytes): 0
	Major (requiring I/O) page faults: 227
	Minor (reclaiming a frame) page faults: 3086984
	Voluntary context switches: 8746
	Involuntary context switches: 5938
	Swaps: 0
	File system inputs: 0
	File system outputs: 505296
	Socket messages sent: 0
	Socket messages received: 0
	Signals delivered: 0
	Page size (bytes): 4096
	Exit status: 0
