nice: cannot set niceness: Permission denied
Precompiling packages...
    428.7 ms  ✓ LaTeXStrings
    636.1 ms  ✓ OrderedCollections
    486.9 ms  ✓ Unicode
    997.1 ms  ✓ Combinatorics
    444.0 ms  ✓ PackageExtensionCompat
   1294.6 ms  ✓ Format
    665.2 ms  ✓ Requires
   1215.1 ms  ✓ InteractiveUtils
   1694.1 ms  ✓ Preferences
    381.2 ms  ✓ PrecompileTools
    464.7 ms  ✓ JLLWrappers
    612.2 ms  ✓ JpegTurbo_jll
   4604.6 ms  ✓ MacroTools
    977.6 ms  ✓ Ghostscript_jll
   2587.8 ms  ✓ Latexify
  47771.2 ms  ✓ REPL
  17141.4 ms  ✓ QuantumAlgebra
  17 dependencies successfully precompiled in 67 seconds. 9 already precompiled.
	Command being timed: "nice -n -10 timeout -k120 -v 3600 julia +alpha --project=Q/QuantumAlgebra/Commute-Two-Operators -e using Pkg; @time @eval Pkg.precompile()"
	User time (seconds): 235.79
	System time (seconds): 10.41
	Percent of CPU this job got: 137%
	Elapsed (wall clock) time (h:mm:ss or m:ss): 2:59.22
	Average shared text size (kbytes): 0
	Average unshared data size (kbytes): 0
	Average stack size (kbytes): 0
	Average total size (kbytes): 0
	Maximum resident set size (kbytes): 2766364
	Average resident set size (kbytes): 0
	Major (requiring I/O) page faults: 244
	Minor (reclaiming a frame) page faults: 4191656
	Voluntary context switches: 8850
	Involuntary context switches: 2662
	Swaps: 0
	File system inputs: 0
	File system outputs: 527152
	Socket messages sent: 0
	Socket messages received: 0
	Signals delivered: 0
	Page size (bytes): 4096
	Exit status: 0
