nice: cannot set niceness: Permission denied
Precompiling packages...
  76242.4 ms  ✓ Pkg (serial)
  1 dependency successfully precompiled in 76 seconds
Precompiling packages...
    928.1 ms  ✓ PackageExtensionCompat
    929.5 ms  ✓ Unicode
    944.6 ms  ✓ LaTeXStrings
   1593.7 ms  ✓ Requires
   1817.4 ms  ✓ Combinatorics
   1023.2 ms  ✓ Preferences
   2152.7 ms  ✓ Format
    555.2 ms  ✓ PrecompileTools
    613.4 ms  ✓ JLLWrappers
   2669.3 ms  ✓ OrderedCollections
    628.0 ms  ✓ JpegTurbo_jll
   3232.8 ms  ✓ InteractiveUtils
   4040.2 ms  ✓ MacroTools
   1207.5 ms  ✓ Ghostscript_jll
   3103.2 ms  ✓ Latexify
  26228.2 ms  ✓ REPL
  13465.7 ms  ✓ QuantumAlgebra
  17 dependencies successfully precompiled in 43 seconds. 9 already precompiled.
	Command being timed: "nice -n -10 timeout -k120 -v 3600 julia +release --project=Q/QuantumAlgebra/Commute-Two-Operators -e using Pkg; @time @eval Pkg.precompile()"
	User time (seconds): 219.35
	System time (seconds): 8.88
	Percent of CPU this job got: 189%
	Elapsed (wall clock) time (h:mm:ss or m:ss): 2:00.16
	Average shared text size (kbytes): 0
	Average unshared data size (kbytes): 0
	Average stack size (kbytes): 0
	Average total size (kbytes): 0
	Maximum resident set size (kbytes): 2146024
	Average resident set size (kbytes): 0
	Major (requiring I/O) page faults: 268
	Minor (reclaiming a frame) page faults: 3099827
	Voluntary context switches: 8702
	Involuntary context switches: 10356
	Swaps: 0
	File system inputs: 0
	File system outputs: 505768
	Socket messages sent: 0
	Socket messages received: 0
	Signals delivered: 0
	Page size (bytes): 4096
	Exit status: 0
