nice: cannot set niceness: Permission denied
Precompiling packages...
    415.7 ms  ✓ LaTeXStrings
    651.8 ms  ✓ OrderedCollections
    472.5 ms  ✓ Unicode
   1026.8 ms  ✓ Combinatorics
    434.4 ms  ✓ PackageExtensionCompat
   1301.8 ms  ✓ Format
    665.4 ms  ✓ Requires
   1111.1 ms  ✓ InteractiveUtils
   1840.4 ms  ✓ Preferences
    571.2 ms  ✓ PrecompileTools
    652.9 ms  ✓ JLLWrappers
    801.8 ms  ✓ JpegTurbo_jll
   4468.7 ms  ✓ MacroTools
   1153.6 ms  ✓ Ghostscript_jll
   2746.5 ms  ✓ Latexify
  48435.0 ms  ✓ REPL
  17619.9 ms  ✓ QuantumAlgebra
  17 dependencies successfully precompiled in 68 seconds. 9 already precompiled.
	Command being timed: "nice -n -10 timeout -k120 -v 3600 julia +alpha --project=Q/QuantumAlgebra/Commute-Two-Operators -e using Pkg; @time @eval Pkg.precompile()"
	User time (seconds): 237.81
	System time (seconds): 10.35
	Percent of CPU this job got: 138%
	Elapsed (wall clock) time (h:mm:ss or m:ss): 2:59.30
	Average shared text size (kbytes): 0
	Average unshared data size (kbytes): 0
	Average stack size (kbytes): 0
	Average total size (kbytes): 0
	Maximum resident set size (kbytes): 2639480
	Average resident set size (kbytes): 0
	Major (requiring I/O) page faults: 222
	Minor (reclaiming a frame) page faults: 4173495
	Voluntary context switches: 9289
	Involuntary context switches: 2077
	Swaps: 0
	File system inputs: 0
	File system outputs: 529904
	Socket messages sent: 0
	Socket messages received: 0
	Signals delivered: 0
	Page size (bytes): 4096
	Exit status: 0
