nice: cannot set niceness: Permission denied
Precompiling packages...
  75332.2 ms  ✓ Pkg (serial)
  1 dependency successfully precompiled in 75 seconds
Precompiling packages...
    854.5 ms  ✓ PackageExtensionCompat
   1041.8 ms  ✓ LaTeXStrings
   1113.1 ms  ✓ Unicode
   1532.6 ms  ✓ Requires
   1865.0 ms  ✓ Combinatorics
    917.8 ms  ✓ Preferences
   2236.2 ms  ✓ Format
    511.2 ms  ✓ PrecompileTools
    578.8 ms  ✓ JLLWrappers
   2610.6 ms  ✓ OrderedCollections
   3148.3 ms  ✓ InteractiveUtils
    614.5 ms  ✓ JpegTurbo_jll
   4008.4 ms  ✓ MacroTools
   1142.5 ms  ✓ Ghostscript_jll
   3062.5 ms  ✓ Latexify
  26771.6 ms  ✓ REPL
  13081.9 ms  ✓ QuantumAlgebra
  17 dependencies successfully precompiled in 43 seconds. 9 already precompiled.
	Command being timed: "nice -n -10 timeout -k120 -v 3600 julia +1.12.6 --project=Q/QuantumAlgebra/Commute-Two-Operators -e using Pkg; @time @eval Pkg.precompile()"
	User time (seconds): 219.01
	System time (seconds): 8.84
	Percent of CPU this job got: 190%
	Elapsed (wall clock) time (h:mm:ss or m:ss): 1:59.36
	Average shared text size (kbytes): 0
	Average unshared data size (kbytes): 0
	Average stack size (kbytes): 0
	Average total size (kbytes): 0
	Maximum resident set size (kbytes): 2150500
	Average resident set size (kbytes): 0
	Major (requiring I/O) page faults: 203
	Minor (reclaiming a frame) page faults: 3096642
	Voluntary context switches: 8471
	Involuntary context switches: 6947
	Swaps: 0
	File system inputs: 0
	File system outputs: 506464
	Socket messages sent: 0
	Socket messages received: 0
	Signals delivered: 0
	Page size (bytes): 4096
	Exit status: 0
