nice: cannot set niceness: Permission denied
Precompiling packages...
  73448.9 ms  ✓ Pkg (serial)
  1 dependency successfully precompiled in 73 seconds
Precompiling packages...
    898.1 ms  ✓ PackageExtensionCompat
    990.1 ms  ✓ LaTeXStrings
   1054.1 ms  ✓ Unicode
   1406.8 ms  ✓ Requires
   1730.5 ms  ✓ Combinatorics
    892.9 ms  ✓ Preferences
   2084.7 ms  ✓ Format
    453.3 ms  ✓ PrecompileTools
   2492.2 ms  ✓ OrderedCollections
    533.8 ms  ✓ JLLWrappers
   3023.1 ms  ✓ InteractiveUtils
    603.4 ms  ✓ JpegTurbo_jll
   3728.7 ms  ✓ MacroTools
   1111.7 ms  ✓ Ghostscript_jll
   3051.9 ms  ✓ Latexify
  23869.9 ms  ✓ REPL
  12661.3 ms  ✓ QuantumAlgebra
  17 dependencies successfully precompiled in 40 seconds. 9 already precompiled.
	Command being timed: "nice -n -10 timeout -k120 -v 3600 julia +release --project=Q/QuantumAlgebra/Commute-Two-Operators -e using Pkg; @time @eval Pkg.precompile()"
	User time (seconds): 207.12
	System time (seconds): 8.50
	Percent of CPU this job got: 189%
	Elapsed (wall clock) time (h:mm:ss or m:ss): 1:53.84
	Average shared text size (kbytes): 0
	Average unshared data size (kbytes): 0
	Average stack size (kbytes): 0
	Average total size (kbytes): 0
	Maximum resident set size (kbytes): 2152264
	Average resident set size (kbytes): 0
	Major (requiring I/O) page faults: 229
	Minor (reclaiming a frame) page faults: 3063528
	Voluntary context switches: 9099
	Involuntary context switches: 5840
	Swaps: 0
	File system inputs: 0
	File system outputs: 495528
	Socket messages sent: 0
	Socket messages received: 0
	Signals delivered: 0
	Page size (bytes): 4096
	Exit status: 0
