nice: cannot set niceness: Permission denied
Precompiling packages...
  75051.9 ms  ✓ Pkg (serial)
  1 dependency successfully precompiled in 75 seconds
Precompiling packages...
    901.4 ms  ✓ PackageExtensionCompat
    993.9 ms  ✓ Unicode
   1018.5 ms  ✓ LaTeXStrings
   1531.9 ms  ✓ Requires
   1822.5 ms  ✓ Combinatorics
   1006.0 ms  ✓ Preferences
   2117.4 ms  ✓ Format
    466.4 ms  ✓ PrecompileTools
    551.1 ms  ✓ JLLWrappers
   2615.7 ms  ✓ OrderedCollections
   3156.5 ms  ✓ InteractiveUtils
    635.6 ms  ✓ JpegTurbo_jll
   4023.5 ms  ✓ MacroTools
   1172.1 ms  ✓ Ghostscript_jll
   3086.9 ms  ✓ Latexify
  24856.8 ms  ✓ REPL
  13186.1 ms  ✓ QuantumAlgebra
  17 dependencies successfully precompiled in 41 seconds. 9 already precompiled.
	Command being timed: "nice -n -10 timeout -k120 -v 3600 julia +release --project=Q/QuantumAlgebra/Commute-Two-Operators -e using Pkg; @time @eval Pkg.precompile()"
	User time (seconds): 213.03
	System time (seconds): 9.00
	Percent of CPU this job got: 189%
	Elapsed (wall clock) time (h:mm:ss or m:ss): 1:57.15
	Average shared text size (kbytes): 0
	Average unshared data size (kbytes): 0
	Average stack size (kbytes): 0
	Average total size (kbytes): 0
	Maximum resident set size (kbytes): 2149900
	Average resident set size (kbytes): 0
	Major (requiring I/O) page faults: 217
	Minor (reclaiming a frame) page faults: 3073562
	Voluntary context switches: 9398
	Involuntary context switches: 6350
	Swaps: 0
	File system inputs: 0
	File system outputs: 497672
	Socket messages sent: 0
	Socket messages received: 0
	Signals delivered: 0
	Page size (bytes): 4096
	Exit status: 0
