nice: cannot set niceness: Permission denied
Precompiling packages...
    882.4 ms  ✓ PackageExtensionCompat
    956.0 ms  ✓ Requires
    956.8 ms  ✓ Zlib_jll
    971.1 ms  ✓ LaTeXStrings
   1093.5 ms  ✓ OrderedCollections
   1159.3 ms  ✓ Preferences
   1364.7 ms  ✓ Combinatorics
   1383.0 ms  ✓ Format
    321.2 ms  ✓ PrecompileTools
    379.2 ms  ✓ JLLWrappers
    409.3 ms  ✓ JpegTurbo_jll
   2093.9 ms  ✓ MacroTools
    641.3 ms  ✓ Ghostscript_jll
   1569.7 ms  ✓ Latexify
   7687.3 ms  ✓ QuantumAlgebra
  15 dependencies successfully precompiled in 13 seconds
	Command being timed: "nice -n -10 timeout -k120 -v 3600 julia +lts --project=Q/QuantumAlgebra/Commute-Two-Operators -e using Pkg; @time @eval Pkg.precompile()"
	User time (seconds): 23.46
	System time (seconds): 2.90
	Percent of CPU this job got: 193%
	Elapsed (wall clock) time (h:mm:ss or m:ss): 0:13.64
	Average shared text size (kbytes): 0
	Average unshared data size (kbytes): 0
	Average stack size (kbytes): 0
	Average total size (kbytes): 0
	Maximum resident set size (kbytes): 674596
	Average resident set size (kbytes): 0
	Major (requiring I/O) page faults: 47
	Minor (reclaiming a frame) page faults: 766088
	Voluntary context switches: 21339
	Involuntary context switches: 1136
	Swaps: 0
	File system inputs: 0
	File system outputs: 97192
	Socket messages sent: 0
	Socket messages received: 0
	Signals delivered: 0
	Page size (bytes): 4096
	Exit status: 0
