nice: cannot set niceness: Permission denied
Precompiling packages...
    400.0 ms  ✓ LaTeXStrings
    639.9 ms  ✓ OrderedCollections
    488.1 ms  ✓ Unicode
    970.7 ms  ✓ Combinatorics
    450.8 ms  ✓ PackageExtensionCompat
   1289.3 ms  ✓ Format
    666.4 ms  ✓ Requires
   1118.6 ms  ✓ InteractiveUtils
   1790.7 ms  ✓ Preferences
    571.5 ms  ✓ PrecompileTools
    660.1 ms  ✓ JLLWrappers
    816.2 ms  ✓ JpegTurbo_jll
   4475.4 ms  ✓ MacroTools
   1141.2 ms  ✓ Ghostscript_jll
   2659.8 ms  ✓ Latexify
  47970.0 ms  ✓ REPL
  17283.5 ms  ✓ QuantumAlgebra
  17 dependencies successfully precompiled in 67 seconds. 9 already precompiled.
	Command being timed: "nice -n -10 timeout -k120 -v 3600 julia +alpha --project=Q/QuantumAlgebra/Commute-Two-Operators -e using Pkg; @time @eval Pkg.precompile()"
	User time (seconds): 237.14
	System time (seconds): 10.23
	Percent of CPU this job got: 138%
	Elapsed (wall clock) time (h:mm:ss or m:ss): 2:58.45
	Average shared text size (kbytes): 0
	Average unshared data size (kbytes): 0
	Average stack size (kbytes): 0
	Average total size (kbytes): 0
	Maximum resident set size (kbytes): 2646932
	Average resident set size (kbytes): 0
	Major (requiring I/O) page faults: 219
	Minor (reclaiming a frame) page faults: 4180347
	Voluntary context switches: 9494
	Involuntary context switches: 2289
	Swaps: 0
	File system inputs: 0
	File system outputs: 529104
	Socket messages sent: 0
	Socket messages received: 0
	Signals delivered: 0
	Page size (bytes): 4096
	Exit status: 0
