nice: cannot set niceness: Permission denied
Precompiling packages...
    425.2 ms  ✓ LaTeXStrings
    635.8 ms  ✓ OrderedCollections
    478.8 ms  ✓ Unicode
   1002.6 ms  ✓ Combinatorics
    441.9 ms  ✓ PackageExtensionCompat
   1204.2 ms  ✓ Format
    638.0 ms  ✓ Requires
   1086.2 ms  ✓ InteractiveUtils
   1671.2 ms  ✓ Preferences
    390.6 ms  ✓ PrecompileTools
    463.5 ms  ✓ JLLWrappers
    614.3 ms  ✓ JpegTurbo_jll
   4484.4 ms  ✓ MacroTools
    962.1 ms  ✓ Ghostscript_jll
   2627.4 ms  ✓ Latexify
  47918.6 ms  ✓ REPL
  17017.2 ms  ✓ QuantumAlgebra
  17 dependencies successfully precompiled in 67 seconds. 9 already precompiled.
	Command being timed: "nice -n -10 timeout -k120 -v 3600 julia +alpha --project=Q/QuantumAlgebra/Commute-Two-Operators -e using Pkg; @time @eval Pkg.precompile()"
	User time (seconds): 235.03
	System time (seconds): 10.25
	Percent of CPU this job got: 138%
	Elapsed (wall clock) time (h:mm:ss or m:ss): 2:57.68
	Average shared text size (kbytes): 0
	Average unshared data size (kbytes): 0
	Average stack size (kbytes): 0
	Average total size (kbytes): 0
	Maximum resident set size (kbytes): 2601204
	Average resident set size (kbytes): 0
	Major (requiring I/O) page faults: 256
	Minor (reclaiming a frame) page faults: 4150529
	Voluntary context switches: 10055
	Involuntary context switches: 2484
	Swaps: 0
	File system inputs: 0
	File system outputs: 528448
	Socket messages sent: 0
	Socket messages received: 0
	Signals delivered: 0
	Page size (bytes): 4096
	Exit status: 0
