nice: cannot set niceness: Permission denied
Precompiling packages...
  73923.8 ms  ✓ Pkg (serial)
  1 dependency successfully precompiled in 74 seconds
Precompiling packages...
    835.9 ms  ✓ PackageExtensionCompat
    941.0 ms  ✓ LaTeXStrings
    940.0 ms  ✓ Unicode
   1503.5 ms  ✓ Requires
   1759.6 ms  ✓ Combinatorics
    971.4 ms  ✓ Preferences
   2124.2 ms  ✓ Format
    461.1 ms  ✓ PrecompileTools
    554.2 ms  ✓ JLLWrappers
   2618.9 ms  ✓ OrderedCollections
   3063.6 ms  ✓ InteractiveUtils
    619.1 ms  ✓ JpegTurbo_jll
   3868.7 ms  ✓ MacroTools
   1148.3 ms  ✓ Ghostscript_jll
   3130.6 ms  ✓ Latexify
  24304.2 ms  ✓ REPL
  12779.4 ms  ✓ QuantumAlgebra
  17 dependencies successfully precompiled in 40 seconds. 9 already precompiled.
	Command being timed: "nice -n -10 timeout -k120 -v 3600 julia +release --project=Q/QuantumAlgebra/Commute-Two-Operators -e using Pkg; @time @eval Pkg.precompile()"
	User time (seconds): 208.42
	System time (seconds): 8.63
	Percent of CPU this job got: 189%
	Elapsed (wall clock) time (h:mm:ss or m:ss): 1:54.82
	Average shared text size (kbytes): 0
	Average unshared data size (kbytes): 0
	Average stack size (kbytes): 0
	Average total size (kbytes): 0
	Maximum resident set size (kbytes): 2156984
	Average resident set size (kbytes): 0
	Major (requiring I/O) page faults: 222
	Minor (reclaiming a frame) page faults: 3057205
	Voluntary context switches: 9721
	Involuntary context switches: 6285
	Swaps: 0
	File system inputs: 0
	File system outputs: 492672
	Socket messages sent: 0
	Socket messages received: 0
	Signals delivered: 0
	Page size (bytes): 4096
	Exit status: 0
