nice: cannot set niceness: Permission denied
Precompiling packages...
  75367.4 ms  ✓ Pkg (serial)
  1 dependency successfully precompiled in 75 seconds
Precompiling packages...
    833.5 ms  ✓ PackageExtensionCompat
    875.1 ms  ✓ LaTeXStrings
    874.2 ms  ✓ Unicode
   1559.9 ms  ✓ Requires
   1778.5 ms  ✓ Combinatorics
   1027.4 ms  ✓ Preferences
   2129.8 ms  ✓ Format
    495.3 ms  ✓ PrecompileTools
    597.7 ms  ✓ JLLWrappers
   2658.8 ms  ✓ OrderedCollections
    638.5 ms  ✓ JpegTurbo_jll
   3192.8 ms  ✓ InteractiveUtils
   3920.2 ms  ✓ MacroTools
   1183.7 ms  ✓ Ghostscript_jll
   3073.4 ms  ✓ Latexify
  26302.9 ms  ✓ REPL
  13178.4 ms  ✓ QuantumAlgebra
  17 dependencies successfully precompiled in 43 seconds. 9 already precompiled.
	Command being timed: "nice -n -10 timeout -k120 -v 3600 julia +1.12.6 --project=Q/QuantumAlgebra/Commute-Two-Operators -e using Pkg; @time @eval Pkg.precompile()"
	User time (seconds): 218.47
	System time (seconds): 8.73
	Percent of CPU this job got: 191%
	Elapsed (wall clock) time (h:mm:ss or m:ss): 1:58.95
	Average shared text size (kbytes): 0
	Average unshared data size (kbytes): 0
	Average stack size (kbytes): 0
	Average total size (kbytes): 0
	Maximum resident set size (kbytes): 2152980
	Average resident set size (kbytes): 0
	Major (requiring I/O) page faults: 233
	Minor (reclaiming a frame) page faults: 3094556
	Voluntary context switches: 8682
	Involuntary context switches: 6245
	Swaps: 0
	File system inputs: 0
	File system outputs: 503784
	Socket messages sent: 0
	Socket messages received: 0
	Signals delivered: 0
	Page size (bytes): 4096
	Exit status: 0
