nice: cannot set niceness: Permission denied
Precompiling packages...
  73052.0 ms  ✓ Pkg (serial)
  1 dependency successfully precompiled in 73 seconds
Precompiling packages...
    857.4 ms  ✓ PackageExtensionCompat
    870.2 ms  ✓ LaTeXStrings
   1068.0 ms  ✓ Unicode
   1412.2 ms  ✓ Requires
   1700.2 ms  ✓ Combinatorics
    887.7 ms  ✓ Preferences
   2077.9 ms  ✓ Format
    456.0 ms  ✓ PrecompileTools
    550.4 ms  ✓ JLLWrappers
   2521.2 ms  ✓ OrderedCollections
   3067.8 ms  ✓ InteractiveUtils
    611.6 ms  ✓ JpegTurbo_jll
   3696.6 ms  ✓ MacroTools
   1136.8 ms  ✓ Ghostscript_jll
   2952.2 ms  ✓ Latexify
  24101.5 ms  ✓ REPL
  12691.2 ms  ✓ QuantumAlgebra
  17 dependencies successfully precompiled in 40 seconds. 9 already precompiled.
	Command being timed: "nice -n -10 timeout -k120 -v 3600 julia +release --project=Q/QuantumAlgebra/Commute-Two-Operators -e using Pkg; @time @eval Pkg.precompile()"
	User time (seconds): 206.64
	System time (seconds): 8.57
	Percent of CPU this job got: 189%
	Elapsed (wall clock) time (h:mm:ss or m:ss): 1:53.61
	Average shared text size (kbytes): 0
	Average unshared data size (kbytes): 0
	Average stack size (kbytes): 0
	Average total size (kbytes): 0
	Maximum resident set size (kbytes): 2096544
	Average resident set size (kbytes): 0
	Major (requiring I/O) page faults: 382
	Minor (reclaiming a frame) page faults: 3073191
	Voluntary context switches: 8301
	Involuntary context switches: 6950
	Swaps: 0
	File system inputs: 0
	File system outputs: 489984
	Socket messages sent: 0
	Socket messages received: 0
	Signals delivered: 0
	Page size (bytes): 4096
	Exit status: 0
