nice: cannot set niceness: Permission denied
Precompiling packages...
  75664.1 ms  ✓ Pkg (serial)
  1 dependency successfully precompiled in 76 seconds
Precompiling packages...
    790.1 ms  ✓ PackageExtensionCompat
    860.9 ms  ✓ LaTeXStrings
    959.6 ms  ✓ Unicode
   1538.9 ms  ✓ Requires
   1880.8 ms  ✓ Combinatorics
    997.0 ms  ✓ Preferences
   2082.8 ms  ✓ Format
    461.6 ms  ✓ PrecompileTools
    543.2 ms  ✓ JLLWrappers
   2648.3 ms  ✓ OrderedCollections
   3075.9 ms  ✓ InteractiveUtils
    622.0 ms  ✓ JpegTurbo_jll
   3814.5 ms  ✓ MacroTools
   1158.1 ms  ✓ Ghostscript_jll
   3083.7 ms  ✓ Latexify
  26298.6 ms  ✓ REPL
  13308.4 ms  ✓ QuantumAlgebra
  17 dependencies successfully precompiled in 43 seconds. 9 already precompiled.
	Command being timed: "nice -n -10 timeout -k120 -v 3600 julia +release --project=Q/QuantumAlgebra/Commute-Two-Operators -e using Pkg; @time @eval Pkg.precompile()"
	User time (seconds): 218.59
	System time (seconds): 8.71
	Percent of CPU this job got: 190%
	Elapsed (wall clock) time (h:mm:ss or m:ss): 1:59.26
	Average shared text size (kbytes): 0
	Average unshared data size (kbytes): 0
	Average stack size (kbytes): 0
	Average total size (kbytes): 0
	Maximum resident set size (kbytes): 2145128
	Average resident set size (kbytes): 0
	Major (requiring I/O) page faults: 205
	Minor (reclaiming a frame) page faults: 3097357
	Voluntary context switches: 8409
	Involuntary context switches: 7157
	Swaps: 0
	File system inputs: 0
	File system outputs: 504016
	Socket messages sent: 0
	Socket messages received: 0
	Signals delivered: 0
	Page size (bytes): 4096
	Exit status: 0
