nice: cannot set niceness: Permission denied
Precompiling packages...
    872.1 ms  ✓ Zlib_jll
    882.7 ms  ✓ PackageExtensionCompat
    925.7 ms  ✓ LaTeXStrings
    969.9 ms  ✓ Requires
   1102.6 ms  ✓ OrderedCollections
   1114.8 ms  ✓ Preferences
   1374.2 ms  ✓ Combinatorics
    331.1 ms  ✓ PrecompileTools
   1454.5 ms  ✓ Format
    389.4 ms  ✓ JLLWrappers
    419.7 ms  ✓ JpegTurbo_jll
   2079.8 ms  ✓ MacroTools
    642.3 ms  ✓ Ghostscript_jll
   1552.1 ms  ✓ Latexify
   7732.8 ms  ✓ QuantumAlgebra
  15 dependencies successfully precompiled in 13 seconds
	Command being timed: "nice -n -10 timeout -k120 -v 3600 julia +lts --project=Q/QuantumAlgebra/Commute-Two-Operators -e using Pkg; @time @eval Pkg.precompile()"
	User time (seconds): 23.44
	System time (seconds): 2.82
	Percent of CPU this job got: 193%
	Elapsed (wall clock) time (h:mm:ss or m:ss): 0:13.60
	Average shared text size (kbytes): 0
	Average unshared data size (kbytes): 0
	Average stack size (kbytes): 0
	Average total size (kbytes): 0
	Maximum resident set size (kbytes): 654748
	Average resident set size (kbytes): 0
	Major (requiring I/O) page faults: 50
	Minor (reclaiming a frame) page faults: 765362
	Voluntary context switches: 21597
	Involuntary context switches: 1219
	Swaps: 0
	File system inputs: 0
	File system outputs: 96600
	Socket messages sent: 0
	Socket messages received: 0
	Signals delivered: 0
	Page size (bytes): 4096
	Exit status: 0
