nice: cannot set niceness: Permission denied
Precompiling packages...
  72033.4 ms  ✓ Pkg (serial)
  1 dependency successfully precompiled in 72 seconds
Precompiling packages...
    873.5 ms  ✓ PackageExtensionCompat
    893.0 ms  ✓ Unicode
   1075.5 ms  ✓ LaTeXStrings
   1494.6 ms  ✓ Requires
   1834.5 ms  ✓ Combinatorics
   1047.8 ms  ✓ Preferences
   2161.7 ms  ✓ Format
    468.1 ms  ✓ PrecompileTools
    560.0 ms  ✓ JLLWrappers
   2550.3 ms  ✓ OrderedCollections
   2954.1 ms  ✓ InteractiveUtils
    622.4 ms  ✓ JpegTurbo_jll
   3798.2 ms  ✓ MacroTools
   1138.1 ms  ✓ Ghostscript_jll
   2961.6 ms  ✓ Latexify
  24261.3 ms  ✓ REPL
  12556.0 ms  ✓ QuantumAlgebra
  17 dependencies successfully precompiled in 40 seconds. 9 already precompiled.
	Command being timed: "nice -n -10 timeout -k120 -v 3600 julia +1.12.4 --project=Q/QuantumAlgebra/Commute-Two-Operators -e using Pkg; @time @eval Pkg.precompile()"
	User time (seconds): 204.97
	System time (seconds): 8.73
	Percent of CPU this job got: 189%
	Elapsed (wall clock) time (h:mm:ss or m:ss): 1:52.51
	Average shared text size (kbytes): 0
	Average unshared data size (kbytes): 0
	Average stack size (kbytes): 0
	Average total size (kbytes): 0
	Maximum resident set size (kbytes): 2135016
	Average resident set size (kbytes): 0
	Major (requiring I/O) page faults: 226
	Minor (reclaiming a frame) page faults: 3038749
	Voluntary context switches: 8260
	Involuntary context switches: 5750
	Swaps: 0
	File system inputs: 0
	File system outputs: 490792
	Socket messages sent: 0
	Socket messages received: 0
	Signals delivered: 0
	Page size (bytes): 4096
	Exit status: 0
