nice: cannot set niceness: Permission denied
Precompiling packages...
  75397.7 ms  ✓ Pkg (serial)
  1 dependency successfully precompiled in 75 seconds
Precompiling packages...
    882.9 ms  ✓ PackageExtensionCompat
    982.4 ms  ✓ Unicode
   1091.3 ms  ✓ LaTeXStrings
   1570.4 ms  ✓ Requires
   1904.0 ms  ✓ Combinatorics
   1010.9 ms  ✓ Preferences
   2287.3 ms  ✓ Format
    523.8 ms  ✓ PrecompileTools
    605.1 ms  ✓ JLLWrappers
   2677.7 ms  ✓ OrderedCollections
   3167.1 ms  ✓ InteractiveUtils
    626.3 ms  ✓ JpegTurbo_jll
   4004.0 ms  ✓ MacroTools
   1174.6 ms  ✓ Ghostscript_jll
   3103.5 ms  ✓ Latexify
  31469.4 ms  ✓ REPL
  13883.2 ms  ✓ QuantumAlgebra
  17 dependencies successfully precompiled in 49 seconds. 9 already precompiled.
	Command being timed: "nice -n -10 timeout -k120 -v 3600 julia +1.12.6 --project=Q/QuantumAlgebra/Commute-Two-Operators -e using Pkg; @time @eval Pkg.precompile()"
	User time (seconds): 231.32
	System time (seconds): 9.08
	Percent of CPU this job got: 192%
	Elapsed (wall clock) time (h:mm:ss or m:ss): 2:05.00
	Average shared text size (kbytes): 0
	Average unshared data size (kbytes): 0
	Average stack size (kbytes): 0
	Average total size (kbytes): 0
	Maximum resident set size (kbytes): 2146368
	Average resident set size (kbytes): 0
	Major (requiring I/O) page faults: 222
	Minor (reclaiming a frame) page faults: 3120517
	Voluntary context switches: 9365
	Involuntary context switches: 6539
	Swaps: 0
	File system inputs: 0
	File system outputs: 512424
	Socket messages sent: 0
	Socket messages received: 0
	Signals delivered: 0
	Page size (bytes): 4096
	Exit status: 0
