nice: cannot set niceness: Permission denied
Precompiling packages...
    414.2 ms  ✓ LaTeXStrings
    619.9 ms  ✓ OrderedCollections
    486.7 ms  ✓ Unicode
   1011.3 ms  ✓ Combinatorics
    485.3 ms  ✓ PackageExtensionCompat
   1324.9 ms  ✓ Format
    708.7 ms  ✓ Requires
   1238.5 ms  ✓ InteractiveUtils
   1708.4 ms  ✓ Preferences
    393.2 ms  ✓ PrecompileTools
    468.3 ms  ✓ JLLWrappers
    612.3 ms  ✓ JpegTurbo_jll
   4665.8 ms  ✓ MacroTools
    987.7 ms  ✓ Ghostscript_jll
   2649.0 ms  ✓ Latexify
  48293.7 ms  ✓ REPL
  17357.1 ms  ✓ QuantumAlgebra
  17 dependencies successfully precompiled in 68 seconds. 9 already precompiled.
	Command being timed: "nice -n -10 timeout -k120 -v 3600 julia +alpha --project=Q/QuantumAlgebra/Commute-Two-Operators -e using Pkg; @time @eval Pkg.precompile()"
	User time (seconds): 237.92
	System time (seconds): 10.15
	Percent of CPU this job got: 137%
	Elapsed (wall clock) time (h:mm:ss or m:ss): 3:00.78
	Average shared text size (kbytes): 0
	Average unshared data size (kbytes): 0
	Average stack size (kbytes): 0
	Average total size (kbytes): 0
	Maximum resident set size (kbytes): 2763704
	Average resident set size (kbytes): 0
	Major (requiring I/O) page faults: 321
	Minor (reclaiming a frame) page faults: 4264907
	Voluntary context switches: 8869
	Involuntary context switches: 2244
	Swaps: 0
	File system inputs: 0
	File system outputs: 525816
	Socket messages sent: 0
	Socket messages received: 0
	Signals delivered: 0
	Page size (bytes): 4096
	Exit status: 0
