nice: cannot set niceness: Permission denied
Precompiling packages...
  72949.2 ms  ✓ Pkg (serial)
  1 dependency successfully precompiled in 73 seconds
Precompiling packages...
    879.8 ms  ✓ PackageExtensionCompat
    911.2 ms  ✓ Unicode
   1077.6 ms  ✓ LaTeXStrings
   1466.9 ms  ✓ Requires
   1800.7 ms  ✓ Combinatorics
   1006.4 ms  ✓ Preferences
   2176.9 ms  ✓ Format
    494.0 ms  ✓ PrecompileTools
    576.3 ms  ✓ JLLWrappers
   2554.9 ms  ✓ OrderedCollections
   3060.6 ms  ✓ InteractiveUtils
    620.9 ms  ✓ JpegTurbo_jll
   3726.7 ms  ✓ MacroTools
   1143.6 ms  ✓ Ghostscript_jll
   2990.3 ms  ✓ Latexify
  23897.0 ms  ✓ REPL
  12708.8 ms  ✓ QuantumAlgebra
  17 dependencies successfully precompiled in 40 seconds. 9 already precompiled.
	Command being timed: "nice -n -10 timeout -k120 -v 3600 julia +release --project=Q/QuantumAlgebra/Commute-Two-Operators -e using Pkg; @time @eval Pkg.precompile()"
	User time (seconds): 206.55
	System time (seconds): 8.80
	Percent of CPU this job got: 189%
	Elapsed (wall clock) time (h:mm:ss or m:ss): 1:53.38
	Average shared text size (kbytes): 0
	Average unshared data size (kbytes): 0
	Average stack size (kbytes): 0
	Average total size (kbytes): 0
	Maximum resident set size (kbytes): 2124348
	Average resident set size (kbytes): 0
	Major (requiring I/O) page faults: 374
	Minor (reclaiming a frame) page faults: 3034803
	Voluntary context switches: 8192
	Involuntary context switches: 6396
	Swaps: 0
	File system inputs: 0
	File system outputs: 492352
	Socket messages sent: 0
	Socket messages received: 0
	Signals delivered: 0
	Page size (bytes): 4096
	Exit status: 0
