nice: cannot set niceness: Permission denied
Precompiling packages...
  74990.7 ms  ✓ Pkg (serial)
  1 dependency successfully precompiled in 75 seconds
Precompiling packages...
    908.4 ms  ✓ PackageExtensionCompat
    926.2 ms  ✓ LaTeXStrings
   1091.4 ms  ✓ Unicode
   1380.4 ms  ✓ Requires
   1818.6 ms  ✓ Combinatorics
    894.7 ms  ✓ Preferences
   2106.3 ms  ✓ Format
    494.2 ms  ✓ PrecompileTools
    567.0 ms  ✓ JLLWrappers
   2555.1 ms  ✓ OrderedCollections
   3152.7 ms  ✓ InteractiveUtils
    623.5 ms  ✓ JpegTurbo_jll
   3937.0 ms  ✓ MacroTools
   1170.7 ms  ✓ Ghostscript_jll
   3186.3 ms  ✓ Latexify
  30026.4 ms  ✓ REPL
  13136.3 ms  ✓ QuantumAlgebra
  17 dependencies successfully precompiled in 46 seconds. 9 already precompiled.
	Command being timed: "nice -n -10 timeout -k120 -v 3600 julia +1.12.6 --project=Q/QuantumAlgebra/Commute-Two-Operators -e using Pkg; @time @eval Pkg.precompile()"
	User time (seconds): 223.77
	System time (seconds): 8.69
	Percent of CPU this job got: 190%
	Elapsed (wall clock) time (h:mm:ss or m:ss): 2:02.34
	Average shared text size (kbytes): 0
	Average unshared data size (kbytes): 0
	Average stack size (kbytes): 0
	Average total size (kbytes): 0
	Maximum resident set size (kbytes): 2146440
	Average resident set size (kbytes): 0
	Major (requiring I/O) page faults: 232
	Minor (reclaiming a frame) page faults: 3124203
	Voluntary context switches: 8548
	Involuntary context switches: 6184
	Swaps: 0
	File system inputs: 0
	File system outputs: 512120
	Socket messages sent: 0
	Socket messages received: 0
	Signals delivered: 0
	Page size (bytes): 4096
	Exit status: 0
