nice: cannot set niceness: Permission denied
Precompiling packages...
    845.5 ms  ✓ PackageExtensionCompat
    852.8 ms  ✓ Zlib_jll
    957.3 ms  ✓ LaTeXStrings
    998.5 ms  ✓ Requires
   1058.5 ms  ✓ OrderedCollections
   1150.9 ms  ✓ Preferences
   1448.0 ms  ✓ Combinatorics
   1466.5 ms  ✓ Format
    339.3 ms  ✓ PrecompileTools
    382.5 ms  ✓ JLLWrappers
    403.1 ms  ✓ JpegTurbo_jll
   2175.6 ms  ✓ MacroTools
    678.4 ms  ✓ Ghostscript_jll
   1562.2 ms  ✓ Latexify
   7665.2 ms  ✓ QuantumAlgebra
  15 dependencies successfully precompiled in 13 seconds
	Command being timed: "nice -n -10 timeout -k120 -v 3600 julia +lts --project=Q/QuantumAlgebra/Commute-Two-Operators -e using Pkg; @time @eval Pkg.precompile()"
	User time (seconds): 23.68
	System time (seconds): 2.83
	Percent of CPU this job got: 194%
	Elapsed (wall clock) time (h:mm:ss or m:ss): 0:13.62
	Average shared text size (kbytes): 0
	Average unshared data size (kbytes): 0
	Average stack size (kbytes): 0
	Average total size (kbytes): 0
	Maximum resident set size (kbytes): 673364
	Average resident set size (kbytes): 0
	Major (requiring I/O) page faults: 95
	Minor (reclaiming a frame) page faults: 775919
	Voluntary context switches: 22010
	Involuntary context switches: 1145
	Swaps: 0
	File system inputs: 16
	File system outputs: 97384
	Socket messages sent: 0
	Socket messages received: 0
	Signals delivered: 0
	Page size (bytes): 4096
	Exit status: 0
