nice: cannot set niceness: Permission denied
Precompiling packages...
    438.9 ms  ✓ LaTeXStrings
    643.3 ms  ✓ OrderedCollections
    504.8 ms  ✓ Unicode
   1031.6 ms  ✓ Combinatorics
    449.6 ms  ✓ PackageExtensionCompat
   1271.0 ms  ✓ Format
    679.5 ms  ✓ Requires
   1184.5 ms  ✓ InteractiveUtils
   1401.8 ms  ✓ Preferences
    400.2 ms  ✓ PrecompileTools
    495.1 ms  ✓ JLLWrappers
    635.9 ms  ✓ JpegTurbo_jll
   3786.9 ms  ✓ MacroTools
    984.4 ms  ✓ Ghostscript_jll
   2401.2 ms  ✓ Latexify
  43204.7 ms  ✓ REPL
  19889.1 ms  ✓ QuantumAlgebra
  17 dependencies successfully precompiled in 65 seconds. 9 already precompiled.
	Command being timed: "nice -n -10 timeout -k120 -v 3600 julia +nightly --project=Q/QuantumAlgebra/Commute-Two-Operators -e using Pkg; @time @eval Pkg.precompile()"
	User time (seconds): 226.89
	System time (seconds): 9.56
	Percent of CPU this job got: 139%
	Elapsed (wall clock) time (h:mm:ss or m:ss): 2:48.94
	Average shared text size (kbytes): 0
	Average unshared data size (kbytes): 0
	Average stack size (kbytes): 0
	Average total size (kbytes): 0
	Maximum resident set size (kbytes): 2237384
	Average resident set size (kbytes): 0
	Major (requiring I/O) page faults: 220
	Minor (reclaiming a frame) page faults: 3910482
	Voluntary context switches: 8889
	Involuntary context switches: 2060
	Swaps: 0
	File system inputs: 0
	File system outputs: 538864
	Socket messages sent: 0
	Socket messages received: 0
	Signals delivered: 0
	Page size (bytes): 4096
	Exit status: 0
