nice: cannot set niceness: Permission denied
Precompiling packages...
  73991.5 ms  ✓ Pkg (serial)
  1 dependency successfully precompiled in 74 seconds
Precompiling packages...
    828.3 ms  ✓ PackageExtensionCompat
    868.2 ms  ✓ LaTeXStrings
   1026.6 ms  ✓ Unicode
   1440.9 ms  ✓ Requires
   1730.9 ms  ✓ Combinatorics
    903.4 ms  ✓ Preferences
   2169.4 ms  ✓ Format
    476.9 ms  ✓ PrecompileTools
    574.1 ms  ✓ JLLWrappers
   2527.1 ms  ✓ OrderedCollections
   3059.8 ms  ✓ InteractiveUtils
    606.1 ms  ✓ JpegTurbo_jll
   3721.4 ms  ✓ MacroTools
   1122.9 ms  ✓ Ghostscript_jll
   3174.3 ms  ✓ Latexify
  24916.2 ms  ✓ REPL
  13238.1 ms  ✓ QuantumAlgebra
  17 dependencies successfully precompiled in 41 seconds. 9 already precompiled.
	Command being timed: "nice -n -10 timeout -k120 -v 3600 julia +1.12.5 --project=Q/QuantumAlgebra/Commute-Two-Operators -e using Pkg; @time @eval Pkg.precompile()"
	User time (seconds): 208.94
	System time (seconds): 8.82
	Percent of CPU this job got: 187%
	Elapsed (wall clock) time (h:mm:ss or m:ss): 1:55.97
	Average shared text size (kbytes): 0
	Average unshared data size (kbytes): 0
	Average stack size (kbytes): 0
	Average total size (kbytes): 0
	Maximum resident set size (kbytes): 2150600
	Average resident set size (kbytes): 0
	Major (requiring I/O) page faults: 222
	Minor (reclaiming a frame) page faults: 3061594
	Voluntary context switches: 8620
	Involuntary context switches: 5745
	Swaps: 0
	File system inputs: 0
	File system outputs: 493152
	Socket messages sent: 0
	Socket messages received: 0
	Signals delivered: 0
	Page size (bytes): 4096
	Exit status: 0
