nice: cannot set niceness: Permission denied
Precompiling packages...
    427.9 ms  ✓ LaTeXStrings
    644.7 ms  ✓ OrderedCollections
    472.0 ms  ✓ Unicode
    983.4 ms  ✓ Combinatorics
    429.2 ms  ✓ PackageExtensionCompat
   1206.8 ms  ✓ Format
    660.3 ms  ✓ Requires
   1197.8 ms  ✓ InteractiveUtils
   1678.2 ms  ✓ Preferences
    382.4 ms  ✓ PrecompileTools
    478.4 ms  ✓ JLLWrappers
    609.4 ms  ✓ JpegTurbo_jll
   4610.6 ms  ✓ MacroTools
    976.1 ms  ✓ Ghostscript_jll
   2568.8 ms  ✓ Latexify
  47540.4 ms  ✓ REPL
  17243.6 ms  ✓ QuantumAlgebra
  17 dependencies successfully precompiled in 67 seconds. 9 already precompiled.
	Command being timed: "nice -n -10 timeout -k120 -v 3600 julia +alpha --project=Q/QuantumAlgebra/Commute-Two-Operators -e using Pkg; @time @eval Pkg.precompile()"
	User time (seconds): 236.67
	System time (seconds): 10.27
	Percent of CPU this job got: 137%
	Elapsed (wall clock) time (h:mm:ss or m:ss): 2:59.87
	Average shared text size (kbytes): 0
	Average unshared data size (kbytes): 0
	Average stack size (kbytes): 0
	Average total size (kbytes): 0
	Maximum resident set size (kbytes): 2741444
	Average resident set size (kbytes): 0
	Major (requiring I/O) page faults: 227
	Minor (reclaiming a frame) page faults: 4199973
	Voluntary context switches: 9936
	Involuntary context switches: 2121
	Swaps: 0
	File system inputs: 0
	File system outputs: 527856
	Socket messages sent: 0
	Socket messages received: 0
	Signals delivered: 0
	Page size (bytes): 4096
	Exit status: 0
