nice: cannot set niceness: Permission denied
Precompiling packages...
   0.3 s  ✓ LaTeXStrings
   0.5 s  ✓ OrderedCollections
   0.3 s  ✓ Unicode
   0.7 s  ✓ Combinatorics
   0.3 s  ✓ PackageExtensionCompat
   0.9 s  ✓ Format
   0.6 s  ✓ Requires
   0.6 s  ✓ Preferences
   1.7 s  ✓ MacroTools
   1.1 s  ✓ InteractiveUtils
   0.5 s  ✓ PrecompileTools
   0.6 s  ✓ JLLWrappers
   0.7 s  ✓ JpegTurbo_jll
   1.1 s  ✓ Ghostscript_jll
   2.1 s  ✓ Latexify
  32.1 s  ✓ REPL
  12.0 s  ✓ QuantumAlgebra
  17 dependencies successfully precompiled in 46 seconds. 9 already precompiled.
	Command being timed: "nice -n -10 timeout -k120 -v 3600 julia +1.13.0 --project=Q/QuantumAlgebra/Commute-Two-Operators -e using Pkg; @time @eval Pkg.precompile()"
	User time (seconds): 175.72
	System time (seconds): 8.33
	Percent of CPU this job got: 147%
	Elapsed (wall clock) time (h:mm:ss or m:ss): 2:04.93
	Average shared text size (kbytes): 0
	Average unshared data size (kbytes): 0
	Average stack size (kbytes): 0
	Average total size (kbytes): 0
	Maximum resident set size (kbytes): 2091520
	Average resident set size (kbytes): 0
	Major (requiring I/O) page faults: 275
	Minor (reclaiming a frame) page faults: 3158995
	Voluntary context switches: 11542
	Involuntary context switches: 2198
	Swaps: 0
	File system inputs: 0
	File system outputs: 516232
	Socket messages sent: 0
	Socket messages received: 0
	Signals delivered: 0
	Page size (bytes): 4096
	Exit status: 0
