Precompiling project...
    717.6 ms  ✓ PackageExtensionCompat
    749.9 ms  ✓ LaTeXStrings
    860.9 ms  ✓ Unicode
   1048.5 ms  ✓ Requires
   1053.9 ms  ✓ OrderedCollections
   1436.3 ms  ✓ Combinatorics
   1617.0 ms  ✓ Format
    826.6 ms  ✓ Preferences
   1888.0 ms  ✓ InteractiveUtils
    330.4 ms  ✓ PrecompileTools
   2394.3 ms  ✓ MacroTools
   1931.2 ms  ✓ Latexify
   7464.4 ms  ✓ StyledStrings
  31088.7 ms  ✓ REPL
  10835.5 ms  ✓ QuantumAlgebra
  15 dependencies successfully precompiled in 49 seconds. 6 already precompiled.
	Command being timed: "julia +1.11.5 --project=Q/QuantumAlgebra/Commute-Two-Operators -e using Pkg; @time @eval Pkg.precompile()"
	User time (seconds): 185.44
	System time (seconds): 7.93
	Percent of CPU this job got: 190%
	Elapsed (wall clock) time (h:mm:ss or m:ss): 1:41.68
	Average shared text size (kbytes): 0
	Average unshared data size (kbytes): 0
	Average stack size (kbytes): 0
	Average total size (kbytes): 0
	Maximum resident set size (kbytes): 2031016
	Average resident set size (kbytes): 0
	Major (requiring I/O) page faults: 201
	Minor (reclaiming a frame) page faults: 2680460
	Voluntary context switches: 50245
	Involuntary context switches: 3915
	Swaps: 0
	File system inputs: 0
	File system outputs: 646352
	Socket messages sent: 0
	Socket messages received: 0
	Signals delivered: 0
	Page size (bytes): 4096
	Exit status: 0
