Precompiling project...
    694.9 ms  ✓ PackageExtensionCompat
    786.3 ms  ✓ LaTeXStrings
    784.0 ms  ✓ Unicode
    958.9 ms  ✓ Requires
   1165.7 ms  ✓ OrderedCollections
   1505.7 ms  ✓ Combinatorics
    847.8 ms  ✓ Preferences
   1689.1 ms  ✓ Format
   1912.1 ms  ✓ InteractiveUtils
    351.0 ms  ✓ PrecompileTools
   2360.4 ms  ✓ MacroTools
   1914.9 ms  ✓ Latexify
   7307.1 ms  ✓ StyledStrings
  30726.0 ms  ✓ REPL
  10770.1 ms  ✓ QuantumAlgebra
  15 dependencies successfully precompiled in 49 seconds. 6 already precompiled.
	Command being timed: "julia +1.11.5 --project=Q/QuantumAlgebra/Commute-Two-Operators -e using Pkg; @time @eval Pkg.precompile()"
	User time (seconds): 184.76
	System time (seconds): 7.96
	Percent of CPU this job got: 191%
	Elapsed (wall clock) time (h:mm:ss or m:ss): 1:40.81
	Average shared text size (kbytes): 0
	Average unshared data size (kbytes): 0
	Average stack size (kbytes): 0
	Average total size (kbytes): 0
	Maximum resident set size (kbytes): 2035288
	Average resident set size (kbytes): 0
	Major (requiring I/O) page faults: 201
	Minor (reclaiming a frame) page faults: 2672035
	Voluntary context switches: 50136
	Involuntary context switches: 4044
	Swaps: 0
	File system inputs: 0
	File system outputs: 646040
	Socket messages sent: 0
	Socket messages received: 0
	Signals delivered: 0
	Page size (bytes): 4096
	Exit status: 0
