nice: cannot set niceness: Permission denied
Precompiling packages...
    530.2 ms  ✓ ADTypes
    842.6 ms  ✓ DifferentiationInterface
  2 dependencies successfully precompiled in 1 seconds
	Command being timed: "nice -n -10 timeout -k120 -v 3600 julia +alpha --project=D/DifferentiationInterface/Jacobian-With-Finite-Differences -e using Pkg; @time @eval Pkg.precompile()"
	User time (seconds): 136.09
	System time (seconds): 6.18
	Percent of CPU this job got: 127%
	Elapsed (wall clock) time (h:mm:ss or m:ss): 1:51.60
	Average shared text size (kbytes): 0
	Average unshared data size (kbytes): 0
	Average stack size (kbytes): 0
	Average total size (kbytes): 0
	Maximum resident set size (kbytes): 2588692
	Average resident set size (kbytes): 0
	Major (requiring I/O) page faults: 146
	Minor (reclaiming a frame) page faults: 2533603
	Voluntary context switches: 6174
	Involuntary context switches: 1312
	Swaps: 0
	File system inputs: 0
	File system outputs: 328320
	Socket messages sent: 0
	Socket messages received: 0
	Signals delivered: 0
	Page size (bytes): 4096
	Exit status: 0
