nice: cannot set niceness: Permission denied
Precompiling packages...
    816.0 ms  ✓ ADTypes
    791.7 ms  ✓ DifferentiationInterface
  2 dependencies successfully precompiled in 2 seconds
	Command being timed: "nice -n -10 timeout -k120 -v 3600 julia +lts --project=D/DifferentiationInterface/Jacobian-With-Finite-Differences -e using Pkg; @time @eval Pkg.precompile()"
	User time (seconds): 3.03
	System time (seconds): 0.72
	Percent of CPU this job got: 116%
	Elapsed (wall clock) time (h:mm:ss or m:ss): 0:03.22
	Average shared text size (kbytes): 0
	Average unshared data size (kbytes): 0
	Average stack size (kbytes): 0
	Average total size (kbytes): 0
	Maximum resident set size (kbytes): 331304
	Average resident set size (kbytes): 0
	Major (requiring I/O) page faults: 4
	Minor (reclaiming a frame) page faults: 122917
	Voluntary context switches: 2709
	Involuntary context switches: 62
	Swaps: 0
	File system inputs: 0
	File system outputs: 10784
	Socket messages sent: 0
	Socket messages received: 0
	Signals delivered: 0
	Page size (bytes): 4096
	Exit status: 0
