nice: cannot set niceness: Permission denied
Precompiling packages...
 174839.5 ms  ✓ Pkg (serial)
  1 dependency successfully precompiled in 175 seconds
Precompiling packages...
   1045.7 ms  ✓ ADTypes
   3668.0 ms  ✓ DifferentiationInterface
  2 dependencies successfully precompiled in 5 seconds
	Command being timed: "nice -n -10 timeout -k120 -v 3600 julia +release --project=D/DifferentiationInterface/Jacobian-With-Finite-Differences -e using Pkg; @time @eval Pkg.precompile()"
	User time (seconds): 266.07
	System time (seconds): 8.45
	Percent of CPU this job got: 151%
	Elapsed (wall clock) time (h:mm:ss or m:ss): 3:01.15
	Average shared text size (kbytes): 0
	Average unshared data size (kbytes): 0
	Average stack size (kbytes): 0
	Average total size (kbytes): 0
	Maximum resident set size (kbytes): 2170312
	Average resident set size (kbytes): 0
	Major (requiring I/O) page faults: 97
	Minor (reclaiming a frame) page faults: 1886042
	Voluntary context switches: 5226
	Involuntary context switches: 31890
	Swaps: 0
	File system inputs: 0
	File system outputs: 314776
	Socket messages sent: 0
	Socket messages received: 0
	Signals delivered: 0
	Page size (bytes): 4096
	Exit status: 0
