nice: cannot set niceness: Permission denied
Precompiling packages...
  78836.6 ms  ✓ Pkg (serial)
  1 dependency successfully precompiled in 79 seconds
Precompiling packages...
    367.9 ms  ✓ CompilerSupportLibraries_jll
    558.2 ms  ✓ ADTypes
   1676.8 ms  ✓ DifferentiationInterface
  3 dependencies successfully precompiled in 2 seconds
	Command being timed: "nice -n -10 timeout -k120 -v 3600 julia +1.12.6 --project=D/DifferentiationInterface/Jacobian-With-Finite-Differences -e using Pkg; @time @eval Pkg.precompile()"
	User time (seconds): 134.47
	System time (seconds): 5.31
	Percent of CPU this job got: 170%
	Elapsed (wall clock) time (h:mm:ss or m:ss): 1:22.15
	Average shared text size (kbytes): 0
	Average unshared data size (kbytes): 0
	Average stack size (kbytes): 0
	Average total size (kbytes): 0
	Maximum resident set size (kbytes): 2170900
	Average resident set size (kbytes): 0
	Major (requiring I/O) page faults: 155
	Minor (reclaiming a frame) page faults: 1898771
	Voluntary context switches: 6064
	Involuntary context switches: 3481
	Swaps: 0
	File system inputs: 0
	File system outputs: 324456
	Socket messages sent: 0
	Socket messages received: 0
	Signals delivered: 0
	Page size (bytes): 4096
	Exit status: 0
