nice: cannot set niceness: Permission denied
Precompiling packages...
    542.1 ms  ✓ ADTypes
    819.5 ms  ✓ DifferentiationInterface
  2 dependencies successfully precompiled in 1 seconds
	Command being timed: "nice -n -10 timeout -k120 -v 3600 julia +nightly --project=D/DifferentiationInterface/Jacobian-With-Finite-Differences -e using Pkg; @time @eval Pkg.precompile()"
	User time (seconds): 128.10
	System time (seconds): 5.91
	Percent of CPU this job got: 127%
	Elapsed (wall clock) time (h:mm:ss or m:ss): 1:44.83
	Average shared text size (kbytes): 0
	Average unshared data size (kbytes): 0
	Average stack size (kbytes): 0
	Average total size (kbytes): 0
	Maximum resident set size (kbytes): 2197804
	Average resident set size (kbytes): 0
	Major (requiring I/O) page faults: 159
	Minor (reclaiming a frame) page faults: 2345749
	Voluntary context switches: 5399
	Involuntary context switches: 1081
	Swaps: 0
	File system inputs: 0
	File system outputs: 331792
	Socket messages sent: 0
	Socket messages received: 0
	Signals delivered: 0
	Page size (bytes): 4096
	Exit status: 0
