nice: cannot set niceness: Permission denied
Precompiling packages...
  73603.3 ms  ✓ Pkg (serial)
  1 dependency successfully precompiled in 74 seconds
Precompiling packages...
    527.5 ms  ✓ ADTypes
   1567.2 ms  ✓ DifferentiationInterface
  2 dependencies successfully precompiled in 2 seconds
	Command being timed: "nice -n -10 timeout -k120 -v 3600 julia +1.12.5 --project=D/DifferentiationInterface/Jacobian-With-Finite-Differences -e using Pkg; @time @eval Pkg.precompile()"
	User time (seconds): 122.82
	System time (seconds): 5.10
	Percent of CPU this job got: 167%
	Elapsed (wall clock) time (h:mm:ss or m:ss): 1:16.55
	Average shared text size (kbytes): 0
	Average unshared data size (kbytes): 0
	Average stack size (kbytes): 0
	Average total size (kbytes): 0
	Maximum resident set size (kbytes): 2154100
	Average resident set size (kbytes): 0
	Major (requiring I/O) page faults: 157
	Minor (reclaiming a frame) page faults: 1854729
	Voluntary context switches: 5416
	Involuntary context switches: 3681
	Swaps: 0
	File system inputs: 0
	File system outputs: 316872
	Socket messages sent: 0
	Socket messages received: 0
	Signals delivered: 0
	Page size (bytes): 4096
	Exit status: 0
