nice: cannot set niceness: Permission denied
Precompiling packages...
 102499.0 ms  ✓ Pkg (serial)
  1 dependency successfully precompiled in 103 seconds
Precompiling packages...
    714.2 ms  ✓ ADTypes
   2207.1 ms  ✓ DifferentiationInterface
  2 dependencies successfully precompiled in 3 seconds
	Command being timed: "nice -n -10 timeout -k120 -v 3600 julia +release --project=D/DifferentiationInterface/Jacobian-With-Finite-Differences -e using Pkg; @time @eval Pkg.precompile()"
	User time (seconds): 174.96
	System time (seconds): 6.03
	Percent of CPU this job got: 169%
	Elapsed (wall clock) time (h:mm:ss or m:ss): 1:46.59
	Average shared text size (kbytes): 0
	Average unshared data size (kbytes): 0
	Average stack size (kbytes): 0
	Average total size (kbytes): 0
	Maximum resident set size (kbytes): 2152052
	Average resident set size (kbytes): 0
	Major (requiring I/O) page faults: 130
	Minor (reclaiming a frame) page faults: 1857759
	Voluntary context switches: 5241
	Involuntary context switches: 13382
	Swaps: 0
	File system inputs: 224
	File system outputs: 315256
	Socket messages sent: 0
	Socket messages received: 0
	Signals delivered: 0
	Page size (bytes): 4096
	Exit status: 0
