nice: cannot set niceness: Permission denied
Precompiling packages...
   0.3 s  ✓ Unicode
   0.3 s  ✓ CompilerSupportLibraries_jll
   0.5 s  ✓ Preferences
   0.5 s  ✓ PrecompileTools
   0.8 s  ✓ ADTypes
   0.8 s  ✓ DifferentiationInterface
  6 dependencies successfully precompiled in 3 seconds. 3 already precompiled.
	Command being timed: "nice -n -10 timeout -k120 -v 3600 julia +release --project=D/DifferentiationInterface/Jacobian-With-Finite-Differences -e using Pkg; @time @eval Pkg.precompile()"
	User time (seconds): 106.42
	System time (seconds): 5.65
	Percent of CPU this job got: 137%
	Elapsed (wall clock) time (h:mm:ss or m:ss): 1:21.75
	Average shared text size (kbytes): 0
	Average unshared data size (kbytes): 0
	Average stack size (kbytes): 0
	Average total size (kbytes): 0
	Maximum resident set size (kbytes): 2109556
	Average resident set size (kbytes): 0
	Major (requiring I/O) page faults: 225
	Minor (reclaiming a frame) page faults: 2143639
	Voluntary context switches: 8123
	Involuntary context switches: 1256
	Swaps: 0
	File system inputs: 16
	File system outputs: 326680
	Socket messages sent: 0
	Socket messages received: 0
	Signals delivered: 0
	Page size (bytes): 4096
	Exit status: 0
