nice: cannot set niceness: Permission denied
Precompiling packages...
    703.5 ms  ✓ Preferences
    275.1 ms  ✓ PrecompileTools
    574.0 ms  ✓ ADTypes
    740.3 ms  ✓ DifferentiationInterface
  4 dependencies successfully precompiled in 3 seconds
	Command being timed: "nice -n -10 timeout -k120 -v 3600 julia +lts --project=D/DifferentiationInterface/Jacobian-With-Finite-Differences -e using Pkg; @time @eval Pkg.precompile()"
	User time (seconds): 3.61
	System time (seconds): 0.92
	Percent of CPU this job got: 113%
	Elapsed (wall clock) time (h:mm:ss or m:ss): 0:03.99
	Average shared text size (kbytes): 0
	Average unshared data size (kbytes): 0
	Average stack size (kbytes): 0
	Average total size (kbytes): 0
	Maximum resident set size (kbytes): 352268
	Average resident set size (kbytes): 0
	Major (requiring I/O) page faults: 14
	Minor (reclaiming a frame) page faults: 198422
	Voluntary context switches: 5438
	Involuntary context switches: 118
	Swaps: 0
	File system inputs: 0
	File system outputs: 24936
	Socket messages sent: 0
	Socket messages received: 0
	Signals delivered: 0
	Page size (bytes): 4096
	Exit status: 0
