nice: cannot set niceness: Permission denied
Precompiling packages...
   0.2 s  ✓ Unicode
   0.4 s  ✓ CompilerSupportLibraries_jll
   1.5 s  ✓ Preferences
   0.4 s  ✓ PrecompileTools
   0.7 s  ✓ ADTypes
   0.8 s  ✓ DifferentiationInterface
  6 dependencies successfully precompiled in 4 seconds. 3 already precompiled.
	Command being timed: "nice -n -10 timeout -k120 -v 3600 julia +alpha --project=D/DifferentiationInterface/Jacobian-With-Finite-Differences -e using Pkg; @time @eval Pkg.precompile()"
	User time (seconds): 133.82
	System time (seconds): 6.77
	Percent of CPU this job got: 129%
	Elapsed (wall clock) time (h:mm:ss or m:ss): 1:48.91
	Average shared text size (kbytes): 0
	Average unshared data size (kbytes): 0
	Average stack size (kbytes): 0
	Average total size (kbytes): 0
	Maximum resident set size (kbytes): 2628280
	Average resident set size (kbytes): 0
	Major (requiring I/O) page faults: 192
	Minor (reclaiming a frame) page faults: 2715850
	Voluntary context switches: 8389
	Involuntary context switches: 1609
	Swaps: 0
	File system inputs: 0
	File system outputs: 333632
	Socket messages sent: 0
	Socket messages received: 0
	Signals delivered: 0
	Page size (bytes): 4096
	Exit status: 0
