nice: cannot set niceness: Permission denied
Precompiling packages...
  75615.9 ms  ✓ Pkg (serial)
  1 dependency successfully precompiled in 76 seconds
Precompiling packages...
    361.2 ms  ✓ Unicode
    377.5 ms  ✓ CompilerSupportLibraries_jll
    522.8 ms  ✓ Preferences
    341.7 ms  ✓ PrecompileTools
    695.0 ms  ✓ ADTypes
   1604.3 ms  ✓ DifferentiationInterface
  6 dependencies successfully precompiled in 4 seconds. 3 already precompiled.
  3 dependencies precompiled but different versions are currently loaded (Dates, Printf and TOML). Restart julia to access the new versions. Otherwise, 4 dependents of these packages may trigger further precompilation to work with the unexpected versions.
	Command being timed: "nice -n -10 timeout -k120 -v 3600 julia +release --project=D/DifferentiationInterface/Jacobian-With-Finite-Differences -e using Pkg; @time @eval Pkg.precompile()"
	User time (seconds): 129.01
	System time (seconds): 5.48
	Percent of CPU this job got: 167%
	Elapsed (wall clock) time (h:mm:ss or m:ss): 1:20.21
	Average shared text size (kbytes): 0
	Average unshared data size (kbytes): 0
	Average stack size (kbytes): 0
	Average total size (kbytes): 0
	Maximum resident set size (kbytes): 2173832
	Average resident set size (kbytes): 0
	Major (requiring I/O) page faults: 151
	Minor (reclaiming a frame) page faults: 2023893
	Voluntary context switches: 6339
	Involuntary context switches: 3707
	Swaps: 0
	File system inputs: 0
	File system outputs: 329368
	Socket messages sent: 0
	Socket messages received: 0
	Signals delivered: 0
	Page size (bytes): 4096
	Exit status: 0
