nice: cannot set niceness: Permission denied
Precompiling packages...
    480.3 ms  ✓ StaticArraysCore
    502.7 ms  ✓ Inflate
    660.4 ms  ✓ Serialization
    849.1 ms  ✓ SuiteSparse_jll
    613.5 ms  ✓ Statistics
    485.9 ms  ✓ Unicode
    662.7 ms  ✓ OrderedCollections
   1326.8 ms  ✓ InteractiveUtils
   1468.0 ms  ✓ Preferences
   1612.8 ms  ✓ DataStructures
    377.4 ms  ✓ PrecompileTools
   3927.2 ms  ✓ MacroTools
   3325.0 ms  ✓ SparseArrays
    611.1 ms  ✓ SimpleTraits
    530.3 ms  ✓ Statistics → SparseArraysExt
   9814.2 ms  ✓ StaticArrays
    471.3 ms  ✓ StaticArrays → StaticArraysStatisticsExt
   1018.6 ms  ✓ ArnoldiMethod
   2868.9 ms  ✓ Graphs
  19 dependencies successfully precompiled in 17 seconds. 7 already precompiled.
	Command being timed: "nice -n -10 timeout -k120 -v 3600 julia +alpha --project=G/Graphs/Graph-Construction -e using Pkg; @time @eval Pkg.precompile()"
	User time (seconds): 163.31
	System time (seconds): 8.97
	Percent of CPU this job got: 139%
	Elapsed (wall clock) time (h:mm:ss or m:ss): 2:03.93
	Average shared text size (kbytes): 0
	Average unshared data size (kbytes): 0
	Average stack size (kbytes): 0
	Average total size (kbytes): 0
	Maximum resident set size (kbytes): 2599536
	Average resident set size (kbytes): 0
	Major (requiring I/O) page faults: 237
	Minor (reclaiming a frame) page faults: 3433714
	Voluntary context switches: 8619
	Involuntary context switches: 1620
	Swaps: 0
	File system inputs: 0
	File system outputs: 438432
	Socket messages sent: 0
	Socket messages received: 0
	Signals delivered: 0
	Page size (bytes): 4096
	Exit status: 0
