nice: cannot set niceness: Permission denied
Precompiling packages...
  72440.6 ms  ✓ Pkg (serial)
  1 dependency successfully precompiled in 72 seconds
Precompiling packages...
    978.9 ms  ✓ Unicode
   1056.5 ms  ✓ StaticArraysCore
   1188.6 ms  ✓ Statistics
   1264.0 ms  ✓ SuiteSparse_jll
   1270.3 ms  ✓ Inflate
   1346.5 ms  ✓ Serialization
    829.4 ms  ✓ Preferences
    431.8 ms  ✓ PrecompileTools
   2435.7 ms  ✓ OrderedCollections
   2897.9 ms  ✓ InteractiveUtils
   3794.2 ms  ✓ MacroTools
   1705.4 ms  ✓ DataStructures
    623.5 ms  ✓ SimpleTraits
   4414.8 ms  ✓ SparseArrays
    464.8 ms  ✓ Statistics → SparseArraysExt
   6401.5 ms  ✓ StaticArrays
    462.6 ms  ✓ StaticArrays → StaticArraysStatisticsExt
   1811.4 ms  ✓ ArnoldiMethod
   3769.9 ms  ✓ Graphs
  19 dependencies successfully precompiled in 14 seconds. 7 already precompiled.
	Command being timed: "nice -n -10 timeout -k120 -v 3600 julia +release --project=G/Graphs/Graph-Construction -e using Pkg; @time @eval Pkg.precompile()"
	User time (seconds): 149.12
	System time (seconds): 8.00
	Percent of CPU this job got: 179%
	Elapsed (wall clock) time (h:mm:ss or m:ss): 1:27.41
	Average shared text size (kbytes): 0
	Average unshared data size (kbytes): 0
	Average stack size (kbytes): 0
	Average total size (kbytes): 0
	Maximum resident set size (kbytes): 2098484
	Average resident set size (kbytes): 0
	Major (requiring I/O) page faults: 194
	Minor (reclaiming a frame) page faults: 2724394
	Voluntary context switches: 7759
	Involuntary context switches: 4204
	Swaps: 0
	File system inputs: 0
	File system outputs: 416008
	Socket messages sent: 0
	Socket messages received: 0
	Signals delivered: 0
	Page size (bytes): 4096
	Exit status: 0
