nice: cannot set niceness: Permission denied
Precompiling packages...
    603.1 ms  ✓ SuiteSparse_jll
    753.6 ms  ✓ StaticArraysCore
    612.0 ms  ✓ Inflate
    708.3 ms  ✓ OrderedCollections
    742.5 ms  ✓ Preferences
    283.9 ms  ✓ PrecompileTools
   1763.5 ms  ✓ MacroTools
   1330.0 ms  ✓ DataStructures
    487.5 ms  ✓ SimpleTraits
   2507.0 ms  ✓ SparseArrays
    475.7 ms  ✓ Statistics
   4349.5 ms  ✓ StaticArrays
    521.6 ms  ✓ StaticArrays → StaticArraysStatisticsExt
    677.6 ms  ✓ ArnoldiMethod
   2411.7 ms  ✓ Graphs
  15 dependencies successfully precompiled in 9 seconds
	Command being timed: "nice -n -10 timeout -k120 -v 3600 julia +lts --project=G/Graphs/Graph-Construction -e using Pkg; @time @eval Pkg.precompile()"
	User time (seconds): 17.89
	System time (seconds): 2.67
	Percent of CPU this job got: 208%
	Elapsed (wall clock) time (h:mm:ss or m:ss): 0:09.87
	Average shared text size (kbytes): 0
	Average unshared data size (kbytes): 0
	Average stack size (kbytes): 0
	Average total size (kbytes): 0
	Maximum resident set size (kbytes): 480592
	Average resident set size (kbytes): 0
	Major (requiring I/O) page faults: 49
	Minor (reclaiming a frame) page faults: 747073
	Voluntary context switches: 21253
	Involuntary context switches: 529
	Swaps: 0
	File system inputs: 0
	File system outputs: 102360
	Socket messages sent: 0
	Socket messages received: 0
	Signals delivered: 0
	Page size (bytes): 4096
	Exit status: 0
