nice: cannot set niceness: Permission denied
Precompiling packages...
  73018.6 ms  ✓ Pkg (serial)
  1 dependency successfully precompiled in 73 seconds
Precompiling packages...
   1098.1 ms  ✓ Unicode
   1098.8 ms  ✓ SuiteSparse_jll
   1124.9 ms  ✓ Inflate
   1193.2 ms  ✓ StaticArraysCore
   1198.6 ms  ✓ Statistics
   1326.3 ms  ✓ Serialization
    719.0 ms  ✓ Preferences
    434.4 ms  ✓ PrecompileTools
   2429.4 ms  ✓ OrderedCollections
   2998.4 ms  ✓ InteractiveUtils
   3804.2 ms  ✓ MacroTools
   1717.7 ms  ✓ DataStructures
    608.1 ms  ✓ SimpleTraits
   4405.5 ms  ✓ SparseArrays
    465.9 ms  ✓ Statistics → SparseArraysExt
   6355.1 ms  ✓ StaticArrays
    445.2 ms  ✓ StaticArrays → StaticArraysStatisticsExt
   1823.6 ms  ✓ ArnoldiMethod
   3791.9 ms  ✓ Graphs
  19 dependencies successfully precompiled in 14 seconds. 7 already precompiled.
	Command being timed: "nice -n -10 timeout -k120 -v 3600 julia +release --project=G/Graphs/Graph-Construction -e using Pkg; @time @eval Pkg.precompile()"
	User time (seconds): 150.10
	System time (seconds): 7.95
	Percent of CPU this job got: 179%
	Elapsed (wall clock) time (h:mm:ss or m:ss): 1:27.99
	Average shared text size (kbytes): 0
	Average unshared data size (kbytes): 0
	Average stack size (kbytes): 0
	Average total size (kbytes): 0
	Maximum resident set size (kbytes): 2133240
	Average resident set size (kbytes): 0
	Major (requiring I/O) page faults: 178
	Minor (reclaiming a frame) page faults: 2712795
	Voluntary context switches: 7688
	Involuntary context switches: 4360
	Swaps: 0
	File system inputs: 0
	File system outputs: 414936
	Socket messages sent: 0
	Socket messages received: 0
	Signals delivered: 0
	Page size (bytes): 4096
	Exit status: 0
