nice: cannot set niceness: Permission denied
Precompiling packages...
  75259.1 ms  ✓ Pkg (serial)
  1 dependency successfully precompiled in 75 seconds
Precompiling packages...
   1137.3 ms  ✓ CompilerSupportLibraries_jll
   1182.4 ms  ✓ StaticArraysCore
   1362.7 ms  ✓ Unicode
   1366.9 ms  ✓ Statistics
   1365.4 ms  ✓ SuiteSparse_jll
   1399.1 ms  ✓ Inflate
   1497.4 ms  ✓ Serialization
    699.8 ms  ✓ Preferences
    432.2 ms  ✓ PrecompileTools
   2599.7 ms  ✓ OrderedCollections
   3326.6 ms  ✓ InteractiveUtils
   4103.8 ms  ✓ MacroTools
   1769.2 ms  ✓ DataStructures
    626.9 ms  ✓ SimpleTraits
   4441.4 ms  ✓ SparseArrays
    466.8 ms  ✓ Statistics → SparseArraysExt
   6543.5 ms  ✓ StaticArrays
    454.3 ms  ✓ StaticArrays → StaticArraysStatisticsExt
   1814.7 ms  ✓ ArnoldiMethod
   4118.2 ms  ✓ Graphs
  20 dependencies successfully precompiled in 15 seconds. 7 already precompiled.
	Command being timed: "nice -n -10 timeout -k120 -v 3600 julia +1.12.6 --project=G/Graphs/Graph-Construction -e using Pkg; @time @eval Pkg.precompile()"
	User time (seconds): 156.61
	System time (seconds): 8.12
	Percent of CPU this job got: 180%
	Elapsed (wall clock) time (h:mm:ss or m:ss): 1:31.26
	Average shared text size (kbytes): 0
	Average unshared data size (kbytes): 0
	Average stack size (kbytes): 0
	Average total size (kbytes): 0
	Maximum resident set size (kbytes): 2146580
	Average resident set size (kbytes): 0
	Major (requiring I/O) page faults: 205
	Minor (reclaiming a frame) page faults: 2770648
	Voluntary context switches: 8565
	Involuntary context switches: 4819
	Swaps: 0
	File system inputs: 0
	File system outputs: 426992
	Socket messages sent: 0
	Socket messages received: 0
	Signals delivered: 0
	Page size (bytes): 4096
	Exit status: 0
