nice: cannot set niceness: Permission denied
Precompiling packages...
  73519.9 ms  ✓ Pkg (serial)
  1 dependency successfully precompiled in 74 seconds
Precompiling packages...
    878.0 ms  ✓ Unicode
    972.0 ms  ✓ SuiteSparse_jll
   1083.7 ms  ✓ StaticArraysCore
   1086.5 ms  ✓ Inflate
   1265.9 ms  ✓ Serialization
   1271.7 ms  ✓ Statistics
    829.3 ms  ✓ Preferences
    424.6 ms  ✓ PrecompileTools
   2361.8 ms  ✓ OrderedCollections
   2996.5 ms  ✓ InteractiveUtils
   3848.1 ms  ✓ MacroTools
   1692.9 ms  ✓ DataStructures
    603.3 ms  ✓ SimpleTraits
   4394.6 ms  ✓ SparseArrays
    470.4 ms  ✓ Statistics → SparseArraysExt
   6310.7 ms  ✓ StaticArrays
    451.5 ms  ✓ StaticArrays → StaticArraysStatisticsExt
   1763.3 ms  ✓ ArnoldiMethod
   3909.6 ms  ✓ Graphs
  19 dependencies successfully precompiled in 14 seconds. 7 already precompiled.
	Command being timed: "nice -n -10 timeout -k120 -v 3600 julia +release --project=G/Graphs/Graph-Construction -e using Pkg; @time @eval Pkg.precompile()"
	User time (seconds): 151.59
	System time (seconds): 7.72
	Percent of CPU this job got: 180%
	Elapsed (wall clock) time (h:mm:ss or m:ss): 1:28.37
	Average shared text size (kbytes): 0
	Average unshared data size (kbytes): 0
	Average stack size (kbytes): 0
	Average total size (kbytes): 0
	Maximum resident set size (kbytes): 2152984
	Average resident set size (kbytes): 0
	Major (requiring I/O) page faults: 244
	Minor (reclaiming a frame) page faults: 2740413
	Voluntary context switches: 8427
	Involuntary context switches: 4388
	Swaps: 0
	File system inputs: 0
	File system outputs: 416480
	Socket messages sent: 0
	Socket messages received: 0
	Signals delivered: 0
	Page size (bytes): 4096
	Exit status: 0
