nice: cannot set niceness: Permission denied
Precompiling packages...
    492.0 ms  ✓ StaticArraysCore
    509.4 ms  ✓ Inflate
    664.2 ms  ✓ Serialization
    811.7 ms  ✓ SuiteSparse_jll
    592.5 ms  ✓ Statistics
    491.1 ms  ✓ Unicode
    660.7 ms  ✓ OrderedCollections
   1225.0 ms  ✓ InteractiveUtils
   1692.7 ms  ✓ DataStructures
   1827.6 ms  ✓ Preferences
    376.2 ms  ✓ PrecompileTools
   4683.3 ms  ✓ MacroTools
   3642.3 ms  ✓ SparseArrays
    583.7 ms  ✓ SimpleTraits
    555.6 ms  ✓ Statistics → SparseArraysExt
  10344.5 ms  ✓ StaticArrays
    468.8 ms  ✓ StaticArrays → StaticArraysStatisticsExt
   1022.8 ms  ✓ ArnoldiMethod
   3148.4 ms  ✓ Graphs
  19 dependencies successfully precompiled in 18 seconds. 7 already precompiled.
	Command being timed: "nice -n -10 timeout -k120 -v 3600 julia +alpha --project=G/Graphs/Graph-Construction -e using Pkg; @time @eval Pkg.precompile()"
	User time (seconds): 171.90
	System time (seconds): 8.92
	Percent of CPU this job got: 137%
	Elapsed (wall clock) time (h:mm:ss or m:ss): 2:11.16
	Average shared text size (kbytes): 0
	Average unshared data size (kbytes): 0
	Average stack size (kbytes): 0
	Average total size (kbytes): 0
	Maximum resident set size (kbytes): 2747068
	Average resident set size (kbytes): 0
	Major (requiring I/O) page faults: 392
	Minor (reclaiming a frame) page faults: 3555996
	Voluntary context switches: 9359
	Involuntary context switches: 1704
	Swaps: 0
	File system inputs: 0
	File system outputs: 443352
	Socket messages sent: 0
	Socket messages received: 0
	Signals delivered: 0
	Page size (bytes): 4096
	Exit status: 0
