nice: cannot set niceness: Permission denied
Precompiling packages...
  75568.9 ms  ✓ Pkg (serial)
  1 dependency successfully precompiled in 76 seconds
Precompiling packages...
   1221.5 ms  ✓ Unicode
   1326.6 ms  ✓ CompilerSupportLibraries_jll
   1435.9 ms  ✓ StaticArraysCore
   1440.9 ms  ✓ Inflate
   1439.5 ms  ✓ SuiteSparse_jll
   1561.7 ms  ✓ Statistics
   1614.0 ms  ✓ Serialization
    832.4 ms  ✓ Preferences
    462.3 ms  ✓ PrecompileTools
   2727.8 ms  ✓ OrderedCollections
   3324.3 ms  ✓ InteractiveUtils
   4085.2 ms  ✓ MacroTools
   1737.5 ms  ✓ DataStructures
    630.2 ms  ✓ SimpleTraits
   4515.5 ms  ✓ SparseArrays
    480.7 ms  ✓ Statistics → SparseArraysExt
   6633.9 ms  ✓ StaticArrays
    451.9 ms  ✓ StaticArrays → StaticArraysStatisticsExt
   1848.1 ms  ✓ ArnoldiMethod
   4191.5 ms  ✓ Graphs
  20 dependencies successfully precompiled in 15 seconds. 7 already precompiled.
	Command being timed: "nice -n -10 timeout -k120 -v 3600 julia +1.12.6 --project=G/Graphs/Graph-Construction -e using Pkg; @time @eval Pkg.precompile()"
	User time (seconds): 157.32
	System time (seconds): 8.21
	Percent of CPU this job got: 180%
	Elapsed (wall clock) time (h:mm:ss or m:ss): 1:31.71
	Average shared text size (kbytes): 0
	Average unshared data size (kbytes): 0
	Average stack size (kbytes): 0
	Average total size (kbytes): 0
	Maximum resident set size (kbytes): 2151672
	Average resident set size (kbytes): 0
	Major (requiring I/O) page faults: 187
	Minor (reclaiming a frame) page faults: 2782525
	Voluntary context switches: 8096
	Involuntary context switches: 4565
	Swaps: 0
	File system inputs: 0
	File system outputs: 423656
	Socket messages sent: 0
	Socket messages received: 0
	Signals delivered: 0
	Page size (bytes): 4096
	Exit status: 0
