nice: cannot set niceness: Permission denied
Precompiling packages...
  76867.1 ms  ✓ Pkg (serial)
  1 dependency successfully precompiled in 77 seconds
Precompiling packages...
   1060.6 ms  ✓ Unicode
   1080.6 ms  ✓ SuiteSparse_jll
   1287.7 ms  ✓ CompilerSupportLibraries_jll
   1367.3 ms  ✓ Inflate
   1382.2 ms  ✓ StaticArraysCore
   1465.8 ms  ✓ Statistics
   1587.7 ms  ✓ Serialization
    893.2 ms  ✓ Preferences
    443.0 ms  ✓ PrecompileTools
   2661.4 ms  ✓ OrderedCollections
   3294.1 ms  ✓ InteractiveUtils
   4098.1 ms  ✓ MacroTools
   1784.2 ms  ✓ DataStructures
    617.3 ms  ✓ SimpleTraits
   4524.1 ms  ✓ SparseArrays
    468.4 ms  ✓ Statistics → SparseArraysExt
   6592.2 ms  ✓ StaticArrays
    454.6 ms  ✓ StaticArrays → StaticArraysStatisticsExt
   1824.0 ms  ✓ ArnoldiMethod
   4120.6 ms  ✓ Graphs
  20 dependencies successfully precompiled in 15 seconds. 7 already precompiled.
	Command being timed: "nice -n -10 timeout -k120 -v 3600 julia +1.12.6 --project=G/Graphs/Graph-Construction -e using Pkg; @time @eval Pkg.precompile()"
	User time (seconds): 158.04
	System time (seconds): 8.17
	Percent of CPU this job got: 179%
	Elapsed (wall clock) time (h:mm:ss or m:ss): 1:32.78
	Average shared text size (kbytes): 0
	Average unshared data size (kbytes): 0
	Average stack size (kbytes): 0
	Average total size (kbytes): 0
	Maximum resident set size (kbytes): 2145608
	Average resident set size (kbytes): 0
	Major (requiring I/O) page faults: 179
	Minor (reclaiming a frame) page faults: 2763267
	Voluntary context switches: 8942
	Involuntary context switches: 4910
	Swaps: 0
	File system inputs: 0
	File system outputs: 425928
	Socket messages sent: 0
	Socket messages received: 0
	Signals delivered: 0
	Page size (bytes): 4096
	Exit status: 0
