nice: cannot set niceness: Permission denied
Precompiling packages...
    599.2 ms  ✓ SuiteSparse_jll
    750.9 ms  ✓ StaticArraysCore
    610.6 ms  ✓ Inflate
    701.7 ms  ✓ OrderedCollections
    746.9 ms  ✓ Preferences
    283.9 ms  ✓ PrecompileTools
   1778.6 ms  ✓ MacroTools
   1335.7 ms  ✓ DataStructures
    498.2 ms  ✓ SimpleTraits
   2535.2 ms  ✓ SparseArrays
    484.3 ms  ✓ Statistics
   4402.8 ms  ✓ StaticArrays
    542.7 ms  ✓ StaticArrays → StaticArraysStatisticsExt
    683.3 ms  ✓ ArnoldiMethod
   2389.6 ms  ✓ Graphs
  15 dependencies successfully precompiled in 9 seconds
	Command being timed: "nice -n -10 timeout -k120 -v 3600 julia +lts --project=G/Graphs/Graph-Construction -e using Pkg; @time @eval Pkg.precompile()"
	User time (seconds): 18.11
	System time (seconds): 2.51
	Percent of CPU this job got: 206%
	Elapsed (wall clock) time (h:mm:ss or m:ss): 0:09.97
	Average shared text size (kbytes): 0
	Average unshared data size (kbytes): 0
	Average stack size (kbytes): 0
	Average total size (kbytes): 0
	Maximum resident set size (kbytes): 464624
	Average resident set size (kbytes): 0
	Major (requiring I/O) page faults: 182
	Minor (reclaiming a frame) page faults: 743347
	Voluntary context switches: 21259
	Involuntary context switches: 508
	Swaps: 0
	File system inputs: 0
	File system outputs: 103328
	Socket messages sent: 0
	Socket messages received: 0
	Signals delivered: 0
	Page size (bytes): 4096
	Exit status: 0
