nice: cannot set niceness: Permission denied
Precompiling packages...
  75260.0 ms  ✓ Pkg (serial)
  1 dependency successfully precompiled in 75 seconds
Precompiling packages...
   1291.9 ms  ✓ CompilerSupportLibraries_jll
   1375.9 ms  ✓ StaticArraysCore
   1391.3 ms  ✓ Unicode
   1398.0 ms  ✓ Inflate
   1410.2 ms  ✓ SuiteSparse_jll
   1491.5 ms  ✓ Statistics
   1526.4 ms  ✓ Serialization
    720.3 ms  ✓ Preferences
    508.6 ms  ✓ PrecompileTools
   2732.8 ms  ✓ OrderedCollections
   3300.6 ms  ✓ InteractiveUtils
   4214.0 ms  ✓ MacroTools
   1788.1 ms  ✓ DataStructures
    627.4 ms  ✓ SimpleTraits
   4577.4 ms  ✓ SparseArrays
    480.4 ms  ✓ Statistics → SparseArraysExt
   6573.7 ms  ✓ StaticArrays
    468.3 ms  ✓ StaticArrays → StaticArraysStatisticsExt
   1795.7 ms  ✓ ArnoldiMethod
   4103.6 ms  ✓ Graphs
  20 dependencies successfully precompiled in 15 seconds. 7 already precompiled.
	Command being timed: "nice -n -10 timeout -k120 -v 3600 julia +1.12.6 --project=G/Graphs/Graph-Construction -e using Pkg; @time @eval Pkg.precompile()"
	User time (seconds): 156.25
	System time (seconds): 8.16
	Percent of CPU this job got: 179%
	Elapsed (wall clock) time (h:mm:ss or m:ss): 1:31.37
	Average shared text size (kbytes): 0
	Average unshared data size (kbytes): 0
	Average stack size (kbytes): 0
	Average total size (kbytes): 0
	Maximum resident set size (kbytes): 2152832
	Average resident set size (kbytes): 0
	Major (requiring I/O) page faults: 199
	Minor (reclaiming a frame) page faults: 2776242
	Voluntary context switches: 8830
	Involuntary context switches: 4709
	Swaps: 0
	File system inputs: 0
	File system outputs: 427056
	Socket messages sent: 0
	Socket messages received: 0
	Signals delivered: 0
	Page size (bytes): 4096
	Exit status: 0
