nice: cannot set niceness: Permission denied
Precompiling packages...
  75686.8 ms  ✓ Pkg (serial)
  1 dependency successfully precompiled in 76 seconds
Precompiling packages...
   1317.0 ms  ✓ Unicode
   1336.4 ms  ✓ StaticArraysCore
   1411.1 ms  ✓ Inflate
   1413.4 ms  ✓ CompilerSupportLibraries_jll
   1455.9 ms  ✓ SuiteSparse_jll
   1469.8 ms  ✓ Statistics
   1585.0 ms  ✓ Serialization
    810.8 ms  ✓ Preferences
    441.4 ms  ✓ PrecompileTools
   2729.8 ms  ✓ OrderedCollections
   3353.1 ms  ✓ InteractiveUtils
   4179.9 ms  ✓ MacroTools
   1718.4 ms  ✓ DataStructures
    628.3 ms  ✓ SimpleTraits
   4571.6 ms  ✓ SparseArrays
    486.4 ms  ✓ Statistics → SparseArraysExt
   6659.3 ms  ✓ StaticArrays
    455.8 ms  ✓ StaticArrays → StaticArraysStatisticsExt
   1861.5 ms  ✓ ArnoldiMethod
   4144.0 ms  ✓ Graphs
  20 dependencies successfully precompiled in 15 seconds. 7 already precompiled.
	Command being timed: "nice -n -10 timeout -k120 -v 3600 julia +release --project=G/Graphs/Graph-Construction -e using Pkg; @time @eval Pkg.precompile()"
	User time (seconds): 156.92
	System time (seconds): 8.26
	Percent of CPU this job got: 179%
	Elapsed (wall clock) time (h:mm:ss or m:ss): 1:31.88
	Average shared text size (kbytes): 0
	Average unshared data size (kbytes): 0
	Average stack size (kbytes): 0
	Average total size (kbytes): 0
	Maximum resident set size (kbytes): 2153116
	Average resident set size (kbytes): 0
	Major (requiring I/O) page faults: 203
	Minor (reclaiming a frame) page faults: 2790976
	Voluntary context switches: 9416
	Involuntary context switches: 4335
	Swaps: 0
	File system inputs: 0
	File system outputs: 424176
	Socket messages sent: 0
	Socket messages received: 0
	Signals delivered: 0
	Page size (bytes): 4096
	Exit status: 0
