nice: cannot set niceness: Permission denied
Precompiling project...
   1058.5 ms  ✓ StaticArraysCore
   1118.2 ms  ✓ SuiteSparse_jll
   2243.7 ms  ✓ Unicode
   2245.3 ms  ✓ Mmap
   2445.7 ms  ✓ Statistics
   2596.8 ms  ✓ CompilerSupportLibraries_jll
   2662.9 ms  ✓ OrderedCollections
   2914.9 ms  ✓ Serialization
   2981.7 ms  ✓ Inflate
   1797.3 ms  ✓ Preferences
    739.7 ms  ✓ PrecompileTools
   3032.4 ms  ✓ DataStructures
   5746.3 ms  ✓ InteractiveUtils
   7267.2 ms  ✓ MacroTools
   5373.2 ms  ✓ Distributed
   1879.4 ms  ✓ SimpleTraits
   1068.3 ms  ✓ SharedArrays
   8039.1 ms  ✓ SparseArrays
   1091.4 ms  ✓ Statistics → SparseArraysExt
  12077.4 ms  ✓ StaticArrays
    853.3 ms  ✓ StaticArrays → StaticArraysStatisticsExt
   1742.6 ms  ✓ ArnoldiMethod
   5619.9 ms  ✓ Graphs
  23 dependencies successfully precompiled in 24 seconds. 5 already precompiled.
	Command being timed: "nice -n -10 timeout -k120 -v 3600 julia +1.11.6 --project=G/Graphs/Graph-Construction -e using Pkg; @time @eval Pkg.precompile()"
	User time (seconds): 240.87
	System time (seconds): 10.05
	Percent of CPU this job got: 167%
	Elapsed (wall clock) time (h:mm:ss or m:ss): 2:29.58
	Average shared text size (kbytes): 0
	Average unshared data size (kbytes): 0
	Average stack size (kbytes): 0
	Average total size (kbytes): 0
	Maximum resident set size (kbytes): 2049616
	Average resident set size (kbytes): 0
	Major (requiring I/O) page faults: 125
	Minor (reclaiming a frame) page faults: 2287872
	Voluntary context switches: 56519
	Involuntary context switches: 51732
	Swaps: 0
	File system inputs: 0
	File system outputs: 485520
	Socket messages sent: 0
	Socket messages received: 0
	Signals delivered: 0
	Page size (bytes): 4096
	Exit status: 0
