nice: cannot set niceness: Permission denied
Precompiling packages...
    490.1 ms  ✓ StaticArraysCore
    494.4 ms  ✓ Inflate
    657.6 ms  ✓ Serialization
    832.5 ms  ✓ SuiteSparse_jll
    601.8 ms  ✓ Statistics
    490.5 ms  ✓ Unicode
    657.6 ms  ✓ OrderedCollections
   1210.8 ms  ✓ InteractiveUtils
   1574.5 ms  ✓ DataStructures
   1773.2 ms  ✓ Preferences
    367.7 ms  ✓ PrecompileTools
   4659.0 ms  ✓ MacroTools
   3656.8 ms  ✓ SparseArrays
    593.2 ms  ✓ SimpleTraits
    552.5 ms  ✓ Statistics → SparseArraysExt
  10351.1 ms  ✓ StaticArrays
    471.5 ms  ✓ StaticArrays → StaticArraysStatisticsExt
   1008.7 ms  ✓ ArnoldiMethod
   2981.5 ms  ✓ Graphs
  19 dependencies successfully precompiled in 18 seconds. 7 already precompiled.
	Command being timed: "nice -n -10 timeout -k120 -v 3600 julia +alpha --project=G/Graphs/Graph-Construction -e using Pkg; @time @eval Pkg.precompile()"
	User time (seconds): 170.76
	System time (seconds): 8.93
	Percent of CPU this job got: 137%
	Elapsed (wall clock) time (h:mm:ss or m:ss): 2:10.33
	Average shared text size (kbytes): 0
	Average unshared data size (kbytes): 0
	Average stack size (kbytes): 0
	Average total size (kbytes): 0
	Maximum resident set size (kbytes): 2757204
	Average resident set size (kbytes): 0
	Major (requiring I/O) page faults: 237
	Minor (reclaiming a frame) page faults: 3568587
	Voluntary context switches: 9027
	Involuntary context switches: 1939
	Swaps: 0
	File system inputs: 0
	File system outputs: 440456
	Socket messages sent: 0
	Socket messages received: 0
	Signals delivered: 0
	Page size (bytes): 4096
	Exit status: 0
