nice: cannot set niceness: Permission denied
Precompiling packages...
  75399.2 ms  ✓ Pkg (serial)
  1 dependency successfully precompiled in 75 seconds
Precompiling packages...
   1219.5 ms  ✓ Unicode
   1299.1 ms  ✓ CompilerSupportLibraries_jll
   1322.2 ms  ✓ StaticArraysCore
   1328.4 ms  ✓ SuiteSparse_jll
   1410.8 ms  ✓ Inflate
   1515.5 ms  ✓ Statistics
   1525.1 ms  ✓ Serialization
    825.9 ms  ✓ Preferences
    462.3 ms  ✓ PrecompileTools
   2650.2 ms  ✓ OrderedCollections
   3349.1 ms  ✓ InteractiveUtils
   4003.0 ms  ✓ MacroTools
   1776.5 ms  ✓ DataStructures
    632.8 ms  ✓ SimpleTraits
   4411.5 ms  ✓ SparseArrays
    487.1 ms  ✓ Statistics → SparseArraysExt
   6538.5 ms  ✓ StaticArrays
    459.2 ms  ✓ StaticArrays → StaticArraysStatisticsExt
   1793.6 ms  ✓ ArnoldiMethod
   4144.4 ms  ✓ Graphs
  20 dependencies successfully precompiled in 15 seconds. 7 already precompiled.
  7 dependencies precompiled but different versions are currently loaded (Base64, Dates, JuliaSyntaxHighlighting, Markdown, Printf, StyledStrings and TOML). Restart julia to access the new versions. Otherwise, 8 dependents of these packages may trigger further precompilation to work with the unexpected versions.
	Command being timed: "nice -n -10 timeout -k120 -v 3600 julia +release --project=G/Graphs/Graph-Construction -e using Pkg; @time @eval Pkg.precompile()"
	User time (seconds): 156.05
	System time (seconds): 8.18
	Percent of CPU this job got: 179%
	Elapsed (wall clock) time (h:mm:ss or m:ss): 1:31.47
	Average shared text size (kbytes): 0
	Average unshared data size (kbytes): 0
	Average stack size (kbytes): 0
	Average total size (kbytes): 0
	Maximum resident set size (kbytes): 2168804
	Average resident set size (kbytes): 0
	Major (requiring I/O) page faults: 221
	Minor (reclaiming a frame) page faults: 2788343
	Voluntary context switches: 8338
	Involuntary context switches: 4753
	Swaps: 0
	File system inputs: 0
	File system outputs: 430936
	Socket messages sent: 0
	Socket messages received: 0
	Signals delivered: 0
	Page size (bytes): 4096
	Exit status: 0
