nice: cannot set niceness: Permission denied
Precompiling packages...
  84428.0 ms  ✓ Pkg (serial)
  1 dependency successfully precompiled in 84 seconds
Precompiling packages...
   1004.2 ms  ✓ Unicode
   1116.7 ms  ✓ SuiteSparse_jll
   1186.0 ms  ✓ Inflate
   1188.0 ms  ✓ StaticArraysCore
   1230.8 ms  ✓ Statistics
   1390.3 ms  ✓ Serialization
    815.8 ms  ✓ Preferences
    440.5 ms  ✓ PrecompileTools
   2411.4 ms  ✓ OrderedCollections
   2901.9 ms  ✓ InteractiveUtils
   3735.2 ms  ✓ MacroTools
   1698.2 ms  ✓ DataStructures
    631.1 ms  ✓ SimpleTraits
   4490.9 ms  ✓ SparseArrays
    475.7 ms  ✓ Statistics → SparseArraysExt
   6324.6 ms  ✓ StaticArrays
    462.4 ms  ✓ StaticArrays → StaticArraysStatisticsExt
   1804.7 ms  ✓ ArnoldiMethod
   3782.3 ms  ✓ Graphs
  19 dependencies successfully precompiled in 14 seconds. 7 already precompiled.
	Command being timed: "nice -n -10 timeout -k120 -v 3600 julia +release --project=G/Graphs/Graph-Construction -e using Pkg; @time @eval Pkg.precompile()"
	User time (seconds): 163.10
	System time (seconds): 8.53
	Percent of CPU this job got: 172%
	Elapsed (wall clock) time (h:mm:ss or m:ss): 1:39.31
	Average shared text size (kbytes): 0
	Average unshared data size (kbytes): 0
	Average stack size (kbytes): 0
	Average total size (kbytes): 0
	Maximum resident set size (kbytes): 2141576
	Average resident set size (kbytes): 0
	Major (requiring I/O) page faults: 179
	Minor (reclaiming a frame) page faults: 2739155
	Voluntary context switches: 7811
	Involuntary context switches: 4751
	Swaps: 0
	File system inputs: 0
	File system outputs: 414096
	Socket messages sent: 0
	Socket messages received: 0
	Signals delivered: 0
	Page size (bytes): 4096
	Exit status: 0
