nice: cannot set niceness: Permission denied
Precompiling packages...
  75317.7 ms  ✓ Pkg (serial)
  1 dependency successfully precompiled in 75 seconds
Precompiling packages...
   1068.8 ms  ✓ Unicode
   1175.2 ms  ✓ StaticArraysCore
   1369.5 ms  ✓ CompilerSupportLibraries_jll
   1450.3 ms  ✓ SuiteSparse_jll
   1458.4 ms  ✓ Inflate
   1506.4 ms  ✓ Statistics
   1611.1 ms  ✓ Serialization
    920.7 ms  ✓ Preferences
    438.7 ms  ✓ PrecompileTools
   2736.3 ms  ✓ OrderedCollections
   3243.4 ms  ✓ InteractiveUtils
   4081.5 ms  ✓ MacroTools
   1729.7 ms  ✓ DataStructures
    639.3 ms  ✓ SimpleTraits
   4560.0 ms  ✓ SparseArrays
    481.2 ms  ✓ Statistics → SparseArraysExt
   6525.8 ms  ✓ StaticArrays
    470.4 ms  ✓ StaticArrays → StaticArraysStatisticsExt
   1792.6 ms  ✓ ArnoldiMethod
   4193.7 ms  ✓ Graphs
  20 dependencies successfully precompiled in 15 seconds. 7 already precompiled.
	Command being timed: "nice -n -10 timeout -k120 -v 3600 julia +1.12.6 --project=G/Graphs/Graph-Construction -e using Pkg; @time @eval Pkg.precompile()"
	User time (seconds): 155.15
	System time (seconds): 8.18
	Percent of CPU this job got: 178%
	Elapsed (wall clock) time (h:mm:ss or m:ss): 1:31.26
	Average shared text size (kbytes): 0
	Average unshared data size (kbytes): 0
	Average stack size (kbytes): 0
	Average total size (kbytes): 0
	Maximum resident set size (kbytes): 2153884
	Average resident set size (kbytes): 0
	Major (requiring I/O) page faults: 176
	Minor (reclaiming a frame) page faults: 2773307
	Voluntary context switches: 8106
	Involuntary context switches: 4152
	Swaps: 0
	File system inputs: 0
	File system outputs: 426144
	Socket messages sent: 0
	Socket messages received: 0
	Signals delivered: 0
	Page size (bytes): 4096
	Exit status: 0
