nice: cannot set niceness: Permission denied
Precompiling packages...
    498.8 ms  ✓ StaticArraysCore
    524.0 ms  ✓ Inflate
    670.9 ms  ✓ Serialization
    870.3 ms  ✓ SuiteSparse_jll
    629.2 ms  ✓ Statistics
    485.3 ms  ✓ Unicode
    664.3 ms  ✓ OrderedCollections
   1356.7 ms  ✓ InteractiveUtils
   1597.8 ms  ✓ DataStructures
   1888.3 ms  ✓ Preferences
    373.0 ms  ✓ PrecompileTools
   3642.4 ms  ✓ SparseArrays
   4937.2 ms  ✓ MacroTools
    505.3 ms  ✓ Statistics → SparseArraysExt
    589.8 ms  ✓ SimpleTraits
  10251.6 ms  ✓ StaticArrays
    477.1 ms  ✓ StaticArrays → StaticArraysStatisticsExt
    986.1 ms  ✓ ArnoldiMethod
   2933.6 ms  ✓ Graphs
  19 dependencies successfully precompiled in 18 seconds. 7 already precompiled.
	Command being timed: "nice -n -10 timeout -k120 -v 3600 julia +nightly --project=G/Graphs/Graph-Construction -e using Pkg; @time @eval Pkg.precompile()"
	User time (seconds): 184.04
	System time (seconds): 9.39
	Percent of CPU this job got: 136%
	Elapsed (wall clock) time (h:mm:ss or m:ss): 2:22.09
	Average shared text size (kbytes): 0
	Average unshared data size (kbytes): 0
	Average stack size (kbytes): 0
	Average total size (kbytes): 0
	Maximum resident set size (kbytes): 2495688
	Average resident set size (kbytes): 0
	Major (requiring I/O) page faults: 210
	Minor (reclaiming a frame) page faults: 3602690
	Voluntary context switches: 8908
	Involuntary context switches: 2166
	Swaps: 0
	File system inputs: 0
	File system outputs: 445376
	Socket messages sent: 0
	Socket messages received: 0
	Signals delivered: 0
	Page size (bytes): 4096
	Exit status: 0
