nice: cannot set niceness: Permission denied
Precompiling packages...
    719.4 ms  ✓ StaticArraysCore
    587.3 ms  ✓ SuiteSparse_jll
    590.6 ms  ✓ Inflate
    697.3 ms  ✓ OrderedCollections
    763.7 ms  ✓ Preferences
    288.1 ms  ✓ PrecompileTools
   1808.6 ms  ✓ MacroTools
   1311.2 ms  ✓ DataStructures
    500.3 ms  ✓ SimpleTraits
   2517.2 ms  ✓ SparseArrays
    474.1 ms  ✓ Statistics
   4460.0 ms  ✓ StaticArrays
    525.9 ms  ✓ StaticArrays → StaticArraysStatisticsExt
    674.4 ms  ✓ ArnoldiMethod
   2521.0 ms  ✓ Graphs
  15 dependencies successfully precompiled in 9 seconds
	Command being timed: "nice -n -10 timeout -k120 -v 3600 julia +lts --project=G/Graphs/Graph-Construction -e using Pkg; @time @eval Pkg.precompile()"
	User time (seconds): 18.37
	System time (seconds): 2.64
	Percent of CPU this job got: 204%
	Elapsed (wall clock) time (h:mm:ss or m:ss): 0:10.26
	Average shared text size (kbytes): 0
	Average unshared data size (kbytes): 0
	Average stack size (kbytes): 0
	Average total size (kbytes): 0
	Maximum resident set size (kbytes): 470084
	Average resident set size (kbytes): 0
	Major (requiring I/O) page faults: 46
	Minor (reclaiming a frame) page faults: 747401
	Voluntary context switches: 21336
	Involuntary context switches: 517
	Swaps: 0
	File system inputs: 0
	File system outputs: 109536
	Socket messages sent: 0
	Socket messages received: 0
	Signals delivered: 0
	Page size (bytes): 4096
	Exit status: 0
