nice: cannot set niceness: Permission denied
Precompiling packages...
  75094.1 ms  ✓ Pkg (serial)
  1 dependency successfully precompiled in 75 seconds
Precompiling packages...
   1196.9 ms  ✓ Unicode
   1277.2 ms  ✓ StaticArraysCore
   1374.3 ms  ✓ Inflate
   1385.5 ms  ✓ CompilerSupportLibraries_jll
   1395.5 ms  ✓ Statistics
   1395.7 ms  ✓ SuiteSparse_jll
   1552.8 ms  ✓ Serialization
    837.9 ms  ✓ Preferences
    451.9 ms  ✓ PrecompileTools
   2574.7 ms  ✓ OrderedCollections
   3286.1 ms  ✓ InteractiveUtils
   4053.7 ms  ✓ MacroTools
   1777.9 ms  ✓ DataStructures
    622.4 ms  ✓ SimpleTraits
   4441.1 ms  ✓ SparseArrays
    480.9 ms  ✓ Statistics → SparseArraysExt
   6465.0 ms  ✓ StaticArrays
    451.1 ms  ✓ StaticArrays → StaticArraysStatisticsExt
   1815.5 ms  ✓ ArnoldiMethod
   4119.3 ms  ✓ Graphs
  20 dependencies successfully precompiled in 15 seconds. 7 already precompiled.
	Command being timed: "nice -n -10 timeout -k120 -v 3600 julia +1.12.6 --project=G/Graphs/Graph-Construction -e using Pkg; @time @eval Pkg.precompile()"
	User time (seconds): 156.24
	System time (seconds): 8.13
	Percent of CPU this job got: 180%
	Elapsed (wall clock) time (h:mm:ss or m:ss): 1:31.00
	Average shared text size (kbytes): 0
	Average unshared data size (kbytes): 0
	Average stack size (kbytes): 0
	Average total size (kbytes): 0
	Maximum resident set size (kbytes): 2149036
	Average resident set size (kbytes): 0
	Major (requiring I/O) page faults: 183
	Minor (reclaiming a frame) page faults: 2772726
	Voluntary context switches: 8627
	Involuntary context switches: 4493
	Swaps: 0
	File system inputs: 0
	File system outputs: 427456
	Socket messages sent: 0
	Socket messages received: 0
	Signals delivered: 0
	Page size (bytes): 4096
	Exit status: 0
