nice: cannot set niceness: Permission denied
Precompiling packages...
    632.6 ms  ✓ SuiteSparse_jll
    781.1 ms  ✓ StaticArraysCore
    676.9 ms  ✓ Inflate
    768.5 ms  ✓ OrderedCollections
    811.2 ms  ✓ Preferences
    303.3 ms  ✓ PrecompileTools
   1883.2 ms  ✓ MacroTools
   1426.9 ms  ✓ DataStructures
    516.7 ms  ✓ SimpleTraits
   2613.1 ms  ✓ SparseArrays
    484.0 ms  ✓ Statistics
   4676.7 ms  ✓ StaticArrays
    588.8 ms  ✓ StaticArrays → StaticArraysStatisticsExt
    706.2 ms  ✓ ArnoldiMethod
   2574.4 ms  ✓ Graphs
  15 dependencies successfully precompiled in 10 seconds
	Command being timed: "nice -n -10 timeout -k120 -v 3600 julia +lts --project=G/Graphs/Graph-Construction -e using Pkg; @time @eval Pkg.precompile()"
	User time (seconds): 19.44
	System time (seconds): 2.71
	Percent of CPU this job got: 201%
	Elapsed (wall clock) time (h:mm:ss or m:ss): 0:11.00
	Average shared text size (kbytes): 0
	Average unshared data size (kbytes): 0
	Average stack size (kbytes): 0
	Average total size (kbytes): 0
	Maximum resident set size (kbytes): 461472
	Average resident set size (kbytes): 0
	Major (requiring I/O) page faults: 44
	Minor (reclaiming a frame) page faults: 747363
	Voluntary context switches: 21069
	Involuntary context switches: 973
	Swaps: 0
	File system inputs: 0
	File system outputs: 115656
	Socket messages sent: 0
	Socket messages received: 0
	Signals delivered: 0
	Page size (bytes): 4096
	Exit status: 0
