nice: cannot set niceness: Permission denied
Precompiling packages...
    592.8 ms  ✓ SuiteSparse_jll
    734.9 ms  ✓ StaticArraysCore
    623.5 ms  ✓ Inflate
    702.1 ms  ✓ OrderedCollections
    755.0 ms  ✓ Preferences
    298.4 ms  ✓ PrecompileTools
   1762.0 ms  ✓ MacroTools
   1341.2 ms  ✓ DataStructures
    505.2 ms  ✓ SimpleTraits
   2487.1 ms  ✓ SparseArrays
    480.7 ms  ✓ Statistics
   4475.0 ms  ✓ StaticArrays
    524.9 ms  ✓ StaticArrays → StaticArraysStatisticsExt
    687.9 ms  ✓ ArnoldiMethod
   2500.3 ms  ✓ Graphs
  15 dependencies successfully precompiled in 9 seconds
	Command being timed: "nice -n -10 timeout -k120 -v 3600 julia +lts --project=G/Graphs/Graph-Construction -e using Pkg; @time @eval Pkg.precompile()"
	User time (seconds): 18.37
	System time (seconds): 2.55
	Percent of CPU this job got: 203%
	Elapsed (wall clock) time (h:mm:ss or m:ss): 0:10.30
	Average shared text size (kbytes): 0
	Average unshared data size (kbytes): 0
	Average stack size (kbytes): 0
	Average total size (kbytes): 0
	Maximum resident set size (kbytes): 465224
	Average resident set size (kbytes): 0
	Major (requiring I/O) page faults: 61
	Minor (reclaiming a frame) page faults: 736888
	Voluntary context switches: 21003
	Involuntary context switches: 580
	Swaps: 0
	File system inputs: 0
	File system outputs: 109584
	Socket messages sent: 0
	Socket messages received: 0
	Signals delivered: 0
	Page size (bytes): 4096
	Exit status: 0
