nice: cannot set niceness: Permission denied
Precompiling packages...
  74635.2 ms  ✓ Pkg (serial)
  1 dependency successfully precompiled in 75 seconds
Precompiling packages...
   1019.0 ms  ✓ Unicode
   1125.0 ms  ✓ Inflate
   1200.0 ms  ✓ SuiteSparse_jll
   1228.9 ms  ✓ StaticArraysCore
   1249.0 ms  ✓ Statistics
   1423.3 ms  ✓ Serialization
    811.2 ms  ✓ Preferences
    446.9 ms  ✓ PrecompileTools
   2460.0 ms  ✓ OrderedCollections
   3112.1 ms  ✓ InteractiveUtils
   3878.1 ms  ✓ MacroTools
   1751.6 ms  ✓ DataStructures
    641.2 ms  ✓ SimpleTraits
   4396.0 ms  ✓ SparseArrays
    472.1 ms  ✓ Statistics → SparseArraysExt
   6530.8 ms  ✓ StaticArrays
    447.4 ms  ✓ StaticArrays → StaticArraysStatisticsExt
   1792.1 ms  ✓ ArnoldiMethod
   3929.1 ms  ✓ Graphs
  19 dependencies successfully precompiled in 15 seconds. 7 already precompiled.
	Command being timed: "nice -n -10 timeout -k120 -v 3600 julia +release --project=G/Graphs/Graph-Construction -e using Pkg; @time @eval Pkg.precompile()"
	User time (seconds): 154.27
	System time (seconds): 7.86
	Percent of CPU this job got: 180%
	Elapsed (wall clock) time (h:mm:ss or m:ss): 1:29.91
	Average shared text size (kbytes): 0
	Average unshared data size (kbytes): 0
	Average stack size (kbytes): 0
	Average total size (kbytes): 0
	Maximum resident set size (kbytes): 2151096
	Average resident set size (kbytes): 0
	Major (requiring I/O) page faults: 224
	Minor (reclaiming a frame) page faults: 2742978
	Voluntary context switches: 8063
	Involuntary context switches: 4149
	Swaps: 0
	File system inputs: 0
	File system outputs: 415760
	Socket messages sent: 0
	Socket messages received: 0
	Signals delivered: 0
	Page size (bytes): 4096
	Exit status: 0
