nice: cannot set niceness: Permission denied
Precompiling packages...
  75801.4 ms  ✓ Pkg (serial)
  1 dependency successfully precompiled in 76 seconds
Precompiling packages...
   1219.0 ms  ✓ SuiteSparse_jll
   1304.4 ms  ✓ Unicode
   1325.8 ms  ✓ CompilerSupportLibraries_jll
   1327.3 ms  ✓ StaticArraysCore
   1326.2 ms  ✓ Inflate
   1511.0 ms  ✓ Statistics
   1568.0 ms  ✓ Serialization
    787.6 ms  ✓ Preferences
    473.6 ms  ✓ PrecompileTools
   2712.4 ms  ✓ OrderedCollections
   3247.0 ms  ✓ InteractiveUtils
   4089.1 ms  ✓ MacroTools
   1708.0 ms  ✓ DataStructures
    639.1 ms  ✓ SimpleTraits
   4580.3 ms  ✓ SparseArrays
    475.3 ms  ✓ Statistics → SparseArraysExt
   6579.8 ms  ✓ StaticArrays
    465.9 ms  ✓ StaticArrays → StaticArraysStatisticsExt
   1880.3 ms  ✓ ArnoldiMethod
   4137.0 ms  ✓ Graphs
  20 dependencies successfully precompiled in 15 seconds. 7 already precompiled.
	Command being timed: "nice -n -10 timeout -k120 -v 3600 julia +release --project=G/Graphs/Graph-Construction -e using Pkg; @time @eval Pkg.precompile()"
	User time (seconds): 156.94
	System time (seconds): 8.20
	Percent of CPU this job got: 179%
	Elapsed (wall clock) time (h:mm:ss or m:ss): 1:31.99
	Average shared text size (kbytes): 0
	Average unshared data size (kbytes): 0
	Average stack size (kbytes): 0
	Average total size (kbytes): 0
	Maximum resident set size (kbytes): 2152180
	Average resident set size (kbytes): 0
	Major (requiring I/O) page faults: 181
	Minor (reclaiming a frame) page faults: 2780946
	Voluntary context switches: 8513
	Involuntary context switches: 7194
	Swaps: 0
	File system inputs: 0
	File system outputs: 425760
	Socket messages sent: 0
	Socket messages received: 0
	Signals delivered: 0
	Page size (bytes): 4096
	Exit status: 0
