nice: cannot set niceness: Permission denied
Precompiling packages...
    606.2 ms  ✓ SuiteSparse_jll
    790.8 ms  ✓ StaticArraysCore
    652.8 ms  ✓ Inflate
    720.2 ms  ✓ OrderedCollections
    783.2 ms  ✓ Preferences
    299.7 ms  ✓ PrecompileTools
   1822.2 ms  ✓ MacroTools
   1344.3 ms  ✓ DataStructures
    523.6 ms  ✓ SimpleTraits
   2512.5 ms  ✓ SparseArrays
    494.3 ms  ✓ Statistics
   4580.4 ms  ✓ StaticArrays
    532.8 ms  ✓ StaticArrays → StaticArraysStatisticsExt
    685.0 ms  ✓ ArnoldiMethod
   2575.7 ms  ✓ Graphs
  15 dependencies successfully precompiled in 10 seconds
	Command being timed: "nice -n -10 timeout -k120 -v 3600 julia +lts --project=G/Graphs/Graph-Construction -e using Pkg; @time @eval Pkg.precompile()"
	User time (seconds): 18.99
	System time (seconds): 2.57
	Percent of CPU this job got: 200%
	Elapsed (wall clock) time (h:mm:ss or m:ss): 0:10.75
	Average shared text size (kbytes): 0
	Average unshared data size (kbytes): 0
	Average stack size (kbytes): 0
	Average total size (kbytes): 0
	Maximum resident set size (kbytes): 463992
	Average resident set size (kbytes): 0
	Major (requiring I/O) page faults: 53
	Minor (reclaiming a frame) page faults: 754552
	Voluntary context switches: 21497
	Involuntary context switches: 883
	Swaps: 0
	File system inputs: 0
	File system outputs: 113832
	Socket messages sent: 0
	Socket messages received: 0
	Signals delivered: 0
	Page size (bytes): 4096
	Exit status: 0
