nice: cannot set niceness: Permission denied
Precompiling packages...
    592.9 ms  ✓ SuiteSparse_jll
    625.3 ms  ✓ Inflate
    772.0 ms  ✓ StaticArraysCore
    699.9 ms  ✓ OrderedCollections
    769.5 ms  ✓ Preferences
    306.1 ms  ✓ PrecompileTools
   1824.4 ms  ✓ MacroTools
   1347.8 ms  ✓ DataStructures
    515.4 ms  ✓ SimpleTraits
   2514.9 ms  ✓ SparseArrays
    489.7 ms  ✓ Statistics
   4640.9 ms  ✓ StaticArrays
    534.9 ms  ✓ StaticArrays → StaticArraysStatisticsExt
    695.4 ms  ✓ ArnoldiMethod
   2543.6 ms  ✓ Graphs
  15 dependencies successfully precompiled in 10 seconds
	Command being timed: "nice -n -10 timeout -k120 -v 3600 julia +lts --project=G/Graphs/Graph-Construction -e using Pkg; @time @eval Pkg.precompile()"
	User time (seconds): 18.96
	System time (seconds): 2.54
	Percent of CPU this job got: 201%
	Elapsed (wall clock) time (h:mm:ss or m:ss): 0:10.68
	Average shared text size (kbytes): 0
	Average unshared data size (kbytes): 0
	Average stack size (kbytes): 0
	Average total size (kbytes): 0
	Maximum resident set size (kbytes): 469492
	Average resident set size (kbytes): 0
	Major (requiring I/O) page faults: 60
	Minor (reclaiming a frame) page faults: 741853
	Voluntary context switches: 21806
	Involuntary context switches: 839
	Swaps: 0
	File system inputs: 0
	File system outputs: 112000
	Socket messages sent: 0
	Socket messages received: 0
	Signals delivered: 0
	Page size (bytes): 4096
	Exit status: 0
