nice: cannot set niceness: Permission denied
Precompiling packages...
    501.8 ms  ✓ StaticArraysCore
    524.8 ms  ✓ Inflate
    659.7 ms  ✓ Serialization
    836.7 ms  ✓ SuiteSparse_jll
    581.9 ms  ✓ Statistics
    475.5 ms  ✓ Unicode
    658.8 ms  ✓ OrderedCollections
   1289.1 ms  ✓ InteractiveUtils
   1613.3 ms  ✓ DataStructures
   1804.2 ms  ✓ Preferences
    367.4 ms  ✓ PrecompileTools
   4694.6 ms  ✓ MacroTools
   3616.6 ms  ✓ SparseArrays
    550.9 ms  ✓ Statistics → SparseArraysExt
    591.7 ms  ✓ SimpleTraits
  10389.3 ms  ✓ StaticArrays
    472.4 ms  ✓ StaticArrays → StaticArraysStatisticsExt
   1010.0 ms  ✓ ArnoldiMethod
   3158.3 ms  ✓ Graphs
  19 dependencies successfully precompiled in 18 seconds. 7 already precompiled.
	Command being timed: "nice -n -10 timeout -k120 -v 3600 julia +alpha --project=G/Graphs/Graph-Construction -e using Pkg; @time @eval Pkg.precompile()"
	User time (seconds): 171.91
	System time (seconds): 8.90
	Percent of CPU this job got: 138%
	Elapsed (wall clock) time (h:mm:ss or m:ss): 2:10.95
	Average shared text size (kbytes): 0
	Average unshared data size (kbytes): 0
	Average stack size (kbytes): 0
	Average total size (kbytes): 0
	Maximum resident set size (kbytes): 2748160
	Average resident set size (kbytes): 0
	Major (requiring I/O) page faults: 228
	Minor (reclaiming a frame) page faults: 3556652
	Voluntary context switches: 9080
	Involuntary context switches: 1827
	Swaps: 0
	File system inputs: 0
	File system outputs: 443024
	Socket messages sent: 0
	Socket messages received: 0
	Signals delivered: 0
	Page size (bytes): 4096
	Exit status: 0
