nice: cannot set niceness: Permission denied
Precompiling packages...
    487.5 ms  ✓ StaticArraysCore
    503.1 ms  ✓ Inflate
    652.2 ms  ✓ Serialization
    837.0 ms  ✓ SuiteSparse_jll
    588.8 ms  ✓ Statistics
    465.3 ms  ✓ Unicode
    690.0 ms  ✓ OrderedCollections
   1207.0 ms  ✓ InteractiveUtils
   1630.7 ms  ✓ DataStructures
   1859.2 ms  ✓ Preferences
    534.8 ms  ✓ PrecompileTools
   4506.4 ms  ✓ MacroTools
   3713.8 ms  ✓ SparseArrays
    613.4 ms  ✓ SimpleTraits
    522.6 ms  ✓ Statistics → SparseArraysExt
  10657.2 ms  ✓ StaticArrays
    546.2 ms  ✓ StaticArrays → StaticArraysStatisticsExt
   1056.3 ms  ✓ ArnoldiMethod
   3247.1 ms  ✓ Graphs
  19 dependencies successfully precompiled in 18 seconds. 7 already precompiled.
	Command being timed: "nice -n -10 timeout -k120 -v 3600 julia +alpha --project=G/Graphs/Graph-Construction -e using Pkg; @time @eval Pkg.precompile()"
	User time (seconds): 170.58
	System time (seconds): 8.72
	Percent of CPU this job got: 138%
	Elapsed (wall clock) time (h:mm:ss or m:ss): 2:09.26
	Average shared text size (kbytes): 0
	Average unshared data size (kbytes): 0
	Average stack size (kbytes): 0
	Average total size (kbytes): 0
	Maximum resident set size (kbytes): 2576300
	Average resident set size (kbytes): 0
	Major (requiring I/O) page faults: 301
	Minor (reclaiming a frame) page faults: 3502768
	Voluntary context switches: 8770
	Involuntary context switches: 1777
	Swaps: 0
	File system inputs: 0
	File system outputs: 444472
	Socket messages sent: 0
	Socket messages received: 0
	Signals delivered: 0
	Page size (bytes): 4096
	Exit status: 0
