nice: cannot set niceness: Permission denied
Precompiling packages...
    505.2 ms  ✓ StaticArraysCore
    511.6 ms  ✓ Inflate
    666.6 ms  ✓ Serialization
    844.7 ms  ✓ SuiteSparse_jll
    594.9 ms  ✓ Statistics
    480.2 ms  ✓ Unicode
    700.9 ms  ✓ OrderedCollections
   1202.7 ms  ✓ InteractiveUtils
   1617.9 ms  ✓ DataStructures
   1874.1 ms  ✓ Preferences
    542.8 ms  ✓ PrecompileTools
   4539.6 ms  ✓ MacroTools
   3661.0 ms  ✓ SparseArrays
    594.2 ms  ✓ SimpleTraits
    506.6 ms  ✓ Statistics → SparseArraysExt
  10559.2 ms  ✓ StaticArrays
    553.6 ms  ✓ StaticArrays → StaticArraysStatisticsExt
   1051.3 ms  ✓ ArnoldiMethod
   3227.0 ms  ✓ Graphs
  19 dependencies successfully precompiled in 18 seconds. 7 already precompiled.
	Command being timed: "nice -n -10 timeout -k120 -v 3600 julia +alpha --project=G/Graphs/Graph-Construction -e using Pkg; @time @eval Pkg.precompile()"
	User time (seconds): 170.24
	System time (seconds): 8.59
	Percent of CPU this job got: 138%
	Elapsed (wall clock) time (h:mm:ss or m:ss): 2:08.80
	Average shared text size (kbytes): 0
	Average unshared data size (kbytes): 0
	Average stack size (kbytes): 0
	Average total size (kbytes): 0
	Maximum resident set size (kbytes): 2585816
	Average resident set size (kbytes): 0
	Major (requiring I/O) page faults: 194
	Minor (reclaiming a frame) page faults: 3443619
	Voluntary context switches: 8618
	Involuntary context switches: 1607
	Swaps: 0
	File system inputs: 0
	File system outputs: 444296
	Socket messages sent: 0
	Socket messages received: 0
	Signals delivered: 0
	Page size (bytes): 4096
	Exit status: 0
