nice: cannot set niceness: Permission denied
Precompiling packages...
  72829.4 ms  ✓ Pkg (serial)
  1 dependency successfully precompiled in 73 seconds
Precompiling packages...
    982.4 ms  ✓ Unicode
   1073.1 ms  ✓ StaticArraysCore
   1096.4 ms  ✓ SuiteSparse_jll
   1195.5 ms  ✓ Statistics
   1267.9 ms  ✓ Inflate
   1318.4 ms  ✓ Serialization
    807.7 ms  ✓ Preferences
    437.2 ms  ✓ PrecompileTools
   2442.1 ms  ✓ OrderedCollections
   2869.0 ms  ✓ InteractiveUtils
   3740.5 ms  ✓ MacroTools
   1681.4 ms  ✓ DataStructures
    633.7 ms  ✓ SimpleTraits
   4380.6 ms  ✓ SparseArrays
    470.6 ms  ✓ Statistics → SparseArraysExt
   6306.1 ms  ✓ StaticArrays
    450.3 ms  ✓ StaticArrays → StaticArraysStatisticsExt
   1823.0 ms  ✓ ArnoldiMethod
   3769.6 ms  ✓ Graphs
  19 dependencies successfully precompiled in 14 seconds. 7 already precompiled.
	Command being timed: "nice -n -10 timeout -k120 -v 3600 julia +1.12.3 --project=G/Graphs/Graph-Construction -e using Pkg; @time @eval Pkg.precompile()"
	User time (seconds): 149.06
	System time (seconds): 7.91
	Percent of CPU this job got: 179%
	Elapsed (wall clock) time (h:mm:ss or m:ss): 1:27.68
	Average shared text size (kbytes): 0
	Average unshared data size (kbytes): 0
	Average stack size (kbytes): 0
	Average total size (kbytes): 0
	Maximum resident set size (kbytes): 2095500
	Average resident set size (kbytes): 0
	Major (requiring I/O) page faults: 177
	Minor (reclaiming a frame) page faults: 2714127
	Voluntary context switches: 7828
	Involuntary context switches: 4160
	Swaps: 0
	File system inputs: 0
	File system outputs: 415048
	Socket messages sent: 0
	Socket messages received: 0
	Signals delivered: 0
	Page size (bytes): 4096
	Exit status: 0
