nice: cannot set niceness: Permission denied
Precompiling packages...
    489.2 ms  ✓ StaticArraysCore
    495.7 ms  ✓ Inflate
    660.7 ms  ✓ Serialization
    825.8 ms  ✓ SuiteSparse_jll
    597.6 ms  ✓ Statistics
    484.4 ms  ✓ Unicode
    683.2 ms  ✓ OrderedCollections
   1231.1 ms  ✓ InteractiveUtils
   1648.1 ms  ✓ DataStructures
   1860.2 ms  ✓ Preferences
    543.5 ms  ✓ PrecompileTools
   4592.9 ms  ✓ MacroTools
   3711.4 ms  ✓ SparseArrays
    586.3 ms  ✓ SimpleTraits
    513.8 ms  ✓ Statistics → SparseArraysExt
  10709.0 ms  ✓ StaticArrays
    538.4 ms  ✓ StaticArrays → StaticArraysStatisticsExt
   1068.3 ms  ✓ ArnoldiMethod
   3226.4 ms  ✓ Graphs
  19 dependencies successfully precompiled in 19 seconds. 7 already precompiled.
	Command being timed: "nice -n -10 timeout -k120 -v 3600 julia +alpha --project=G/Graphs/Graph-Construction -e using Pkg; @time @eval Pkg.precompile()"
	User time (seconds): 171.26
	System time (seconds): 8.86
	Percent of CPU this job got: 138%
	Elapsed (wall clock) time (h:mm:ss or m:ss): 2:09.69
	Average shared text size (kbytes): 0
	Average unshared data size (kbytes): 0
	Average stack size (kbytes): 0
	Average total size (kbytes): 0
	Maximum resident set size (kbytes): 2590684
	Average resident set size (kbytes): 0
	Major (requiring I/O) page faults: 238
	Minor (reclaiming a frame) page faults: 3506919
	Voluntary context switches: 8675
	Involuntary context switches: 2219
	Swaps: 0
	File system inputs: 0
	File system outputs: 443944
	Socket messages sent: 0
	Socket messages received: 0
	Signals delivered: 0
	Page size (bytes): 4096
	Exit status: 0
