nice: cannot set niceness: Permission denied
Precompiling packages...
    502.4 ms  ✓ StaticArraysCore
    531.1 ms  ✓ Inflate
    691.9 ms  ✓ Serialization
    822.2 ms  ✓ SuiteSparse_jll
    616.9 ms  ✓ Statistics
    487.1 ms  ✓ Unicode
    686.8 ms  ✓ OrderedCollections
   1262.8 ms  ✓ InteractiveUtils
   1600.3 ms  ✓ Preferences
   1627.5 ms  ✓ DataStructures
    396.2 ms  ✓ PrecompileTools
   3902.2 ms  ✓ MacroTools
    631.3 ms  ✓ SimpleTraits
   3543.5 ms  ✓ SparseArrays
    509.5 ms  ✓ Statistics → SparseArraysExt
   9033.7 ms  ✓ StaticArrays
    489.8 ms  ✓ StaticArrays → StaticArraysStatisticsExt
   1048.5 ms  ✓ ArnoldiMethod
   3270.9 ms  ✓ Graphs
  19 dependencies successfully precompiled in 17 seconds. 7 already precompiled.
	Command being timed: "nice -n -10 timeout -k120 -v 3600 julia +nightly --project=G/Graphs/Graph-Construction -e using Pkg; @time @eval Pkg.precompile()"
	User time (seconds): 159.71
	System time (seconds): 8.40
	Percent of CPU this job got: 138%
	Elapsed (wall clock) time (h:mm:ss or m:ss): 2:01.28
	Average shared text size (kbytes): 0
	Average unshared data size (kbytes): 0
	Average stack size (kbytes): 0
	Average total size (kbytes): 0
	Maximum resident set size (kbytes): 2224456
	Average resident set size (kbytes): 0
	Major (requiring I/O) page faults: 335
	Minor (reclaiming a frame) page faults: 3255332
	Voluntary context switches: 8905
	Involuntary context switches: 2389
	Swaps: 0
	File system inputs: 0
	File system outputs: 444704
	Socket messages sent: 0
	Socket messages received: 0
	Signals delivered: 0
	Page size (bytes): 4096
	Exit status: 0
