nice: cannot set niceness: Permission denied
Precompiling packages...
    728.9 ms  ✓ StaticArraysCore
    760.3 ms  ✓ Inflate
    972.0 ms  ✓ Serialization
   1209.9 ms  ✓ SuiteSparse_jll
    862.9 ms  ✓ Statistics
    892.1 ms  ✓ OrderedCollections
    773.5 ms  ✓ Unicode
   1728.2 ms  ✓ InteractiveUtils
   2226.9 ms  ✓ DataStructures
   2176.7 ms  ✓ Preferences
    518.7 ms  ✓ PrecompileTools
   5781.6 ms  ✓ MacroTools
   4279.7 ms  ✓ SparseArrays
    820.4 ms  ✓ SimpleTraits
    743.4 ms  ✓ Statistics → SparseArraysExt
  13215.7 ms  ✓ StaticArrays
    649.3 ms  ✓ StaticArrays → StaticArraysStatisticsExt
   1370.5 ms  ✓ ArnoldiMethod
   4281.1 ms  ✓ Graphs
  19 dependencies successfully precompiled in 23 seconds. 7 already precompiled.
	Command being timed: "nice -n -10 timeout -k120 -v 3600 julia +alpha --project=G/Graphs/Graph-Construction -e using Pkg; @time @eval Pkg.precompile()"
	User time (seconds): 229.06
	System time (seconds): 10.94
	Percent of CPU this job got: 138%
	Elapsed (wall clock) time (h:mm:ss or m:ss): 2:53.91
	Average shared text size (kbytes): 0
	Average unshared data size (kbytes): 0
	Average stack size (kbytes): 0
	Average total size (kbytes): 0
	Maximum resident set size (kbytes): 2600452
	Average resident set size (kbytes): 0
	Major (requiring I/O) page faults: 185
	Minor (reclaiming a frame) page faults: 3431544
	Voluntary context switches: 7831
	Involuntary context switches: 3008
	Swaps: 0
	File system inputs: 0
	File system outputs: 438592
	Socket messages sent: 0
	Socket messages received: 0
	Signals delivered: 0
	Page size (bytes): 4096
	Exit status: 0
