nice: cannot set niceness: Permission denied
Precompiling packages...
  73247.3 ms  ✓ Pkg (serial)
  1 dependency successfully precompiled in 73 seconds
Precompiling packages...
    946.1 ms  ✓ Unicode
   1033.4 ms  ✓ StaticArraysCore
   1044.8 ms  ✓ Inflate
   1069.7 ms  ✓ SuiteSparse_jll
   1143.7 ms  ✓ Statistics
   1374.3 ms  ✓ Serialization
    800.3 ms  ✓ Preferences
    442.0 ms  ✓ PrecompileTools
   2282.0 ms  ✓ OrderedCollections
   2826.7 ms  ✓ InteractiveUtils
   3760.4 ms  ✓ MacroTools
   1711.9 ms  ✓ DataStructures
    625.5 ms  ✓ SimpleTraits
   4383.8 ms  ✓ SparseArrays
    466.4 ms  ✓ Statistics → SparseArraysExt
   6396.3 ms  ✓ StaticArrays
    454.3 ms  ✓ StaticArrays → StaticArraysStatisticsExt
   1824.2 ms  ✓ ArnoldiMethod
   3763.1 ms  ✓ Graphs
  19 dependencies successfully precompiled in 14 seconds. 7 already precompiled.
	Command being timed: "nice -n -10 timeout -k120 -v 3600 julia +1.12.3 --project=G/Graphs/Graph-Construction -e using Pkg; @time @eval Pkg.precompile()"
	User time (seconds): 150.24
	System time (seconds): 8.08
	Percent of CPU this job got: 179%
	Elapsed (wall clock) time (h:mm:ss or m:ss): 1:28.14
	Average shared text size (kbytes): 0
	Average unshared data size (kbytes): 0
	Average stack size (kbytes): 0
	Average total size (kbytes): 0
	Maximum resident set size (kbytes): 2094860
	Average resident set size (kbytes): 0
	Major (requiring I/O) page faults: 200
	Minor (reclaiming a frame) page faults: 2768200
	Voluntary context switches: 7954
	Involuntary context switches: 4230
	Swaps: 0
	File system inputs: 0
	File system outputs: 414896
	Socket messages sent: 0
	Socket messages received: 0
	Signals delivered: 0
	Page size (bytes): 4096
	Exit status: 0
