nice: cannot set niceness: Permission denied
Precompiling packages...
   1095.3 ms  ✓ InteractiveUtils
   1792.6 ms  ✓ Preferences
    381.3 ms  ✓ PrecompileTools
  60544.3 ms  ✓ REPL
   8684.3 ms  ✓ Pkg → REPLExt
   9768.2 ms  ✓ ShareAdd
  6 dependencies successfully precompiled in 80 seconds. 27 already precompiled.
	Command being timed: "nice -n -10 timeout -k120 -v 3600 julia +nightly --project=S/ShareAdd/Get-Info-On-Stdlib-In-Internal-Shareadd-Format -e using Pkg; @time @eval Pkg.precompile()"
	User time (seconds): 260.62
	System time (seconds): 10.14
	Percent of CPU this job got: 142%
	Elapsed (wall clock) time (h:mm:ss or m:ss): 3:09.45
	Average shared text size (kbytes): 0
	Average unshared data size (kbytes): 0
	Average stack size (kbytes): 0
	Average total size (kbytes): 0
	Maximum resident set size (kbytes): 2612980
	Average resident set size (kbytes): 0
	Major (requiring I/O) page faults: 260
	Minor (reclaiming a frame) page faults: 4003309
	Voluntary context switches: 7863
	Involuntary context switches: 2798
	Swaps: 0
	File system inputs: 0
	File system outputs: 498296
	Socket messages sent: 0
	Socket messages received: 0
	Signals delivered: 0
	Page size (bytes): 4096
	Exit status: 0
