nice: cannot set niceness: Permission denied
Precompiling packages...
   1480.7 ms  ✓ nghttp2_jll
   1564.1 ms  ✓ Logging
   1570.0 ms  ✓ MozillaCACerts_jll
   1661.5 ms  ✓ Zlib_jll
   1664.9 ms  ✓ UUIDs
   1699.5 ms  ✓ OpenSSL_jll
   1668.9 ms  ✓ CompilerSupportLibraries_jll
   1699.5 ms  ✓ Unicode
   1792.1 ms  ✓ NetworkOptions
   1804.0 ms  ✓ Base64
    477.9 ms  ✓ LibSSH2_jll
    570.4 ms  ✓ p7zip_jll
    673.2 ms  ✓ Printf
    479.9 ms  ✓ LibCURL_jll
    481.6 ms  ✓ LibGit2_jll
   3181.2 ms  ✓ ArgTools
    764.4 ms  ✓ LibCURL
    632.9 ms  ✓ Tar
   2869.8 ms  ✓ Dates
   3025.9 ms  ✓ LibGit2
    446.7 ms  ✓ TOML
   2986.1 ms  ✓ Downloads
   9149.3 ms  ✓ StyledStrings
   1662.4 ms  ✓ JuliaSyntaxHighlighting
   3719.7 ms  ✓ Markdown
  46103.0 ms  ✓ Pkg
  26 dependencies successfully precompiled in 61 seconds
Precompiling packages...
    529.7 ms  ✓ Preferences
    353.0 ms  ✓ PrecompileTools
   1816.5 ms  ✓ InteractiveUtils
  23583.1 ms  ✓ REPL
   4147.1 ms  ✓ Pkg → REPLExt
   4615.6 ms  ✓ ShareAdd
  6 dependencies successfully precompiled in 34 seconds. 26 already precompiled.
	Command being timed: "nice -n -10 timeout -k120 -v 3600 julia +release --project=S/ShareAdd/Get-Info-On-Stdlib-In-Internal-Shareadd-Format -e using Pkg; @time @eval Pkg.precompile()"
	User time (seconds): 185.42
	System time (seconds): 7.74
	Percent of CPU this job got: 202%
	Elapsed (wall clock) time (h:mm:ss or m:ss): 1:35.51
	Average shared text size (kbytes): 0
	Average unshared data size (kbytes): 0
	Average stack size (kbytes): 0
	Average total size (kbytes): 0
	Maximum resident set size (kbytes): 2148140
	Average resident set size (kbytes): 0
	Major (requiring I/O) page faults: 199
	Minor (reclaiming a frame) page faults: 2576569
	Voluntary context switches: 7244
	Involuntary context switches: 5847
	Swaps: 0
	File system inputs: 0
	File system outputs: 430232
	Socket messages sent: 0
	Socket messages received: 0
	Signals delivered: 0
	Page size (bytes): 4096
	Exit status: 0
