nice: cannot set niceness: Permission denied
Precompiling packages...
   1525.9 ms  ✓ OpenSSL_jll
   1619.2 ms  ✓ CompilerSupportLibraries_jll
   1617.6 ms  ✓ Logging
   1697.2 ms  ✓ MozillaCACerts_jll
   1731.4 ms  ✓ nghttp2_jll
   1728.2 ms  ✓ UUIDs
   1803.6 ms  ✓ NetworkOptions
   1810.7 ms  ✓ Zlib_jll
   1815.3 ms  ✓ Unicode
   1927.0 ms  ✓ Base64
    671.1 ms  ✓ LibSSH2_jll
    687.3 ms  ✓ p7zip_jll
    651.6 ms  ✓ Printf
    483.4 ms  ✓ LibGit2_jll
    492.6 ms  ✓ LibCURL_jll
   3233.3 ms  ✓ ArgTools
    763.8 ms  ✓ LibCURL
    633.2 ms  ✓ Tar
   2893.6 ms  ✓ Dates
   3058.2 ms  ✓ LibGit2
    435.5 ms  ✓ TOML
   3020.9 ms  ✓ Downloads
   9269.7 ms  ✓ StyledStrings
   1662.6 ms  ✓ JuliaSyntaxHighlighting
   3716.1 ms  ✓ Markdown
  46039.5 ms  ✓ Pkg
  26 dependencies successfully precompiled in 61 seconds
Precompiling packages...
    522.7 ms  ✓ Preferences
    351.4 ms  ✓ PrecompileTools
   1821.3 ms  ✓ InteractiveUtils
  23800.7 ms  ✓ REPL
   4166.5 ms  ✓ Pkg → REPLExt
   4632.7 ms  ✓ ShareAdd
  6 dependencies successfully precompiled in 34 seconds. 26 already precompiled.
	Command being timed: "nice -n -10 timeout -k120 -v 3600 julia +1.12.3 --project=S/ShareAdd/Get-Info-On-Stdlib-In-Internal-Shareadd-Format -e using Pkg; @time @eval Pkg.precompile()"
	User time (seconds): 186.25
	System time (seconds): 8.00
	Percent of CPU this job got: 202%
	Elapsed (wall clock) time (h:mm:ss or m:ss): 1:35.86
	Average shared text size (kbytes): 0
	Average unshared data size (kbytes): 0
	Average stack size (kbytes): 0
	Average total size (kbytes): 0
	Maximum resident set size (kbytes): 2153928
	Average resident set size (kbytes): 0
	Major (requiring I/O) page faults: 237
	Minor (reclaiming a frame) page faults: 2577658
	Voluntary context switches: 7445
	Involuntary context switches: 6123
	Swaps: 0
	File system inputs: 0
	File system outputs: 431488
	Socket messages sent: 0
	Socket messages received: 0
	Signals delivered: 0
	Page size (bytes): 4096
	Exit status: 0
