nice: cannot set niceness: Permission denied
Precompiling packages...
   1405.7 ms  ✓ UUIDs
   1584.5 ms  ✓ Logging
   1601.0 ms  ✓ CompilerSupportLibraries_jll
   1679.6 ms  ✓ Zlib_jll
   1695.5 ms  ✓ nghttp2_jll
   1691.3 ms  ✓ MozillaCACerts_jll
   1723.0 ms  ✓ OpenSSL_jll
   1729.3 ms  ✓ Unicode
   1787.0 ms  ✓ NetworkOptions
   1814.7 ms  ✓ Base64
    497.5 ms  ✓ LibSSH2_jll
    610.3 ms  ✓ p7zip_jll
    661.2 ms  ✓ Printf
    444.8 ms  ✓ LibGit2_jll
    451.5 ms  ✓ LibCURL_jll
   3185.0 ms  ✓ ArgTools
    766.1 ms  ✓ LibCURL
    625.1 ms  ✓ Tar
   2878.8 ms  ✓ Dates
    449.7 ms  ✓ TOML
   3101.6 ms  ✓ LibGit2
   2953.6 ms  ✓ Downloads
   9199.5 ms  ✓ StyledStrings
   1701.4 ms  ✓ JuliaSyntaxHighlighting
   3990.4 ms  ✓ Markdown
  47466.4 ms  ✓ Pkg
  26 dependencies successfully precompiled in 62 seconds
Precompiling packages...
    531.1 ms  ✓ Preferences
    342.7 ms  ✓ PrecompileTools
   1838.3 ms  ✓ InteractiveUtils
  23849.7 ms  ✓ REPL
   4186.2 ms  ✓ Pkg → REPLExt
   4811.6 ms  ✓ ShareAdd
  6 dependencies successfully precompiled in 35 seconds. 26 already precompiled.
	Command being timed: "nice -n -10 timeout -k120 -v 3600 julia +release --project=S/ShareAdd/Get-Info-On-Stdlib-In-Internal-Shareadd-Format -e using Pkg; @time @eval Pkg.precompile()"
	User time (seconds): 188.87
	System time (seconds): 7.92
	Percent of CPU this job got: 200%
	Elapsed (wall clock) time (h:mm:ss or m:ss): 1:37.92
	Average shared text size (kbytes): 0
	Average unshared data size (kbytes): 0
	Average stack size (kbytes): 0
	Average total size (kbytes): 0
	Maximum resident set size (kbytes): 2167364
	Average resident set size (kbytes): 0
	Major (requiring I/O) page faults: 232
	Minor (reclaiming a frame) page faults: 2590076
	Voluntary context switches: 7123
	Involuntary context switches: 5623
	Swaps: 0
	File system inputs: 0
	File system outputs: 435888
	Socket messages sent: 0
	Socket messages received: 0
	Signals delivered: 0
	Page size (bytes): 4096
	Exit status: 0
