nice: cannot set niceness: Permission denied
Precompiling packages...
   1413.6 ms  ✓ MozillaCACerts_jll
   1439.0 ms  ✓ UUIDs
   1526.7 ms  ✓ Unicode
   1566.0 ms  ✓ OpenSSL_jll
   1610.9 ms  ✓ Logging
   1643.6 ms  ✓ nghttp2_jll
   1718.3 ms  ✓ Zlib_jll
   1745.6 ms  ✓ CompilerSupportLibraries_jll
   1752.5 ms  ✓ NetworkOptions
   1845.2 ms  ✓ Base64
    584.5 ms  ✓ LibSSH2_jll
    798.6 ms  ✓ Printf
    610.2 ms  ✓ p7zip_jll
    504.0 ms  ✓ LibCURL_jll
    505.6 ms  ✓ LibGit2_jll
   3269.3 ms  ✓ ArgTools
    756.6 ms  ✓ LibCURL
    645.3 ms  ✓ Tar
   2964.1 ms  ✓ Dates
   2992.9 ms  ✓ LibGit2
    433.3 ms  ✓ TOML
   3026.7 ms  ✓ Downloads
   9263.3 ms  ✓ StyledStrings
   1669.9 ms  ✓ JuliaSyntaxHighlighting
   3725.5 ms  ✓ Markdown
  46003.7 ms  ✓ Pkg
  26 dependencies successfully precompiled in 61 seconds
Precompiling packages...
    524.5 ms  ✓ Preferences
    362.7 ms  ✓ PrecompileTools
   1825.2 ms  ✓ InteractiveUtils
  23546.4 ms  ✓ REPL
   3989.4 ms  ✓ Pkg → REPLExt
   4620.2 ms  ✓ ShareAdd
  6 dependencies successfully precompiled in 34 seconds. 26 already precompiled.
	Command being timed: "nice -n -10 timeout -k120 -v 3600 julia +release --project=S/ShareAdd/Get-Info-On-Stdlib-In-Internal-Shareadd-Format -e using Pkg; @time @eval Pkg.precompile()"
	User time (seconds): 185.18
	System time (seconds): 8.22
	Percent of CPU this job got: 202%
	Elapsed (wall clock) time (h:mm:ss or m:ss): 1:35.38
	Average shared text size (kbytes): 0
	Average unshared data size (kbytes): 0
	Average stack size (kbytes): 0
	Average total size (kbytes): 0
	Maximum resident set size (kbytes): 2157664
	Average resident set size (kbytes): 0
	Major (requiring I/O) page faults: 207
	Minor (reclaiming a frame) page faults: 2630669
	Voluntary context switches: 7093
	Involuntary context switches: 6052
	Swaps: 0
	File system inputs: 0
	File system outputs: 430896
	Socket messages sent: 0
	Socket messages received: 0
	Signals delivered: 0
	Page size (bytes): 4096
	Exit status: 0
