nice: cannot set niceness: Permission denied
Precompiling packages...
   1010.8 ms  ✓ InteractiveUtils
   1597.5 ms  ✓ Preferences
    361.3 ms  ✓ PrecompileTools
  47119.1 ms  ✓ REPL
   7623.5 ms  ✓ Pkg → REPLExt
   9512.3 ms  ✓ ShareAdd
  6 dependencies successfully precompiled in 65 seconds. 27 already precompiled.
	Command being timed: "nice -n -10 timeout -k120 -v 3600 julia +alpha --project=S/ShareAdd/Get-Info-On-Stdlib-In-Internal-Shareadd-Format -e using Pkg; @time @eval Pkg.precompile()"
	User time (seconds): 223.93
	System time (seconds): 9.52
	Percent of CPU this job got: 145%
	Elapsed (wall clock) time (h:mm:ss or m:ss): 2:40.74
	Average shared text size (kbytes): 0
	Average unshared data size (kbytes): 0
	Average stack size (kbytes): 0
	Average total size (kbytes): 0
	Maximum resident set size (kbytes): 2763452
	Average resident set size (kbytes): 0
	Major (requiring I/O) page faults: 197
	Minor (reclaiming a frame) page faults: 3895656
	Voluntary context switches: 8703
	Involuntary context switches: 2242
	Swaps: 0
	File system inputs: 0
	File system outputs: 473984
	Socket messages sent: 0
	Socket messages received: 0
	Signals delivered: 0
	Page size (bytes): 4096
	Exit status: 0
