nice: cannot set niceness: Permission denied
Precompiling packages...
   1602.0 ms  ✓ MozillaCACerts_jll
   1637.0 ms  ✓ OpenSSL_jll
   1685.8 ms  ✓ UUIDs
   1679.9 ms  ✓ Zlib_jll
   1708.4 ms  ✓ Unicode
   1710.8 ms  ✓ Logging
   1719.3 ms  ✓ nghttp2_jll
   1713.7 ms  ✓ CompilerSupportLibraries_jll
   1821.0 ms  ✓ Base64
   1810.7 ms  ✓ NetworkOptions
    579.7 ms  ✓ LibSSH2_jll
    613.6 ms  ✓ p7zip_jll
    708.7 ms  ✓ Printf
    472.8 ms  ✓ LibCURL_jll
    480.3 ms  ✓ LibGit2_jll
   3234.5 ms  ✓ ArgTools
    771.3 ms  ✓ LibCURL
    647.4 ms  ✓ Tar
   2955.4 ms  ✓ Dates
   3026.4 ms  ✓ LibGit2
    457.6 ms  ✓ TOML
   3112.9 ms  ✓ Downloads
   9624.0 ms  ✓ StyledStrings
   1686.5 ms  ✓ JuliaSyntaxHighlighting
   3889.5 ms  ✓ Markdown
  47155.5 ms  ✓ Pkg
  26 dependencies successfully precompiled in 62 seconds
Precompiling packages...
    545.0 ms  ✓ Preferences
    377.1 ms  ✓ PrecompileTools
   1833.8 ms  ✓ InteractiveUtils
  26174.9 ms  ✓ REPL
   4082.8 ms  ✓ Pkg → REPLExt
   5171.6 ms  ✓ ShareAdd
  6 dependencies successfully precompiled in 37 seconds. 26 already precompiled.
	Command being timed: "nice -n -10 timeout -k120 -v 3600 julia +1.12.6 --project=S/ShareAdd/Get-Info-On-Stdlib-In-Internal-Shareadd-Format -e using Pkg; @time @eval Pkg.precompile()"
	User time (seconds): 196.21
	System time (seconds): 8.09
	Percent of CPU this job got: 203%
	Elapsed (wall clock) time (h:mm:ss or m:ss): 1:40.64
	Average shared text size (kbytes): 0
	Average unshared data size (kbytes): 0
	Average stack size (kbytes): 0
	Average total size (kbytes): 0
	Maximum resident set size (kbytes): 2180068
	Average resident set size (kbytes): 0
	Major (requiring I/O) page faults: 175
	Minor (reclaiming a frame) page faults: 2620012
	Voluntary context switches: 7918
	Involuntary context switches: 5988
	Swaps: 0
	File system inputs: 0
	File system outputs: 445696
	Socket messages sent: 0
	Socket messages received: 0
	Signals delivered: 0
	Page size (bytes): 4096
	Exit status: 0
