nice: cannot set niceness: Permission denied
Precompiling packages...
   1045.6 ms  ✓ InteractiveUtils
   1627.5 ms  ✓ Preferences
    362.3 ms  ✓ PrecompileTools
  48057.1 ms  ✓ REPL
   7663.2 ms  ✓ Pkg → REPLExt
  10297.6 ms  ✓ ShareAdd
  6 dependencies successfully precompiled in 67 seconds. 27 already precompiled.
	Command being timed: "nice -n -10 timeout -k120 -v 3600 julia +alpha --project=S/ShareAdd/Get-Info-On-Stdlib-In-Internal-Shareadd-Format -e using Pkg; @time @eval Pkg.precompile()"
	User time (seconds): 224.10
	System time (seconds): 9.55
	Percent of CPU this job got: 145%
	Elapsed (wall clock) time (h:mm:ss or m:ss): 2:40.50
	Average shared text size (kbytes): 0
	Average unshared data size (kbytes): 0
	Average stack size (kbytes): 0
	Average total size (kbytes): 0
	Maximum resident set size (kbytes): 2697164
	Average resident set size (kbytes): 0
	Major (requiring I/O) page faults: 224
	Minor (reclaiming a frame) page faults: 3830557
	Voluntary context switches: 8292
	Involuntary context switches: 2189
	Swaps: 0
	File system inputs: 0
	File system outputs: 476320
	Socket messages sent: 0
	Socket messages received: 0
	Signals delivered: 0
	Page size (bytes): 4096
	Exit status: 0
