nice: cannot set niceness: Permission denied
Precompiling packages...
   1427.7 ms  ✓ nghttp2_jll
   1521.4 ms  ✓ MozillaCACerts_jll
   1595.7 ms  ✓ UUIDs
   1593.5 ms  ✓ Logging
   1662.3 ms  ✓ OpenSSL_jll
   1627.5 ms  ✓ NetworkOptions
   1694.6 ms  ✓ Unicode
   1695.5 ms  ✓ CompilerSupportLibraries_jll
   1723.8 ms  ✓ Zlib_jll
   1741.7 ms  ✓ Base64
    511.7 ms  ✓ LibSSH2_jll
    548.6 ms  ✓ p7zip_jll
    644.2 ms  ✓ Printf
    476.6 ms  ✓ LibCURL_jll
    519.8 ms  ✓ LibGit2_jll
   3236.6 ms  ✓ ArgTools
    771.7 ms  ✓ LibCURL
    622.6 ms  ✓ Tar
   2951.0 ms  ✓ Dates
   2981.7 ms  ✓ LibGit2
    440.8 ms  ✓ TOML
   3071.9 ms  ✓ Downloads
   9240.9 ms  ✓ StyledStrings
   1631.5 ms  ✓ JuliaSyntaxHighlighting
   3797.2 ms  ✓ Markdown
  46512.0 ms  ✓ Pkg
  26 dependencies successfully precompiled in 61 seconds
Precompiling packages...
    519.9 ms  ✓ Preferences
    343.1 ms  ✓ PrecompileTools
   1842.7 ms  ✓ InteractiveUtils
  23960.0 ms  ✓ REPL
   4221.4 ms  ✓ Pkg → REPLExt
   4874.4 ms  ✓ ShareAdd
  6 dependencies successfully precompiled in 35 seconds. 26 already precompiled.
	Command being timed: "nice -n -10 timeout -k120 -v 3600 julia +1.12.5 --project=S/ShareAdd/Get-Info-On-Stdlib-In-Internal-Shareadd-Format -e using Pkg; @time @eval Pkg.precompile()"
	User time (seconds): 187.32
	System time (seconds): 7.89
	Percent of CPU this job got: 201%
	Elapsed (wall clock) time (h:mm:ss or m:ss): 1:36.86
	Average shared text size (kbytes): 0
	Average unshared data size (kbytes): 0
	Average stack size (kbytes): 0
	Average total size (kbytes): 0
	Maximum resident set size (kbytes): 2168564
	Average resident set size (kbytes): 0
	Major (requiring I/O) page faults: 192
	Minor (reclaiming a frame) page faults: 2588406
	Voluntary context switches: 7193
	Involuntary context switches: 5904
	Swaps: 0
	File system inputs: 0
	File system outputs: 432904
	Socket messages sent: 0
	Socket messages received: 0
	Signals delivered: 0
	Page size (bytes): 4096
	Exit status: 0
