nice: cannot set niceness: Permission denied
Precompiling packages...
   1110.3 ms  ✓ InteractiveUtils
   1284.9 ms  ✓ Preferences
    362.1 ms  ✓ PrecompileTools
  45513.3 ms  ✓ REPL
   6653.0 ms  ✓ Pkg → REPLExt
   8558.0 ms  ✓ ShareAdd
  6 dependencies successfully precompiled in 62 seconds. 27 already precompiled.
	Command being timed: "nice -n -10 timeout -k120 -v 3600 julia +alpha --project=S/ShareAdd/Get-Info-On-Stdlib-In-Internal-Shareadd-Format -e using Pkg; @time @eval Pkg.precompile()"
	User time (seconds): 212.49
	System time (seconds): 9.44
	Percent of CPU this job got: 146%
	Elapsed (wall clock) time (h:mm:ss or m:ss): 2:31.36
	Average shared text size (kbytes): 0
	Average unshared data size (kbytes): 0
	Average stack size (kbytes): 0
	Average total size (kbytes): 0
	Maximum resident set size (kbytes): 2649156
	Average resident set size (kbytes): 0
	Major (requiring I/O) page faults: 203
	Minor (reclaiming a frame) page faults: 3699910
	Voluntary context switches: 7585
	Involuntary context switches: 2499
	Swaps: 0
	File system inputs: 0
	File system outputs: 469896
	Socket messages sent: 0
	Socket messages received: 0
	Signals delivered: 0
	Page size (bytes): 4096
	Exit status: 0
