nice: cannot set niceness: Permission denied
Precompiling packages...
   1620.4 ms  ✓ Unicode
   1618.4 ms  ✓ MozillaCACerts_jll
   1617.5 ms  ✓ Logging
   1616.5 ms  ✓ Zlib_jll
   1622.6 ms  ✓ UUIDs
   1728.1 ms  ✓ nghttp2_jll
   1768.5 ms  ✓ OpenSSL_jll
   1792.3 ms  ✓ CompilerSupportLibraries_jll
   1801.9 ms  ✓ NetworkOptions
   1826.8 ms  ✓ Base64
    488.6 ms  ✓ LibSSH2_jll
    719.3 ms  ✓ Printf
    549.6 ms  ✓ p7zip_jll
    472.6 ms  ✓ LibGit2_jll
    471.1 ms  ✓ LibCURL_jll
   3212.4 ms  ✓ ArgTools
    748.0 ms  ✓ LibCURL
    621.2 ms  ✓ Tar
   3038.4 ms  ✓ Dates
   3080.7 ms  ✓ LibGit2
    459.1 ms  ✓ TOML
   3025.9 ms  ✓ Downloads
   9387.8 ms  ✓ StyledStrings
   1804.3 ms  ✓ JuliaSyntaxHighlighting
   3940.2 ms  ✓ Markdown
  49038.9 ms  ✓ Pkg
  26 dependencies successfully precompiled in 64 seconds
Precompiling packages...
    566.9 ms  ✓ Preferences
    390.6 ms  ✓ PrecompileTools
   2437.0 ms  ✓ InteractiveUtils
  61430.1 ms  ✓ REPL
   8439.4 ms  ✓ Pkg → REPLExt
   9078.2 ms  ✓ ShareAdd
  6 dependencies successfully precompiled in 81 seconds. 26 already precompiled.
	Command being timed: "nice -n -10 timeout -k120 -v 3600 julia +1.12.6 --project=S/ShareAdd/Get-Info-On-Stdlib-In-Internal-Shareadd-Format -e using Pkg; @time @eval Pkg.precompile()"
	User time (seconds): 270.85
	System time (seconds): 9.19
	Percent of CPU this job got: 190%
	Elapsed (wall clock) time (h:mm:ss or m:ss): 2:26.62
	Average shared text size (kbytes): 0
	Average unshared data size (kbytes): 0
	Average stack size (kbytes): 0
	Average total size (kbytes): 0
	Maximum resident set size (kbytes): 2182628
	Average resident set size (kbytes): 0
	Major (requiring I/O) page faults: 166
	Minor (reclaiming a frame) page faults: 2611965
	Voluntary context switches: 7431
	Involuntary context switches: 16174
	Swaps: 0
	File system inputs: 0
	File system outputs: 444352
	Socket messages sent: 0
	Socket messages received: 0
	Signals delivered: 0
	Page size (bytes): 4096
	Exit status: 0
