nice: cannot set niceness: Permission denied
Precompiling packages...
   1003.8 ms  ✓ InteractiveUtils
   1662.6 ms  ✓ Preferences
    567.9 ms  ✓ PrecompileTools
  49216.0 ms  ✓ REPL
   8931.0 ms  ✓ Pkg → REPLExt
  11415.6 ms  ✓ ShareAdd
  6 dependencies successfully precompiled in 71 seconds. 27 already precompiled.
	Command being timed: "nice -n -10 timeout -k120 -v 3600 julia +alpha --project=S/ShareAdd/Get-Info-On-Stdlib-In-Internal-Shareadd-Format -e using Pkg; @time @eval Pkg.precompile()"
	User time (seconds): 228.87
	System time (seconds): 9.41
	Percent of CPU this job got: 146%
	Elapsed (wall clock) time (h:mm:ss or m:ss): 2:42.73
	Average shared text size (kbytes): 0
	Average unshared data size (kbytes): 0
	Average stack size (kbytes): 0
	Average total size (kbytes): 0
	Maximum resident set size (kbytes): 2655220
	Average resident set size (kbytes): 0
	Major (requiring I/O) page faults: 232
	Minor (reclaiming a frame) page faults: 3782627
	Voluntary context switches: 7925
	Involuntary context switches: 2435
	Swaps: 0
	File system inputs: 0
	File system outputs: 476080
	Socket messages sent: 0
	Socket messages received: 0
	Signals delivered: 0
	Page size (bytes): 4096
	Exit status: 0
