nice: cannot set niceness: Permission denied
Precompiling packages...
   1092.7 ms  ✓ InteractiveUtils
   1298.1 ms  ✓ Preferences
    365.7 ms  ✓ PrecompileTools
  45776.6 ms  ✓ REPL
   6687.3 ms  ✓ Pkg → REPLExt
   8617.7 ms  ✓ ShareAdd
  6 dependencies successfully precompiled in 62 seconds. 27 already precompiled.
	Command being timed: "nice -n -10 timeout -k120 -v 3600 julia +alpha --project=S/ShareAdd/Get-Info-On-Stdlib-In-Internal-Shareadd-Format -e using Pkg; @time @eval Pkg.precompile()"
	User time (seconds): 212.48
	System time (seconds): 9.31
	Percent of CPU this job got: 146%
	Elapsed (wall clock) time (h:mm:ss or m:ss): 2:31.11
	Average shared text size (kbytes): 0
	Average unshared data size (kbytes): 0
	Average stack size (kbytes): 0
	Average total size (kbytes): 0
	Maximum resident set size (kbytes): 2606468
	Average resident set size (kbytes): 0
	Major (requiring I/O) page faults: 205
	Minor (reclaiming a frame) page faults: 3684653
	Voluntary context switches: 7816
	Involuntary context switches: 2129
	Swaps: 0
	File system inputs: 0
	File system outputs: 470160
	Socket messages sent: 0
	Socket messages received: 0
	Signals delivered: 0
	Page size (bytes): 4096
	Exit status: 0
