nice: cannot set niceness: Permission denied
Precompiling packages...
   1597.6 ms  ✓ Logging
   1601.2 ms  ✓ UUIDs
   1624.0 ms  ✓ MozillaCACerts_jll
   1634.5 ms  ✓ nghttp2_jll
   1674.1 ms  ✓ OpenSSL_jll
   1640.1 ms  ✓ Zlib_jll
   1720.5 ms  ✓ CompilerSupportLibraries_jll
   1726.9 ms  ✓ Unicode
   1747.0 ms  ✓ NetworkOptions
   1804.1 ms  ✓ Base64
    515.7 ms  ✓ LibSSH2_jll
    545.6 ms  ✓ p7zip_jll
    651.5 ms  ✓ Printf
    473.9 ms  ✓ LibGit2_jll
    472.3 ms  ✓ LibCURL_jll
   3144.0 ms  ✓ ArgTools
    766.0 ms  ✓ LibCURL
    628.3 ms  ✓ Tar
   2901.2 ms  ✓ Dates
    444.7 ms  ✓ TOML
   3117.4 ms  ✓ LibGit2
   2931.8 ms  ✓ Downloads
   9243.6 ms  ✓ StyledStrings
   1612.8 ms  ✓ JuliaSyntaxHighlighting
   3758.5 ms  ✓ Markdown
  46056.5 ms  ✓ Pkg
  26 dependencies successfully precompiled in 61 seconds
Precompiling packages...
    531.4 ms  ✓ Preferences
    347.3 ms  ✓ PrecompileTools
   1805.6 ms  ✓ InteractiveUtils
  23969.3 ms  ✓ REPL
   4144.9 ms  ✓ Pkg → REPLExt
   4804.6 ms  ✓ ShareAdd
  6 dependencies successfully precompiled in 35 seconds. 26 already precompiled.
	Command being timed: "nice -n -10 timeout -k120 -v 3600 julia +release --project=S/ShareAdd/Get-Info-On-Stdlib-In-Internal-Shareadd-Format -e using Pkg; @time @eval Pkg.precompile()"
	User time (seconds): 185.41
	System time (seconds): 7.87
	Percent of CPU this job got: 200%
	Elapsed (wall clock) time (h:mm:ss or m:ss): 1:36.24
	Average shared text size (kbytes): 0
	Average unshared data size (kbytes): 0
	Average stack size (kbytes): 0
	Average total size (kbytes): 0
	Maximum resident set size (kbytes): 2178496
	Average resident set size (kbytes): 0
	Major (requiring I/O) page faults: 180
	Minor (reclaiming a frame) page faults: 2610690
	Voluntary context switches: 7615
	Involuntary context switches: 5874
	Swaps: 0
	File system inputs: 0
	File system outputs: 434856
	Socket messages sent: 0
	Socket messages received: 0
	Signals delivered: 0
	Page size (bytes): 4096
	Exit status: 0
