nice: cannot set niceness: Permission denied
Precompiling packages...
   1017.8 ms  ✓ InteractiveUtils
   1674.6 ms  ✓ Preferences
    535.7 ms  ✓ PrecompileTools
  48016.3 ms  ✓ REPL
   7762.8 ms  ✓ Pkg → REPLExt
  10279.8 ms  ✓ ShareAdd
  6 dependencies successfully precompiled in 67 seconds. 27 already precompiled.
	Command being timed: "nice -n -10 timeout -k120 -v 3600 julia +alpha --project=S/ShareAdd/Get-Info-On-Stdlib-In-Internal-Shareadd-Format -e using Pkg; @time @eval Pkg.precompile()"
	User time (seconds): 222.97
	System time (seconds): 9.29
	Percent of CPU this job got: 146%
	Elapsed (wall clock) time (h:mm:ss or m:ss): 2:38.95
	Average shared text size (kbytes): 0
	Average unshared data size (kbytes): 0
	Average stack size (kbytes): 0
	Average total size (kbytes): 0
	Maximum resident set size (kbytes): 2740228
	Average resident set size (kbytes): 0
	Major (requiring I/O) page faults: 205
	Minor (reclaiming a frame) page faults: 3799126
	Voluntary context switches: 7772
	Involuntary context switches: 2163
	Swaps: 0
	File system inputs: 0
	File system outputs: 476144
	Socket messages sent: 0
	Socket messages received: 0
	Signals delivered: 0
	Page size (bytes): 4096
	Exit status: 0
