nice: cannot set niceness: Permission denied
Precompiling packages...
   1138.8 ms  ✓ InteractiveUtils
   1418.6 ms  ✓ Preferences
    467.9 ms  ✓ PrecompileTools
  43142.4 ms  ✓ REPL
   6465.9 ms  ✓ Pkg → REPLExt
   7808.6 ms  ✓ ShareAdd
  6 dependencies successfully precompiled in 59 seconds. 27 already precompiled.
	Command being timed: "nice -n -10 timeout -k120 -v 3600 julia +nightly --project=S/ShareAdd/Get-Info-On-Stdlib-In-Internal-Shareadd-Format -e using Pkg; @time @eval Pkg.precompile()"
	User time (seconds): 206.11
	System time (seconds): 8.93
	Percent of CPU this job got: 148%
	Elapsed (wall clock) time (h:mm:ss or m:ss): 2:24.92
	Average shared text size (kbytes): 0
	Average unshared data size (kbytes): 0
	Average stack size (kbytes): 0
	Average total size (kbytes): 0
	Maximum resident set size (kbytes): 2236032
	Average resident set size (kbytes): 0
	Major (requiring I/O) page faults: 200
	Minor (reclaiming a frame) page faults: 3539019
	Voluntary context switches: 8045
	Involuntary context switches: 2309
	Swaps: 0
	File system inputs: 0
	File system outputs: 479008
	Socket messages sent: 0
	Socket messages received: 0
	Signals delivered: 0
	Page size (bytes): 4096
	Exit status: 0
