nice: cannot set niceness: Permission denied
Precompiling packages...
    725.8 ms  ✓ Preferences
    276.7 ms  ✓ PrecompileTools
   3422.3 ms  ✓ ShareAdd
  3 dependencies successfully precompiled in 5 seconds
	Command being timed: "nice -n -10 timeout -k120 -v 3600 julia +lts --project=S/ShareAdd/Get-Info-On-Stdlib-In-Internal-Shareadd-Format -e using Pkg; @time @eval Pkg.precompile()"
	User time (seconds): 7.05
	System time (seconds): 1.02
	Percent of CPU this job got: 133%
	Elapsed (wall clock) time (h:mm:ss or m:ss): 0:06.04
	Average shared text size (kbytes): 0
	Average unshared data size (kbytes): 0
	Average stack size (kbytes): 0
	Average total size (kbytes): 0
	Maximum resident set size (kbytes): 436292
	Average resident set size (kbytes): 0
	Major (requiring I/O) page faults: 10
	Minor (reclaiming a frame) page faults: 226013
	Voluntary context switches: 4479
	Involuntary context switches: 302
	Swaps: 0
	File system inputs: 0
	File system outputs: 44760
	Socket messages sent: 0
	Socket messages received: 0
	Signals delivered: 0
	Page size (bytes): 4096
	Exit status: 0
