nice: cannot set niceness: Permission denied
Precompiling packages...
   1116.7 ms  ✓ InteractiveUtils
   1413.7 ms  ✓ Preferences
    468.9 ms  ✓ PrecompileTools
  43108.3 ms  ✓ REPL
   6459.4 ms  ✓ Pkg → REPLExt
   7735.6 ms  ✓ ShareAdd
  6 dependencies successfully precompiled in 58 seconds. 27 already precompiled.
	Command being timed: "nice -n -10 timeout -k120 -v 3600 julia +nightly --project=S/ShareAdd/Get-Info-On-Stdlib-In-Internal-Shareadd-Format -e using Pkg; @time @eval Pkg.precompile()"
	User time (seconds): 206.17
	System time (seconds): 8.99
	Percent of CPU this job got: 148%
	Elapsed (wall clock) time (h:mm:ss or m:ss): 2:25.12
	Average shared text size (kbytes): 0
	Average unshared data size (kbytes): 0
	Average stack size (kbytes): 0
	Average total size (kbytes): 0
	Maximum resident set size (kbytes): 2316092
	Average resident set size (kbytes): 0
	Major (requiring I/O) page faults: 224
	Minor (reclaiming a frame) page faults: 3556078
	Voluntary context switches: 7469
	Involuntary context switches: 2231
	Swaps: 0
	File system inputs: 0
	File system outputs: 480088
	Socket messages sent: 0
	Socket messages received: 0
	Signals delivered: 0
	Page size (bytes): 4096
	Exit status: 0
