nice: cannot set niceness: Permission denied
Precompiling packages...
   1693.9 ms  ✓ UUIDs
   1691.4 ms  ✓ Logging
   1725.3 ms  ✓ OpenSSL_jll
   1711.5 ms  ✓ Zlib_jll
   1731.8 ms  ✓ Unicode
   1732.4 ms  ✓ MozillaCACerts_jll
   1817.1 ms  ✓ Base64
   1817.8 ms  ✓ CompilerSupportLibraries_jll
   1821.5 ms  ✓ nghttp2_jll
   1933.0 ms  ✓ NetworkOptions
    541.9 ms  ✓ LibSSH2_jll
    597.1 ms  ✓ p7zip_jll
    734.5 ms  ✓ Printf
    484.0 ms  ✓ LibGit2_jll
    482.5 ms  ✓ LibCURL_jll
   3340.3 ms  ✓ ArgTools
    790.2 ms  ✓ LibCURL
    656.3 ms  ✓ Tar
   2969.6 ms  ✓ Dates
   3112.0 ms  ✓ LibGit2
    480.3 ms  ✓ TOML
   3012.2 ms  ✓ Downloads
   9670.7 ms  ✓ StyledStrings
   1750.8 ms  ✓ JuliaSyntaxHighlighting
   3915.9 ms  ✓ Markdown
  47138.8 ms  ✓ Pkg
  26 dependencies successfully precompiled in 63 seconds
Precompiling packages...
    533.3 ms  ✓ Preferences
    358.0 ms  ✓ PrecompileTools
   1903.5 ms  ✓ InteractiveUtils
  25735.9 ms  ✓ REPL
   4290.7 ms  ✓ Pkg → REPLExt
   5212.3 ms  ✓ ShareAdd
  6 dependencies successfully precompiled in 37 seconds. 26 already precompiled.
	Command being timed: "nice -n -10 timeout -k120 -v 3600 julia +release --project=S/ShareAdd/Get-Info-On-Stdlib-In-Internal-Shareadd-Format -e using Pkg; @time @eval Pkg.precompile()"
	User time (seconds): 196.81
	System time (seconds): 8.29
	Percent of CPU this job got: 203%
	Elapsed (wall clock) time (h:mm:ss or m:ss): 1:40.63
	Average shared text size (kbytes): 0
	Average unshared data size (kbytes): 0
	Average stack size (kbytes): 0
	Average total size (kbytes): 0
	Maximum resident set size (kbytes): 2171552
	Average resident set size (kbytes): 0
	Major (requiring I/O) page faults: 198
	Minor (reclaiming a frame) page faults: 2638112
	Voluntary context switches: 7359
	Involuntary context switches: 6020
	Swaps: 0
	File system inputs: 0
	File system outputs: 445112
	Socket messages sent: 0
	Socket messages received: 0
	Signals delivered: 0
	Page size (bytes): 4096
	Exit status: 0
