nice: cannot set niceness: Permission denied
Precompiling packages...
   1514.6 ms  ✓ UUIDs
   1634.8 ms  ✓ Zlib_jll
   1653.4 ms  ✓ nghttp2_jll
   1652.4 ms  ✓ Base64
   1711.8 ms  ✓ Unicode
   1714.9 ms  ✓ MozillaCACerts_jll
   1720.4 ms  ✓ Logging
   1720.9 ms  ✓ NetworkOptions
   1780.6 ms  ✓ OpenSSL_jll
   1811.7 ms  ✓ CompilerSupportLibraries_jll
    462.9 ms  ✓ LibSSH2_jll
    628.9 ms  ✓ Printf
    534.5 ms  ✓ p7zip_jll
    460.2 ms  ✓ LibCURL_jll
    469.5 ms  ✓ LibGit2_jll
   3202.3 ms  ✓ ArgTools
    757.4 ms  ✓ LibCURL
    638.4 ms  ✓ Tar
   2924.1 ms  ✓ Dates
    456.8 ms  ✓ TOML
   3067.4 ms  ✓ LibGit2
   3003.9 ms  ✓ Downloads
   9147.8 ms  ✓ StyledStrings
   1666.5 ms  ✓ JuliaSyntaxHighlighting
   3704.0 ms  ✓ Markdown
  45415.1 ms  ✓ Pkg
  26 dependencies successfully precompiled in 60 seconds
Precompiling packages...
    528.4 ms  ✓ Preferences
    359.8 ms  ✓ PrecompileTools
   1819.5 ms  ✓ InteractiveUtils
  23454.8 ms  ✓ REPL
   4116.6 ms  ✓ Pkg → REPLExt
   4599.2 ms  ✓ ShareAdd
  6 dependencies successfully precompiled in 34 seconds. 26 already precompiled.
	Command being timed: "nice -n -10 timeout -k120 -v 3600 julia +1.12.3 --project=S/ShareAdd/Get-Info-On-Stdlib-In-Internal-Shareadd-Format -e using Pkg; @time @eval Pkg.precompile()"
	User time (seconds): 184.17
	System time (seconds): 8.01
	Percent of CPU this job got: 203%
	Elapsed (wall clock) time (h:mm:ss or m:ss): 1:34.67
	Average shared text size (kbytes): 0
	Average unshared data size (kbytes): 0
	Average stack size (kbytes): 0
	Average total size (kbytes): 0
	Maximum resident set size (kbytes): 2146556
	Average resident set size (kbytes): 0
	Major (requiring I/O) page faults: 192
	Minor (reclaiming a frame) page faults: 2588837
	Voluntary context switches: 6899
	Involuntary context switches: 6056
	Swaps: 0
	File system inputs: 0
	File system outputs: 430576
	Socket messages sent: 0
	Socket messages received: 0
	Signals delivered: 0
	Page size (bytes): 4096
	Exit status: 0
