nice: cannot set niceness: Permission denied
Precompiling packages...
   1623.0 ms  ✓ Logging
   1630.6 ms  ✓ nghttp2_jll
   1635.7 ms  ✓ UUIDs
   1707.8 ms  ✓ MozillaCACerts_jll
   1710.3 ms  ✓ Unicode
   1733.5 ms  ✓ Zlib_jll
   1770.1 ms  ✓ OpenSSL_jll
   1805.8 ms  ✓ CompilerSupportLibraries_jll
   1865.8 ms  ✓ Base64
   1897.4 ms  ✓ NetworkOptions
    528.1 ms  ✓ LibSSH2_jll
    598.9 ms  ✓ p7zip_jll
    717.4 ms  ✓ Printf
    478.4 ms  ✓ LibGit2_jll
    481.0 ms  ✓ LibCURL_jll
   3309.5 ms  ✓ ArgTools
    775.8 ms  ✓ LibCURL
    650.6 ms  ✓ Tar
   2942.9 ms  ✓ Dates
    469.9 ms  ✓ TOML
   3146.1 ms  ✓ LibGit2
   3095.2 ms  ✓ Downloads
   9556.6 ms  ✓ StyledStrings
   1660.7 ms  ✓ JuliaSyntaxHighlighting
   3966.6 ms  ✓ Markdown
  48581.9 ms  ✓ Pkg
  26 dependencies successfully precompiled in 64 seconds
Precompiling packages...
    536.8 ms  ✓ Preferences
    371.7 ms  ✓ PrecompileTools
   1874.7 ms  ✓ InteractiveUtils
  25771.8 ms  ✓ REPL
   4005.6 ms  ✓ Pkg → REPLExt
   5554.2 ms  ✓ ShareAdd
  6 dependencies successfully precompiled in 37 seconds. 26 already precompiled.
  24 dependencies precompiled but different versions are currently loaded (ArgTools, Base64, Dates, Downloads, JuliaSyntaxHighlighting, LibCURL, LibCURL_jll, LibGit2, LibGit2_jll, LibSSH2_jll, Logging, Markdown, MozillaCACerts_jll, NetworkOptions, OpenSSL_jll, Pkg, Printf, StyledStrings, TOML, Tar, UUIDs, Zlib_jll, nghttp2_jll and p7zip_jll). Restart julia to access the new versions. Otherwise, 6 dependents of these packages may trigger further precompilation to work with the unexpected versions.
	Command being timed: "nice -n -10 timeout -k120 -v 3600 julia +release --project=S/ShareAdd/Get-Info-On-Stdlib-In-Internal-Shareadd-Format -e using Pkg; @time @eval Pkg.precompile()"
	User time (seconds): 199.98
	System time (seconds): 8.06
	Percent of CPU this job got: 203%
	Elapsed (wall clock) time (h:mm:ss or m:ss): 1:42.11
	Average shared text size (kbytes): 0
	Average unshared data size (kbytes): 0
	Average stack size (kbytes): 0
	Average total size (kbytes): 0
	Maximum resident set size (kbytes): 2189968
	Average resident set size (kbytes): 0
	Major (requiring I/O) page faults: 194
	Minor (reclaiming a frame) page faults: 2643159
	Voluntary context switches: 7470
	Involuntary context switches: 6061
	Swaps: 0
	File system inputs: 0
	File system outputs: 453520
	Socket messages sent: 0
	Socket messages received: 0
	Signals delivered: 0
	Page size (bytes): 4096
	Exit status: 0
