Precompiling Pkg...
    979.3 ms  ✓ Unicode
    977.8 ms  ✓ MozillaCACerts_jll
    983.9 ms  ✓ Zlib_jll
   1087.6 ms  ✓ Logging
   1154.5 ms  ✓ Base64
   1152.2 ms  ✓ UUIDs
   1150.8 ms  ✓ NetworkOptions
   1172.2 ms  ✓ MbedTLS_jll
   1230.7 ms  ✓ nghttp2_jll
   1214.1 ms  ✓ p7zip_jll
    332.2 ms  ✓ LibSSH2_jll
    546.0 ms  ✓ Printf
    360.3 ms  ✓ LibCURL_jll
    366.2 ms  ✓ LibGit2_jll
   2113.3 ms  ✓ ArgTools
    600.9 ms  ✓ LibCURL
    562.3 ms  ✓ Tar
   2435.3 ms  ✓ Dates
   2881.4 ms  ✓ Markdown
   2361.6 ms  ✓ LibGit2
    369.2 ms  ✓ TOML
   2877.3 ms  ✓ Downloads
  38247.0 ms  ✓ Pkg
  23 dependencies successfully precompiled in 44 seconds
Precompiling project...
    495.2 ms  ✓ Preferences
    332.8 ms  ✓ PrecompileTools
    976.7 ms  ✓ InteractiveUtils
   6172.0 ms  ✓ StyledStrings
  31059.2 ms  ✓ REPL
   5177.8 ms  ✓ Pkg → REPLExt
   3473.2 ms  ✓ ShareAdd
  7 dependencies successfully precompiled in 46 seconds. 23 already precompiled.
	Command being timed: "julia +1.11.5 --project=S/ShareAdd/Get-Info-On-Stdlib-In-Internal-Shareadd-Format -e using Pkg; @time @eval Pkg.precompile()"
	User time (seconds): 175.77
	System time (seconds): 7.45
	Percent of CPU this job got: 202%
	Elapsed (wall clock) time (h:mm:ss or m:ss): 1:30.62
	Average shared text size (kbytes): 0
	Average unshared data size (kbytes): 0
	Average stack size (kbytes): 0
	Average total size (kbytes): 0
	Maximum resident set size (kbytes): 2038300
	Average resident set size (kbytes): 0
	Major (requiring I/O) page faults: 398
	Minor (reclaiming a frame) page faults: 2464777
	Voluntary context switches: 42725
	Involuntary context switches: 4098
	Swaps: 0
	File system inputs: 0
	File system outputs: 649032
	Socket messages sent: 0
	Socket messages received: 0
	Signals delivered: 0
	Page size (bytes): 4096
	Exit status: 0
