Precompiling Pkg...
    893.9 ms  ✓ MozillaCACerts_jll
    986.5 ms  ✓ Unicode
    996.9 ms  ✓ Zlib_jll
   1065.3 ms  ✓ Logging
   1163.7 ms  ✓ UUIDs
   1168.8 ms  ✓ Base64
   1202.9 ms  ✓ nghttp2_jll
   1183.0 ms  ✓ MbedTLS_jll
   1181.1 ms  ✓ NetworkOptions
   1196.2 ms  ✓ p7zip_jll
    320.3 ms  ✓ LibSSH2_jll
    527.1 ms  ✓ Printf
    389.4 ms  ✓ LibCURL_jll
    393.2 ms  ✓ LibGit2_jll
   2067.7 ms  ✓ ArgTools
    577.3 ms  ✓ LibCURL
    536.9 ms  ✓ Tar
   2388.4 ms  ✓ Dates
   2882.6 ms  ✓ Markdown
   2357.8 ms  ✓ LibGit2
    411.6 ms  ✓ TOML
   2867.8 ms  ✓ Downloads
  38039.6 ms  ✓ Pkg
  23 dependencies successfully precompiled in 44 seconds
Precompiling project...
    488.9 ms  ✓ Preferences
    328.6 ms  ✓ PrecompileTools
    979.5 ms  ✓ InteractiveUtils
   6219.6 ms  ✓ StyledStrings
  30932.9 ms  ✓ REPL
   5234.1 ms  ✓ Pkg → REPLExt
   3497.3 ms  ✓ ShareAdd
  7 dependencies successfully precompiled in 46 seconds. 23 already precompiled.
	Command being timed: "julia +1.11.5 --project=S/ShareAdd/Get-Info-On-Stdlib-In-Internal-Shareadd-Format -e using Pkg; @time @eval Pkg.precompile()"
	User time (seconds): 175.23
	System time (seconds): 7.51
	Percent of CPU this job got: 202%
	Elapsed (wall clock) time (h:mm:ss or m:ss): 1:30.44
	Average shared text size (kbytes): 0
	Average unshared data size (kbytes): 0
	Average stack size (kbytes): 0
	Average total size (kbytes): 0
	Maximum resident set size (kbytes): 2049236
	Average resident set size (kbytes): 0
	Major (requiring I/O) page faults: 229
	Minor (reclaiming a frame) page faults: 2457676
	Voluntary context switches: 42065
	Involuntary context switches: 3942
	Swaps: 0
	File system inputs: 0
	File system outputs: 648984
	Socket messages sent: 0
	Socket messages received: 0
	Signals delivered: 0
	Page size (bytes): 4096
	Exit status: 0
