nice: cannot set niceness: Permission denied
Precompiling packages...
  75562.3 ms  ✓ Pkg (serial)
  1 dependency successfully precompiled in 76 seconds
Precompiling packages...
   2456.8 ms  ✓ Reexport
   2647.9 ms  ✓ OpenLibm_jll
   2662.0 ms  ✓ Unicode
   2719.9 ms  ✓ CommonSolve
   2854.0 ms  ✓ InverseFunctions
   2808.1 ms  ✓ StatsAPI
   2913.5 ms  ✓ DataAPI
   3010.8 ms  ✓ ArgCheck
   3301.3 ms  ✓ CompilerSupportLibraries_jll
   3441.6 ms  ✓ Statistics
   3524.8 ms  ✓ DocStringExtensions
   3762.4 ms  ✓ Serialization
   2215.4 ms  ✓ SuiteSparse_jll
   5034.3 ms  ✓ FillArrays
   2409.6 ms  ✓ CompositionsBase
   2275.9 ms  ✓ PtrArrays
   2710.4 ms  ✓ ProgressLogging
   2394.0 ms  ✓ InverseFunctions → InverseFunctionsDatesExt
   3202.6 ms  ✓ Preferences
   1626.7 ms  ✓ FillArrays → FillArraysStatisticsExt
   1598.2 ms  ✓ CompositionsBase → CompositionsBaseInverseFunctionsExt
   1920.1 ms  ✓ AliasTables
   7739.4 ms  ✓ ConstructionBase
   1494.9 ms  ✓ JLLWrappers
   8073.7 ms  ✓ OrderedCollections
   6032.7 ms  ✓ Compat
   1302.6 ms  ✓ ConstructionBase → ConstructionBaseLinearAlgebraExt
   5717.0 ms  ✓ Missings
   1608.9 ms  ✓ Rmath_jll
   1716.2 ms  ✓ OpenSpecFun_jll
   9742.2 ms  ✓ IrrationalConstants
    893.4 ms  ✓ Compat → CompatLinearAlgebraExt
   7329.8 ms  ✓ InteractiveUtils
   1167.9 ms  ✓ Rmath
    931.1 ms  ✓ LogExpFunctions
   8804.6 ms  ✓ MacroTools
    887.5 ms  ✓ LogExpFunctions → LogExpFunctionsInverseFunctionsExt
   3509.8 ms  ✓ DataStructures
    809.9 ms  ✓ SortingAlgorithms
   3531.6 ms  ✓ ChainRulesCore
   9124.2 ms  ✓ SparseArrays
   2701.7 ms  ✓ QuadGK
   4279.4 ms  ✓ SpecialFunctions
    972.3 ms  ✓ SuiteSparse
   1260.1 ms  ✓ Statistics → SparseArraysExt
   1443.7 ms  ✓ FillArrays → FillArraysSparseArraysExt
   2458.9 ms  ✓ LogExpFunctions → LogExpFunctionsChainRulesCoreExt
   5001.7 ms  ✓ Accessors
   1611.0 ms  ✓ PDMats
   2299.3 ms  ✓ HypergeometricFunctions
   3777.5 ms  ✓ ChainRulesCore → ChainRulesCoreSparseArraysExt
   1352.8 ms  ✓ Accessors → LinearAlgebraExt
   7874.2 ms  ✓ Test
   1605.7 ms  ✓ FillArrays → FillArraysPDMatsExt
   3599.3 ms  ✓ SpecialFunctions → SpecialFunctionsChainRulesCoreExt
    748.9 ms  ✓ InverseFunctions → InverseFunctionsTestExt
    760.1 ms  ✓ Accessors → TestExt
    607.6 ms  ✓ DensityInterface
   4781.0 ms  ✓ StatsBase
   2923.1 ms  ✓ StatsFuns
    555.1 ms  ✓ PDMats → StatsBaseExt
    401.9 ms  ✓ StatsFuns → StatsFunsInverseFunctionsExt
   1111.2 ms  ✓ StatsFuns → StatsFunsChainRulesCoreExt
   3505.2 ms  ✓ Roots
    433.9 ms  ✓ Roots → RootsChainRulesCoreExt
   1505.4 ms  ✓ HiddenMarkovModels
   3794.9 ms  ✓ Distributions
    891.7 ms  ✓ Distributions → DistributionsDensityInterfaceExt
    913.9 ms  ✓ HiddenMarkovModels → HiddenMarkovModelsDistributionsExt
   1138.1 ms  ✓ Distributions → DistributionsTestExt
   1760.3 ms  ✓ Distributions → DistributionsChainRulesCoreExt
  71 dependencies successfully precompiled in 27 seconds. 9 already precompiled.
	Command being timed: "nice -n -10 timeout -k120 -v 3600 julia +release --project=H/HiddenMarkovModels/Estimate-Hmm-With-Baum-Welch -e using Pkg; @time @eval Pkg.precompile()"
	User time (seconds): 216.18
	System time (seconds): 17.23
	Percent of CPU this job got: 225%
	Elapsed (wall clock) time (h:mm:ss or m:ss): 1:43.53
	Average shared text size (kbytes): 0
	Average unshared data size (kbytes): 0
	Average stack size (kbytes): 0
	Average total size (kbytes): 0
	Maximum resident set size (kbytes): 2148032
	Average resident set size (kbytes): 0
	Major (requiring I/O) page faults: 343
	Minor (reclaiming a frame) page faults: 5017224
	Voluntary context switches: 15610
	Involuntary context switches: 10518
	Swaps: 0
	File system inputs: 0
	File system outputs: 483376
	Socket messages sent: 0
	Socket messages received: 0
	Signals delivered: 0
	Page size (bytes): 4096
	Exit status: 0
