nice: cannot set niceness: Permission denied
Precompiling packages...
  75151.9 ms  ✓ Pkg (serial)
  1 dependency successfully precompiled in 75 seconds
Precompiling packages...
   2428.9 ms  ✓ Reexport
   2561.7 ms  ✓ Unicode
   2559.7 ms  ✓ DataAPI
   2590.3 ms  ✓ PtrArrays
   2649.8 ms  ✓ OpenLibm_jll
   2735.7 ms  ✓ StatsAPI
   2859.9 ms  ✓ InverseFunctions
   2832.3 ms  ✓ CompilerSupportLibraries_jll
   3049.4 ms  ✓ ArgCheck
   3028.1 ms  ✓ SuiteSparse_jll
   3168.3 ms  ✓ Statistics
   3278.2 ms  ✓ DocStringExtensions
   3464.9 ms  ✓ Serialization
   4164.6 ms  ✓ FillArrays
   1390.7 ms  ✓ InverseFunctions → InverseFunctionsDatesExt
   1596.5 ms  ✓ AliasTables
   2003.4 ms  ✓ Preferences
    891.8 ms  ✓ FillArrays → FillArraysStatisticsExt
    978.9 ms  ✓ JLLWrappers
   5601.7 ms  ✓ OrderedCollections
   3725.4 ms  ✓ Compat
   3709.6 ms  ✓ Missings
   1096.6 ms  ✓ Rmath_jll
   1124.5 ms  ✓ OpenSpecFun_jll
   6968.2 ms  ✓ IrrationalConstants
    728.0 ms  ✓ Compat → CompatLinearAlgebraExt
   4800.0 ms  ✓ InteractiveUtils
    949.3 ms  ✓ Rmath
    758.8 ms  ✓ LogExpFunctions
   2460.1 ms  ✓ DataStructures
    549.4 ms  ✓ LogExpFunctions → LogExpFunctionsInverseFunctionsExt
    715.9 ms  ✓ SortingAlgorithms
   2638.6 ms  ✓ ChainRulesCore
   2106.5 ms  ✓ QuadGK
   6707.8 ms  ✓ SparseArrays
   3045.4 ms  ✓ SpecialFunctions
    958.2 ms  ✓ SuiteSparse
    986.2 ms  ✓ Statistics → SparseArraysExt
   1059.7 ms  ✓ FillArrays → FillArraysSparseArraysExt
   2003.6 ms  ✓ LogExpFunctions → LogExpFunctionsChainRulesCoreExt
   1636.0 ms  ✓ PDMats
   2229.6 ms  ✓ HypergeometricFunctions
   5838.2 ms  ✓ Test
   3108.0 ms  ✓ ChainRulesCore → ChainRulesCoreSparseArraysExt
    719.4 ms  ✓ FillArrays → FillArraysPDMatsExt
   2877.5 ms  ✓ SpecialFunctions → SpecialFunctionsChainRulesCoreExt
    633.3 ms  ✓ InverseFunctions → InverseFunctionsTestExt
    571.2 ms  ✓ DensityInterface
   3826.9 ms  ✓ StatsBase
   2300.1 ms  ✓ StatsFuns
    549.8 ms  ✓ PDMats → StatsBaseExt
    381.9 ms  ✓ StatsFuns → StatsFunsInverseFunctionsExt
   1096.5 ms  ✓ StatsFuns → StatsFunsChainRulesCoreExt
   1302.4 ms  ✓ HiddenMarkovModels
   3735.7 ms  ✓ Distributions
    800.7 ms  ✓ Distributions → DistributionsDensityInterfaceExt
    809.0 ms  ✓ HiddenMarkovModels → HiddenMarkovModelsDistributionsExt
   1021.4 ms  ✓ Distributions → DistributionsTestExt
   1639.4 ms  ✓ Distributions → DistributionsChainRulesCoreExt
  59 dependencies successfully precompiled in 21 seconds. 9 already precompiled.
	Command being timed: "nice -n -10 timeout -k120 -v 3600 julia +1.12.6 --project=H/HiddenMarkovModels/Estimate-Hmm-With-Baum-Welch -e using Pkg; @time @eval Pkg.precompile()"
	User time (seconds): 190.79
	System time (seconds): 14.62
	Percent of CPU this job got: 211%
	Elapsed (wall clock) time (h:mm:ss or m:ss): 1:37.01
	Average shared text size (kbytes): 0
	Average unshared data size (kbytes): 0
	Average stack size (kbytes): 0
	Average total size (kbytes): 0
	Maximum resident set size (kbytes): 2156492
	Average resident set size (kbytes): 0
	Major (requiring I/O) page faults: 264
	Minor (reclaiming a frame) page faults: 4461099
	Voluntary context switches: 14062
	Involuntary context switches: 7687
	Swaps: 0
	File system inputs: 0
	File system outputs: 457208
	Socket messages sent: 0
	Socket messages received: 0
	Signals delivered: 0
	Page size (bytes): 4096
	Exit status: 0
