nice: cannot set niceness: Permission denied
Precompiling packages...
  75900.4 ms  ✓ Pkg (serial)
  1 dependency successfully precompiled in 76 seconds
Precompiling packages...
   2416.8 ms  ✓ Reexport
   2601.5 ms  ✓ OpenLibm_jll
   2709.2 ms  ✓ CommonSolve
   2800.0 ms  ✓ DataAPI
   2900.5 ms  ✓ InverseFunctions
   3006.0 ms  ✓ Unicode
   3007.3 ms  ✓ ArgCheck
   3093.8 ms  ✓ StatsAPI
   3088.5 ms  ✓ CompilerSupportLibraries_jll
   3493.6 ms  ✓ Statistics
   3809.4 ms  ✓ DocStringExtensions
   4184.1 ms  ✓ Serialization
   5009.7 ms  ✓ FillArrays
   2494.0 ms  ✓ CompositionsBase
   2397.7 ms  ✓ PtrArrays
   3076.4 ms  ✓ ProgressLogging
   2904.0 ms  ✓ SuiteSparse_jll
   2418.7 ms  ✓ InverseFunctions → InverseFunctionsDatesExt
   3600.7 ms  ✓ Gamma
   1904.2 ms  ✓ FillArrays → FillArraysStatisticsExt
   3105.3 ms  ✓ Preferences
   1887.8 ms  ✓ CompositionsBase → CompositionsBaseInverseFunctionsExt
   1911.5 ms  ✓ AliasTables
   8296.6 ms  ✓ ConstructionBase
   8326.2 ms  ✓ OrderedCollections
   1797.0 ms  ✓ JLLWrappers
   2719.2 ms  ✓ HypergeometricFunctions
   1309.1 ms  ✓ ConstructionBase → ConstructionBaseLinearAlgebraExt
   6502.2 ms  ✓ Missings
   6503.8 ms  ✓ Compat
  10106.8 ms  ✓ IrrationalConstants
   1600.3 ms  ✓ OpenSpecFun_jll
   1617.1 ms  ✓ Rmath_jll
    733.5 ms  ✓ Compat → CompatLinearAlgebraExt
   7738.2 ms  ✓ InteractiveUtils
   1025.2 ms  ✓ LogExpFunctions
   1176.9 ms  ✓ Rmath
   3591.1 ms  ✓ DataStructures
    978.9 ms  ✓ LogExpFunctions → LogExpFunctionsInverseFunctionsExt
   9361.9 ms  ✓ MacroTools
    911.4 ms  ✓ SortingAlgorithms
   3666.2 ms  ✓ ChainRulesCore
   2724.2 ms  ✓ QuadGK
   3822.1 ms  ✓ SpecialFunctions
   9547.5 ms  ✓ SparseArrays
   1456.7 ms  ✓ SuiteSparse
   1573.5 ms  ✓ Statistics → SparseArraysExt
   1657.4 ms  ✓ FillArrays → FillArraysSparseArraysExt
   4478.9 ms  ✓ Accessors
   2741.6 ms  ✓ LogExpFunctions → LogExpFunctionsChainRulesCoreExt
   1488.9 ms  ✓ Accessors → LinearAlgebraExt
   7696.8 ms  ✓ Test
   2200.0 ms  ✓ PDMats
   4137.5 ms  ✓ SpecialFunctions → SpecialFunctionsChainRulesCoreExt
   4241.8 ms  ✓ ChainRulesCore → ChainRulesCoreSparseArraysExt
   1006.6 ms  ✓ InverseFunctions → InverseFunctionsTestExt
   1076.4 ms  ✓ Accessors → TestExt
    923.4 ms  ✓ FillArrays → FillArraysPDMatsExt
   5120.8 ms  ✓ StatsFuns
    672.3 ms  ✓ DensityInterface
    425.0 ms  ✓ StatsFuns → StatsFunsInverseFunctionsExt
   1164.5 ms  ✓ StatsFuns → StatsFunsChainRulesCoreExt
   4655.8 ms  ✓ StatsBase
    548.0 ms  ✓ PDMats → StatsBaseExt
   3826.4 ms  ✓ Roots
    433.9 ms  ✓ Roots → RootsChainRulesCoreExt
   1570.2 ms  ✓ HiddenMarkovModels
   3785.0 ms  ✓ Distributions
    882.6 ms  ✓ Distributions → DistributionsDensityInterfaceExt
    995.2 ms  ✓ HiddenMarkovModels → HiddenMarkovModelsDistributionsExt
   1079.4 ms  ✓ Distributions → DistributionsTestExt
   1693.0 ms  ✓ Distributions → DistributionsChainRulesCoreExt
  72 dependencies successfully precompiled in 28 seconds. 9 already precompiled.
	Command being timed: "nice -n -10 timeout -k120 -v 3600 julia +1.12.6 --project=H/HiddenMarkovModels/Estimate-Hmm-With-Baum-Welch -e using Pkg; @time @eval Pkg.precompile()"
	User time (seconds): 219.56
	System time (seconds): 17.23
	Percent of CPU this job got: 226%
	Elapsed (wall clock) time (h:mm:ss or m:ss): 1:44.43
	Average shared text size (kbytes): 0
	Average unshared data size (kbytes): 0
	Average stack size (kbytes): 0
	Average total size (kbytes): 0
	Maximum resident set size (kbytes): 2155112
	Average resident set size (kbytes): 0
	Major (requiring I/O) page faults: 308
	Minor (reclaiming a frame) page faults: 5038341
	Voluntary context switches: 15800
	Involuntary context switches: 10040
	Swaps: 0
	File system inputs: 0
	File system outputs: 485208
	Socket messages sent: 0
	Socket messages received: 0
	Signals delivered: 0
	Page size (bytes): 4096
	Exit status: 0
