nice: cannot set niceness: Permission denied
Precompiling packages...
  73453.5 ms  ✓ Pkg (serial)
  1 dependency successfully precompiled in 73 seconds
Precompiling packages...
   2488.0 ms  ✓ Reexport
   2501.4 ms  ✓ OpenLibm_jll
   2597.6 ms  ✓ Unicode
   2599.9 ms  ✓ DataAPI
   2670.0 ms  ✓ StatsAPI
   2778.2 ms  ✓ ArgCheck
   2714.0 ms  ✓ PtrArrays
   2867.4 ms  ✓ CompilerSupportLibraries_jll
   3100.9 ms  ✓ InverseFunctions
   3153.5 ms  ✓ Statistics
   3201.3 ms  ✓ SuiteSparse_jll
   3384.7 ms  ✓ DocStringExtensions
   3489.2 ms  ✓ Serialization
   3927.5 ms  ✓ FillArrays
   1596.9 ms  ✓ AliasTables
   1381.2 ms  ✓ InverseFunctions → InverseFunctionsDatesExt
   2120.7 ms  ✓ Preferences
   1157.7 ms  ✓ FillArrays → FillArraysStatisticsExt
   5614.2 ms  ✓ OrderedCollections
    975.4 ms  ✓ JLLWrappers
   3486.9 ms  ✓ Missings
   3822.5 ms  ✓ Compat
   6729.9 ms  ✓ IrrationalConstants
   1135.3 ms  ✓ Rmath_jll
   1184.2 ms  ✓ OpenSpecFun_jll
    724.3 ms  ✓ Compat → CompatLinearAlgebraExt
   4694.8 ms  ✓ InteractiveUtils
    853.4 ms  ✓ LogExpFunctions
    962.8 ms  ✓ Rmath
    527.8 ms  ✓ LogExpFunctions → LogExpFunctionsInverseFunctionsExt
   2511.2 ms  ✓ DataStructures
    672.9 ms  ✓ SortingAlgorithms
   2520.5 ms  ✓ ChainRulesCore
   2084.7 ms  ✓ QuadGK
   6805.3 ms  ✓ SparseArrays
   2723.2 ms  ✓ SpecialFunctions
   1020.3 ms  ✓ Statistics → SparseArraysExt
   1065.1 ms  ✓ SuiteSparse
   1200.2 ms  ✓ FillArrays → FillArraysSparseArraysExt
   2130.0 ms  ✓ LogExpFunctions → LogExpFunctionsChainRulesCoreExt
   1638.6 ms  ✓ HypergeometricFunctions
   5819.6 ms  ✓ Test
   1768.0 ms  ✓ PDMats
   3067.4 ms  ✓ SpecialFunctions → SpecialFunctionsChainRulesCoreExt
   3155.7 ms  ✓ ChainRulesCore → ChainRulesCoreSparseArraysExt
    681.5 ms  ✓ InverseFunctions → InverseFunctionsTestExt
    632.7 ms  ✓ FillArrays → FillArraysPDMatsExt
    591.2 ms  ✓ DensityInterface
   2834.3 ms  ✓ StatsFuns
   3866.6 ms  ✓ StatsBase
    390.3 ms  ✓ StatsFuns → StatsFunsInverseFunctionsExt
    533.4 ms  ✓ PDMats → StatsBaseExt
   1102.7 ms  ✓ StatsFuns → StatsFunsChainRulesCoreExt
   1318.8 ms  ✓ HiddenMarkovModels
   3656.2 ms  ✓ Distributions
    824.1 ms  ✓ Distributions → DistributionsDensityInterfaceExt
    827.6 ms  ✓ HiddenMarkovModels → HiddenMarkovModelsDistributionsExt
    998.4 ms  ✓ Distributions → DistributionsTestExt
   1636.9 ms  ✓ Distributions → DistributionsChainRulesCoreExt
  59 dependencies successfully precompiled in 21 seconds. 9 already precompiled.
	Command being timed: "nice -n -10 timeout -k120 -v 3600 julia +release --project=H/HiddenMarkovModels/Estimate-Hmm-With-Baum-Welch -e using Pkg; @time @eval Pkg.precompile()"
	User time (seconds): 187.73
	System time (seconds): 14.73
	Percent of CPU this job got: 212%
	Elapsed (wall clock) time (h:mm:ss or m:ss): 1:35.21
	Average shared text size (kbytes): 0
	Average unshared data size (kbytes): 0
	Average stack size (kbytes): 0
	Average total size (kbytes): 0
	Maximum resident set size (kbytes): 2120212
	Average resident set size (kbytes): 0
	Major (requiring I/O) page faults: 266
	Minor (reclaiming a frame) page faults: 4393179
	Voluntary context switches: 13775
	Involuntary context switches: 7880
	Swaps: 0
	File system inputs: 0
	File system outputs: 448000
	Socket messages sent: 0
	Socket messages received: 0
	Signals delivered: 0
	Page size (bytes): 4096
	Exit status: 0
