nice: cannot set niceness: Permission denied
Precompiling packages...
    432.8 ms  ✓ Reexport
    476.4 ms  ✓ DataAPI
    599.1 ms  ✓ Statistics
    876.3 ms  ✓ SuiteSparse_jll
    472.5 ms  ✓ StatsAPI
    693.9 ms  ✓ OrderedCollections
    583.8 ms  ✓ InverseFunctions
   1387.8 ms  ✓ IrrationalConstants
    679.6 ms  ✓ DocStringExtensions
    726.6 ms  ✓ Serialization
    515.5 ms  ✓ ArgCheck
    527.5 ms  ✓ Unicode
    460.8 ms  ✓ PtrArrays
    519.3 ms  ✓ Missings
    671.5 ms  ✓ OpenLibm_jll
   1077.7 ms  ✓ FillArrays
    665.1 ms  ✓ LogExpFunctions
    492.8 ms  ✓ InverseFunctions → InverseFunctionsDatesExt
   1372.5 ms  ✓ InteractiveUtils
    587.3 ms  ✓ Compat
    505.9 ms  ✓ AliasTables
   1769.5 ms  ✓ DataStructures
    509.6 ms  ✓ FillArrays → FillArraysStatisticsExt
    445.1 ms  ✓ LogExpFunctions → LogExpFunctionsInverseFunctionsExt
    407.9 ms  ✓ Compat → CompatLinearAlgebraExt
   1605.6 ms  ✓ Preferences
    585.7 ms  ✓ SortingAlgorithms
    572.3 ms  ✓ JLLWrappers
    924.9 ms  ✓ QuadGK
    677.1 ms  ✓ Rmath_jll
   1432.3 ms  ✓ ChainRulesCore
    687.8 ms  ✓ OpenSpecFun_jll
   3821.1 ms  ✓ SparseArrays
    759.5 ms  ✓ Rmath
    610.5 ms  ✓ Statistics → SparseArraysExt
    571.9 ms  ✓ SuiteSparse
   1204.2 ms  ✓ LogExpFunctions → LogExpFunctionsChainRulesCoreExt
    688.2 ms  ✓ FillArrays → FillArraysSparseArraysExt
    580.3 ms  ✓ ChainRulesCore → ChainRulesCoreSparseArraysExt
    777.3 ms  ✓ PDMats
   2327.4 ms  ✓ SpecialFunctions
    586.7 ms  ✓ FillArrays → FillArraysPDMatsExt
    906.0 ms  ✓ HypergeometricFunctions
   2133.4 ms  ✓ StatsBase
   1303.8 ms  ✓ SpecialFunctions → SpecialFunctionsChainRulesCoreExt
    558.4 ms  ✓ PDMats → StatsBaseExt
   1339.9 ms  ✓ StatsFuns
    442.9 ms  ✓ StatsFuns → StatsFunsInverseFunctionsExt
   7518.0 ms  ✓ Test
   1089.4 ms  ✓ StatsFuns → StatsFunsChainRulesCoreExt
    476.9 ms  ✓ InverseFunctions → InverseFunctionsTestExt
    483.5 ms  ✓ DensityInterface
   1225.3 ms  ✓ HiddenMarkovModels
   3701.8 ms  ✓ Distributions
    798.4 ms  ✓ Distributions → DistributionsDensityInterfaceExt
    851.6 ms  ✓ HiddenMarkovModels → HiddenMarkovModelsDistributionsExt
    866.9 ms  ✓ Distributions → DistributionsChainRulesCoreExt
   1050.0 ms  ✓ Distributions → DistributionsTestExt
  58 dependencies successfully precompiled in 15 seconds. 9 already precompiled.
	Command being timed: "nice -n -10 timeout -k120 -v 3600 julia +alpha --project=H/HiddenMarkovModels/Estimate-Hmm-With-Baum-Welch -e using Pkg; @time @eval Pkg.precompile()"
	User time (seconds): 184.81
	System time (seconds): 13.70
	Percent of CPU this job got: 158%
	Elapsed (wall clock) time (h:mm:ss or m:ss): 2:04.92
	Average shared text size (kbytes): 0
	Average unshared data size (kbytes): 0
	Average stack size (kbytes): 0
	Average total size (kbytes): 0
	Maximum resident set size (kbytes): 2592112
	Average resident set size (kbytes): 0
	Major (requiring I/O) page faults: 318
	Minor (reclaiming a frame) page faults: 4957479
	Voluntary context switches: 14677
	Involuntary context switches: 2589
	Swaps: 0
	File system inputs: 0
	File system outputs: 474184
	Socket messages sent: 0
	Socket messages received: 0
	Signals delivered: 0
	Page size (bytes): 4096
	Exit status: 0
