nice: cannot set niceness: Permission denied
Precompiling packages...
  72760.5 ms  ✓ Pkg (serial)
  1 dependency successfully precompiled in 73 seconds
Precompiling packages...
   2545.9 ms  ✓ Reexport
   2747.6 ms  ✓ OpenLibm_jll
   2764.5 ms  ✓ Unicode
   2814.9 ms  ✓ DataAPI
   2864.1 ms  ✓ PtrArrays
   2900.5 ms  ✓ StatsAPI
   2953.4 ms  ✓ InverseFunctions
   3009.5 ms  ✓ ArgCheck
   3299.0 ms  ✓ CompilerSupportLibraries_jll
   3368.2 ms  ✓ SuiteSparse_jll
   3527.7 ms  ✓ DocStringExtensions
   3560.3 ms  ✓ Statistics
   3756.2 ms  ✓ Serialization
   1403.8 ms  ✓ InverseFunctions → InverseFunctionsDatesExt
   4374.6 ms  ✓ FillArrays
   1482.1 ms  ✓ AliasTables
   1987.2 ms  ✓ Preferences
    898.0 ms  ✓ FillArrays → FillArraysStatisticsExt
    970.8 ms  ✓ JLLWrappers
   5769.8 ms  ✓ OrderedCollections
   3505.0 ms  ✓ Missings
   3714.4 ms  ✓ Compat
   1109.3 ms  ✓ Rmath_jll
   1130.5 ms  ✓ OpenSpecFun_jll
   6849.3 ms  ✓ IrrationalConstants
    700.2 ms  ✓ Compat → CompatLinearAlgebraExt
   4879.2 ms  ✓ InteractiveUtils
    807.9 ms  ✓ LogExpFunctions
    916.8 ms  ✓ Rmath
    512.4 ms  ✓ LogExpFunctions → LogExpFunctionsInverseFunctionsExt
   2429.4 ms  ✓ DataStructures
    670.8 ms  ✓ SortingAlgorithms
   2514.8 ms  ✓ ChainRulesCore
   6523.6 ms  ✓ SparseArrays
   2113.8 ms  ✓ QuadGK
   2689.8 ms  ✓ SpecialFunctions
    972.8 ms  ✓ SuiteSparse
   1079.1 ms  ✓ Statistics → SparseArraysExt
   1190.5 ms  ✓ FillArrays → FillArraysSparseArraysExt
   1968.9 ms  ✓ LogExpFunctions → LogExpFunctionsChainRulesCoreExt
   1566.7 ms  ✓ HypergeometricFunctions
   1478.1 ms  ✓ PDMats
   2999.2 ms  ✓ ChainRulesCore → ChainRulesCoreSparseArraysExt
   5945.1 ms  ✓ Test
   3115.4 ms  ✓ SpecialFunctions → SpecialFunctionsChainRulesCoreExt
    928.0 ms  ✓ FillArrays → FillArraysPDMatsExt
    515.7 ms  ✓ InverseFunctions → InverseFunctionsTestExt
    542.4 ms  ✓ DensityInterface
   3080.4 ms  ✓ StatsFuns
   3671.3 ms  ✓ StatsBase
    370.8 ms  ✓ StatsFuns → StatsFunsInverseFunctionsExt
    518.4 ms  ✓ PDMats → StatsBaseExt
   1084.1 ms  ✓ StatsFuns → StatsFunsChainRulesCoreExt
   1257.9 ms  ✓ HiddenMarkovModels
   3574.6 ms  ✓ Distributions
    814.2 ms  ✓ Distributions → DistributionsDensityInterfaceExt
    822.6 ms  ✓ HiddenMarkovModels → HiddenMarkovModelsDistributionsExt
    997.5 ms  ✓ Distributions → DistributionsTestExt
   1654.6 ms  ✓ Distributions → DistributionsChainRulesCoreExt
  59 dependencies successfully precompiled in 21 seconds. 9 already precompiled.
	Command being timed: "nice -n -10 timeout -k120 -v 3600 julia +release --project=H/HiddenMarkovModels/Estimate-Hmm-With-Baum-Welch -e using Pkg; @time @eval Pkg.precompile()"
	User time (seconds): 185.77
	System time (seconds): 14.91
	Percent of CPU this job got: 212%
	Elapsed (wall clock) time (h:mm:ss or m:ss): 1:34.30
	Average shared text size (kbytes): 0
	Average unshared data size (kbytes): 0
	Average stack size (kbytes): 0
	Average total size (kbytes): 0
	Maximum resident set size (kbytes): 2124048
	Average resident set size (kbytes): 0
	Major (requiring I/O) page faults: 335
	Minor (reclaiming a frame) page faults: 4410106
	Voluntary context switches: 13153
	Involuntary context switches: 7471
	Swaps: 0
	File system inputs: 0
	File system outputs: 450096
	Socket messages sent: 0
	Socket messages received: 0
	Signals delivered: 0
	Page size (bytes): 4096
	Exit status: 0
