nice: cannot set niceness: Permission denied
Precompiling packages...
   1947.6 ms  ✓ Reexport
   2025.6 ms  ✓ OpenLibm_jll
   2010.6 ms  ✓ PtrArrays
   2042.0 ms  ✓ DataAPI
   2114.2 ms  ✓ ArgCheck
   2119.6 ms  ✓ StatsAPI
   2121.1 ms  ✓ CompilerSupportLibraries_jll
   2130.6 ms  ✓ SuiteSparse_jll
   2228.3 ms  ✓ InverseFunctions
   2577.9 ms  ✓ Compat
   2428.7 ms  ✓ DocStringExtensions
   2631.3 ms  ✓ OrderedCollections
   2603.4 ms  ✓ Preferences
   1109.8 ms  ✓ AliasTables
    924.4 ms  ✓ InverseFunctions → InverseFunctionsDatesExt
   3254.4 ms  ✓ FillArrays
   1207.1 ms  ✓ Missings
    893.8 ms  ✓ Compat → CompatLinearAlgebraExt
   3468.5 ms  ✓ IrrationalConstants
    897.0 ms  ✓ JLLWrappers
    598.7 ms  ✓ Rmath_jll
    619.1 ms  ✓ OpenSpecFun_jll
    771.9 ms  ✓ LogExpFunctions
    575.3 ms  ✓ LogExpFunctions → LogExpFunctionsInverseFunctionsExt
   1528.1 ms  ✓ ChainRulesCore
   1082.7 ms  ✓ Rmath
   2841.3 ms  ✓ DataStructures
   5642.2 ms  ✓ Test
    553.9 ms  ✓ SortingAlgorithms
    486.2 ms  ✓ InverseFunctions → InverseFunctionsTestExt
    882.2 ms  ✓ QuadGK
   1553.6 ms  ✓ LogExpFunctions → LogExpFunctionsChainRulesCoreExt
    416.9 ms  ✓ DensityInterface
   4542.6 ms  ✓ SparseArrays
   2714.2 ms  ✓ SpecialFunctions
    465.4 ms  ✓ SuiteSparse
    485.7 ms  ✓ ChainRulesCore → ChainRulesCoreSparseArraysExt
    567.9 ms  ✓ FillArrays → FillArraysSparseArraysExt
    622.5 ms  ✓ Statistics
    461.8 ms  ✓ FillArrays → FillArraysStatisticsExt
    822.9 ms  ✓ HypergeometricFunctions
    659.4 ms  ✓ PDMats
   1175.3 ms  ✓ SpecialFunctions → SpecialFunctionsChainRulesCoreExt
    412.5 ms  ✓ FillArrays → FillArraysPDMatsExt
   1000.8 ms  ✓ StatsFuns
   1481.9 ms  ✓ StatsBase
    326.9 ms  ✓ StatsFuns → StatsFunsInverseFunctionsExt
    419.8 ms  ✓ PDMats → StatsBaseExt
    835.8 ms  ✓ StatsFuns → StatsFunsChainRulesCoreExt
    918.4 ms  ✓ HiddenMarkovModels
   3151.9 ms  ✓ Distributions
    625.0 ms  ✓ Distributions → DistributionsChainRulesCoreExt
    715.9 ms  ✓ Distributions → DistributionsTestExt
    585.5 ms  ✓ Distributions → DistributionsDensityInterfaceExt
    596.3 ms  ✓ HiddenMarkovModels → HiddenMarkovModelsDistributionsExt
  55 dependencies successfully precompiled in 15 seconds
	Command being timed: "nice -n -10 timeout -k120 -v 3600 julia +lts --project=H/HiddenMarkovModels/Estimate-Hmm-With-Baum-Welch -e using Pkg; @time @eval Pkg.precompile()"
	User time (seconds): 39.15
	System time (seconds): 8.45
	Percent of CPU this job got: 301%
	Elapsed (wall clock) time (h:mm:ss or m:ss): 0:15.77
	Average shared text size (kbytes): 0
	Average unshared data size (kbytes): 0
	Average stack size (kbytes): 0
	Average total size (kbytes): 0
	Maximum resident set size (kbytes): 378092
	Average resident set size (kbytes): 0
	Major (requiring I/O) page faults: 135
	Minor (reclaiming a frame) page faults: 2251557
	Voluntary context switches: 72797
	Involuntary context switches: 5239
	Swaps: 0
	File system inputs: 0
	File system outputs: 133848
	Socket messages sent: 0
	Socket messages received: 0
	Signals delivered: 0
	Page size (bytes): 4096
	Exit status: 0
