nice: cannot set niceness: Permission denied
Precompiling packages...
    428.8 ms  ✓ Reexport
    487.7 ms  ✓ DataAPI
    594.0 ms  ✓ Statistics
    472.0 ms  ✓ StatsAPI
    897.6 ms  ✓ SuiteSparse_jll
    586.8 ms  ✓ InverseFunctions
    703.0 ms  ✓ OrderedCollections
   1382.0 ms  ✓ IrrationalConstants
    675.7 ms  ✓ DocStringExtensions
    730.6 ms  ✓ Serialization
    523.2 ms  ✓ Unicode
    559.1 ms  ✓ ArgCheck
    447.8 ms  ✓ PtrArrays
    514.5 ms  ✓ Missings
    675.0 ms  ✓ OpenLibm_jll
   1075.8 ms  ✓ FillArrays
    429.9 ms  ✓ InverseFunctions → InverseFunctionsDatesExt
    656.0 ms  ✓ LogExpFunctions
   1350.4 ms  ✓ InteractiveUtils
    567.6 ms  ✓ Compat
    502.2 ms  ✓ AliasTables
   1740.4 ms  ✓ DataStructures
    512.9 ms  ✓ FillArrays → FillArraysStatisticsExt
    445.7 ms  ✓ LogExpFunctions → LogExpFunctionsInverseFunctionsExt
    427.5 ms  ✓ Compat → CompatLinearAlgebraExt
   1644.9 ms  ✓ Preferences
    565.6 ms  ✓ SortingAlgorithms
    539.0 ms  ✓ JLLWrappers
    918.7 ms  ✓ QuadGK
    683.2 ms  ✓ Rmath_jll
   1402.4 ms  ✓ ChainRulesCore
    695.0 ms  ✓ OpenSpecFun_jll
   3767.4 ms  ✓ SparseArrays
    757.7 ms  ✓ Rmath
    593.6 ms  ✓ Statistics → SparseArraysExt
    566.3 ms  ✓ SuiteSparse
   1249.4 ms  ✓ LogExpFunctions → LogExpFunctionsChainRulesCoreExt
    681.9 ms  ✓ FillArrays → FillArraysSparseArraysExt
    586.3 ms  ✓ ChainRulesCore → ChainRulesCoreSparseArraysExt
    802.4 ms  ✓ PDMats
   2276.1 ms  ✓ SpecialFunctions
    589.7 ms  ✓ FillArrays → FillArraysPDMatsExt
    902.9 ms  ✓ HypergeometricFunctions
   2095.3 ms  ✓ StatsBase
   1413.0 ms  ✓ SpecialFunctions → SpecialFunctionsChainRulesCoreExt
    557.5 ms  ✓ PDMats → StatsBaseExt
   1305.1 ms  ✓ StatsFuns
    438.4 ms  ✓ StatsFuns → StatsFunsInverseFunctionsExt
   1154.9 ms  ✓ StatsFuns → StatsFunsChainRulesCoreExt
   8037.5 ms  ✓ Test
    467.6 ms  ✓ InverseFunctions → InverseFunctionsTestExt
    496.1 ms  ✓ DensityInterface
   1243.8 ms  ✓ HiddenMarkovModels
   3703.3 ms  ✓ Distributions
    815.2 ms  ✓ Distributions → DistributionsDensityInterfaceExt
    853.4 ms  ✓ HiddenMarkovModels → HiddenMarkovModelsDistributionsExt
    871.8 ms  ✓ Distributions → DistributionsChainRulesCoreExt
   1063.5 ms  ✓ Distributions → DistributionsTestExt
  58 dependencies successfully precompiled in 15 seconds. 9 already precompiled.
	Command being timed: "nice -n -10 timeout -k120 -v 3600 julia +nightly --project=H/HiddenMarkovModels/Estimate-Hmm-With-Baum-Welch -e using Pkg; @time @eval Pkg.precompile()"
	User time (seconds): 194.72
	System time (seconds): 13.60
	Percent of CPU this job got: 156%
	Elapsed (wall clock) time (h:mm:ss or m:ss): 2:12.82
	Average shared text size (kbytes): 0
	Average unshared data size (kbytes): 0
	Average stack size (kbytes): 0
	Average total size (kbytes): 0
	Maximum resident set size (kbytes): 2444856
	Average resident set size (kbytes): 0
	Major (requiring I/O) page faults: 263
	Minor (reclaiming a frame) page faults: 4933178
	Voluntary context switches: 14068
	Involuntary context switches: 3462
	Swaps: 0
	File system inputs: 0
	File system outputs: 481424
	Socket messages sent: 0
	Socket messages received: 0
	Signals delivered: 0
	Page size (bytes): 4096
	Exit status: 0
