Precompiling project...
   1836.9 ms  ✓ Reexport
   1850.1 ms  ✓ Unicode
   2021.6 ms  ✓ DataAPI
   2047.3 ms  ✓ InverseFunctions
   2125.6 ms  ✓ OpenLibm_jll
   2503.1 ms  ✓ ArgCheck
   2545.2 ms  ✓ DocStringExtensions
   2518.5 ms  ✓ CompilerSupportLibraries_jll
   2550.5 ms  ✓ OrderedCollections
   2543.8 ms  ✓ Statistics
   2527.4 ms  ✓ StatsAPI
   2556.5 ms  ✓ Serialization
   2524.6 ms  ✓ SuiteSparse_jll
   1211.8 ms  ✓ PtrArrays
   3339.8 ms  ✓ FillArrays
   1297.3 ms  ✓ Missings
   1504.3 ms  ✓ Compat
   1431.8 ms  ✓ InverseFunctions → InverseFunctionsDatesExt
   3725.8 ms  ✓ IrrationalConstants
   1702.6 ms  ✓ Preferences
   1011.1 ms  ✓ AliasTables
    771.6 ms  ✓ Compat → CompatLinearAlgebraExt
    796.7 ms  ✓ FillArrays → FillArraysStatisticsExt
   4101.3 ms  ✓ InteractiveUtils
    651.1 ms  ✓ JLLWrappers
    792.8 ms  ✓ LogExpFunctions
    511.7 ms  ✓ LogExpFunctions → LogExpFunctionsInverseFunctionsExt
    701.3 ms  ✓ Rmath_jll
    740.0 ms  ✓ OpenSpecFun_jll
   2692.2 ms  ✓ DataStructures
   1612.4 ms  ✓ ChainRulesCore
    647.4 ms  ✓ SortingAlgorithms
   1043.6 ms  ✓ Rmath
   1094.3 ms  ✓ QuadGK
   1125.1 ms  ✓ LogExpFunctions → LogExpFunctionsChainRulesCoreExt
   4771.2 ms  ✓ SparseArrays
   3691.2 ms  ✓ Test
    806.9 ms  ✓ SuiteSparse
   3025.0 ms  ✓ SpecialFunctions
    853.5 ms  ✓ Statistics → SparseArraysExt
    829.0 ms  ✓ ChainRulesCore → ChainRulesCoreSparseArraysExt
    858.5 ms  ✓ FillArrays → FillArraysSparseArraysExt
    633.3 ms  ✓ InverseFunctions → InverseFunctionsTestExt
    743.8 ms  ✓ PDMats
    503.0 ms  ✓ DensityInterface
    937.3 ms  ✓ HypergeometricFunctions
    429.4 ms  ✓ FillArrays → FillArraysPDMatsExt
   1364.8 ms  ✓ SpecialFunctions → SpecialFunctionsChainRulesCoreExt
   1700.5 ms  ✓ StatsBase
   1105.3 ms  ✓ StatsFuns
    373.0 ms  ✓ StatsFuns → StatsFunsInverseFunctionsExt
    958.9 ms  ✓ StatsFuns → StatsFunsChainRulesCoreExt
   1049.6 ms  ✓ HiddenMarkovModels
   3435.6 ms  ✓ Distributions
    691.9 ms  ✓ Distributions → DistributionsDensityInterfaceExt
    705.2 ms  ✓ HiddenMarkovModels → HiddenMarkovModelsDistributionsExt
    708.1 ms  ✓ Distributions → DistributionsChainRulesCoreExt
    804.7 ms  ✓ Distributions → DistributionsTestExt
  58 dependencies successfully precompiled in 14 seconds. 7 already precompiled.
	Command being timed: "julia +1.11.6 --project=H/HiddenMarkovModels/Estimate-Hmm-With-Baum-Welch -e using Pkg; @time @eval Pkg.precompile()"
	User time (seconds): 137.94
	System time (seconds): 11.53
	Percent of CPU this job got: 221%
	Elapsed (wall clock) time (h:mm:ss or m:ss): 1:07.55
	Average shared text size (kbytes): 0
	Average unshared data size (kbytes): 0
	Average stack size (kbytes): 0
	Average total size (kbytes): 0
	Maximum resident set size (kbytes): 2032684
	Average resident set size (kbytes): 0
	Major (requiring I/O) page faults: 268
	Minor (reclaiming a frame) page faults: 3434086
	Voluntary context switches: 102823
	Involuntary context switches: 13542
	Swaps: 0
	File system inputs: 0
	File system outputs: 509704
	Socket messages sent: 0
	Socket messages received: 0
	Signals delivered: 0
	Page size (bytes): 4096
	Exit status: 0
