nice: cannot set niceness: Permission denied
Precompiling packages...
    419.0 ms  ✓ Reexport
    456.4 ms  ✓ DataAPI
    580.2 ms  ✓ Statistics
    860.8 ms  ✓ SuiteSparse_jll
    459.0 ms  ✓ StatsAPI
    541.3 ms  ✓ InverseFunctions
    674.7 ms  ✓ OrderedCollections
   1360.1 ms  ✓ IrrationalConstants
    659.5 ms  ✓ DocStringExtensions
    722.7 ms  ✓ Serialization
    510.7 ms  ✓ Unicode
    508.6 ms  ✓ ArgCheck
    442.3 ms  ✓ PtrArrays
    494.2 ms  ✓ Missings
    636.6 ms  ✓ OpenLibm_jll
   1075.6 ms  ✓ FillArrays
    632.9 ms  ✓ LogExpFunctions
   1215.2 ms  ✓ InteractiveUtils
    477.0 ms  ✓ InverseFunctions → InverseFunctionsDatesExt
    570.1 ms  ✓ Compat
    477.1 ms  ✓ AliasTables
   1729.8 ms  ✓ DataStructures
    481.7 ms  ✓ FillArrays → FillArraysStatisticsExt
    428.1 ms  ✓ LogExpFunctions → LogExpFunctionsInverseFunctionsExt
    421.1 ms  ✓ Compat → CompatLinearAlgebraExt
    520.2 ms  ✓ SortingAlgorithms
   2008.3 ms  ✓ Preferences
    900.2 ms  ✓ QuadGK
    512.8 ms  ✓ JLLWrappers
   1347.6 ms  ✓ ChainRulesCore
    646.0 ms  ✓ Rmath_jll
    651.7 ms  ✓ OpenSpecFun_jll
   4184.1 ms  ✓ SparseArrays
    736.1 ms  ✓ Rmath
   1256.4 ms  ✓ LogExpFunctions → LogExpFunctionsChainRulesCoreExt
    597.7 ms  ✓ Statistics → SparseArraysExt
    543.4 ms  ✓ SuiteSparse
    591.7 ms  ✓ ChainRulesCore → ChainRulesCoreSparseArraysExt
    650.5 ms  ✓ FillArrays → FillArraysSparseArraysExt
    723.2 ms  ✓ PDMats
   2424.4 ms  ✓ SpecialFunctions
    580.2 ms  ✓ FillArrays → FillArraysPDMatsExt
    912.0 ms  ✓ HypergeometricFunctions
   2137.2 ms  ✓ StatsBase
   1416.1 ms  ✓ SpecialFunctions → SpecialFunctionsChainRulesCoreExt
    532.0 ms  ✓ PDMats → StatsBaseExt
   1297.9 ms  ✓ StatsFuns
    414.2 ms  ✓ StatsFuns → StatsFunsInverseFunctionsExt
   1082.2 ms  ✓ StatsFuns → StatsFunsChainRulesCoreExt
   8198.4 ms  ✓ Test
    448.3 ms  ✓ InverseFunctions → InverseFunctionsTestExt
    488.9 ms  ✓ DensityInterface
   1219.4 ms  ✓ HiddenMarkovModels
   3802.2 ms  ✓ Distributions
    791.1 ms  ✓ Distributions → DistributionsDensityInterfaceExt
    838.6 ms  ✓ HiddenMarkovModels → HiddenMarkovModelsDistributionsExt
    868.9 ms  ✓ Distributions → DistributionsChainRulesCoreExt
   1042.1 ms  ✓ Distributions → DistributionsTestExt
  58 dependencies successfully precompiled in 16 seconds. 9 already precompiled.
	Command being timed: "nice -n -10 timeout -k120 -v 3600 julia +alpha --project=H/HiddenMarkovModels/Estimate-Hmm-With-Baum-Welch -e using Pkg; @time @eval Pkg.precompile()"
	User time (seconds): 188.37
	System time (seconds): 12.85
	Percent of CPU this job got: 157%
	Elapsed (wall clock) time (h:mm:ss or m:ss): 2:07.66
	Average shared text size (kbytes): 0
	Average unshared data size (kbytes): 0
	Average stack size (kbytes): 0
	Average total size (kbytes): 0
	Maximum resident set size (kbytes): 2755836
	Average resident set size (kbytes): 0
	Major (requiring I/O) page faults: 267
	Minor (reclaiming a frame) page faults: 5058253
	Voluntary context switches: 14166
	Involuntary context switches: 2977
	Swaps: 0
	File system inputs: 0
	File system outputs: 475712
	Socket messages sent: 0
	Socket messages received: 0
	Signals delivered: 0
	Page size (bytes): 4096
	Exit status: 0
