nice: cannot set niceness: Permission denied
Precompiling packages...
    439.5 ms  ✓ Reexport
    475.0 ms  ✓ DataAPI
    594.7 ms  ✓ Statistics
    874.9 ms  ✓ SuiteSparse_jll
    493.6 ms  ✓ StatsAPI
    690.4 ms  ✓ OrderedCollections
    577.0 ms  ✓ InverseFunctions
   1360.9 ms  ✓ IrrationalConstants
    689.0 ms  ✓ DocStringExtensions
    758.3 ms  ✓ Serialization
    549.4 ms  ✓ Unicode
    556.2 ms  ✓ ArgCheck
    476.5 ms  ✓ PtrArrays
    548.4 ms  ✓ Missings
    802.7 ms  ✓ OpenLibm_jll
   1111.7 ms  ✓ FillArrays
    446.3 ms  ✓ InverseFunctions → InverseFunctionsDatesExt
    644.3 ms  ✓ LogExpFunctions
   1395.4 ms  ✓ InteractiveUtils
    573.5 ms  ✓ Compat
    506.5 ms  ✓ AliasTables
   1754.6 ms  ✓ DataStructures
    525.3 ms  ✓ FillArrays → FillArraysStatisticsExt
    447.2 ms  ✓ LogExpFunctions → LogExpFunctionsInverseFunctionsExt
    437.1 ms  ✓ Compat → CompatLinearAlgebraExt
    551.9 ms  ✓ SortingAlgorithms
   2196.3 ms  ✓ Preferences
    928.6 ms  ✓ QuadGK
    526.5 ms  ✓ JLLWrappers
   1423.3 ms  ✓ ChainRulesCore
    685.6 ms  ✓ Rmath_jll
    697.4 ms  ✓ OpenSpecFun_jll
   4161.8 ms  ✓ SparseArrays
    761.7 ms  ✓ Rmath
    599.6 ms  ✓ Statistics → SparseArraysExt
   1312.6 ms  ✓ LogExpFunctions → LogExpFunctionsChainRulesCoreExt
    560.4 ms  ✓ SuiteSparse
    684.6 ms  ✓ FillArrays → FillArraysSparseArraysExt
    622.9 ms  ✓ ChainRulesCore → ChainRulesCoreSparseArraysExt
    745.4 ms  ✓ PDMats
   2409.3 ms  ✓ SpecialFunctions
    598.4 ms  ✓ FillArrays → FillArraysPDMatsExt
    905.1 ms  ✓ HypergeometricFunctions
   2120.2 ms  ✓ StatsBase
   1474.0 ms  ✓ SpecialFunctions → SpecialFunctionsChainRulesCoreExt
    553.8 ms  ✓ PDMats → StatsBaseExt
   1417.6 ms  ✓ StatsFuns
    439.8 ms  ✓ StatsFuns → StatsFunsInverseFunctionsExt
   1240.6 ms  ✓ StatsFuns → StatsFunsChainRulesCoreExt
   8859.9 ms  ✓ Test
    482.1 ms  ✓ InverseFunctions → InverseFunctionsTestExt
    511.9 ms  ✓ DensityInterface
   3808.7 ms  ✓ Distributions
   1220.0 ms  ✓ HiddenMarkovModels
    804.5 ms  ✓ Distributions → DistributionsDensityInterfaceExt
    865.2 ms  ✓ HiddenMarkovModels → HiddenMarkovModelsDistributionsExt
    903.6 ms  ✓ Distributions → DistributionsChainRulesCoreExt
   1060.0 ms  ✓ Distributions → DistributionsTestExt
  58 dependencies successfully precompiled in 16 seconds. 9 already precompiled.
	Command being timed: "nice -n -10 timeout -k120 -v 3600 julia +nightly --project=H/HiddenMarkovModels/Estimate-Hmm-With-Baum-Welch -e using Pkg; @time @eval Pkg.precompile()"
	User time (seconds): 208.03
	System time (seconds): 13.91
	Percent of CPU this job got: 155%
	Elapsed (wall clock) time (h:mm:ss or m:ss): 2:23.04
	Average shared text size (kbytes): 0
	Average unshared data size (kbytes): 0
	Average stack size (kbytes): 0
	Average total size (kbytes): 0
	Maximum resident set size (kbytes): 2507388
	Average resident set size (kbytes): 0
	Major (requiring I/O) page faults: 261
	Minor (reclaiming a frame) page faults: 5132492
	Voluntary context switches: 14390
	Involuntary context switches: 2974
	Swaps: 0
	File system inputs: 0
	File system outputs: 487672
	Socket messages sent: 0
	Socket messages received: 0
	Signals delivered: 0
	Page size (bytes): 4096
	Exit status: 0
