nice: cannot set niceness: Permission denied
Precompiling packages...
  75716.8 ms  ✓ Pkg (serial)
  1 dependency successfully precompiled in 76 seconds
Precompiling packages...
   2527.1 ms  ✓ Reexport
   2628.9 ms  ✓ OpenLibm_jll
   2729.3 ms  ✓ Unicode
   2788.9 ms  ✓ DataAPI
   2718.5 ms  ✓ PtrArrays
   2906.6 ms  ✓ ArgCheck
   3001.8 ms  ✓ InverseFunctions
   3083.4 ms  ✓ StatsAPI
   3022.1 ms  ✓ CompilerSupportLibraries_jll
   3319.5 ms  ✓ Statistics
   3227.1 ms  ✓ SuiteSparse_jll
   3500.3 ms  ✓ DocStringExtensions
   3539.9 ms  ✓ Serialization
   4132.7 ms  ✓ FillArrays
   1611.2 ms  ✓ AliasTables
   1522.0 ms  ✓ InverseFunctions → InverseFunctionsDatesExt
   2192.5 ms  ✓ Preferences
   1075.2 ms  ✓ FillArrays → FillArraysStatisticsExt
   5733.9 ms  ✓ OrderedCollections
    882.8 ms  ✓ JLLWrappers
   3612.3 ms  ✓ Missings
   4003.8 ms  ✓ Compat
   1108.5 ms  ✓ Rmath_jll
   6923.5 ms  ✓ IrrationalConstants
   1246.4 ms  ✓ OpenSpecFun_jll
    632.0 ms  ✓ Compat → CompatLinearAlgebraExt
   4920.5 ms  ✓ InteractiveUtils
    873.1 ms  ✓ LogExpFunctions
    913.5 ms  ✓ Rmath
   2472.5 ms  ✓ DataStructures
    520.5 ms  ✓ LogExpFunctions → LogExpFunctionsInverseFunctionsExt
    651.3 ms  ✓ SortingAlgorithms
   2641.4 ms  ✓ ChainRulesCore
   2133.5 ms  ✓ QuadGK
   6920.8 ms  ✓ SparseArrays
   3013.2 ms  ✓ SpecialFunctions
    881.8 ms  ✓ SuiteSparse
    991.4 ms  ✓ Statistics → SparseArraysExt
   1082.5 ms  ✓ FillArrays → FillArraysSparseArraysExt
   2130.3 ms  ✓ LogExpFunctions → LogExpFunctionsChainRulesCoreExt
   1877.3 ms  ✓ PDMats
   2422.8 ms  ✓ HypergeometricFunctions
   5886.2 ms  ✓ Test
   3262.9 ms  ✓ ChainRulesCore → ChainRulesCoreSparseArraysExt
   3068.2 ms  ✓ SpecialFunctions → SpecialFunctionsChainRulesCoreExt
    699.8 ms  ✓ FillArrays → FillArraysPDMatsExt
    680.2 ms  ✓ InverseFunctions → InverseFunctionsTestExt
    564.1 ms  ✓ DensityInterface
   4048.8 ms  ✓ StatsBase
   2334.6 ms  ✓ StatsFuns
    384.0 ms  ✓ StatsFuns → StatsFunsInverseFunctionsExt
    539.5 ms  ✓ PDMats → StatsBaseExt
   1165.0 ms  ✓ StatsFuns → StatsFunsChainRulesCoreExt
   1272.1 ms  ✓ HiddenMarkovModels
   3769.4 ms  ✓ Distributions
    824.5 ms  ✓ Distributions → DistributionsDensityInterfaceExt
    822.4 ms  ✓ HiddenMarkovModels → HiddenMarkovModelsDistributionsExt
   1014.5 ms  ✓ Distributions → DistributionsTestExt
   1659.4 ms  ✓ Distributions → DistributionsChainRulesCoreExt
  59 dependencies successfully precompiled in 21 seconds. 9 already precompiled.
	Command being timed: "nice -n -10 timeout -k120 -v 3600 julia +1.12.6 --project=H/HiddenMarkovModels/Estimate-Hmm-With-Baum-Welch -e using Pkg; @time @eval Pkg.precompile()"
	User time (seconds): 193.62
	System time (seconds): 14.54
	Percent of CPU this job got: 212%
	Elapsed (wall clock) time (h:mm:ss or m:ss): 1:38.14
	Average shared text size (kbytes): 0
	Average unshared data size (kbytes): 0
	Average stack size (kbytes): 0
	Average total size (kbytes): 0
	Maximum resident set size (kbytes): 2154836
	Average resident set size (kbytes): 0
	Major (requiring I/O) page faults: 265
	Minor (reclaiming a frame) page faults: 4430535
	Voluntary context switches: 14264
	Involuntary context switches: 7717
	Swaps: 0
	File system inputs: 0
	File system outputs: 456440
	Socket messages sent: 0
	Socket messages received: 0
	Signals delivered: 0
	Page size (bytes): 4096
	Exit status: 0
