nice: cannot set niceness: Permission denied
Precompiling packages...
  73350.9 ms  ✓ Pkg (serial)
  1 dependency successfully precompiled in 73 seconds
Precompiling packages...
   2372.6 ms  ✓ Reexport
   2460.8 ms  ✓ OpenLibm_jll
   2661.4 ms  ✓ DataAPI
   2764.9 ms  ✓ Unicode
   2702.5 ms  ✓ PtrArrays
   2752.8 ms  ✓ StatsAPI
   2869.7 ms  ✓ InverseFunctions
   2863.0 ms  ✓ ArgCheck
   2913.1 ms  ✓ CompilerSupportLibraries_jll
   3122.6 ms  ✓ SuiteSparse_jll
   3280.6 ms  ✓ DocStringExtensions
   3280.0 ms  ✓ Statistics
   3500.9 ms  ✓ Serialization
   3985.1 ms  ✓ FillArrays
   1371.8 ms  ✓ InverseFunctions → InverseFunctionsDatesExt
   1608.3 ms  ✓ AliasTables
   1844.8 ms  ✓ Preferences
    982.8 ms  ✓ FillArrays → FillArraysStatisticsExt
    903.9 ms  ✓ JLLWrappers
   5590.9 ms  ✓ OrderedCollections
   3607.4 ms  ✓ Missings
   3705.4 ms  ✓ Compat
   1164.5 ms  ✓ OpenSpecFun_jll
   1171.2 ms  ✓ Rmath_jll
   6902.5 ms  ✓ IrrationalConstants
    640.3 ms  ✓ Compat → CompatLinearAlgebraExt
   4997.4 ms  ✓ InteractiveUtils
    973.2 ms  ✓ Rmath
    786.0 ms  ✓ LogExpFunctions
   2480.6 ms  ✓ DataStructures
    525.1 ms  ✓ LogExpFunctions → LogExpFunctionsInverseFunctionsExt
    696.4 ms  ✓ SortingAlgorithms
   2700.4 ms  ✓ ChainRulesCore
   2043.9 ms  ✓ QuadGK
   6738.6 ms  ✓ SparseArrays
   2811.6 ms  ✓ SpecialFunctions
    865.0 ms  ✓ SuiteSparse
    963.9 ms  ✓ Statistics → SparseArraysExt
   1055.5 ms  ✓ FillArrays → FillArraysSparseArraysExt
   2060.0 ms  ✓ LogExpFunctions → LogExpFunctionsChainRulesCoreExt
   1558.0 ms  ✓ HypergeometricFunctions
   1774.9 ms  ✓ PDMats
   5793.4 ms  ✓ Test
   3206.6 ms  ✓ ChainRulesCore → ChainRulesCoreSparseArraysExt
   3087.0 ms  ✓ SpecialFunctions → SpecialFunctionsChainRulesCoreExt
    764.7 ms  ✓ FillArrays → FillArraysPDMatsExt
    626.1 ms  ✓ InverseFunctions → InverseFunctionsTestExt
    545.3 ms  ✓ DensityInterface
   2962.4 ms  ✓ StatsFuns
   3943.9 ms  ✓ StatsBase
    376.7 ms  ✓ StatsFuns → StatsFunsInverseFunctionsExt
    512.8 ms  ✓ PDMats → StatsBaseExt
   1082.4 ms  ✓ StatsFuns → StatsFunsChainRulesCoreExt
   1264.7 ms  ✓ HiddenMarkovModels
   3627.1 ms  ✓ Distributions
    821.8 ms  ✓ HiddenMarkovModels → HiddenMarkovModelsDistributionsExt
    824.0 ms  ✓ Distributions → DistributionsDensityInterfaceExt
    991.4 ms  ✓ Distributions → DistributionsTestExt
   1614.9 ms  ✓ Distributions → DistributionsChainRulesCoreExt
  59 dependencies successfully precompiled in 21 seconds. 9 already precompiled.
	Command being timed: "nice -n -10 timeout -k120 -v 3600 julia +1.12.5 --project=H/HiddenMarkovModels/Estimate-Hmm-With-Baum-Welch -e using Pkg; @time @eval Pkg.precompile()"
	User time (seconds): 186.67
	System time (seconds): 14.72
	Percent of CPU this job got: 211%
	Elapsed (wall clock) time (h:mm:ss or m:ss): 1:35.08
	Average shared text size (kbytes): 0
	Average unshared data size (kbytes): 0
	Average stack size (kbytes): 0
	Average total size (kbytes): 0
	Maximum resident set size (kbytes): 2150168
	Average resident set size (kbytes): 0
	Major (requiring I/O) page faults: 368
	Minor (reclaiming a frame) page faults: 4431965
	Voluntary context switches: 13799
	Involuntary context switches: 7277
	Swaps: 0
	File system inputs: 0
	File system outputs: 451608
	Socket messages sent: 0
	Socket messages received: 0
	Signals delivered: 0
	Page size (bytes): 4096
	Exit status: 0
