nice: cannot set niceness: Permission denied
Precompiling packages...
    401.7 ms  ✓ Reexport
    458.0 ms  ✓ DataAPI
    587.0 ms  ✓ Statistics
    852.2 ms  ✓ SuiteSparse_jll
    468.6 ms  ✓ StatsAPI
    688.0 ms  ✓ OrderedCollections
    559.9 ms  ✓ InverseFunctions
   1355.8 ms  ✓ IrrationalConstants
    680.6 ms  ✓ DocStringExtensions
    711.3 ms  ✓ Serialization
    492.1 ms  ✓ Unicode
    423.5 ms  ✓ PtrArrays
    621.2 ms  ✓ OpenLibm_jll
   1037.0 ms  ✓ FillArrays
    490.3 ms  ✓ Missings
    490.2 ms  ✓ ArgCheck
   1258.1 ms  ✓ InteractiveUtils
   1751.9 ms  ✓ DataStructures
    675.0 ms  ✓ LogExpFunctions
    505.1 ms  ✓ InverseFunctions → InverseFunctionsDatesExt
    583.1 ms  ✓ Compat
    496.1 ms  ✓ AliasTables
    489.9 ms  ✓ FillArrays → FillArraysStatisticsExt
    526.1 ms  ✓ SortingAlgorithms
    417.5 ms  ✓ LogExpFunctions → LogExpFunctionsInverseFunctionsExt
    895.6 ms  ✓ QuadGK
   1941.5 ms  ✓ Preferences
    380.6 ms  ✓ Compat → CompatLinearAlgebraExt
    470.2 ms  ✓ JLLWrappers
    636.5 ms  ✓ OpenSpecFun_jll
    638.4 ms  ✓ Rmath_jll
   1339.2 ms  ✓ ChainRulesCore
   4024.2 ms  ✓ SparseArrays
    784.0 ms  ✓ Rmath
    578.6 ms  ✓ Statistics → SparseArraysExt
    557.3 ms  ✓ SuiteSparse
   1222.7 ms  ✓ LogExpFunctions → LogExpFunctionsChainRulesCoreExt
    666.8 ms  ✓ FillArrays → FillArraysSparseArraysExt
    580.3 ms  ✓ ChainRulesCore → ChainRulesCoreSparseArraysExt
   2357.9 ms  ✓ SpecialFunctions
    764.5 ms  ✓ PDMats
    630.3 ms  ✓ FillArrays → FillArraysPDMatsExt
    959.1 ms  ✓ HypergeometricFunctions
   2203.1 ms  ✓ StatsBase
   1446.1 ms  ✓ SpecialFunctions → SpecialFunctionsChainRulesCoreExt
    541.0 ms  ✓ PDMats → StatsBaseExt
   1318.1 ms  ✓ StatsFuns
    426.4 ms  ✓ StatsFuns → StatsFunsInverseFunctionsExt
   1076.2 ms  ✓ StatsFuns → StatsFunsChainRulesCoreExt
   8301.2 ms  ✓ Test
    459.5 ms  ✓ InverseFunctions → InverseFunctionsTestExt
    489.3 ms  ✓ DensityInterface
   1197.8 ms  ✓ HiddenMarkovModels
   3753.7 ms  ✓ Distributions
    800.0 ms  ✓ Distributions → DistributionsDensityInterfaceExt
    854.9 ms  ✓ HiddenMarkovModels → HiddenMarkovModelsDistributionsExt
    858.1 ms  ✓ Distributions → DistributionsChainRulesCoreExt
   1037.7 ms  ✓ Distributions → DistributionsTestExt
  58 dependencies successfully precompiled in 15 seconds. 9 already precompiled.
	Command being timed: "nice -n -10 timeout -k120 -v 3600 julia +alpha --project=H/HiddenMarkovModels/Estimate-Hmm-With-Baum-Welch -e using Pkg; @time @eval Pkg.precompile()"
	User time (seconds): 187.42
	System time (seconds): 13.55
	Percent of CPU this job got: 158%
	Elapsed (wall clock) time (h:mm:ss or m:ss): 2:06.61
	Average shared text size (kbytes): 0
	Average unshared data size (kbytes): 0
	Average stack size (kbytes): 0
	Average total size (kbytes): 0
	Maximum resident set size (kbytes): 2600620
	Average resident set size (kbytes): 0
	Major (requiring I/O) page faults: 320
	Minor (reclaiming a frame) page faults: 5002400
	Voluntary context switches: 14404
	Involuntary context switches: 2786
	Swaps: 0
	File system inputs: 0
	File system outputs: 476840
	Socket messages sent: 0
	Socket messages received: 0
	Signals delivered: 0
	Page size (bytes): 4096
	Exit status: 0
