nice: cannot set niceness: Permission denied
Precompiling packages...
  75433.1 ms  ✓ Pkg (serial)
  1 dependency successfully precompiled in 75 seconds
Precompiling packages...
   2519.5 ms  ✓ Reexport
   2639.2 ms  ✓ OpenLibm_jll
   2710.0 ms  ✓ ArgCheck
   2704.8 ms  ✓ StatsAPI
   2692.9 ms  ✓ PtrArrays
   2709.9 ms  ✓ CompilerSupportLibraries_jll
   2849.4 ms  ✓ Unicode
   2915.7 ms  ✓ DataAPI
   2930.5 ms  ✓ InverseFunctions
   2992.3 ms  ✓ SuiteSparse_jll
   3134.3 ms  ✓ Statistics
   3344.9 ms  ✓ DocStringExtensions
   3439.0 ms  ✓ Serialization
   4223.3 ms  ✓ FillArrays
   1498.7 ms  ✓ AliasTables
   1382.3 ms  ✓ InverseFunctions → InverseFunctionsDatesExt
   1820.5 ms  ✓ Preferences
    903.6 ms  ✓ FillArrays → FillArraysStatisticsExt
   5643.6 ms  ✓ OrderedCollections
    912.4 ms  ✓ JLLWrappers
   3397.2 ms  ✓ Missings
   3767.4 ms  ✓ Compat
   1167.8 ms  ✓ Rmath_jll
   1165.6 ms  ✓ OpenSpecFun_jll
   6911.3 ms  ✓ IrrationalConstants
    636.0 ms  ✓ Compat → CompatLinearAlgebraExt
   5007.9 ms  ✓ InteractiveUtils
    901.8 ms  ✓ Rmath
    801.6 ms  ✓ LogExpFunctions
   2428.9 ms  ✓ DataStructures
    550.6 ms  ✓ LogExpFunctions → LogExpFunctionsInverseFunctionsExt
    692.5 ms  ✓ SortingAlgorithms
   2619.4 ms  ✓ ChainRulesCore
   6739.3 ms  ✓ SparseArrays
   2149.5 ms  ✓ QuadGK
   3049.0 ms  ✓ SpecialFunctions
    893.6 ms  ✓ SuiteSparse
    994.1 ms  ✓ Statistics → SparseArraysExt
   1091.4 ms  ✓ FillArrays → FillArraysSparseArraysExt
   2163.1 ms  ✓ LogExpFunctions → LogExpFunctionsChainRulesCoreExt
   1188.1 ms  ✓ PDMats
   1763.6 ms  ✓ HypergeometricFunctions
   2773.2 ms  ✓ ChainRulesCore → ChainRulesCoreSparseArraysExt
   5963.0 ms  ✓ Test
   1293.4 ms  ✓ FillArrays → FillArraysPDMatsExt
   2883.4 ms  ✓ SpecialFunctions → SpecialFunctionsChainRulesCoreExt
    543.2 ms  ✓ InverseFunctions → InverseFunctionsTestExt
    564.4 ms  ✓ DensityInterface
   4035.4 ms  ✓ StatsBase
   2814.5 ms  ✓ StatsFuns
    379.8 ms  ✓ StatsFuns → StatsFunsInverseFunctionsExt
    531.1 ms  ✓ PDMats → StatsBaseExt
   1170.5 ms  ✓ StatsFuns → StatsFunsChainRulesCoreExt
   1279.8 ms  ✓ HiddenMarkovModels
   3736.0 ms  ✓ Distributions
    811.5 ms  ✓ Distributions → DistributionsDensityInterfaceExt
    824.3 ms  ✓ HiddenMarkovModels → HiddenMarkovModelsDistributionsExt
   1045.7 ms  ✓ Distributions → DistributionsTestExt
   1666.1 ms  ✓ Distributions → DistributionsChainRulesCoreExt
  59 dependencies successfully precompiled in 21 seconds. 9 already precompiled.
	Command being timed: "nice -n -10 timeout -k120 -v 3600 julia +release --project=H/HiddenMarkovModels/Estimate-Hmm-With-Baum-Welch -e using Pkg; @time @eval Pkg.precompile()"
	User time (seconds): 192.68
	System time (seconds): 14.40
	Percent of CPU this job got: 212%
	Elapsed (wall clock) time (h:mm:ss or m:ss): 1:37.58
	Average shared text size (kbytes): 0
	Average unshared data size (kbytes): 0
	Average stack size (kbytes): 0
	Average total size (kbytes): 0
	Maximum resident set size (kbytes): 2148160
	Average resident set size (kbytes): 0
	Major (requiring I/O) page faults: 254
	Minor (reclaiming a frame) page faults: 4428216
	Voluntary context switches: 15383
	Involuntary context switches: 7477
	Swaps: 0
	File system inputs: 0
	File system outputs: 456928
	Socket messages sent: 0
	Socket messages received: 0
	Signals delivered: 0
	Page size (bytes): 4096
	Exit status: 0
