Precompiling project...
   1864.9 ms  ✓ Reexport
   1966.7 ms  ✓ DataAPI
   1983.9 ms  ✓ Unicode
   2037.4 ms  ✓ ArgCheck
   2075.2 ms  ✓ OpenLibm_jll
   2051.5 ms  ✓ StatsAPI
   2167.3 ms  ✓ InverseFunctions
   2577.0 ms  ✓ Serialization
   2572.0 ms  ✓ Statistics
   2545.3 ms  ✓ CompilerSupportLibraries_jll
   2580.0 ms  ✓ OrderedCollections
   2579.5 ms  ✓ DocStringExtensions
   2611.3 ms  ✓ SuiteSparse_jll
   1115.6 ms  ✓ PtrArrays
   1198.9 ms  ✓ Missings
   3256.1 ms  ✓ FillArrays
   1421.7 ms  ✓ Compat
   1397.9 ms  ✓ InverseFunctions → InverseFunctionsDatesExt
   3680.5 ms  ✓ IrrationalConstants
   1722.5 ms  ✓ Preferences
    980.1 ms  ✓ AliasTables
    756.7 ms  ✓ FillArrays → FillArraysStatisticsExt
   4014.6 ms  ✓ InteractiveUtils
    630.4 ms  ✓ Compat → CompatLinearAlgebraExt
    619.4 ms  ✓ JLLWrappers
    786.4 ms  ✓ LogExpFunctions
    522.7 ms  ✓ LogExpFunctions → LogExpFunctionsInverseFunctionsExt
    689.6 ms  ✓ Rmath_jll
    714.4 ms  ✓ OpenSpecFun_jll
   2689.6 ms  ✓ DataStructures
   1576.8 ms  ✓ ChainRulesCore
    714.8 ms  ✓ SortingAlgorithms
   1052.3 ms  ✓ Rmath
   1096.0 ms  ✓ QuadGK
   1304.7 ms  ✓ LogExpFunctions → LogExpFunctionsChainRulesCoreExt
   4905.6 ms  ✓ SparseArrays
   3501.8 ms  ✓ Test
   2891.1 ms  ✓ SpecialFunctions
    615.0 ms  ✓ SuiteSparse
    703.2 ms  ✓ Statistics → SparseArraysExt
    717.0 ms  ✓ ChainRulesCore → ChainRulesCoreSparseArraysExt
    708.3 ms  ✓ InverseFunctions → InverseFunctionsTestExt
    753.5 ms  ✓ FillArrays → FillArraysSparseArraysExt
    532.3 ms  ✓ DensityInterface
    731.7 ms  ✓ PDMats
    983.8 ms  ✓ HypergeometricFunctions
    426.7 ms  ✓ FillArrays → FillArraysPDMatsExt
   1418.4 ms  ✓ SpecialFunctions → SpecialFunctionsChainRulesCoreExt
   1639.3 ms  ✓ StatsBase
   1126.4 ms  ✓ StatsFuns
    396.4 ms  ✓ StatsFuns → StatsFunsInverseFunctionsExt
    983.1 ms  ✓ StatsFuns → StatsFunsChainRulesCoreExt
   1065.5 ms  ✓ HiddenMarkovModels
   3461.9 ms  ✓ Distributions
    703.7 ms  ✓ Distributions → DistributionsChainRulesCoreExt
    704.3 ms  ✓ Distributions → DistributionsDensityInterfaceExt
    704.6 ms  ✓ HiddenMarkovModels → HiddenMarkovModelsDistributionsExt
    800.7 ms  ✓ Distributions → DistributionsTestExt
  58 dependencies successfully precompiled in 14 seconds. 7 already precompiled.
	Command being timed: "julia +1.11.6 --project=H/HiddenMarkovModels/Estimate-Hmm-With-Baum-Welch -e using Pkg; @time @eval Pkg.precompile()"
	User time (seconds): 138.46
	System time (seconds): 11.59
	Percent of CPU this job got: 221%
	Elapsed (wall clock) time (h:mm:ss or m:ss): 1:07.66
	Average shared text size (kbytes): 0
	Average unshared data size (kbytes): 0
	Average stack size (kbytes): 0
	Average total size (kbytes): 0
	Maximum resident set size (kbytes): 2052240
	Average resident set size (kbytes): 0
	Major (requiring I/O) page faults: 329
	Minor (reclaiming a frame) page faults: 3438536
	Voluntary context switches: 104713
	Involuntary context switches: 12477
	Swaps: 0
	File system inputs: 0
	File system outputs: 509624
	Socket messages sent: 0
	Socket messages received: 0
	Signals delivered: 0
	Page size (bytes): 4096
	Exit status: 0
