nice: cannot set niceness: Permission denied
Precompiling packages...
  75597.5 ms  ✓ Pkg (serial)
  1 dependency successfully precompiled in 76 seconds
Precompiling packages...
   2620.1 ms  ✓ CommonSolve
   2645.1 ms  ✓ Reexport
   2739.8 ms  ✓ OpenLibm_jll
   2707.5 ms  ✓ DataAPI
   2745.2 ms  ✓ Unicode
   2782.0 ms  ✓ ArgCheck
   2837.8 ms  ✓ InverseFunctions
   2901.1 ms  ✓ StatsAPI
   3265.0 ms  ✓ CompilerSupportLibraries_jll
   3421.0 ms  ✓ Statistics
   3629.7 ms  ✓ DocStringExtensions
   3931.1 ms  ✓ Serialization
   5236.8 ms  ✓ FillArrays
   2498.6 ms  ✓ CompositionsBase
   2500.4 ms  ✓ PtrArrays
   2887.7 ms  ✓ ProgressLogging
   2880.0 ms  ✓ SuiteSparse_jll
   2303.9 ms  ✓ InverseFunctions → InverseFunctionsDatesExt
   3502.5 ms  ✓ Gamma
   3598.9 ms  ✓ Preferences
   1887.7 ms  ✓ CompositionsBase → CompositionsBaseInverseFunctionsExt
   2005.8 ms  ✓ FillArrays → FillArraysStatisticsExt
   1996.7 ms  ✓ AliasTables
   8318.5 ms  ✓ ConstructionBase
   8540.2 ms  ✓ OrderedCollections
   1515.6 ms  ✓ JLLWrappers
   3004.2 ms  ✓ HypergeometricFunctions
   6702.9 ms  ✓ Missings
   1391.3 ms  ✓ ConstructionBase → ConstructionBaseLinearAlgebraExt
   6502.4 ms  ✓ Compat
  10031.0 ms  ✓ IrrationalConstants
   1824.7 ms  ✓ Rmath_jll
   1894.2 ms  ✓ OpenSpecFun_jll
    796.2 ms  ✓ Compat → CompatLinearAlgebraExt
   8037.7 ms  ✓ InteractiveUtils
   1032.2 ms  ✓ LogExpFunctions
   1200.7 ms  ✓ Rmath
    765.4 ms  ✓ LogExpFunctions → LogExpFunctionsInverseFunctionsExt
   3685.9 ms  ✓ DataStructures
   9677.9 ms  ✓ MacroTools
    826.8 ms  ✓ SortingAlgorithms
   3605.4 ms  ✓ ChainRulesCore
   2606.6 ms  ✓ QuadGK
   9435.7 ms  ✓ SparseArrays
   4048.8 ms  ✓ SpecialFunctions
   1093.2 ms  ✓ SuiteSparse
   1279.1 ms  ✓ FillArrays → FillArraysSparseArraysExt
   1574.1 ms  ✓ Statistics → SparseArraysExt
   2417.2 ms  ✓ LogExpFunctions → LogExpFunctionsChainRulesCoreExt
   4699.2 ms  ✓ Accessors
   2081.0 ms  ✓ PDMats
   1513.6 ms  ✓ Accessors → LinearAlgebraExt
   7848.0 ms  ✓ Test
   4037.6 ms  ✓ SpecialFunctions → SpecialFunctionsChainRulesCoreExt
   4270.4 ms  ✓ ChainRulesCore → ChainRulesCoreSparseArraysExt
   1188.9 ms  ✓ FillArrays → FillArraysPDMatsExt
    898.6 ms  ✓ InverseFunctions → InverseFunctionsTestExt
    913.0 ms  ✓ Accessors → TestExt
   4923.5 ms  ✓ StatsFuns
    675.1 ms  ✓ DensityInterface
    441.5 ms  ✓ StatsFuns → StatsFunsInverseFunctionsExt
   4598.7 ms  ✓ StatsBase
   1164.3 ms  ✓ StatsFuns → StatsFunsChainRulesCoreExt
    529.3 ms  ✓ PDMats → StatsBaseExt
   3598.0 ms  ✓ Roots
    440.8 ms  ✓ Roots → RootsChainRulesCoreExt
   1563.0 ms  ✓ HiddenMarkovModels
   3810.0 ms  ✓ Distributions
    899.2 ms  ✓ Distributions → DistributionsDensityInterfaceExt
    998.0 ms  ✓ HiddenMarkovModels → HiddenMarkovModelsDistributionsExt
   1119.9 ms  ✓ Distributions → DistributionsTestExt
   1695.3 ms  ✓ Distributions → DistributionsChainRulesCoreExt
  72 dependencies successfully precompiled in 28 seconds. 9 already precompiled.
	Command being timed: "nice -n -10 timeout -k120 -v 3600 julia +1.12.6 --project=H/HiddenMarkovModels/Estimate-Hmm-With-Baum-Welch -e using Pkg; @time @eval Pkg.precompile()"
	User time (seconds): 217.82
	System time (seconds): 17.51
	Percent of CPU this job got: 225%
	Elapsed (wall clock) time (h:mm:ss or m:ss): 1:44.40
	Average shared text size (kbytes): 0
	Average unshared data size (kbytes): 0
	Average stack size (kbytes): 0
	Average total size (kbytes): 0
	Maximum resident set size (kbytes): 2154588
	Average resident set size (kbytes): 0
	Major (requiring I/O) page faults: 287
	Minor (reclaiming a frame) page faults: 5041245
	Voluntary context switches: 15399
	Involuntary context switches: 9945
	Swaps: 0
	File system inputs: 0
	File system outputs: 485768
	Socket messages sent: 0
	Socket messages received: 0
	Signals delivered: 0
	Page size (bytes): 4096
	Exit status: 0
