nice: cannot set niceness: Permission denied
Precompiling packages...
   1986.0 ms  ✓ PtrArrays
   2020.4 ms  ✓ Reexport
   2022.1 ms  ✓ OpenLibm_jll
   2098.3 ms  ✓ ArgCheck
   2102.4 ms  ✓ DataAPI
   2102.6 ms  ✓ StatsAPI
   2196.4 ms  ✓ CompilerSupportLibraries_jll
   2187.5 ms  ✓ SuiteSparse_jll
   2222.1 ms  ✓ InverseFunctions
   2655.9 ms  ✓ Compat
   2511.9 ms  ✓ OrderedCollections
   2519.9 ms  ✓ DocStringExtensions
   2783.4 ms  ✓ Preferences
   1079.6 ms  ✓ AliasTables
   1090.7 ms  ✓ Missings
   3232.3 ms  ✓ FillArrays
   1074.1 ms  ✓ InverseFunctions → InverseFunctionsDatesExt
    822.5 ms  ✓ Compat → CompatLinearAlgebraExt
   3518.7 ms  ✓ IrrationalConstants
    799.0 ms  ✓ JLLWrappers
    599.4 ms  ✓ Rmath_jll
    617.9 ms  ✓ OpenSpecFun_jll
    755.9 ms  ✓ LogExpFunctions
    733.6 ms  ✓ LogExpFunctions → LogExpFunctionsInverseFunctionsExt
   1779.7 ms  ✓ ChainRulesCore
   2613.4 ms  ✓ DataStructures
   1384.2 ms  ✓ Rmath
   5680.6 ms  ✓ Test
    828.1 ms  ✓ SortingAlgorithms
    448.2 ms  ✓ InverseFunctions → InverseFunctionsTestExt
   1068.9 ms  ✓ QuadGK
   1397.9 ms  ✓ LogExpFunctions → LogExpFunctionsChainRulesCoreExt
    405.7 ms  ✓ DensityInterface
   4579.2 ms  ✓ SparseArrays
   2802.6 ms  ✓ SpecialFunctions
    442.0 ms  ✓ SuiteSparse
    518.0 ms  ✓ ChainRulesCore → ChainRulesCoreSparseArraysExt
    545.5 ms  ✓ FillArrays → FillArraysSparseArraysExt
    606.4 ms  ✓ Statistics
    481.5 ms  ✓ FillArrays → FillArraysStatisticsExt
    665.2 ms  ✓ PDMats
    816.2 ms  ✓ HypergeometricFunctions
   1135.1 ms  ✓ SpecialFunctions → SpecialFunctionsChainRulesCoreExt
    407.8 ms  ✓ FillArrays → FillArraysPDMatsExt
   1479.1 ms  ✓ StatsBase
    982.7 ms  ✓ StatsFuns
    326.2 ms  ✓ StatsFuns → StatsFunsInverseFunctionsExt
    415.8 ms  ✓ PDMats → StatsBaseExt
    860.7 ms  ✓ StatsFuns → StatsFunsChainRulesCoreExt
    922.7 ms  ✓ HiddenMarkovModels
   3120.3 ms  ✓ Distributions
    619.6 ms  ✓ Distributions → DistributionsChainRulesCoreExt
    707.8 ms  ✓ Distributions → DistributionsTestExt
    579.4 ms  ✓ Distributions → DistributionsDensityInterfaceExt
    590.7 ms  ✓ HiddenMarkovModels → HiddenMarkovModelsDistributionsExt
  55 dependencies successfully precompiled in 15 seconds
	Command being timed: "nice -n -10 timeout -k120 -v 3600 julia +lts --project=H/HiddenMarkovModels/Estimate-Hmm-With-Baum-Welch -e using Pkg; @time @eval Pkg.precompile()"
	User time (seconds): 39.16
	System time (seconds): 8.53
	Percent of CPU this job got: 302%
	Elapsed (wall clock) time (h:mm:ss or m:ss): 0:15.74
	Average shared text size (kbytes): 0
	Average unshared data size (kbytes): 0
	Average stack size (kbytes): 0
	Average total size (kbytes): 0
	Maximum resident set size (kbytes): 377124
	Average resident set size (kbytes): 0
	Major (requiring I/O) page faults: 122
	Minor (reclaiming a frame) page faults: 2259760
	Voluntary context switches: 70528
	Involuntary context switches: 4986
	Swaps: 0
	File system inputs: 0
	File system outputs: 131936
	Socket messages sent: 0
	Socket messages received: 0
	Signals delivered: 0
	Page size (bytes): 4096
	Exit status: 0
