nice: cannot set niceness: Permission denied
Precompiling packages...
  73786.5 ms  ✓ Pkg (serial)
  1 dependency successfully precompiled in 74 seconds
Precompiling packages...
   2506.2 ms  ✓ Reexport
   2622.2 ms  ✓ PtrArrays
   2707.2 ms  ✓ DataAPI
   2719.7 ms  ✓ Unicode
   2720.8 ms  ✓ OpenLibm_jll
   2781.3 ms  ✓ StatsAPI
   2819.2 ms  ✓ ArgCheck
   3010.8 ms  ✓ InverseFunctions
   3079.3 ms  ✓ CompilerSupportLibraries_jll
   3185.1 ms  ✓ SuiteSparse_jll
   3303.7 ms  ✓ Statistics
   3321.3 ms  ✓ DocStringExtensions
   3627.4 ms  ✓ Serialization
   4117.0 ms  ✓ FillArrays
   1520.6 ms  ✓ AliasTables
   1287.7 ms  ✓ InverseFunctions → InverseFunctionsDatesExt
   1971.6 ms  ✓ Preferences
    912.4 ms  ✓ FillArrays → FillArraysStatisticsExt
    901.8 ms  ✓ JLLWrappers
   5818.2 ms  ✓ OrderedCollections
   3504.4 ms  ✓ Missings
   3808.2 ms  ✓ Compat
   1120.6 ms  ✓ Rmath_jll
   1221.3 ms  ✓ OpenSpecFun_jll
   6837.7 ms  ✓ IrrationalConstants
    671.1 ms  ✓ Compat → CompatLinearAlgebraExt
   4840.8 ms  ✓ InteractiveUtils
    796.9 ms  ✓ LogExpFunctions
    925.1 ms  ✓ Rmath
    519.5 ms  ✓ LogExpFunctions → LogExpFunctionsInverseFunctionsExt
   2401.0 ms  ✓ DataStructures
    644.8 ms  ✓ SortingAlgorithms
   2605.5 ms  ✓ ChainRulesCore
   2026.2 ms  ✓ QuadGK
   6678.5 ms  ✓ SparseArrays
   2797.5 ms  ✓ SpecialFunctions
    911.2 ms  ✓ SuiteSparse
   1031.4 ms  ✓ Statistics → SparseArraysExt
   1090.7 ms  ✓ FillArrays → FillArraysSparseArraysExt
   2092.3 ms  ✓ LogExpFunctions → LogExpFunctionsChainRulesCoreExt
   1588.5 ms  ✓ HypergeometricFunctions
   1675.8 ms  ✓ PDMats
   5873.3 ms  ✓ Test
   3187.0 ms  ✓ ChainRulesCore → ChainRulesCoreSparseArraysExt
   3118.4 ms  ✓ SpecialFunctions → SpecialFunctionsChainRulesCoreExt
    751.3 ms  ✓ FillArrays → FillArraysPDMatsExt
    625.2 ms  ✓ InverseFunctions → InverseFunctionsTestExt
    560.2 ms  ✓ DensityInterface
   2994.0 ms  ✓ StatsFuns
   3910.3 ms  ✓ StatsBase
    383.7 ms  ✓ StatsFuns → StatsFunsInverseFunctionsExt
    506.5 ms  ✓ PDMats → StatsBaseExt
   1180.6 ms  ✓ StatsFuns → StatsFunsChainRulesCoreExt
   1271.0 ms  ✓ HiddenMarkovModels
   3665.9 ms  ✓ Distributions
    802.6 ms  ✓ Distributions → DistributionsDensityInterfaceExt
    827.4 ms  ✓ HiddenMarkovModels → HiddenMarkovModelsDistributionsExt
    991.2 ms  ✓ Distributions → DistributionsTestExt
   1642.9 ms  ✓ Distributions → DistributionsChainRulesCoreExt
  59 dependencies successfully precompiled in 21 seconds. 9 already precompiled.
	Command being timed: "nice -n -10 timeout -k120 -v 3600 julia +1.12.5 --project=H/HiddenMarkovModels/Estimate-Hmm-With-Baum-Welch -e using Pkg; @time @eval Pkg.precompile()"
	User time (seconds): 188.16
	System time (seconds): 14.46
	Percent of CPU this job got: 211%
	Elapsed (wall clock) time (h:mm:ss or m:ss): 1:35.67
	Average shared text size (kbytes): 0
	Average unshared data size (kbytes): 0
	Average stack size (kbytes): 0
	Average total size (kbytes): 0
	Maximum resident set size (kbytes): 2148952
	Average resident set size (kbytes): 0
	Major (requiring I/O) page faults: 380
	Minor (reclaiming a frame) page faults: 4421775
	Voluntary context switches: 14656
	Involuntary context switches: 7671
	Swaps: 0
	File system inputs: 0
	File system outputs: 451608
	Socket messages sent: 0
	Socket messages received: 0
	Signals delivered: 0
	Page size (bytes): 4096
	Exit status: 0
