nice: cannot set niceness: Permission denied
Precompiling packages...
    447.2 ms  ✓ Reexport
    472.1 ms  ✓ DataAPI
    614.1 ms  ✓ Statistics
    478.8 ms  ✓ StatsAPI
   1021.5 ms  ✓ SuiteSparse_jll
    570.4 ms  ✓ InverseFunctions
    711.9 ms  ✓ OrderedCollections
   1349.2 ms  ✓ IrrationalConstants
    747.4 ms  ✓ Serialization
    496.5 ms  ✓ Unicode
    663.6 ms  ✓ DocStringExtensions
    524.7 ms  ✓ ArgCheck
    477.1 ms  ✓ PtrArrays
    523.7 ms  ✓ Missings
   1085.7 ms  ✓ FillArrays
    788.9 ms  ✓ OpenLibm_jll
    430.8 ms  ✓ InverseFunctions → InverseFunctionsDatesExt
   1349.9 ms  ✓ InteractiveUtils
    591.0 ms  ✓ Compat
    487.3 ms  ✓ AliasTables
    645.1 ms  ✓ LogExpFunctions
   1736.4 ms  ✓ DataStructures
    504.5 ms  ✓ FillArrays → FillArraysStatisticsExt
    457.5 ms  ✓ Compat → CompatLinearAlgebraExt
    447.7 ms  ✓ LogExpFunctions → LogExpFunctionsInverseFunctionsExt
    533.4 ms  ✓ SortingAlgorithms
   2311.3 ms  ✓ Preferences
    938.8 ms  ✓ QuadGK
    524.9 ms  ✓ JLLWrappers
   1435.5 ms  ✓ ChainRulesCore
   4113.7 ms  ✓ SparseArrays
    704.6 ms  ✓ OpenSpecFun_jll
    706.6 ms  ✓ Rmath_jll
    608.5 ms  ✓ Statistics → SparseArraysExt
    572.6 ms  ✓ SuiteSparse
    625.0 ms  ✓ ChainRulesCore → ChainRulesCoreSparseArraysExt
   1307.2 ms  ✓ LogExpFunctions → LogExpFunctionsChainRulesCoreExt
    675.2 ms  ✓ FillArrays → FillArraysSparseArraysExt
    751.6 ms  ✓ Rmath
    827.1 ms  ✓ PDMats
   2456.0 ms  ✓ SpecialFunctions
    604.9 ms  ✓ FillArrays → FillArraysPDMatsExt
   2126.6 ms  ✓ StatsBase
    893.9 ms  ✓ HypergeometricFunctions
    562.8 ms  ✓ PDMats → StatsBaseExt
   1476.4 ms  ✓ SpecialFunctions → SpecialFunctionsChainRulesCoreExt
   1413.0 ms  ✓ StatsFuns
    446.1 ms  ✓ StatsFuns → StatsFunsInverseFunctionsExt
   1256.0 ms  ✓ StatsFuns → StatsFunsChainRulesCoreExt
   9178.4 ms  ✓ Test
    468.8 ms  ✓ InverseFunctions → InverseFunctionsTestExt
    504.4 ms  ✓ DensityInterface
   3849.5 ms  ✓ Distributions
   1240.2 ms  ✓ HiddenMarkovModels
    800.1 ms  ✓ Distributions → DistributionsDensityInterfaceExt
    871.0 ms  ✓ Distributions → DistributionsChainRulesCoreExt
    860.0 ms  ✓ HiddenMarkovModels → HiddenMarkovModelsDistributionsExt
   1068.4 ms  ✓ Distributions → DistributionsTestExt
  58 dependencies successfully precompiled in 16 seconds. 9 already precompiled.
	Command being timed: "nice -n -10 timeout -k120 -v 3600 julia +nightly --project=H/HiddenMarkovModels/Estimate-Hmm-With-Baum-Welch -e using Pkg; @time @eval Pkg.precompile()"
	User time (seconds): 210.69
	System time (seconds): 14.27
	Percent of CPU this job got: 153%
	Elapsed (wall clock) time (h:mm:ss or m:ss): 2:26.71
	Average shared text size (kbytes): 0
	Average unshared data size (kbytes): 0
	Average stack size (kbytes): 0
	Average total size (kbytes): 0
	Maximum resident set size (kbytes): 2539696
	Average resident set size (kbytes): 0
	Major (requiring I/O) page faults: 348
	Minor (reclaiming a frame) page faults: 5217066
	Voluntary context switches: 14203
	Involuntary context switches: 3237
	Swaps: 0
	File system inputs: 0
	File system outputs: 484016
	Socket messages sent: 0
	Socket messages received: 0
	Signals delivered: 0
	Page size (bytes): 4096
	Exit status: 0
