nice: cannot set niceness: Permission denied
Precompiling packages...
    431.8 ms  ✓ Reexport
    464.5 ms  ✓ DataAPI
    585.8 ms  ✓ Statistics
    857.6 ms  ✓ SuiteSparse_jll
    463.9 ms  ✓ StatsAPI
    671.7 ms  ✓ OrderedCollections
    555.2 ms  ✓ InverseFunctions
   1384.6 ms  ✓ IrrationalConstants
    674.2 ms  ✓ DocStringExtensions
    723.7 ms  ✓ Serialization
    522.6 ms  ✓ Unicode
    518.5 ms  ✓ ArgCheck
    448.2 ms  ✓ PtrArrays
    501.5 ms  ✓ Missings
    630.9 ms  ✓ OpenLibm_jll
   1074.9 ms  ✓ FillArrays
    643.3 ms  ✓ LogExpFunctions
    481.9 ms  ✓ InverseFunctions → InverseFunctionsDatesExt
   1323.4 ms  ✓ InteractiveUtils
    568.1 ms  ✓ Compat
    481.4 ms  ✓ AliasTables
   1733.3 ms  ✓ DataStructures
    483.7 ms  ✓ FillArrays → FillArraysStatisticsExt
    438.5 ms  ✓ LogExpFunctions → LogExpFunctionsInverseFunctionsExt
    413.5 ms  ✓ Compat → CompatLinearAlgebraExt
    557.3 ms  ✓ SortingAlgorithms
   1551.6 ms  ✓ Preferences
    531.9 ms  ✓ JLLWrappers
    910.1 ms  ✓ QuadGK
    647.9 ms  ✓ Rmath_jll
   1409.8 ms  ✓ ChainRulesCore
    700.1 ms  ✓ OpenSpecFun_jll
   3774.5 ms  ✓ SparseArrays
    750.4 ms  ✓ Rmath
    619.0 ms  ✓ Statistics → SparseArraysExt
    546.9 ms  ✓ SuiteSparse
   1184.9 ms  ✓ LogExpFunctions → LogExpFunctionsChainRulesCoreExt
    680.5 ms  ✓ FillArrays → FillArraysSparseArraysExt
    596.2 ms  ✓ ChainRulesCore → ChainRulesCoreSparseArraysExt
    751.2 ms  ✓ PDMats
   2300.8 ms  ✓ SpecialFunctions
    587.8 ms  ✓ FillArrays → FillArraysPDMatsExt
    909.7 ms  ✓ HypergeometricFunctions
   2085.8 ms  ✓ StatsBase
   1287.7 ms  ✓ SpecialFunctions → SpecialFunctionsChainRulesCoreExt
    556.3 ms  ✓ PDMats → StatsBaseExt
   1307.6 ms  ✓ StatsFuns
    440.8 ms  ✓ StatsFuns → StatsFunsInverseFunctionsExt
   7576.8 ms  ✓ Test
   1091.3 ms  ✓ StatsFuns → StatsFunsChainRulesCoreExt
    460.5 ms  ✓ InverseFunctions → InverseFunctionsTestExt
    483.9 ms  ✓ DensityInterface
   1193.8 ms  ✓ HiddenMarkovModels
   3709.4 ms  ✓ Distributions
    799.3 ms  ✓ Distributions → DistributionsDensityInterfaceExt
    846.3 ms  ✓ HiddenMarkovModels → HiddenMarkovModelsDistributionsExt
    883.4 ms  ✓ Distributions → DistributionsChainRulesCoreExt
   1035.9 ms  ✓ Distributions → DistributionsTestExt
  58 dependencies successfully precompiled in 15 seconds. 9 already precompiled.
	Command being timed: "nice -n -10 timeout -k120 -v 3600 julia +alpha --project=H/HiddenMarkovModels/Estimate-Hmm-With-Baum-Welch -e using Pkg; @time @eval Pkg.precompile()"
	User time (seconds): 181.67
	System time (seconds): 13.22
	Percent of CPU this job got: 159%
	Elapsed (wall clock) time (h:mm:ss or m:ss): 2:02.54
	Average shared text size (kbytes): 0
	Average unshared data size (kbytes): 0
	Average stack size (kbytes): 0
	Average total size (kbytes): 0
	Maximum resident set size (kbytes): 2591060
	Average resident set size (kbytes): 0
	Major (requiring I/O) page faults: 280
	Minor (reclaiming a frame) page faults: 4955615
	Voluntary context switches: 14557
	Involuntary context switches: 2989
	Swaps: 0
	File system inputs: 0
	File system outputs: 473488
	Socket messages sent: 0
	Socket messages received: 0
	Signals delivered: 0
	Page size (bytes): 4096
	Exit status: 0
