nice: cannot set niceness: Permission denied
Precompiling packages...
  76100.2 ms  ✓ Pkg (serial)
  1 dependency successfully precompiled in 76 seconds
Precompiling packages...
   2521.5 ms  ✓ Reexport
   2602.6 ms  ✓ OpenLibm_jll
   2722.6 ms  ✓ Unicode
   2794.2 ms  ✓ ArgCheck
   2817.7 ms  ✓ DataAPI
   2817.7 ms  ✓ PtrArrays
   3018.3 ms  ✓ InverseFunctions
   2996.1 ms  ✓ StatsAPI
   2993.8 ms  ✓ CompilerSupportLibraries_jll
   3021.5 ms  ✓ SuiteSparse_jll
   3234.6 ms  ✓ Statistics
   3407.2 ms  ✓ DocStringExtensions
   3640.1 ms  ✓ Serialization
   4136.8 ms  ✓ FillArrays
   1279.7 ms  ✓ InverseFunctions → InverseFunctionsDatesExt
   1471.9 ms  ✓ AliasTables
   2098.2 ms  ✓ Preferences
   1088.3 ms  ✓ FillArrays → FillArraysStatisticsExt
   5755.1 ms  ✓ OrderedCollections
    932.1 ms  ✓ JLLWrappers
   3697.8 ms  ✓ Missings
   3882.7 ms  ✓ Compat
   6740.8 ms  ✓ IrrationalConstants
   1245.3 ms  ✓ Rmath_jll
   1243.8 ms  ✓ OpenSpecFun_jll
    639.2 ms  ✓ Compat → CompatLinearAlgebraExt
   4884.5 ms  ✓ InteractiveUtils
    869.7 ms  ✓ LogExpFunctions
    949.9 ms  ✓ Rmath
    552.1 ms  ✓ LogExpFunctions → LogExpFunctionsInverseFunctionsExt
   2572.2 ms  ✓ DataStructures
    623.0 ms  ✓ SortingAlgorithms
   2630.2 ms  ✓ ChainRulesCore
   6739.4 ms  ✓ SparseArrays
   2113.7 ms  ✓ QuadGK
   3026.9 ms  ✓ SpecialFunctions
   1025.8 ms  ✓ Statistics → SparseArraysExt
   1063.9 ms  ✓ FillArrays → FillArraysSparseArraysExt
   1119.9 ms  ✓ SuiteSparse
   2064.5 ms  ✓ LogExpFunctions → LogExpFunctionsChainRulesCoreExt
   1987.8 ms  ✓ HypergeometricFunctions
   5815.5 ms  ✓ Test
   1763.6 ms  ✓ PDMats
   3209.4 ms  ✓ ChainRulesCore → ChainRulesCoreSparseArraysExt
   2974.1 ms  ✓ SpecialFunctions → SpecialFunctionsChainRulesCoreExt
    654.5 ms  ✓ InverseFunctions → InverseFunctionsTestExt
    615.2 ms  ✓ FillArrays → FillArraysPDMatsExt
    566.5 ms  ✓ DensityInterface
   3927.1 ms  ✓ StatsBase
   2708.8 ms  ✓ StatsFuns
    380.0 ms  ✓ StatsFuns → StatsFunsInverseFunctionsExt
    541.8 ms  ✓ PDMats → StatsBaseExt
   1175.7 ms  ✓ StatsFuns → StatsFunsChainRulesCoreExt
   1295.5 ms  ✓ HiddenMarkovModels
   3760.8 ms  ✓ Distributions
    822.8 ms  ✓ Distributions → DistributionsDensityInterfaceExt
    829.6 ms  ✓ HiddenMarkovModels → HiddenMarkovModelsDistributionsExt
   1008.7 ms  ✓ Distributions → DistributionsTestExt
   1657.3 ms  ✓ Distributions → DistributionsChainRulesCoreExt
  59 dependencies successfully precompiled in 21 seconds. 9 already precompiled.
	Command being timed: "nice -n -10 timeout -k120 -v 3600 julia +1.12.6 --project=H/HiddenMarkovModels/Estimate-Hmm-With-Baum-Welch -e using Pkg; @time @eval Pkg.precompile()"
	User time (seconds): 192.64
	System time (seconds): 14.72
	Percent of CPU this job got: 210%
	Elapsed (wall clock) time (h:mm:ss or m:ss): 1:38.40
	Average shared text size (kbytes): 0
	Average unshared data size (kbytes): 0
	Average stack size (kbytes): 0
	Average total size (kbytes): 0
	Maximum resident set size (kbytes): 2152684
	Average resident set size (kbytes): 0
	Major (requiring I/O) page faults: 267
	Minor (reclaiming a frame) page faults: 4434094
	Voluntary context switches: 14380
	Involuntary context switches: 7512
	Swaps: 0
	File system inputs: 0
	File system outputs: 457824
	Socket messages sent: 0
	Socket messages received: 0
	Signals delivered: 0
	Page size (bytes): 4096
	Exit status: 0
