nice: cannot set niceness: Permission denied
Precompiling packages...
    428.3 ms  ✓ Reexport
    465.7 ms  ✓ DataAPI
    596.7 ms  ✓ Statistics
    865.0 ms  ✓ SuiteSparse_jll
    462.9 ms  ✓ StatsAPI
    687.8 ms  ✓ OrderedCollections
    565.7 ms  ✓ InverseFunctions
   1347.7 ms  ✓ IrrationalConstants
    671.0 ms  ✓ DocStringExtensions
    736.4 ms  ✓ Serialization
    511.6 ms  ✓ Unicode
    520.8 ms  ✓ ArgCheck
    445.8 ms  ✓ PtrArrays
    500.6 ms  ✓ Missings
    638.0 ms  ✓ OpenLibm_jll
   1086.3 ms  ✓ FillArrays
    642.7 ms  ✓ LogExpFunctions
    473.2 ms  ✓ InverseFunctions → InverseFunctionsDatesExt
   1338.0 ms  ✓ InteractiveUtils
    561.9 ms  ✓ Compat
    494.3 ms  ✓ AliasTables
   1720.4 ms  ✓ DataStructures
    495.8 ms  ✓ FillArrays → FillArraysStatisticsExt
    455.3 ms  ✓ LogExpFunctions → LogExpFunctionsInverseFunctionsExt
    425.5 ms  ✓ Compat → CompatLinearAlgebraExt
    573.4 ms  ✓ SortingAlgorithms
   1628.1 ms  ✓ Preferences
    533.9 ms  ✓ JLLWrappers
    919.9 ms  ✓ QuadGK
    664.1 ms  ✓ Rmath_jll
    671.7 ms  ✓ OpenSpecFun_jll
   1399.9 ms  ✓ ChainRulesCore
   3853.1 ms  ✓ SparseArrays
    741.3 ms  ✓ Rmath
    598.9 ms  ✓ Statistics → SparseArraysExt
    565.0 ms  ✓ SuiteSparse
   1165.9 ms  ✓ LogExpFunctions → LogExpFunctionsChainRulesCoreExt
    655.2 ms  ✓ FillArrays → FillArraysSparseArraysExt
    585.1 ms  ✓ ChainRulesCore → ChainRulesCoreSparseArraysExt
    769.6 ms  ✓ PDMats
   2361.1 ms  ✓ SpecialFunctions
    577.4 ms  ✓ FillArrays → FillArraysPDMatsExt
    915.4 ms  ✓ HypergeometricFunctions
   2128.8 ms  ✓ StatsBase
   1323.6 ms  ✓ SpecialFunctions → SpecialFunctionsChainRulesCoreExt
    562.8 ms  ✓ PDMats → StatsBaseExt
   1308.4 ms  ✓ StatsFuns
    444.8 ms  ✓ StatsFuns → StatsFunsInverseFunctionsExt
   7465.6 ms  ✓ Test
   1077.6 ms  ✓ StatsFuns → StatsFunsChainRulesCoreExt
    491.9 ms  ✓ InverseFunctions → InverseFunctionsTestExt
    484.8 ms  ✓ DensityInterface
   1188.5 ms  ✓ HiddenMarkovModels
   3708.6 ms  ✓ Distributions
    798.2 ms  ✓ Distributions → DistributionsDensityInterfaceExt
    837.0 ms  ✓ HiddenMarkovModels → HiddenMarkovModelsDistributionsExt
    869.0 ms  ✓ Distributions → DistributionsChainRulesCoreExt
   1041.2 ms  ✓ Distributions → DistributionsTestExt
  58 dependencies successfully precompiled in 15 seconds. 9 already precompiled.
	Command being timed: "nice -n -10 timeout -k120 -v 3600 julia +alpha --project=H/HiddenMarkovModels/Estimate-Hmm-With-Baum-Welch -e using Pkg; @time @eval Pkg.precompile()"
	User time (seconds): 181.81
	System time (seconds): 13.17
	Percent of CPU this job got: 159%
	Elapsed (wall clock) time (h:mm:ss or m:ss): 2:02.55
	Average shared text size (kbytes): 0
	Average unshared data size (kbytes): 0
	Average stack size (kbytes): 0
	Average total size (kbytes): 0
	Maximum resident set size (kbytes): 2583040
	Average resident set size (kbytes): 0
	Major (requiring I/O) page faults: 373
	Minor (reclaiming a frame) page faults: 4947704
	Voluntary context switches: 14112
	Involuntary context switches: 2730
	Swaps: 0
	File system inputs: 0
	File system outputs: 474640
	Socket messages sent: 0
	Socket messages received: 0
	Signals delivered: 0
	Page size (bytes): 4096
	Exit status: 0
