nice: cannot set niceness: Permission denied
Precompiling packages...
  73519.5 ms  ✓ Pkg (serial)
  1 dependency successfully precompiled in 74 seconds
Precompiling packages...
   2563.2 ms  ✓ Reexport
   2796.1 ms  ✓ OpenLibm_jll
   2804.9 ms  ✓ Unicode
   2890.0 ms  ✓ DataAPI
   2906.3 ms  ✓ PtrArrays
   2968.1 ms  ✓ StatsAPI
   3001.7 ms  ✓ InverseFunctions
   3058.8 ms  ✓ CompilerSupportLibraries_jll
   3099.7 ms  ✓ ArgCheck
   3132.4 ms  ✓ SuiteSparse_jll
   3500.9 ms  ✓ DocStringExtensions
   3503.6 ms  ✓ Statistics
   3572.8 ms  ✓ Serialization
   4206.0 ms  ✓ FillArrays
   1396.2 ms  ✓ InverseFunctions → InverseFunctionsDatesExt
   1600.8 ms  ✓ AliasTables
   2094.6 ms  ✓ Preferences
    996.4 ms  ✓ FillArrays → FillArraysStatisticsExt
   5733.8 ms  ✓ OrderedCollections
    905.8 ms  ✓ JLLWrappers
   3339.8 ms  ✓ Missings
   3789.4 ms  ✓ Compat
   6796.6 ms  ✓ IrrationalConstants
   1128.6 ms  ✓ Rmath_jll
   1211.9 ms  ✓ OpenSpecFun_jll
   4672.2 ms  ✓ InteractiveUtils
    655.9 ms  ✓ Compat → CompatLinearAlgebraExt
    827.1 ms  ✓ LogExpFunctions
    980.9 ms  ✓ Rmath
    565.4 ms  ✓ LogExpFunctions → LogExpFunctionsInverseFunctionsExt
   2512.8 ms  ✓ DataStructures
    657.0 ms  ✓ SortingAlgorithms
   2574.3 ms  ✓ ChainRulesCore
   2697.1 ms  ✓ SpecialFunctions
   2083.8 ms  ✓ QuadGK
   6839.3 ms  ✓ SparseArrays
    997.2 ms  ✓ SuiteSparse
   1086.1 ms  ✓ Statistics → SparseArraysExt
   1194.1 ms  ✓ FillArrays → FillArraysSparseArraysExt
   1946.5 ms  ✓ LogExpFunctions → LogExpFunctionsChainRulesCoreExt
   1636.3 ms  ✓ HypergeometricFunctions
   1834.8 ms  ✓ PDMats
   6060.3 ms  ✓ Test
   2996.0 ms  ✓ ChainRulesCore → ChainRulesCoreSparseArraysExt
   3170.9 ms  ✓ SpecialFunctions → SpecialFunctionsChainRulesCoreExt
    595.9 ms  ✓ FillArrays → FillArraysPDMatsExt
    563.6 ms  ✓ InverseFunctions → InverseFunctionsTestExt
    551.5 ms  ✓ DensityInterface
   2901.9 ms  ✓ StatsFuns
    383.5 ms  ✓ StatsFuns → StatsFunsInverseFunctionsExt
   3784.5 ms  ✓ StatsBase
    526.3 ms  ✓ PDMats → StatsBaseExt
   1094.0 ms  ✓ StatsFuns → StatsFunsChainRulesCoreExt
   1266.0 ms  ✓ HiddenMarkovModels
   3638.0 ms  ✓ Distributions
    815.4 ms  ✓ HiddenMarkovModels → HiddenMarkovModelsDistributionsExt
    825.8 ms  ✓ Distributions → DistributionsDensityInterfaceExt
   1007.7 ms  ✓ Distributions → DistributionsTestExt
   1640.6 ms  ✓ Distributions → DistributionsChainRulesCoreExt
  59 dependencies successfully precompiled in 21 seconds. 9 already precompiled.
	Command being timed: "nice -n -10 timeout -k120 -v 3600 julia +1.12.3 --project=H/HiddenMarkovModels/Estimate-Hmm-With-Baum-Welch -e using Pkg; @time @eval Pkg.precompile()"
	User time (seconds): 187.16
	System time (seconds): 15.02
	Percent of CPU this job got: 212%
	Elapsed (wall clock) time (h:mm:ss or m:ss): 1:35.31
	Average shared text size (kbytes): 0
	Average unshared data size (kbytes): 0
	Average stack size (kbytes): 0
	Average total size (kbytes): 0
	Maximum resident set size (kbytes): 2094320
	Average resident set size (kbytes): 0
	Major (requiring I/O) page faults: 307
	Minor (reclaiming a frame) page faults: 4456030
	Voluntary context switches: 13676
	Involuntary context switches: 7932
	Swaps: 0
	File system inputs: 0
	File system outputs: 447280
	Socket messages sent: 0
	Socket messages received: 0
	Signals delivered: 0
	Page size (bytes): 4096
	Exit status: 0
