nice: cannot set niceness: Permission denied
Precompiling packages...
   2211.5 ms  ✓ OpenLibm_jll
   2221.1 ms  ✓ Reexport
   2218.5 ms  ✓ DataAPI
   2132.6 ms  ✓ PtrArrays
   2214.7 ms  ✓ CompilerSupportLibraries_jll
   2221.1 ms  ✓ StatsAPI
   2309.3 ms  ✓ ArgCheck
   2300.7 ms  ✓ SuiteSparse_jll
   2416.0 ms  ✓ InverseFunctions
   2567.2 ms  ✓ Compat
   2523.3 ms  ✓ DocStringExtensions
   2617.1 ms  ✓ OrderedCollections
   2730.7 ms  ✓ Preferences
   3320.2 ms  ✓ FillArrays
    909.8 ms  ✓ InverseFunctions → InverseFunctionsDatesExt
   1104.2 ms  ✓ Missings
   1105.1 ms  ✓ AliasTables
    995.7 ms  ✓ Compat → CompatLinearAlgebraExt
   3563.8 ms  ✓ IrrationalConstants
    829.2 ms  ✓ JLLWrappers
    595.9 ms  ✓ Rmath_jll
    655.6 ms  ✓ OpenSpecFun_jll
    762.8 ms  ✓ LogExpFunctions
    582.6 ms  ✓ LogExpFunctions → LogExpFunctionsInverseFunctionsExt
   1513.9 ms  ✓ ChainRulesCore
   2425.6 ms  ✓ DataStructures
   1171.7 ms  ✓ Rmath
   5853.2 ms  ✓ Test
   1021.8 ms  ✓ SortingAlgorithms
    448.1 ms  ✓ InverseFunctions → InverseFunctionsTestExt
   1348.6 ms  ✓ QuadGK
   1661.9 ms  ✓ LogExpFunctions → LogExpFunctionsChainRulesCoreExt
    403.8 ms  ✓ DensityInterface
   4532.9 ms  ✓ SparseArrays
   2817.4 ms  ✓ SpecialFunctions
    456.6 ms  ✓ SuiteSparse
    484.6 ms  ✓ ChainRulesCore → ChainRulesCoreSparseArraysExt
    566.7 ms  ✓ FillArrays → FillArraysSparseArraysExt
    621.5 ms  ✓ Statistics
    815.8 ms  ✓ HypergeometricFunctions
    474.3 ms  ✓ FillArrays → FillArraysStatisticsExt
    667.3 ms  ✓ PDMats
   1154.5 ms  ✓ SpecialFunctions → SpecialFunctionsChainRulesCoreExt
    415.6 ms  ✓ FillArrays → FillArraysPDMatsExt
    988.9 ms  ✓ StatsFuns
   1463.6 ms  ✓ StatsBase
    332.6 ms  ✓ StatsFuns → StatsFunsInverseFunctionsExt
    422.3 ms  ✓ PDMats → StatsBaseExt
    842.7 ms  ✓ StatsFuns → StatsFunsChainRulesCoreExt
    936.8 ms  ✓ HiddenMarkovModels
   3061.1 ms  ✓ Distributions
    647.5 ms  ✓ Distributions → DistributionsChainRulesCoreExt
    750.0 ms  ✓ Distributions → DistributionsTestExt
DistributionsDensityInterfaceExt Waiting for background task / IO / timer.
[pid 3495176] waiting for IO to finish:
 Handle type        uv_handle_t->data
 timer              0x1c9bf9a0->0x795d4c4f1630
This means that a package has started a background task or event source that has not finished running. For precompilation to complete successfully, the event source needs to be closed explicitly. See the developer documentation on fixing precompilation hangs for more help.
  20751.1 ms  ✓ Distributions → DistributionsDensityInterfaceExt
HiddenMarkovModelsDistributionsExt Waiting for background task / IO / timer.
[pid 3495180] waiting for IO to finish:
 Handle type        uv_handle_t->data
 timer              0xcde8da0->0x7a40acbedab0
This means that a package has started a background task or event source that has not finished running. For precompilation to complete successfully, the event source needs to be closed explicitly. See the developer documentation on fixing precompilation hangs for more help.
  40781.3 ms  ✓ HiddenMarkovModels → HiddenMarkovModelsDistributionsExt
  55 dependencies successfully precompiled in 54 seconds
  2 dependencies had output during precompilation:
┌ Distributions → DistributionsDensityInterfaceExt
│  [pid 3495176] waiting for IO to finish:
│   Handle type        uv_handle_t->data
│   timer              0x1c9bf9a0->0x795d4c4f1630
│  This means that a package has started a background task or event source that has not finished running. For precompilation to complete successfully, the event source needs to be closed explicitly. See the developer documentation on fixing precompilation hangs for more help.
└  
┌ HiddenMarkovModels → HiddenMarkovModelsDistributionsExt
│  [pid 3495180] waiting for IO to finish:
│   Handle type        uv_handle_t->data
│   timer              0xcde8da0->0x7a40acbedab0
│  This means that a package has started a background task or event source that has not finished running. For precompilation to complete successfully, the event source needs to be closed explicitly. See the developer documentation on fixing precompilation hangs for more help.
└  
	Command being timed: "nice -n -10 timeout -k120 -v 3600 julia +lts --project=H/HiddenMarkovModels/Estimate-Hmm-With-Baum-Welch -e using Pkg; @time @eval Pkg.precompile()"
	User time (seconds): 40.31
	System time (seconds): 8.37
	Percent of CPU this job got: 88%
	Elapsed (wall clock) time (h:mm:ss or m:ss): 0:54.79
	Average shared text size (kbytes): 0
	Average unshared data size (kbytes): 0
	Average stack size (kbytes): 0
	Average total size (kbytes): 0
	Maximum resident set size (kbytes): 379040
	Average resident set size (kbytes): 0
	Major (requiring I/O) page faults: 174
	Minor (reclaiming a frame) page faults: 2258994
	Voluntary context switches: 71985
	Involuntary context switches: 4732
	Swaps: 0
	File system inputs: 0
	File system outputs: 136320
	Socket messages sent: 0
	Socket messages received: 0
	Signals delivered: 0
	Page size (bytes): 4096
	Exit status: 0
