nice: cannot set niceness: Permission denied
Precompiling packages...
   3177.8 ms  ✓ OpenLibm_jll
   3022.5 ms  ✓ PtrArrays
   3185.2 ms  ✓ StatsAPI
   3252.4 ms  ✓ DataAPI
   3223.8 ms  ✓ CompilerSupportLibraries_jll
   3375.4 ms  ✓ Reexport
   3356.1 ms  ✓ ArgCheck
   3894.1 ms  ✓ InverseFunctions
   3834.4 ms  ✓ SuiteSparse_jll
   4420.7 ms  ✓ Compat
   3870.8 ms  ✓ Preferences
   4347.6 ms  ✓ DocStringExtensions
   4750.8 ms  ✓ OrderedCollections
    986.2 ms  ✓ InverseFunctions → InverseFunctionsDatesExt
   5287.7 ms  ✓ FillArrays
   2136.0 ms  ✓ AliasTables
   2271.2 ms  ✓ Missings
   1720.2 ms  ✓ Compat → CompatLinearAlgebraExt
   1820.8 ms  ✓ JLLWrappers
   6950.8 ms  ✓ IrrationalConstants
   1556.4 ms  ✓ OpenSpecFun_jll
   1730.7 ms  ✓ Rmath_jll
   1694.4 ms  ✓ LogExpFunctions
   1365.9 ms  ✓ Rmath
   3691.1 ms  ✓ ChainRulesCore
   1310.4 ms  ✓ LogExpFunctions → LogExpFunctionsInverseFunctionsExt
   5888.5 ms  ✓ DataStructures
  12217.3 ms  ✓ Test
   1948.0 ms  ✓ SortingAlgorithms
   3745.0 ms  ✓ LogExpFunctions → LogExpFunctionsChainRulesCoreExt
    904.9 ms  ✓ InverseFunctions → InverseFunctionsTestExt
   2687.1 ms  ✓ QuadGK
   9925.5 ms  ✓ SparseArrays
   1075.3 ms  ✓ DensityInterface
   6384.0 ms  ✓ SpecialFunctions
   1236.9 ms  ✓ SuiteSparse
   1324.9 ms  ✓ FillArrays → FillArraysSparseArraysExt
   1378.3 ms  ✓ Statistics
   1472.3 ms  ✓ ChainRulesCore → ChainRulesCoreSparseArraysExt
   1271.6 ms  ✓ FillArrays → FillArraysStatisticsExt
   1966.8 ms  ✓ PDMats
   2447.7 ms  ✓ HypergeometricFunctions
   1248.4 ms  ✓ FillArrays → FillArraysPDMatsExt
   3345.0 ms  ✓ SpecialFunctions → SpecialFunctionsChainRulesCoreExt
   3399.6 ms  ✓ StatsBase
    892.9 ms  ✓ PDMats → StatsBaseExt
   2577.0 ms  ✓ StatsFuns
    758.8 ms  ✓ StatsFuns → StatsFunsInverseFunctionsExt
   1980.2 ms  ✓ StatsFuns → StatsFunsChainRulesCoreExt
   1992.7 ms  ✓ HiddenMarkovModels
   5984.9 ms  ✓ Distributions
   1339.2 ms  ✓ Distributions → DistributionsChainRulesCoreExt
   1558.6 ms  ✓ Distributions → DistributionsTestExt
   1322.0 ms  ✓ Distributions → DistributionsDensityInterfaceExt
   1327.6 ms  ✓ HiddenMarkovModels → HiddenMarkovModelsDistributionsExt
  55 dependencies successfully precompiled in 32 seconds
	Command being timed: "nice -n -10 timeout -k120 -v 3600 julia +lts --project=H/HiddenMarkovModels/Estimate-Hmm-With-Baum-Welch -e using Pkg; @time @eval Pkg.precompile()"
	User time (seconds): 67.22
	System time (seconds): 10.14
	Percent of CPU this job got: 230%
	Elapsed (wall clock) time (h:mm:ss or m:ss): 0:33.55
	Average shared text size (kbytes): 0
	Average unshared data size (kbytes): 0
	Average stack size (kbytes): 0
	Average total size (kbytes): 0
	Maximum resident set size (kbytes): 378152
	Average resident set size (kbytes): 0
	Major (requiring I/O) page faults: 85
	Minor (reclaiming a frame) page faults: 2183981
	Voluntary context switches: 65537
	Involuntary context switches: 78104
	Swaps: 0
	File system inputs: 216
	File system outputs: 132568
	Socket messages sent: 0
	Socket messages received: 0
	Signals delivered: 0
	Page size (bytes): 4096
	Exit status: 0
