nice: cannot set niceness: Permission denied
Precompiling packages...
    441.6 ms  ✓ Reexport
    463.4 ms  ✓ DataAPI
    607.9 ms  ✓ Statistics
    889.2 ms  ✓ SuiteSparse_jll
    486.1 ms  ✓ StatsAPI
    707.5 ms  ✓ OrderedCollections
    566.1 ms  ✓ InverseFunctions
   1372.6 ms  ✓ IrrationalConstants
    678.2 ms  ✓ DocStringExtensions
    762.3 ms  ✓ Serialization
    528.9 ms  ✓ Unicode
    538.9 ms  ✓ ArgCheck
    447.6 ms  ✓ PtrArrays
    539.2 ms  ✓ Missings
    789.3 ms  ✓ OpenLibm_jll
   1101.1 ms  ✓ FillArrays
    639.6 ms  ✓ LogExpFunctions
    435.6 ms  ✓ InverseFunctions → InverseFunctionsDatesExt
   1262.9 ms  ✓ InteractiveUtils
    573.8 ms  ✓ Compat
    503.3 ms  ✓ AliasTables
   1765.4 ms  ✓ DataStructures
    430.6 ms  ✓ LogExpFunctions → LogExpFunctionsInverseFunctionsExt
    499.4 ms  ✓ FillArrays → FillArraysStatisticsExt
    452.7 ms  ✓ Compat → CompatLinearAlgebraExt
    555.0 ms  ✓ SortingAlgorithms
   2118.8 ms  ✓ Preferences
    925.4 ms  ✓ QuadGK
    534.1 ms  ✓ JLLWrappers
   1412.3 ms  ✓ ChainRulesCore
    690.5 ms  ✓ Rmath_jll
    711.0 ms  ✓ OpenSpecFun_jll
   4198.5 ms  ✓ SparseArrays
    760.3 ms  ✓ Rmath
    614.1 ms  ✓ Statistics → SparseArraysExt
   1315.2 ms  ✓ LogExpFunctions → LogExpFunctionsChainRulesCoreExt
    585.9 ms  ✓ SuiteSparse
    621.5 ms  ✓ ChainRulesCore → ChainRulesCoreSparseArraysExt
    686.6 ms  ✓ FillArrays → FillArraysSparseArraysExt
    735.2 ms  ✓ PDMats
   2392.6 ms  ✓ SpecialFunctions
    604.8 ms  ✓ FillArrays → FillArraysPDMatsExt
    926.1 ms  ✓ HypergeometricFunctions
   2141.8 ms  ✓ StatsBase
   1536.3 ms  ✓ SpecialFunctions → SpecialFunctionsChainRulesCoreExt
    579.7 ms  ✓ PDMats → StatsBaseExt
   1439.0 ms  ✓ StatsFuns
    454.8 ms  ✓ StatsFuns → StatsFunsInverseFunctionsExt
   1246.1 ms  ✓ StatsFuns → StatsFunsChainRulesCoreExt
   8477.9 ms  ✓ Test
    479.0 ms  ✓ InverseFunctions → InverseFunctionsTestExt
    513.5 ms  ✓ DensityInterface
   1233.9 ms  ✓ HiddenMarkovModels
   3832.3 ms  ✓ Distributions
    818.1 ms  ✓ Distributions → DistributionsDensityInterfaceExt
    849.6 ms  ✓ HiddenMarkovModels → HiddenMarkovModelsDistributionsExt
    901.8 ms  ✓ Distributions → DistributionsChainRulesCoreExt
   1063.4 ms  ✓ Distributions → DistributionsTestExt
  58 dependencies successfully precompiled in 16 seconds. 9 already precompiled.
	Command being timed: "nice -n -10 timeout -k120 -v 3600 julia +nightly --project=H/HiddenMarkovModels/Estimate-Hmm-With-Baum-Welch -e using Pkg; @time @eval Pkg.precompile()"
	User time (seconds): 195.19
	System time (seconds): 14.14
	Percent of CPU this job got: 159%
	Elapsed (wall clock) time (h:mm:ss or m:ss): 2:10.88
	Average shared text size (kbytes): 0
	Average unshared data size (kbytes): 0
	Average stack size (kbytes): 0
	Average total size (kbytes): 0
	Maximum resident set size (kbytes): 2542888
	Average resident set size (kbytes): 0
	Major (requiring I/O) page faults: 314
	Minor (reclaiming a frame) page faults: 5174986
	Voluntary context switches: 14531
	Involuntary context switches: 2821
	Swaps: 0
	File system inputs: 0
	File system outputs: 487984
	Socket messages sent: 0
	Socket messages received: 0
	Signals delivered: 0
	Page size (bytes): 4096
	Exit status: 0
