nice: cannot set niceness: Permission denied
Precompiling packages...
  75260.5 ms  ✓ Pkg (serial)
  1 dependency successfully precompiled in 75 seconds
Precompiling packages...
   2373.0 ms  ✓ OpenLibm_jll
   2534.7 ms  ✓ DataAPI
   2555.1 ms  ✓ CommonSolve
   2561.1 ms  ✓ Reexport
   2769.0 ms  ✓ Unicode
   2834.7 ms  ✓ InverseFunctions
   2924.3 ms  ✓ ArgCheck
   3029.8 ms  ✓ StatsAPI
   3008.7 ms  ✓ CompilerSupportLibraries_jll
   3760.7 ms  ✓ Statistics
   3772.5 ms  ✓ Serialization
   3859.4 ms  ✓ DocStringExtensions
   2594.1 ms  ✓ CompositionsBase
   5362.8 ms  ✓ FillArrays
   2994.5 ms  ✓ ProgressLogging
   3001.2 ms  ✓ SuiteSparse_jll
   2297.0 ms  ✓ PtrArrays
   2292.2 ms  ✓ InverseFunctions → InverseFunctionsDatesExt
   3505.9 ms  ✓ Gamma
   3584.1 ms  ✓ Preferences
   2010.3 ms  ✓ CompositionsBase → CompositionsBaseInverseFunctionsExt
   2017.3 ms  ✓ FillArrays → FillArraysStatisticsExt
   1802.3 ms  ✓ AliasTables
   8265.4 ms  ✓ OrderedCollections
   8370.6 ms  ✓ ConstructionBase
   1821.6 ms  ✓ JLLWrappers
   3204.1 ms  ✓ HypergeometricFunctions
   6999.6 ms  ✓ Missings
   1395.7 ms  ✓ ConstructionBase → ConstructionBaseLinearAlgebraExt
   7144.2 ms  ✓ Compat
   1787.1 ms  ✓ Rmath_jll
  10267.1 ms  ✓ IrrationalConstants
   1803.0 ms  ✓ OpenSpecFun_jll
    782.1 ms  ✓ Compat → CompatLinearAlgebraExt
   8135.0 ms  ✓ InteractiveUtils
    988.2 ms  ✓ LogExpFunctions
   1118.7 ms  ✓ Rmath
   3402.2 ms  ✓ DataStructures
    893.8 ms  ✓ LogExpFunctions → LogExpFunctionsInverseFunctionsExt
   9505.2 ms  ✓ MacroTools
   1213.5 ms  ✓ SortingAlgorithms
   3593.1 ms  ✓ ChainRulesCore
   2953.6 ms  ✓ QuadGK
   9337.3 ms  ✓ SparseArrays
   3902.8 ms  ✓ SpecialFunctions
   1255.5 ms  ✓ SuiteSparse
   1381.4 ms  ✓ Statistics → SparseArraysExt
   1385.6 ms  ✓ FillArrays → FillArraysSparseArraysExt
   2497.8 ms  ✓ LogExpFunctions → LogExpFunctionsChainRulesCoreExt
   4813.8 ms  ✓ Accessors
   1706.4 ms  ✓ PDMats
   7697.4 ms  ✓ Test
   1574.9 ms  ✓ Accessors → LinearAlgebraExt
   4187.3 ms  ✓ ChainRulesCore → ChainRulesCoreSparseArraysExt
   3989.8 ms  ✓ SpecialFunctions → SpecialFunctionsChainRulesCoreExt
   1428.0 ms  ✓ FillArrays → FillArraysPDMatsExt
    830.7 ms  ✓ InverseFunctions → InverseFunctionsTestExt
    858.9 ms  ✓ Accessors → TestExt
   5023.2 ms  ✓ StatsFuns
    622.6 ms  ✓ DensityInterface
    403.2 ms  ✓ StatsFuns → StatsFunsInverseFunctionsExt
   4631.7 ms  ✓ StatsBase
   1225.2 ms  ✓ StatsFuns → StatsFunsChainRulesCoreExt
    555.3 ms  ✓ PDMats → StatsBaseExt
   3203.3 ms  ✓ Roots
    435.4 ms  ✓ Roots → RootsChainRulesCoreExt
   1580.6 ms  ✓ HiddenMarkovModels
   3784.5 ms  ✓ Distributions
    931.4 ms  ✓ Distributions → DistributionsDensityInterfaceExt
   1025.8 ms  ✓ HiddenMarkovModels → HiddenMarkovModelsDistributionsExt
   1126.0 ms  ✓ Distributions → DistributionsTestExt
   1755.3 ms  ✓ Distributions → DistributionsChainRulesCoreExt
  72 dependencies successfully precompiled in 28 seconds. 9 already precompiled.
	Command being timed: "nice -n -10 timeout -k120 -v 3600 julia +release --project=H/HiddenMarkovModels/Estimate-Hmm-With-Baum-Welch -e using Pkg; @time @eval Pkg.precompile()"
	User time (seconds): 218.27
	System time (seconds): 17.23
	Percent of CPU this job got: 226%
	Elapsed (wall clock) time (h:mm:ss or m:ss): 1:44.01
	Average shared text size (kbytes): 0
	Average unshared data size (kbytes): 0
	Average stack size (kbytes): 0
	Average total size (kbytes): 0
	Maximum resident set size (kbytes): 2161820
	Average resident set size (kbytes): 0
	Major (requiring I/O) page faults: 289
	Minor (reclaiming a frame) page faults: 5053075
	Voluntary context switches: 15458
	Involuntary context switches: 10687
	Swaps: 0
	File system inputs: 32
	File system outputs: 485912
	Socket messages sent: 0
	Socket messages received: 0
	Signals delivered: 0
	Page size (bytes): 4096
	Exit status: 0
