nice: cannot set niceness: Permission denied
Precompiling packages...
    424.4 ms  ✓ Reexport
    466.2 ms  ✓ DataAPI
    599.1 ms  ✓ Statistics
    781.1 ms  ✓ SuiteSparse_jll
    481.4 ms  ✓ StatsAPI
    521.4 ms  ✓ InverseFunctions
    724.5 ms  ✓ OrderedCollections
   1334.4 ms  ✓ IrrationalConstants
    739.9 ms  ✓ Serialization
    686.5 ms  ✓ DocStringExtensions
    563.7 ms  ✓ Unicode
    537.1 ms  ✓ ArgCheck
    448.2 ms  ✓ PtrArrays
    718.8 ms  ✓ OpenLibm_jll
    537.9 ms  ✓ Missings
   1098.7 ms  ✓ FillArrays
    619.5 ms  ✓ LogExpFunctions
    550.7 ms  ✓ InverseFunctions → InverseFunctionsDatesExt
   1346.9 ms  ✓ InteractiveUtils
    585.7 ms  ✓ Compat
    495.8 ms  ✓ AliasTables
   1779.4 ms  ✓ DataStructures
    455.7 ms  ✓ LogExpFunctions → LogExpFunctionsInverseFunctionsExt
    527.8 ms  ✓ FillArrays → FillArraysStatisticsExt
    438.6 ms  ✓ Compat → CompatLinearAlgebraExt
    546.5 ms  ✓ SortingAlgorithms
   1830.9 ms  ✓ Preferences
    904.9 ms  ✓ QuadGK
    638.3 ms  ✓ JLLWrappers
   1397.3 ms  ✓ ChainRulesCore
   4065.8 ms  ✓ SparseArrays
    958.5 ms  ✓ OpenSpecFun_jll
    969.6 ms  ✓ Rmath_jll
    682.4 ms  ✓ Statistics → SparseArraysExt
    650.2 ms  ✓ SuiteSparse
    767.9 ms  ✓ FillArrays → FillArraysSparseArraysExt
   1372.0 ms  ✓ LogExpFunctions → LogExpFunctionsChainRulesCoreExt
    638.4 ms  ✓ ChainRulesCore → ChainRulesCoreSparseArraysExt
    850.6 ms  ✓ Rmath
    829.6 ms  ✓ PDMats
    587.8 ms  ✓ FillArrays → FillArraysPDMatsExt
   2327.5 ms  ✓ SpecialFunctions
   2123.1 ms  ✓ StatsBase
    662.2 ms  ✓ PDMats → StatsBaseExt
   1013.8 ms  ✓ HypergeometricFunctions
   7035.2 ms  ✓ Test
   1564.9 ms  ✓ SpecialFunctions → SpecialFunctionsChainRulesCoreExt
    477.0 ms  ✓ InverseFunctions → InverseFunctionsTestExt
    515.7 ms  ✓ DensityInterface
   1439.0 ms  ✓ StatsFuns
    492.1 ms  ✓ StatsFuns → StatsFunsInverseFunctionsExt
   1213.0 ms  ✓ StatsFuns → StatsFunsChainRulesCoreExt
   1300.2 ms  ✓ HiddenMarkovModels
   3795.3 ms  ✓ Distributions
    906.9 ms  ✓ Distributions → DistributionsDensityInterfaceExt
    949.1 ms  ✓ HiddenMarkovModels → HiddenMarkovModelsDistributionsExt
    964.4 ms  ✓ Distributions → DistributionsChainRulesCoreExt
   1159.8 ms  ✓ Distributions → DistributionsTestExt
  58 dependencies successfully precompiled in 17 seconds. 9 already precompiled.
	Command being timed: "nice -n -10 timeout -k120 -v 3600 julia +nightly --project=H/HiddenMarkovModels/Estimate-Hmm-With-Baum-Welch -e using Pkg; @time @eval Pkg.precompile()"
	User time (seconds): 181.48
	System time (seconds): 12.50
	Percent of CPU this job got: 160%
	Elapsed (wall clock) time (h:mm:ss or m:ss): 2:01.00
	Average shared text size (kbytes): 0
	Average unshared data size (kbytes): 0
	Average stack size (kbytes): 0
	Average total size (kbytes): 0
	Maximum resident set size (kbytes): 2231716
	Average resident set size (kbytes): 0
	Major (requiring I/O) page faults: 294
	Minor (reclaiming a frame) page faults: 4868900
	Voluntary context switches: 13878
	Involuntary context switches: 2761
	Swaps: 0
	File system inputs: 0
	File system outputs: 476736
	Socket messages sent: 0
	Socket messages received: 0
	Signals delivered: 0
	Page size (bytes): 4096
	Exit status: 0
