nice: cannot set niceness: Permission denied
Precompiling packages...
 117895.2 ms  ✓ Pkg (serial)
  1 dependency successfully precompiled in 118 seconds
Precompiling packages...
   2134.5 ms  ✓ DataAPI
   2379.6 ms  ✓ Reexport
   2452.6 ms  ✓ Statistics
   2735.3 ms  ✓ Unicode
   2876.0 ms  ✓ OpenLibm_jll
   2791.6 ms  ✓ PtrArrays
   3024.2 ms  ✓ StatsAPI
   3505.4 ms  ✓ Serialization
   3515.9 ms  ✓ DocStringExtensions
   3664.7 ms  ✓ InverseFunctions
   3484.7 ms  ✓ SuiteSparse_jll
   3523.8 ms  ✓ CompilerSupportLibraries_jll
   3679.3 ms  ✓ ArgCheck
   4287.8 ms  ✓ FillArrays
   1913.2 ms  ✓ AliasTables
   1491.5 ms  ✓ InverseFunctions → InverseFunctionsDatesExt
   1125.6 ms  ✓ FillArrays → FillArraysStatisticsExt
   2831.1 ms  ✓ Preferences
   6671.0 ms  ✓ OrderedCollections
   1330.6 ms  ✓ JLLWrappers
   5427.7 ms  ✓ Missings
   5386.3 ms  ✓ Compat
   1689.8 ms  ✓ OpenSpecFun_jll
   1705.1 ms  ✓ Rmath_jll
   6710.1 ms  ✓ InteractiveUtils
    826.8 ms  ✓ Compat → CompatLinearAlgebraExt
   9388.3 ms  ✓ IrrationalConstants
   1585.7 ms  ✓ Rmath
   3632.8 ms  ✓ DataStructures
   1372.5 ms  ✓ LogExpFunctions
   1165.9 ms  ✓ SortingAlgorithms
   1203.0 ms  ✓ LogExpFunctions → LogExpFunctionsInverseFunctionsExt
   4786.4 ms  ✓ ChainRulesCore
  10394.1 ms  ✓ SparseArrays
   3847.8 ms  ✓ QuadGK
   1282.3 ms  ✓ Statistics → SparseArraysExt
   1329.7 ms  ✓ SuiteSparse
   5116.2 ms  ✓ SpecialFunctions
   1915.3 ms  ✓ FillArrays → FillArraysSparseArraysExt
   3171.5 ms  ✓ LogExpFunctions → LogExpFunctionsChainRulesCoreExt
   1953.5 ms  ✓ PDMats
   3928.1 ms  ✓ ChainRulesCore → ChainRulesCoreSparseArraysExt
   2333.4 ms  ✓ HypergeometricFunctions
   9567.9 ms  ✓ Test
   1174.4 ms  ✓ FillArrays → FillArraysPDMatsExt
    904.4 ms  ✓ InverseFunctions → InverseFunctionsTestExt
   3849.9 ms  ✓ SpecialFunctions → SpecialFunctionsChainRulesCoreExt
    903.2 ms  ✓ DensityInterface
   5911.8 ms  ✓ StatsBase
   3627.3 ms  ✓ StatsFuns
    852.9 ms  ✓ PDMats → StatsBaseExt
    651.6 ms  ✓ StatsFuns → StatsFunsInverseFunctionsExt
   1698.3 ms  ✓ StatsFuns → StatsFunsChainRulesCoreExt
   2109.7 ms  ✓ HiddenMarkovModels
   5260.6 ms  ✓ Distributions
   1526.0 ms  ✓ HiddenMarkovModels → HiddenMarkovModelsDistributionsExt
   1556.7 ms  ✓ Distributions → DistributionsDensityInterfaceExt
   1739.7 ms  ✓ Distributions → DistributionsTestExt
   2766.6 ms  ✓ Distributions → DistributionsChainRulesCoreExt
  59 dependencies successfully precompiled in 30 seconds. 9 already precompiled.
	Command being timed: "nice -n -10 timeout -k120 -v 3600 julia +release --project=H/HiddenMarkovModels/Estimate-Hmm-With-Baum-Welch -e using Pkg; @time @eval Pkg.precompile()"
	User time (seconds): 290.58
	System time (seconds): 17.60
	Percent of CPU this job got: 206%
	Elapsed (wall clock) time (h:mm:ss or m:ss): 2:29.29
	Average shared text size (kbytes): 0
	Average unshared data size (kbytes): 0
	Average stack size (kbytes): 0
	Average total size (kbytes): 0
	Maximum resident set size (kbytes): 2160436
	Average resident set size (kbytes): 0
	Major (requiring I/O) page faults: 307
	Minor (reclaiming a frame) page faults: 4416341
	Voluntary context switches: 12000
	Involuntary context switches: 29549
	Swaps: 0
	File system inputs: 0
	File system outputs: 452400
	Socket messages sent: 0
	Socket messages received: 0
	Signals delivered: 0
	Page size (bytes): 4096
	Exit status: 0
