nice: cannot set niceness: Permission denied
Precompiling packages...
  72711.1 ms  ✓ Pkg (serial)
  1 dependency successfully precompiled in 73 seconds
Precompiling packages...
   2474.8 ms  ✓ Reexport
   2575.0 ms  ✓ OpenLibm_jll
   2680.6 ms  ✓ Unicode
   2741.7 ms  ✓ DataAPI
   2747.1 ms  ✓ StatsAPI
   2784.6 ms  ✓ InverseFunctions
   2872.9 ms  ✓ ArgCheck
   2916.0 ms  ✓ PtrArrays
   3039.0 ms  ✓ CompilerSupportLibraries_jll
   3019.2 ms  ✓ SuiteSparse_jll
   3273.0 ms  ✓ DocStringExtensions
   3271.8 ms  ✓ Statistics
   3487.9 ms  ✓ Serialization
   4078.4 ms  ✓ FillArrays
   1405.8 ms  ✓ InverseFunctions → InverseFunctionsDatesExt
   1575.6 ms  ✓ AliasTables
   1941.8 ms  ✓ Preferences
    925.0 ms  ✓ FillArrays → FillArraysStatisticsExt
    968.6 ms  ✓ JLLWrappers
   5611.5 ms  ✓ OrderedCollections
   3461.7 ms  ✓ Missings
   3808.3 ms  ✓ Compat
   6647.5 ms  ✓ IrrationalConstants
   1191.4 ms  ✓ Rmath_jll
   1210.8 ms  ✓ OpenSpecFun_jll
    624.6 ms  ✓ Compat → CompatLinearAlgebraExt
   4772.0 ms  ✓ InteractiveUtils
    835.3 ms  ✓ LogExpFunctions
    927.0 ms  ✓ Rmath
    537.7 ms  ✓ LogExpFunctions → LogExpFunctionsInverseFunctionsExt
   2486.9 ms  ✓ DataStructures
    674.4 ms  ✓ SortingAlgorithms
   2482.5 ms  ✓ ChainRulesCore
   2056.9 ms  ✓ QuadGK
   6718.6 ms  ✓ SparseArrays
   2737.3 ms  ✓ SpecialFunctions
   1068.3 ms  ✓ Statistics → SparseArraysExt
   1093.4 ms  ✓ SuiteSparse
   1186.3 ms  ✓ FillArrays → FillArraysSparseArraysExt
   1919.7 ms  ✓ LogExpFunctions → LogExpFunctionsChainRulesCoreExt
   1606.0 ms  ✓ HypergeometricFunctions
   1709.8 ms  ✓ PDMats
   5853.1 ms  ✓ Test
   2999.2 ms  ✓ ChainRulesCore → ChainRulesCoreSparseArraysExt
   3080.6 ms  ✓ SpecialFunctions → SpecialFunctionsChainRulesCoreExt
    596.1 ms  ✓ FillArrays → FillArraysPDMatsExt
    572.5 ms  ✓ InverseFunctions → InverseFunctionsTestExt
    559.2 ms  ✓ DensityInterface
   2912.0 ms  ✓ StatsFuns
   3802.9 ms  ✓ StatsBase
    380.4 ms  ✓ StatsFuns → StatsFunsInverseFunctionsExt
    517.6 ms  ✓ PDMats → StatsBaseExt
   1077.7 ms  ✓ StatsFuns → StatsFunsChainRulesCoreExt
   1266.9 ms  ✓ HiddenMarkovModels
   3549.7 ms  ✓ Distributions
    827.3 ms  ✓ Distributions → DistributionsDensityInterfaceExt
    838.1 ms  ✓ HiddenMarkovModels → HiddenMarkovModelsDistributionsExt
    984.4 ms  ✓ Distributions → DistributionsTestExt
   1652.7 ms  ✓ Distributions → DistributionsChainRulesCoreExt
  59 dependencies successfully precompiled in 21 seconds. 9 already precompiled.
	Command being timed: "nice -n -10 timeout -k120 -v 3600 julia +1.12.4 --project=H/HiddenMarkovModels/Estimate-Hmm-With-Baum-Welch -e using Pkg; @time @eval Pkg.precompile()"
	User time (seconds): 185.57
	System time (seconds): 14.41
	Percent of CPU this job got: 212%
	Elapsed (wall clock) time (h:mm:ss or m:ss): 1:34.19
	Average shared text size (kbytes): 0
	Average unshared data size (kbytes): 0
	Average stack size (kbytes): 0
	Average total size (kbytes): 0
	Maximum resident set size (kbytes): 2120744
	Average resident set size (kbytes): 0
	Major (requiring I/O) page faults: 259
	Minor (reclaiming a frame) page faults: 4408456
	Voluntary context switches: 13666
	Involuntary context switches: 7079
	Swaps: 0
	File system inputs: 0
	File system outputs: 447472
	Socket messages sent: 0
	Socket messages received: 0
	Signals delivered: 0
	Page size (bytes): 4096
	Exit status: 0
