nice: cannot set niceness: Permission denied
Precompiling packages...
   2076.6 ms  ✓ StatsAPI
   2163.1 ms  ✓ OpenLibm_jll
   2168.6 ms  ✓ ArgCheck
   2185.9 ms  ✓ Reexport
   2256.7 ms  ✓ DataAPI
   2234.9 ms  ✓ CompositionsBase
   2358.2 ms  ✓ CompilerSupportLibraries_jll
   2458.1 ms  ✓ ConstructionBase
   2653.9 ms  ✓ ProgressLogging
   2681.9 ms  ✓ InverseFunctions
   2651.8 ms  ✓ SuiteSparse_jll
   2785.6 ms  ✓ DocStringExtensions
   2933.7 ms  ✓ Compat
   2794.0 ms  ✓ OrderedCollections
   1676.9 ms  ✓ PtrArrays
   3990.1 ms  ✓ FillArrays
   1534.0 ms  ✓ ConstructionBase → ConstructionBaseLinearAlgebraExt
   1824.3 ms  ✓ Missings
   1502.4 ms  ✓ InverseFunctions → InverseFunctionsDatesExt
   1407.5 ms  ✓ Compat → CompatLinearAlgebraExt
   1586.7 ms  ✓ CompositionsBase → CompositionsBaseInverseFunctionsExt
   2333.1 ms  ✓ Preferences
   2426.9 ms  ✓ Gamma
   4675.5 ms  ✓ IrrationalConstants
   1226.9 ms  ✓ AliasTables
    811.4 ms  ✓ PrecompileTools
    965.7 ms  ✓ JLLWrappers
   1394.2 ms  ✓ LogExpFunctions
    979.3 ms  ✓ CommonSolve
   2187.2 ms  ✓ HypergeometricFunctions
   4077.1 ms  ✓ DataStructures
   1330.7 ms  ✓ Rmath_jll
   1333.6 ms  ✓ OpenSpecFun_jll
   1025.8 ms  ✓ LogExpFunctions → LogExpFunctionsInverseFunctionsExt
   5013.3 ms  ✓ MacroTools
   2973.4 ms  ✓ ChainRulesCore
   1010.7 ms  ✓ SortingAlgorithms
   1689.4 ms  ✓ Rmath
   6448.8 ms  ✓ Test
   1805.2 ms  ✓ QuadGK
    470.7 ms  ✓ InverseFunctions → InverseFunctionsTestExt
   1932.9 ms  ✓ LogExpFunctions → LogExpFunctionsChainRulesCoreExt
   6554.8 ms  ✓ SparseArrays
    732.1 ms  ✓ DensityInterface
   2830.0 ms  ✓ Accessors
    788.9 ms  ✓ SuiteSparse
    841.7 ms  ✓ ChainRulesCore → ChainRulesCoreSparseArraysExt
    919.6 ms  ✓ FillArrays → FillArraysSparseArraysExt
    953.8 ms  ✓ Statistics
    560.5 ms  ✓ Accessors → LinearAlgebraExt
   3605.5 ms  ✓ SpecialFunctions
    630.3 ms  ✓ Accessors → TestExt
    676.7 ms  ✓ FillArrays → FillArraysStatisticsExt
    881.1 ms  ✓ PDMats
    496.4 ms  ✓ FillArrays → FillArraysPDMatsExt
   1213.8 ms  ✓ StatsFuns
   1265.8 ms  ✓ SpecialFunctions → SpecialFunctionsChainRulesCoreExt
   1712.7 ms  ✓ StatsBase
    339.5 ms  ✓ StatsFuns → StatsFunsInverseFunctionsExt
    454.5 ms  ✓ PDMats → StatsBaseExt
   2114.9 ms  ✓ Roots
    901.5 ms  ✓ StatsFuns → StatsFunsChainRulesCoreExt
    384.7 ms  ✓ Roots → RootsChainRulesCoreExt
   1123.0 ms  ✓ HiddenMarkovModels
   3216.8 ms  ✓ Distributions
    788.3 ms  ✓ Distributions → DistributionsDensityInterfaceExt
    803.4 ms  ✓ HiddenMarkovModels → HiddenMarkovModelsDistributionsExt
    835.6 ms  ✓ Distributions → DistributionsChainRulesCoreExt
    884.6 ms  ✓ Distributions → DistributionsTestExt
  69 dependencies successfully precompiled in 17 seconds
	Command being timed: "nice -n -10 timeout -k120 -v 3600 julia +lts --project=H/HiddenMarkovModels/Estimate-Hmm-With-Baum-Welch -e using Pkg; @time @eval Pkg.precompile()"
	User time (seconds): 54.55
	System time (seconds): 11.33
	Percent of CPU this job got: 355%
	Elapsed (wall clock) time (h:mm:ss or m:ss): 0:18.53
	Average shared text size (kbytes): 0
	Average unshared data size (kbytes): 0
	Average stack size (kbytes): 0
	Average total size (kbytes): 0
	Maximum resident set size (kbytes): 379400
	Average resident set size (kbytes): 0
	Major (requiring I/O) page faults: 212
	Minor (reclaiming a frame) page faults: 2823089
	Voluntary context switches: 92144
	Involuntary context switches: 15487
	Swaps: 0
	File system inputs: 0
	File system outputs: 174072
	Socket messages sent: 0
	Socket messages received: 0
	Signals delivered: 0
	Page size (bytes): 4096
	Exit status: 0
