nice: cannot set niceness: Permission denied
Precompiling packages...
  75898.0 ms  ✓ Pkg (serial)
  1 dependency successfully precompiled in 76 seconds
Precompiling packages...
   2263.0 ms  ✓ Reexport
   2372.1 ms  ✓ OpenLibm_jll
   2578.1 ms  ✓ Unicode
   2570.7 ms  ✓ InverseFunctions
   2645.7 ms  ✓ DataAPI
   2634.9 ms  ✓ StatsAPI
   2838.7 ms  ✓ ArgCheck
   2807.3 ms  ✓ CompilerSupportLibraries_jll
   3261.0 ms  ✓ Statistics
   3872.3 ms  ✓ Serialization
   4394.9 ms  ✓ ProgressLogging
   2495.0 ms  ✓ CompositionsBase
   5065.1 ms  ✓ DocStringExtensions
   2417.4 ms  ✓ PtrArrays
   2212.3 ms  ✓ InverseFunctions → InverseFunctionsDatesExt
   5167.2 ms  ✓ FillArrays
   2902.3 ms  ✓ SuiteSparse_jll
   3699.3 ms  ✓ Gamma
   3210.7 ms  ✓ Preferences
   1804.1 ms  ✓ CompositionsBase → CompositionsBaseInverseFunctionsExt
   2290.3 ms  ✓ AliasTables
   2218.4 ms  ✓ FillArrays → FillArraysStatisticsExt
   1708.9 ms  ✓ PrecompileTools
   8373.5 ms  ✓ ConstructionBase
   2009.9 ms  ✓ JLLWrappers
   8672.9 ms  ✓ OrderedCollections
   1480.3 ms  ✓ ConstructionBase → ConstructionBaseLinearAlgebraExt
   1875.4 ms  ✓ CommonSolve
   3782.7 ms  ✓ HypergeometricFunctions
   7325.5 ms  ✓ Compat
   6695.1 ms  ✓ Missings
   2102.5 ms  ✓ Rmath_jll
  10595.6 ms  ✓ IrrationalConstants
   2209.5 ms  ✓ OpenSpecFun_jll
    884.5 ms  ✓ Compat → CompatLinearAlgebraExt
   8617.2 ms  ✓ InteractiveUtils
   1012.4 ms  ✓ LogExpFunctions
   1111.5 ms  ✓ Rmath
   3500.8 ms  ✓ DataStructures
    728.7 ms  ✓ LogExpFunctions → LogExpFunctionsInverseFunctionsExt
  10344.2 ms  ✓ MacroTools
   1196.0 ms  ✓ SortingAlgorithms
   3595.5 ms  ✓ ChainRulesCore
   2926.1 ms  ✓ QuadGK
  10017.2 ms  ✓ SparseArrays
   3980.0 ms  ✓ SpecialFunctions
   1211.5 ms  ✓ Statistics → SparseArraysExt
   1207.5 ms  ✓ SuiteSparse
   1494.1 ms  ✓ FillArrays → FillArraysSparseArraysExt
   2814.6 ms  ✓ LogExpFunctions → LogExpFunctionsChainRulesCoreExt
   4852.1 ms  ✓ Accessors
   1999.1 ms  ✓ PDMats
   7888.3 ms  ✓ Test
   1522.9 ms  ✓ Accessors → LinearAlgebraExt
   4370.4 ms  ✓ ChainRulesCore → ChainRulesCoreSparseArraysExt
   3970.8 ms  ✓ SpecialFunctions → SpecialFunctionsChainRulesCoreExt
   1217.4 ms  ✓ FillArrays → FillArraysPDMatsExt
    856.4 ms  ✓ InverseFunctions → InverseFunctionsTestExt
    930.0 ms  ✓ Accessors → TestExt
    634.6 ms  ✓ DensityInterface
   5065.5 ms  ✓ StatsFuns
    388.5 ms  ✓ StatsFuns → StatsFunsInverseFunctionsExt
   4869.2 ms  ✓ StatsBase
   1116.8 ms  ✓ StatsFuns → StatsFunsChainRulesCoreExt
    564.0 ms  ✓ PDMats → StatsBaseExt
   3279.3 ms  ✓ Roots
    434.3 ms  ✓ Roots → RootsChainRulesCoreExt
   1560.2 ms  ✓ HiddenMarkovModels
   3857.4 ms  ✓ Distributions
    901.8 ms  ✓ Distributions → DistributionsDensityInterfaceExt
   1027.1 ms  ✓ HiddenMarkovModels → HiddenMarkovModelsDistributionsExt
   1110.4 ms  ✓ Distributions → DistributionsTestExt
   1701.8 ms  ✓ Distributions → DistributionsChainRulesCoreExt
  73 dependencies successfully precompiled in 28 seconds. 9 already precompiled.
  9 dependencies precompiled but different versions are currently loaded (Base64, Dates, JuliaSyntaxHighlighting, Logging, Markdown, Printf, StyledStrings, TOML and UUIDs). Restart julia to access the new versions. Otherwise, 36 dependents of these packages may trigger further precompilation to work with the unexpected versions.
	Command being timed: "nice -n -10 timeout -k120 -v 3600 julia +release --project=H/HiddenMarkovModels/Estimate-Hmm-With-Baum-Welch -e using Pkg; @time @eval Pkg.precompile()"
	User time (seconds): 221.46
	System time (seconds): 17.21
	Percent of CPU this job got: 227%
	Elapsed (wall clock) time (h:mm:ss or m:ss): 1:45.14
	Average shared text size (kbytes): 0
	Average unshared data size (kbytes): 0
	Average stack size (kbytes): 0
	Average total size (kbytes): 0
	Maximum resident set size (kbytes): 2165288
	Average resident set size (kbytes): 0
	Major (requiring I/O) page faults: 298
	Minor (reclaiming a frame) page faults: 5109321
	Voluntary context switches: 16285
	Involuntary context switches: 9989
	Swaps: 0
	File system inputs: 0
	File system outputs: 491024
	Socket messages sent: 0
	Socket messages received: 0
	Signals delivered: 0
	Page size (bytes): 4096
	Exit status: 0
