nice: cannot set niceness: Permission denied
Precompiling packages...
   0.3 s  ✓ Reexport
   0.3 s  ✓ DataAPI
   0.4 s  ✓ ConstructionBase
   0.4 s  ✓ Statistics
   0.4 s  ✓ CompilerSupportLibraries_jll
   0.3 s  ✓ StatsAPI
   0.5 s  ✓ OrderedCollections
   0.3 s  ✓ CompositionsBase
   0.4 s  ✓ InverseFunctions
   1.1 s  ✓ IrrationalConstants
   0.4 s  ✓ ProgressLogging
   0.5 s  ✓ DocStringExtensions
   0.6 s  ✓ Serialization
   0.4 s  ✓ Unicode
   1.9 s  ✓ MacroTools
   0.4 s  ✓ ArgCheck
   0.6 s  ✓ Gamma
   0.3 s  ✓ PtrArrays
   0.3 s  ✓ ConstructionBase → ConstructionBaseLinearAlgebraExt
   0.4 s  ✓ Missings
   0.4 s  ✓ SuiteSparse_jll
   0.3 s  ✓ OpenLibm_jll
   0.9 s  ✓ FillArrays
   0.3 s  ✓ CompositionsBase → CompositionsBaseInverseFunctionsExt
   0.4 s  ✓ InverseFunctions → InverseFunctionsDatesExt
   1.1 s  ✓ InteractiveUtils
   0.5 s  ✓ LogExpFunctions
   0.4 s  ✓ Compat
   0.4 s  ✓ AliasTables
   0.6 s  ✓ Preferences
   0.4 s  ✓ FillArrays → FillArraysStatisticsExt
   0.9 s  ✓ HypergeometricFunctions
   1.6 s  ✓ DataStructures
   0.3 s  ✓ LogExpFunctions → LogExpFunctionsInverseFunctionsExt
   0.3 s  ✓ Compat → CompatLinearAlgebraExt
   0.5 s  ✓ PrecompileTools
   0.6 s  ✓ JLLWrappers
   0.5 s  ✓ SortingAlgorithms
   1.7 s  ✓ Accessors
   0.9 s  ✓ QuadGK
   0.6 s  ✓ CommonSolve
   1.1 s  ✓ ChainRulesCore
   0.8 s  ✓ Rmath_jll
   0.8 s  ✓ OpenSpecFun_jll
   0.5 s  ✓ Accessors → LinearAlgebraExt
   3.7 s  ✓ SparseArrays
   0.8 s  ✓ Rmath
   1.2 s  ✓ LogExpFunctions → LogExpFunctionsChainRulesCoreExt
   0.6 s  ✓ Statistics → SparseArraysExt
   0.6 s  ✓ SuiteSparse
   4.7 s  ✓ Test
   0.6 s  ✓ FillArrays → FillArraysSparseArraysExt
   0.6 s  ✓ ChainRulesCore → ChainRulesCoreSparseArraysExt
   0.4 s  ✓ InverseFunctions → InverseFunctionsTestExt
   2.5 s  ✓ SpecialFunctions
   0.8 s  ✓ PDMats
   2.7 s  ✓ Roots
   0.6 s  ✓ Accessors → TestExt
   0.5 s  ✓ DensityInterface
   0.5 s  ✓ Roots → RootsChainRulesCoreExt
   0.5 s  ✓ FillArrays → FillArraysPDMatsExt
   2.0 s  ✓ StatsBase
   1.3 s  ✓ SpecialFunctions → SpecialFunctionsChainRulesCoreExt
   1.2 s  ✓ StatsFuns
   0.5 s  ✓ PDMats → StatsBaseExt
   0.4 s  ✓ StatsFuns → StatsFunsInverseFunctionsExt
   0.9 s  ✓ StatsFuns → StatsFunsChainRulesCoreExt
   1.3 s  ✓ HiddenMarkovModels
   3.5 s  ✓ Distributions
   0.8 s  ✓ Distributions → DistributionsChainRulesCoreExt
   0.8 s  ✓ Distributions → DistributionsDensityInterfaceExt
   0.8 s  ✓ HiddenMarkovModels → HiddenMarkovModelsDistributionsExt
   0.9 s  ✓ Distributions → DistributionsTestExt
  73 dependencies successfully precompiled in 16 seconds. 9 already precompiled.
	Command being timed: "nice -n -10 timeout -k120 -v 3600 julia +release --project=H/HiddenMarkovModels/Estimate-Hmm-With-Baum-Welch -e using Pkg; @time @eval Pkg.precompile()"
	User time (seconds): 151.65
	System time (seconds): 13.69
	Percent of CPU this job got: 176%
	Elapsed (wall clock) time (h:mm:ss or m:ss): 1:33.94
	Average shared text size (kbytes): 0
	Average unshared data size (kbytes): 0
	Average stack size (kbytes): 0
	Average total size (kbytes): 0
	Maximum resident set size (kbytes): 2087688
	Average resident set size (kbytes): 0
	Major (requiring I/O) page faults: 467
	Minor (reclaiming a frame) page faults: 5019792
	Voluntary context switches: 21933
	Involuntary context switches: 3834
	Swaps: 0
	File system inputs: 0
	File system outputs: 500280
	Socket messages sent: 0
	Socket messages received: 0
	Signals delivered: 0
	Page size (bytes): 4096
	Exit status: 0
