nice: cannot set niceness: Permission denied
Precompiling packages...
   1935.7 ms  ✓ OpenLibm_jll
   1944.8 ms  ✓ Reexport
   1938.9 ms  ✓ StatsAPI
   1898.0 ms  ✓ CompositionsBase
   2026.5 ms  ✓ DataAPI
   2009.0 ms  ✓ CompilerSupportLibraries_jll
   2293.7 ms  ✓ ProgressLogging
   2345.8 ms  ✓ ArgCheck
   2522.9 ms  ✓ ConstructionBase
   2675.7 ms  ✓ Compat
   2485.9 ms  ✓ SuiteSparse_jll
   2660.9 ms  ✓ InverseFunctions
   2663.1 ms  ✓ OrderedCollections
   2659.6 ms  ✓ DocStringExtensions
   1583.0 ms  ✓ PtrArrays
   1795.7 ms  ✓ Missings
   1564.1 ms  ✓ CompositionsBase → CompositionsBaseInverseFunctionsExt
   1568.7 ms  ✓ InverseFunctions → InverseFunctionsDatesExt
   4236.6 ms  ✓ FillArrays
   1579.0 ms  ✓ Compat → CompatLinearAlgebraExt
   1725.5 ms  ✓ ConstructionBase → ConstructionBaseLinearAlgebraExt
   2401.9 ms  ✓ Preferences
   2501.4 ms  ✓ Gamma
   4568.2 ms  ✓ IrrationalConstants
   1320.6 ms  ✓ AliasTables
    922.7 ms  ✓ PrecompileTools
   1127.5 ms  ✓ JLLWrappers
   1501.5 ms  ✓ LogExpFunctions
    897.5 ms  ✓ CommonSolve
   2325.7 ms  ✓ ChainRulesCore
   2275.9 ms  ✓ HypergeometricFunctions
   1289.8 ms  ✓ OpenSpecFun_jll
   1389.5 ms  ✓ Rmath_jll
   4367.4 ms  ✓ DataStructures
   5228.5 ms  ✓ MacroTools
   1180.3 ms  ✓ LogExpFunctions → LogExpFunctionsInverseFunctionsExt
   1423.3 ms  ✓ SortingAlgorithms
   1782.7 ms  ✓ Rmath
   6838.4 ms  ✓ Test
   1804.7 ms  ✓ QuadGK
   2480.7 ms  ✓ LogExpFunctions → LogExpFunctionsChainRulesCoreExt
    450.7 ms  ✓ InverseFunctions → InverseFunctionsTestExt
   6657.5 ms  ✓ SparseArrays
    751.1 ms  ✓ SuiteSparse
    839.2 ms  ✓ DensityInterface
   2954.0 ms  ✓ Accessors
    958.7 ms  ✓ ChainRulesCore → ChainRulesCoreSparseArraysExt
   1069.1 ms  ✓ FillArrays → FillArraysSparseArraysExt
   1129.6 ms  ✓ Statistics
    605.5 ms  ✓ Accessors → LinearAlgebraExt
    638.9 ms  ✓ Accessors → TestExt
   3935.0 ms  ✓ SpecialFunctions
    928.6 ms  ✓ PDMats
    679.7 ms  ✓ FillArrays → FillArraysStatisticsExt
    553.6 ms  ✓ FillArrays → FillArraysPDMatsExt
   1201.0 ms  ✓ StatsFuns
   1230.9 ms  ✓ SpecialFunctions → SpecialFunctionsChainRulesCoreExt
   1735.0 ms  ✓ StatsBase
    345.8 ms  ✓ StatsFuns → StatsFunsInverseFunctionsExt
    462.9 ms  ✓ PDMats → StatsBaseExt
   2112.0 ms  ✓ Roots
    887.8 ms  ✓ StatsFuns → StatsFunsChainRulesCoreExt
    386.3 ms  ✓ Roots → RootsChainRulesCoreExt
   1221.8 ms  ✓ HiddenMarkovModels
   3285.9 ms  ✓ Distributions
    803.9 ms  ✓ Distributions → DistributionsDensityInterfaceExt
    832.8 ms  ✓ HiddenMarkovModels → HiddenMarkovModelsDistributionsExt
    861.6 ms  ✓ Distributions → DistributionsChainRulesCoreExt
    885.3 ms  ✓ Distributions → DistributionsTestExt
  69 dependencies successfully precompiled in 18 seconds
	Command being timed: "nice -n -10 timeout -k120 -v 3600 julia +lts --project=H/HiddenMarkovModels/Estimate-Hmm-With-Baum-Welch -e using Pkg; @time @eval Pkg.precompile()"
	User time (seconds): 56.13
	System time (seconds): 11.23
	Percent of CPU this job got: 356%
	Elapsed (wall clock) time (h:mm:ss or m:ss): 0:18.91
	Average shared text size (kbytes): 0
	Average unshared data size (kbytes): 0
	Average stack size (kbytes): 0
	Average total size (kbytes): 0
	Maximum resident set size (kbytes): 384576
	Average resident set size (kbytes): 0
	Major (requiring I/O) page faults: 172
	Minor (reclaiming a frame) page faults: 2820369
	Voluntary context switches: 89247
	Involuntary context switches: 16547
	Swaps: 0
	File system inputs: 352
	File system outputs: 174392
	Socket messages sent: 0
	Socket messages received: 0
	Signals delivered: 0
	Page size (bytes): 4096
	Exit status: 0
