Precompiling project...
   1749.5 ms  ✓ Reexport
   1846.9 ms  ✓ Unicode
   2025.0 ms  ✓ DataAPI
   2035.3 ms  ✓ OpenLibm_jll
   2134.7 ms  ✓ InverseFunctions
   2514.4 ms  ✓ StatsAPI
   2566.9 ms  ✓ OrderedCollections
   2561.7 ms  ✓ DocStringExtensions
   2612.2 ms  ✓ CompilerSupportLibraries_jll
   2633.6 ms  ✓ Statistics
   2610.7 ms  ✓ SuiteSparse_jll
   2722.2 ms  ✓ ArgCheck
   2744.5 ms  ✓ Serialization
   1119.9 ms  ✓ PtrArrays
   1213.9 ms  ✓ Missings
   3261.6 ms  ✓ FillArrays
   1536.3 ms  ✓ Compat
   1246.0 ms  ✓ InverseFunctions → InverseFunctionsDatesExt
   1616.6 ms  ✓ Preferences
   3735.1 ms  ✓ IrrationalConstants
    965.5 ms  ✓ AliasTables
    679.4 ms  ✓ FillArrays → FillArraysStatisticsExt
   3918.5 ms  ✓ InteractiveUtils
    626.9 ms  ✓ Compat → CompatLinearAlgebraExt
    611.5 ms  ✓ JLLWrappers
    738.5 ms  ✓ LogExpFunctions
    686.8 ms  ✓ Rmath_jll
    694.3 ms  ✓ OpenSpecFun_jll
    504.4 ms  ✓ LogExpFunctions → LogExpFunctionsInverseFunctionsExt
   1466.2 ms  ✓ ChainRulesCore
    889.7 ms  ✓ Rmath
   1931.3 ms  ✓ DataStructures
    554.2 ms  ✓ SortingAlgorithms
   1377.2 ms  ✓ LogExpFunctions → LogExpFunctionsChainRulesCoreExt
   1306.0 ms  ✓ QuadGK
   4816.1 ms  ✓ SparseArrays
   3701.7 ms  ✓ Test
   3113.9 ms  ✓ SpecialFunctions
    588.3 ms  ✓ SuiteSparse
    634.8 ms  ✓ Statistics → SparseArraysExt
    702.2 ms  ✓ ChainRulesCore → ChainRulesCoreSparseArraysExt
    719.7 ms  ✓ FillArrays → FillArraysSparseArraysExt
    691.2 ms  ✓ InverseFunctions → InverseFunctionsTestExt
    533.8 ms  ✓ DensityInterface
    789.1 ms  ✓ PDMats
    968.4 ms  ✓ HypergeometricFunctions
    425.9 ms  ✓ FillArrays → FillArraysPDMatsExt
   1424.5 ms  ✓ SpecialFunctions → SpecialFunctionsChainRulesCoreExt
   1697.9 ms  ✓ StatsBase
   1150.1 ms  ✓ StatsFuns
    412.9 ms  ✓ StatsFuns → StatsFunsInverseFunctionsExt
   1002.1 ms  ✓ StatsFuns → StatsFunsChainRulesCoreExt
   1073.7 ms  ✓ HiddenMarkovModels
   3479.0 ms  ✓ Distributions
    689.8 ms  ✓ Distributions → DistributionsDensityInterfaceExt
    709.1 ms  ✓ HiddenMarkovModels → HiddenMarkovModelsDistributionsExt
    758.6 ms  ✓ Distributions → DistributionsChainRulesCoreExt
    800.4 ms  ✓ Distributions → DistributionsTestExt
  58 dependencies successfully precompiled in 14 seconds. 7 already precompiled.
	Command being timed: "julia +1.11.5 --project=H/HiddenMarkovModels/Estimate-Hmm-With-Baum-Welch -e using Pkg; @time @eval Pkg.precompile()"
	User time (seconds): 137.17
	System time (seconds): 11.91
	Percent of CPU this job got: 218%
	Elapsed (wall clock) time (h:mm:ss or m:ss): 1:08.23
	Average shared text size (kbytes): 0
	Average unshared data size (kbytes): 0
	Average stack size (kbytes): 0
	Average total size (kbytes): 0
	Maximum resident set size (kbytes): 2037896
	Average resident set size (kbytes): 0
	Major (requiring I/O) page faults: 281
	Minor (reclaiming a frame) page faults: 3457809
	Voluntary context switches: 102887
	Involuntary context switches: 12350
	Swaps: 0
	File system inputs: 0
	File system outputs: 508864
	Socket messages sent: 0
	Socket messages received: 0
	Signals delivered: 0
	Page size (bytes): 4096
	Exit status: 0
