nice: cannot set niceness: Permission denied
Precompiling packages...
  79102.6 ms  ✓ Pkg (serial)
  1 dependency successfully precompiled in 79 seconds
Precompiling packages...
    380.8 ms  ✓ Unicode
    403.3 ms  ✓ CompilerSupportLibraries_jll
    565.4 ms  ✓ Calculus
    514.5 ms  ✓ Measurements
  4 dependencies successfully precompiled in 1 seconds. 1 already precompiled.
	Command being timed: "nice -n -10 timeout -k120 -v 3600 julia +release --project=M/Measurements/Addition-With-Uncertainties -e using Pkg; @time @eval Pkg.precompile()"
	User time (seconds): 133.79
	System time (seconds): 5.41
	Percent of CPU this job got: 171%
	Elapsed (wall clock) time (h:mm:ss or m:ss): 1:21.18
	Average shared text size (kbytes): 0
	Average unshared data size (kbytes): 0
	Average stack size (kbytes): 0
	Average total size (kbytes): 0
	Maximum resident set size (kbytes): 2148212
	Average resident set size (kbytes): 0
	Major (requiring I/O) page faults: 161
	Minor (reclaiming a frame) page faults: 1893514
	Voluntary context switches: 5933
	Involuntary context switches: 3644
	Swaps: 0
	File system inputs: 0
	File system outputs: 318168
	Socket messages sent: 0
	Socket messages received: 0
	Signals delivered: 0
	Page size (bytes): 4096
	Exit status: 0
