nice: cannot set niceness: Permission denied
Precompiling packages...
    368.3 ms  ✓ Unicode
    537.9 ms  ✓ Calculus
    513.6 ms  ✓ Measurements
  3 dependencies successfully precompiled in 1 seconds. 1 already precompiled.
	Command being timed: "nice -n -10 timeout -k120 -v 3600 julia +alpha --project=M/Measurements/Addition-With-Uncertainties -e using Pkg; @time @eval Pkg.precompile()"
	User time (seconds): 136.98
	System time (seconds): 6.45
	Percent of CPU this job got: 127%
	Elapsed (wall clock) time (h:mm:ss or m:ss): 1:52.20
	Average shared text size (kbytes): 0
	Average unshared data size (kbytes): 0
	Average stack size (kbytes): 0
	Average total size (kbytes): 0
	Maximum resident set size (kbytes): 2630864
	Average resident set size (kbytes): 0
	Major (requiring I/O) page faults: 162
	Minor (reclaiming a frame) page faults: 2568922
	Voluntary context switches: 6194
	Involuntary context switches: 1431
	Swaps: 0
	File system inputs: 0
	File system outputs: 324352
	Socket messages sent: 0
	Socket messages received: 0
	Signals delivered: 0
	Page size (bytes): 4096
	Exit status: 0
