nice: cannot set niceness: Permission denied
Precompiling packages...
   0.2 s  ✓ Unicode
   0.4 s  ✓ CompilerSupportLibraries_jll
   0.4 s  ✓ Calculus
   0.4 s  ✓ Measurements
  4 dependencies successfully precompiled in 1 seconds. 1 already precompiled.
	Command being timed: "nice -n -10 timeout -k120 -v 3600 julia +alpha --project=M/Measurements/Addition-With-Uncertainties -e using Pkg; @time @eval Pkg.precompile()"
	User time (seconds): 132.91
	System time (seconds): 6.38
	Percent of CPU this job got: 129%
	Elapsed (wall clock) time (h:mm:ss or m:ss): 1:47.15
	Average shared text size (kbytes): 0
	Average unshared data size (kbytes): 0
	Average stack size (kbytes): 0
	Average total size (kbytes): 0
	Maximum resident set size (kbytes): 2632728
	Average resident set size (kbytes): 0
	Major (requiring I/O) page faults: 184
	Minor (reclaiming a frame) page faults: 2567538
	Voluntary context switches: 8258
	Involuntary context switches: 1413
	Swaps: 0
	File system inputs: 0
	File system outputs: 327104
	Socket messages sent: 0
	Socket messages received: 0
	Signals delivered: 0
	Page size (bytes): 4096
	Exit status: 0
