nice: cannot set niceness: Permission denied
Precompiling packages...
    384.6 ms  ✓ Unicode
    560.6 ms  ✓ Calculus
    603.3 ms  ✓ Measurements
  3 dependencies successfully precompiled in 1 seconds. 1 already precompiled.
	Command being timed: "nice -n -10 timeout -k120 -v 3600 julia +nightly --project=M/Measurements/Addition-With-Uncertainties -e using Pkg; @time @eval Pkg.precompile()"
	User time (seconds): 128.89
	System time (seconds): 6.16
	Percent of CPU this job got: 128%
	Elapsed (wall clock) time (h:mm:ss or m:ss): 1:45.42
	Average shared text size (kbytes): 0
	Average unshared data size (kbytes): 0
	Average stack size (kbytes): 0
	Average total size (kbytes): 0
	Maximum resident set size (kbytes): 2290876
	Average resident set size (kbytes): 0
	Major (requiring I/O) page faults: 189
	Minor (reclaiming a frame) page faults: 2409262
	Voluntary context switches: 5625
	Involuntary context switches: 1247
	Swaps: 0
	File system inputs: 0
	File system outputs: 325856
	Socket messages sent: 0
	Socket messages received: 0
	Signals delivered: 0
	Page size (bytes): 4096
	Exit status: 0
