nice: cannot set niceness: Permission denied
Precompiling packages...
    379.6 ms  ✓ Unicode
    559.1 ms  ✓ Calculus
    596.5 ms  ✓ Measurements
  3 dependencies successfully precompiled in 1 seconds. 1 already precompiled.
	Command being timed: "nice -n -10 timeout -k120 -v 3600 julia +nightly --project=M/Measurements/Addition-With-Uncertainties -e using Pkg; @time @eval Pkg.precompile()"
	User time (seconds): 128.70
	System time (seconds): 6.05
	Percent of CPU this job got: 128%
	Elapsed (wall clock) time (h:mm:ss or m:ss): 1:44.90
	Average shared text size (kbytes): 0
	Average unshared data size (kbytes): 0
	Average stack size (kbytes): 0
	Average total size (kbytes): 0
	Maximum resident set size (kbytes): 2219084
	Average resident set size (kbytes): 0
	Major (requiring I/O) page faults: 122
	Minor (reclaiming a frame) page faults: 2389695
	Voluntary context switches: 5994
	Involuntary context switches: 1217
	Swaps: 0
	File system inputs: 0
	File system outputs: 325384
	Socket messages sent: 0
	Socket messages received: 0
	Signals delivered: 0
	Page size (bytes): 4096
	Exit status: 0
