nice: cannot set niceness: Permission denied
Precompiling packages...
  73292.0 ms  ✓ Pkg (serial)
  1 dependency successfully precompiled in 73 seconds
Precompiling packages...
    389.7 ms  ✓ Future
    480.7 ms  ✓ StaticArraysCore
    682.9 ms  ✓ Requires
    403.8 ms  ✓ Adapt
   1314.6 ms  ✓ ConstructionBase
    361.6 ms  ✓ ConstructionBase → ConstructionBaseLinearAlgebraExt
   1266.6 ms  ✓ ArrayInterface
   2607.2 ms  ✓ MacroTools
    393.4 ms  ✓ ArrayInterface → ArrayInterfaceStaticArraysCoreExt
    856.0 ms  ✓ Setfield
    518.7 ms  ✓ FiniteDiff
  11 dependencies successfully precompiled in 4 seconds. 1 already precompiled.
	Command being timed: "nice -n -10 timeout -k120 -v 3600 julia +release --project=F/FiniteDiff/Gradient-Of-Square-Norm -e using Pkg; @time @eval Pkg.precompile()"
	User time (seconds): 128.49
	System time (seconds): 6.27
	Percent of CPU this job got: 172%
	Elapsed (wall clock) time (h:mm:ss or m:ss): 1:17.95
	Average shared text size (kbytes): 0
	Average unshared data size (kbytes): 0
	Average stack size (kbytes): 0
	Average total size (kbytes): 0
	Maximum resident set size (kbytes): 2095972
	Average resident set size (kbytes): 0
	Major (requiring I/O) page faults: 156
	Minor (reclaiming a frame) page faults: 2254968
	Voluntary context switches: 7212
	Involuntary context switches: 3870
	Swaps: 0
	File system inputs: 0
	File system outputs: 320040
	Socket messages sent: 0
	Socket messages received: 0
	Signals delivered: 0
	Page size (bytes): 4096
	Exit status: 0
