nice: cannot set niceness: Permission denied
Precompiling packages...
    640.5 ms  ✓ ConstructionBase
    504.8 ms  ✓ StaticArraysCore
    509.1 ms  ✓ Requires
    310.0 ms  ✓ ConstructionBase → ConstructionBaseLinearAlgebraExt
    331.2 ms  ✓ Adapt
    383.7 ms  ✓ ArrayInterface
    323.8 ms  ✓ ArrayInterface → ArrayInterfaceStaticArraysCoreExt
   1602.2 ms  ✓ MacroTools
    713.0 ms  ✓ Setfield
    449.8 ms  ✓ FiniteDiff
  10 dependencies successfully precompiled in 3 seconds
	Command being timed: "nice -n -10 timeout -k120 -v 3600 julia +lts --project=F/FiniteDiff/Gradient-Of-Square-Norm -e using Pkg; @time @eval Pkg.precompile()"
	User time (seconds): 6.48
	System time (seconds): 1.71
	Percent of CPU this job got: 184%
	Elapsed (wall clock) time (h:mm:ss or m:ss): 0:04.45
	Average shared text size (kbytes): 0
	Average unshared data size (kbytes): 0
	Average stack size (kbytes): 0
	Average total size (kbytes): 0
	Maximum resident set size (kbytes): 359520
	Average resident set size (kbytes): 0
	Major (requiring I/O) page faults: 18
	Minor (reclaiming a frame) page faults: 431938
	Voluntary context switches: 13782
	Involuntary context switches: 522
	Swaps: 0
	File system inputs: 0
	File system outputs: 21208
	Socket messages sent: 0
	Socket messages received: 0
	Signals delivered: 0
	Page size (bytes): 4096
	Exit status: 0
