nice: cannot set niceness: Permission denied
Precompiling packages...
  73836.5 ms  ✓ Pkg (serial)
  1 dependency successfully precompiled in 74 seconds
Precompiling packages...
    384.1 ms  ✓ Future
    474.8 ms  ✓ StaticArraysCore
    672.5 ms  ✓ Requires
    399.2 ms  ✓ Adapt
   1430.2 ms  ✓ ConstructionBase
    353.2 ms  ✓ ConstructionBase → ConstructionBaseLinearAlgebraExt
   1323.3 ms  ✓ ArrayInterface
   2667.4 ms  ✓ MacroTools
    410.9 ms  ✓ ArrayInterface → ArrayInterfaceStaticArraysCoreExt
    855.9 ms  ✓ Setfield
    511.4 ms  ✓ FiniteDiff
  11 dependencies successfully precompiled in 4 seconds. 1 already precompiled.
	Command being timed: "nice -n -10 timeout -k120 -v 3600 julia +1.12.5 --project=F/FiniteDiff/Gradient-Of-Square-Norm -e using Pkg; @time @eval Pkg.precompile()"
	User time (seconds): 130.70
	System time (seconds): 6.22
	Percent of CPU this job got: 174%
	Elapsed (wall clock) time (h:mm:ss or m:ss): 1:18.67
	Average shared text size (kbytes): 0
	Average unshared data size (kbytes): 0
	Average stack size (kbytes): 0
	Average total size (kbytes): 0
	Maximum resident set size (kbytes): 2153852
	Average resident set size (kbytes): 0
	Major (requiring I/O) page faults: 172
	Minor (reclaiming a frame) page faults: 2238264
	Voluntary context switches: 7236
	Involuntary context switches: 3744
	Swaps: 0
	File system inputs: 0
	File system outputs: 324000
	Socket messages sent: 0
	Socket messages received: 0
	Signals delivered: 0
	Page size (bytes): 4096
	Exit status: 0
