nice: cannot set niceness: Permission denied
Precompiling packages...
    417.5 ms  ✓ Future
    488.8 ms  ✓ StaticArraysCore
    495.7 ms  ✓ Adapt
    529.3 ms  ✓ ConstructionBase
    370.9 ms  ✓ ConstructionBase → ConstructionBaseLinearAlgebraExt
    508.3 ms  ✓ ArrayInterface
    337.7 ms  ✓ ArrayInterface → ArrayInterfaceStaticArraysCoreExt
   4103.1 ms  ✓ MacroTools
   1103.6 ms  ✓ Setfield
    556.6 ms  ✓ FiniteDiff
  10 dependencies successfully precompiled in 6 seconds
	Command being timed: "nice -n -10 timeout -k120 -v 3600 julia +alpha --project=F/FiniteDiff/Gradient-Of-Square-Norm -e using Pkg; @time @eval Pkg.precompile()"
	User time (seconds): 146.79
	System time (seconds): 7.10
	Percent of CPU this job got: 129%
	Elapsed (wall clock) time (h:mm:ss or m:ss): 1:58.58
	Average shared text size (kbytes): 0
	Average unshared data size (kbytes): 0
	Average stack size (kbytes): 0
	Average total size (kbytes): 0
	Maximum resident set size (kbytes): 2583084
	Average resident set size (kbytes): 0
	Major (requiring I/O) page faults: 165
	Minor (reclaiming a frame) page faults: 2877672
	Voluntary context switches: 7127
	Involuntary context switches: 1735
	Swaps: 0
	File system inputs: 0
	File system outputs: 337128
	Socket messages sent: 0
	Socket messages received: 0
	Signals delivered: 0
	Page size (bytes): 4096
	Exit status: 0
