nice: cannot set niceness: Permission denied
Precompiling packages...
    482.7 ms  ✓ Requires
    632.7 ms  ✓ ConstructionBase
    488.0 ms  ✓ StaticArraysCore
    279.5 ms  ✓ ConstructionBase → ConstructionBaseLinearAlgebraExt
    313.0 ms  ✓ Adapt
    368.8 ms  ✓ ArrayInterface
    306.3 ms  ✓ ArrayInterface → ArrayInterfaceStaticArraysCoreExt
   1514.0 ms  ✓ MacroTools
    675.7 ms  ✓ Setfield
    424.1 ms  ✓ FiniteDiff
  10 dependencies successfully precompiled in 3 seconds
	Command being timed: "nice -n -10 timeout -k120 -v 3600 julia +lts --project=F/FiniteDiff/Gradient-Of-Square-Norm -e using Pkg; @time @eval Pkg.precompile()"
	User time (seconds): 6.01
	System time (seconds): 1.57
	Percent of CPU this job got: 183%
	Elapsed (wall clock) time (h:mm:ss or m:ss): 0:04.13
	Average shared text size (kbytes): 0
	Average unshared data size (kbytes): 0
	Average stack size (kbytes): 0
	Average total size (kbytes): 0
	Maximum resident set size (kbytes): 331276
	Average resident set size (kbytes): 0
	Major (requiring I/O) page faults: 26
	Minor (reclaiming a frame) page faults: 432528
	Voluntary context switches: 14188
	Involuntary context switches: 263
	Swaps: 0
	File system inputs: 0
	File system outputs: 17504
	Socket messages sent: 0
	Socket messages received: 0
	Signals delivered: 0
	Page size (bytes): 4096
	Exit status: 0
