nice: cannot set niceness: Permission denied
Precompiling packages...
  76638.1 ms  ✓ Pkg (serial)
  1 dependency successfully precompiled in 77 seconds
Precompiling packages...
    508.1 ms  ✓ Future
    593.8 ms  ✓ CompilerSupportLibraries_jll
    642.9 ms  ✓ StaticArraysCore
    828.7 ms  ✓ Requires
    424.2 ms  ✓ Adapt
   1631.9 ms  ✓ ConstructionBase
    405.0 ms  ✓ ConstructionBase → ConstructionBaseLinearAlgebraExt
   1426.4 ms  ✓ ArrayInterface
   2859.9 ms  ✓ MacroTools
    406.1 ms  ✓ ArrayInterface → ArrayInterfaceStaticArraysCoreExt
    898.7 ms  ✓ Setfield
    543.1 ms  ✓ FiniteDiff
  12 dependencies successfully precompiled in 4 seconds. 1 already precompiled.
	Command being timed: "nice -n -10 timeout -k120 -v 3600 julia +release --project=F/FiniteDiff/Gradient-Of-Square-Norm -e using Pkg; @time @eval Pkg.precompile()"
	User time (seconds): 139.31
	System time (seconds): 6.33
	Percent of CPU this job got: 177%
	Elapsed (wall clock) time (h:mm:ss or m:ss): 1:21.84
	Average shared text size (kbytes): 0
	Average unshared data size (kbytes): 0
	Average stack size (kbytes): 0
	Average total size (kbytes): 0
	Maximum resident set size (kbytes): 2150544
	Average resident set size (kbytes): 0
	Major (requiring I/O) page faults: 155
	Minor (reclaiming a frame) page faults: 2285834
	Voluntary context switches: 7864
	Involuntary context switches: 3632
	Swaps: 0
	File system inputs: 0
	File system outputs: 327536
	Socket messages sent: 0
	Socket messages received: 0
	Signals delivered: 0
	Page size (bytes): 4096
	Exit status: 0
