nice: cannot set niceness: Permission denied
Precompiling packages...
 180109.5 ms  ✓ Pkg (serial)
  1 dependency successfully precompiled in 180 seconds
Precompiling packages...
   1079.8 ms  ✓ Future
   1145.1 ms  ✓ StaticArraysCore
   1492.4 ms  ✓ ConstructionBase
   1856.2 ms  ✓ Requires
    943.2 ms  ✓ ConstructionBase → ConstructionBaseLinearAlgebraExt
    882.1 ms  ✓ Adapt
    955.3 ms  ✓ ArrayInterface
    617.3 ms  ✓ ArrayInterface → ArrayInterfaceStaticArraysCoreExt
   5039.4 ms  ✓ MacroTools
   2084.7 ms  ✓ Setfield
   1002.6 ms  ✓ FiniteDiff
  11 dependencies successfully precompiled in 8 seconds. 1 already precompiled.
	Command being timed: "nice -n -10 timeout -k120 -v 3600 julia +1.12.1 --project=F/FiniteDiff/Gradient-Of-Square-Norm -e using Pkg; @time @eval Pkg.precompile()"
	User time (seconds): 274.21
	System time (seconds): 9.26
	Percent of CPU this job got: 149%
	Elapsed (wall clock) time (h:mm:ss or m:ss): 3:10.03
	Average shared text size (kbytes): 0
	Average unshared data size (kbytes): 0
	Average stack size (kbytes): 0
	Average total size (kbytes): 0
	Maximum resident set size (kbytes): 2102976
	Average resident set size (kbytes): 0
	Major (requiring I/O) page faults: 110
	Minor (reclaiming a frame) page faults: 2103566
	Voluntary context switches: 6036
	Involuntary context switches: 42734
	Swaps: 0
	File system inputs: 0
	File system outputs: 318128
	Socket messages sent: 0
	Socket messages received: 0
	Signals delivered: 0
	Page size (bytes): 4096
	Exit status: 0
