nice: cannot set niceness: Permission denied
Precompiling packages...
    435.7 ms  ✓ Future
    508.1 ms  ✓ StaticArraysCore
    551.0 ms  ✓ ConstructionBase
    689.9 ms  ✓ Requires
    382.9 ms  ✓ ConstructionBase → ConstructionBaseLinearAlgebraExt
    419.8 ms  ✓ Adapt
    492.2 ms  ✓ ArrayInterface
    345.4 ms  ✓ ArrayInterface → ArrayInterfaceStaticArraysCoreExt
   4279.2 ms  ✓ MacroTools
   1100.1 ms  ✓ Setfield
    557.1 ms  ✓ FiniteDiff
  11 dependencies successfully precompiled in 6 seconds. 1 already precompiled.
	Command being timed: "nice -n -10 timeout -k120 -v 3600 julia +nightly --project=F/FiniteDiff/Gradient-Of-Square-Norm -e using Pkg; @time @eval Pkg.precompile()"
	User time (seconds): 151.25
	System time (seconds): 7.81
	Percent of CPU this job got: 131%
	Elapsed (wall clock) time (h:mm:ss or m:ss): 2:01.22
	Average shared text size (kbytes): 0
	Average unshared data size (kbytes): 0
	Average stack size (kbytes): 0
	Average total size (kbytes): 0
	Maximum resident set size (kbytes): 2544732
	Average resident set size (kbytes): 0
	Major (requiring I/O) page faults: 225
	Minor (reclaiming a frame) page faults: 3015919
	Voluntary context switches: 7548
	Involuntary context switches: 1471
	Swaps: 0
	File system inputs: 0
	File system outputs: 346368
	Socket messages sent: 0
	Socket messages received: 0
	Signals delivered: 0
	Page size (bytes): 4096
	Exit status: 0
