nice: cannot set niceness: Permission denied
Precompiling packages...
    471.1 ms  ✓ StaticArraysCore
    619.6 ms  ✓ ConstructionBase
    474.2 ms  ✓ Requires
    275.0 ms  ✓ ConstructionBase → ConstructionBaseLinearAlgebraExt
    304.4 ms  ✓ Adapt
    369.3 ms  ✓ ArrayInterface
    306.6 ms  ✓ ArrayInterface → ArrayInterfaceStaticArraysCoreExt
   1478.1 ms  ✓ MacroTools
    661.0 ms  ✓ Setfield
    426.5 ms  ✓ FiniteDiff
  10 dependencies successfully precompiled in 3 seconds
	Command being timed: "nice -n -10 timeout -k120 -v 3600 julia +lts --project=F/FiniteDiff/Gradient-Of-Square-Norm -e using Pkg; @time @eval Pkg.precompile()"
	User time (seconds): 5.96
	System time (seconds): 1.67
	Percent of CPU this job got: 187%
	Elapsed (wall clock) time (h:mm:ss or m:ss): 0:04.07
	Average shared text size (kbytes): 0
	Average unshared data size (kbytes): 0
	Average stack size (kbytes): 0
	Average total size (kbytes): 0
	Maximum resident set size (kbytes): 371564
	Average resident set size (kbytes): 0
	Major (requiring I/O) page faults: 38
	Minor (reclaiming a frame) page faults: 440847
	Voluntary context switches: 14397
	Involuntary context switches: 195
	Swaps: 0
	File system inputs: 0
	File system outputs: 16968
	Socket messages sent: 0
	Socket messages received: 0
	Signals delivered: 0
	Page size (bytes): 4096
	Exit status: 0
