nice: cannot set niceness: Permission denied
Precompiling packages...
    622.6 ms  ✓ ConstructionBase
    479.9 ms  ✓ StaticArraysCore
    480.2 ms  ✓ Requires
    271.1 ms  ✓ ConstructionBase → ConstructionBaseLinearAlgebraExt
    300.2 ms  ✓ Adapt
    376.4 ms  ✓ ArrayInterface
    304.4 ms  ✓ ArrayInterface → ArrayInterfaceStaticArraysCoreExt
   1517.5 ms  ✓ MacroTools
    669.0 ms  ✓ Setfield
    422.6 ms  ✓ FiniteDiff
  10 dependencies successfully precompiled in 3 seconds
	Command being timed: "nice -n -10 timeout -k120 -v 3600 julia +lts --project=F/FiniteDiff/Gradient-Of-Square-Norm -e using Pkg; @time @eval Pkg.precompile()"
	User time (seconds): 5.89
	System time (seconds): 1.69
	Percent of CPU this job got: 186%
	Elapsed (wall clock) time (h:mm:ss or m:ss): 0:04.06
	Average shared text size (kbytes): 0
	Average unshared data size (kbytes): 0
	Average stack size (kbytes): 0
	Average total size (kbytes): 0
	Maximum resident set size (kbytes): 364164
	Average resident set size (kbytes): 0
	Major (requiring I/O) page faults: 34
	Minor (reclaiming a frame) page faults: 439443
	Voluntary context switches: 14186
	Involuntary context switches: 199
	Swaps: 0
	File system inputs: 0
	File system outputs: 15920
	Socket messages sent: 0
	Socket messages received: 0
	Signals delivered: 0
	Page size (bytes): 4096
	Exit status: 0
