nice: cannot set niceness: Permission denied
Precompiling packages...
    425.2 ms  ✓ Future
    501.0 ms  ✓ StaticArraysCore
    550.3 ms  ✓ ConstructionBase
    694.3 ms  ✓ Requires
    371.4 ms  ✓ ConstructionBase → ConstructionBaseLinearAlgebraExt
    409.1 ms  ✓ Adapt
    491.3 ms  ✓ ArrayInterface
    349.0 ms  ✓ ArrayInterface → ArrayInterfaceStaticArraysCoreExt
   3377.2 ms  ✓ MacroTools
    908.2 ms  ✓ Setfield
    553.0 ms  ✓ FiniteDiff
  11 dependencies successfully precompiled in 5 seconds. 1 already precompiled.
	Command being timed: "nice -n -10 timeout -k120 -v 3600 julia +nightly --project=F/FiniteDiff/Gradient-Of-Square-Norm -e using Pkg; @time @eval Pkg.precompile()"
	User time (seconds): 134.75
	System time (seconds): 7.01
	Percent of CPU this job got: 130%
	Elapsed (wall clock) time (h:mm:ss or m:ss): 1:48.55
	Average shared text size (kbytes): 0
	Average unshared data size (kbytes): 0
	Average stack size (kbytes): 0
	Average total size (kbytes): 0
	Maximum resident set size (kbytes): 2203952
	Average resident set size (kbytes): 0
	Major (requiring I/O) page faults: 178
	Minor (reclaiming a frame) page faults: 2712828
	Voluntary context switches: 7390
	Involuntary context switches: 1182
	Swaps: 0
	File system inputs: 0
	File system outputs: 340088
	Socket messages sent: 0
	Socket messages received: 0
	Signals delivered: 0
	Page size (bytes): 4096
	Exit status: 0
