nice: cannot set niceness: Permission denied
Precompiling packages...
    396.8 ms  ✓ Future
    452.0 ms  ✓ Adapt
    473.4 ms  ✓ StaticArraysCore
    510.7 ms  ✓ ConstructionBase
    358.0 ms  ✓ ConstructionBase → ConstructionBaseLinearAlgebraExt
    484.3 ms  ✓ ArrayInterface
    320.3 ms  ✓ ArrayInterface → ArrayInterfaceStaticArraysCoreExt
   4096.6 ms  ✓ MacroTools
   1065.0 ms  ✓ Setfield
    534.5 ms  ✓ FiniteDiff
  10 dependencies successfully precompiled in 6 seconds
	Command being timed: "nice -n -10 timeout -k120 -v 3600 julia +alpha --project=F/FiniteDiff/Gradient-Of-Square-Norm -e using Pkg; @time @eval Pkg.precompile()"
	User time (seconds): 143.81
	System time (seconds): 7.14
	Percent of CPU this job got: 129%
	Elapsed (wall clock) time (h:mm:ss or m:ss): 1:56.30
	Average shared text size (kbytes): 0
	Average unshared data size (kbytes): 0
	Average stack size (kbytes): 0
	Average total size (kbytes): 0
	Maximum resident set size (kbytes): 2628988
	Average resident set size (kbytes): 0
	Major (requiring I/O) page faults: 170
	Minor (reclaiming a frame) page faults: 2901448
	Voluntary context switches: 7446
	Involuntary context switches: 1889
	Swaps: 0
	File system inputs: 0
	File system outputs: 336152
	Socket messages sent: 0
	Socket messages received: 0
	Signals delivered: 0
	Page size (bytes): 4096
	Exit status: 0
