nice: cannot set niceness: Permission denied
Precompiling packages...
    422.4 ms  ✓ Future
    484.5 ms  ✓ StaticArraysCore
    539.6 ms  ✓ ConstructionBase
    687.1 ms  ✓ Requires
    379.3 ms  ✓ ConstructionBase → ConstructionBaseLinearAlgebraExt
    410.3 ms  ✓ Adapt
    489.8 ms  ✓ ArrayInterface
    342.9 ms  ✓ ArrayInterface → ArrayInterfaceStaticArraysCoreExt
   4744.2 ms  ✓ MacroTools
   1087.2 ms  ✓ Setfield
    545.2 ms  ✓ FiniteDiff
  11 dependencies successfully precompiled in 6 seconds. 1 already precompiled.
	Command being timed: "nice -n -10 timeout -k120 -v 3600 julia +nightly --project=F/FiniteDiff/Gradient-Of-Square-Norm -e using Pkg; @time @eval Pkg.precompile()"
	User time (seconds): 164.63
	System time (seconds): 7.90
	Percent of CPU this job got: 127%
	Elapsed (wall clock) time (h:mm:ss or m:ss): 2:15.59
	Average shared text size (kbytes): 0
	Average unshared data size (kbytes): 0
	Average stack size (kbytes): 0
	Average total size (kbytes): 0
	Maximum resident set size (kbytes): 2536880
	Average resident set size (kbytes): 0
	Major (requiring I/O) page faults: 190
	Minor (reclaiming a frame) page faults: 3080346
	Voluntary context switches: 7421
	Involuntary context switches: 1450
	Swaps: 0
	File system inputs: 0
	File system outputs: 343880
	Socket messages sent: 0
	Socket messages received: 0
	Signals delivered: 0
	Page size (bytes): 4096
	Exit status: 0
