nice: cannot set niceness: Permission denied
Precompiling packages...
    642.1 ms  ✓ ConstructionBase
    501.2 ms  ✓ StaticArraysCore
    500.2 ms  ✓ Requires
    272.6 ms  ✓ ConstructionBase → ConstructionBaseLinearAlgebraExt
    303.2 ms  ✓ Adapt
    367.5 ms  ✓ ArrayInterface
    308.8 ms  ✓ ArrayInterface → ArrayInterfaceStaticArraysCoreExt
   1516.8 ms  ✓ MacroTools
    660.6 ms  ✓ Setfield
    425.0 ms  ✓ FiniteDiff
  10 dependencies successfully precompiled in 3 seconds
	Command being timed: "nice -n -10 timeout -k120 -v 3600 julia +lts --project=F/FiniteDiff/Gradient-Of-Square-Norm -e using Pkg; @time @eval Pkg.precompile()"
	User time (seconds): 5.97
	System time (seconds): 1.68
	Percent of CPU this job got: 184%
	Elapsed (wall clock) time (h:mm:ss or m:ss): 0:04.14
	Average shared text size (kbytes): 0
	Average unshared data size (kbytes): 0
	Average stack size (kbytes): 0
	Average total size (kbytes): 0
	Maximum resident set size (kbytes): 335012
	Average resident set size (kbytes): 0
	Major (requiring I/O) page faults: 34
	Minor (reclaiming a frame) page faults: 431617
	Voluntary context switches: 14260
	Involuntary context switches: 223
	Swaps: 0
	File system inputs: 0
	File system outputs: 17856
	Socket messages sent: 0
	Socket messages received: 0
	Signals delivered: 0
	Page size (bytes): 4096
	Exit status: 0
