nice: cannot set niceness: Permission denied
Precompiling packages...
    413.0 ms  ✓ Future
    497.5 ms  ✓ StaticArraysCore
    533.1 ms  ✓ ConstructionBase
    668.7 ms  ✓ Requires
    417.8 ms  ✓ ConstructionBase → ConstructionBaseLinearAlgebraExt
    405.7 ms  ✓ Adapt
    478.1 ms  ✓ ArrayInterface
    337.4 ms  ✓ ArrayInterface → ArrayInterfaceStaticArraysCoreExt
   4077.7 ms  ✓ MacroTools
   1070.3 ms  ✓ Setfield
    546.5 ms  ✓ FiniteDiff
  11 dependencies successfully precompiled in 6 seconds. 1 already precompiled.
	Command being timed: "nice -n -10 timeout -k120 -v 3600 julia +alpha --project=F/FiniteDiff/Gradient-Of-Square-Norm -e using Pkg; @time @eval Pkg.precompile()"
	User time (seconds): 144.92
	System time (seconds): 7.44
	Percent of CPU this job got: 130%
	Elapsed (wall clock) time (h:mm:ss or m:ss): 1:57.04
	Average shared text size (kbytes): 0
	Average unshared data size (kbytes): 0
	Average stack size (kbytes): 0
	Average total size (kbytes): 0
	Maximum resident set size (kbytes): 2597172
	Average resident set size (kbytes): 0
	Major (requiring I/O) page faults: 163
	Minor (reclaiming a frame) page faults: 2924203
	Voluntary context switches: 7726
	Involuntary context switches: 1422
	Swaps: 0
	File system inputs: 0
	File system outputs: 337560
	Socket messages sent: 0
	Socket messages received: 0
	Signals delivered: 0
	Page size (bytes): 4096
	Exit status: 0
