nice: cannot set niceness: Permission denied
Precompiling packages...
  73799.6 ms  ✓ Pkg (serial)
  1 dependency successfully precompiled in 74 seconds
Precompiling packages...
    390.4 ms  ✓ Future
    469.0 ms  ✓ StaticArraysCore
    646.1 ms  ✓ Requires
    394.0 ms  ✓ Adapt
   1436.1 ms  ✓ ConstructionBase
    350.7 ms  ✓ ConstructionBase → ConstructionBaseLinearAlgebraExt
   1390.9 ms  ✓ ArrayInterface
   2643.2 ms  ✓ MacroTools
    399.5 ms  ✓ ArrayInterface → ArrayInterfaceStaticArraysCoreExt
    866.4 ms  ✓ Setfield
    520.0 ms  ✓ FiniteDiff
  11 dependencies successfully precompiled in 4 seconds. 1 already precompiled.
	Command being timed: "nice -n -10 timeout -k120 -v 3600 julia +1.12.5 --project=F/FiniteDiff/Gradient-Of-Square-Norm -e using Pkg; @time @eval Pkg.precompile()"
	User time (seconds): 129.89
	System time (seconds): 6.26
	Percent of CPU this job got: 173%
	Elapsed (wall clock) time (h:mm:ss or m:ss): 1:18.56
	Average shared text size (kbytes): 0
	Average unshared data size (kbytes): 0
	Average stack size (kbytes): 0
	Average total size (kbytes): 0
	Maximum resident set size (kbytes): 2143884
	Average resident set size (kbytes): 0
	Major (requiring I/O) page faults: 191
	Minor (reclaiming a frame) page faults: 2240115
	Voluntary context switches: 8130
	Involuntary context switches: 3917
	Swaps: 0
	File system inputs: 0
	File system outputs: 322304
	Socket messages sent: 0
	Socket messages received: 0
	Signals delivered: 0
	Page size (bytes): 4096
	Exit status: 0
