nice: cannot set niceness: Permission denied
Precompiling packages...
  72974.1 ms  ✓ Pkg (serial)
  1 dependency successfully precompiled in 73 seconds
Precompiling packages...
    396.3 ms  ✓ Future
    481.2 ms  ✓ StaticArraysCore
    672.1 ms  ✓ Requires
    394.4 ms  ✓ Adapt
   1344.0 ms  ✓ ConstructionBase
    357.2 ms  ✓ ConstructionBase → ConstructionBaseLinearAlgebraExt
   1238.1 ms  ✓ ArrayInterface
   2624.6 ms  ✓ MacroTools
    416.8 ms  ✓ ArrayInterface → ArrayInterfaceStaticArraysCoreExt
    867.7 ms  ✓ Setfield
    518.6 ms  ✓ FiniteDiff
  11 dependencies successfully precompiled in 4 seconds. 1 already precompiled.
	Command being timed: "nice -n -10 timeout -k120 -v 3600 julia +1.12.3 --project=F/FiniteDiff/Gradient-Of-Square-Norm -e using Pkg; @time @eval Pkg.precompile()"
	User time (seconds): 128.40
	System time (seconds): 6.13
	Percent of CPU this job got: 173%
	Elapsed (wall clock) time (h:mm:ss or m:ss): 1:17.70
	Average shared text size (kbytes): 0
	Average unshared data size (kbytes): 0
	Average stack size (kbytes): 0
	Average total size (kbytes): 0
	Maximum resident set size (kbytes): 2096644
	Average resident set size (kbytes): 0
	Major (requiring I/O) page faults: 154
	Minor (reclaiming a frame) page faults: 2213719
	Voluntary context switches: 7128
	Involuntary context switches: 3502
	Swaps: 0
	File system inputs: 0
	File system outputs: 321336
	Socket messages sent: 0
	Socket messages received: 0
	Signals delivered: 0
	Page size (bytes): 4096
	Exit status: 0
