nice: cannot set niceness: Permission denied
Precompiling packages...
 117680.1 ms  ✓ Pkg (serial)
  1 dependency successfully precompiled in 118 seconds
Precompiling packages...
    760.3 ms  ✓ Future
    963.5 ms  ✓ StaticArraysCore
   1322.0 ms  ✓ Requires
    662.9 ms  ✓ Adapt
   2710.0 ms  ✓ ConstructionBase
    592.1 ms  ✓ ConstructionBase → ConstructionBaseLinearAlgebraExt
   2154.3 ms  ✓ ArrayInterface
    741.8 ms  ✓ ArrayInterface → ArrayInterfaceStaticArraysCoreExt
   4933.2 ms  ✓ MacroTools
   1323.7 ms  ✓ Setfield
    787.5 ms  ✓ FiniteDiff
  11 dependencies successfully precompiled in 7 seconds. 1 already precompiled.
	Command being timed: "nice -n -10 timeout -k120 -v 3600 julia +1.12.5 --project=F/FiniteDiff/Gradient-Of-Square-Norm -e using Pkg; @time @eval Pkg.precompile()"
	User time (seconds): 212.44
	System time (seconds): 8.71
	Percent of CPU this job got: 175%
	Elapsed (wall clock) time (h:mm:ss or m:ss): 2:05.99
	Average shared text size (kbytes): 0
	Average unshared data size (kbytes): 0
	Average stack size (kbytes): 0
	Average total size (kbytes): 0
	Maximum resident set size (kbytes): 2152476
	Average resident set size (kbytes): 0
	Major (requiring I/O) page faults: 178
	Minor (reclaiming a frame) page faults: 2254011
	Voluntary context switches: 6976
	Involuntary context switches: 16118
	Swaps: 0
	File system inputs: 0
	File system outputs: 324704
	Socket messages sent: 0
	Socket messages received: 0
	Signals delivered: 0
	Page size (bytes): 4096
	Exit status: 0
