nice: cannot set niceness: Permission denied
Precompiling project...
    487.0 ms  ✓ Future
    506.0 ms  ✓ StaticArraysCore
    552.1 ms  ✓ ConstructionBase
    658.5 ms  ✓ Requires
    663.3 ms  ✓ CompilerSupportLibraries_jll
    395.6 ms  ✓ ConstructionBase → ConstructionBaseLinearAlgebraExt
    358.4 ms  ✓ Adapt
    399.8 ms  ✓ ArrayInterface
    449.8 ms  ✓ ArrayInterface → ArrayInterfaceStaticArraysCoreExt
   1895.5 ms  ✓ MacroTools
    841.0 ms  ✓ Setfield
    484.6 ms  ✓ FiniteDiff
  12 dependencies successfully precompiled in 3 seconds. 1 already precompiled.
	Command being timed: "nice -n -10 timeout -k120 -v 3600 julia +1.11.6 --project=F/FiniteDiff/Gradient-Of-Square-Norm -e using Pkg; @time @eval Pkg.precompile()"
	User time (seconds): 111.15
	System time (seconds): 5.37
	Percent of CPU this job got: 183%
	Elapsed (wall clock) time (h:mm:ss or m:ss): 1:03.42
	Average shared text size (kbytes): 0
	Average unshared data size (kbytes): 0
	Average stack size (kbytes): 0
	Average total size (kbytes): 0
	Maximum resident set size (kbytes): 2049388
	Average resident set size (kbytes): 0
	Major (requiring I/O) page faults: 128
	Minor (reclaiming a frame) page faults: 1793490
	Voluntary context switches: 45180
	Involuntary context switches: 4637
	Swaps: 0
	File system inputs: 0
	File system outputs: 364776
	Socket messages sent: 0
	Socket messages received: 0
	Signals delivered: 0
	Page size (bytes): 4096
	Exit status: 0
