nice: cannot set niceness: Permission denied
Precompiling project...
    457.4 ms  ✓ Future
    495.8 ms  ✓ StaticArraysCore
    539.0 ms  ✓ ConstructionBase
    633.8 ms  ✓ CompilerSupportLibraries_jll
    654.0 ms  ✓ Requires
    431.7 ms  ✓ ConstructionBase → ConstructionBaseLinearAlgebraExt
    361.7 ms  ✓ Adapt
    418.4 ms  ✓ ArrayInterface
    396.6 ms  ✓ ArrayInterface → ArrayInterfaceStaticArraysCoreExt
   1847.4 ms  ✓ MacroTools
    820.6 ms  ✓ Setfield
    500.9 ms  ✓ FiniteDiff
  12 dependencies successfully precompiled in 3 seconds. 1 already precompiled.
	Command being timed: "nice -n -10 timeout -k120 -v 3600 julia +1.11.7 --project=F/FiniteDiff/Gradient-Of-Square-Norm -e using Pkg; @time @eval Pkg.precompile()"
	User time (seconds): 109.03
	System time (seconds): 6.00
	Percent of CPU this job got: 188%
	Elapsed (wall clock) time (h:mm:ss or m:ss): 1:01.18
	Average shared text size (kbytes): 0
	Average unshared data size (kbytes): 0
	Average stack size (kbytes): 0
	Average total size (kbytes): 0
	Maximum resident set size (kbytes): 2047228
	Average resident set size (kbytes): 0
	Major (requiring I/O) page faults: 130
	Minor (reclaiming a frame) page faults: 1800122
	Voluntary context switches: 45299
	Involuntary context switches: 4101
	Swaps: 0
	File system inputs: 0
	File system outputs: 365024
	Socket messages sent: 0
	Socket messages received: 0
	Signals delivered: 0
	Page size (bytes): 4096
	Exit status: 0
