nice: cannot set niceness: Permission denied
Precompiling packages...
  75290.0 ms  ✓ Pkg (serial)
  1 dependency successfully precompiled in 75 seconds
Precompiling packages...
    536.7 ms  ✓ Future
    578.8 ms  ✓ Adapt
    587.4 ms  ✓ CompilerSupportLibraries_jll
    618.4 ms  ✓ StaticArraysCore
   1567.6 ms  ✓ ConstructionBase
    363.8 ms  ✓ ConstructionBase → ConstructionBaseLinearAlgebraExt
   1407.7 ms  ✓ ArrayInterface
    313.9 ms  ✓ ArrayInterface → ArrayInterfaceStaticArraysCoreExt
   2703.8 ms  ✓ MacroTools
    867.9 ms  ✓ Setfield
    529.8 ms  ✓ FiniteDiff
  11 dependencies successfully precompiled in 4 seconds
	Command being timed: "nice -n -10 timeout -k120 -v 3600 julia +1.12.6 --project=F/FiniteDiff/Gradient-Of-Square-Norm -e using Pkg; @time @eval Pkg.precompile()"
	User time (seconds): 133.29
	System time (seconds): 6.27
	Percent of CPU this job got: 173%
	Elapsed (wall clock) time (h:mm:ss or m:ss): 1:20.34
	Average shared text size (kbytes): 0
	Average unshared data size (kbytes): 0
	Average stack size (kbytes): 0
	Average total size (kbytes): 0
	Maximum resident set size (kbytes): 2153928
	Average resident set size (kbytes): 0
	Major (requiring I/O) page faults: 183
	Minor (reclaiming a frame) page faults: 2251553
	Voluntary context switches: 6833
	Involuntary context switches: 3869
	Swaps: 0
	File system inputs: 0
	File system outputs: 328200
	Socket messages sent: 0
	Socket messages received: 0
	Signals delivered: 0
	Page size (bytes): 4096
	Exit status: 0
