nice: cannot set niceness: Permission denied
Precompiling packages...
  73314.4 ms  ✓ Pkg (serial)
  1 dependency successfully precompiled in 73 seconds
Precompiling packages...
    390.1 ms  ✓ Future
    473.6 ms  ✓ StaticArraysCore
    655.6 ms  ✓ Requires
    396.2 ms  ✓ Adapt
   1391.5 ms  ✓ ConstructionBase
    351.1 ms  ✓ ConstructionBase → ConstructionBaseLinearAlgebraExt
   1332.6 ms  ✓ ArrayInterface
   2625.1 ms  ✓ MacroTools
    403.2 ms  ✓ ArrayInterface → ArrayInterfaceStaticArraysCoreExt
    859.1 ms  ✓ Setfield
    513.6 ms  ✓ FiniteDiff
  11 dependencies successfully precompiled in 4 seconds. 1 already precompiled.
	Command being timed: "nice -n -10 timeout -k120 -v 3600 julia +release --project=F/FiniteDiff/Gradient-Of-Square-Norm -e using Pkg; @time @eval Pkg.precompile()"
	User time (seconds): 129.42
	System time (seconds): 6.15
	Percent of CPU this job got: 173%
	Elapsed (wall clock) time (h:mm:ss or m:ss): 1:18.14
	Average shared text size (kbytes): 0
	Average unshared data size (kbytes): 0
	Average stack size (kbytes): 0
	Average total size (kbytes): 0
	Maximum resident set size (kbytes): 2148320
	Average resident set size (kbytes): 0
	Major (requiring I/O) page faults: 180
	Minor (reclaiming a frame) page faults: 2238272
	Voluntary context switches: 6844
	Involuntary context switches: 3979
	Swaps: 0
	File system inputs: 0
	File system outputs: 325312
	Socket messages sent: 0
	Socket messages received: 0
	Signals delivered: 0
	Page size (bytes): 4096
	Exit status: 0
