nice: cannot set niceness: Permission denied
Precompiling packages...
  75652.9 ms  ✓ Pkg (serial)
  1 dependency successfully precompiled in 76 seconds
Precompiling packages...
    486.3 ms  ✓ Future
    578.7 ms  ✓ CompilerSupportLibraries_jll
    579.4 ms  ✓ Adapt
    593.1 ms  ✓ StaticArraysCore
   1562.3 ms  ✓ ConstructionBase
    350.6 ms  ✓ ConstructionBase → ConstructionBaseLinearAlgebraExt
   1394.8 ms  ✓ ArrayInterface
    324.6 ms  ✓ ArrayInterface → ArrayInterfaceStaticArraysCoreExt
   2698.8 ms  ✓ MacroTools
    861.0 ms  ✓ Setfield
    539.7 ms  ✓ FiniteDiff
  11 dependencies successfully precompiled in 4 seconds
	Command being timed: "nice -n -10 timeout -k120 -v 3600 julia +release --project=F/FiniteDiff/Gradient-Of-Square-Norm -e using Pkg; @time @eval Pkg.precompile()"
	User time (seconds): 134.66
	System time (seconds): 6.03
	Percent of CPU this job got: 174%
	Elapsed (wall clock) time (h:mm:ss or m:ss): 1:20.81
	Average shared text size (kbytes): 0
	Average unshared data size (kbytes): 0
	Average stack size (kbytes): 0
	Average total size (kbytes): 0
	Maximum resident set size (kbytes): 2166440
	Average resident set size (kbytes): 0
	Major (requiring I/O) page faults: 159
	Minor (reclaiming a frame) page faults: 2254553
	Voluntary context switches: 7336
	Involuntary context switches: 3730
	Swaps: 0
	File system inputs: 0
	File system outputs: 334552
	Socket messages sent: 0
	Socket messages received: 0
	Signals delivered: 0
	Page size (bytes): 4096
	Exit status: 0
