nice: cannot set niceness: Permission denied
Precompiling packages...
    420.9 ms  ✓ Future
    489.6 ms  ✓ StaticArraysCore
    559.5 ms  ✓ ConstructionBase
    697.2 ms  ✓ Requires
    368.3 ms  ✓ ConstructionBase → ConstructionBaseLinearAlgebraExt
    411.9 ms  ✓ Adapt
    480.8 ms  ✓ ArrayInterface
    340.1 ms  ✓ ArrayInterface → ArrayInterfaceStaticArraysCoreExt
   3380.6 ms  ✓ MacroTools
    893.6 ms  ✓ Setfield
    550.9 ms  ✓ FiniteDiff
  11 dependencies successfully precompiled in 5 seconds. 1 already precompiled.
	Command being timed: "nice -n -10 timeout -k120 -v 3600 julia +nightly --project=F/FiniteDiff/Gradient-Of-Square-Norm -e using Pkg; @time @eval Pkg.precompile()"
	User time (seconds): 134.38
	System time (seconds): 6.92
	Percent of CPU this job got: 130%
	Elapsed (wall clock) time (h:mm:ss or m:ss): 1:48.10
	Average shared text size (kbytes): 0
	Average unshared data size (kbytes): 0
	Average stack size (kbytes): 0
	Average total size (kbytes): 0
	Maximum resident set size (kbytes): 2286016
	Average resident set size (kbytes): 0
	Major (requiring I/O) page faults: 198
	Minor (reclaiming a frame) page faults: 2752107
	Voluntary context switches: 7434
	Involuntary context switches: 1287
	Swaps: 0
	File system inputs: 0
	File system outputs: 337552
	Socket messages sent: 0
	Socket messages received: 0
	Signals delivered: 0
	Page size (bytes): 4096
	Exit status: 0
