nice: cannot set niceness: Permission denied
Precompiling packages...
  73662.4 ms  ✓ Pkg (serial)
  1 dependency successfully precompiled in 74 seconds
Precompiling packages...
    386.9 ms  ✓ Future
    465.5 ms  ✓ StaticArraysCore
    659.8 ms  ✓ Requires
    396.9 ms  ✓ Adapt
   1429.2 ms  ✓ ConstructionBase
    350.8 ms  ✓ ConstructionBase → ConstructionBaseLinearAlgebraExt
   1348.5 ms  ✓ ArrayInterface
   2556.4 ms  ✓ MacroTools
    371.8 ms  ✓ ArrayInterface → ArrayInterfaceStaticArraysCoreExt
    860.8 ms  ✓ Setfield
    509.1 ms  ✓ FiniteDiff
  11 dependencies successfully precompiled in 4 seconds. 1 already precompiled.
	Command being timed: "nice -n -10 timeout -k120 -v 3600 julia +release --project=F/FiniteDiff/Gradient-Of-Square-Norm -e using Pkg; @time @eval Pkg.precompile()"
	User time (seconds): 129.74
	System time (seconds): 5.97
	Percent of CPU this job got: 173%
	Elapsed (wall clock) time (h:mm:ss or m:ss): 1:18.34
	Average shared text size (kbytes): 0
	Average unshared data size (kbytes): 0
	Average stack size (kbytes): 0
	Average total size (kbytes): 0
	Maximum resident set size (kbytes): 2148420
	Average resident set size (kbytes): 0
	Major (requiring I/O) page faults: 180
	Minor (reclaiming a frame) page faults: 2234984
	Voluntary context switches: 7356
	Involuntary context switches: 4291
	Swaps: 0
	File system inputs: 0
	File system outputs: 323464
	Socket messages sent: 0
	Socket messages received: 0
	Signals delivered: 0
	Page size (bytes): 4096
	Exit status: 0
