nice: cannot set niceness: Permission denied
Precompiling packages...
  73621.6 ms  ✓ Pkg (serial)
  1 dependency successfully precompiled in 74 seconds
Precompiling packages...
    380.2 ms  ✓ Future
    473.3 ms  ✓ StaticArraysCore
    665.0 ms  ✓ Requires
    411.6 ms  ✓ Adapt
   1401.9 ms  ✓ ConstructionBase
    353.1 ms  ✓ ConstructionBase → ConstructionBaseLinearAlgebraExt
   1329.2 ms  ✓ ArrayInterface
   2667.7 ms  ✓ MacroTools
    414.5 ms  ✓ ArrayInterface → ArrayInterfaceStaticArraysCoreExt
    863.2 ms  ✓ Setfield
    527.1 ms  ✓ FiniteDiff
  11 dependencies successfully precompiled in 4 seconds. 1 already precompiled.
	Command being timed: "nice -n -10 timeout -k120 -v 3600 julia +release --project=F/FiniteDiff/Gradient-Of-Square-Norm -e using Pkg; @time @eval Pkg.precompile()"
	User time (seconds): 129.37
	System time (seconds): 6.15
	Percent of CPU this job got: 172%
	Elapsed (wall clock) time (h:mm:ss or m:ss): 1:18.54
	Average shared text size (kbytes): 0
	Average unshared data size (kbytes): 0
	Average stack size (kbytes): 0
	Average total size (kbytes): 0
	Maximum resident set size (kbytes): 2152636
	Average resident set size (kbytes): 0
	Major (requiring I/O) page faults: 192
	Minor (reclaiming a frame) page faults: 2235400
	Voluntary context switches: 6784
	Involuntary context switches: 3156
	Swaps: 0
	File system inputs: 0
	File system outputs: 326344
	Socket messages sent: 0
	Socket messages received: 0
	Signals delivered: 0
	Page size (bytes): 4096
	Exit status: 0
