nice: cannot set niceness: Permission denied
Precompiling packages...
  75725.5 ms  ✓ Pkg (serial)
  1 dependency successfully precompiled in 76 seconds
Precompiling packages...
    484.5 ms  ✓ Future
    576.8 ms  ✓ CompilerSupportLibraries_jll
    593.4 ms  ✓ Adapt
    620.2 ms  ✓ StaticArraysCore
   1543.0 ms  ✓ ConstructionBase
    349.5 ms  ✓ ConstructionBase → ConstructionBaseLinearAlgebraExt
   1415.1 ms  ✓ ArrayInterface
    318.3 ms  ✓ ArrayInterface → ArrayInterfaceStaticArraysCoreExt
   2702.6 ms  ✓ MacroTools
    854.9 ms  ✓ Setfield
    536.0 ms  ✓ FiniteDiff
  11 dependencies successfully precompiled in 4 seconds
	Command being timed: "nice -n -10 timeout -k120 -v 3600 julia +1.12.7 --project=F/FiniteDiff/Gradient-Of-Square-Norm -e using Pkg; @time @eval Pkg.precompile()"
	User time (seconds): 134.20
	System time (seconds): 6.25
	Percent of CPU this job got: 173%
	Elapsed (wall clock) time (h:mm:ss or m:ss): 1:20.90
	Average shared text size (kbytes): 0
	Average unshared data size (kbytes): 0
	Average stack size (kbytes): 0
	Average total size (kbytes): 0
	Maximum resident set size (kbytes): 2163412
	Average resident set size (kbytes): 0
	Major (requiring I/O) page faults: 171
	Minor (reclaiming a frame) page faults: 2255318
	Voluntary context switches: 7356
	Involuntary context switches: 3782
	Swaps: 0
	File system inputs: 0
	File system outputs: 335144
	Socket messages sent: 0
	Socket messages received: 0
	Signals delivered: 0
	Page size (bytes): 4096
	Exit status: 0
