nice: cannot set niceness: Permission denied
Precompiling packages...
   1532.7 ms  ✓ OpenSSL_jll
   1613.3 ms  ✓ Zlib_jll
   1628.3 ms  ✓ Logging
   1622.7 ms  ✓ MozillaCACerts_jll
   1704.4 ms  ✓ UUIDs
   1708.9 ms  ✓ CompilerSupportLibraries_jll
   1801.9 ms  ✓ Unicode
   1793.7 ms  ✓ nghttp2_jll
   1818.7 ms  ✓ Base64
   1852.8 ms  ✓ NetworkOptions
    645.1 ms  ✓ LibSSH2_jll
    611.3 ms  ✓ p7zip_jll
    648.8 ms  ✓ Printf
    494.0 ms  ✓ LibGit2_jll
    492.5 ms  ✓ LibCURL_jll
   3264.0 ms  ✓ ArgTools
    765.0 ms  ✓ LibCURL
    645.3 ms  ✓ Tar
   2919.2 ms  ✓ Dates
   3089.8 ms  ✓ LibGit2
    443.4 ms  ✓ TOML
   3023.7 ms  ✓ Downloads
   9270.3 ms  ✓ StyledStrings
   1680.8 ms  ✓ JuliaSyntaxHighlighting
   3796.7 ms  ✓ Markdown
  46796.4 ms  ✓ Pkg
  26 dependencies successfully precompiled in 62 seconds
Precompiling packages...
   2263.0 ms  ✓ Reexport
   2646.0 ms  ✓ OpenLibm_jll
   2645.2 ms  ✓ DataAPI
   3035.5 ms  ✓ StatsAPI
   3348.3 ms  ✓ AbstractFFTs
   3351.5 ms  ✓ AbstractTrees
   3426.7 ms  ✓ DocStringExtensions
   3527.1 ms  ✓ IterTools
   3940.6 ms  ✓ Statistics
   4174.2 ms  ✓ Serialization
   2506.5 ms  ✓ Future
   5375.0 ms  ✓ FillArrays
   3191.4 ms  ✓ SuiteSparse_jll
   5661.1 ms  ✓ Combinatorics
   2600.7 ms  ✓ PtrArrays
   2817.0 ms  ✓ StaticArraysCore
   3843.5 ms  ✓ Preferences
   4095.4 ms  ✓ Requires
   2360.6 ms  ✓ FillArrays → FillArraysStatisticsExt
   2774.6 ms  ✓ AliasTables
   4698.9 ms  ✓ LazyArtifacts
   8855.1 ms  ✓ Bessels
   9163.8 ms  ✓ ConstructionBase
   1986.6 ms  ✓ PrecompileTools
   2040.8 ms  ✓ JLLWrappers
   9455.5 ms  ✓ OrderedCollections
   2177.0 ms  ✓ ConstructionBase → ConstructionBaseLinearAlgebraExt
  12349.6 ms  ✓ IrrationalConstants
   8280.4 ms  ✓ Missings
   3306.6 ms  ✓ OpenSpecFun_jll
   3481.6 ms  ✓ Rmath_jll
   3424.4 ms  ✓ FFTW_jll
   8377.9 ms  ✓ Distances
   4775.2 ms  ✓ IntelOpenMP_jll
   1887.3 ms  ✓ LogExpFunctions
   4907.5 ms  ✓ oneTBB_jll
  10794.5 ms  ✓ InteractiveUtils
   2126.5 ms  ✓ Rmath
   5719.1 ms  ✓ RecipesBase
   5979.1 ms  ✓ DataStructures
  13340.0 ms  ✓ MacroTools
   1218.2 ms  ✓ SortingAlgorithms
   2691.6 ms  ✓ MKL_jll
   1802.3 ms  ✓ Setfield
   3153.8 ms  ✓ QuadGK
   4447.0 ms  ✓ SpecialFunctions
  13318.3 ms  ✓ SparseArrays
   1108.6 ms  ✓ SuiteSparse
   1272.3 ms  ✓ Statistics → SparseArraysExt
   1379.1 ms  ✓ Distances → DistancesSparseArraysExt
   1492.3 ms  ✓ FillArrays → FillArraysSparseArraysExt
   1895.1 ms  ✓ HypergeometricFunctions
   1543.8 ms  ✓ PDMats
   8107.8 ms  ✓ Test
   1456.2 ms  ✓ FillArrays → FillArraysPDMatsExt
   1941.9 ms  ✓ AbstractFFTs → AbstractFFTsTestExt
   4357.4 ms  ✓ StatsFuns
   5623.6 ms  ✓ StatsBase
  16689.5 ms  ✓ StaticArrays
   2296.0 ms  ✓ PDMats → StatsBaseExt
   2219.3 ms  ✓ ConstructionBase → ConstructionBaseStaticArraysExt
   2235.7 ms  ✓ FillArrays → FillArraysStaticArraysExt
   2289.2 ms  ✓ StaticArrays → StaticArraysStatisticsExt
  12845.2 ms  ✓ FFTW
   4230.2 ms  ✓ NearestNeighbors
    735.1 ms  ✓ Neighborhood
   5494.1 ms  ✓ Distributions
   1012.8 ms  ✓ Distributions → DistributionsTestExt
   1724.2 ms  ✓ StateSpaceSets
   2353.6 ms  ✓ DelayEmbeddings
  22511.0 ms  ✓ Polynomials
    747.7 ms  ✓ Polynomials → PolynomialsFFTWExt
   1992.7 ms  ✓ DSP
   2479.6 ms  ✓ Wavelets
   2964.0 ms  ✓ ComplexityMeasures
  75 dependencies successfully precompiled in 49 seconds. 26 already precompiled.
	Command being timed: "nice -n -10 timeout -k120 -v 3600 julia +1.12.5 --project=C/ComplexityMeasures/Nonlinear-Timeseries-Analysis -e using Pkg; @time @eval Pkg.precompile()"
	User time (seconds): 286.27
	System time (seconds): 21.56
	Percent of CPU this job got: 275%
	Elapsed (wall clock) time (h:mm:ss or m:ss): 1:51.86
	Average shared text size (kbytes): 0
	Average unshared data size (kbytes): 0
	Average stack size (kbytes): 0
	Average total size (kbytes): 0
	Maximum resident set size (kbytes): 2178996
	Average resident set size (kbytes): 0
	Major (requiring I/O) page faults: 478
	Minor (reclaiming a frame) page faults: 5831644
	Voluntary context switches: 17169
	Involuntary context switches: 15973
	Swaps: 0
	File system inputs: 0
	File system outputs: 698216
	Socket messages sent: 0
	Socket messages received: 0
	Signals delivered: 0
	Page size (bytes): 4096
	Exit status: 0
