nice: cannot set niceness: Permission denied
Precompiling packages...
   1438.9 ms  ✓ Logging
   1534.9 ms  ✓ Unicode
   1705.6 ms  ✓ Zlib_jll
   1735.8 ms  ✓ UUIDs
   1728.1 ms  ✓ MozillaCACerts_jll
   1775.7 ms  ✓ OpenSSL_jll
   1807.0 ms  ✓ Base64
   1813.6 ms  ✓ CompilerSupportLibraries_jll
   1808.9 ms  ✓ nghttp2_jll
   1859.8 ms  ✓ NetworkOptions
    522.3 ms  ✓ LibSSH2_jll
    801.9 ms  ✓ Printf
    538.5 ms  ✓ p7zip_jll
    471.5 ms  ✓ LibCURL_jll
    476.1 ms  ✓ LibGit2_jll
   3306.9 ms  ✓ ArgTools
    778.2 ms  ✓ LibCURL
    624.0 ms  ✓ Tar
   2951.1 ms  ✓ Dates
   2965.6 ms  ✓ LibGit2
    441.7 ms  ✓ TOML
   3086.9 ms  ✓ Downloads
   9287.0 ms  ✓ StyledStrings
   1640.4 ms  ✓ JuliaSyntaxHighlighting
   3795.9 ms  ✓ Markdown
  46379.4 ms  ✓ Pkg
  26 dependencies successfully precompiled in 61 seconds
Precompiling packages...
   2532.6 ms  ✓ Reexport
   2662.2 ms  ✓ OpenLibm_jll
   2843.8 ms  ✓ DataAPI
   2947.4 ms  ✓ StatsAPI
   3230.6 ms  ✓ AbstractTrees
   3262.7 ms  ✓ AbstractFFTs
   3355.1 ms  ✓ Statistics
   3466.6 ms  ✓ DocStringExtensions
   3741.1 ms  ✓ IterTools
   3965.0 ms  ✓ Serialization
   5267.9 ms  ✓ FillArrays
   2606.8 ms  ✓ Future
   2939.7 ms  ✓ SuiteSparse_jll
   2602.3 ms  ✓ PtrArrays
   5767.4 ms  ✓ Combinatorics
   2838.0 ms  ✓ StaticArraysCore
   1794.5 ms  ✓ FillArrays → FillArraysStatisticsExt
   3795.2 ms  ✓ Preferences
   2287.9 ms  ✓ AliasTables
   4503.8 ms  ✓ LazyArtifacts
   8665.6 ms  ✓ Bessels
   1822.9 ms  ✓ PrecompileTools
   8887.1 ms  ✓ OrderedCollections
   8960.0 ms  ✓ ConstructionBase
   2010.4 ms  ✓ JLLWrappers
   7060.5 ms  ✓ Missings
   2082.5 ms  ✓ ConstructionBase → ConstructionBaseLinearAlgebraExt
   2781.0 ms  ✓ OpenSpecFun_jll
  11859.9 ms  ✓ IrrationalConstants
   3001.9 ms  ✓ Rmath_jll
   3075.8 ms  ✓ FFTW_jll
   8401.5 ms  ✓ Distances
   3991.2 ms  ✓ IntelOpenMP_jll
   9711.9 ms  ✓ InteractiveUtils
   4125.0 ms  ✓ oneTBB_jll
   1426.7 ms  ✓ LogExpFunctions
   1618.6 ms  ✓ Rmath
   5009.9 ms  ✓ DataStructures
  12170.9 ms  ✓ MacroTools
   1298.3 ms  ✓ SortingAlgorithms
   2481.6 ms  ✓ MKL_jll
   1736.1 ms  ✓ Setfield
   3267.7 ms  ✓ QuadGK
   4193.7 ms  ✓ SpecialFunctions
  12060.5 ms  ✓ SparseArrays
   1142.8 ms  ✓ Distances → DistancesSparseArraysExt
   1200.5 ms  ✓ SuiteSparse
   1253.2 ms  ✓ FillArrays → FillArraysSparseArraysExt
   1470.4 ms  ✓ Statistics → SparseArraysExt
   1768.1 ms  ✓ HypergeometricFunctions
   1724.8 ms  ✓ PDMats
   7961.7 ms  ✓ Test
   1103.0 ms  ✓ FillArrays → FillArraysPDMatsExt
   2029.8 ms  ✓ AbstractFFTs → AbstractFFTsTestExt
   4051.6 ms  ✓ StatsFuns
  16004.6 ms  ✓ StaticArrays
   5973.9 ms  ✓ StatsBase
   2022.8 ms  ✓ FillArrays → FillArraysStaticArraysExt
   2292.6 ms  ✓ StaticArrays → StaticArraysStatisticsExt
   2346.6 ms  ✓ ConstructionBase → ConstructionBaseStaticArraysExt
   2457.6 ms  ✓ PDMats → StatsBaseExt
  12742.5 ms  ✓ FFTW
   4165.6 ms  ✓ NearestNeighbors
    762.5 ms  ✓ Neighborhood
   4679.7 ms  ✓ Distributions
    968.9 ms  ✓ Distributions → DistributionsTestExt
   1676.3 ms  ✓ StateSpaceSets
   2331.1 ms  ✓ DelayEmbeddings
  22339.5 ms  ✓ Polynomials
    719.2 ms  ✓ Polynomials → PolynomialsFFTWExt
   1957.5 ms  ✓ DSP
   2455.7 ms  ✓ Wavelets
   2944.4 ms  ✓ ComplexityMeasures
  73 dependencies successfully precompiled in 48 seconds. 26 already precompiled.
	Command being timed: "nice -n -10 timeout -k120 -v 3600 julia +1.12.5 --project=C/ComplexityMeasures/Nonlinear-Timeseries-Analysis -e using Pkg; @time @eval Pkg.precompile()"
	User time (seconds): 281.51
	System time (seconds): 20.87
	Percent of CPU this job got: 274%
	Elapsed (wall clock) time (h:mm:ss or m:ss): 1:49.97
	Average shared text size (kbytes): 0
	Average unshared data size (kbytes): 0
	Average stack size (kbytes): 0
	Average total size (kbytes): 0
	Maximum resident set size (kbytes): 2166760
	Average resident set size (kbytes): 0
	Major (requiring I/O) page faults: 429
	Minor (reclaiming a frame) page faults: 5746325
	Voluntary context switches: 16468
	Involuntary context switches: 14671
	Swaps: 0
	File system inputs: 0
	File system outputs: 692168
	Socket messages sent: 0
	Socket messages received: 0
	Signals delivered: 0
	Page size (bytes): 4096
	Exit status: 0
