nice: cannot set niceness: Permission denied
Precompiling packages...
   1553.9 ms  ✓ Logging
   1628.2 ms  ✓ UUIDs
   1656.9 ms  ✓ CompilerSupportLibraries_jll
   1730.7 ms  ✓ MozillaCACerts_jll
   1747.8 ms  ✓ Zlib_jll
   1787.2 ms  ✓ OpenSSL_jll
   1833.2 ms  ✓ Unicode
   1838.9 ms  ✓ NetworkOptions
   1852.7 ms  ✓ Base64
   1850.3 ms  ✓ nghttp2_jll
    519.3 ms  ✓ LibSSH2_jll
    629.0 ms  ✓ p7zip_jll
    629.9 ms  ✓ Printf
    460.6 ms  ✓ LibGit2_jll
    459.1 ms  ✓ LibCURL_jll
   3273.5 ms  ✓ ArgTools
    742.4 ms  ✓ LibCURL
    658.1 ms  ✓ Tar
   2885.1 ms  ✓ Dates
    480.4 ms  ✓ TOML
   3103.4 ms  ✓ LibGit2
   3072.7 ms  ✓ Downloads
   9473.9 ms  ✓ StyledStrings
   1691.1 ms  ✓ JuliaSyntaxHighlighting
   3938.9 ms  ✓ Markdown
  47724.9 ms  ✓ Pkg
  26 dependencies successfully precompiled in 63 seconds
Precompiling packages...
   2508.6 ms  ✓ Reexport
   2617.5 ms  ✓ OpenLibm_jll
   2787.2 ms  ✓ CommonSolve
   3121.5 ms  ✓ InverseFunctions
   3219.3 ms  ✓ AbstractFFTs
   3407.3 ms  ✓ Statistics
   3423.7 ms  ✓ VectorInterface
   3506.7 ms  ✓ AbstractTrees
   3703.6 ms  ✓ DocStringExtensions
   3890.0 ms  ✓ Serialization
   2704.8 ms  ✓ DataAPI
   2692.6 ms  ✓ StatsAPI
   2501.6 ms  ✓ PackageExtensionCompat
   5619.7 ms  ✓ FillArrays
   5893.6 ms  ✓ Combinatorics
   2395.6 ms  ✓ Future
   2501.5 ms  ✓ CompositionsBase
   2810.5 ms  ✓ SuiteSparse_jll
   2508.6 ms  ✓ PtrArrays
   3391.0 ms  ✓ IterTools
   3041.9 ms  ✓ StaticArraysCore
   2500.2 ms  ✓ InverseFunctions → InverseFunctionsDatesExt
   2591.0 ms  ✓ FillArrays → FillArraysStatisticsExt
   2496.5 ms  ✓ CompositionsBase → CompositionsBaseInverseFunctionsExt
   3807.2 ms  ✓ Preferences
   2594.6 ms  ✓ AliasTables
   9623.6 ms  ✓ Bessels
   9900.6 ms  ✓ ConstructionBase
  10214.5 ms  ✓ OrderedCollections
   4308.7 ms  ✓ LazyArtifacts
   1808.1 ms  ✓ PrecompileTools
   1991.7 ms  ✓ JLLWrappers
   1997.8 ms  ✓ ConstructionBase → ConstructionBaseLinearAlgebraExt
   6900.1 ms  ✓ KrylovKit
  12866.5 ms  ✓ IrrationalConstants
   7921.6 ms  ✓ Missings
   2879.0 ms  ✓ OpenSpecFun_jll
   8612.2 ms  ✓ Distances
   2909.7 ms  ✓ Rmath_jll
   3182.4 ms  ✓ FFTW_jll
   1904.9 ms  ✓ LogExpFunctions
   3896.5 ms  ✓ oneTBB_jll
   4163.3 ms  ✓ IntelOpenMP_jll
  10226.7 ms  ✓ InteractiveUtils
   1679.7 ms  ✓ Rmath
   5431.8 ms  ✓ DataStructures
    927.3 ms  ✓ LogExpFunctions → LogExpFunctionsInverseFunctionsExt
  13105.4 ms  ✓ MacroTools
   1370.5 ms  ✓ SortingAlgorithms
   2737.3 ms  ✓ MKL_jll
   2285.1 ms  ✓ Setfield
   3907.0 ms  ✓ QuadGK
   5022.3 ms  ✓ SpecialFunctions
  13347.3 ms  ✓ SparseArrays
   1247.7 ms  ✓ SuiteSparse
   1359.2 ms  ✓ Statistics → SparseArraysExt
   1531.4 ms  ✓ FillArrays → FillArraysSparseArraysExt
   1752.2 ms  ✓ Distances → DistancesSparseArraysExt
   2459.8 ms  ✓ HypergeometricFunctions
   1801.3 ms  ✓ PDMats
   6408.3 ms  ✓ Accessors
   1479.3 ms  ✓ Accessors → LinearAlgebraExt
   1894.0 ms  ✓ FillArrays → FillArraysPDMatsExt
   9393.9 ms  ✓ Test
   1399.0 ms  ✓ Accessors → TestExt
   1615.4 ms  ✓ InverseFunctions → InverseFunctionsTestExt
   5530.8 ms  ✓ StatsFuns
   3353.8 ms  ✓ AbstractFFTs → AbstractFFTsTestExt
   7110.6 ms  ✓ StatsBase
   1392.5 ms  ✓ StatsFuns → StatsFunsInverseFunctionsExt
  18656.4 ms  ✓ StaticArrays
   2871.0 ms  ✓ PDMats → StatsBaseExt
   2804.0 ms  ✓ VectorInterface → VectorInterfaceStaticArraysExt
   2920.5 ms  ✓ StaticArrays → StaticArraysStatisticsExt
   3003.4 ms  ✓ ConstructionBase → ConstructionBaseStaticArraysExt
   3097.5 ms  ✓ Accessors → StaticArraysExt
   3127.3 ms  ✓ FillArrays → FillArraysStaticArraysExt
  16037.5 ms  ✓ FFTW
   9869.8 ms  ✓ Roots
   4529.8 ms  ✓ NearestNeighbors
    725.0 ms  ✓ Neighborhood
   4436.3 ms  ✓ Distributions
   1758.7 ms  ✓ StateSpaceSets
   1056.7 ms  ✓ Distributions → DistributionsTestExt
   2454.4 ms  ✓ DelayEmbeddings
  25629.1 ms  ✓ Polynomials
    718.6 ms  ✓ Polynomials → PolynomialsFFTWExt
   2022.9 ms  ✓ DSP
   2502.1 ms  ✓ Wavelets
   3020.1 ms  ✓ ComplexityMeasures
  90 dependencies successfully precompiled in 54 seconds. 26 already precompiled.
	Command being timed: "nice -n -10 timeout -k120 -v 3600 julia +1.12.6 --project=C/ComplexityMeasures/Nonlinear-Timeseries-Analysis -e using Pkg; @time @eval Pkg.precompile()"
	User time (seconds): 308.38
	System time (seconds): 23.74
	Percent of CPU this job got: 282%
	Elapsed (wall clock) time (h:mm:ss or m:ss): 1:57.66
	Average shared text size (kbytes): 0
	Average unshared data size (kbytes): 0
	Average stack size (kbytes): 0
	Average total size (kbytes): 0
	Maximum resident set size (kbytes): 2170656
	Average resident set size (kbytes): 0
	Major (requiring I/O) page faults: 361
	Minor (reclaiming a frame) page faults: 6442388
	Voluntary context switches: 18717
	Involuntary context switches: 19234
	Swaps: 0
	File system inputs: 0
	File system outputs: 725272
	Socket messages sent: 0
	Socket messages received: 0
	Signals delivered: 0
	Page size (bytes): 4096
	Exit status: 0
