nice: cannot set niceness: Permission denied
Precompiling packages...
    475.0 ms  ✓ Reexport
    526.6 ms  ✓ DataAPI
    631.1 ms  ✓ ConstructionBase
    658.7 ms  ✓ Statistics
    506.2 ms  ✓ StaticArraysCore
    473.2 ms  ✓ StatsAPI
    847.6 ms  ✓ SuiteSparse_jll
   1377.3 ms  ✓ IrrationalConstants
    815.4 ms  ✓ Requires
    496.1 ms  ✓ Future
    678.1 ms  ✓ OrderedCollections
    639.9 ms  ✓ DocStringExtensions
    704.8 ms  ✓ Serialization
   1865.3 ms  ✓ Bessels
    679.7 ms  ✓ IterTools
    643.4 ms  ✓ AbstractTrees
    583.6 ms  ✓ AbstractFFTs
   1013.2 ms  ✓ Combinatorics
    661.1 ms  ✓ OpenLibm_jll
    438.5 ms  ✓ PtrArrays
   1062.2 ms  ✓ FillArrays
    916.5 ms  ✓ LazyArtifacts
    647.3 ms  ✓ Missings
   1347.4 ms  ✓ InteractiveUtils
    579.5 ms  ✓ ConstructionBase → ConstructionBaseLinearAlgebraExt
   5679.0 ms  ✓ MacroTools
    866.5 ms  ✓ Distances
    692.1 ms  ✓ LogExpFunctions
   2231.8 ms  ✓ Preferences
    523.0 ms  ✓ AliasTables
    459.1 ms  ✓ FillArrays → FillArraysStatisticsExt
   1850.3 ms  ✓ DataStructures
    563.9 ms  ✓ JLLWrappers
    479.0 ms  ✓ PrecompileTools
    567.5 ms  ✓ SortingAlgorithms
   1416.6 ms  ✓ Setfield
    918.7 ms  ✓ QuadGK
   1065.1 ms  ✓ IntelOpenMP_jll
   1129.2 ms  ✓ oneTBB_jll
    689.1 ms  ✓ FFTW_jll
    670.4 ms  ✓ Rmath_jll
    667.2 ms  ✓ OpenSpecFun_jll
   4195.8 ms  ✓ SparseArrays
    732.0 ms  ✓ Rmath
   1207.6 ms  ✓ MKL_jll
   1997.1 ms  ✓ RecipesBase
    607.0 ms  ✓ Statistics → SparseArraysExt
    560.9 ms  ✓ SuiteSparse
    628.7 ms  ✓ FillArrays → FillArraysSparseArraysExt
    552.7 ms  ✓ Distances → DistancesSparseArraysExt
   2405.2 ms  ✓ SpecialFunctions
   9364.5 ms  ✓ Test
   2811.1 ms  ✓ StatsBase
    815.1 ms  ✓ PDMats
    998.2 ms  ✓ HypergeometricFunctions
    601.1 ms  ✓ PDMats → StatsBaseExt
   1311.6 ms  ✓ AbstractFFTs → AbstractFFTsTestExt
    619.8 ms  ✓ FillArrays → FillArraysPDMatsExt
   1656.9 ms  ✓ StatsFuns
  14261.8 ms  ✓ StaticArrays
  12415.2 ms  ✓ FFTW
    714.1 ms  ✓ ConstructionBase → ConstructionBaseStaticArraysExt
    720.2 ms  ✓ StaticArrays → StaticArraysStatisticsExt
   5332.6 ms  ✓ Distributions
    559.5 ms  ✓ FillArrays → FillArraysStaticArraysExt
   1034.3 ms  ✓ Distributions → DistributionsTestExt
   3858.0 ms  ✓ NearestNeighbors
    749.5 ms  ✓ Neighborhood
    788.8 ms  ✓ StateSpaceSets
   1500.9 ms  ✓ DelayEmbeddings
  20627.2 ms  ✓ Polynomials
    718.0 ms  ✓ Polynomials → PolynomialsFFTWExt
   2057.5 ms  ✓ DSP
   1582.3 ms  ✓ Wavelets
   2876.6 ms  ✓ ComplexityMeasures
  75 dependencies successfully precompiled in 40 seconds. 27 already precompiled.
	Command being timed: "nice -n -10 timeout -k120 -v 3600 julia +alpha --project=C/ComplexityMeasures/Nonlinear-Timeseries-Analysis -e using Pkg; @time @eval Pkg.precompile()"
	User time (seconds): 268.03
	System time (seconds): 18.00
	Percent of CPU this job got: 214%
	Elapsed (wall clock) time (h:mm:ss or m:ss): 2:13.23
	Average shared text size (kbytes): 0
	Average unshared data size (kbytes): 0
	Average stack size (kbytes): 0
	Average total size (kbytes): 0
	Maximum resident set size (kbytes): 2799772
	Average resident set size (kbytes): 0
	Major (requiring I/O) page faults: 440
	Minor (reclaiming a frame) page faults: 6552822
	Voluntary context switches: 18174
	Involuntary context switches: 5586
	Swaps: 0
	File system inputs: 0
	File system outputs: 722368
	Socket messages sent: 0
	Socket messages received: 0
	Signals delivered: 0
	Page size (bytes): 4096
	Exit status: 0
