nice: cannot set niceness: Permission denied
Precompiling packages...
   1669.0 ms  ✓ OpenSSL_jll
   1639.3 ms  ✓ UUIDs
   1705.5 ms  ✓ NetworkOptions
   1706.0 ms  ✓ Logging
   1716.8 ms  ✓ CompilerSupportLibraries_jll
   1715.2 ms  ✓ MozillaCACerts_jll
   1734.6 ms  ✓ Zlib_jll
   1756.7 ms  ✓ Unicode
   1826.7 ms  ✓ nghttp2_jll
   1844.6 ms  ✓ Base64
    577.5 ms  ✓ LibSSH2_jll
    606.7 ms  ✓ p7zip_jll
    699.8 ms  ✓ Printf
    493.8 ms  ✓ LibGit2_jll
    494.0 ms  ✓ LibCURL_jll
   3168.2 ms  ✓ ArgTools
    745.1 ms  ✓ LibCURL
    651.5 ms  ✓ Tar
   2931.0 ms  ✓ Dates
   3036.6 ms  ✓ LibGit2
    454.0 ms  ✓ TOML
   2984.7 ms  ✓ Downloads
   9248.9 ms  ✓ StyledStrings
   1624.6 ms  ✓ JuliaSyntaxHighlighting
   3713.1 ms  ✓ Markdown
  46287.3 ms  ✓ Pkg
  26 dependencies successfully precompiled in 61 seconds
Precompiling packages...
   2458.9 ms  ✓ Reexport
   2567.6 ms  ✓ OpenLibm_jll
   2756.8 ms  ✓ DataAPI
   3143.8 ms  ✓ StatsAPI
   3362.2 ms  ✓ AbstractFFTs
   3527.9 ms  ✓ SuiteSparse_jll
   3638.2 ms  ✓ Statistics
   3641.6 ms  ✓ DocStringExtensions
   3763.0 ms  ✓ Serialization
   3753.3 ms  ✓ IterTools
   2594.4 ms  ✓ Future
   2599.7 ms  ✓ PtrArrays
   5467.6 ms  ✓ FillArrays
   5773.4 ms  ✓ Combinatorics
   3194.4 ms  ✓ StaticArraysCore
   3703.4 ms  ✓ Preferences
   4192.5 ms  ✓ Requires
   2595.7 ms  ✓ FillArrays → FillArraysStatisticsExt
   2697.8 ms  ✓ AliasTables
   4994.6 ms  ✓ LazyArtifacts
   8758.6 ms  ✓ ConstructionBase
   9074.3 ms  ✓ Bessels
   1988.5 ms  ✓ PrecompileTools
   2306.1 ms  ✓ JLLWrappers
   9676.2 ms  ✓ OrderedCollections
   2082.2 ms  ✓ ConstructionBase → ConstructionBaseLinearAlgebraExt
   7697.4 ms  ✓ Missings
  12268.8 ms  ✓ IrrationalConstants
   2991.9 ms  ✓ Rmath_jll
   3092.6 ms  ✓ OpenSpecFun_jll
   3191.1 ms  ✓ FFTW_jll
   9117.1 ms  ✓ Distances
  10323.1 ms  ✓ InteractiveUtils
   1900.4 ms  ✓ LogExpFunctions
   5136.2 ms  ✓ RecipesBase
   4876.0 ms  ✓ IntelOpenMP_jll
   4992.1 ms  ✓ oneTBB_jll
   2086.1 ms  ✓ Rmath
   5668.2 ms  ✓ DataStructures
  13004.0 ms  ✓ MacroTools
   1015.9 ms  ✓ SortingAlgorithms
   2308.7 ms  ✓ MKL_jll
   1839.9 ms  ✓ Setfield
   2859.9 ms  ✓ QuadGK
   4133.3 ms  ✓ SpecialFunctions
  13495.8 ms  ✓ SparseArrays
   1201.6 ms  ✓ SuiteSparse
   1233.9 ms  ✓ Statistics → SparseArraysExt
   1414.5 ms  ✓ Distances → DistancesSparseArraysExt
   1862.1 ms  ✓ HypergeometricFunctions
   1519.9 ms  ✓ FillArrays → FillArraysSparseArraysExt
   7711.9 ms  ✓ Test
   2028.6 ms  ✓ PDMats
    890.3 ms  ✓ FillArrays → FillArraysPDMatsExt
   1994.0 ms  ✓ AbstractFFTs → AbstractFFTsTestExt
   4011.5 ms  ✓ StatsFuns
  16511.8 ms  ✓ StaticArrays
   6043.3 ms  ✓ StatsBase
   1512.0 ms  ✓ StaticArrays → StaticArraysStatisticsExt
   2291.3 ms  ✓ ConstructionBase → ConstructionBaseStaticArraysExt
   2213.3 ms  ✓ PDMats → StatsBaseExt
  12134.6 ms  ✓ FFTW
   4239.6 ms  ✓ NearestNeighbors
    706.7 ms  ✓ Neighborhood
   4721.2 ms  ✓ Distributions
   1000.2 ms  ✓ Distributions → DistributionsTestExt
   1753.4 ms  ✓ StateSpaceSets
   2324.3 ms  ✓ DelayEmbeddings
  22006.2 ms  ✓ Polynomials
    732.0 ms  ✓ Polynomials → PolynomialsFFTWExt
   2023.4 ms  ✓ DSP
   2373.7 ms  ✓ Wavelets
   2984.1 ms  ✓ ComplexityMeasures
  73 dependencies successfully precompiled in 49 seconds. 26 already precompiled.
	Command being timed: "nice -n -10 timeout -k120 -v 3600 julia +1.12.2 --project=C/ComplexityMeasures/Nonlinear-Timeseries-Analysis -e using Pkg; @time @eval Pkg.precompile()"
	User time (seconds): 281.48
	System time (seconds): 21.83
	Percent of CPU this job got: 274%
	Elapsed (wall clock) time (h:mm:ss or m:ss): 1:50.48
	Average shared text size (kbytes): 0
	Average unshared data size (kbytes): 0
	Average stack size (kbytes): 0
	Average total size (kbytes): 0
	Maximum resident set size (kbytes): 2166784
	Average resident set size (kbytes): 0
	Major (requiring I/O) page faults: 353
	Minor (reclaiming a frame) page faults: 5807026
	Voluntary context switches: 16359
	Involuntary context switches: 13948
	Swaps: 0
	File system inputs: 0
	File system outputs: 692032
	Socket messages sent: 0
	Socket messages received: 0
	Signals delivered: 0
	Page size (bytes): 4096
	Exit status: 0
