nice: cannot set niceness: Permission denied
Precompiling packages...
   1525.1 ms  ✓ UUIDs
   1604.9 ms  ✓ Logging
   1604.4 ms  ✓ Zlib_jll
   1610.0 ms  ✓ Unicode
   1706.1 ms  ✓ MozillaCACerts_jll
   1753.5 ms  ✓ OpenSSL_jll
   1727.6 ms  ✓ CompilerSupportLibraries_jll
   1741.3 ms  ✓ NetworkOptions
   1807.9 ms  ✓ nghttp2_jll
   1828.7 ms  ✓ Base64
    498.1 ms  ✓ LibSSH2_jll
    697.8 ms  ✓ Printf
    588.7 ms  ✓ p7zip_jll
    460.2 ms  ✓ LibCURL_jll
    466.5 ms  ✓ LibGit2_jll
   3244.3 ms  ✓ ArgTools
    768.1 ms  ✓ LibCURL
    643.8 ms  ✓ Tar
   2895.7 ms  ✓ Dates
    447.4 ms  ✓ TOML
   3065.8 ms  ✓ LibGit2
   3058.3 ms  ✓ Downloads
   9160.7 ms  ✓ StyledStrings
   1634.7 ms  ✓ JuliaSyntaxHighlighting
   3788.6 ms  ✓ Markdown
  46084.0 ms  ✓ Pkg
  26 dependencies successfully precompiled in 61 seconds
Precompiling packages...
   2408.0 ms  ✓ OpenLibm_jll
   2417.8 ms  ✓ Reexport
   2499.9 ms  ✓ StatsAPI
   2795.4 ms  ✓ DataAPI
   3401.3 ms  ✓ AbstractFFTs
   3601.9 ms  ✓ AbstractTrees
   3598.8 ms  ✓ Statistics
   3617.1 ms  ✓ DocStringExtensions
   3692.8 ms  ✓ IterTools
   4118.2 ms  ✓ Serialization
   2597.8 ms  ✓ Future
   2821.8 ms  ✓ SuiteSparse_jll
   2503.6 ms  ✓ PtrArrays
   5829.8 ms  ✓ Combinatorics
   5921.9 ms  ✓ FillArrays
   2722.7 ms  ✓ StaticArraysCore
   3501.7 ms  ✓ Preferences
   1598.0 ms  ✓ FillArrays → FillArraysStatisticsExt
   2289.6 ms  ✓ AliasTables
   4070.1 ms  ✓ LazyArtifacts
   8800.6 ms  ✓ ConstructionBase
   8830.5 ms  ✓ OrderedCollections
   1821.9 ms  ✓ PrecompileTools
   9201.8 ms  ✓ Bessels
   2105.3 ms  ✓ JLLWrappers
   1979.1 ms  ✓ ConstructionBase → ConstructionBaseLinearAlgebraExt
   7600.5 ms  ✓ Missings
   2592.0 ms  ✓ OpenSpecFun_jll
  11919.7 ms  ✓ IrrationalConstants
   2778.5 ms  ✓ Rmath_jll
   2890.9 ms  ✓ FFTW_jll
   8206.8 ms  ✓ Distances
   3892.8 ms  ✓ oneTBB_jll
   3903.8 ms  ✓ IntelOpenMP_jll
   1463.2 ms  ✓ LogExpFunctions
   1529.9 ms  ✓ Rmath
  10037.2 ms  ✓ InteractiveUtils
   4909.7 ms  ✓ DataStructures
  12414.8 ms  ✓ MacroTools
   1265.6 ms  ✓ SortingAlgorithms
   2471.6 ms  ✓ MKL_jll
   1763.0 ms  ✓ Setfield
   3313.9 ms  ✓ QuadGK
  12167.4 ms  ✓ SparseArrays
   4104.4 ms  ✓ SpecialFunctions
   1097.6 ms  ✓ SuiteSparse
   1201.3 ms  ✓ Statistics → SparseArraysExt
   1314.5 ms  ✓ Distances → DistancesSparseArraysExt
   1334.1 ms  ✓ FillArrays → FillArraysSparseArraysExt
   1993.8 ms  ✓ HypergeometricFunctions
   1429.3 ms  ✓ PDMats
   7362.2 ms  ✓ Test
   1495.0 ms  ✓ FillArrays → FillArraysPDMatsExt
   1836.5 ms  ✓ AbstractFFTs → AbstractFFTsTestExt
   4395.9 ms  ✓ StatsFuns
   5928.9 ms  ✓ StatsBase
  16106.6 ms  ✓ StaticArrays
   2497.9 ms  ✓ PDMats → StatsBaseExt
   2123.6 ms  ✓ ConstructionBase → ConstructionBaseStaticArraysExt
   2382.6 ms  ✓ StaticArrays → StaticArraysStatisticsExt
   2624.9 ms  ✓ FillArrays → FillArraysStaticArraysExt
  12804.6 ms  ✓ FFTW
   3912.2 ms  ✓ NearestNeighbors
    719.5 ms  ✓ Neighborhood
   5038.1 ms  ✓ Distributions
    972.6 ms  ✓ Distributions → DistributionsTestExt
   1674.8 ms  ✓ StateSpaceSets
   2309.8 ms  ✓ DelayEmbeddings
  22026.1 ms  ✓ Polynomials
    714.9 ms  ✓ Polynomials → PolynomialsFFTWExt
   1953.8 ms  ✓ DSP
   2430.3 ms  ✓ Wavelets
   2906.6 ms  ✓ ComplexityMeasures
  73 dependencies successfully precompiled in 47 seconds. 26 already precompiled.
	Command being timed: "nice -n -10 timeout -k120 -v 3600 julia +1.12.5 --project=C/ComplexityMeasures/Nonlinear-Timeseries-Analysis -e using Pkg; @time @eval Pkg.precompile()"
	User time (seconds): 279.23
	System time (seconds): 20.84
	Percent of CPU this job got: 275%
	Elapsed (wall clock) time (h:mm:ss or m:ss): 1:48.96
	Average shared text size (kbytes): 0
	Average unshared data size (kbytes): 0
	Average stack size (kbytes): 0
	Average total size (kbytes): 0
	Maximum resident set size (kbytes): 2171088
	Average resident set size (kbytes): 0
	Major (requiring I/O) page faults: 467
	Minor (reclaiming a frame) page faults: 5721347
	Voluntary context switches: 17577
	Involuntary context switches: 14749
	Swaps: 0
	File system inputs: 0
	File system outputs: 690736
	Socket messages sent: 0
	Socket messages received: 0
	Signals delivered: 0
	Page size (bytes): 4096
	Exit status: 0
