nice: cannot set niceness: Permission denied
Precompiling packages...
   1975.6 ms  ✓ Reexport
   1953.1 ms  ✓ LazyArtifacts
   1995.1 ms  ✓ OpenLibm_jll
   2040.4 ms  ✓ StatsAPI
   2148.4 ms  ✓ CompilerSupportLibraries_jll
   2261.2 ms  ✓ DataAPI
   2462.9 ms  ✓ ConstructionBase
   2499.9 ms  ✓ Requires
   2784.8 ms  ✓ AbstractFFTs
   2804.3 ms  ✓ OrderedCollections
   2889.6 ms  ✓ DocStringExtensions
   2958.6 ms  ✓ IterTools
   1415.5 ms  ✓ PtrArrays
   3845.7 ms  ✓ Combinatorics
   1796.7 ms  ✓ SuiteSparse_jll
   1802.2 ms  ✓ StaticArraysCore
   3996.0 ms  ✓ FillArrays
   1511.0 ms  ✓ ConstructionBase → ConstructionBaseLinearAlgebraExt
   1606.6 ms  ✓ Missings
   2120.5 ms  ✓ Preferences
   4490.8 ms  ✓ IrrationalConstants
   1219.0 ms  ✓ AliasTables
    798.6 ms  ✓ PrecompileTools
    997.1 ms  ✓ JLLWrappers
   5485.8 ms  ✓ Bessels
   1505.9 ms  ✓ LogExpFunctions
   1504.6 ms  ✓ FFTW_jll
   1596.4 ms  ✓ Rmath_jll
   1596.3 ms  ✓ OpenSpecFun_jll
   1607.1 ms  ✓ oneTBB_jll
   1708.7 ms  ✓ IntelOpenMP_jll
   5220.5 ms  ✓ MacroTools
   4521.9 ms  ✓ DataStructures
   1768.3 ms  ✓ MKL_jll
   3680.1 ms  ✓ RecipesBase
   1701.5 ms  ✓ SortingAlgorithms
   2125.3 ms  ✓ Rmath
   7279.9 ms  ✓ Test
   2298.5 ms  ✓ QuadGK
   2576.4 ms  ✓ Setfield
   1108.2 ms  ✓ AbstractFFTs → AbstractFFTsTestExt
   6700.9 ms  ✓ SparseArrays
   4000.5 ms  ✓ SpecialFunctions
    617.1 ms  ✓ SuiteSparse
    785.1 ms  ✓ FillArrays → FillArraysSparseArraysExt
    841.9 ms  ✓ Statistics
    859.1 ms  ✓ FillArrays → FillArraysStatisticsExt
   1102.8 ms  ✓ PDMats
   1306.9 ms  ✓ HypergeometricFunctions
   1198.8 ms  ✓ Distances
    700.0 ms  ✓ FillArrays → FillArraysPDMatsExt
    654.1 ms  ✓ Distances → DistancesSparseArraysExt
   3172.1 ms  ✓ StatsBase
   3004.1 ms  ✓ StatsFuns
   1804.2 ms  ✓ PDMats → StatsBaseExt
   8498.6 ms  ✓ FFTW
  12306.3 ms  ✓ StaticArrays
    424.8 ms  ✓ ConstructionBase → ConstructionBaseStaticArraysExt
    542.5 ms  ✓ StaticArrays → StaticArraysStatisticsExt
   4293.8 ms  ✓ Distributions
   2846.1 ms  ✓ NearestNeighbors
    848.9 ms  ✓ Distributions → DistributionsTestExt
    694.7 ms  ✓ Neighborhood
    737.7 ms  ✓ StateSpaceSets
   1281.5 ms  ✓ DelayEmbeddings
  16769.2 ms  ✓ Polynomials
    652.8 ms  ✓ Polynomials → PolynomialsFFTWExt
   1742.4 ms  ✓ DSP
   1412.6 ms  ✓ Wavelets
   2190.1 ms  ✓ ComplexityMeasures
  70 dependencies successfully precompiled in 34 seconds
	Command being timed: "nice -n -10 timeout -k120 -v 3600 julia +lts --project=C/ComplexityMeasures/Nonlinear-Timeseries-Analysis -e using Pkg; @time @eval Pkg.precompile()"
	User time (seconds): 104.46
	System time (seconds): 13.08
	Percent of CPU this job got: 338%
	Elapsed (wall clock) time (h:mm:ss or m:ss): 0:34.68
	Average shared text size (kbytes): 0
	Average unshared data size (kbytes): 0
	Average stack size (kbytes): 0
	Average total size (kbytes): 0
	Maximum resident set size (kbytes): 920796
	Average resident set size (kbytes): 0
	Major (requiring I/O) page faults: 197
	Minor (reclaiming a frame) page faults: 3328101
	Voluntary context switches: 93372
	Involuntary context switches: 16745
	Swaps: 0
	File system inputs: 0
	File system outputs: 376712
	Socket messages sent: 0
	Socket messages received: 0
	Signals delivered: 0
	Page size (bytes): 4096
	Exit status: 0
