nice: cannot set niceness: Permission denied
Precompiling packages...
   1713.7 ms  ✓ Zlib_jll
   1730.7 ms  ✓ CompilerSupportLibraries_jll
   1842.0 ms  ✓ OpenSSL_jll
   1797.1 ms  ✓ Logging
   1808.9 ms  ✓ UUIDs
   1834.8 ms  ✓ MozillaCACerts_jll
   1921.0 ms  ✓ Unicode
   1920.0 ms  ✓ nghttp2_jll
   2013.8 ms  ✓ NetworkOptions
   2006.2 ms  ✓ Base64
    556.5 ms  ✓ LibSSH2_jll
    718.6 ms  ✓ p7zip_jll
    688.0 ms  ✓ Printf
    483.5 ms  ✓ LibGit2_jll
    490.0 ms  ✓ LibCURL_jll
   3550.2 ms  ✓ ArgTools
    869.3 ms  ✓ LibCURL
    699.2 ms  ✓ Tar
   3112.6 ms  ✓ Dates
   3234.7 ms  ✓ LibGit2
    462.2 ms  ✓ TOML
   3199.3 ms  ✓ Downloads
  10069.9 ms  ✓ StyledStrings
   1793.3 ms  ✓ JuliaSyntaxHighlighting
   4717.2 ms  ✓ Markdown
  54928.1 ms  ✓ Pkg
  26 dependencies successfully precompiled in 72 seconds
Precompiling packages...
   2420.1 ms  ✓ OpenLibm_jll
   2599.7 ms  ✓ DataAPI
   3218.1 ms  ✓ AbstractFFTs
   3303.9 ms  ✓ InverseFunctions
   3318.3 ms  ✓ Reexport
   3316.8 ms  ✓ AbstractTrees
   3477.0 ms  ✓ DocStringExtensions
   3617.6 ms  ✓ VectorInterface
   3610.0 ms  ✓ Statistics
   3726.7 ms  ✓ Serialization
   2510.3 ms  ✓ PackageExtensionCompat
   5233.2 ms  ✓ FillArrays
   3004.1 ms  ✓ StatsAPI
   2497.1 ms  ✓ Future
   2752.9 ms  ✓ CompositionsBase
   2892.0 ms  ✓ PtrArrays
   3403.5 ms  ✓ SuiteSparse_jll
   3602.1 ms  ✓ IterTools
   6927.2 ms  ✓ Combinatorics
   4002.4 ms  ✓ StaticArraysCore
   4397.9 ms  ✓ Gamma
   3028.2 ms  ✓ InverseFunctions → InverseFunctionsDatesExt
   2713.3 ms  ✓ FillArrays → FillArraysStatisticsExt
   2608.2 ms  ✓ CompositionsBase → CompositionsBaseInverseFunctionsExt
   4396.1 ms  ✓ Preferences
  10506.8 ms  ✓ Bessels
   5184.9 ms  ✓ LazyArtifacts
  10824.2 ms  ✓ OrderedCollections
   3105.4 ms  ✓ AliasTables
  11501.6 ms  ✓ ConstructionBase
   2116.1 ms  ✓ PrecompileTools
   2499.5 ms  ✓ JLLWrappers
   4706.5 ms  ✓ HypergeometricFunctions
   2301.5 ms  ✓ ConstructionBase → ConstructionBaseLinearAlgebraExt
  14398.1 ms  ✓ IrrationalConstants
   2784.4 ms  ✓ CommonSolve
   8163.6 ms  ✓ KrylovKit
   9026.3 ms  ✓ Missings
   3312.6 ms  ✓ Rmath_jll
   3299.0 ms  ✓ FFTW_jll
   9485.9 ms  ✓ Distances
   2615.4 ms  ✓ OpenSpecFun_jll
   2209.4 ms  ✓ LogExpFunctions
  11889.3 ms  ✓ InteractiveUtils
   6492.4 ms  ✓ DataStructures
   5619.5 ms  ✓ oneTBB_jll
   2411.8 ms  ✓ Rmath
   5798.7 ms  ✓ IntelOpenMP_jll
   1590.5 ms  ✓ LogExpFunctions → LogExpFunctionsInverseFunctionsExt
  15340.4 ms  ✓ MacroTools
   1701.6 ms  ✓ SortingAlgorithms
   2814.1 ms  ✓ MKL_jll
   2171.6 ms  ✓ Setfield
   4326.9 ms  ✓ QuadGK
   5874.6 ms  ✓ SpecialFunctions
  14796.6 ms  ✓ SparseArrays
   1808.4 ms  ✓ SuiteSparse
   6000.0 ms  ✓ Accessors
   2091.3 ms  ✓ Statistics → SparseArraysExt
   2203.9 ms  ✓ Distances → DistancesSparseArraysExt
   2410.0 ms  ✓ FillArrays → FillArraysSparseArraysExt
   2024.8 ms  ✓ Accessors → LinearAlgebraExt
   2554.5 ms  ✓ PDMats
  10268.4 ms  ✓ Test
   1918.0 ms  ✓ InverseFunctions → InverseFunctionsTestExt
   2124.8 ms  ✓ FillArrays → FillArraysPDMatsExt
   2112.8 ms  ✓ Accessors → TestExt
   7311.1 ms  ✓ StatsFuns
    854.7 ms  ✓ StatsFuns → StatsFunsInverseFunctionsExt
   3635.6 ms  ✓ AbstractFFTs → AbstractFFTsTestExt
  20490.9 ms  ✓ StaticArrays
   8411.3 ms  ✓ StatsBase
   1401.5 ms  ✓ VectorInterface → VectorInterfaceStaticArraysExt
   1406.6 ms  ✓ ConstructionBase → ConstructionBaseStaticArraysExt
   1604.5 ms  ✓ FillArrays → FillArraysStaticArraysExt
   1669.9 ms  ✓ StaticArrays → StaticArraysStatisticsExt
   1780.2 ms  ✓ Accessors → StaticArraysExt
   2396.3 ms  ✓ PDMats → StatsBaseExt
  10592.4 ms  ✓ Roots
  17185.8 ms  ✓ FFTW
   6875.6 ms  ✓ NearestNeighbors
    810.0 ms  ✓ Neighborhood
   5160.8 ms  ✓ Distributions
   1889.9 ms  ✓ StateSpaceSets
   1179.1 ms  ✓ Distributions → DistributionsTestExt
   2772.5 ms  ✓ DelayEmbeddings
  27900.7 ms  ✓ Polynomials
    809.8 ms  ✓ Polynomials → PolynomialsFFTWExt
   2257.6 ms  ✓ DSP
   2742.6 ms  ✓ Wavelets
   3363.7 ms  ✓ ComplexityMeasures
  91 dependencies successfully precompiled in 60 seconds. 26 already precompiled.
  24 dependencies precompiled but different versions are currently loaded (ArgTools, Base64, Dates, Downloads, JuliaSyntaxHighlighting, LibCURL, LibCURL_jll, LibGit2, LibGit2_jll, LibSSH2_jll, Logging, Markdown, MozillaCACerts_jll, NetworkOptions, OpenSSL_jll, Pkg, Printf, StyledStrings, TOML, Tar, UUIDs, Zlib_jll, nghttp2_jll and p7zip_jll). Restart julia to access the new versions. Otherwise, 44 dependents of these packages may trigger further precompilation to work with the unexpected versions.
	Command being timed: "nice -n -10 timeout -k120 -v 3600 julia +release --project=C/ComplexityMeasures/Nonlinear-Timeseries-Analysis -e using Pkg; @time @eval Pkg.precompile()"
	User time (seconds): 345.71
	System time (seconds): 25.35
	Percent of CPU this job got: 279%
	Elapsed (wall clock) time (h:mm:ss or m:ss): 2:12.68
	Average shared text size (kbytes): 0
	Average unshared data size (kbytes): 0
	Average stack size (kbytes): 0
	Average total size (kbytes): 0
	Maximum resident set size (kbytes): 2191752
	Average resident set size (kbytes): 0
	Major (requiring I/O) page faults: 348
	Minor (reclaiming a frame) page faults: 6478506
	Voluntary context switches: 18430
	Involuntary context switches: 23907
	Swaps: 0
	File system inputs: 0
	File system outputs: 732656
	Socket messages sent: 0
	Socket messages received: 0
	Signals delivered: 0
	Page size (bytes): 4096
	Exit status: 0
