nice: cannot set niceness: Permission denied
Precompiling packages...
    458.0 ms  ✓ Reexport
    488.6 ms  ✓ DataAPI
    611.2 ms  ✓ ConstructionBase
    647.4 ms  ✓ Statistics
    519.4 ms  ✓ StaticArraysCore
    469.9 ms  ✓ StatsAPI
    853.7 ms  ✓ SuiteSparse_jll
    444.2 ms  ✓ Future
   1370.8 ms  ✓ IrrationalConstants
    696.8 ms  ✓ OrderedCollections
    762.9 ms  ✓ Serialization
    619.2 ms  ✓ DocStringExtensions
    684.0 ms  ✓ IterTools
   1854.0 ms  ✓ Bessels
    695.1 ms  ✓ AbstractTrees
    596.1 ms  ✓ AbstractFFTs
   1088.1 ms  ✓ Combinatorics
    644.7 ms  ✓ OpenLibm_jll
    471.5 ms  ✓ PtrArrays
   1101.7 ms  ✓ FillArrays
    541.1 ms  ✓ Missings
   1339.1 ms  ✓ InteractiveUtils
    961.3 ms  ✓ LazyArtifacts
    612.0 ms  ✓ ConstructionBase → ConstructionBaseLinearAlgebraExt
   5639.9 ms  ✓ MacroTools
    874.8 ms  ✓ Distances
   2248.4 ms  ✓ Preferences
    508.2 ms  ✓ AliasTables
    685.9 ms  ✓ LogExpFunctions
    475.7 ms  ✓ FillArrays → FillArraysStatisticsExt
   1861.0 ms  ✓ DataStructures
    563.5 ms  ✓ JLLWrappers
    449.6 ms  ✓ PrecompileTools
    557.7 ms  ✓ SortingAlgorithms
   1405.5 ms  ✓ Setfield
    959.0 ms  ✓ QuadGK
   1124.3 ms  ✓ IntelOpenMP_jll
    704.5 ms  ✓ FFTW_jll
   1184.1 ms  ✓ oneTBB_jll
    696.5 ms  ✓ Rmath_jll
   4239.5 ms  ✓ SparseArrays
    711.7 ms  ✓ OpenSpecFun_jll
    726.9 ms  ✓ Rmath
    593.4 ms  ✓ Statistics → SparseArraysExt
   1196.9 ms  ✓ MKL_jll
    594.0 ms  ✓ SuiteSparse
    700.6 ms  ✓ FillArrays → FillArraysSparseArraysExt
    588.3 ms  ✓ Distances → DistancesSparseArraysExt
   2369.1 ms  ✓ SpecialFunctions
   2444.0 ms  ✓ StatsBase
   1003.1 ms  ✓ PDMats
   1208.4 ms  ✓ HypergeometricFunctions
   9546.3 ms  ✓ Test
    668.8 ms  ✓ PDMats → StatsBaseExt
    662.4 ms  ✓ FillArrays → FillArraysPDMatsExt
   1379.7 ms  ✓ AbstractFFTs → AbstractFFTsTestExt
   1609.7 ms  ✓ StatsFuns
   4901.8 ms  ✓ Distributions
  14269.6 ms  ✓ StaticArrays
    728.3 ms  ✓ StaticArrays → StaticArraysStatisticsExt
    760.2 ms  ✓ ConstructionBase → ConstructionBaseStaticArraysExt
   1489.9 ms  ✓ Distributions → DistributionsTestExt
    742.9 ms  ✓ FillArrays → FillArraysStaticArraysExt
  12091.5 ms  ✓ FFTW
   4101.1 ms  ✓ NearestNeighbors
    750.6 ms  ✓ Neighborhood
    785.6 ms  ✓ StateSpaceSets
   1497.9 ms  ✓ DelayEmbeddings
  20434.2 ms  ✓ Polynomials
    712.9 ms  ✓ Polynomials → PolynomialsFFTWExt
   2029.4 ms  ✓ DSP
   1599.4 ms  ✓ Wavelets
   2860.0 ms  ✓ ComplexityMeasures
  73 dependencies successfully precompiled in 38 seconds. 27 already precompiled.
	Command being timed: "nice -n -10 timeout -k120 -v 3600 julia +alpha --project=C/ComplexityMeasures/Nonlinear-Timeseries-Analysis -e using Pkg; @time @eval Pkg.precompile()"
	User time (seconds): 266.41
	System time (seconds): 17.67
	Percent of CPU this job got: 217%
	Elapsed (wall clock) time (h:mm:ss or m:ss): 2:10.88
	Average shared text size (kbytes): 0
	Average unshared data size (kbytes): 0
	Average stack size (kbytes): 0
	Average total size (kbytes): 0
	Maximum resident set size (kbytes): 2640676
	Average resident set size (kbytes): 0
	Major (requiring I/O) page faults: 362
	Minor (reclaiming a frame) page faults: 6414213
	Voluntary context switches: 18102
	Involuntary context switches: 5935
	Swaps: 0
	File system inputs: 0
	File system outputs: 714408
	Socket messages sent: 0
	Socket messages received: 0
	Signals delivered: 0
	Page size (bytes): 4096
	Exit status: 0
