nice: cannot set niceness: Permission denied
Precompiling packages...
   1260.3 ms  ✓ UUIDs
   2183.6 ms  ✓ Base64
   2314.6 ms  ✓ Logging
   2518.5 ms  ✓ Zlib_jll
   2494.5 ms  ✓ MozillaCACerts_jll
   2559.8 ms  ✓ nghttp2_jll
   2766.1 ms  ✓ OpenSSL_jll
   2791.6 ms  ✓ NetworkOptions
   2798.3 ms  ✓ Unicode
   2864.9 ms  ✓ p7zip_jll
    980.0 ms  ✓ LibSSH2_jll
   1115.2 ms  ✓ Printf
    924.9 ms  ✓ LibGit2_jll
    940.2 ms  ✓ LibCURL_jll
   5542.8 ms  ✓ ArgTools
   1786.7 ms  ✓ LibCURL
   1189.2 ms  ✓ Tar
   4402.5 ms  ✓ Dates
    943.8 ms  ✓ TOML
   4828.7 ms  ✓ LibGit2
   5817.3 ms  ✓ Downloads
  16649.9 ms  ✓ StyledStrings
   3929.1 ms  ✓ JuliaSyntaxHighlighting
   7366.8 ms  ✓ Markdown
  91677.8 ms  ✓ Pkg
  25 dependencies successfully precompiled in 120 seconds
Precompiling packages...
   2698.6 ms  ✓ AbstractFFTs
   2768.8 ms  ✓ Reexport
   2806.7 ms  ✓ OrderedCollections
   3160.3 ms  ✓ StatsAPI
   3315.0 ms  ✓ Statistics
   3157.5 ms  ✓ IterTools
   3446.5 ms  ✓ Serialization
   3675.4 ms  ✓ DocStringExtensions
   3880.0 ms  ✓ OpenLibm_jll
   3720.7 ms  ✓ CompilerSupportLibraries_jll
   4307.5 ms  ✓ DataAPI
   4502.4 ms  ✓ ConstructionBase
   2305.5 ms  ✓ Future
   3015.7 ms  ✓ SuiteSparse_jll
   2584.8 ms  ✓ PtrArrays
   2809.4 ms  ✓ StaticArraysCore
   6597.2 ms  ✓ Combinatorics
   6820.5 ms  ✓ FillArrays
   2274.0 ms  ✓ ConstructionBase → ConstructionBaseLinearAlgebraExt
   3088.0 ms  ✓ Missings
   4432.9 ms  ✓ Preferences
   2125.8 ms  ✓ AliasTables
   4782.2 ms  ✓ Requires
   4141.7 ms  ✓ Distances
   8722.6 ms  ✓ IrrationalConstants
   2330.3 ms  ✓ FillArrays → FillArraysStatisticsExt
   5388.7 ms  ✓ LazyArtifacts
   1841.1 ms  ✓ PrecompileTools
   9838.0 ms  ✓ Bessels
   2115.9 ms  ✓ JLLWrappers
   7697.3 ms  ✓ InteractiveUtils
   2587.1 ms  ✓ LogExpFunctions
   7506.0 ms  ✓ DataStructures
   2838.2 ms  ✓ Rmath_jll
   3168.2 ms  ✓ FFTW_jll
   3244.9 ms  ✓ OpenSpecFun_jll
   2538.7 ms  ✓ SortingAlgorithms
  11407.2 ms  ✓ MacroTools
   5381.2 ms  ✓ oneTBB_jll
   4300.5 ms  ✓ QuadGK
   5812.9 ms  ✓ IntelOpenMP_jll
   3002.4 ms  ✓ Rmath
   7223.8 ms  ✓ RecipesBase
   3807.1 ms  ✓ Setfield
   5896.0 ms  ✓ SpecialFunctions
  13634.8 ms  ✓ SparseArrays
   4035.9 ms  ✓ MKL_jll
   1757.9 ms  ✓ SuiteSparse
   1790.9 ms  ✓ Statistics → SparseArraysExt
   2418.1 ms  ✓ Distances → DistancesSparseArraysExt
   2513.8 ms  ✓ FillArrays → FillArraysSparseArraysExt
   3753.1 ms  ✓ HypergeometricFunctions
  11965.4 ms  ✓ Test
   3019.1 ms  ✓ PDMats
   1441.5 ms  ✓ FillArrays → FillArraysPDMatsExt
   4013.0 ms  ✓ StatsFuns
   5818.8 ms  ✓ StatsBase
   3662.3 ms  ✓ AbstractFFTs → AbstractFFTsTestExt
  20105.8 ms  ✓ StaticArrays
    998.0 ms  ✓ StaticArrays → StaticArraysStatisticsExt
   1036.7 ms  ✓ ConstructionBase → ConstructionBaseStaticArraysExt
   5682.1 ms  ✓ NearestNeighbors
  16868.6 ms  ✓ FFTW
   9781.1 ms  ✓ Distributions
   1132.3 ms  ✓ Neighborhood
   1760.2 ms  ✓ Distributions → DistributionsTestExt
   1194.9 ms  ✓ StateSpaceSets
   2188.2 ms  ✓ DelayEmbeddings
  32254.2 ms  ✓ Polynomials
   1036.2 ms  ✓ Polynomials → PolynomialsFFTWExt
   2858.1 ms  ✓ DSP
   2281.8 ms  ✓ Wavelets
   5604.1 ms  ✓ ComplexityMeasures
  73 dependencies successfully precompiled in 63 seconds. 25 already precompiled.
	Command being timed: "nice -n -10 timeout -k120 -v 3600 julia +1.12.0 --project=C/ComplexityMeasures/Nonlinear-Timeseries-Analysis -e using Pkg; @time @eval Pkg.precompile()"
	User time (seconds): 424.71
	System time (seconds): 25.20
	Percent of CPU this job got: 243%
	Elapsed (wall clock) time (h:mm:ss or m:ss): 3:04.39
	Average shared text size (kbytes): 0
	Average unshared data size (kbytes): 0
	Average stack size (kbytes): 0
	Average total size (kbytes): 0
	Maximum resident set size (kbytes): 2145396
	Average resident set size (kbytes): 0
	Major (requiring I/O) page faults: 273
	Minor (reclaiming a frame) page faults: 5283121
	Voluntary context switches: 14713
	Involuntary context switches: 58835
	Swaps: 0
	File system inputs: 0
	File system outputs: 679904
	Socket messages sent: 0
	Socket messages received: 0
	Signals delivered: 0
	Page size (bytes): 4096
	Exit status: 0
