nice: cannot set niceness: Permission denied
Precompiling packages...
    431.6 ms  ✓ Reexport
    468.9 ms  ✓ DataAPI
    565.8 ms  ✓ ConstructionBase
    610.7 ms  ✓ Statistics
    528.5 ms  ✓ StaticArraysCore
    464.7 ms  ✓ StatsAPI
    871.1 ms  ✓ SuiteSparse_jll
   1323.2 ms  ✓ IrrationalConstants
    851.6 ms  ✓ Requires
    504.1 ms  ✓ Future
    693.4 ms  ✓ OrderedCollections
    633.0 ms  ✓ DocStringExtensions
    711.8 ms  ✓ Serialization
   1853.5 ms  ✓ Bessels
    685.2 ms  ✓ IterTools
    652.3 ms  ✓ AbstractTrees
    608.4 ms  ✓ AbstractFFTs
   1032.3 ms  ✓ Combinatorics
    459.8 ms  ✓ PtrArrays
    770.1 ms  ✓ OpenLibm_jll
   1079.5 ms  ✓ FillArrays
    534.2 ms  ✓ Missings
    931.1 ms  ✓ LazyArtifacts
   1458.3 ms  ✓ InteractiveUtils
    530.3 ms  ✓ ConstructionBase → ConstructionBaseLinearAlgebraExt
    908.4 ms  ✓ Distances
   5918.3 ms  ✓ MacroTools
    772.6 ms  ✓ LogExpFunctions
   2398.4 ms  ✓ Preferences
    524.7 ms  ✓ AliasTables
    500.3 ms  ✓ FillArrays → FillArraysStatisticsExt
   1846.2 ms  ✓ DataStructures
    563.9 ms  ✓ JLLWrappers
    469.2 ms  ✓ PrecompileTools
    544.1 ms  ✓ SortingAlgorithms
   1535.6 ms  ✓ Setfield
    933.2 ms  ✓ QuadGK
   1115.9 ms  ✓ IntelOpenMP_jll
    673.9 ms  ✓ FFTW_jll
   1167.8 ms  ✓ oneTBB_jll
    672.8 ms  ✓ Rmath_jll
    689.9 ms  ✓ OpenSpecFun_jll
   4192.2 ms  ✓ SparseArrays
    729.7 ms  ✓ Rmath
   1261.2 ms  ✓ MKL_jll
   2069.2 ms  ✓ RecipesBase
    619.0 ms  ✓ Statistics → SparseArraysExt
    564.4 ms  ✓ SuiteSparse
    633.5 ms  ✓ FillArrays → FillArraysSparseArraysExt
    569.7 ms  ✓ Distances → DistancesSparseArraysExt
   2459.7 ms  ✓ SpecialFunctions
   2721.0 ms  ✓ StatsBase
   9924.4 ms  ✓ Test
    890.9 ms  ✓ PDMats
   1021.5 ms  ✓ HypergeometricFunctions
    649.7 ms  ✓ PDMats → StatsBaseExt
   1596.2 ms  ✓ AbstractFFTs → AbstractFFTsTestExt
    655.3 ms  ✓ FillArrays → FillArraysPDMatsExt
   2050.8 ms  ✓ StatsFuns
  14970.2 ms  ✓ StaticArrays
  12543.2 ms  ✓ FFTW
    628.7 ms  ✓ StaticArrays → StaticArraysStatisticsExt
    632.1 ms  ✓ ConstructionBase → ConstructionBaseStaticArraysExt
   5137.8 ms  ✓ Distributions
   1048.2 ms  ✓ Distributions → DistributionsTestExt
   3770.5 ms  ✓ NearestNeighbors
    755.2 ms  ✓ Neighborhood
    789.7 ms  ✓ StateSpaceSets
   1489.6 ms  ✓ DelayEmbeddings
  21935.3 ms  ✓ Polynomials
    733.5 ms  ✓ Polynomials → PolynomialsFFTWExt
   2036.9 ms  ✓ DSP
   1581.6 ms  ✓ Wavelets
   2859.9 ms  ✓ ComplexityMeasures
  74 dependencies successfully precompiled in 42 seconds. 27 already precompiled.
	Command being timed: "nice -n -10 timeout -k120 -v 3600 julia +nightly --project=C/ComplexityMeasures/Nonlinear-Timeseries-Analysis -e using Pkg; @time @eval Pkg.precompile()"
	User time (seconds): 287.11
	System time (seconds): 18.46
	Percent of CPU this job got: 206%
	Elapsed (wall clock) time (h:mm:ss or m:ss): 2:27.96
	Average shared text size (kbytes): 0
	Average unshared data size (kbytes): 0
	Average stack size (kbytes): 0
	Average total size (kbytes): 0
	Maximum resident set size (kbytes): 2515664
	Average resident set size (kbytes): 0
	Major (requiring I/O) page faults: 417
	Minor (reclaiming a frame) page faults: 6644639
	Voluntary context switches: 18046
	Involuntary context switches: 5884
	Swaps: 0
	File system inputs: 0
	File system outputs: 727136
	Socket messages sent: 0
	Socket messages received: 0
	Signals delivered: 0
	Page size (bytes): 4096
	Exit status: 0
