nice: cannot set niceness: Permission denied
Precompiling packages...
    440.7 ms  ✓ Reexport
    478.0 ms  ✓ DataAPI
    595.1 ms  ✓ ConstructionBase
    634.2 ms  ✓ Statistics
    528.6 ms  ✓ StaticArraysCore
    491.4 ms  ✓ StatsAPI
    890.8 ms  ✓ SuiteSparse_jll
    445.9 ms  ✓ Future
   1301.3 ms  ✓ IrrationalConstants
    747.2 ms  ✓ OrderedCollections
    721.4 ms  ✓ Serialization
    625.4 ms  ✓ DocStringExtensions
   1778.8 ms  ✓ Bessels
    695.1 ms  ✓ IterTools
    701.4 ms  ✓ AbstractTrees
    595.6 ms  ✓ AbstractFFTs
   1090.0 ms  ✓ Combinatorics
    758.6 ms  ✓ OpenLibm_jll
    502.9 ms  ✓ PtrArrays
   1162.3 ms  ✓ FillArrays
   4371.7 ms  ✓ MacroTools
    599.5 ms  ✓ Missings
    475.2 ms  ✓ ConstructionBase → ConstructionBaseLinearAlgebraExt
   1103.0 ms  ✓ LazyArtifacts
   1544.6 ms  ✓ InteractiveUtils
    769.9 ms  ✓ Distances
    651.1 ms  ✓ LogExpFunctions
   2006.0 ms  ✓ Preferences
    512.5 ms  ✓ AliasTables
    507.3 ms  ✓ FillArrays → FillArraysStatisticsExt
   1758.9 ms  ✓ DataStructures
    674.1 ms  ✓ JLLWrappers
   1290.3 ms  ✓ Setfield
    628.7 ms  ✓ PrecompileTools
    613.1 ms  ✓ SortingAlgorithms
    951.6 ms  ✓ QuadGK
   1292.8 ms  ✓ IntelOpenMP_jll
   1355.7 ms  ✓ oneTBB_jll
    963.7 ms  ✓ FFTW_jll
   4067.4 ms  ✓ SparseArrays
    932.1 ms  ✓ Rmath_jll
    932.3 ms  ✓ OpenSpecFun_jll
    633.6 ms  ✓ Statistics → SparseArraysExt
    615.1 ms  ✓ SuiteSparse
   1422.4 ms  ✓ MKL_jll
    734.9 ms  ✓ FillArrays → FillArraysSparseArraysExt
    625.6 ms  ✓ Distances → DistancesSparseArraysExt
    845.0 ms  ✓ Rmath
   7626.7 ms  ✓ Test
   2897.2 ms  ✓ SpecialFunctions
   2685.1 ms  ✓ StatsBase
    901.1 ms  ✓ PDMats
   1107.7 ms  ✓ HypergeometricFunctions
   1594.8 ms  ✓ AbstractFFTs → AbstractFFTsTestExt
    717.0 ms  ✓ PDMats → StatsBaseExt
    706.6 ms  ✓ FillArrays → FillArraysPDMatsExt
   1649.3 ms  ✓ StatsFuns
  12096.9 ms  ✓ StaticArrays
    884.5 ms  ✓ StaticArrays → StaticArraysStatisticsExt
    889.7 ms  ✓ ConstructionBase → ConstructionBaseStaticArraysExt
    947.9 ms  ✓ FillArrays → FillArraysStaticArraysExt
   5219.3 ms  ✓ Distributions
  10329.9 ms  ✓ FFTW
   1279.7 ms  ✓ Distributions → DistributionsTestExt
   4232.5 ms  ✓ NearestNeighbors
    863.9 ms  ✓ Neighborhood
    894.7 ms  ✓ StateSpaceSets
  18563.9 ms  ✓ Polynomials
   1603.6 ms  ✓ DelayEmbeddings
    847.4 ms  ✓ Polynomials → PolynomialsFFTWExt
   2095.0 ms  ✓ DSP
   1661.8 ms  ✓ Wavelets
   2985.9 ms  ✓ ComplexityMeasures
  73 dependencies successfully precompiled in 37 seconds. 27 already precompiled.
	Command being timed: "nice -n -10 timeout -k120 -v 3600 julia +nightly --project=C/ComplexityMeasures/Nonlinear-Timeseries-Analysis -e using Pkg; @time @eval Pkg.precompile()"
	User time (seconds): 252.63
	System time (seconds): 17.18
	Percent of CPU this job got: 220%
	Elapsed (wall clock) time (h:mm:ss or m:ss): 2:02.43
	Average shared text size (kbytes): 0
	Average unshared data size (kbytes): 0
	Average stack size (kbytes): 0
	Average total size (kbytes): 0
	Maximum resident set size (kbytes): 2291752
	Average resident set size (kbytes): 0
	Major (requiring I/O) page faults: 377
	Minor (reclaiming a frame) page faults: 6235954
	Voluntary context switches: 17212
	Involuntary context switches: 5163
	Swaps: 0
	File system inputs: 0
	File system outputs: 712984
	Socket messages sent: 0
	Socket messages received: 0
	Signals delivered: 0
	Page size (bytes): 4096
	Exit status: 0
