nice: cannot set niceness: Permission denied
Precompiling packages...
   1607.6 ms  ✓ OpenSSL_jll
   1586.1 ms  ✓ UUIDs
   1593.6 ms  ✓ Unicode
   1598.0 ms  ✓ Zlib_jll
   1670.6 ms  ✓ Logging
   1696.4 ms  ✓ MozillaCACerts_jll
   1801.7 ms  ✓ NetworkOptions
   1790.2 ms  ✓ nghttp2_jll
   1878.3 ms  ✓ CompilerSupportLibraries_jll
   1894.7 ms  ✓ Base64
    610.0 ms  ✓ LibSSH2_jll
    806.6 ms  ✓ Printf
    594.7 ms  ✓ p7zip_jll
    510.8 ms  ✓ LibGit2_jll
    513.6 ms  ✓ LibCURL_jll
   3268.8 ms  ✓ ArgTools
    747.8 ms  ✓ LibCURL
    627.6 ms  ✓ Tar
   2931.8 ms  ✓ Dates
   3009.3 ms  ✓ LibGit2
    441.7 ms  ✓ TOML
   2971.1 ms  ✓ Downloads
   9184.3 ms  ✓ StyledStrings
   1636.3 ms  ✓ JuliaSyntaxHighlighting
   3698.7 ms  ✓ Markdown
  45984.1 ms  ✓ Pkg
  26 dependencies successfully precompiled in 61 seconds
Precompiling packages...
   2515.7 ms  ✓ OpenLibm_jll
   2591.8 ms  ✓ Reexport
   2710.6 ms  ✓ DataAPI
   2810.7 ms  ✓ StatsAPI
   3309.0 ms  ✓ Statistics
   3614.0 ms  ✓ AbstractTrees
   3625.1 ms  ✓ AbstractFFTs
   3712.4 ms  ✓ DocStringExtensions
   3970.5 ms  ✓ IterTools
   4029.2 ms  ✓ Serialization
   2572.8 ms  ✓ Future
   5303.3 ms  ✓ FillArrays
   2672.4 ms  ✓ PtrArrays
   3100.1 ms  ✓ SuiteSparse_jll
   5723.1 ms  ✓ Combinatorics
   2913.2 ms  ✓ StaticArraysCore
   3705.1 ms  ✓ Preferences
   2302.5 ms  ✓ FillArrays → FillArraysStatisticsExt
   4183.5 ms  ✓ Requires
   2624.2 ms  ✓ AliasTables
   8508.7 ms  ✓ ConstructionBase
   4704.0 ms  ✓ LazyArtifacts
   9003.7 ms  ✓ Bessels
   1803.6 ms  ✓ PrecompileTools
   9224.8 ms  ✓ OrderedCollections
   2031.0 ms  ✓ JLLWrappers
   1896.4 ms  ✓ ConstructionBase → ConstructionBaseLinearAlgebraExt
   7772.8 ms  ✓ Missings
  12018.7 ms  ✓ IrrationalConstants
   3099.8 ms  ✓ Rmath_jll
   3193.8 ms  ✓ FFTW_jll
   3343.0 ms  ✓ OpenSpecFun_jll
   4560.9 ms  ✓ IntelOpenMP_jll
   8700.8 ms  ✓ Distances
  10382.1 ms  ✓ InteractiveUtils
   2091.5 ms  ✓ LogExpFunctions
   4699.5 ms  ✓ oneTBB_jll
   5471.0 ms  ✓ RecipesBase
   2275.0 ms  ✓ Rmath
   5780.2 ms  ✓ DataStructures
  13138.8 ms  ✓ MacroTools
   1302.2 ms  ✓ SortingAlgorithms
   2670.1 ms  ✓ MKL_jll
   1769.8 ms  ✓ Setfield
   3215.6 ms  ✓ QuadGK
   4178.7 ms  ✓ SpecialFunctions
  12952.3 ms  ✓ SparseArrays
   1069.6 ms  ✓ SuiteSparse
   1170.7 ms  ✓ Distances → DistancesSparseArraysExt
   1323.3 ms  ✓ FillArrays → FillArraysSparseArraysExt
   1708.8 ms  ✓ HypergeometricFunctions
   1489.7 ms  ✓ Statistics → SparseArraysExt
   1783.6 ms  ✓ PDMats
   7948.2 ms  ✓ Test
   1129.1 ms  ✓ FillArrays → FillArraysPDMatsExt
   1887.4 ms  ✓ AbstractFFTs → AbstractFFTsTestExt
   4045.6 ms  ✓ StatsFuns
  16063.4 ms  ✓ StaticArrays
   5869.7 ms  ✓ StatsBase
   1621.5 ms  ✓ ConstructionBase → ConstructionBaseStaticArraysExt
   2022.0 ms  ✓ StaticArrays → StaticArraysStatisticsExt
   2221.1 ms  ✓ PDMats → StatsBaseExt
  11937.4 ms  ✓ FFTW
   4241.3 ms  ✓ NearestNeighbors
    728.6 ms  ✓ Neighborhood
   4389.7 ms  ✓ Distributions
   1012.9 ms  ✓ Distributions → DistributionsTestExt
   1686.6 ms  ✓ StateSpaceSets
   2293.2 ms  ✓ DelayEmbeddings
  21846.0 ms  ✓ Polynomials
    726.3 ms  ✓ Polynomials → PolynomialsFFTWExt
   1977.8 ms  ✓ DSP
   2346.7 ms  ✓ Wavelets
   2926.1 ms  ✓ ComplexityMeasures
  74 dependencies successfully precompiled in 48 seconds. 26 already precompiled.
	Command being timed: "nice -n -10 timeout -k120 -v 3600 julia +release --project=C/ComplexityMeasures/Nonlinear-Timeseries-Analysis -e using Pkg; @time @eval Pkg.precompile()"
	User time (seconds): 280.92
	System time (seconds): 21.47
	Percent of CPU this job got: 275%
	Elapsed (wall clock) time (h:mm:ss or m:ss): 1:49.69
	Average shared text size (kbytes): 0
	Average unshared data size (kbytes): 0
	Average stack size (kbytes): 0
	Average total size (kbytes): 0
	Maximum resident set size (kbytes): 2147368
	Average resident set size (kbytes): 0
	Major (requiring I/O) page faults: 342
	Minor (reclaiming a frame) page faults: 5782090
	Voluntary context switches: 16811
	Involuntary context switches: 15315
	Swaps: 0
	File system inputs: 0
	File system outputs: 697704
	Socket messages sent: 0
	Socket messages received: 0
	Signals delivered: 0
	Page size (bytes): 4096
	Exit status: 0
