nice: cannot set niceness: Permission denied
Precompiling packages...
   1986.6 ms  ✓ Reexport
   2067.7 ms  ✓ OpenLibm_jll
   2048.4 ms  ✓ StatsAPI
   2144.9 ms  ✓ DataAPI
   2151.8 ms  ✓ CompilerSupportLibraries_jll
   2291.8 ms  ✓ Requires
   2357.8 ms  ✓ ConstructionBase
   2689.8 ms  ✓ DocStringExtensions
   2785.5 ms  ✓ AbstractTrees
   2791.9 ms  ✓ AbstractFFTs
   2971.7 ms  ✓ OrderedCollections
   3044.3 ms  ✓ IterTools
   1412.4 ms  ✓ LazyArtifacts
   3921.1 ms  ✓ Combinatorics
   1607.6 ms  ✓ PtrArrays
   1900.5 ms  ✓ SuiteSparse_jll
   4066.8 ms  ✓ FillArrays
   1905.9 ms  ✓ StaticArraysCore
   1501.4 ms  ✓ ConstructionBase → ConstructionBaseLinearAlgebraExt
   1603.6 ms  ✓ Missings
   2207.1 ms  ✓ Preferences
   4586.5 ms  ✓ IrrationalConstants
   1201.0 ms  ✓ AliasTables
    791.4 ms  ✓ PrecompileTools
    896.9 ms  ✓ JLLWrappers
   5802.2 ms  ✓ Bessels
   1498.8 ms  ✓ LogExpFunctions
   1305.6 ms  ✓ OpenSpecFun_jll
   1392.1 ms  ✓ FFTW_jll
   1509.8 ms  ✓ IntelOpenMP_jll
   1513.0 ms  ✓ Rmath_jll
   1529.2 ms  ✓ oneTBB_jll
   4193.5 ms  ✓ DataStructures
   6418.5 ms  ✓ MacroTools
   1733.4 ms  ✓ SortingAlgorithms
   1985.0 ms  ✓ MKL_jll
   3923.9 ms  ✓ RecipesBase
   2389.5 ms  ✓ Rmath
   7248.7 ms  ✓ Test
   2517.5 ms  ✓ QuadGK
   1793.9 ms  ✓ Setfield
   1172.2 ms  ✓ AbstractFFTs → AbstractFFTsTestExt
   6828.7 ms  ✓ SparseArrays
   4322.8 ms  ✓ SpecialFunctions
    626.9 ms  ✓ SuiteSparse
    764.4 ms  ✓ FillArrays → FillArraysSparseArraysExt
    865.2 ms  ✓ Statistics
   1283.2 ms  ✓ HypergeometricFunctions
    829.9 ms  ✓ FillArrays → FillArraysStatisticsExt
   1142.1 ms  ✓ PDMats
   1156.2 ms  ✓ Distances
    697.5 ms  ✓ FillArrays → FillArraysPDMatsExt
    973.1 ms  ✓ Distances → DistancesSparseArraysExt
   3994.0 ms  ✓ StatsBase
   3368.5 ms  ✓ StatsFuns
   1834.2 ms  ✓ PDMats → StatsBaseExt
  12442.3 ms  ✓ StaticArrays
   8903.7 ms  ✓ FFTW
    504.6 ms  ✓ FillArrays → FillArraysStaticArraysExt
    511.0 ms  ✓ ConstructionBase → ConstructionBaseStaticArraysExt
    615.1 ms  ✓ StaticArrays → StaticArraysStatisticsExt
   3845.1 ms  ✓ Distributions
   3012.2 ms  ✓ NearestNeighbors
    734.6 ms  ✓ Distributions → DistributionsTestExt
    701.8 ms  ✓ Neighborhood
    742.9 ms  ✓ StateSpaceSets
   1292.9 ms  ✓ DelayEmbeddings
  17146.1 ms  ✓ Polynomials
    637.6 ms  ✓ Polynomials → PolynomialsFFTWExt
   1742.7 ms  ✓ DSP
   1399.7 ms  ✓ Wavelets
   2215.3 ms  ✓ ComplexityMeasures
  72 dependencies successfully precompiled in 35 seconds
	Command being timed: "nice -n -10 timeout -k120 -v 3600 julia +lts --project=C/ComplexityMeasures/Nonlinear-Timeseries-Analysis -e using Pkg; @time @eval Pkg.precompile()"
	User time (seconds): 107.31
	System time (seconds): 13.11
	Percent of CPU this job got: 340%
	Elapsed (wall clock) time (h:mm:ss or m:ss): 0:35.37
	Average shared text size (kbytes): 0
	Average unshared data size (kbytes): 0
	Average stack size (kbytes): 0
	Average total size (kbytes): 0
	Maximum resident set size (kbytes): 913740
	Average resident set size (kbytes): 0
	Major (requiring I/O) page faults: 200
	Minor (reclaiming a frame) page faults: 3366517
	Voluntary context switches: 96390
	Involuntary context switches: 16757
	Swaps: 0
	File system inputs: 608
	File system outputs: 379728
	Socket messages sent: 0
	Socket messages received: 0
	Signals delivered: 0
	Page size (bytes): 4096
	Exit status: 0
