nice: cannot set niceness: Permission denied
Precompiling packages...
   1536.3 ms  ✓ UUIDs
   1530.6 ms  ✓ MozillaCACerts_jll
   1619.0 ms  ✓ nghttp2_jll
   1632.8 ms  ✓ Logging
   1639.4 ms  ✓ NetworkOptions
   1643.7 ms  ✓ Zlib_jll
   1727.7 ms  ✓ CompilerSupportLibraries_jll
   1762.5 ms  ✓ OpenSSL_jll
   1746.2 ms  ✓ Unicode
   1772.1 ms  ✓ Base64
    453.0 ms  ✓ LibSSH2_jll
    517.2 ms  ✓ p7zip_jll
    633.7 ms  ✓ Printf
    468.7 ms  ✓ LibCURL_jll
    471.6 ms  ✓ LibGit2_jll
   3151.7 ms  ✓ ArgTools
    767.6 ms  ✓ LibCURL
    637.7 ms  ✓ Tar
   2890.6 ms  ✓ Dates
   3046.6 ms  ✓ LibGit2
    446.7 ms  ✓ TOML
   3018.7 ms  ✓ Downloads
   9264.3 ms  ✓ StyledStrings
   1672.5 ms  ✓ JuliaSyntaxHighlighting
   3708.4 ms  ✓ Markdown
  45731.9 ms  ✓ Pkg
  26 dependencies successfully precompiled in 60 seconds
Precompiling packages...
   2499.8 ms  ✓ Reexport
   2527.1 ms  ✓ OpenLibm_jll
   2790.9 ms  ✓ DataAPI
   2804.2 ms  ✓ StatsAPI
   3309.6 ms  ✓ AbstractFFTs
   3496.7 ms  ✓ AbstractTrees
   3502.2 ms  ✓ Statistics
   3594.0 ms  ✓ DocStringExtensions
   3972.7 ms  ✓ IterTools
   4117.5 ms  ✓ Serialization
   5419.2 ms  ✓ FillArrays
   3095.6 ms  ✓ SuiteSparse_jll
   2790.6 ms  ✓ Future
   2795.9 ms  ✓ PtrArrays
   2902.5 ms  ✓ StaticArraysCore
   6314.8 ms  ✓ Combinatorics
   3994.3 ms  ✓ Requires
   4098.8 ms  ✓ Preferences
   2232.9 ms  ✓ FillArrays → FillArraysStatisticsExt
   2403.5 ms  ✓ AliasTables
   4600.1 ms  ✓ LazyArtifacts
   9099.5 ms  ✓ ConstructionBase
   1617.6 ms  ✓ PrecompileTools
   9238.6 ms  ✓ Bessels
   9606.7 ms  ✓ OrderedCollections
   2289.9 ms  ✓ JLLWrappers
   2089.7 ms  ✓ ConstructionBase → ConstructionBaseLinearAlgebraExt
   7597.5 ms  ✓ Missings
  11721.3 ms  ✓ IrrationalConstants
   3102.2 ms  ✓ OpenSpecFun_jll
   3290.0 ms  ✓ FFTW_jll
   3311.4 ms  ✓ Rmath_jll
  10222.1 ms  ✓ InteractiveUtils
   2233.7 ms  ✓ LogExpFunctions
   8686.3 ms  ✓ Distances
   4492.0 ms  ✓ oneTBB_jll
   4593.1 ms  ✓ IntelOpenMP_jll
   5973.3 ms  ✓ RecipesBase
   2113.5 ms  ✓ Rmath
   6026.8 ms  ✓ DataStructures
  13285.0 ms  ✓ MacroTools
    980.9 ms  ✓ SortingAlgorithms
   2544.9 ms  ✓ MKL_jll
   1811.7 ms  ✓ Setfield
   4488.1 ms  ✓ SpecialFunctions
   2893.1 ms  ✓ QuadGK
  13118.4 ms  ✓ SparseArrays
   1089.7 ms  ✓ SuiteSparse
   1307.1 ms  ✓ Statistics → SparseArraysExt
   1307.5 ms  ✓ FillArrays → FillArraysSparseArraysExt
   1500.6 ms  ✓ Distances → DistancesSparseArraysExt
   1797.5 ms  ✓ HypergeometricFunctions
   1929.3 ms  ✓ PDMats
   8386.8 ms  ✓ Test
   1010.0 ms  ✓ FillArrays → FillArraysPDMatsExt
   1904.5 ms  ✓ AbstractFFTs → AbstractFFTsTestExt
   4041.2 ms  ✓ StatsFuns
  16501.3 ms  ✓ StaticArrays
   6117.8 ms  ✓ StatsBase
   1670.2 ms  ✓ ConstructionBase → ConstructionBaseStaticArraysExt
   1778.1 ms  ✓ StaticArrays → StaticArraysStatisticsExt
   2385.9 ms  ✓ PDMats → StatsBaseExt
  11992.3 ms  ✓ FFTW
   4129.1 ms  ✓ NearestNeighbors
    728.9 ms  ✓ Neighborhood
   4324.9 ms  ✓ Distributions
    979.4 ms  ✓ Distributions → DistributionsTestExt
   1744.2 ms  ✓ StateSpaceSets
   2320.9 ms  ✓ DelayEmbeddings
  22076.3 ms  ✓ Polynomials
    736.2 ms  ✓ Polynomials → PolynomialsFFTWExt
   1994.2 ms  ✓ DSP
   2371.9 ms  ✓ Wavelets
   2955.4 ms  ✓ ComplexityMeasures
  74 dependencies successfully precompiled in 49 seconds. 26 already precompiled.
	Command being timed: "nice -n -10 timeout -k120 -v 3600 julia +1.12.3 --project=C/ComplexityMeasures/Nonlinear-Timeseries-Analysis -e using Pkg; @time @eval Pkg.precompile()"
	User time (seconds): 281.97
	System time (seconds): 21.40
	Percent of CPU this job got: 275%
	Elapsed (wall clock) time (h:mm:ss or m:ss): 1:50.01
	Average shared text size (kbytes): 0
	Average unshared data size (kbytes): 0
	Average stack size (kbytes): 0
	Average total size (kbytes): 0
	Maximum resident set size (kbytes): 2144504
	Average resident set size (kbytes): 0
	Major (requiring I/O) page faults: 376
	Minor (reclaiming a frame) page faults: 5760482
	Voluntary context switches: 16227
	Involuntary context switches: 15177
	Swaps: 0
	File system inputs: 0
	File system outputs: 696064
	Socket messages sent: 0
	Socket messages received: 0
	Signals delivered: 0
	Page size (bytes): 4096
	Exit status: 0
