nice: cannot set niceness: Permission denied
Precompiling packages...
   1506.7 ms  ✓ Zlib_jll
   1584.2 ms  ✓ Logging
   1590.4 ms  ✓ MozillaCACerts_jll
   1590.9 ms  ✓ nghttp2_jll
   1634.4 ms  ✓ OpenSSL_jll
   1605.3 ms  ✓ UUIDs
   1696.4 ms  ✓ Unicode
   1723.3 ms  ✓ NetworkOptions
   1718.3 ms  ✓ CompilerSupportLibraries_jll
   1797.6 ms  ✓ Base64
    529.7 ms  ✓ LibSSH2_jll
    592.2 ms  ✓ p7zip_jll
    684.4 ms  ✓ Printf
    488.6 ms  ✓ LibGit2_jll
    493.2 ms  ✓ LibCURL_jll
   3303.0 ms  ✓ ArgTools
    774.1 ms  ✓ LibCURL
    632.9 ms  ✓ Tar
   2939.3 ms  ✓ Dates
   3099.0 ms  ✓ LibGit2
    454.2 ms  ✓ TOML
   3107.7 ms  ✓ Downloads
   9300.4 ms  ✓ StyledStrings
   1607.1 ms  ✓ JuliaSyntaxHighlighting
   3761.3 ms  ✓ Markdown
  46265.2 ms  ✓ Pkg
  26 dependencies successfully precompiled in 61 seconds
Precompiling packages...
   2726.3 ms  ✓ Reexport
   2727.6 ms  ✓ OpenLibm_jll
   2710.6 ms  ✓ DataAPI
   2707.2 ms  ✓ StatsAPI
   3020.0 ms  ✓ AbstractFFTs
   3510.9 ms  ✓ Statistics
   3518.8 ms  ✓ AbstractTrees
   3591.1 ms  ✓ DocStringExtensions
   3897.7 ms  ✓ IterTools
   4119.0 ms  ✓ Serialization
   5130.1 ms  ✓ FillArrays
   2417.2 ms  ✓ Future
   3190.9 ms  ✓ SuiteSparse_jll
   3100.8 ms  ✓ StaticArraysCore
   6134.1 ms  ✓ Combinatorics
   2379.3 ms  ✓ PtrArrays
   3796.6 ms  ✓ Preferences
   2382.5 ms  ✓ FillArrays → FillArraysStatisticsExt
   4292.0 ms  ✓ Requires
   2226.1 ms  ✓ AliasTables
   4900.0 ms  ✓ LazyArtifacts
   1890.3 ms  ✓ PrecompileTools
   9329.3 ms  ✓ Bessels
   9519.9 ms  ✓ OrderedCollections
   9523.4 ms  ✓ ConstructionBase
   2404.7 ms  ✓ JLLWrappers
   8607.5 ms  ✓ Missings
   2084.3 ms  ✓ ConstructionBase → ConstructionBaseLinearAlgebraExt
  12699.8 ms  ✓ IrrationalConstants
   3087.2 ms  ✓ Rmath_jll
   3320.8 ms  ✓ OpenSpecFun_jll
   3333.8 ms  ✓ FFTW_jll
   8869.4 ms  ✓ Distances
   4824.2 ms  ✓ IntelOpenMP_jll
   4981.1 ms  ✓ oneTBB_jll
   2098.7 ms  ✓ LogExpFunctions
   5729.7 ms  ✓ RecipesBase
  11414.1 ms  ✓ InteractiveUtils
   2200.8 ms  ✓ Rmath
   5909.5 ms  ✓ DataStructures
  13496.1 ms  ✓ MacroTools
   1289.6 ms  ✓ SortingAlgorithms
   2501.6 ms  ✓ MKL_jll
   1757.4 ms  ✓ Setfield
   3216.9 ms  ✓ QuadGK
   4070.3 ms  ✓ SpecialFunctions
  13212.4 ms  ✓ SparseArrays
   1163.6 ms  ✓ Distances → DistancesSparseArraysExt
   1312.1 ms  ✓ FillArrays → FillArraysSparseArraysExt
   1406.9 ms  ✓ Statistics → SparseArraysExt
   1407.7 ms  ✓ SuiteSparse
   1723.2 ms  ✓ HypergeometricFunctions
   1985.5 ms  ✓ PDMats
   7521.4 ms  ✓ Test
    907.0 ms  ✓ FillArrays → FillArraysPDMatsExt
   2784.0 ms  ✓ AbstractFFTs → AbstractFFTsTestExt
   5089.8 ms  ✓ StatsFuns
  16556.3 ms  ✓ StaticArrays
   6086.5 ms  ✓ StatsBase
    859.7 ms  ✓ StaticArrays → StaticArraysStatisticsExt
   1026.5 ms  ✓ ConstructionBase → ConstructionBaseStaticArraysExt
   1062.8 ms  ✓ FillArrays → FillArraysStaticArraysExt
   1689.3 ms  ✓ PDMats → StatsBaseExt
  12790.2 ms  ✓ FFTW
   5805.7 ms  ✓ NearestNeighbors
    753.8 ms  ✓ Neighborhood
   5128.0 ms  ✓ Distributions
    982.3 ms  ✓ Distributions → DistributionsTestExt
   1710.0 ms  ✓ StateSpaceSets
   2377.2 ms  ✓ DelayEmbeddings
  21980.7 ms  ✓ Polynomials
    730.4 ms  ✓ Polynomials → PolynomialsFFTWExt
   1978.4 ms  ✓ DSP
   2507.7 ms  ✓ Wavelets
   2957.1 ms  ✓ ComplexityMeasures
  75 dependencies successfully precompiled in 49 seconds. 26 already precompiled.
	Command being timed: "nice -n -10 timeout -k120 -v 3600 julia +release --project=C/ComplexityMeasures/Nonlinear-Timeseries-Analysis -e using Pkg; @time @eval Pkg.precompile()"
	User time (seconds): 284.91
	System time (seconds): 21.74
	Percent of CPU this job got: 276%
	Elapsed (wall clock) time (h:mm:ss or m:ss): 1:50.99
	Average shared text size (kbytes): 0
	Average unshared data size (kbytes): 0
	Average stack size (kbytes): 0
	Average total size (kbytes): 0
	Maximum resident set size (kbytes): 2187932
	Average resident set size (kbytes): 0
	Major (requiring I/O) page faults: 489
	Minor (reclaiming a frame) page faults: 5851299
	Voluntary context switches: 17198
	Involuntary context switches: 15991
	Swaps: 0
	File system inputs: 0
	File system outputs: 696744
	Socket messages sent: 0
	Socket messages received: 0
	Signals delivered: 0
	Page size (bytes): 4096
	Exit status: 0
