nice: cannot set niceness: Permission denied
Precompiling packages...
    505.1 ms  ✓ Reexport
    524.1 ms  ✓ DataAPI
    649.8 ms  ✓ ConstructionBase
    661.1 ms  ✓ Statistics
    503.8 ms  ✓ StaticArraysCore
    482.6 ms  ✓ StatsAPI
    878.1 ms  ✓ SuiteSparse_jll
    452.7 ms  ✓ Future
   1294.1 ms  ✓ IrrationalConstants
    737.2 ms  ✓ OrderedCollections
    720.9 ms  ✓ Serialization
    626.0 ms  ✓ DocStringExtensions
   1722.0 ms  ✓ Bessels
    691.8 ms  ✓ IterTools
    703.3 ms  ✓ AbstractTrees
    608.1 ms  ✓ AbstractFFTs
   1084.6 ms  ✓ Combinatorics
    736.4 ms  ✓ OpenLibm_jll
    473.5 ms  ✓ PtrArrays
   1158.9 ms  ✓ FillArrays
   4606.6 ms  ✓ MacroTools
    628.6 ms  ✓ Missings
   1439.6 ms  ✓ InteractiveUtils
   1131.0 ms  ✓ LazyArtifacts
    487.8 ms  ✓ ConstructionBase → ConstructionBaseLinearAlgebraExt
    763.2 ms  ✓ Distances
    642.9 ms  ✓ LogExpFunctions
   2035.8 ms  ✓ Preferences
    513.8 ms  ✓ AliasTables
    502.6 ms  ✓ FillArrays → FillArraysStatisticsExt
   1759.6 ms  ✓ DataStructures
    665.7 ms  ✓ JLLWrappers
   1199.5 ms  ✓ Setfield
    598.5 ms  ✓ PrecompileTools
    616.9 ms  ✓ SortingAlgorithms
    935.5 ms  ✓ QuadGK
   1293.9 ms  ✓ IntelOpenMP_jll
   1373.9 ms  ✓ oneTBB_jll
   4103.0 ms  ✓ SparseArrays
    968.4 ms  ✓ FFTW_jll
    941.2 ms  ✓ Rmath_jll
    957.8 ms  ✓ OpenSpecFun_jll
    629.2 ms  ✓ Statistics → SparseArraysExt
    608.4 ms  ✓ SuiteSparse
   1388.0 ms  ✓ MKL_jll
    729.9 ms  ✓ FillArrays → FillArraysSparseArraysExt
    635.0 ms  ✓ Distances → DistancesSparseArraysExt
    841.4 ms  ✓ Rmath
   7784.1 ms  ✓ Test
   2774.7 ms  ✓ SpecialFunctions
   2626.5 ms  ✓ StatsBase
    919.2 ms  ✓ PDMats
   1107.9 ms  ✓ HypergeometricFunctions
   1605.7 ms  ✓ AbstractFFTs → AbstractFFTsTestExt
    708.0 ms  ✓ PDMats → StatsBaseExt
    727.0 ms  ✓ FillArrays → FillArraysPDMatsExt
   1704.3 ms  ✓ StatsFuns
  12030.8 ms  ✓ StaticArrays
    917.0 ms  ✓ ConstructionBase → ConstructionBaseStaticArraysExt
    940.8 ms  ✓ StaticArrays → StaticArraysStatisticsExt
    982.2 ms  ✓ FillArrays → FillArraysStaticArraysExt
   5231.8 ms  ✓ Distributions
  10503.9 ms  ✓ FFTW
   1327.1 ms  ✓ Distributions → DistributionsTestExt
   4244.2 ms  ✓ NearestNeighbors
    857.7 ms  ✓ Neighborhood
    884.6 ms  ✓ StateSpaceSets
  18629.8 ms  ✓ Polynomials
   1601.9 ms  ✓ DelayEmbeddings
    863.9 ms  ✓ Polynomials → PolynomialsFFTWExt
   2099.5 ms  ✓ DSP
   1660.1 ms  ✓ Wavelets
   2998.2 ms  ✓ ComplexityMeasures
  73 dependencies successfully precompiled in 37 seconds. 27 already precompiled.
	Command being timed: "nice -n -10 timeout -k120 -v 3600 julia +nightly --project=C/ComplexityMeasures/Nonlinear-Timeseries-Analysis -e using Pkg; @time @eval Pkg.precompile()"
	User time (seconds): 252.69
	System time (seconds): 16.99
	Percent of CPU this job got: 221%
	Elapsed (wall clock) time (h:mm:ss or m:ss): 2:02.00
	Average shared text size (kbytes): 0
	Average unshared data size (kbytes): 0
	Average stack size (kbytes): 0
	Average total size (kbytes): 0
	Maximum resident set size (kbytes): 2282848
	Average resident set size (kbytes): 0
	Major (requiring I/O) page faults: 468
	Minor (reclaiming a frame) page faults: 6233270
	Voluntary context switches: 18080
	Involuntary context switches: 5662
	Swaps: 0
	File system inputs: 0
	File system outputs: 712072
	Socket messages sent: 0
	Socket messages received: 0
	Signals delivered: 0
	Page size (bytes): 4096
	Exit status: 0
