nice: cannot set niceness: Permission denied
Precompiling packages...
    429.3 ms  ✓ Reexport
    449.7 ms  ✓ DataAPI
    557.0 ms  ✓ ConstructionBase
    603.3 ms  ✓ Statistics
    505.2 ms  ✓ StaticArraysCore
    460.1 ms  ✓ StatsAPI
    836.8 ms  ✓ SuiteSparse_jll
   1367.6 ms  ✓ IrrationalConstants
    799.8 ms  ✓ Requires
    497.4 ms  ✓ Future
    664.5 ms  ✓ OrderedCollections
    615.5 ms  ✓ DocStringExtensions
    690.7 ms  ✓ Serialization
   1876.3 ms  ✓ Bessels
    655.4 ms  ✓ IterTools
    643.7 ms  ✓ AbstractTrees
    590.6 ms  ✓ AbstractFFTs
   1047.0 ms  ✓ Combinatorics
    650.0 ms  ✓ OpenLibm_jll
    471.7 ms  ✓ PtrArrays
   1096.4 ms  ✓ FillArrays
    591.2 ms  ✓ Missings
    999.6 ms  ✓ LazyArtifacts
   1342.6 ms  ✓ InteractiveUtils
    574.7 ms  ✓ ConstructionBase → ConstructionBaseLinearAlgebraExt
   5596.2 ms  ✓ MacroTools
    857.4 ms  ✓ Distances
    663.4 ms  ✓ LogExpFunctions
   2233.0 ms  ✓ Preferences
    512.5 ms  ✓ AliasTables
    472.4 ms  ✓ FillArrays → FillArraysStatisticsExt
   1855.5 ms  ✓ DataStructures
    575.6 ms  ✓ JLLWrappers
    459.5 ms  ✓ PrecompileTools
    561.8 ms  ✓ SortingAlgorithms
   1434.8 ms  ✓ Setfield
    891.0 ms  ✓ QuadGK
   1063.1 ms  ✓ IntelOpenMP_jll
    670.0 ms  ✓ FFTW_jll
   1180.2 ms  ✓ oneTBB_jll
    680.4 ms  ✓ Rmath_jll
    658.7 ms  ✓ OpenSpecFun_jll
   4203.8 ms  ✓ SparseArrays
    717.9 ms  ✓ Rmath
   1227.0 ms  ✓ MKL_jll
   1983.4 ms  ✓ RecipesBase
    605.2 ms  ✓ Statistics → SparseArraysExt
    555.5 ms  ✓ SuiteSparse
    627.3 ms  ✓ FillArrays → FillArraysSparseArraysExt
    540.8 ms  ✓ Distances → DistancesSparseArraysExt
   2483.8 ms  ✓ SpecialFunctions
   9269.6 ms  ✓ Test
   2734.5 ms  ✓ StatsBase
    815.5 ms  ✓ PDMats
   1005.8 ms  ✓ HypergeometricFunctions
    625.5 ms  ✓ PDMats → StatsBaseExt
   1333.7 ms  ✓ AbstractFFTs → AbstractFFTsTestExt
    655.5 ms  ✓ FillArrays → FillArraysPDMatsExt
   1626.9 ms  ✓ StatsFuns
  14243.3 ms  ✓ StaticArrays
  12168.5 ms  ✓ FFTW
    680.0 ms  ✓ StaticArrays → StaticArraysStatisticsExt
    690.9 ms  ✓ ConstructionBase → ConstructionBaseStaticArraysExt
   5240.3 ms  ✓ Distributions
    589.3 ms  ✓ FillArrays → FillArraysStaticArraysExt
   1038.4 ms  ✓ Distributions → DistributionsTestExt
   3761.4 ms  ✓ NearestNeighbors
    741.4 ms  ✓ Neighborhood
    762.9 ms  ✓ StateSpaceSets
   1460.1 ms  ✓ DelayEmbeddings
  20529.8 ms  ✓ Polynomials
    721.9 ms  ✓ Polynomials → PolynomialsFFTWExt
   2037.6 ms  ✓ DSP
   1578.4 ms  ✓ Wavelets
   2885.1 ms  ✓ ComplexityMeasures
  75 dependencies successfully precompiled in 40 seconds. 27 already precompiled.
	Command being timed: "nice -n -10 timeout -k120 -v 3600 julia +alpha --project=C/ComplexityMeasures/Nonlinear-Timeseries-Analysis -e using Pkg; @time @eval Pkg.precompile()"
	User time (seconds): 266.75
	System time (seconds): 17.72
	Percent of CPU this job got: 214%
	Elapsed (wall clock) time (h:mm:ss or m:ss): 2:12.66
	Average shared text size (kbytes): 0
	Average unshared data size (kbytes): 0
	Average stack size (kbytes): 0
	Average total size (kbytes): 0
	Maximum resident set size (kbytes): 2809844
	Average resident set size (kbytes): 0
	Major (requiring I/O) page faults: 417
	Minor (reclaiming a frame) page faults: 6581486
	Voluntary context switches: 18719
	Involuntary context switches: 5950
	Swaps: 0
	File system inputs: 0
	File system outputs: 721712
	Socket messages sent: 0
	Socket messages received: 0
	Signals delivered: 0
	Page size (bytes): 4096
	Exit status: 0
