nice: cannot set niceness: Permission denied
Precompiling packages...
    443.9 ms  ✓ Reexport
    472.1 ms  ✓ DataAPI
    576.6 ms  ✓ ConstructionBase
    630.4 ms  ✓ Statistics
    512.4 ms  ✓ StaticArraysCore
    482.1 ms  ✓ StatsAPI
    952.4 ms  ✓ SuiteSparse_jll
   1356.7 ms  ✓ IrrationalConstants
    802.7 ms  ✓ Requires
    526.2 ms  ✓ Future
    667.8 ms  ✓ OrderedCollections
    720.5 ms  ✓ Serialization
    683.4 ms  ✓ DocStringExtensions
   1859.3 ms  ✓ Bessels
    695.6 ms  ✓ IterTools
    638.4 ms  ✓ AbstractTrees
    606.8 ms  ✓ AbstractFFTs
   1025.1 ms  ✓ Combinatorics
    452.9 ms  ✓ PtrArrays
    827.2 ms  ✓ OpenLibm_jll
   1102.1 ms  ✓ FillArrays
    557.4 ms  ✓ Missings
    947.6 ms  ✓ LazyArtifacts
   1397.0 ms  ✓ InteractiveUtils
    536.3 ms  ✓ ConstructionBase → ConstructionBaseLinearAlgebraExt
   5769.1 ms  ✓ MacroTools
    898.6 ms  ✓ Distances
   2503.9 ms  ✓ Preferences
    645.7 ms  ✓ LogExpFunctions
    517.1 ms  ✓ AliasTables
    467.9 ms  ✓ FillArrays → FillArraysStatisticsExt
   1866.6 ms  ✓ DataStructures
    556.8 ms  ✓ JLLWrappers
    482.5 ms  ✓ PrecompileTools
    575.1 ms  ✓ SortingAlgorithms
   1549.6 ms  ✓ Setfield
    951.3 ms  ✓ QuadGK
   1089.3 ms  ✓ IntelOpenMP_jll
    674.7 ms  ✓ FFTW_jll
   1168.7 ms  ✓ oneTBB_jll
   4285.5 ms  ✓ SparseArrays
    706.7 ms  ✓ Rmath_jll
    721.0 ms  ✓ OpenSpecFun_jll
    591.6 ms  ✓ Statistics → SparseArraysExt
   1196.1 ms  ✓ MKL_jll
    588.6 ms  ✓ SuiteSparse
   2019.3 ms  ✓ RecipesBase
    597.1 ms  ✓ Distances → DistancesSparseArraysExt
    655.8 ms  ✓ FillArrays → FillArraysSparseArraysExt
    756.7 ms  ✓ Rmath
   2462.6 ms  ✓ StatsBase
   2571.7 ms  ✓ SpecialFunctions
   1030.5 ms  ✓ PDMats
   9649.8 ms  ✓ Test
   1150.9 ms  ✓ HypergeometricFunctions
    653.3 ms  ✓ PDMats → StatsBaseExt
    655.8 ms  ✓ FillArrays → FillArraysPDMatsExt
   1638.4 ms  ✓ AbstractFFTs → AbstractFFTsTestExt
   1764.7 ms  ✓ StatsFuns
  11927.5 ms  ✓ FFTW
  14313.0 ms  ✓ StaticArrays
   5249.2 ms  ✓ Distributions
    578.2 ms  ✓ StaticArrays → StaticArraysStatisticsExt
    577.0 ms  ✓ ConstructionBase → ConstructionBaseStaticArraysExt
    642.1 ms  ✓ FillArrays → FillArraysStaticArraysExt
   1120.7 ms  ✓ Distributions → DistributionsTestExt
   3756.1 ms  ✓ NearestNeighbors
    770.1 ms  ✓ Neighborhood
    791.5 ms  ✓ StateSpaceSets
   1522.7 ms  ✓ DelayEmbeddings
  18898.9 ms  ✓ Polynomials
    752.5 ms  ✓ Polynomials → PolynomialsFFTWExt
   2062.0 ms  ✓ DSP
   1605.2 ms  ✓ Wavelets
   2913.9 ms  ✓ ComplexityMeasures
  75 dependencies successfully precompiled in 40 seconds. 27 already precompiled.
	Command being timed: "nice -n -10 timeout -k120 -v 3600 julia +nightly --project=C/ComplexityMeasures/Nonlinear-Timeseries-Analysis -e using Pkg; @time @eval Pkg.precompile()"
	User time (seconds): 276.73
	System time (seconds): 18.23
	Percent of CPU this job got: 213%
	Elapsed (wall clock) time (h:mm:ss or m:ss): 2:18.22
	Average shared text size (kbytes): 0
	Average unshared data size (kbytes): 0
	Average stack size (kbytes): 0
	Average total size (kbytes): 0
	Maximum resident set size (kbytes): 2597492
	Average resident set size (kbytes): 0
	Major (requiring I/O) page faults: 476
	Minor (reclaiming a frame) page faults: 6732013
	Voluntary context switches: 18467
	Involuntary context switches: 6317
	Swaps: 0
	File system inputs: 0
	File system outputs: 737512
	Socket messages sent: 0
	Socket messages received: 0
	Signals delivered: 0
	Page size (bytes): 4096
	Exit status: 0
