nice: cannot set niceness: Permission denied
Precompiling packages...
   1578.9 ms  ✓ Unicode
   1576.8 ms  ✓ UUIDs
   1572.1 ms  ✓ MozillaCACerts_jll
   1575.6 ms  ✓ Zlib_jll
   1576.3 ms  ✓ Logging
   1692.4 ms  ✓ OpenSSL_jll
   1678.6 ms  ✓ CompilerSupportLibraries_jll
   1675.7 ms  ✓ nghttp2_jll
   1778.4 ms  ✓ NetworkOptions
   1781.6 ms  ✓ Base64
    497.5 ms  ✓ LibSSH2_jll
    601.1 ms  ✓ p7zip_jll
    726.1 ms  ✓ Printf
    459.4 ms  ✓ LibGit2_jll
    457.8 ms  ✓ LibCURL_jll
   3105.9 ms  ✓ ArgTools
    771.2 ms  ✓ LibCURL
    653.1 ms  ✓ Tar
   2881.0 ms  ✓ Dates
    457.3 ms  ✓ TOML
   3096.5 ms  ✓ LibGit2
   2969.4 ms  ✓ Downloads
   9336.7 ms  ✓ StyledStrings
   1686.0 ms  ✓ JuliaSyntaxHighlighting
   3793.8 ms  ✓ Markdown
  46258.1 ms  ✓ Pkg
  26 dependencies successfully precompiled in 61 seconds
Precompiling packages...
   2368.5 ms  ✓ Reexport
   2559.0 ms  ✓ DataAPI
   2593.2 ms  ✓ OpenLibm_jll
   2755.4 ms  ✓ StatsAPI
   3380.9 ms  ✓ AbstractFFTs
   3392.1 ms  ✓ AbstractTrees
   3482.4 ms  ✓ Statistics
   3682.6 ms  ✓ DocStringExtensions
   3826.5 ms  ✓ IterTools
   3884.3 ms  ✓ Serialization
   2496.9 ms  ✓ Future
   2412.4 ms  ✓ PtrArrays
   3022.6 ms  ✓ SuiteSparse_jll
   5396.8 ms  ✓ FillArrays
   5993.8 ms  ✓ Combinatorics
   2709.7 ms  ✓ StaticArraysCore
   3396.9 ms  ✓ Preferences
   2390.3 ms  ✓ AliasTables
   2133.2 ms  ✓ FillArrays → FillArraysStatisticsExt
   4412.0 ms  ✓ LazyArtifacts
   1807.0 ms  ✓ PrecompileTools
   8792.3 ms  ✓ Bessels
   2095.9 ms  ✓ JLLWrappers
   8978.2 ms  ✓ OrderedCollections
   9074.3 ms  ✓ ConstructionBase
   2095.7 ms  ✓ ConstructionBase → ConstructionBaseLinearAlgebraExt
   2895.8 ms  ✓ Rmath_jll
   7945.0 ms  ✓ Missings
  11986.6 ms  ✓ IrrationalConstants
   3223.8 ms  ✓ OpenSpecFun_jll
   3275.0 ms  ✓ FFTW_jll
   8817.3 ms  ✓ Distances
   4388.3 ms  ✓ IntelOpenMP_jll
   9896.8 ms  ✓ InteractiveUtils
   4507.7 ms  ✓ oneTBB_jll
   1421.2 ms  ✓ LogExpFunctions
   1686.8 ms  ✓ Rmath
   5044.0 ms  ✓ DataStructures
  12416.7 ms  ✓ MacroTools
   1193.0 ms  ✓ SortingAlgorithms
   2396.4 ms  ✓ MKL_jll
   1718.1 ms  ✓ Setfield
   3312.3 ms  ✓ QuadGK
   4119.4 ms  ✓ SpecialFunctions
  12395.1 ms  ✓ SparseArrays
   1315.1 ms  ✓ Statistics → SparseArraysExt
   1313.8 ms  ✓ SuiteSparse
   1294.6 ms  ✓ Distances → DistancesSparseArraysExt
   1497.9 ms  ✓ FillArrays → FillArraysSparseArraysExt
   1835.6 ms  ✓ HypergeometricFunctions
   1967.8 ms  ✓ PDMats
   7706.8 ms  ✓ Test
    854.7 ms  ✓ FillArrays → FillArraysPDMatsExt
   1924.3 ms  ✓ AbstractFFTs → AbstractFFTsTestExt
   4724.2 ms  ✓ StatsFuns
  15845.8 ms  ✓ StaticArrays
   6077.4 ms  ✓ StatsBase
   2039.0 ms  ✓ ConstructionBase → ConstructionBaseStaticArraysExt
   2231.3 ms  ✓ FillArrays → FillArraysStaticArraysExt
   2241.7 ms  ✓ StaticArrays → StaticArraysStatisticsExt
   2405.7 ms  ✓ PDMats → StatsBaseExt
  12700.2 ms  ✓ FFTW
   4389.4 ms  ✓ NearestNeighbors
    723.6 ms  ✓ Neighborhood
   4682.4 ms  ✓ Distributions
   1005.4 ms  ✓ Distributions → DistributionsTestExt
   1675.2 ms  ✓ StateSpaceSets
   2370.2 ms  ✓ DelayEmbeddings
  21951.7 ms  ✓ Polynomials
    703.8 ms  ✓ Polynomials → PolynomialsFFTWExt
   1993.3 ms  ✓ DSP
   2459.6 ms  ✓ Wavelets
   2930.7 ms  ✓ ComplexityMeasures
  73 dependencies successfully precompiled in 48 seconds. 26 already precompiled.
	Command being timed: "nice -n -10 timeout -k120 -v 3600 julia +release --project=C/ComplexityMeasures/Nonlinear-Timeseries-Analysis -e using Pkg; @time @eval Pkg.precompile()"
	User time (seconds): 280.45
	System time (seconds): 20.65
	Percent of CPU this job got: 274%
	Elapsed (wall clock) time (h:mm:ss or m:ss): 1:49.77
	Average shared text size (kbytes): 0
	Average unshared data size (kbytes): 0
	Average stack size (kbytes): 0
	Average total size (kbytes): 0
	Maximum resident set size (kbytes): 2169768
	Average resident set size (kbytes): 0
	Major (requiring I/O) page faults: 497
	Minor (reclaiming a frame) page faults: 5713103
	Voluntary context switches: 17732
	Involuntary context switches: 14630
	Swaps: 0
	File system inputs: 0
	File system outputs: 690208
	Socket messages sent: 0
	Socket messages received: 0
	Signals delivered: 0
	Page size (bytes): 4096
	Exit status: 0
