nice: cannot set niceness: Permission denied
Precompiling packages...
   1571.0 ms  ✓ MozillaCACerts_jll
   1586.1 ms  ✓ UUIDs
   1649.4 ms  ✓ nghttp2_jll
   1678.0 ms  ✓ Zlib_jll
   1715.9 ms  ✓ OpenSSL_jll
   1685.9 ms  ✓ Logging
   1703.1 ms  ✓ CompilerSupportLibraries_jll
   1717.0 ms  ✓ Unicode
   1711.7 ms  ✓ Base64
   1777.9 ms  ✓ NetworkOptions
    466.8 ms  ✓ LibSSH2_jll
    569.3 ms  ✓ p7zip_jll
    663.6 ms  ✓ Printf
    477.7 ms  ✓ LibGit2_jll
    476.3 ms  ✓ LibCURL_jll
   3200.7 ms  ✓ ArgTools
    755.4 ms  ✓ LibCURL
    624.9 ms  ✓ Tar
   2937.3 ms  ✓ Dates
   2970.9 ms  ✓ LibGit2
    445.3 ms  ✓ TOML
   2925.8 ms  ✓ Downloads
   9191.1 ms  ✓ StyledStrings
   1654.0 ms  ✓ JuliaSyntaxHighlighting
   3712.1 ms  ✓ Markdown
  45989.6 ms  ✓ Pkg
  26 dependencies successfully precompiled in 61 seconds
Precompiling packages...
   2367.3 ms  ✓ Reexport
   2579.9 ms  ✓ OpenLibm_jll
   2569.1 ms  ✓ DataAPI
   2649.9 ms  ✓ StatsAPI
   3360.1 ms  ✓ Statistics
   3364.9 ms  ✓ DocStringExtensions
   3369.4 ms  ✓ AbstractTrees
   3384.3 ms  ✓ AbstractFFTs
   3748.9 ms  ✓ IterTools
   3885.7 ms  ✓ Serialization
   2592.5 ms  ✓ Future
   2508.3 ms  ✓ PtrArrays
   3012.6 ms  ✓ SuiteSparse_jll
   5477.9 ms  ✓ FillArrays
   5880.6 ms  ✓ Combinatorics
   2813.9 ms  ✓ StaticArraysCore
   3706.7 ms  ✓ Preferences
   2395.2 ms  ✓ FillArrays → FillArraysStatisticsExt
   2761.4 ms  ✓ AliasTables
   5000.0 ms  ✓ LazyArtifacts
   3786.3 ms  ✓ Requires
   8968.0 ms  ✓ ConstructionBase
   2183.4 ms  ✓ PrecompileTools
   9269.2 ms  ✓ OrderedCollections
   9276.3 ms  ✓ Bessels
   2482.7 ms  ✓ JLLWrappers
   1892.6 ms  ✓ ConstructionBase → ConstructionBaseLinearAlgebraExt
   7890.8 ms  ✓ Missings
  12369.1 ms  ✓ IrrationalConstants
   9017.8 ms  ✓ Distances
   3010.0 ms  ✓ FFTW_jll
   3086.7 ms  ✓ OpenSpecFun_jll
   3127.3 ms  ✓ Rmath_jll
   4217.3 ms  ✓ IntelOpenMP_jll
  10581.3 ms  ✓ InteractiveUtils
   1608.8 ms  ✓ LogExpFunctions
   4594.8 ms  ✓ oneTBB_jll
   5306.6 ms  ✓ RecipesBase
   1907.9 ms  ✓ Rmath
   5594.8 ms  ✓ DataStructures
  13196.2 ms  ✓ MacroTools
   1201.6 ms  ✓ SortingAlgorithms
   2527.4 ms  ✓ MKL_jll
   1790.1 ms  ✓ Setfield
   3306.7 ms  ✓ QuadGK
   4289.9 ms  ✓ SpecialFunctions
  13239.1 ms  ✓ SparseArrays
   1272.9 ms  ✓ Distances → DistancesSparseArraysExt
   1319.7 ms  ✓ Statistics → SparseArraysExt
   1663.1 ms  ✓ HypergeometricFunctions
   1350.5 ms  ✓ SuiteSparse
   1379.1 ms  ✓ FillArrays → FillArraysSparseArraysExt
   7913.0 ms  ✓ Test
   1938.6 ms  ✓ PDMats
    901.7 ms  ✓ FillArrays → FillArraysPDMatsExt
   1929.4 ms  ✓ AbstractFFTs → AbstractFFTsTestExt
   4120.6 ms  ✓ StatsFuns
  16306.2 ms  ✓ StaticArrays
   6431.1 ms  ✓ StatsBase
   2194.8 ms  ✓ StaticArrays → StaticArraysStatisticsExt
   2299.2 ms  ✓ ConstructionBase → ConstructionBaseStaticArraysExt
   2301.5 ms  ✓ FillArrays → FillArraysStaticArraysExt
   2294.2 ms  ✓ PDMats → StatsBaseExt
  12430.5 ms  ✓ FFTW
   4088.2 ms  ✓ NearestNeighbors
    712.5 ms  ✓ Neighborhood
   4362.3 ms  ✓ Distributions
   1023.6 ms  ✓ Distributions → DistributionsTestExt
   1688.1 ms  ✓ StateSpaceSets
   2232.3 ms  ✓ DelayEmbeddings
  22286.1 ms  ✓ Polynomials
    729.0 ms  ✓ Polynomials → PolynomialsFFTWExt
   1986.7 ms  ✓ DSP
   2364.3 ms  ✓ Wavelets
   2959.7 ms  ✓ ComplexityMeasures
  75 dependencies successfully precompiled in 49 seconds. 26 already precompiled.
	Command being timed: "nice -n -10 timeout -k120 -v 3600 julia +1.12.4 --project=C/ComplexityMeasures/Nonlinear-Timeseries-Analysis -e using Pkg; @time @eval Pkg.precompile()"
	User time (seconds): 282.05
	System time (seconds): 21.10
	Percent of CPU this job got: 275%
	Elapsed (wall clock) time (h:mm:ss or m:ss): 1:50.20
	Average shared text size (kbytes): 0
	Average unshared data size (kbytes): 0
	Average stack size (kbytes): 0
	Average total size (kbytes): 0
	Maximum resident set size (kbytes): 2147084
	Average resident set size (kbytes): 0
	Major (requiring I/O) page faults: 466
	Minor (reclaiming a frame) page faults: 5849667
	Voluntary context switches: 17707
	Involuntary context switches: 14742
	Swaps: 0
	File system inputs: 0
	File system outputs: 695248
	Socket messages sent: 0
	Socket messages received: 0
	Signals delivered: 0
	Page size (bytes): 4096
	Exit status: 0
