nice: cannot set niceness: Permission denied
Precompiling packages...
    434.5 ms  ✓ Reexport
    475.6 ms  ✓ DataAPI
    573.0 ms  ✓ ConstructionBase
    597.0 ms  ✓ Statistics
    515.1 ms  ✓ StaticArraysCore
    471.9 ms  ✓ StatsAPI
    864.4 ms  ✓ SuiteSparse_jll
    426.4 ms  ✓ Future
   1342.7 ms  ✓ IrrationalConstants
    694.9 ms  ✓ OrderedCollections
    737.0 ms  ✓ Serialization
    621.0 ms  ✓ DocStringExtensions
    645.3 ms  ✓ IterTools
   1845.2 ms  ✓ Bessels
    648.4 ms  ✓ AbstractTrees
    616.0 ms  ✓ AbstractFFTs
   1072.8 ms  ✓ Combinatorics
    670.3 ms  ✓ OpenLibm_jll
    463.4 ms  ✓ PtrArrays
   1085.5 ms  ✓ FillArrays
    524.5 ms  ✓ Missings
    990.9 ms  ✓ LazyArtifacts
   1389.1 ms  ✓ InteractiveUtils
    647.1 ms  ✓ ConstructionBase → ConstructionBaseLinearAlgebraExt
   5596.9 ms  ✓ MacroTools
    873.5 ms  ✓ Distances
   2289.7 ms  ✓ Preferences
    520.2 ms  ✓ AliasTables
    675.1 ms  ✓ LogExpFunctions
    484.9 ms  ✓ FillArrays → FillArraysStatisticsExt
   1877.1 ms  ✓ DataStructures
    584.8 ms  ✓ JLLWrappers
    454.0 ms  ✓ PrecompileTools
    545.4 ms  ✓ SortingAlgorithms
   1423.4 ms  ✓ Setfield
    961.3 ms  ✓ QuadGK
   1135.9 ms  ✓ IntelOpenMP_jll
    713.3 ms  ✓ FFTW_jll
   1249.5 ms  ✓ oneTBB_jll
    734.6 ms  ✓ Rmath_jll
   4278.8 ms  ✓ SparseArrays
    714.0 ms  ✓ OpenSpecFun_jll
    725.2 ms  ✓ Rmath
    574.0 ms  ✓ Statistics → SparseArraysExt
   1234.3 ms  ✓ MKL_jll
    603.6 ms  ✓ SuiteSparse
    714.2 ms  ✓ FillArrays → FillArraysSparseArraysExt
    590.8 ms  ✓ Distances → DistancesSparseArraysExt
   2487.5 ms  ✓ SpecialFunctions
   2458.5 ms  ✓ StatsBase
    981.7 ms  ✓ PDMats
   1237.8 ms  ✓ HypergeometricFunctions
   9623.4 ms  ✓ Test
    660.1 ms  ✓ PDMats → StatsBaseExt
    682.3 ms  ✓ FillArrays → FillArraysPDMatsExt
   1362.7 ms  ✓ AbstractFFTs → AbstractFFTsTestExt
   1583.1 ms  ✓ StatsFuns
   4883.1 ms  ✓ Distributions
  14297.9 ms  ✓ StaticArrays
    720.2 ms  ✓ StaticArrays → StaticArraysStatisticsExt
    723.6 ms  ✓ ConstructionBase → ConstructionBaseStaticArraysExt
   1484.6 ms  ✓ Distributions → DistributionsTestExt
    735.3 ms  ✓ FillArrays → FillArraysStaticArraysExt
  12092.6 ms  ✓ FFTW
   4127.5 ms  ✓ NearestNeighbors
    756.0 ms  ✓ Neighborhood
    779.6 ms  ✓ StateSpaceSets
   1504.6 ms  ✓ DelayEmbeddings
  20610.4 ms  ✓ Polynomials
    712.7 ms  ✓ Polynomials → PolynomialsFFTWExt
   2031.4 ms  ✓ DSP
   1571.9 ms  ✓ Wavelets
   2872.7 ms  ✓ ComplexityMeasures
  73 dependencies successfully precompiled in 39 seconds. 27 already precompiled.
	Command being timed: "nice -n -10 timeout -k120 -v 3600 julia +alpha --project=C/ComplexityMeasures/Nonlinear-Timeseries-Analysis -e using Pkg; @time @eval Pkg.precompile()"
	User time (seconds): 267.41
	System time (seconds): 17.81
	Percent of CPU this job got: 217%
	Elapsed (wall clock) time (h:mm:ss or m:ss): 2:11.25
	Average shared text size (kbytes): 0
	Average unshared data size (kbytes): 0
	Average stack size (kbytes): 0
	Average total size (kbytes): 0
	Maximum resident set size (kbytes): 2702500
	Average resident set size (kbytes): 0
	Major (requiring I/O) page faults: 424
	Minor (reclaiming a frame) page faults: 6384005
	Voluntary context switches: 18296
	Involuntary context switches: 7087
	Swaps: 0
	File system inputs: 0
	File system outputs: 715248
	Socket messages sent: 0
	Socket messages received: 0
	Signals delivered: 0
	Page size (bytes): 4096
	Exit status: 0
