nice: cannot set niceness: Permission denied
Precompiling packages...
   1993.6 ms  ✓ Reexport
   2046.1 ms  ✓ DataAPI
   2052.5 ms  ✓ CommonSolve
   2094.1 ms  ✓ OpenLibm_jll
   2144.3 ms  ✓ StatsAPI
   2468.6 ms  ✓ InverseFunctions
   2443.4 ms  ✓ ConstructionBase
   2749.6 ms  ✓ VectorInterface
   2780.7 ms  ✓ AbstractFFTs
   2782.4 ms  ✓ DocStringExtensions
   2986.5 ms  ✓ OrderedCollections
   2991.4 ms  ✓ AbstractTrees
   1707.0 ms  ✓ PackageExtensionCompat
   4027.3 ms  ✓ Combinatorics
   1801.4 ms  ✓ LazyArtifacts
   2108.2 ms  ✓ CompilerSupportLibraries_jll
   4281.9 ms  ✓ FillArrays
   1690.5 ms  ✓ PtrArrays
   2012.1 ms  ✓ InverseFunctions → InverseFunctionsDatesExt
   2323.7 ms  ✓ SuiteSparse_jll
   2208.2 ms  ✓ CompositionsBase
   2794.2 ms  ✓ IterTools
   2305.3 ms  ✓ StaticArraysCore
   1975.4 ms  ✓ Missings
   5775.6 ms  ✓ IrrationalConstants
   3005.2 ms  ✓ Gamma
   1988.9 ms  ✓ ConstructionBase → ConstructionBaseLinearAlgebraExt
   1615.9 ms  ✓ AliasTables
   3172.3 ms  ✓ Preferences
   1708.9 ms  ✓ CompositionsBase → CompositionsBaseInverseFunctionsExt
   6580.6 ms  ✓ Bessels
    742.5 ms  ✓ PrecompileTools
    920.9 ms  ✓ JLLWrappers
   1417.9 ms  ✓ LogExpFunctions
   2400.1 ms  ✓ HypergeometricFunctions
   1593.0 ms  ✓ IntelOpenMP_jll
   1598.5 ms  ✓ FFTW_jll
   1598.5 ms  ✓ OpenSpecFun_jll
   4425.8 ms  ✓ KrylovKit
   1575.1 ms  ✓ LogExpFunctions → LogExpFunctionsInverseFunctionsExt
   1686.6 ms  ✓ Rmath_jll
   1690.0 ms  ✓ oneTBB_jll
   4710.3 ms  ✓ DataStructures
   1704.2 ms  ✓ MKL_jll
   1609.6 ms  ✓ SortingAlgorithms
   6710.0 ms  ✓ MacroTools
   7859.7 ms  ✓ Test
   2106.3 ms  ✓ Rmath
   2403.8 ms  ✓ QuadGK
    971.4 ms  ✓ InverseFunctions → InverseFunctionsTestExt
   1604.2 ms  ✓ Setfield
   1696.5 ms  ✓ AbstractFFTs → AbstractFFTsTestExt
   7896.8 ms  ✓ SparseArrays
    893.4 ms  ✓ SuiteSparse
   1008.8 ms  ✓ FillArrays → FillArraysSparseArraysExt
   4817.7 ms  ✓ SpecialFunctions
   2923.1 ms  ✓ Accessors
   1180.4 ms  ✓ Statistics
   1070.1 ms  ✓ Accessors → LinearAlgebraExt
   1075.2 ms  ✓ FillArrays → FillArraysStatisticsExt
   1615.3 ms  ✓ PDMats
   1667.8 ms  ✓ Accessors → TestExt
   1791.5 ms  ✓ Distances
   1102.6 ms  ✓ FillArrays → FillArraysPDMatsExt
   2678.3 ms  ✓ StatsFuns
    954.9 ms  ✓ Distances → DistancesSparseArraysExt
   3393.9 ms  ✓ StatsBase
    895.6 ms  ✓ StatsFuns → StatsFunsInverseFunctionsExt
   1723.6 ms  ✓ PDMats → StatsBaseExt
   5896.3 ms  ✓ Roots
  10425.3 ms  ✓ FFTW
  14020.0 ms  ✓ StaticArrays
    721.7 ms  ✓ VectorInterface → VectorInterfaceStaticArraysExt
    739.5 ms  ✓ FillArrays → FillArraysStaticArraysExt
    759.5 ms  ✓ ConstructionBase → ConstructionBaseStaticArraysExt
    856.7 ms  ✓ StaticArrays → StaticArraysStatisticsExt
    967.6 ms  ✓ Accessors → StaticArraysExt
   4205.9 ms  ✓ Distributions
   3143.7 ms  ✓ NearestNeighbors
    881.2 ms  ✓ Distributions → DistributionsTestExt
    724.0 ms  ✓ Neighborhood
    771.9 ms  ✓ StateSpaceSets
   1668.7 ms  ✓ DelayEmbeddings
  18846.1 ms  ✓ Polynomials
    656.7 ms  ✓ Polynomials → PolynomialsFFTWExt
   1803.3 ms  ✓ DSP
   1406.5 ms  ✓ Wavelets
   2336.0 ms  ✓ ComplexityMeasures
  88 dependencies successfully precompiled in 38 seconds
	Command being timed: "nice -n -10 timeout -k120 -v 3600 julia +lts --project=C/ComplexityMeasures/Nonlinear-Timeseries-Analysis -e using Pkg; @time @eval Pkg.precompile()"
	User time (seconds): 121.00
	System time (seconds): 15.65
	Percent of CPU this job got: 348%
	Elapsed (wall clock) time (h:mm:ss or m:ss): 0:39.24
	Average shared text size (kbytes): 0
	Average unshared data size (kbytes): 0
	Average stack size (kbytes): 0
	Average total size (kbytes): 0
	Maximum resident set size (kbytes): 927128
	Average resident set size (kbytes): 0
	Major (requiring I/O) page faults: 241
	Minor (reclaiming a frame) page faults: 3981500
	Voluntary context switches: 113595
	Involuntary context switches: 22835
	Swaps: 0
	File system inputs: 0
	File system outputs: 415408
	Socket messages sent: 0
	Socket messages received: 0
	Signals delivered: 0
	Page size (bytes): 4096
	Exit status: 0
