nice: cannot set niceness: Permission denied
Precompiling packages...
   1594.8 ms  ✓ MozillaCACerts_jll
   1691.8 ms  ✓ Logging
   1731.2 ms  ✓ OpenSSL_jll
   1706.6 ms  ✓ Zlib_jll
   1714.7 ms  ✓ UUIDs
   1794.0 ms  ✓ Unicode
   1795.0 ms  ✓ nghttp2_jll
   1819.2 ms  ✓ NetworkOptions
   1877.7 ms  ✓ CompilerSupportLibraries_jll
   1895.5 ms  ✓ Base64
    535.3 ms  ✓ LibSSH2_jll
    560.7 ms  ✓ p7zip_jll
    680.2 ms  ✓ Printf
    499.5 ms  ✓ LibGit2_jll
    498.1 ms  ✓ LibCURL_jll
   3310.8 ms  ✓ ArgTools
    766.2 ms  ✓ LibCURL
    633.3 ms  ✓ Tar
   2896.9 ms  ✓ Dates
   3051.9 ms  ✓ LibGit2
    464.9 ms  ✓ TOML
   2972.6 ms  ✓ Downloads
   9631.2 ms  ✓ StyledStrings
   1681.3 ms  ✓ JuliaSyntaxHighlighting
   3874.6 ms  ✓ Markdown
  47531.5 ms  ✓ Pkg
  26 dependencies successfully precompiled in 63 seconds
Precompiling packages...
   2715.5 ms  ✓ Reexport
   2915.9 ms  ✓ OpenLibm_jll
   2895.5 ms  ✓ DataAPI
   2986.0 ms  ✓ StatsAPI
   3314.1 ms  ✓ DocStringExtensions
   3316.0 ms  ✓ VectorInterface
   3321.1 ms  ✓ Statistics
   3401.1 ms  ✓ AbstractTrees
   3816.3 ms  ✓ Serialization
   3826.7 ms  ✓ AbstractFFTs
   2588.7 ms  ✓ PackageExtensionCompat
   2392.9 ms  ✓ Future
   5735.3 ms  ✓ FillArrays
   5914.9 ms  ✓ Combinatorics
   2686.2 ms  ✓ PtrArrays
   3108.9 ms  ✓ SuiteSparse_jll
   2788.3 ms  ✓ StaticArraysCore
   3321.2 ms  ✓ IterTools
   3723.5 ms  ✓ Preferences
   2507.2 ms  ✓ FillArrays → FillArraysStatisticsExt
   4807.1 ms  ✓ LazyArtifacts
   2699.8 ms  ✓ AliasTables
   2097.4 ms  ✓ PrecompileTools
   9304.9 ms  ✓ ConstructionBase
   9417.3 ms  ✓ OrderedCollections
   9538.9 ms  ✓ Bessels
   2480.4 ms  ✓ JLLWrappers
   2114.8 ms  ✓ ConstructionBase → ConstructionBaseLinearAlgebraExt
   3106.8 ms  ✓ FFTW_jll
   3118.5 ms  ✓ Rmath_jll
  12726.7 ms  ✓ IrrationalConstants
   7088.8 ms  ✓ KrylovKit
   3302.5 ms  ✓ OpenSpecFun_jll
   8307.8 ms  ✓ Missings
   4616.2 ms  ✓ IntelOpenMP_jll
   8640.1 ms  ✓ Distances
   1671.0 ms  ✓ LogExpFunctions
   4797.4 ms  ✓ oneTBB_jll
  10919.0 ms  ✓ InteractiveUtils
   2105.1 ms  ✓ Rmath
   5729.2 ms  ✓ DataStructures
  12813.7 ms  ✓ MacroTools
   1217.8 ms  ✓ SortingAlgorithms
   2433.7 ms  ✓ MKL_jll
   1838.9 ms  ✓ Setfield
   3265.8 ms  ✓ QuadGK
   4235.1 ms  ✓ SpecialFunctions
  12697.8 ms  ✓ SparseArrays
   1223.8 ms  ✓ SuiteSparse
   1228.3 ms  ✓ Statistics → SparseArraysExt
   1400.0 ms  ✓ Distances → DistancesSparseArraysExt
   1513.7 ms  ✓ FillArrays → FillArraysSparseArraysExt
   2181.8 ms  ✓ HypergeometricFunctions
   1358.8 ms  ✓ PDMats
   7898.7 ms  ✓ Test
   1559.0 ms  ✓ FillArrays → FillArraysPDMatsExt
   2398.4 ms  ✓ AbstractFFTs → AbstractFFTsTestExt
   5003.6 ms  ✓ StatsFuns
  16618.7 ms  ✓ StaticArrays
   5980.4 ms  ✓ StatsBase
   1731.1 ms  ✓ FillArrays → FillArraysStaticArraysExt
   2379.0 ms  ✓ StaticArrays → StaticArraysStatisticsExt
   2400.0 ms  ✓ ConstructionBase → ConstructionBaseStaticArraysExt
   2474.7 ms  ✓ PDMats → StatsBaseExt
  12877.4 ms  ✓ FFTW
   4286.6 ms  ✓ NearestNeighbors
    736.7 ms  ✓ Neighborhood
   5056.5 ms  ✓ Distributions
   1057.8 ms  ✓ Distributions → DistributionsTestExt
   1763.4 ms  ✓ StateSpaceSets
   2419.6 ms  ✓ DelayEmbeddings
  22647.7 ms  ✓ Polynomials
    726.2 ms  ✓ Polynomials → PolynomialsFFTWExt
   2033.2 ms  ✓ DSP
   2516.0 ms  ✓ Wavelets
   3014.8 ms  ✓ ComplexityMeasures
  76 dependencies successfully precompiled in 50 seconds. 26 already precompiled.
	Command being timed: "nice -n -10 timeout -k120 -v 3600 julia +1.12.6 --project=C/ComplexityMeasures/Nonlinear-Timeseries-Analysis -e using Pkg; @time @eval Pkg.precompile()"
	User time (seconds): 289.85
	System time (seconds): 21.53
	Percent of CPU this job got: 274%
	Elapsed (wall clock) time (h:mm:ss or m:ss): 1:53.38
	Average shared text size (kbytes): 0
	Average unshared data size (kbytes): 0
	Average stack size (kbytes): 0
	Average total size (kbytes): 0
	Maximum resident set size (kbytes): 2181280
	Average resident set size (kbytes): 0
	Major (requiring I/O) page faults: 340
	Minor (reclaiming a frame) page faults: 5846198
	Voluntary context switches: 17103
	Involuntary context switches: 16012
	Swaps: 0
	File system inputs: 0
	File system outputs: 704152
	Socket messages sent: 0
	Socket messages received: 0
	Signals delivered: 0
	Page size (bytes): 4096
	Exit status: 0
