nice: cannot set niceness: Permission denied
Precompiling packages...
   1990.5 ms  ✓ Reexport
   1973.6 ms  ✓ StatsAPI
   1999.4 ms  ✓ OpenLibm_jll
   2161.9 ms  ✓ CompilerSupportLibraries_jll
   2172.4 ms  ✓ DataAPI
   2201.3 ms  ✓ Requires
   2289.7 ms  ✓ ConstructionBase
   2685.1 ms  ✓ DocStringExtensions
   2852.4 ms  ✓ AbstractTrees
   2889.6 ms  ✓ AbstractFFTs
   2955.0 ms  ✓ IterTools
   3003.2 ms  ✓ OrderedCollections
   1500.3 ms  ✓ LazyArtifacts
   3949.7 ms  ✓ Combinatorics
   1684.7 ms  ✓ PtrArrays
   1909.4 ms  ✓ SuiteSparse_jll
   3992.7 ms  ✓ FillArrays
   1793.3 ms  ✓ StaticArraysCore
   1242.8 ms  ✓ ConstructionBase → ConstructionBaseLinearAlgebraExt
   1598.6 ms  ✓ Missings
   4500.3 ms  ✓ IrrationalConstants
   2302.0 ms  ✓ Preferences
    908.1 ms  ✓ AliasTables
    722.0 ms  ✓ PrecompileTools
   5417.7 ms  ✓ Bessels
    887.4 ms  ✓ JLLWrappers
   1300.3 ms  ✓ LogExpFunctions
   1289.1 ms  ✓ OpenSpecFun_jll
   1497.0 ms  ✓ FFTW_jll
   1505.9 ms  ✓ IntelOpenMP_jll
   1513.1 ms  ✓ Rmath_jll
   1599.2 ms  ✓ oneTBB_jll
   4402.8 ms  ✓ DataStructures
   5408.0 ms  ✓ MacroTools
   1478.8 ms  ✓ SortingAlgorithms
   1889.5 ms  ✓ MKL_jll
   2174.8 ms  ✓ Rmath
   3861.2 ms  ✓ RecipesBase
   7233.8 ms  ✓ Test
   2279.9 ms  ✓ QuadGK
   2367.3 ms  ✓ Setfield
   1079.6 ms  ✓ AbstractFFTs → AbstractFFTsTestExt
   6622.8 ms  ✓ SparseArrays
   4200.5 ms  ✓ SpecialFunctions
    619.2 ms  ✓ SuiteSparse
    771.0 ms  ✓ FillArrays → FillArraysSparseArraysExt
    823.8 ms  ✓ Statistics
   1311.6 ms  ✓ HypergeometricFunctions
    881.3 ms  ✓ FillArrays → FillArraysStatisticsExt
   1152.8 ms  ✓ PDMats
   1190.0 ms  ✓ Distances
    699.9 ms  ✓ FillArrays → FillArraysPDMatsExt
    657.5 ms  ✓ Distances → DistancesSparseArraysExt
   2591.1 ms  ✓ StatsFuns
   3466.6 ms  ✓ StatsBase
   2288.7 ms  ✓ PDMats → StatsBaseExt
  12393.1 ms  ✓ StaticArrays
   8845.3 ms  ✓ FFTW
    521.8 ms  ✓ ConstructionBase → ConstructionBaseStaticArraysExt
    541.8 ms  ✓ FillArrays → FillArraysStaticArraysExt
    648.5 ms  ✓ StaticArrays → StaticArraysStatisticsExt
   4057.2 ms  ✓ Distributions
   2907.7 ms  ✓ NearestNeighbors
    708.7 ms  ✓ Neighborhood
    732.2 ms  ✓ Distributions → DistributionsTestExt
    737.9 ms  ✓ StateSpaceSets
   1289.6 ms  ✓ DelayEmbeddings
  16997.5 ms  ✓ Polynomials
    674.9 ms  ✓ Polynomials → PolynomialsFFTWExt
   1755.0 ms  ✓ DSP
   1422.7 ms  ✓ Wavelets
   2271.2 ms  ✓ ComplexityMeasures
  72 dependencies successfully precompiled in 34 seconds
	Command being timed: "nice -n -10 timeout -k120 -v 3600 julia +lts --project=C/ComplexityMeasures/Nonlinear-Timeseries-Analysis -e using Pkg; @time @eval Pkg.precompile()"
	User time (seconds): 106.56
	System time (seconds): 13.24
	Percent of CPU this job got: 340%
	Elapsed (wall clock) time (h:mm:ss or m:ss): 0:35.23
	Average shared text size (kbytes): 0
	Average unshared data size (kbytes): 0
	Average stack size (kbytes): 0
	Average total size (kbytes): 0
	Maximum resident set size (kbytes): 922812
	Average resident set size (kbytes): 0
	Major (requiring I/O) page faults: 219
	Minor (reclaiming a frame) page faults: 3393769
	Voluntary context switches: 92720
	Involuntary context switches: 16881
	Swaps: 0
	File system inputs: 0
	File system outputs: 380112
	Socket messages sent: 0
	Socket messages received: 0
	Signals delivered: 0
	Page size (bytes): 4096
	Exit status: 0
