nice: cannot set niceness: Permission denied
Precompiling packages...
   1502.8 ms  ✓ Zlib_jll
   1617.8 ms  ✓ OpenSSL_jll
   1684.7 ms  ✓ Logging
   1695.3 ms  ✓ UUIDs
   1780.7 ms  ✓ CompilerSupportLibraries_jll
   1787.3 ms  ✓ MozillaCACerts_jll
   1795.8 ms  ✓ Unicode
   1795.4 ms  ✓ nghttp2_jll
   1896.8 ms  ✓ NetworkOptions
   1892.7 ms  ✓ Base64
    619.6 ms  ✓ LibSSH2_jll
    618.8 ms  ✓ p7zip_jll
    695.2 ms  ✓ Printf
    508.0 ms  ✓ LibCURL_jll
    509.7 ms  ✓ LibGit2_jll
   3405.1 ms  ✓ ArgTools
    800.0 ms  ✓ LibCURL
    641.8 ms  ✓ Tar
   3065.2 ms  ✓ Dates
   3138.6 ms  ✓ LibGit2
    464.2 ms  ✓ TOML
   3069.9 ms  ✓ Downloads
   9613.7 ms  ✓ StyledStrings
   1685.1 ms  ✓ JuliaSyntaxHighlighting
   3869.5 ms  ✓ Markdown
  47065.9 ms  ✓ Pkg
  26 dependencies successfully precompiled in 62 seconds
Precompiling packages...
   2288.9 ms  ✓ Reexport
   2580.6 ms  ✓ OpenLibm_jll
   2663.1 ms  ✓ DataAPI
   2932.4 ms  ✓ StatsAPI
   3274.8 ms  ✓ Statistics
   3391.7 ms  ✓ AbstractFFTs
   3396.0 ms  ✓ DocStringExtensions
   3479.7 ms  ✓ AbstractTrees
   3492.4 ms  ✓ VectorInterface
   3670.6 ms  ✓ Serialization
   2492.4 ms  ✓ PackageExtensionCompat
   5106.8 ms  ✓ FillArrays
   3020.4 ms  ✓ SuiteSparse_jll
   3206.1 ms  ✓ IterTools
   2401.1 ms  ✓ PtrArrays
   5810.8 ms  ✓ Combinatorics
   2906.7 ms  ✓ Future
   2889.1 ms  ✓ StaticArraysCore
   3900.9 ms  ✓ Preferences
   2116.7 ms  ✓ FillArrays → FillArraysStatisticsExt
   2586.7 ms  ✓ AliasTables
   4719.2 ms  ✓ LazyArtifacts
   9193.3 ms  ✓ Bessels
   1910.4 ms  ✓ PrecompileTools
   9370.6 ms  ✓ ConstructionBase
   9595.9 ms  ✓ OrderedCollections
   2399.1 ms  ✓ JLLWrappers
   2102.4 ms  ✓ ConstructionBase → ConstructionBaseLinearAlgebraExt
   6797.5 ms  ✓ KrylovKit
   3009.0 ms  ✓ Rmath_jll
   8027.3 ms  ✓ Missings
  12865.6 ms  ✓ IrrationalConstants
   3306.4 ms  ✓ FFTW_jll
   3310.4 ms  ✓ OpenSpecFun_jll
   8698.6 ms  ✓ Distances
   4390.7 ms  ✓ IntelOpenMP_jll
  10705.7 ms  ✓ InteractiveUtils
   1515.4 ms  ✓ LogExpFunctions
   4622.9 ms  ✓ oneTBB_jll
   1897.0 ms  ✓ Rmath
   5307.4 ms  ✓ DataStructures
  12829.6 ms  ✓ MacroTools
   1295.4 ms  ✓ SortingAlgorithms
   2369.5 ms  ✓ MKL_jll
   1703.6 ms  ✓ Setfield
   3334.8 ms  ✓ QuadGK
  12701.7 ms  ✓ SparseArrays
   4167.0 ms  ✓ SpecialFunctions
   1217.5 ms  ✓ SuiteSparse
   1229.5 ms  ✓ Statistics → SparseArraysExt
   1499.5 ms  ✓ Distances → DistancesSparseArraysExt
   1621.0 ms  ✓ FillArrays → FillArraysSparseArraysExt
   2341.6 ms  ✓ HypergeometricFunctions
   1985.3 ms  ✓ PDMats
   7592.0 ms  ✓ Test
    921.7 ms  ✓ FillArrays → FillArraysPDMatsExt
   1927.4 ms  ✓ AbstractFFTs → AbstractFFTsTestExt
   5642.1 ms  ✓ StatsBase
   4592.4 ms  ✓ StatsFuns
  16371.0 ms  ✓ StaticArrays
   1725.7 ms  ✓ PDMats → StatsBaseExt
   1810.7 ms  ✓ StaticArrays → StaticArraysStatisticsExt
   1923.7 ms  ✓ FillArrays → FillArraysStaticArraysExt
   2123.8 ms  ✓ ConstructionBase → ConstructionBaseStaticArraysExt
  13076.2 ms  ✓ FFTW
   4868.9 ms  ✓ NearestNeighbors
    744.6 ms  ✓ Neighborhood
   6122.9 ms  ✓ Distributions
    994.5 ms  ✓ Distributions → DistributionsTestExt
   1698.7 ms  ✓ StateSpaceSets
   2436.0 ms  ✓ DelayEmbeddings
  22838.1 ms  ✓ Polynomials
    729.1 ms  ✓ Polynomials → PolynomialsFFTWExt
   2096.2 ms  ✓ DSP
   2483.8 ms  ✓ Wavelets
   2966.3 ms  ✓ ComplexityMeasures
  76 dependencies successfully precompiled in 50 seconds. 26 already precompiled.
	Command being timed: "nice -n -10 timeout -k120 -v 3600 julia +release --project=C/ComplexityMeasures/Nonlinear-Timeseries-Analysis -e using Pkg; @time @eval Pkg.precompile()"
	User time (seconds): 288.90
	System time (seconds): 21.42
	Percent of CPU this job got: 274%
	Elapsed (wall clock) time (h:mm:ss or m:ss): 1:52.85
	Average shared text size (kbytes): 0
	Average unshared data size (kbytes): 0
	Average stack size (kbytes): 0
	Average total size (kbytes): 0
	Maximum resident set size (kbytes): 2146004
	Average resident set size (kbytes): 0
	Major (requiring I/O) page faults: 361
	Minor (reclaiming a frame) page faults: 5854804
	Voluntary context switches: 17206
	Involuntary context switches: 14635
	Swaps: 0
	File system inputs: 0
	File system outputs: 705448
	Socket messages sent: 0
	Socket messages received: 0
	Signals delivered: 0
	Page size (bytes): 4096
	Exit status: 0
