nice: cannot set niceness: Permission denied
Precompiling packages...
   1939.9 ms  ✓ CommonSolve
   1974.5 ms  ✓ OpenLibm_jll
   2057.6 ms  ✓ Reexport
   2141.8 ms  ✓ StatsAPI
   2144.7 ms  ✓ DataAPI
   2262.6 ms  ✓ InverseFunctions
   2326.5 ms  ✓ ConstructionBase
   2649.9 ms  ✓ VectorInterface
   2756.8 ms  ✓ AbstractTrees
   2758.1 ms  ✓ DocStringExtensions
   2858.7 ms  ✓ AbstractFFTs
   2877.4 ms  ✓ OrderedCollections
   1800.4 ms  ✓ PackageExtensionCompat
   4006.8 ms  ✓ Combinatorics
   1821.2 ms  ✓ CompilerSupportLibraries_jll
   1890.1 ms  ✓ LazyArtifacts
   1911.7 ms  ✓ CompositionsBase
   4359.4 ms  ✓ FillArrays
   2304.7 ms  ✓ SuiteSparse_jll
   1897.4 ms  ✓ PtrArrays
   2113.9 ms  ✓ StaticArraysCore
   3089.2 ms  ✓ IterTools
   5655.7 ms  ✓ IrrationalConstants
   1796.6 ms  ✓ ConstructionBase → ConstructionBaseLinearAlgebraExt
   1896.1 ms  ✓ InverseFunctions → InverseFunctionsDatesExt
   1997.1 ms  ✓ Missings
   3198.9 ms  ✓ Gamma
   3189.5 ms  ✓ Preferences
   1787.9 ms  ✓ AliasTables
   2306.6 ms  ✓ CompositionsBase → CompositionsBaseInverseFunctionsExt
   6949.4 ms  ✓ Bessels
   1089.8 ms  ✓ PrecompileTools
   1614.5 ms  ✓ LogExpFunctions
   1225.8 ms  ✓ JLLWrappers
   2570.5 ms  ✓ HypergeometricFunctions
   4600.3 ms  ✓ KrylovKit
   1771.8 ms  ✓ LogExpFunctions → LogExpFunctionsInverseFunctionsExt
   1723.3 ms  ✓ IntelOpenMP_jll
   1862.7 ms  ✓ Rmath_jll
   5114.6 ms  ✓ DataStructures
   1829.4 ms  ✓ OpenSpecFun_jll
   1960.9 ms  ✓ oneTBB_jll
   1931.9 ms  ✓ FFTW_jll
   7016.5 ms  ✓ MacroTools
   1581.7 ms  ✓ SortingAlgorithms
   1714.8 ms  ✓ MKL_jll
   8405.4 ms  ✓ Test
   2101.7 ms  ✓ Rmath
   2480.3 ms  ✓ QuadGK
    939.3 ms  ✓ InverseFunctions → InverseFunctionsTestExt
   2694.6 ms  ✓ Setfield
   8048.4 ms  ✓ SparseArrays
   1730.9 ms  ✓ AbstractFFTs → AbstractFFTsTestExt
   4018.6 ms  ✓ Accessors
   1151.6 ms  ✓ SuiteSparse
   1172.3 ms  ✓ FillArrays → FillArraysSparseArraysExt
   1265.8 ms  ✓ Statistics
   5081.3 ms  ✓ SpecialFunctions
    997.9 ms  ✓ Accessors → LinearAlgebraExt
   1764.1 ms  ✓ Accessors → TestExt
   1288.9 ms  ✓ FillArrays → FillArraysStatisticsExt
   1422.6 ms  ✓ PDMats
   1606.8 ms  ✓ Distances
    893.3 ms  ✓ FillArrays → FillArraysPDMatsExt
    809.9 ms  ✓ Distances → DistancesSparseArraysExt
   2306.0 ms  ✓ StatsFuns
   3801.5 ms  ✓ StatsBase
   1489.1 ms  ✓ StatsFuns → StatsFunsInverseFunctionsExt
   1989.5 ms  ✓ PDMats → StatsBaseExt
   6272.0 ms  ✓ Roots
   9987.8 ms  ✓ FFTW
  14054.0 ms  ✓ StaticArrays
    688.3 ms  ✓ VectorInterface → VectorInterfaceStaticArraysExt
    727.9 ms  ✓ ConstructionBase → ConstructionBaseStaticArraysExt
    747.3 ms  ✓ FillArrays → FillArraysStaticArraysExt
    840.8 ms  ✓ StaticArrays → StaticArraysStatisticsExt
    937.3 ms  ✓ Accessors → StaticArraysExt
   4323.6 ms  ✓ Distributions
   3075.0 ms  ✓ NearestNeighbors
    845.7 ms  ✓ Distributions → DistributionsTestExt
    741.5 ms  ✓ Neighborhood
    753.1 ms  ✓ StateSpaceSets
   1538.1 ms  ✓ DelayEmbeddings
  18670.0 ms  ✓ Polynomials
    632.4 ms  ✓ Polynomials → PolynomialsFFTWExt
   1771.4 ms  ✓ DSP
   1427.2 ms  ✓ Wavelets
   2342.0 ms  ✓ ComplexityMeasures
  88 dependencies successfully precompiled in 38 seconds
	Command being timed: "nice -n -10 timeout -k120 -v 3600 julia +lts --project=C/ComplexityMeasures/Nonlinear-Timeseries-Analysis -e using Pkg; @time @eval Pkg.precompile()"
	User time (seconds): 121.61
	System time (seconds): 15.81
	Percent of CPU this job got: 349%
	Elapsed (wall clock) time (h:mm:ss or m:ss): 0:39.29
	Average shared text size (kbytes): 0
	Average unshared data size (kbytes): 0
	Average stack size (kbytes): 0
	Average total size (kbytes): 0
	Maximum resident set size (kbytes): 924356
	Average resident set size (kbytes): 0
	Major (requiring I/O) page faults: 270
	Minor (reclaiming a frame) page faults: 3976076
	Voluntary context switches: 114500
	Involuntary context switches: 27057
	Swaps: 0
	File system inputs: 0
	File system outputs: 416016
	Socket messages sent: 0
	Socket messages received: 0
	Signals delivered: 0
	Page size (bytes): 4096
	Exit status: 0
