nice: cannot set niceness: Permission denied
Precompiling packages...
   1949.7 ms  ✓ Reexport
   2000.3 ms  ✓ LazyArtifacts
   2038.1 ms  ✓ DataAPI
   2089.4 ms  ✓ StatsAPI
   2152.6 ms  ✓ OpenLibm_jll
   2323.6 ms  ✓ CompilerSupportLibraries_jll
   2440.9 ms  ✓ ConstructionBase
   2542.4 ms  ✓ AbstractTrees
   2656.5 ms  ✓ DocStringExtensions
   2847.5 ms  ✓ OrderedCollections
   2814.9 ms  ✓ IterTools
   2955.5 ms  ✓ AbstractFFTs
   1535.8 ms  ✓ PtrArrays
   1599.9 ms  ✓ StaticArraysCore
   1863.5 ms  ✓ SuiteSparse_jll
   3965.9 ms  ✓ Combinatorics
   3824.3 ms  ✓ FillArrays
   1409.8 ms  ✓ ConstructionBase → ConstructionBaseLinearAlgebraExt
   1614.6 ms  ✓ Missings
   4421.8 ms  ✓ IrrationalConstants
   2087.9 ms  ✓ Preferences
    969.6 ms  ✓ AliasTables
   5163.3 ms  ✓ Bessels
    807.1 ms  ✓ JLLWrappers
    808.7 ms  ✓ PrecompileTools
   1416.4 ms  ✓ LogExpFunctions
   1092.4 ms  ✓ Rmath_jll
   1290.5 ms  ✓ IntelOpenMP_jll
   1301.4 ms  ✓ OpenSpecFun_jll
   1365.3 ms  ✓ FFTW_jll
   3781.7 ms  ✓ DataStructures
   1485.1 ms  ✓ oneTBB_jll
   5303.0 ms  ✓ MacroTools
   1502.8 ms  ✓ SortingAlgorithms
   1898.0 ms  ✓ Rmath
   1606.3 ms  ✓ MKL_jll
   6678.2 ms  ✓ Test
   2129.2 ms  ✓ QuadGK
   1889.4 ms  ✓ Setfield
   5915.3 ms  ✓ SparseArrays
   1135.5 ms  ✓ AbstractFFTs → AbstractFFTsTestExt
    687.1 ms  ✓ SuiteSparse
   3893.0 ms  ✓ SpecialFunctions
    822.0 ms  ✓ FillArrays → FillArraysSparseArraysExt
    906.2 ms  ✓ Statistics
   1100.5 ms  ✓ PDMats
    991.6 ms  ✓ FillArrays → FillArraysStatisticsExt
   1328.7 ms  ✓ HypergeometricFunctions
   1316.8 ms  ✓ Distances
    739.9 ms  ✓ FillArrays → FillArraysPDMatsExt
    600.7 ms  ✓ Distances → DistancesSparseArraysExt
   3409.6 ms  ✓ StatsBase
   2939.6 ms  ✓ StatsFuns
   2192.2 ms  ✓ PDMats → StatsBaseExt
  11801.7 ms  ✓ StaticArrays
   8751.6 ms  ✓ FFTW
    511.7 ms  ✓ ConstructionBase → ConstructionBaseStaticArraysExt
    516.1 ms  ✓ FillArrays → FillArraysStaticArraysExt
    631.5 ms  ✓ StaticArrays → StaticArraysStatisticsExt
   4119.7 ms  ✓ Distributions
   2956.1 ms  ✓ NearestNeighbors
    867.0 ms  ✓ Distributions → DistributionsTestExt
    728.7 ms  ✓ Neighborhood
    738.7 ms  ✓ StateSpaceSets
   1312.6 ms  ✓ DelayEmbeddings
  17548.9 ms  ✓ Polynomials
    646.4 ms  ✓ Polynomials → PolynomialsFFTWExt
   1767.2 ms  ✓ DSP
   1426.1 ms  ✓ Wavelets
   2256.5 ms  ✓ ComplexityMeasures
  70 dependencies successfully precompiled in 34 seconds
	Command being timed: "nice -n -10 timeout -k120 -v 3600 julia +lts --project=C/ComplexityMeasures/Nonlinear-Timeseries-Analysis -e using Pkg; @time @eval Pkg.precompile()"
	User time (seconds): 105.19
	System time (seconds): 12.92
	Percent of CPU this job got: 337%
	Elapsed (wall clock) time (h:mm:ss or m:ss): 0:35.03
	Average shared text size (kbytes): 0
	Average unshared data size (kbytes): 0
	Average stack size (kbytes): 0
	Average total size (kbytes): 0
	Maximum resident set size (kbytes): 924016
	Average resident set size (kbytes): 0
	Major (requiring I/O) page faults: 196
	Minor (reclaiming a frame) page faults: 3299162
	Voluntary context switches: 93300
	Involuntary context switches: 19354
	Swaps: 0
	File system inputs: 0
	File system outputs: 378656
	Socket messages sent: 0
	Socket messages received: 0
	Signals delivered: 0
	Page size (bytes): 4096
	Exit status: 0
