nice: cannot set niceness: Permission denied
Precompiling packages...
   2006.5 ms  ✓ PackageExtensionCompat
   2134.0 ms  ✓ Reexport
   2145.2 ms  ✓ OpenLibm_jll
   2132.9 ms  ✓ DataAPI
   2217.6 ms  ✓ StatsAPI
   2432.7 ms  ✓ ConstructionBase
   2453.6 ms  ✓ InverseFunctions
   2829.3 ms  ✓ VectorInterface
   2933.1 ms  ✓ OrderedCollections
   2939.6 ms  ✓ AbstractFFTs
   2946.5 ms  ✓ DocStringExtensions
   2944.9 ms  ✓ AbstractTrees
   4003.2 ms  ✓ Combinatorics
   1885.7 ms  ✓ LazyArtifacts
   2011.7 ms  ✓ CompilerSupportLibraries_jll
   1885.7 ms  ✓ CompositionsBase
   4256.7 ms  ✓ FillArrays
   2291.6 ms  ✓ SuiteSparse_jll
   2517.2 ms  ✓ IterTools
   2298.7 ms  ✓ ConstructionBase → ConstructionBaseLinearAlgebraExt
   1922.0 ms  ✓ PtrArrays
   2099.5 ms  ✓ StaticArraysCore
   2202.1 ms  ✓ Missings
   5432.3 ms  ✓ IrrationalConstants
   1605.1 ms  ✓ InverseFunctions → InverseFunctionsDatesExt
   2927.9 ms  ✓ Gamma
   2880.7 ms  ✓ Preferences
   1676.8 ms  ✓ CompositionsBase → CompositionsBaseInverseFunctionsExt
   1494.6 ms  ✓ AliasTables
   6454.6 ms  ✓ Bessels
    924.3 ms  ✓ PrecompileTools
   1015.9 ms  ✓ JLLWrappers
   1613.4 ms  ✓ LogExpFunctions
   1588.0 ms  ✓ CommonSolve
   1776.4 ms  ✓ Rmath_jll
   1805.6 ms  ✓ IntelOpenMP_jll
   1674.8 ms  ✓ LogExpFunctions → LogExpFunctionsInverseFunctionsExt
   1881.4 ms  ✓ oneTBB_jll
   2988.9 ms  ✓ HypergeometricFunctions
   1906.3 ms  ✓ OpenSpecFun_jll
   1989.8 ms  ✓ FFTW_jll
   5003.6 ms  ✓ KrylovKit
   6803.9 ms  ✓ MacroTools
   5330.4 ms  ✓ DataStructures
   1336.5 ms  ✓ MKL_jll
   1613.2 ms  ✓ Rmath
   1370.8 ms  ✓ SortingAlgorithms
   7515.8 ms  ✓ Test
   2417.4 ms  ✓ Setfield
   2372.1 ms  ✓ QuadGK
    732.0 ms  ✓ InverseFunctions → InverseFunctionsTestExt
   8206.6 ms  ✓ SparseArrays
   3766.2 ms  ✓ Accessors
   2000.4 ms  ✓ AbstractFFTs → AbstractFFTsTestExt
   4865.7 ms  ✓ SpecialFunctions
   1176.1 ms  ✓ SuiteSparse
   1303.4 ms  ✓ FillArrays → FillArraysSparseArraysExt
   1050.5 ms  ✓ Accessors → LinearAlgebraExt
   1115.2 ms  ✓ Accessors → TestExt
   1508.1 ms  ✓ Statistics
   1439.3 ms  ✓ PDMats
   1198.6 ms  ✓ FillArrays → FillArraysStatisticsExt
   1718.3 ms  ✓ Distances
   2429.9 ms  ✓ StatsFuns
   1061.3 ms  ✓ FillArrays → FillArraysPDMatsExt
    796.9 ms  ✓ StatsFuns → StatsFunsInverseFunctionsExt
   1061.8 ms  ✓ Distances → DistancesSparseArraysExt
   4286.8 ms  ✓ StatsBase
   5586.7 ms  ✓ Roots
   1798.2 ms  ✓ PDMats → StatsBaseExt
  14225.6 ms  ✓ StaticArrays
  11008.5 ms  ✓ FFTW
    768.0 ms  ✓ VectorInterface → VectorInterfaceStaticArraysExt
    806.9 ms  ✓ ConstructionBase → ConstructionBaseStaticArraysExt
    806.0 ms  ✓ FillArrays → FillArraysStaticArraysExt
    864.7 ms  ✓ Accessors → StaticArraysExt
    934.5 ms  ✓ StaticArrays → StaticArraysStatisticsExt
   4537.6 ms  ✓ Distributions
   3087.8 ms  ✓ NearestNeighbors
    865.7 ms  ✓ Distributions → DistributionsTestExt
    723.7 ms  ✓ Neighborhood
    743.3 ms  ✓ StateSpaceSets
   1354.7 ms  ✓ DelayEmbeddings
  18810.6 ms  ✓ Polynomials
    646.6 ms  ✓ Polynomials → PolynomialsFFTWExt
   1765.3 ms  ✓ DSP
   1414.7 ms  ✓ Wavelets
   2333.2 ms  ✓ ComplexityMeasures
  88 dependencies successfully precompiled in 38 seconds
	Command being timed: "nice -n -10 timeout -k120 -v 3600 julia +lts --project=C/ComplexityMeasures/Nonlinear-Timeseries-Analysis -e using Pkg; @time @eval Pkg.precompile()"
	User time (seconds): 121.57
	System time (seconds): 15.74
	Percent of CPU this job got: 347%
	Elapsed (wall clock) time (h:mm:ss or m:ss): 0:39.56
	Average shared text size (kbytes): 0
	Average unshared data size (kbytes): 0
	Average stack size (kbytes): 0
	Average total size (kbytes): 0
	Maximum resident set size (kbytes): 901872
	Average resident set size (kbytes): 0
	Major (requiring I/O) page faults: 216
	Minor (reclaiming a frame) page faults: 3959105
	Voluntary context switches: 113562
	Involuntary context switches: 27608
	Swaps: 0
	File system inputs: 0
	File system outputs: 419136
	Socket messages sent: 0
	Socket messages received: 0
	Signals delivered: 0
	Page size (bytes): 4096
	Exit status: 0
