nice: cannot set niceness: Permission denied
Precompiling packages...
   0.3 s  ✓ Reexport
   0.3 s  ✓ DataAPI
   0.4 s  ✓ ConstructionBase
   0.5 s  ✓ Statistics
   0.4 s  ✓ StaticArraysCore
   0.4 s  ✓ SuiteSparse_jll
   0.3 s  ✓ StatsAPI
   0.3 s  ✓ Future
   1.1 s  ✓ IrrationalConstants
   0.6 s  ✓ OrderedCollections
   0.5 s  ✓ InverseFunctions
   0.4 s  ✓ CompositionsBase
   2.0 s  ✓ MacroTools
   0.7 s  ✓ Serialization
   0.6 s  ✓ DocStringExtensions
   1.5 s  ✓ Bessels
   0.6 s  ✓ IterTools
   0.5 s  ✓ AbstractTrees
   0.5 s  ✓ Gamma
   0.3 s  ✓ OpenLibm_jll
   0.7 s  ✓ Combinatorics
   0.3 s  ✓ PtrArrays
   0.3 s  ✓ PackageExtensionCompat
   0.5 s  ✓ VectorInterface
   0.9 s  ✓ FillArrays
   0.4 s  ✓ Missings
   0.6 s  ✓ Preferences
   0.3 s  ✓ ConstructionBase → ConstructionBaseLinearAlgebraExt
   0.8 s  ✓ LazyArtifacts
   1.1 s  ✓ InteractiveUtils
   0.6 s  ✓ Distances
   0.3 s  ✓ CompositionsBase → CompositionsBaseInverseFunctionsExt
   0.4 s  ✓ InverseFunctions → InverseFunctionsDatesExt
   0.4 s  ✓ AbstractFFTs
   0.6 s  ✓ LogExpFunctions
   0.4 s  ✓ AliasTables
   0.9 s  ✓ HypergeometricFunctions
   0.4 s  ✓ FillArrays → FillArraysStatisticsExt
   1.6 s  ✓ DataStructures
   3.7 s  ✓ SparseArrays
   0.7 s  ✓ JLLWrappers
   0.6 s  ✓ PrecompileTools
   0.7 s  ✓ Setfield
   0.3 s  ✓ LogExpFunctions → LogExpFunctionsInverseFunctionsExt
   1.5 s  ✓ KrylovKit
   0.4 s  ✓ SortingAlgorithms
   0.5 s  ✓ Statistics → SparseArraysExt
   0.5 s  ✓ SuiteSparse
   0.8 s  ✓ QuadGK
   0.7 s  ✓ FillArrays → FillArraysSparseArraysExt
   1.8 s  ✓ Accessors
   0.6 s  ✓ Distances → DistancesSparseArraysExt
   1.2 s  ✓ IntelOpenMP_jll
   0.8 s  ✓ FFTW_jll
   0.8 s  ✓ Rmath_jll
   1.2 s  ✓ oneTBB_jll
   0.7 s  ✓ CommonSolve
   0.9 s  ✓ OpenSpecFun_jll
   0.9 s  ✓ PDMats
   4.8 s  ✓ Test
   0.4 s  ✓ Accessors → LinearAlgebraExt
   0.7 s  ✓ Rmath
   2.2 s  ✓ StatsBase
   1.2 s  ✓ MKL_jll
   0.6 s  ✓ FillArrays → FillArraysPDMatsExt
   0.5 s  ✓ InverseFunctions → InverseFunctionsTestExt
   0.6 s  ✓ Accessors → TestExt
   1.2 s  ✓ AbstractFFTs → AbstractFFTsTestExt
   2.4 s  ✓ SpecialFunctions
   0.6 s  ✓ PDMats → StatsBaseExt
   1.7 s  ✓ StatsFuns
   7.3 s  ✓ StaticArrays
   2.9 s  ✓ Roots
   0.6 s  ✓ StatsFuns → StatsFunsInverseFunctionsExt
   0.6 s  ✓ StaticArrays → StaticArraysStatisticsExt
   0.6 s  ✓ ConstructionBase → ConstructionBaseStaticArraysExt
   0.6 s  ✓ VectorInterface → VectorInterfaceStaticArraysExt
   0.6 s  ✓ FillArrays → FillArraysStaticArraysExt
   0.6 s  ✓ Accessors → StaticArraysExt
   4.4 s  ✓ Distributions
   4.1 s  ✓ NearestNeighbors
   1.0 s  ✓ Neighborhood
   1.3 s  ✓ Distributions → DistributionsTestExt
   9.4 s  ✓ FFTW
   0.9 s  ✓ StateSpaceSets
   1.4 s  ✓ DelayEmbeddings
  17.9 s  ✓ Polynomials
   0.7 s  ✓ Polynomials → PolynomialsFFTWExt
   1.9 s  ✓ DSP
   1.4 s  ✓ Wavelets
   2.6 s  ✓ ComplexityMeasures
  91 dependencies successfully precompiled in 33 seconds. 28 already precompiled.
	Command being timed: "nice -n -10 timeout -k120 -v 3600 julia +alpha --project=C/ComplexityMeasures/Nonlinear-Timeseries-Analysis -e using Pkg; @time @eval Pkg.precompile()"
	User time (seconds): 215.23
	System time (seconds): 18.29
	Percent of CPU this job got: 228%
	Elapsed (wall clock) time (h:mm:ss or m:ss): 1:42.06
	Average shared text size (kbytes): 0
	Average unshared data size (kbytes): 0
	Average stack size (kbytes): 0
	Average total size (kbytes): 0
	Maximum resident set size (kbytes): 2136064
	Average resident set size (kbytes): 0
	Major (requiring I/O) page faults: 579
	Minor (reclaiming a frame) page faults: 6370579
	Voluntary context switches: 26445
	Involuntary context switches: 7131
	Swaps: 0
	File system inputs: 8
	File system outputs: 725760
	Socket messages sent: 0
	Socket messages received: 0
	Signals delivered: 0
	Page size (bytes): 4096
	Exit status: 0
