nice: cannot set niceness: Permission denied
    Updating registry at `/workdir/depot/registries/General`
┌ Info: The General registry is installed via git. Consider reinstalling it via
│ the newer faster direct from tarball format by running:
│   pkg> registry rm General; registry add General
└ 
    Updating git-repo `/workdir/timetravel_registry/General`
    Updating `/tmp/tmp.wsvuFUn8pU/Julia-TTFX-Snippets/tasks/A/Attractors/Multistability-Of-Discrete-Time-Systems/Project.toml`
  [f3fd9213] + Attractors v1.38.4
    Updating `/tmp/tmp.wsvuFUn8pU/Julia-TTFX-Snippets/tasks/A/Attractors/Multistability-Of-Discrete-Time-Systems/Manifest.toml`
  [47edcb42] + ADTypes v1.22.3
  [621f4979] + AbstractFFTs v1.5.0
  [1520ce14] + AbstractTrees v0.4.5
  [7d9f7c33] + Accessors v0.1.45
  [79e6a3ab] + Adapt v4.7.0
  [66dad0bd] + AliasTables v1.1.3
  [ec485272] + ArnoldiMethod v0.4.0
  [4fba245c] + ArrayInterface v7.28.1
  [f3fd9213] + Attractors v1.38.4
  [198e06fe] + BangBang v0.4.9
  [0e736298] + Bessels v0.2.8
  [b2a6c25c] + BinaryHeaps v1.0.4
  [a134a8b2] + BlackBoxOptim v0.6.10
  [70df07ce] + BracketingNonlinearSolve v1.12.4
  [ae650224] + ChunkSplitters v3.2.0
  [aaaa29a8] + Clustering v0.15.8
  [861a8166] + Combinatorics v1.1.0
  [38540f10] + CommonSolve v0.2.12
  [bbf7d656] + CommonSubexpressions v0.3.1
  [34da2185] + Compat v4.18.1
  [ab4b797d] + ComplexityMeasures v3.10.1
  [a33af91c] + CompositionsBase v0.1.2
  [2569d6c7] + ConcreteStructs v0.2.7
  [187b0558] + ConstructionBase v1.6.0
  [a8cc5b0e] + Crayons v4.2.0
  [717857b8] + DSP v0.8.6
  [9a962f9c] + DataAPI v1.16.0
  [864edb3b] + DataStructures v0.19.6
  [e2d170a0] + DataValueInterfaces v1.0.0
  [5732040d] + DelayEmbeddings v2.9.0
  [2b5f629d] + DiffEqBase v7.10.0
  [459566f4] + DiffEqCallbacks v4.19.0
  [77a26b50] + DiffEqNoiseProcess v5.33.2
  [163ba53b] + DiffResults v1.1.0
  [b552c78f] + DiffRules v1.16.0
  [a0c0ee7d] + DifferentiationInterface v0.7.20
  [b4f34e82] + Distances v0.10.12
  [31c24e10] + Distributions v0.25.130
  [ffbed154] + DocStringExtensions v0.9.5
  [6e36e845] + DynamicalSystemsBase v3.19.3
  [4e289a0a] + EnumX v1.0.7
  [f151be2c] + EnzymeCore v0.8.21
  [e2ba6199] + ExprTools v0.1.11
  [7a1cc6ca] + FFTW v1.10.0
  [7034ab61] + FastBroadcast v1.3.5
  [9aa1b823] + FastClosures v0.3.2
  [a4df4552] + FastPower v1.4.0
  [1a297f60] + FillArrays v1.17.0
  [64ca27bc] + FindFirstFunctions v3.2.1
  [6a86dc24] + FiniteDiff v2.32.0
  [f6369f11] + ForwardDiff v1.4.3
  [069b7b12] + FunctionWrappers v1.1.3
  [77dc65aa] + FunctionWrappersWrappers v1.12.0
  [46192b85] + GPUArraysCore v0.2.0
  [a0844989] + Gamma v1.1.0
  [86223c79] + Graphs v1.14.0
  [076d061b] + HashArrayMappedTries v0.2.0
  [34004b35] + HypergeometricFunctions v0.3.30
  [d25df0c9] + Inflate v0.1.5
  [22cec73e] + InitialValues v0.3.1
  [3587e190] + InverseFunctions v0.1.17
  [92d709cd] + IrrationalConstants v0.2.6
  [c8e1da08] + IterTools v1.10.0
  [82899510] + IteratorInterfaceExtensions v1.0.0
  [692b3bcd] + JLLWrappers v1.8.0
  [ccbc3e58] + JumpProcesses v9.29.2
  [0b1a1467] + KrylovKit v0.10.4
  [b964fa9f] + LaTeXStrings v1.4.0
  [87fe0de2] + LineSearch v0.1.12
  [d3d80556] + LineSearches v7.7.1
⌅ [2ab3a3ac] + LogExpFunctions v0.3.29
  [e6f89c97] + LoggingExtras v1.2.0
  [1914dd2f] + MacroTools v0.5.16
  [bb5d69b7] + MaybeInplace v0.1.7
  [e1d29d7a] + Missings v1.2.0
  [46d2c3a1] + MuladdMacro v0.2.7
  [d41bc354] + NLSolversBase v8.0.0
  [77ba4419] + NaNMath v1.1.4
  [b8a86587] + NearestNeighbors v0.4.29
  [645ca80c] + Neighborhood v0.2.5
  [be0214bd] + NonlinearSolveBase v2.39.1
  [67456a42] + OhMyThreads v0.8.6
  [429524aa] + Optim v2.2.1
⌅ [bac558e1] + OrderedCollections v1.8.2
  [bbf590c4] + OrdinaryDiffEqCore v4.12.0
  [b1df2697] + OrdinaryDiffEqTsit5 v2.1.2
  [90014a1f] + PDMats v0.11.41
  [65ce6f38] + PackageExtensionCompat v1.0.2
  [e409e4f3] + PoissonRandom v0.4.13
  [f27b6e38] + Polynomials v4.1.1
  [85a6dd25] + PositiveFactorizations v0.2.4
  [d236fae5] + PreallocationTools v1.4.0
  [aea7be01] + PrecompileTools v1.3.4
  [21216c6a] + Preferences v1.5.2
  [08abe8d2] + PrettyTables v3.4.4
  [92933f4c] + ProgressMeter v1.11.0
  [43287f4e] + PtrArrays v1.4.0
  [1fd47b50] + QuadGK v2.11.3
  [3cdcf5f2] + RecipesBase v1.3.4
  [731186ca] + RecursiveArrayTools v4.3.5
  [189a3867] + Reexport v1.2.2
  [ae5879a3] + ResettableStacks v1.3.0
  [9fe22ead] + RespecializeParams v1.2.0
  [79098fc4] + Rmath v0.9.0
  [f2b01f46] + Roots v3.0.6
  [7e49a35a] + RuntimeGeneratedFunctions v0.5.23
  [0bca4576] + SciMLBase v3.41.0
  [19f34311] + SciMLJacobianOperators v0.1.16
  [a6db7da4] + SciMLLogging v2.0.3
  [c0aeaf25] + SciMLOperators v1.25.2
  [431bcebd] + SciMLPublic v1.2.4
  [53ae85a6] + SciMLStructures v1.10.4
  [7e506255] + ScopedValues v1.6.2
  [efcf1570] + Setfield v1.1.2
  [727e6d20] + SimpleNonlinearSolve v2.13.1
  [699a6c99] + SimpleTraits v0.9.6
  [a2af1166] + SortingAlgorithms v1.2.3
  [276daf66] + SpecialFunctions v2.8.1
  [91464d47] + StableTasks v0.1.7
  [40b095a5] + StateSpaceSets v2.5.5
  [90137ffa] + StaticArrays v1.9.18
  [1e83bf80] + StaticArraysCore v1.4.4
  [10745b16] + Statistics v1.11.1
  [82ae8749] + StatsAPI v1.8.0
  [2913bbd2] + StatsBase v0.34.12
⌅ [4c63d2b9] + StatsFuns v1.5.2
  [19c5a474] + StochasticDiffEqCore v2.0.4
  [0520c28c] + StochasticDiffEqHighOrder v2.1.2
  [90dbc90e] + StochasticDiffEqLevyArea v2.0.2
  [892a3eda] + StringManipulation v0.4.7
  [2efcf032] + SymbolicIndexingInterface v0.3.51
  [3783bdb8] + TableTraits v1.0.1
  [bd369af6] + Tables v1.13.0
  [ed4db957] + TaskLocalValues v0.1.3
  [a759f4b9] + TimerOutputs v1.1.0
  [781d530d] + TruncatedStacktraces v1.4.0
  [409d34a3] + VectorInterface v0.6.0
  [29a6e085] + Wavelets v0.10.1
  [f5851436] + FFTW_jll v3.3.12+0
  [1d5cc7b8] + IntelOpenMP_jll v2025.2.0+0
  [856f044c] + MKL_jll v2025.2.0+0
  [efe28fd5] + OpenSpecFun_jll v0.5.6+0
  [f50d1b31] + Rmath_jll v0.5.1+0
  [1317d2d5] + oneTBB_jll v2022.3.0+0
  [0dad84c5] + ArgTools v1.1.2
  [56f22d72] + Artifacts v1.11.0
  [2a0f44e3] + Base64 v1.11.0
  [ade2ca70] + Dates v1.11.0
  [8ba89e20] + Distributed v1.11.0
  [f43a241f] + Downloads v1.7.0
  [7b1f6079] + FileWatching v1.11.0
  [9fa8497b] + Future v1.11.0
  [b77e0a4c] + InteractiveUtils v1.11.0
  [ac6e5ff7] + JuliaSyntaxHighlighting v1.12.0
  [4af54fe1] + LazyArtifacts v1.11.0
  [b27032c2] + LibCURL v1.0.0
  [76f85450] + LibGit2 v1.11.0
  [8f399da3] + Libdl v1.11.0
  [37e2e46d] + LinearAlgebra v1.13.0
  [56ddb016] + Logging v1.11.0
  [d6f4376e] + Markdown v1.11.0
  [a63ad114] + Mmap v1.11.0
  [ca575930] + NetworkOptions v1.3.0
  [44cfe95a] + Pkg v1.13.0
  [de0858da] + Printf v1.11.0
  [3fa0cd96] + REPL v1.11.0
  [9a3f8284] + Random v1.11.0
  [ea8e919c] + SHA v1.0.0
  [9e88b42a] + Serialization v1.11.0
  [6462fe0b] + Sockets v1.11.0
  [2f01184e] + SparseArrays v1.13.0
  [f489334b] + StyledStrings v1.11.0
  [4607b0f0] + SuiteSparse
  [fa267f1f] + TOML v1.0.3
  [a4e569a6] + Tar v1.10.0
  [8dfed614] + Test v1.11.0
  [cf7118a7] + UUIDs v1.11.0
  [4ec0a83e] + Unicode v1.11.0
  [e66e0078] + CompilerSupportLibraries_jll v1.3.0+1
  [deac9b47] + LibCURL_jll v8.18.0+1
  [e37daf67] + LibGit2_jll v1.9.1+0
  [29816b5a] + LibSSH2_jll v1.11.3+1
  [14a3606d] + MozillaCACerts_jll v2025.12.2
  [4536629a] + OpenBLAS_jll v0.3.30+0
  [05823500] + OpenLibm_jll v0.8.7+0
  [458c3c95] + OpenSSL_jll v3.5.5+0
  [efcefdf7] + PCRE2_jll v10.46.0+0
  [bea87d4a] + SuiteSparse_jll v7.10.1+0
  [83775a58] + Zlib_jll v1.3.1+2
  [3161d3a3] + Zstd_jll v1.5.7+1
  [8e850b90] + libblastrampoline_jll v5.15.0+0
  [8e850ede] + nghttp2_jll v1.67.1+0
  [3f19e933] + p7zip_jll v17.7.0+0
        Info Packages marked with ⌅ have new versions available but compatibility constraints restrict them from upgrading. To see why use `status --outdated -m`
	Command being timed: "nice -n -10 timeout -k120 -v 3600 julia +alpha --project=A/Attractors/Multistability-Of-Discrete-Time-Systems -e using Pkg; Pkg.instantiate()"
	User time (seconds): 6.23
	System time (seconds): 2.90
	Percent of CPU this job got: 112%
	Elapsed (wall clock) time (h:mm:ss or m:ss): 0:08.13
	Average shared text size (kbytes): 0
	Average unshared data size (kbytes): 0
	Average stack size (kbytes): 0
	Average total size (kbytes): 0
	Maximum resident set size (kbytes): 663008
	Average resident set size (kbytes): 0
	Major (requiring I/O) page faults: 0
	Minor (reclaiming a frame) page faults: 139581
	Voluntary context switches: 500
	Involuntary context switches: 92
	Swaps: 0
	File system inputs: 0
	File system outputs: 7160
	Socket messages sent: 0
	Socket messages received: 0
	Signals delivered: 0
	Page size (bytes): 4096
	Exit status: 0
