nice: cannot set niceness: Permission denied
ERROR: LoadError: MethodError: no method matching Attractors.BasinsInfo(::ArrayBasinsOfAttraction{Int64, 2, Matrix{Int64}, Attractors.RegularGrid{2, StepRangeLen{Float64, Base.TwicePrecision{Float64}, Base.TwicePrecision{Float64}, Int64}}, Int64, StateSpaceSet{2, Float64, SVector{2, Float64}}}, ::Int64, ::Symbol, ::Int64, ::Int64, ::Int64, ::Int64, ::Int64, ::Int64, ::Vector{CartesianIndex{2}}, ::Symbol, ::Bool)

Closest candidates are:
  Attractors.BasinsInfo(!Matched::A, ::Δ, ::Symbol, ::Int64, ::Int64, ::Int64, ::Int64, ::Int64, ::Int64, ::Array{CartesianIndex{D}, 1}, ::Symbol, ::Bool) where {D, Δ, T, V, G<:Attractors.Grid, B<:AbstractArray{Int64, D}, A<:ArrayBasinsOfAttraction{Int64, D, B, T, V, G}}
   @ Attractors /workdir/depot/packages/Attractors/JorT1/src/mapping/recurrences/attractor_mapping_recurrences.jl:254

Stacktrace:
 [1] initialize_basin_info(ds::DeterministicIteratedMap{false, SVector{2, Float64}, 2, typeof(henon_rule), Vector{Float64}}, grid_nfo::Attractors.RegularGrid{2, StepRangeLen{Float64, Base.TwicePrecision{Float64}, Base.TwicePrecision{Float64}, Int64}}, Δtt::Nothing, sparse::Bool, stop_at_Δt::Bool)
   @ Attractors /workdir/depot/packages/Attractors/JorT1/src/mapping/recurrences/attractor_mapping_recurrences.jl:295
 [2] AttractorsViaRecurrences(ds::DeterministicIteratedMap{false, SVector{2, Float64}, 2, typeof(henon_rule), Vector{Float64}}, grid::Tuple{StepRangeLen{Float64, Base.TwicePrecision{Float64}, Base.TwicePrecision{Float64}, Int64}, StepRangeLen{Float64, Base.TwicePrecision{Float64}, Base.TwicePrecision{Float64}, Int64}}; Dt::Nothing, Δt::Nothing, sparse::Bool, force_non_adaptive::Bool, stop_at_Δt::Bool, kwargs::@Kwargs{})
   @ Attractors /workdir/depot/packages/Attractors/JorT1/src/mapping/recurrences/attractor_mapping_recurrences.jl:153
 [3] top-level scope
   @ /tmp/tmp.5iWJnBM2CJ/Julia-TTFX-Snippets/tasks/A/Attractors/Multistability-Of-Discrete-Time-Systems/task.jl:24
in expression starting at /tmp/tmp.5iWJnBM2CJ/Julia-TTFX-Snippets/tasks/A/Attractors/Multistability-Of-Discrete-Time-Systems/task.jl:24
Command exited with non-zero status 1
	Command being timed: "nice -n -10 timeout -k120 -v 3600 julia +lts --project=A/Attractors/Multistability-Of-Discrete-Time-Systems A/Attractors/Multistability-Of-Discrete-Time-Systems/task.jl"
	User time (seconds): 3.18
	System time (seconds): 0.77
	Percent of CPU this job got: 119%
	Elapsed (wall clock) time (h:mm:ss or m:ss): 0:03.30
	Average shared text size (kbytes): 0
	Average unshared data size (kbytes): 0
	Average stack size (kbytes): 0
	Average total size (kbytes): 0
	Maximum resident set size (kbytes): 676132
	Average resident set size (kbytes): 0
	Major (requiring I/O) page faults: 0
	Minor (reclaiming a frame) page faults: 118115
	Voluntary context switches: 46
	Involuntary context switches: 36
	Swaps: 0
	File system inputs: 0
	File system outputs: 8
	Socket messages sent: 0
	Socket messages received: 0
	Signals delivered: 0
	Page size (bytes): 4096
	Exit status: 1
