nice: cannot set niceness: Permission denied
ERROR: LoadError: UndefVarError: `recursivecopy` not defined in `DynamicalSystemsBase`
Suggestion: this global was defined as `SciMLBase.recursivecopy` but not assigned a value.
Hint: a global variable of this name also exists in RecursiveArrayTools.
Stacktrace:
 [1] DeterministicIteratedMap(f::typeof(henon_rule), u0::Vector{Float64}, p::Vector{Float64}; t0::Int64)
   @ DynamicalSystemsBase /workdir/depot/packages/DynamicalSystemsBase/Z7oCo/src/core_systems/discrete_time_map.jl:48
 [2] DeterministicIteratedMap(f::Function, u0::Vector{Float64}, p::Vector{Float64})
   @ DynamicalSystemsBase /workdir/depot/packages/DynamicalSystemsBase/Z7oCo/src/core_systems/discrete_time_map.jl:41
 [3] top-level scope
   @ /tmp/tmp.OrFuS1r0Bf/Julia-TTFX-Snippets/tasks/A/Attractors/Multistability-Of-Discrete-Time-Systems/task.jl:22
 [4] include(mod::Module, _path::String)
   @ Base ./Base.jl:306
 [5] exec_options(opts::Base.JLOptions)
   @ Base ./client.jl:317
 [6] _start()
   @ Base ./client.jl:550
in expression starting at /tmp/tmp.OrFuS1r0Bf/Julia-TTFX-Snippets/tasks/A/Attractors/Multistability-Of-Discrete-Time-Systems/task.jl:22
Command exited with non-zero status 1
	Command being timed: "nice -n -10 timeout -k120 -v 3600 julia +release --project=A/Attractors/Multistability-Of-Discrete-Time-Systems A/Attractors/Multistability-Of-Discrete-Time-Systems/task.jl"
	User time (seconds): 3.21
	System time (seconds): 0.33
	Percent of CPU this job got: 116%
	Elapsed (wall clock) time (h:mm:ss or m:ss): 0:03.04
	Average shared text size (kbytes): 0
	Average unshared data size (kbytes): 0
	Average stack size (kbytes): 0
	Average total size (kbytes): 0
	Maximum resident set size (kbytes): 639296
	Average resident set size (kbytes): 0
	Major (requiring I/O) page faults: 0
	Minor (reclaiming a frame) page faults: 101196
	Voluntary context switches: 1022
	Involuntary context switches: 34
	Swaps: 0
	File system inputs: 0
	File system outputs: 8
	Socket messages sent: 0
	Socket messages received: 0
	Signals delivered: 0
	Page size (bytes): 4096
	Exit status: 1
