nice: cannot set niceness: Permission denied
Precompiling packages...
  72695.6 ms  ✓ Pkg (serial)
  1 dependency successfully precompiled in 73 seconds
Precompiling packages...
   1823.1 ms  ✓ DataValueInterfaces
   1829.1 ms  ✓ IteratorInterfaceExtensions
   1802.9 ms  ✓ Reexport
   1907.7 ms  ✓ DataAPI
   1920.2 ms  ✓ InvertedIndices
   1939.2 ms  ✓ LaTeXStrings
   1936.7 ms  ✓ Unicode
   1982.6 ms  ✓ Future
   2434.5 ms  ✓ Statistics
   2881.9 ms  ✓ InlineStrings
   1295.9 ms  ✓ TableTraits
   1328.7 ms  ✓ PooledArrays
   1604.1 ms  ✓ Preferences
    704.9 ms  ✓ PrecompileTools
   4603.1 ms  ✓ OrderedCollections
   2840.8 ms  ✓ Missings
   3151.8 ms  ✓ Compat
   5337.1 ms  ✓ Crayons
   5502.5 ms  ✓ InteractiveUtils
   3673.0 ms  ✓ SentinelArrays
    618.1 ms  ✓ Compat → CompatLinearAlgebraExt
   2131.1 ms  ✓ StringManipulation
   2055.2 ms  ✓ DataStructures
   2229.0 ms  ✓ Tables
    441.2 ms  ✓ SortingAlgorithms
  24112.5 ms  ✓ REPL
  15789.0 ms  ✓ PrettyTables
  33644.5 ms  ✓ DataFrames
  28 dependencies successfully precompiled in 79 seconds. 8 already precompiled.
	Command being timed: "nice -n -10 timeout -k120 -v 3600 julia +release --project=D/DataFrames/Dataframe-Construction -e using Pkg; @time @eval Pkg.precompile()"
	User time (seconds): 277.61
	System time (seconds): 12.35
	Percent of CPU this job got: 190%
	Elapsed (wall clock) time (h:mm:ss or m:ss): 2:32.52
	Average shared text size (kbytes): 0
	Average unshared data size (kbytes): 0
	Average stack size (kbytes): 0
	Average total size (kbytes): 0
	Maximum resident set size (kbytes): 2097080
	Average resident set size (kbytes): 0
	Major (requiring I/O) page faults: 237
	Minor (reclaiming a frame) page faults: 3947292
	Voluntary context switches: 9461
	Involuntary context switches: 8435
	Swaps: 0
	File system inputs: 0
	File system outputs: 703248
	Socket messages sent: 0
	Socket messages received: 0
	Signals delivered: 0
	Page size (bytes): 4096
	Exit status: 0
