nice: cannot set niceness: Permission denied
Precompiling packages...
    405.6 ms  ✓ DataValueInterfaces
    402.9 ms  ✓ Reexport
    401.9 ms  ✓ Future
    653.4 ms  ✓ OrderedCollections
    799.5 ms  ✓ InlineStrings
    470.1 ms  ✓ DataAPI
    467.7 ms  ✓ InvertedIndices
    617.8 ms  ✓ Statistics
    462.5 ms  ✓ IteratorInterfaceExtensions
    476.2 ms  ✓ LaTeXStrings
    489.7 ms  ✓ Unicode
    554.8 ms  ✓ Missings
    524.6 ms  ✓ PooledArrays
    394.2 ms  ✓ TableTraits
   1357.6 ms  ✓ InteractiveUtils
   1751.6 ms  ✓ DataStructures
    586.9 ms  ✓ Compat
   1833.4 ms  ✓ Crayons
   1636.0 ms  ✓ SentinelArrays
   1734.5 ms  ✓ Preferences
    613.8 ms  ✓ SortingAlgorithms
    999.5 ms  ✓ Tables
    507.0 ms  ✓ Compat → CompatLinearAlgebraExt
    439.8 ms  ✓ PrecompileTools
   1624.8 ms  ✓ StringManipulation
  45846.4 ms  ✓ REPL
  20944.8 ms  ✓ PrettyTables
  40787.8 ms  ✓ DataFrames
  28 dependencies successfully precompiled in 111 seconds. 8 already precompiled.
	Command being timed: "nice -n -10 timeout -k120 -v 3600 julia +alpha --project=D/DataFrames/Dataframe-Construction -e using Pkg; @time @eval Pkg.precompile()"
	User time (seconds): 287.94
	System time (seconds): 12.55
	Percent of CPU this job got: 137%
	Elapsed (wall clock) time (h:mm:ss or m:ss): 3:38.62
	Average shared text size (kbytes): 0
	Average unshared data size (kbytes): 0
	Average stack size (kbytes): 0
	Average total size (kbytes): 0
	Maximum resident set size (kbytes): 2526928
	Average resident set size (kbytes): 0
	Major (requiring I/O) page faults: 269
	Minor (reclaiming a frame) page faults: 4884549
	Voluntary context switches: 10585
	Involuntary context switches: 3152
	Swaps: 0
	File system inputs: 0
	File system outputs: 722016
	Socket messages sent: 0
	Socket messages received: 0
	Signals delivered: 0
	Page size (bytes): 4096
	Exit status: 0
