nice: cannot set niceness: Permission denied
Precompiling packages...
  75607.4 ms  ✓ Pkg (serial)
  1 dependency successfully precompiled in 76 seconds
Precompiling packages...
   1818.0 ms  ✓ Reexport
   1924.6 ms  ✓ IteratorInterfaceExtensions
   1938.5 ms  ✓ DataValueInterfaces
   2046.6 ms  ✓ Unicode
   2047.6 ms  ✓ InvertedIndices
   2111.6 ms  ✓ Future
   2150.2 ms  ✓ LaTeXStrings
   2217.5 ms  ✓ DataAPI
   2236.8 ms  ✓ CompilerSupportLibraries_jll
   2644.3 ms  ✓ Statistics
   1230.3 ms  ✓ TableTraits
   3229.1 ms  ✓ InlineStrings
   1307.7 ms  ✓ PooledArrays
   1813.1 ms  ✓ Preferences
    772.2 ms  ✓ PrecompileTools
   2700.3 ms  ✓ SentinelArrays
   4927.3 ms  ✓ OrderedCollections
   3044.2 ms  ✓ Missings
   5344.7 ms  ✓ Crayons
   3322.3 ms  ✓ Compat
   5754.0 ms  ✓ InteractiveUtils
    456.6 ms  ✓ Compat → CompatLinearAlgebraExt
   1911.5 ms  ✓ StringManipulation
   1834.6 ms  ✓ DataStructures
   2021.3 ms  ✓ Tables
    443.1 ms  ✓ SortingAlgorithms
  26535.6 ms  ✓ REPL
  17493.1 ms  ✓ PrettyTables
  30613.1 ms  ✓ DataFrames
  29 dependencies successfully precompiled in 80 seconds. 8 already precompiled.
	Command being timed: "nice -n -10 timeout -k120 -v 3600 julia +release --project=D/DataFrames/Dataframe-Construction -e using Pkg; @time @eval Pkg.precompile()"
	User time (seconds): 288.39
	System time (seconds): 12.08
	Percent of CPU this job got: 191%
	Elapsed (wall clock) time (h:mm:ss or m:ss): 2:36.97
	Average shared text size (kbytes): 0
	Average unshared data size (kbytes): 0
	Average stack size (kbytes): 0
	Average total size (kbytes): 0
	Maximum resident set size (kbytes): 2152008
	Average resident set size (kbytes): 0
	Major (requiring I/O) page faults: 260
	Minor (reclaiming a frame) page faults: 3966073
	Voluntary context switches: 10389
	Involuntary context switches: 8460
	Swaps: 0
	File system inputs: 0
	File system outputs: 709864
	Socket messages sent: 0
	Socket messages received: 0
	Signals delivered: 0
	Page size (bytes): 4096
	Exit status: 0
