nice: cannot set niceness: Permission denied
Precompiling packages...
  75863.4 ms  ✓ Pkg (serial)
  1 dependency successfully precompiled in 76 seconds
Precompiling packages...
   1881.0 ms  ✓ IteratorInterfaceExtensions
   1898.9 ms  ✓ LaTeXStrings
   1991.9 ms  ✓ DataValueInterfaces
   2080.2 ms  ✓ InvertedIndices
   2088.4 ms  ✓ Unicode
   2095.3 ms  ✓ DataAPI
   2068.4 ms  ✓ Future
   2157.8 ms  ✓ Reexport
   2271.3 ms  ✓ CompilerSupportLibraries_jll
   2681.2 ms  ✓ Statistics
   1317.1 ms  ✓ TableTraits
   3274.6 ms  ✓ InlineStrings
   1350.6 ms  ✓ PooledArrays
   1688.9 ms  ✓ Preferences
    714.2 ms  ✓ PrecompileTools
   2798.4 ms  ✓ SentinelArrays
   4997.1 ms  ✓ OrderedCollections
   3370.2 ms  ✓ Missings
   3435.9 ms  ✓ Compat
   5569.6 ms  ✓ Crayons
   5854.7 ms  ✓ InteractiveUtils
    481.4 ms  ✓ Compat → CompatLinearAlgebraExt
   2080.6 ms  ✓ StringManipulation
   1878.7 ms  ✓ DataStructures
   2071.5 ms  ✓ Tables
    438.9 ms  ✓ SortingAlgorithms
  26294.9 ms  ✓ REPL
  17489.7 ms  ✓ PrettyTables
  31145.5 ms  ✓ DataFrames
  29 dependencies successfully precompiled in 81 seconds. 8 already precompiled.
	Command being timed: "nice -n -10 timeout -k120 -v 3600 julia +release --project=D/DataFrames/Dataframe-Construction -e using Pkg; @time @eval Pkg.precompile()"
	User time (seconds): 291.01
	System time (seconds): 12.30
	Percent of CPU this job got: 192%
	Elapsed (wall clock) time (h:mm:ss or m:ss): 2:37.61
	Average shared text size (kbytes): 0
	Average unshared data size (kbytes): 0
	Average stack size (kbytes): 0
	Average total size (kbytes): 0
	Maximum resident set size (kbytes): 2151876
	Average resident set size (kbytes): 0
	Major (requiring I/O) page faults: 235
	Minor (reclaiming a frame) page faults: 3964875
	Voluntary context switches: 10622
	Involuntary context switches: 9117
	Swaps: 0
	File system inputs: 0
	File system outputs: 708960
	Socket messages sent: 0
	Socket messages received: 0
	Signals delivered: 0
	Page size (bytes): 4096
	Exit status: 0
