Precompiling project...
   1443.4 ms  ✓ DataValueInterfaces
   1516.4 ms  ✓ IteratorInterfaceExtensions
   1527.1 ms  ✓ Reexport
   1537.8 ms  ✓ LaTeXStrings
   1543.5 ms  ✓ InvertedIndices
   1614.8 ms  ✓ DataAPI
   1604.3 ms  ✓ Future
   1644.0 ms  ✓ Unicode
   1928.9 ms  ✓ CompilerSupportLibraries_jll
   1951.1 ms  ✓ Statistics
   2049.7 ms  ✓ OrderedCollections
   2329.2 ms  ✓ InlineStrings
    935.3 ms  ✓ TableTraits
   1015.3 ms  ✓ Missings
   1078.6 ms  ✓ PooledArrays
   1202.2 ms  ✓ Compat
   1366.5 ms  ✓ Preferences
   3021.5 ms  ✓ Crayons
   3115.2 ms  ✓ InteractiveUtils
    532.1 ms  ✓ Compat → CompatLinearAlgebraExt
    975.4 ms  ✓ Tables
   1785.9 ms  ✓ SentinelArrays
    424.3 ms  ✓ PrecompileTools
   1226.5 ms  ✓ StringManipulation
   1296.0 ms  ✓ DataStructures
    383.4 ms  ✓ SortingAlgorithms
  11468.4 ms  ✓ PrettyTables
  26986.7 ms  ✓ DataFrames
  28 dependencies successfully precompiled in 43 seconds. 6 already precompiled.
	Command being timed: "julia +1.11.6 --project=D/DataFrames/Dataframe-Construction -e using Pkg; @time @eval Pkg.precompile()"
	User time (seconds): 175.82
	System time (seconds): 9.24
	Percent of CPU this job got: 191%
	Elapsed (wall clock) time (h:mm:ss or m:ss): 1:36.60
	Average shared text size (kbytes): 0
	Average unshared data size (kbytes): 0
	Average stack size (kbytes): 0
	Average total size (kbytes): 0
	Maximum resident set size (kbytes): 2022980
	Average resident set size (kbytes): 0
	Major (requiring I/O) page faults: 205
	Minor (reclaiming a frame) page faults: 2857311
	Voluntary context switches: 64888
	Involuntary context switches: 8575
	Swaps: 0
	File system inputs: 0
	File system outputs: 675824
	Socket messages sent: 0
	Socket messages received: 0
	Signals delivered: 0
	Page size (bytes): 4096
	Exit status: 0
