nice: cannot set niceness: Permission denied
Precompiling packages...
  74093.1 ms  ✓ Pkg (serial)
  1 dependency successfully precompiled in 74 seconds
Precompiling packages...
   1596.4 ms  ✓ IteratorInterfaceExtensions
   1674.8 ms  ✓ Reexport
   1698.0 ms  ✓ DataValueInterfaces
   1801.7 ms  ✓ InvertedIndices
   1878.8 ms  ✓ DataAPI
   1906.7 ms  ✓ Unicode
   1894.8 ms  ✓ Future
   1979.5 ms  ✓ LaTeXStrings
   2301.1 ms  ✓ Statistics
   1195.5 ms  ✓ TableTraits
   2877.8 ms  ✓ InlineStrings
   1310.2 ms  ✓ PooledArrays
   1510.1 ms  ✓ Preferences
    698.3 ms  ✓ PrecompileTools
   2666.6 ms  ✓ SentinelArrays
   4615.4 ms  ✓ OrderedCollections
   3121.6 ms  ✓ Missings
   3158.5 ms  ✓ Compat
   5191.6 ms  ✓ Crayons
   5371.4 ms  ✓ InteractiveUtils
    477.0 ms  ✓ Compat → CompatLinearAlgebraExt
   2058.3 ms  ✓ StringManipulation
   1886.3 ms  ✓ DataStructures
   2090.1 ms  ✓ Tables
    432.7 ms  ✓ SortingAlgorithms
  23943.2 ms  ✓ REPL
  17024.1 ms  ✓ PrettyTables
  30875.1 ms  ✓ DataFrames
  28 dependencies successfully precompiled in 77 seconds. 8 already precompiled.
	Command being timed: "nice -n -10 timeout -k120 -v 3600 julia +release --project=D/DataFrames/Dataframe-Construction -e using Pkg; @time @eval Pkg.precompile()"
	User time (seconds): 276.26
	System time (seconds): 12.08
	Percent of CPU this job got: 189%
	Elapsed (wall clock) time (h:mm:ss or m:ss): 2:32.26
	Average shared text size (kbytes): 0
	Average unshared data size (kbytes): 0
	Average stack size (kbytes): 0
	Average total size (kbytes): 0
	Maximum resident set size (kbytes): 2152412
	Average resident set size (kbytes): 0
	Major (requiring I/O) page faults: 235
	Minor (reclaiming a frame) page faults: 3916351
	Voluntary context switches: 9618
	Involuntary context switches: 8137
	Swaps: 0
	File system inputs: 0
	File system outputs: 706856
	Socket messages sent: 0
	Socket messages received: 0
	Signals delivered: 0
	Page size (bytes): 4096
	Exit status: 0
