nice: cannot set niceness: Permission denied
Precompiling packages...
   1509.8 ms  ✓ IteratorInterfaceExtensions
   1662.5 ms  ✓ DataValueInterfaces
   1511.8 ms  ✓ Reexport
   1529.2 ms  ✓ LaTeXStrings
   1597.6 ms  ✓ SuiteSparse_jll
   1614.2 ms  ✓ InvertedIndices
   1614.9 ms  ✓ DataAPI
   1913.8 ms  ✓ Compat
   2007.1 ms  ✓ OrderedCollections
   2002.9 ms  ✓ Preferences
   2102.9 ms  ✓ InlineStrings
    903.1 ms  ✓ TableTraits
    994.3 ms  ✓ Missings
   1007.0 ms  ✓ PooledArrays
    803.3 ms  ✓ Compat → CompatLinearAlgebraExt
    863.7 ms  ✓ PrecompileTools
   2944.1 ms  ✓ Crayons
   3065.1 ms  ✓ SentinelArrays
    915.3 ms  ✓ Tables
   1847.3 ms  ✓ DataStructures
   1119.4 ms  ✓ StringManipulation
    364.6 ms  ✓ SortingAlgorithms
   3309.7 ms  ✓ SparseArrays
    466.8 ms  ✓ Statistics
  14239.3 ms  ✓ PrettyTables
  23310.8 ms  ✓ DataFrames
  26 dependencies successfully precompiled in 42 seconds
	Command being timed: "nice -n -10 timeout -k120 -v 3600 julia +lts --project=D/DataFrames/Dataframe-Construction -e using Pkg; @time @eval Pkg.precompile()"
	User time (seconds): 86.77
	System time (seconds): 5.98
	Percent of CPU this job got: 215%
	Elapsed (wall clock) time (h:mm:ss or m:ss): 0:43.02
	Average shared text size (kbytes): 0
	Average unshared data size (kbytes): 0
	Average stack size (kbytes): 0
	Average total size (kbytes): 0
	Maximum resident set size (kbytes): 1373712
	Average resident set size (kbytes): 0
	Major (requiring I/O) page faults: 120
	Minor (reclaiming a frame) page faults: 1613058
	Voluntary context switches: 35545
	Involuntary context switches: 3287
	Swaps: 0
	File system inputs: 3296
	File system outputs: 283624
	Socket messages sent: 0
	Socket messages received: 0
	Signals delivered: 0
	Page size (bytes): 4096
	Exit status: 0
