nice: cannot set niceness: Permission denied
Precompiling packages...
   1735.3 ms  ✓ DataValueInterfaces
   1597.1 ms  ✓ Reexport
   1605.2 ms  ✓ IteratorInterfaceExtensions
   1628.2 ms  ✓ DataAPI
   1697.5 ms  ✓ InvertedIndices
   1700.2 ms  ✓ LaTeXStrings
   1708.4 ms  ✓ SuiteSparse_jll
   1898.7 ms  ✓ Compat
   2078.7 ms  ✓ Preferences
   2114.7 ms  ✓ OrderedCollections
   2295.0 ms  ✓ InlineStrings
    908.6 ms  ✓ TableTraits
    940.6 ms  ✓ Missings
   1103.6 ms  ✓ PooledArrays
    936.5 ms  ✓ Compat → CompatLinearAlgebraExt
    833.9 ms  ✓ PrecompileTools
   2947.3 ms  ✓ Crayons
   3206.5 ms  ✓ SentinelArrays
    899.1 ms  ✓ Tables
   1781.0 ms  ✓ DataStructures
   1219.8 ms  ✓ StringManipulation
    401.6 ms  ✓ SortingAlgorithms
   3264.8 ms  ✓ SparseArrays
    479.3 ms  ✓ Statistics
  15835.5 ms  ✓ PrettyTables
  23999.6 ms  ✓ DataFrames
  26 dependencies successfully precompiled in 45 seconds
	Command being timed: "nice -n -10 timeout -k120 -v 3600 julia +lts --project=D/DataFrames/Dataframe-Construction -e using Pkg; @time @eval Pkg.precompile()"
	User time (seconds): 92.57
	System time (seconds): 5.97
	Percent of CPU this job got: 216%
	Elapsed (wall clock) time (h:mm:ss or m:ss): 0:45.59
	Average shared text size (kbytes): 0
	Average unshared data size (kbytes): 0
	Average stack size (kbytes): 0
	Average total size (kbytes): 0
	Maximum resident set size (kbytes): 1290568
	Average resident set size (kbytes): 0
	Major (requiring I/O) page faults: 132
	Minor (reclaiming a frame) page faults: 1622342
	Voluntary context switches: 35370
	Involuntary context switches: 4540
	Swaps: 0
	File system inputs: 0
	File system outputs: 295696
	Socket messages sent: 0
	Socket messages received: 0
	Signals delivered: 0
	Page size (bytes): 4096
	Exit status: 0
