nice: cannot set niceness: Permission denied
Precompiling packages...
   1492.3 ms  ✓ DataValueInterfaces
   1441.2 ms  ✓ InvertedIndices
   1449.0 ms  ✓ Reexport
   1455.2 ms  ✓ IteratorInterfaceExtensions
   1482.5 ms  ✓ LaTeXStrings
   1542.7 ms  ✓ DataAPI
   1655.7 ms  ✓ SuiteSparse_jll
   1671.4 ms  ✓ Compat
   1872.0 ms  ✓ OrderedCollections
   2067.1 ms  ✓ InlineStrings
   2141.0 ms  ✓ Preferences
    905.7 ms  ✓ TableTraits
   1007.1 ms  ✓ Missings
    904.9 ms  ✓ Compat → CompatLinearAlgebraExt
   1115.5 ms  ✓ PooledArrays
   2838.2 ms  ✓ Crayons
    774.7 ms  ✓ PrecompileTools
   3018.9 ms  ✓ SentinelArrays
    911.0 ms  ✓ Tables
   1920.5 ms  ✓ DataStructures
   1085.1 ms  ✓ StringManipulation
    359.3 ms  ✓ SortingAlgorithms
   3216.1 ms  ✓ SparseArrays
    467.5 ms  ✓ Statistics
  14481.8 ms  ✓ PrettyTables
  24098.0 ms  ✓ DataFrames
  26 dependencies successfully precompiled in 43 seconds
	Command being timed: "nice -n -10 timeout -k120 -v 3600 julia +lts --project=D/DataFrames/Dataframe-Construction -e using Pkg; @time @eval Pkg.precompile()"
	User time (seconds): 88.55
	System time (seconds): 6.01
	Percent of CPU this job got: 214%
	Elapsed (wall clock) time (h:mm:ss or m:ss): 0:44.05
	Average shared text size (kbytes): 0
	Average unshared data size (kbytes): 0
	Average stack size (kbytes): 0
	Average total size (kbytes): 0
	Maximum resident set size (kbytes): 1271136
	Average resident set size (kbytes): 0
	Major (requiring I/O) page faults: 121
	Minor (reclaiming a frame) page faults: 1584382
	Voluntary context switches: 35266
	Involuntary context switches: 2789
	Swaps: 0
	File system inputs: 0
	File system outputs: 283752
	Socket messages sent: 0
	Socket messages received: 0
	Signals delivered: 0
	Page size (bytes): 4096
	Exit status: 0
