nice: cannot set niceness: Permission denied
Precompiling packages...
    426.8 ms  ✓ DataValueInterfaces
    423.8 ms  ✓ Future
    450.7 ms  ✓ Reexport
    669.6 ms  ✓ OrderedCollections
    794.5 ms  ✓ InlineStrings
    455.1 ms  ✓ InvertedIndices
    474.2 ms  ✓ DataAPI
    599.5 ms  ✓ Statistics
    455.9 ms  ✓ IteratorInterfaceExtensions
    480.6 ms  ✓ LaTeXStrings
    473.4 ms  ✓ Unicode
    484.8 ms  ✓ Missings
    527.2 ms  ✓ PooledArrays
    405.8 ms  ✓ TableTraits
   1225.0 ms  ✓ InteractiveUtils
   1796.7 ms  ✓ DataStructures
    630.8 ms  ✓ Compat
   2076.4 ms  ✓ Crayons
    568.5 ms  ✓ SortingAlgorithms
   1774.9 ms  ✓ SentinelArrays
    927.6 ms  ✓ Tables
    429.4 ms  ✓ Compat → CompatLinearAlgebraExt
   2054.9 ms  ✓ Preferences
    556.7 ms  ✓ PrecompileTools
   3712.1 ms  ✓ StringManipulation
  48160.4 ms  ✓ REPL
  21899.0 ms  ✓ PrettyTables
  40667.1 ms  ✓ DataFrames
  28 dependencies successfully precompiled in 114 seconds. 8 already precompiled.
	Command being timed: "nice -n -10 timeout -k120 -v 3600 julia +alpha --project=D/DataFrames/Dataframe-Construction -e using Pkg; @time @eval Pkg.precompile()"
	User time (seconds): 299.26
	System time (seconds): 12.11
	Percent of CPU this job got: 138%
	Elapsed (wall clock) time (h:mm:ss or m:ss): 3:44.51
	Average shared text size (kbytes): 0
	Average unshared data size (kbytes): 0
	Average stack size (kbytes): 0
	Average total size (kbytes): 0
	Maximum resident set size (kbytes): 2589576
	Average resident set size (kbytes): 0
	Major (requiring I/O) page faults: 254
	Minor (reclaiming a frame) page faults: 4987315
	Voluntary context switches: 10752
	Involuntary context switches: 2813
	Swaps: 0
	File system inputs: 0
	File system outputs: 734328
	Socket messages sent: 0
	Socket messages received: 0
	Signals delivered: 0
	Page size (bytes): 4096
	Exit status: 0
