nice: cannot set niceness: Permission denied
Precompiling packages...
   1366.6 ms  ✓ IteratorInterfaceExtensions
   1520.9 ms  ✓ DataValueInterfaces
   1369.5 ms  ✓ Reexport
   1478.5 ms  ✓ LaTeXStrings
   1559.4 ms  ✓ SuiteSparse_jll
   1564.8 ms  ✓ DataAPI
   1572.8 ms  ✓ InvertedIndices
   1856.1 ms  ✓ OrderedCollections
   1978.2 ms  ✓ Compat
   2055.3 ms  ✓ InlineStrings
   2042.9 ms  ✓ Preferences
    908.2 ms  ✓ TableTraits
   1100.6 ms  ✓ PooledArrays
   1110.9 ms  ✓ Missings
    805.8 ms  ✓ Compat → CompatLinearAlgebraExt
   2866.3 ms  ✓ Crayons
    810.7 ms  ✓ PrecompileTools
   3065.3 ms  ✓ SentinelArrays
    974.8 ms  ✓ Tables
   1906.2 ms  ✓ DataStructures
   1116.5 ms  ✓ StringManipulation
    366.4 ms  ✓ SortingAlgorithms
   3306.7 ms  ✓ SparseArrays
    468.0 ms  ✓ Statistics
  15053.2 ms  ✓ PrettyTables
  23483.4 ms  ✓ DataFrames
  26 dependencies successfully precompiled in 43 seconds
	Command being timed: "nice -n -10 timeout -k120 -v 3600 julia +lts --project=D/DataFrames/Dataframe-Construction -e using Pkg; @time @eval Pkg.precompile()"
	User time (seconds): 88.96
	System time (seconds): 5.71
	Percent of CPU this job got: 214%
	Elapsed (wall clock) time (h:mm:ss or m:ss): 0:44.03
	Average shared text size (kbytes): 0
	Average unshared data size (kbytes): 0
	Average stack size (kbytes): 0
	Average total size (kbytes): 0
	Maximum resident set size (kbytes): 1298296
	Average resident set size (kbytes): 0
	Major (requiring I/O) page faults: 119
	Minor (reclaiming a frame) page faults: 1609885
	Voluntary context switches: 36002
	Involuntary context switches: 3783
	Swaps: 0
	File system inputs: 0
	File system outputs: 289088
	Socket messages sent: 0
	Socket messages received: 0
	Signals delivered: 0
	Page size (bytes): 4096
	Exit status: 0
