nice: cannot set niceness: Permission denied
Precompiling packages...
   2032.7 ms  ✓ IteratorInterfaceExtensions
   2120.4 ms  ✓ DataValueInterfaces
   2120.1 ms  ✓ LaTeXStrings
   2412.4 ms  ✓ Unicode
   2438.4 ms  ✓ Future
   2881.3 ms  ✓ Statistics
   2771.6 ms  ✓ Reexport
   3364.9 ms  ✓ OrderedCollections
   3555.0 ms  ✓ InvertedIndices
   3584.7 ms  ✓ DataAPI
   1508.3 ms  ✓ Preferences
   4079.5 ms  ✓ InlineStrings
   2474.1 ms  ✓ TableTraits
   1031.4 ms  ✓ PrecompileTools
   2922.8 ms  ✓ Compat
   2490.1 ms  ✓ PooledArrays
   2500.5 ms  ✓ Missings
   6202.7 ms  ✓ Crayons
   1546.0 ms  ✓ Compat → CompatLinearAlgebraExt
   3225.7 ms  ✓ Tables
   7690.9 ms  ✓ InteractiveUtils
   6015.8 ms  ✓ SentinelArrays
   5246.4 ms  ✓ DataStructures
   4183.4 ms  ✓ StringManipulation
   1056.2 ms  ✓ SortingAlgorithms
  56460.1 ms  ✓ REPL
  40208.5 ms  ✓ PrettyTables
  71342.5 ms  ✓ DataFrames
  28 dependencies successfully precompiled in 176 seconds. 8 already precompiled.
	Command being timed: "nice -n -10 timeout -k120 -v 3600 julia +1.12.0 --project=D/DataFrames/Dataframe-Construction -e using Pkg; @time @eval Pkg.precompile()"
	User time (seconds): 531.03
	System time (seconds): 16.63
	Percent of CPU this job got: 164%
	Elapsed (wall clock) time (h:mm:ss or m:ss): 5:32.46
	Average shared text size (kbytes): 0
	Average unshared data size (kbytes): 0
	Average stack size (kbytes): 0
	Average total size (kbytes): 0
	Maximum resident set size (kbytes): 2118016
	Average resident set size (kbytes): 0
	Major (requiring I/O) page faults: 180
	Minor (reclaiming a frame) page faults: 3709512
	Voluntary context switches: 8959
	Involuntary context switches: 76130
	Swaps: 0
	File system inputs: 3104
	File system outputs: 690664
	Socket messages sent: 0
	Socket messages received: 0
	Signals delivered: 0
	Page size (bytes): 4096
	Exit status: 0
