nice: cannot set niceness: Permission denied
Precompiling packages...
    420.4 ms  ✓ Future
    423.4 ms  ✓ DataValueInterfaces
    462.3 ms  ✓ Reexport
    680.9 ms  ✓ OrderedCollections
    816.0 ms  ✓ InlineStrings
    486.4 ms  ✓ DataAPI
    501.7 ms  ✓ InvertedIndices
    622.0 ms  ✓ Statistics
    438.7 ms  ✓ IteratorInterfaceExtensions
    477.8 ms  ✓ LaTeXStrings
    472.1 ms  ✓ Unicode
    477.9 ms  ✓ Missings
    503.8 ms  ✓ PooledArrays
    395.8 ms  ✓ TableTraits
   1232.7 ms  ✓ InteractiveUtils
   1879.6 ms  ✓ Crayons
   1796.7 ms  ✓ DataStructures
    622.5 ms  ✓ Compat
    588.1 ms  ✓ SortingAlgorithms
   1778.4 ms  ✓ SentinelArrays
    941.5 ms  ✓ Tables
    401.3 ms  ✓ Compat → CompatLinearAlgebraExt
   2065.0 ms  ✓ Preferences
    563.5 ms  ✓ PrecompileTools
   1902.1 ms  ✓ StringManipulation
  48150.9 ms  ✓ REPL
  22302.2 ms  ✓ PrettyTables
  41417.2 ms  ✓ DataFrames
  28 dependencies successfully precompiled in 115 seconds. 8 already precompiled.
	Command being timed: "nice -n -10 timeout -k120 -v 3600 julia +alpha --project=D/DataFrames/Dataframe-Construction -e using Pkg; @time @eval Pkg.precompile()"
	User time (seconds): 298.10
	System time (seconds): 12.19
	Percent of CPU this job got: 137%
	Elapsed (wall clock) time (h:mm:ss or m:ss): 3:45.71
	Average shared text size (kbytes): 0
	Average unshared data size (kbytes): 0
	Average stack size (kbytes): 0
	Average total size (kbytes): 0
	Maximum resident set size (kbytes): 2584764
	Average resident set size (kbytes): 0
	Major (requiring I/O) page faults: 247
	Minor (reclaiming a frame) page faults: 4967515
	Voluntary context switches: 10821
	Involuntary context switches: 3018
	Swaps: 0
	File system inputs: 0
	File system outputs: 729232
	Socket messages sent: 0
	Socket messages received: 0
	Signals delivered: 0
	Page size (bytes): 4096
	Exit status: 0
