nice: cannot set niceness: Permission denied
Precompiling packages...
   1666.6 ms  ✓ DataValueInterfaces
   1528.9 ms  ✓ IteratorInterfaceExtensions
   1522.9 ms  ✓ Reexport
   1532.0 ms  ✓ DataAPI
   1619.6 ms  ✓ LaTeXStrings
   1643.8 ms  ✓ InvertedIndices
   1729.1 ms  ✓ SuiteSparse_jll
   1842.3 ms  ✓ OrderedCollections
   1925.4 ms  ✓ Compat
   1940.9 ms  ✓ InlineStrings
   2189.2 ms  ✓ Preferences
    907.5 ms  ✓ TableTraits
    985.0 ms  ✓ Missings
   1115.6 ms  ✓ PooledArrays
    820.5 ms  ✓ Compat → CompatLinearAlgebraExt
   2926.3 ms  ✓ Crayons
    738.4 ms  ✓ PrecompileTools
   3062.3 ms  ✓ SentinelArrays
    889.1 ms  ✓ Tables
   1961.5 ms  ✓ DataStructures
   1099.7 ms  ✓ StringManipulation
    370.6 ms  ✓ SortingAlgorithms
   3258.2 ms  ✓ SparseArrays
    477.1 ms  ✓ Statistics
  15302.2 ms  ✓ PrettyTables
  24281.2 ms  ✓ DataFrames
  26 dependencies successfully precompiled in 44 seconds
	Command being timed: "nice -n -10 timeout -k120 -v 3600 julia +lts --project=D/DataFrames/Dataframe-Construction -e using Pkg; @time @eval Pkg.precompile()"
	User time (seconds): 92.05
	System time (seconds): 6.12
	Percent of CPU this job got: 217%
	Elapsed (wall clock) time (h:mm:ss or m:ss): 0:45.19
	Average shared text size (kbytes): 0
	Average unshared data size (kbytes): 0
	Average stack size (kbytes): 0
	Average total size (kbytes): 0
	Maximum resident set size (kbytes): 1338312
	Average resident set size (kbytes): 0
	Major (requiring I/O) page faults: 150
	Minor (reclaiming a frame) page faults: 1598960
	Voluntary context switches: 35541
	Involuntary context switches: 4512
	Swaps: 0
	File system inputs: 416
	File system outputs: 289384
	Socket messages sent: 0
	Socket messages received: 0
	Signals delivered: 0
	Page size (bytes): 4096
	Exit status: 0
