nice: cannot set niceness: Permission denied
Precompiling packages...
    402.6 ms  ✓ Reexport
    405.4 ms  ✓ DataValueInterfaces
    402.1 ms  ✓ Future
    648.2 ms  ✓ OrderedCollections
    799.8 ms  ✓ InlineStrings
    484.1 ms  ✓ InvertedIndices
    486.6 ms  ✓ DataAPI
    617.0 ms  ✓ Statistics
    438.4 ms  ✓ IteratorInterfaceExtensions
    477.7 ms  ✓ LaTeXStrings
    491.2 ms  ✓ Unicode
    493.7 ms  ✓ Missings
    526.6 ms  ✓ PooledArrays
    418.3 ms  ✓ TableTraits
   1350.4 ms  ✓ InteractiveUtils
   1958.2 ms  ✓ Crayons
   1785.6 ms  ✓ DataStructures
    678.6 ms  ✓ Compat
   1642.8 ms  ✓ SentinelArrays
    586.7 ms  ✓ SortingAlgorithms
    912.7 ms  ✓ Tables
    425.1 ms  ✓ Compat → CompatLinearAlgebraExt
   2062.7 ms  ✓ Preferences
    363.6 ms  ✓ PrecompileTools
   1703.7 ms  ✓ StringManipulation
  48337.8 ms  ✓ REPL
  20655.3 ms  ✓ PrettyTables
  41524.9 ms  ✓ DataFrames
  28 dependencies successfully precompiled in 113 seconds. 8 already precompiled.
	Command being timed: "nice -n -10 timeout -k120 -v 3600 julia +alpha --project=D/DataFrames/Dataframe-Construction -e using Pkg; @time @eval Pkg.precompile()"
	User time (seconds): 296.28
	System time (seconds): 12.71
	Percent of CPU this job got: 136%
	Elapsed (wall clock) time (h:mm:ss or m:ss): 3:46.58
	Average shared text size (kbytes): 0
	Average unshared data size (kbytes): 0
	Average stack size (kbytes): 0
	Average total size (kbytes): 0
	Maximum resident set size (kbytes): 2797224
	Average resident set size (kbytes): 0
	Major (requiring I/O) page faults: 268
	Minor (reclaiming a frame) page faults: 5073259
	Voluntary context switches: 10687
	Involuntary context switches: 2799
	Swaps: 0
	File system inputs: 0
	File system outputs: 725248
	Socket messages sent: 0
	Socket messages received: 0
	Signals delivered: 0
	Page size (bytes): 4096
	Exit status: 0
