nice: cannot set niceness: Permission denied
Precompiling packages...
  75771.3 ms  ✓ Pkg (serial)
  1 dependency successfully precompiled in 76 seconds
Precompiling packages...
   1955.6 ms  ✓ IteratorInterfaceExtensions
   1952.6 ms  ✓ DataAPI
   1957.5 ms  ✓ DataValueInterfaces
   2047.8 ms  ✓ Reexport
   2154.8 ms  ✓ LaTeXStrings
   2180.5 ms  ✓ InvertedIndices
   2214.9 ms  ✓ Future
   2251.0 ms  ✓ Unicode
   2280.4 ms  ✓ CompilerSupportLibraries_jll
   2673.7 ms  ✓ Statistics
   1225.1 ms  ✓ TableTraits
   3243.2 ms  ✓ InlineStrings
   1306.5 ms  ✓ PooledArrays
   1529.9 ms  ✓ Preferences
    696.3 ms  ✓ PrecompileTools
   4657.7 ms  ✓ OrderedCollections
   2827.6 ms  ✓ SentinelArrays
   3419.8 ms  ✓ Missings
   3235.0 ms  ✓ Compat
   5583.6 ms  ✓ Crayons
   5723.6 ms  ✓ InteractiveUtils
    482.1 ms  ✓ Compat → CompatLinearAlgebraExt
   2136.8 ms  ✓ StringManipulation
   2119.8 ms  ✓ DataStructures
   2319.8 ms  ✓ Tables
    433.0 ms  ✓ SortingAlgorithms
  26099.9 ms  ✓ REPL
  17461.6 ms  ✓ PrettyTables
  31551.3 ms  ✓ DataFrames
  29 dependencies successfully precompiled in 81 seconds. 8 already precompiled.
	Command being timed: "nice -n -10 timeout -k120 -v 3600 julia +release --project=D/DataFrames/Dataframe-Construction -e using Pkg; @time @eval Pkg.precompile()"
	User time (seconds): 289.28
	System time (seconds): 12.44
	Percent of CPU this job got: 191%
	Elapsed (wall clock) time (h:mm:ss or m:ss): 2:37.60
	Average shared text size (kbytes): 0
	Average unshared data size (kbytes): 0
	Average stack size (kbytes): 0
	Average total size (kbytes): 0
	Maximum resident set size (kbytes): 2152332
	Average resident set size (kbytes): 0
	Major (requiring I/O) page faults: 248
	Minor (reclaiming a frame) page faults: 3980083
	Voluntary context switches: 10960
	Involuntary context switches: 9296
	Swaps: 0
	File system inputs: 0
	File system outputs: 710112
	Socket messages sent: 0
	Socket messages received: 0
	Signals delivered: 0
	Page size (bytes): 4096
	Exit status: 0
