nice: cannot set niceness: Permission denied
Precompiling packages...
    412.4 ms  ✓ Future
    415.4 ms  ✓ DataValueInterfaces
    422.0 ms  ✓ Reexport
    707.1 ms  ✓ OrderedCollections
    787.2 ms  ✓ InlineStrings
    487.8 ms  ✓ InvertedIndices
    496.9 ms  ✓ DataAPI
    658.2 ms  ✓ Statistics
    478.2 ms  ✓ IteratorInterfaceExtensions
    504.2 ms  ✓ LaTeXStrings
    500.1 ms  ✓ Unicode
    492.9 ms  ✓ Missings
    601.7 ms  ✓ PooledArrays
    474.1 ms  ✓ TableTraits
   1442.1 ms  ✓ InteractiveUtils
   1686.5 ms  ✓ Crayons
   1856.2 ms  ✓ DataStructures
    627.7 ms  ✓ Compat
    976.1 ms  ✓ Tables
   1670.5 ms  ✓ SentinelArrays
    634.8 ms  ✓ SortingAlgorithms
    404.9 ms  ✓ Compat → CompatLinearAlgebraExt
   1762.0 ms  ✓ Preferences
    461.2 ms  ✓ PrecompileTools
   1768.6 ms  ✓ StringManipulation
  43833.6 ms  ✓ REPL
  19532.7 ms  ✓ PrettyTables
  39097.5 ms  ✓ DataFrames
  28 dependencies successfully precompiled in 106 seconds. 8 already precompiled.
	Command being timed: "nice -n -10 timeout -k120 -v 3600 julia +nightly --project=D/DataFrames/Dataframe-Construction -e using Pkg; @time @eval Pkg.precompile()"
	User time (seconds): 278.28
	System time (seconds): 11.78
	Percent of CPU this job got: 138%
	Elapsed (wall clock) time (h:mm:ss or m:ss): 3:28.96
	Average shared text size (kbytes): 0
	Average unshared data size (kbytes): 0
	Average stack size (kbytes): 0
	Average total size (kbytes): 0
	Maximum resident set size (kbytes): 2287156
	Average resident set size (kbytes): 0
	Major (requiring I/O) page faults: 265
	Minor (reclaiming a frame) page faults: 4662356
	Voluntary context switches: 10592
	Involuntary context switches: 2842
	Swaps: 0
	File system inputs: 0
	File system outputs: 739568
	Socket messages sent: 0
	Socket messages received: 0
	Signals delivered: 0
	Page size (bytes): 4096
	Exit status: 0
