nice: cannot set niceness: Permission denied
Precompiling packages...
    414.7 ms  ✓ DataValueInterfaces
    412.4 ms  ✓ Reexport
    411.8 ms  ✓ Future
    641.5 ms  ✓ OrderedCollections
    788.7 ms  ✓ InlineStrings
    469.0 ms  ✓ DataAPI
    470.4 ms  ✓ InvertedIndices
    617.5 ms  ✓ Statistics
    447.5 ms  ✓ IteratorInterfaceExtensions
    480.7 ms  ✓ LaTeXStrings
    491.7 ms  ✓ Unicode
    475.2 ms  ✓ Missings
    516.9 ms  ✓ PooledArrays
    412.0 ms  ✓ TableTraits
   1245.6 ms  ✓ InteractiveUtils
   1920.5 ms  ✓ Crayons
   1777.6 ms  ✓ DataStructures
    657.2 ms  ✓ Compat
    579.1 ms  ✓ SortingAlgorithms
   1683.2 ms  ✓ SentinelArrays
    905.5 ms  ✓ Tables
    406.8 ms  ✓ Compat → CompatLinearAlgebraExt
   1963.9 ms  ✓ Preferences
    364.7 ms  ✓ PrecompileTools
   1621.6 ms  ✓ StringManipulation
  47793.6 ms  ✓ REPL
  21585.6 ms  ✓ PrettyTables
  41918.6 ms  ✓ DataFrames
  28 dependencies successfully precompiled in 114 seconds. 8 already precompiled.
	Command being timed: "nice -n -10 timeout -k120 -v 3600 julia +alpha --project=D/DataFrames/Dataframe-Construction -e using Pkg; @time @eval Pkg.precompile()"
	User time (seconds): 297.48
	System time (seconds): 12.20
	Percent of CPU this job got: 136%
	Elapsed (wall clock) time (h:mm:ss or m:ss): 3:46.81
	Average shared text size (kbytes): 0
	Average unshared data size (kbytes): 0
	Average stack size (kbytes): 0
	Average total size (kbytes): 0
	Maximum resident set size (kbytes): 2783444
	Average resident set size (kbytes): 0
	Major (requiring I/O) page faults: 320
	Minor (reclaiming a frame) page faults: 5036657
	Voluntary context switches: 10833
	Involuntary context switches: 2713
	Swaps: 0
	File system inputs: 0
	File system outputs: 730600
	Socket messages sent: 0
	Socket messages received: 0
	Signals delivered: 0
	Page size (bytes): 4096
	Exit status: 0
