nice: cannot set niceness: Permission denied
Precompiling packages...
  75192.9 ms  ✓ Pkg (serial)
  1 dependency successfully precompiled in 75 seconds
Precompiling packages...
   2000.7 ms  ✓ Future
   2031.4 ms  ✓ IteratorInterfaceExtensions
   2047.6 ms  ✓ DataValueInterfaces
   2045.8 ms  ✓ Reexport
   2135.0 ms  ✓ InvertedIndices
   2139.6 ms  ✓ DataAPI
   2138.0 ms  ✓ Unicode
   2140.8 ms  ✓ LaTeXStrings
   2236.4 ms  ✓ CompilerSupportLibraries_jll
   2636.2 ms  ✓ Statistics
   1131.5 ms  ✓ TableTraits
   3323.4 ms  ✓ InlineStrings
   1495.4 ms  ✓ PooledArrays
   1601.1 ms  ✓ Preferences
    774.0 ms  ✓ PrecompileTools
   4824.8 ms  ✓ OrderedCollections
   2825.0 ms  ✓ SentinelArrays
   3197.8 ms  ✓ Missings
   3381.0 ms  ✓ Compat
   5745.6 ms  ✓ Crayons
   5901.1 ms  ✓ InteractiveUtils
    519.8 ms  ✓ Compat → CompatLinearAlgebraExt
   1913.9 ms  ✓ DataStructures
   2175.8 ms  ✓ Tables
    471.8 ms  ✓ SortingAlgorithms
   3496.4 ms  ✓ StringManipulation
  26619.8 ms  ✓ REPL
  16862.3 ms  ✓ PrettyTables
  30346.9 ms  ✓ DataFrames
  29 dependencies successfully precompiled in 80 seconds. 8 already precompiled.
	Command being timed: "nice -n -10 timeout -k120 -v 3600 julia +release --project=D/DataFrames/Dataframe-Construction -e using Pkg; @time @eval Pkg.precompile()"
	User time (seconds): 291.01
	System time (seconds): 12.49
	Percent of CPU this job got: 194%
	Elapsed (wall clock) time (h:mm:ss or m:ss): 2:36.06
	Average shared text size (kbytes): 0
	Average unshared data size (kbytes): 0
	Average stack size (kbytes): 0
	Average total size (kbytes): 0
	Maximum resident set size (kbytes): 2147128
	Average resident set size (kbytes): 0
	Major (requiring I/O) page faults: 235
	Minor (reclaiming a frame) page faults: 3996414
	Voluntary context switches: 10854
	Involuntary context switches: 8981
	Swaps: 0
	File system inputs: 0
	File system outputs: 714592
	Socket messages sent: 0
	Socket messages received: 0
	Signals delivered: 0
	Page size (bytes): 4096
	Exit status: 0
