nice: cannot set niceness: Permission denied
Precompiling packages...
   1473.9 ms  ✓ IteratorInterfaceExtensions
   1471.5 ms  ✓ Reexport
   1617.6 ms  ✓ DataValueInterfaces
   1559.3 ms  ✓ InvertedIndices
   1561.8 ms  ✓ LaTeXStrings
   1624.0 ms  ✓ DataAPI
   1650.6 ms  ✓ SuiteSparse_jll
   1922.3 ms  ✓ OrderedCollections
   1965.4 ms  ✓ Compat
   2140.4 ms  ✓ InlineStrings
   2135.9 ms  ✓ Preferences
    881.1 ms  ✓ TableTraits
   1017.8 ms  ✓ PooledArrays
   1101.5 ms  ✓ Missings
    800.6 ms  ✓ Compat → CompatLinearAlgebraExt
    809.5 ms  ✓ PrecompileTools
   3081.8 ms  ✓ Crayons
   3109.8 ms  ✓ SentinelArrays
   1010.1 ms  ✓ Tables
   1879.1 ms  ✓ DataStructures
    358.2 ms  ✓ SortingAlgorithms
   3456.9 ms  ✓ SparseArrays
   2139.1 ms  ✓ StringManipulation
    475.9 ms  ✓ Statistics
  15453.5 ms  ✓ PrettyTables
  24117.8 ms  ✓ DataFrames
  26 dependencies successfully precompiled in 45 seconds
	Command being timed: "nice -n -10 timeout -k120 -v 3600 julia +lts --project=D/DataFrames/Dataframe-Construction -e using Pkg; @time @eval Pkg.precompile()"
	User time (seconds): 93.97
	System time (seconds): 6.06
	Percent of CPU this job got: 214%
	Elapsed (wall clock) time (h:mm:ss or m:ss): 0:46.53
	Average shared text size (kbytes): 0
	Average unshared data size (kbytes): 0
	Average stack size (kbytes): 0
	Average total size (kbytes): 0
	Maximum resident set size (kbytes): 1355780
	Average resident set size (kbytes): 0
	Major (requiring I/O) page faults: 125
	Minor (reclaiming a frame) page faults: 1647230
	Voluntary context switches: 36076
	Involuntary context switches: 5328
	Swaps: 0
	File system inputs: 0
	File system outputs: 304960
	Socket messages sent: 0
	Socket messages received: 0
	Signals delivered: 0
	Page size (bytes): 4096
	Exit status: 0
