Precompiling project...
   1405.9 ms  ✓ IteratorInterfaceExtensions
   1410.2 ms  ✓ DataValueInterfaces
   1504.6 ms  ✓ Unicode
   1509.1 ms  ✓ Reexport
   1522.3 ms  ✓ LaTeXStrings
   1624.5 ms  ✓ DataAPI
   1675.0 ms  ✓ Future
   1710.5 ms  ✓ InvertedIndices
   2008.7 ms  ✓ Statistics
   2011.4 ms  ✓ CompilerSupportLibraries_jll
   2118.1 ms  ✓ OrderedCollections
   2306.0 ms  ✓ InlineStrings
   1012.6 ms  ✓ TableTraits
    996.9 ms  ✓ Missings
   1099.7 ms  ✓ PooledArrays
   1300.4 ms  ✓ Compat
   2967.9 ms  ✓ Crayons
   1459.7 ms  ✓ Preferences
   3126.1 ms  ✓ InteractiveUtils
    540.2 ms  ✓ Compat → CompatLinearAlgebraExt
    441.4 ms  ✓ PrecompileTools
   1007.1 ms  ✓ Tables
   1939.3 ms  ✓ SentinelArrays
   1205.5 ms  ✓ StringManipulation
   1299.2 ms  ✓ DataStructures
    380.6 ms  ✓ SortingAlgorithms
  11368.2 ms  ✓ PrettyTables
  26950.3 ms  ✓ DataFrames
  28 dependencies successfully precompiled in 43 seconds. 6 already precompiled.
	Command being timed: "julia +1.11.6 --project=D/DataFrames/Dataframe-Construction -e using Pkg; @time @eval Pkg.precompile()"
	User time (seconds): 174.08
	System time (seconds): 9.05
	Percent of CPU this job got: 190%
	Elapsed (wall clock) time (h:mm:ss or m:ss): 1:36.34
	Average shared text size (kbytes): 0
	Average unshared data size (kbytes): 0
	Average stack size (kbytes): 0
	Average total size (kbytes): 0
	Maximum resident set size (kbytes): 2050068
	Average resident set size (kbytes): 0
	Major (requiring I/O) page faults: 198
	Minor (reclaiming a frame) page faults: 2854214
	Voluntary context switches: 65222
	Involuntary context switches: 7335
	Swaps: 0
	File system inputs: 0
	File system outputs: 675768
	Socket messages sent: 0
	Socket messages received: 0
	Signals delivered: 0
	Page size (bytes): 4096
	Exit status: 0
