nice: cannot set niceness: Permission denied
Precompiling packages...
   1510.6 ms  ✓ LaTeXStrings
   1520.3 ms  ✓ IteratorInterfaceExtensions
   1659.5 ms  ✓ DataValueInterfaces
   1595.4 ms  ✓ Reexport
   1626.6 ms  ✓ InvertedIndices
   1641.2 ms  ✓ DataAPI
   1797.0 ms  ✓ SuiteSparse_jll
   1821.3 ms  ✓ OrderedCollections
   1904.7 ms  ✓ Compat
   2124.7 ms  ✓ InlineStrings
   2111.9 ms  ✓ Preferences
    915.1 ms  ✓ TableTraits
   1088.8 ms  ✓ PooledArrays
   1187.3 ms  ✓ Missings
    929.6 ms  ✓ Compat → CompatLinearAlgebraExt
   3024.6 ms  ✓ Crayons
    889.4 ms  ✓ PrecompileTools
   3167.9 ms  ✓ SentinelArrays
    973.8 ms  ✓ Tables
   1943.6 ms  ✓ DataStructures
    402.5 ms  ✓ SortingAlgorithms
   1143.6 ms  ✓ StringManipulation
   3252.1 ms  ✓ SparseArrays
    478.0 ms  ✓ Statistics
  15604.4 ms  ✓ PrettyTables
  23762.2 ms  ✓ DataFrames
  26 dependencies successfully precompiled in 44 seconds
	Command being timed: "nice -n -10 timeout -k120 -v 3600 julia +lts --project=D/DataFrames/Dataframe-Construction -e using Pkg; @time @eval Pkg.precompile()"
	User time (seconds): 90.72
	System time (seconds): 6.02
	Percent of CPU this job got: 213%
	Elapsed (wall clock) time (h:mm:ss or m:ss): 0:45.28
	Average shared text size (kbytes): 0
	Average unshared data size (kbytes): 0
	Average stack size (kbytes): 0
	Average total size (kbytes): 0
	Maximum resident set size (kbytes): 1361932
	Average resident set size (kbytes): 0
	Major (requiring I/O) page faults: 110
	Minor (reclaiming a frame) page faults: 1616284
	Voluntary context switches: 35520
	Involuntary context switches: 4669
	Swaps: 0
	File system inputs: 0
	File system outputs: 299776
	Socket messages sent: 0
	Socket messages received: 0
	Signals delivered: 0
	Page size (bytes): 4096
	Exit status: 0
