nice: cannot set niceness: Permission denied
Precompiling packages...
    407.1 ms  ✓ Reexport
    406.6 ms  ✓ Future
    417.2 ms  ✓ DataValueInterfaces
    655.7 ms  ✓ OrderedCollections
    796.8 ms  ✓ InlineStrings
    489.4 ms  ✓ DataAPI
    495.4 ms  ✓ InvertedIndices
    617.8 ms  ✓ Statistics
    446.5 ms  ✓ IteratorInterfaceExtensions
    521.0 ms  ✓ LaTeXStrings
    536.7 ms  ✓ Unicode
    489.4 ms  ✓ Missings
    541.6 ms  ✓ PooledArrays
    420.5 ms  ✓ TableTraits
   1386.4 ms  ✓ InteractiveUtils
   1959.8 ms  ✓ Crayons
   1805.9 ms  ✓ DataStructures
    656.4 ms  ✓ Compat
   1632.9 ms  ✓ SentinelArrays
    618.6 ms  ✓ SortingAlgorithms
    903.7 ms  ✓ Tables
    431.4 ms  ✓ Compat → CompatLinearAlgebraExt
   2049.1 ms  ✓ Preferences
    358.6 ms  ✓ PrecompileTools
   1738.1 ms  ✓ StringManipulation
  47513.5 ms  ✓ REPL
  21796.8 ms  ✓ PrettyTables
  42149.4 ms  ✓ DataFrames
  28 dependencies successfully precompiled in 114 seconds. 8 already precompiled.
	Command being timed: "nice -n -10 timeout -k120 -v 3600 julia +alpha --project=D/DataFrames/Dataframe-Construction -e using Pkg; @time @eval Pkg.precompile()"
	User time (seconds): 297.69
	System time (seconds): 12.33
	Percent of CPU this job got: 136%
	Elapsed (wall clock) time (h:mm:ss or m:ss): 3:46.68
	Average shared text size (kbytes): 0
	Average unshared data size (kbytes): 0
	Average stack size (kbytes): 0
	Average total size (kbytes): 0
	Maximum resident set size (kbytes): 2745104
	Average resident set size (kbytes): 0
	Major (requiring I/O) page faults: 445
	Minor (reclaiming a frame) page faults: 4962793
	Voluntary context switches: 11017
	Involuntary context switches: 3104
	Swaps: 0
	File system inputs: 0
	File system outputs: 731120
	Socket messages sent: 0
	Socket messages received: 0
	Signals delivered: 0
	Page size (bytes): 4096
	Exit status: 0
