nice: cannot set niceness: Permission denied
Precompiling packages...
   1508.0 ms  ✓ Reexport
   1527.1 ms  ✓ IteratorInterfaceExtensions
   1666.1 ms  ✓ DataValueInterfaces
   1628.3 ms  ✓ DataAPI
   1634.9 ms  ✓ InvertedIndices
   1712.4 ms  ✓ LaTeXStrings
   1828.4 ms  ✓ SuiteSparse_jll
   1921.9 ms  ✓ Compat
   1925.9 ms  ✓ OrderedCollections
   2186.4 ms  ✓ Preferences
   2211.9 ms  ✓ InlineStrings
    906.2 ms  ✓ TableTraits
    982.6 ms  ✓ Missings
   1085.1 ms  ✓ PooledArrays
    808.5 ms  ✓ Compat → CompatLinearAlgebraExt
    768.5 ms  ✓ PrecompileTools
   3158.9 ms  ✓ Crayons
   3244.6 ms  ✓ SentinelArrays
    978.0 ms  ✓ Tables
   1949.9 ms  ✓ DataStructures
    351.4 ms  ✓ SortingAlgorithms
   2147.3 ms  ✓ StringManipulation
   3306.7 ms  ✓ SparseArrays
    477.1 ms  ✓ Statistics
  15455.0 ms  ✓ PrettyTables
  24023.7 ms  ✓ DataFrames
  26 dependencies successfully precompiled in 45 seconds
	Command being timed: "nice -n -10 timeout -k120 -v 3600 julia +lts --project=D/DataFrames/Dataframe-Construction -e using Pkg; @time @eval Pkg.precompile()"
	User time (seconds): 93.34
	System time (seconds): 6.06
	Percent of CPU this job got: 214%
	Elapsed (wall clock) time (h:mm:ss or m:ss): 0:46.42
	Average shared text size (kbytes): 0
	Average unshared data size (kbytes): 0
	Average stack size (kbytes): 0
	Average total size (kbytes): 0
	Maximum resident set size (kbytes): 1283348
	Average resident set size (kbytes): 0
	Major (requiring I/O) page faults: 102
	Minor (reclaiming a frame) page faults: 1626870
	Voluntary context switches: 31383
	Involuntary context switches: 4527
	Swaps: 0
	File system inputs: 0
	File system outputs: 304848
	Socket messages sent: 0
	Socket messages received: 0
	Signals delivered: 0
	Page size (bytes): 4096
	Exit status: 0
