nice: cannot set niceness: Permission denied
Precompiling packages...
   1455.4 ms  ✓ DataValueInterfaces
   1332.6 ms  ✓ IteratorInterfaceExtensions
   1340.5 ms  ✓ LaTeXStrings
   1425.0 ms  ✓ Reexport
   1526.3 ms  ✓ InvertedIndices
   1535.8 ms  ✓ DataAPI
   1616.1 ms  ✓ SuiteSparse_jll
   1926.0 ms  ✓ OrderedCollections
   1941.9 ms  ✓ Compat
   1991.7 ms  ✓ Preferences
   2041.5 ms  ✓ InlineStrings
    815.0 ms  ✓ TableTraits
   1023.1 ms  ✓ Missings
   1095.9 ms  ✓ PooledArrays
    808.9 ms  ✓ PrecompileTools
    896.5 ms  ✓ Compat → CompatLinearAlgebraExt
   2931.6 ms  ✓ Crayons
   3046.1 ms  ✓ SentinelArrays
   1093.6 ms  ✓ Tables
   1935.8 ms  ✓ DataStructures
   1115.4 ms  ✓ StringManipulation
    336.9 ms  ✓ SortingAlgorithms
   3304.4 ms  ✓ SparseArrays
    479.0 ms  ✓ Statistics
  14868.3 ms  ✓ PrettyTables
  23680.3 ms  ✓ DataFrames
  26 dependencies successfully precompiled in 43 seconds
	Command being timed: "nice -n -10 timeout -k120 -v 3600 julia +lts --project=D/DataFrames/Dataframe-Construction -e using Pkg; @time @eval Pkg.precompile()"
	User time (seconds): 89.02
	System time (seconds): 5.98
	Percent of CPU this job got: 215%
	Elapsed (wall clock) time (h:mm:ss or m:ss): 0:43.98
	Average shared text size (kbytes): 0
	Average unshared data size (kbytes): 0
	Average stack size (kbytes): 0
	Average total size (kbytes): 0
	Maximum resident set size (kbytes): 1358984
	Average resident set size (kbytes): 0
	Major (requiring I/O) page faults: 118
	Minor (reclaiming a frame) page faults: 1621708
	Voluntary context switches: 34065
	Involuntary context switches: 3569
	Swaps: 0
	File system inputs: 0
	File system outputs: 289960
	Socket messages sent: 0
	Socket messages received: 0
	Signals delivered: 0
	Page size (bytes): 4096
	Exit status: 0
