nice: cannot set niceness: Permission denied
Precompiling packages...
  72641.2 ms  ✓ Pkg (serial)
  1 dependency successfully precompiled in 73 seconds
Precompiling packages...
   1711.1 ms  ✓ IteratorInterfaceExtensions
   1803.4 ms  ✓ DataValueInterfaces
   1889.7 ms  ✓ DataAPI
   1892.8 ms  ✓ InvertedIndices
   1888.6 ms  ✓ Reexport
   1909.0 ms  ✓ LaTeXStrings
   1976.4 ms  ✓ Future
   1986.0 ms  ✓ Unicode
   2129.7 ms  ✓ Statistics
   1211.3 ms  ✓ TableTraits
   2913.1 ms  ✓ InlineStrings
   1301.7 ms  ✓ PooledArrays
   1590.0 ms  ✓ Preferences
    702.6 ms  ✓ PrecompileTools
   4430.2 ms  ✓ OrderedCollections
   2644.5 ms  ✓ SentinelArrays
   2937.7 ms  ✓ Missings
   5005.7 ms  ✓ Crayons
   3109.8 ms  ✓ Compat
   5104.9 ms  ✓ InteractiveUtils
    435.5 ms  ✓ Compat → CompatLinearAlgebraExt
   1861.9 ms  ✓ StringManipulation
   1926.8 ms  ✓ DataStructures
   2085.3 ms  ✓ Tables
    430.6 ms  ✓ SortingAlgorithms
  23496.9 ms  ✓ REPL
  15547.5 ms  ✓ PrettyTables
  30817.6 ms  ✓ DataFrames
  28 dependencies successfully precompiled in 75 seconds. 8 already precompiled.
	Command being timed: "nice -n -10 timeout -k120 -v 3600 julia +1.12.4 --project=D/DataFrames/Dataframe-Construction -e using Pkg; @time @eval Pkg.precompile()"
	User time (seconds): 271.51
	System time (seconds): 11.86
	Percent of CPU this job got: 190%
	Elapsed (wall clock) time (h:mm:ss or m:ss): 2:28.39
	Average shared text size (kbytes): 0
	Average unshared data size (kbytes): 0
	Average stack size (kbytes): 0
	Average total size (kbytes): 0
	Maximum resident set size (kbytes): 2132232
	Average resident set size (kbytes): 0
	Major (requiring I/O) page faults: 271
	Minor (reclaiming a frame) page faults: 3864766
	Voluntary context switches: 9997
	Involuntary context switches: 8474
	Swaps: 0
	File system inputs: 0
	File system outputs: 694376
	Socket messages sent: 0
	Socket messages received: 0
	Signals delivered: 0
	Page size (bytes): 4096
	Exit status: 0
