nice: cannot set niceness: Permission denied
Precompiling packages...
   1506.0 ms  ✓ DataValueInterfaces
   1457.4 ms  ✓ IteratorInterfaceExtensions
   1452.4 ms  ✓ Reexport
   1470.5 ms  ✓ SuiteSparse_jll
   1555.8 ms  ✓ DataAPI
   1572.7 ms  ✓ LaTeXStrings
   1579.2 ms  ✓ InvertedIndices
   1784.7 ms  ✓ OrderedCollections
   1891.1 ms  ✓ Compat
   1965.6 ms  ✓ InlineStrings
   2051.4 ms  ✓ Preferences
    829.7 ms  ✓ TableTraits
    985.7 ms  ✓ Missings
   1026.1 ms  ✓ PooledArrays
    798.8 ms  ✓ Compat → CompatLinearAlgebraExt
    791.8 ms  ✓ PrecompileTools
   2884.2 ms  ✓ Crayons
   3078.7 ms  ✓ SentinelArrays
    990.1 ms  ✓ Tables
   1987.5 ms  ✓ DataStructures
   1125.5 ms  ✓ StringManipulation
    369.4 ms  ✓ SortingAlgorithms
   3336.4 ms  ✓ SparseArrays
    479.0 ms  ✓ Statistics
  14115.8 ms  ✓ PrettyTables
  23315.0 ms  ✓ DataFrames
  26 dependencies successfully precompiled in 42 seconds
	Command being timed: "nice -n -10 timeout -k120 -v 3600 julia +lts --project=D/DataFrames/Dataframe-Construction -e using Pkg; @time @eval Pkg.precompile()"
	User time (seconds): 86.74
	System time (seconds): 5.87
	Percent of CPU this job got: 216%
	Elapsed (wall clock) time (h:mm:ss or m:ss): 0:42.86
	Average shared text size (kbytes): 0
	Average unshared data size (kbytes): 0
	Average stack size (kbytes): 0
	Average total size (kbytes): 0
	Maximum resident set size (kbytes): 1250828
	Average resident set size (kbytes): 0
	Major (requiring I/O) page faults: 116
	Minor (reclaiming a frame) page faults: 1580690
	Voluntary context switches: 35250
	Involuntary context switches: 3362
	Swaps: 0
	File system inputs: 0
	File system outputs: 283864
	Socket messages sent: 0
	Socket messages received: 0
	Signals delivered: 0
	Page size (bytes): 4096
	Exit status: 0
