nice: cannot set niceness: Permission denied
Precompiling packages...
    460.6 ms  ✓ DataValueInterfaces
    457.4 ms  ✓ Future
    467.0 ms  ✓ Reexport
    713.0 ms  ✓ OrderedCollections
    886.3 ms  ✓ InlineStrings
    498.3 ms  ✓ InvertedIndices
    527.0 ms  ✓ DataAPI
    657.1 ms  ✓ Statistics
    473.2 ms  ✓ IteratorInterfaceExtensions
    501.9 ms  ✓ LaTeXStrings
    502.8 ms  ✓ Unicode
    500.8 ms  ✓ Missings
    548.2 ms  ✓ PooledArrays
    420.3 ms  ✓ TableTraits
   1280.6 ms  ✓ InteractiveUtils
   1962.9 ms  ✓ Crayons
   1823.2 ms  ✓ DataStructures
    662.7 ms  ✓ Compat
    623.5 ms  ✓ SortingAlgorithms
   1728.2 ms  ✓ SentinelArrays
    923.0 ms  ✓ Tables
    431.2 ms  ✓ Compat → CompatLinearAlgebraExt
   2023.7 ms  ✓ Preferences
    372.0 ms  ✓ PrecompileTools
   1773.6 ms  ✓ StringManipulation
  49299.9 ms  ✓ REPL
  29834.0 ms  ✓ PrettyTables
 101596.5 ms  ✓ DataFrames
  28 dependencies successfully precompiled in 184 seconds. 8 already precompiled.
	Command being timed: "nice -n -10 timeout -k120 -v 3600 julia +alpha --project=D/DataFrames/Dataframe-Construction -e using Pkg; @time @eval Pkg.precompile()"
	User time (seconds): 406.28
	System time (seconds): 14.86
	Percent of CPU this job got: 134%
	Elapsed (wall clock) time (h:mm:ss or m:ss): 5:12.55
	Average shared text size (kbytes): 0
	Average unshared data size (kbytes): 0
	Average stack size (kbytes): 0
	Average total size (kbytes): 0
	Maximum resident set size (kbytes): 2585248
	Average resident set size (kbytes): 0
	Major (requiring I/O) page faults: 257
	Minor (reclaiming a frame) page faults: 4964861
	Voluntary context switches: 10676
	Involuntary context switches: 5956
	Swaps: 0
	File system inputs: 0
	File system outputs: 734384
	Socket messages sent: 0
	Socket messages received: 0
	Signals delivered: 0
	Page size (bytes): 4096
	Exit status: 0
