nice: cannot set niceness: Permission denied
Precompiling packages...
  87815.7 ms  ✓ Pkg (serial)
  1 dependency successfully precompiled in 88 seconds
Precompiling packages...
   1714.4 ms  ✓ Reexport
   1759.5 ms  ✓ DataValueInterfaces
   1822.1 ms  ✓ IteratorInterfaceExtensions
   1847.8 ms  ✓ InvertedIndices
   1920.6 ms  ✓ DataAPI
   1922.2 ms  ✓ Unicode
   1946.1 ms  ✓ Future
   1957.1 ms  ✓ LaTeXStrings
   2357.8 ms  ✓ Statistics
   2747.2 ms  ✓ InlineStrings
   1035.3 ms  ✓ TableTraits
   1362.1 ms  ✓ PooledArrays
   1602.4 ms  ✓ Preferences
    727.6 ms  ✓ PrecompileTools
   4417.0 ms  ✓ OrderedCollections
   2629.3 ms  ✓ SentinelArrays
   3216.4 ms  ✓ Missings
   5177.8 ms  ✓ Crayons
   3343.7 ms  ✓ Compat
   5423.2 ms  ✓ InteractiveUtils
    448.8 ms  ✓ Compat → CompatLinearAlgebraExt
   2070.7 ms  ✓ StringManipulation
   2015.6 ms  ✓ DataStructures
   2233.5 ms  ✓ Tables
    435.6 ms  ✓ SortingAlgorithms
  29673.8 ms  ✓ REPL
  41794.8 ms  ✓ PrettyTables
  81205.0 ms  ✓ DataFrames
  28 dependencies successfully precompiled in 158 seconds. 8 already precompiled.
	Command being timed: "nice -n -10 timeout -k120 -v 3600 julia +release --project=D/DataFrames/Dataframe-Construction -e using Pkg; @time @eval Pkg.precompile()"
	User time (seconds): 419.71
	System time (seconds): 13.74
	Percent of CPU this job got: 175%
	Elapsed (wall clock) time (h:mm:ss or m:ss): 4:06.85
	Average shared text size (kbytes): 0
	Average unshared data size (kbytes): 0
	Average stack size (kbytes): 0
	Average total size (kbytes): 0
	Maximum resident set size (kbytes): 2141724
	Average resident set size (kbytes): 0
	Major (requiring I/O) page faults: 367
	Minor (reclaiming a frame) page faults: 4000277
	Voluntary context switches: 9871
	Involuntary context switches: 35117
	Swaps: 0
	File system inputs: 104
	File system outputs: 707296
	Socket messages sent: 0
	Socket messages received: 0
	Signals delivered: 0
	Page size (bytes): 4096
	Exit status: 0
