nice: cannot set niceness: Permission denied
Precompiling packages...
   1355.3 ms  ✓ IteratorInterfaceExtensions
   1432.7 ms  ✓ LaTeXStrings
   1598.2 ms  ✓ DataValueInterfaces
   1449.2 ms  ✓ Reexport
   1565.9 ms  ✓ DataAPI
   1643.4 ms  ✓ InvertedIndices
   1638.4 ms  ✓ SuiteSparse_jll
   1939.5 ms  ✓ Compat
   2030.9 ms  ✓ OrderedCollections
   2040.6 ms  ✓ InlineStrings
   2131.1 ms  ✓ Preferences
    889.2 ms  ✓ TableTraits
   1093.5 ms  ✓ Missings
   1185.2 ms  ✓ PooledArrays
    823.9 ms  ✓ Compat → CompatLinearAlgebraExt
   2867.2 ms  ✓ Crayons
    782.2 ms  ✓ PrecompileTools
   3106.5 ms  ✓ SentinelArrays
   1011.7 ms  ✓ Tables
   1803.9 ms  ✓ DataStructures
   1160.0 ms  ✓ StringManipulation
    402.9 ms  ✓ SortingAlgorithms
   3283.9 ms  ✓ SparseArrays
    486.2 ms  ✓ Statistics
  15696.1 ms  ✓ PrettyTables
  23695.0 ms  ✓ DataFrames
  26 dependencies successfully precompiled in 44 seconds
	Command being timed: "nice -n -10 timeout -k120 -v 3600 julia +lts --project=D/DataFrames/Dataframe-Construction -e using Pkg; @time @eval Pkg.precompile()"
	User time (seconds): 92.16
	System time (seconds): 5.97
	Percent of CPU this job got: 217%
	Elapsed (wall clock) time (h:mm:ss or m:ss): 0:45.19
	Average shared text size (kbytes): 0
	Average unshared data size (kbytes): 0
	Average stack size (kbytes): 0
	Average total size (kbytes): 0
	Maximum resident set size (kbytes): 1276156
	Average resident set size (kbytes): 0
	Major (requiring I/O) page faults: 100
	Minor (reclaiming a frame) page faults: 1605024
	Voluntary context switches: 35555
	Involuntary context switches: 4190
	Swaps: 0
	File system inputs: 0
	File system outputs: 297792
	Socket messages sent: 0
	Socket messages received: 0
	Signals delivered: 0
	Page size (bytes): 4096
	Exit status: 0
