nice: cannot set niceness: Permission denied
Precompiling packages...
    417.3 ms  ✓ DataValueInterfaces
    417.8 ms  ✓ Future
    421.1 ms  ✓ Reexport
    725.1 ms  ✓ OrderedCollections
    821.9 ms  ✓ InlineStrings
    488.1 ms  ✓ InvertedIndices
    506.6 ms  ✓ DataAPI
    654.0 ms  ✓ Statistics
    479.4 ms  ✓ IteratorInterfaceExtensions
    501.4 ms  ✓ LaTeXStrings
    519.3 ms  ✓ Unicode
    507.5 ms  ✓ Missings
    550.2 ms  ✓ PooledArrays
    451.2 ms  ✓ TableTraits
   1383.4 ms  ✓ InteractiveUtils
   1802.9 ms  ✓ Crayons
   1853.2 ms  ✓ DataStructures
    649.1 ms  ✓ Compat
   1689.1 ms  ✓ SentinelArrays
   1001.0 ms  ✓ Tables
    638.7 ms  ✓ SortingAlgorithms
    409.2 ms  ✓ Compat → CompatLinearAlgebraExt
   1878.0 ms  ✓ Preferences
    472.2 ms  ✓ PrecompileTools
   1788.4 ms  ✓ StringManipulation
  41780.5 ms  ✓ REPL
  19957.5 ms  ✓ PrettyTables
  38276.8 ms  ✓ DataFrames
  28 dependencies successfully precompiled in 103 seconds. 8 already precompiled.
	Command being timed: "nice -n -10 timeout -k120 -v 3600 julia +nightly --project=D/DataFrames/Dataframe-Construction -e using Pkg; @time @eval Pkg.precompile()"
	User time (seconds): 272.70
	System time (seconds): 11.69
	Percent of CPU this job got: 138%
	Elapsed (wall clock) time (h:mm:ss or m:ss): 3:25.03
	Average shared text size (kbytes): 0
	Average unshared data size (kbytes): 0
	Average stack size (kbytes): 0
	Average total size (kbytes): 0
	Maximum resident set size (kbytes): 2215588
	Average resident set size (kbytes): 0
	Major (requiring I/O) page faults: 306
	Minor (reclaiming a frame) page faults: 4607525
	Voluntary context switches: 11051
	Involuntary context switches: 3049
	Swaps: 0
	File system inputs: 0
	File system outputs: 731456
	Socket messages sent: 0
	Socket messages received: 0
	Signals delivered: 0
	Page size (bytes): 4096
	Exit status: 0
