nice: cannot set niceness: Permission denied
Precompiling packages...
  75898.6 ms  ✓ Pkg (serial)
  1 dependency successfully precompiled in 76 seconds
Precompiling packages...
   1931.8 ms  ✓ DataValueInterfaces
   2007.6 ms  ✓ Unicode
   2111.8 ms  ✓ DataAPI
   2115.4 ms  ✓ IteratorInterfaceExtensions
   2111.8 ms  ✓ InvertedIndices
   2127.5 ms  ✓ Reexport
   2117.6 ms  ✓ Future
   2241.0 ms  ✓ LaTeXStrings
   2343.7 ms  ✓ CompilerSupportLibraries_jll
   2646.4 ms  ✓ Statistics
   3220.9 ms  ✓ InlineStrings
   1334.2 ms  ✓ TableTraits
   1488.6 ms  ✓ PooledArrays
   1727.9 ms  ✓ Preferences
    697.0 ms  ✓ PrecompileTools
   2928.0 ms  ✓ SentinelArrays
   5020.0 ms  ✓ OrderedCollections
   3517.0 ms  ✓ Compat
   3418.2 ms  ✓ Missings
   5710.4 ms  ✓ Crayons
   5700.4 ms  ✓ InteractiveUtils
    493.1 ms  ✓ Compat → CompatLinearAlgebraExt
   2180.7 ms  ✓ StringManipulation
   1894.7 ms  ✓ DataStructures
   2123.0 ms  ✓ Tables
    430.8 ms  ✓ SortingAlgorithms
  26576.3 ms  ✓ REPL
  17781.7 ms  ✓ PrettyTables
  31356.6 ms  ✓ DataFrames
  29 dependencies successfully precompiled in 81 seconds. 8 already precompiled.
	Command being timed: "nice -n -10 timeout -k120 -v 3600 julia +1.12.6 --project=D/DataFrames/Dataframe-Construction -e using Pkg; @time @eval Pkg.precompile()"
	User time (seconds): 291.18
	System time (seconds): 12.34
	Percent of CPU this job got: 191%
	Elapsed (wall clock) time (h:mm:ss or m:ss): 2:38.36
	Average shared text size (kbytes): 0
	Average unshared data size (kbytes): 0
	Average stack size (kbytes): 0
	Average total size (kbytes): 0
	Maximum resident set size (kbytes): 2155248
	Average resident set size (kbytes): 0
	Major (requiring I/O) page faults: 250
	Minor (reclaiming a frame) page faults: 3994177
	Voluntary context switches: 11124
	Involuntary context switches: 9620
	Swaps: 0
	File system inputs: 0
	File system outputs: 712696
	Socket messages sent: 0
	Socket messages received: 0
	Signals delivered: 0
	Page size (bytes): 4096
	Exit status: 0
