nice: cannot set niceness: Permission denied
Precompiling packages...
  75463.5 ms  ✓ Pkg (serial)
  1 dependency successfully precompiled in 75 seconds
Precompiling packages...
   1871.8 ms  ✓ Reexport
   1969.5 ms  ✓ DataValueInterfaces
   1972.4 ms  ✓ IteratorInterfaceExtensions
   2137.6 ms  ✓ DataAPI
   2157.6 ms  ✓ LaTeXStrings
   2156.2 ms  ✓ InvertedIndices
   2134.1 ms  ✓ Future
   2266.6 ms  ✓ CompilerSupportLibraries_jll
   2267.5 ms  ✓ Unicode
   2477.5 ms  ✓ Statistics
   3147.1 ms  ✓ InlineStrings
   1268.8 ms  ✓ TableTraits
   1315.5 ms  ✓ PooledArrays
   1619.7 ms  ✓ Preferences
    695.0 ms  ✓ PrecompileTools
   4694.5 ms  ✓ OrderedCollections
   2705.5 ms  ✓ SentinelArrays
   3325.7 ms  ✓ Missings
   3187.4 ms  ✓ Compat
   5557.7 ms  ✓ Crayons
   5621.5 ms  ✓ InteractiveUtils
    468.0 ms  ✓ Compat → CompatLinearAlgebraExt
   2080.7 ms  ✓ StringManipulation
   2058.9 ms  ✓ DataStructures
   2218.4 ms  ✓ Tables
    436.6 ms  ✓ SortingAlgorithms
  26139.5 ms  ✓ REPL
  17633.2 ms  ✓ PrettyTables
  31018.2 ms  ✓ DataFrames
  29 dependencies successfully precompiled in 80 seconds. 8 already precompiled.
	Command being timed: "nice -n -10 timeout -k120 -v 3600 julia +release --project=D/DataFrames/Dataframe-Construction -e using Pkg; @time @eval Pkg.precompile()"
	User time (seconds): 289.81
	System time (seconds): 12.43
	Percent of CPU this job got: 192%
	Elapsed (wall clock) time (h:mm:ss or m:ss): 2:36.83
	Average shared text size (kbytes): 0
	Average unshared data size (kbytes): 0
	Average stack size (kbytes): 0
	Average total size (kbytes): 0
	Maximum resident set size (kbytes): 2150384
	Average resident set size (kbytes): 0
	Major (requiring I/O) page faults: 390
	Minor (reclaiming a frame) page faults: 3987208
	Voluntary context switches: 10538
	Involuntary context switches: 9208
	Swaps: 0
	File system inputs: 0
	File system outputs: 708560
	Socket messages sent: 0
	Socket messages received: 0
	Signals delivered: 0
	Page size (bytes): 4096
	Exit status: 0
