nice: cannot set niceness: Permission denied
Precompiling packages...
    400.9 ms  ✓ Reexport
    418.1 ms  ✓ Future
    427.5 ms  ✓ DataValueInterfaces
    656.3 ms  ✓ OrderedCollections
    824.9 ms  ✓ InlineStrings
    494.4 ms  ✓ DataAPI
    490.7 ms  ✓ InvertedIndices
    622.6 ms  ✓ Statistics
    466.6 ms  ✓ IteratorInterfaceExtensions
    464.8 ms  ✓ LaTeXStrings
    500.4 ms  ✓ Unicode
    482.4 ms  ✓ Missings
    520.5 ms  ✓ PooledArrays
    427.0 ms  ✓ TableTraits
   1245.8 ms  ✓ InteractiveUtils
   1886.9 ms  ✓ Crayons
   1804.0 ms  ✓ DataStructures
    647.2 ms  ✓ Compat
    581.6 ms  ✓ SortingAlgorithms
   1672.6 ms  ✓ SentinelArrays
    896.6 ms  ✓ Tables
    414.5 ms  ✓ Compat → CompatLinearAlgebraExt
   1938.4 ms  ✓ Preferences
    361.1 ms  ✓ PrecompileTools
   1723.6 ms  ✓ StringManipulation
  47454.0 ms  ✓ REPL
  21406.1 ms  ✓ PrettyTables
  41471.2 ms  ✓ DataFrames
  28 dependencies successfully precompiled in 113 seconds. 8 already precompiled.
	Command being timed: "nice -n -10 timeout -k120 -v 3600 julia +alpha --project=D/DataFrames/Dataframe-Construction -e using Pkg; @time @eval Pkg.precompile()"
	User time (seconds): 293.38
	System time (seconds): 12.52
	Percent of CPU this job got: 137%
	Elapsed (wall clock) time (h:mm:ss or m:ss): 3:43.15
	Average shared text size (kbytes): 0
	Average unshared data size (kbytes): 0
	Average stack size (kbytes): 0
	Average total size (kbytes): 0
	Maximum resident set size (kbytes): 2633856
	Average resident set size (kbytes): 0
	Major (requiring I/O) page faults: 290
	Minor (reclaiming a frame) page faults: 4974708
	Voluntary context switches: 10517
	Involuntary context switches: 3458
	Swaps: 0
	File system inputs: 0
	File system outputs: 732008
	Socket messages sent: 0
	Socket messages received: 0
	Signals delivered: 0
	Page size (bytes): 4096
	Exit status: 0
