nice: cannot set niceness: Permission denied
Precompiling packages...
    408.5 ms  ✓ DataValueInterfaces
    404.7 ms  ✓ Future
    412.1 ms  ✓ Reexport
    659.7 ms  ✓ OrderedCollections
    806.1 ms  ✓ InlineStrings
    483.8 ms  ✓ InvertedIndices
    493.2 ms  ✓ DataAPI
    636.6 ms  ✓ Statistics
    460.1 ms  ✓ IteratorInterfaceExtensions
    475.1 ms  ✓ LaTeXStrings
    503.5 ms  ✓ Unicode
    494.9 ms  ✓ Missings
    530.2 ms  ✓ PooledArrays
    424.2 ms  ✓ TableTraits
   1380.9 ms  ✓ InteractiveUtils
   1783.7 ms  ✓ Crayons
   1802.9 ms  ✓ DataStructures
    653.2 ms  ✓ Compat
   1645.9 ms  ✓ SentinelArrays
    968.1 ms  ✓ Tables
    579.3 ms  ✓ SortingAlgorithms
   1642.1 ms  ✓ Preferences
    416.2 ms  ✓ Compat → CompatLinearAlgebraExt
    370.3 ms  ✓ PrecompileTools
   1615.5 ms  ✓ StringManipulation
  46392.9 ms  ✓ REPL
  20686.3 ms  ✓ PrettyTables
  41005.5 ms  ✓ DataFrames
  28 dependencies successfully precompiled in 111 seconds. 8 already precompiled.
	Command being timed: "nice -n -10 timeout -k120 -v 3600 julia +alpha --project=D/DataFrames/Dataframe-Construction -e using Pkg; @time @eval Pkg.precompile()"
	User time (seconds): 287.90
	System time (seconds): 12.40
	Percent of CPU this job got: 137%
	Elapsed (wall clock) time (h:mm:ss or m:ss): 3:38.23
	Average shared text size (kbytes): 0
	Average unshared data size (kbytes): 0
	Average stack size (kbytes): 0
	Average total size (kbytes): 0
	Maximum resident set size (kbytes): 2535592
	Average resident set size (kbytes): 0
	Major (requiring I/O) page faults: 245
	Minor (reclaiming a frame) page faults: 4857938
	Voluntary context switches: 10383
	Involuntary context switches: 2991
	Swaps: 0
	File system inputs: 0
	File system outputs: 722024
	Socket messages sent: 0
	Socket messages received: 0
	Signals delivered: 0
	Page size (bytes): 4096
	Exit status: 0
