nice: cannot set niceness: Permission denied
Precompiling packages...
  72880.5 ms  ✓ Pkg (serial)
  1 dependency successfully precompiled in 73 seconds
Precompiling packages...
   1513.3 ms  ✓ DataValueInterfaces
   1729.0 ms  ✓ IteratorInterfaceExtensions
   1715.4 ms  ✓ Future
   1791.7 ms  ✓ Reexport
   1813.1 ms  ✓ LaTeXStrings
   1828.4 ms  ✓ InvertedIndices
   1899.2 ms  ✓ DataAPI
   1897.9 ms  ✓ Unicode
   2403.9 ms  ✓ Statistics
   2901.5 ms  ✓ InlineStrings
   1270.4 ms  ✓ TableTraits
   1328.3 ms  ✓ PooledArrays
   1685.9 ms  ✓ Preferences
    716.6 ms  ✓ PrecompileTools
   4496.7 ms  ✓ OrderedCollections
   2635.4 ms  ✓ SentinelArrays
   2866.0 ms  ✓ Missings
   3195.2 ms  ✓ Compat
   5107.6 ms  ✓ Crayons
   5172.2 ms  ✓ InteractiveUtils
    433.5 ms  ✓ Compat → CompatLinearAlgebraExt
   1857.1 ms  ✓ StringManipulation
   1856.2 ms  ✓ DataStructures
   2069.8 ms  ✓ Tables
    424.7 ms  ✓ SortingAlgorithms
  24176.1 ms  ✓ REPL
  15739.4 ms  ✓ PrettyTables
  31226.6 ms  ✓ DataFrames
  28 dependencies successfully precompiled in 76 seconds. 8 already precompiled.
	Command being timed: "nice -n -10 timeout -k120 -v 3600 julia +release --project=D/DataFrames/Dataframe-Construction -e using Pkg; @time @eval Pkg.precompile()"
	User time (seconds): 272.75
	System time (seconds): 12.10
	Percent of CPU this job got: 189%
	Elapsed (wall clock) time (h:mm:ss or m:ss): 2:29.94
	Average shared text size (kbytes): 0
	Average unshared data size (kbytes): 0
	Average stack size (kbytes): 0
	Average total size (kbytes): 0
	Maximum resident set size (kbytes): 2094412
	Average resident set size (kbytes): 0
	Major (requiring I/O) page faults: 241
	Minor (reclaiming a frame) page faults: 3909005
	Voluntary context switches: 9634
	Involuntary context switches: 8635
	Swaps: 0
	File system inputs: 0
	File system outputs: 695088
	Socket messages sent: 0
	Socket messages received: 0
	Signals delivered: 0
	Page size (bytes): 4096
	Exit status: 0
