nice: cannot set niceness: Permission denied
Precompiling packages...
  75267.0 ms  ✓ Pkg (serial)
  1 dependency successfully precompiled in 75 seconds
Precompiling packages...
   2105.3 ms  ✓ Reexport
   2133.0 ms  ✓ IteratorInterfaceExtensions
   2216.1 ms  ✓ DataValueInterfaces
   2216.3 ms  ✓ LaTeXStrings
   2183.2 ms  ✓ Future
   2226.8 ms  ✓ CompilerSupportLibraries_jll
   2292.8 ms  ✓ DataAPI
   2309.7 ms  ✓ InvertedIndices
   2321.7 ms  ✓ Unicode
   2637.3 ms  ✓ Statistics
   3390.2 ms  ✓ InlineStrings
   1400.7 ms  ✓ TableTraits
   1350.8 ms  ✓ PooledArrays
   1675.5 ms  ✓ Preferences
    724.8 ms  ✓ PrecompileTools
   4841.3 ms  ✓ OrderedCollections
   2914.0 ms  ✓ SentinelArrays
   3323.2 ms  ✓ Missings
   3401.1 ms  ✓ Compat
   5806.2 ms  ✓ Crayons
   5831.1 ms  ✓ InteractiveUtils
    482.0 ms  ✓ Compat → CompatLinearAlgebraExt
   2034.0 ms  ✓ DataStructures
   2228.1 ms  ✓ Tables
    459.7 ms  ✓ SortingAlgorithms
   3505.2 ms  ✓ StringManipulation
  26466.4 ms  ✓ REPL
  17222.1 ms  ✓ PrettyTables
  30570.0 ms  ✓ DataFrames
  29 dependencies successfully precompiled in 80 seconds. 8 already precompiled.
	Command being timed: "nice -n -10 timeout -k120 -v 3600 julia +release --project=D/DataFrames/Dataframe-Construction -e using Pkg; @time @eval Pkg.precompile()"
	User time (seconds): 292.09
	System time (seconds): 12.41
	Percent of CPU this job got: 194%
	Elapsed (wall clock) time (h:mm:ss or m:ss): 2:36.55
	Average shared text size (kbytes): 0
	Average unshared data size (kbytes): 0
	Average stack size (kbytes): 0
	Average total size (kbytes): 0
	Maximum resident set size (kbytes): 2151724
	Average resident set size (kbytes): 0
	Major (requiring I/O) page faults: 235
	Minor (reclaiming a frame) page faults: 3984696
	Voluntary context switches: 10547
	Involuntary context switches: 9228
	Swaps: 0
	File system inputs: 0
	File system outputs: 715392
	Socket messages sent: 0
	Socket messages received: 0
	Signals delivered: 0
	Page size (bytes): 4096
	Exit status: 0
