nice: cannot set niceness: Permission denied
Precompiling packages...
  73835.8 ms  ✓ Pkg (serial)
  1 dependency successfully precompiled in 74 seconds
Precompiling packages...
   1623.1 ms  ✓ DataValueInterfaces
   1703.3 ms  ✓ IteratorInterfaceExtensions
   1810.8 ms  ✓ InvertedIndices
   1823.1 ms  ✓ Reexport
   1816.5 ms  ✓ Future
   1912.5 ms  ✓ LaTeXStrings
   1915.5 ms  ✓ Unicode
   1917.5 ms  ✓ DataAPI
   2318.1 ms  ✓ Statistics
   2807.8 ms  ✓ InlineStrings
   1237.6 ms  ✓ TableTraits
   1323.0 ms  ✓ PooledArrays
   1511.9 ms  ✓ Preferences
    696.0 ms  ✓ PrecompileTools
   4507.3 ms  ✓ OrderedCollections
   2695.2 ms  ✓ SentinelArrays
   3188.1 ms  ✓ Missings
   3190.6 ms  ✓ Compat
   5139.6 ms  ✓ Crayons
   5468.3 ms  ✓ InteractiveUtils
    434.4 ms  ✓ Compat → CompatLinearAlgebraExt
   2016.2 ms  ✓ StringManipulation
   1898.8 ms  ✓ DataStructures
   2152.9 ms  ✓ Tables
    450.6 ms  ✓ SortingAlgorithms
  24221.9 ms  ✓ REPL
  16584.8 ms  ✓ PrettyTables
  30794.2 ms  ✓ DataFrames
  28 dependencies successfully precompiled in 77 seconds. 8 already precompiled.
	Command being timed: "nice -n -10 timeout -k120 -v 3600 julia +1.12.5 --project=D/DataFrames/Dataframe-Construction -e using Pkg; @time @eval Pkg.precompile()"
	User time (seconds): 275.28
	System time (seconds): 11.84
	Percent of CPU this job got: 189%
	Elapsed (wall clock) time (h:mm:ss or m:ss): 2:31.71
	Average shared text size (kbytes): 0
	Average unshared data size (kbytes): 0
	Average stack size (kbytes): 0
	Average total size (kbytes): 0
	Maximum resident set size (kbytes): 2147028
	Average resident set size (kbytes): 0
	Major (requiring I/O) page faults: 255
	Minor (reclaiming a frame) page faults: 3902549
	Voluntary context switches: 10070
	Involuntary context switches: 8474
	Swaps: 0
	File system inputs: 0
	File system outputs: 700736
	Socket messages sent: 0
	Socket messages received: 0
	Signals delivered: 0
	Page size (bytes): 4096
	Exit status: 0
