nice: cannot set niceness: Permission denied
Precompiling packages...
  97920.6 ms  ✓ Pkg (serial)
  1 dependency successfully precompiled in 98 seconds
Precompiling packages...
   2027.3 ms  ✓ LaTeXStrings
   2087.5 ms  ✓ IteratorInterfaceExtensions
   2099.6 ms  ✓ Reexport
   2118.9 ms  ✓ DataValueInterfaces
   2162.7 ms  ✓ Future
   2184.7 ms  ✓ InvertedIndices
   2206.0 ms  ✓ Unicode
   2222.6 ms  ✓ DataAPI
   2642.0 ms  ✓ Statistics
   3294.7 ms  ✓ InlineStrings
   1403.2 ms  ✓ TableTraits
   1559.1 ms  ✓ PooledArrays
   1820.3 ms  ✓ Preferences
    781.7 ms  ✓ PrecompileTools
   5378.4 ms  ✓ OrderedCollections
   3377.5 ms  ✓ SentinelArrays
   3461.4 ms  ✓ Missings
   3773.8 ms  ✓ Compat
   6139.3 ms  ✓ Crayons
   6309.5 ms  ✓ InteractiveUtils
    541.7 ms  ✓ Compat → CompatLinearAlgebraExt
   2286.6 ms  ✓ StringManipulation
   2006.1 ms  ✓ DataStructures
   2311.6 ms  ✓ Tables
    461.2 ms  ✓ SortingAlgorithms
  28748.2 ms  ✓ REPL
  21914.9 ms  ✓ PrettyTables
  44555.3 ms  ✓ DataFrames
  28 dependencies successfully precompiled in 102 seconds. 8 already precompiled.
	Command being timed: "nice -n -10 timeout -k120 -v 3600 julia +1.12.3 --project=D/DataFrames/Dataframe-Construction -e using Pkg; @time @eval Pkg.precompile()"
	User time (seconds): 369.14
	System time (seconds): 14.62
	Percent of CPU this job got: 191%
	Elapsed (wall clock) time (h:mm:ss or m:ss): 3:20.33
	Average shared text size (kbytes): 0
	Average unshared data size (kbytes): 0
	Average stack size (kbytes): 0
	Average total size (kbytes): 0
	Maximum resident set size (kbytes): 2132504
	Average resident set size (kbytes): 0
	Major (requiring I/O) page faults: 273
	Minor (reclaiming a frame) page faults: 3896845
	Voluntary context switches: 9093
	Involuntary context switches: 26224
	Swaps: 0
	File system inputs: 0
	File system outputs: 693688
	Socket messages sent: 0
	Socket messages received: 0
	Signals delivered: 0
	Page size (bytes): 4096
	Exit status: 0
