nice: cannot set niceness: Permission denied
Precompiling packages...
    422.9 ms  ✓ Reexport
    425.4 ms  ✓ DataValueInterfaces
    437.2 ms  ✓ Future
    678.2 ms  ✓ OrderedCollections
    800.7 ms  ✓ InlineStrings
    465.4 ms  ✓ DataAPI
    478.2 ms  ✓ InvertedIndices
    607.5 ms  ✓ Statistics
    447.0 ms  ✓ IteratorInterfaceExtensions
    474.7 ms  ✓ LaTeXStrings
    489.4 ms  ✓ Unicode
    495.5 ms  ✓ Missings
    515.8 ms  ✓ PooledArrays
    399.2 ms  ✓ TableTraits
   1228.7 ms  ✓ InteractiveUtils
   1917.5 ms  ✓ Crayons
    658.7 ms  ✓ Compat
   1845.0 ms  ✓ DataStructures
    478.3 ms  ✓ Compat → CompatLinearAlgebraExt
   1827.9 ms  ✓ SentinelArrays
    956.3 ms  ✓ Tables
    544.1 ms  ✓ SortingAlgorithms
   2129.4 ms  ✓ Preferences
    526.7 ms  ✓ PrecompileTools
   1895.5 ms  ✓ StringManipulation
  48267.3 ms  ✓ REPL
  22643.1 ms  ✓ PrettyTables
  41607.1 ms  ✓ DataFrames
  28 dependencies successfully precompiled in 115 seconds. 8 already precompiled.
	Command being timed: "nice -n -10 timeout -k120 -v 3600 julia +alpha --project=D/DataFrames/Dataframe-Construction -e using Pkg; @time @eval Pkg.precompile()"
	User time (seconds): 298.96
	System time (seconds): 12.29
	Percent of CPU this job got: 137%
	Elapsed (wall clock) time (h:mm:ss or m:ss): 3:46.20
	Average shared text size (kbytes): 0
	Average unshared data size (kbytes): 0
	Average stack size (kbytes): 0
	Average total size (kbytes): 0
	Maximum resident set size (kbytes): 2592636
	Average resident set size (kbytes): 0
	Major (requiring I/O) page faults: 274
	Minor (reclaiming a frame) page faults: 4943770
	Voluntary context switches: 11080
	Involuntary context switches: 2988
	Swaps: 0
	File system inputs: 0
	File system outputs: 729192
	Socket messages sent: 0
	Socket messages received: 0
	Signals delivered: 0
	Page size (bytes): 4096
	Exit status: 0
