nice: cannot set niceness: Permission denied
Precompiling packages...
   1629.9 ms  ✓ DataValueInterfaces
   1489.4 ms  ✓ IteratorInterfaceExtensions
   1492.8 ms  ✓ Reexport
   1603.4 ms  ✓ LaTeXStrings
   1671.0 ms  ✓ DataAPI
   1675.0 ms  ✓ InvertedIndices
   1687.5 ms  ✓ SuiteSparse_jll
   1968.9 ms  ✓ Compat
   2077.3 ms  ✓ OrderedCollections
   2076.4 ms  ✓ InlineStrings
   2286.9 ms  ✓ Preferences
   1001.9 ms  ✓ TableTraits
   1013.6 ms  ✓ Missings
   1105.9 ms  ✓ PooledArrays
    816.7 ms  ✓ Compat → CompatLinearAlgebraExt
    771.2 ms  ✓ PrecompileTools
   3267.2 ms  ✓ SentinelArrays
   3278.8 ms  ✓ Crayons
    979.0 ms  ✓ Tables
   1893.9 ms  ✓ DataStructures
    351.2 ms  ✓ SortingAlgorithms
   3593.0 ms  ✓ SparseArrays
   2320.6 ms  ✓ StringManipulation
    498.0 ms  ✓ Statistics
  15838.7 ms  ✓ PrettyTables
  24859.2 ms  ✓ DataFrames
  26 dependencies successfully precompiled in 47 seconds
	Command being timed: "nice -n -10 timeout -k120 -v 3600 julia +lts --project=D/DataFrames/Dataframe-Construction -e using Pkg; @time @eval Pkg.precompile()"
	User time (seconds): 96.98
	System time (seconds): 6.14
	Percent of CPU this job got: 215%
	Elapsed (wall clock) time (h:mm:ss or m:ss): 0:47.95
	Average shared text size (kbytes): 0
	Average unshared data size (kbytes): 0
	Average stack size (kbytes): 0
	Average total size (kbytes): 0
	Maximum resident set size (kbytes): 1296796
	Average resident set size (kbytes): 0
	Major (requiring I/O) page faults: 116
	Minor (reclaiming a frame) page faults: 1627568
	Voluntary context switches: 35914
	Involuntary context switches: 4889
	Swaps: 0
	File system inputs: 0
	File system outputs: 306152
	Socket messages sent: 0
	Socket messages received: 0
	Signals delivered: 0
	Page size (bytes): 4096
	Exit status: 0
