nice: cannot set niceness: Permission denied
Precompiling packages...
   1423.6 ms  ✓ UUIDs
   1421.8 ms  ✓ Zlib_jll
   1648.4 ms  ✓ OpenSSL_jll
   1613.8 ms  ✓ MozillaCACerts_jll
   1645.4 ms  ✓ NetworkOptions
   1663.4 ms  ✓ Unicode
   1715.0 ms  ✓ Logging
   1757.4 ms  ✓ CompilerSupportLibraries_jll
   1752.5 ms  ✓ nghttp2_jll
   1825.2 ms  ✓ Base64
    530.4 ms  ✓ LibSSH2_jll
    605.6 ms  ✓ p7zip_jll
    726.6 ms  ✓ Printf
    503.6 ms  ✓ LibGit2_jll
    515.7 ms  ✓ LibCURL_jll
   3347.0 ms  ✓ ArgTools
    786.7 ms  ✓ LibCURL
    636.8 ms  ✓ Tar
   3022.4 ms  ✓ Dates
   3134.3 ms  ✓ LibGit2
    453.7 ms  ✓ TOML
   3051.2 ms  ✓ Downloads
   9488.2 ms  ✓ StyledStrings
   1705.5 ms  ✓ JuliaSyntaxHighlighting
   3851.6 ms  ✓ Markdown
  47773.3 ms  ✓ Pkg
  26 dependencies successfully precompiled in 63 seconds
Precompiling packages...
   1126.3 ms  ✓ IteratorInterfaceExtensions
   1337.3 ms  ✓ DataValueInterfaces
   1428.1 ms  ✓ PCRE2_jll
   1610.4 ms  ✓ DataAPI
   1697.7 ms  ✓ SuiteSparse_jll
   1719.0 ms  ✓ Serialization
   1721.5 ms  ✓ Statistics
   1918.0 ms  ✓ Preferences
    825.4 ms  ✓ TableTraits
   2363.0 ms  ✓ LazyArtifacts
    664.6 ms  ✓ PrecompileTools
    777.0 ms  ✓ JLLWrappers
   1211.1 ms  ✓ MPIPreferences
   5244.6 ms  ✓ OrderedCollections
   3122.2 ms  ✓ MicrosoftMPI_jll
   3589.0 ms  ✓ LASzip_jll
   3588.4 ms  ✓ Xorg_xtrans_jll
   3671.8 ms  ✓ snappy_jll
   3888.3 ms  ✓ Xorg_libXdmcp_jll
   3885.4 ms  ✓ Xorg_libXau_jll
   4404.4 ms  ✓ XZ_jll
   4420.4 ms  ✓ JpegTurbo_jll
   4053.6 ms  ✓ Libmount_jll
   4379.6 ms  ✓ Zstd_jll
   4475.0 ms  ✓ libpng_jll
   4438.1 ms  ✓ brotli_jll
   8582.5 ms  ✓ InteractiveUtils
   3601.5 ms  ✓ PCRE_jll
   6202.2 ms  ✓ Qhull_jll
   3274.1 ms  ✓ Libffi_jll
   3862.1 ms  ✓ Libiconv_jll
   3527.0 ms  ✓ LLVMOpenMP_jll
   3620.1 ms  ✓ Expat_jll
   3794.6 ms  ✓ Bzip2_jll
   4068.5 ms  ✓ GEOS_jll
   3606.3 ms  ✓ FFTW_jll
   3701.7 ms  ✓ Kerberos_krb5_jll
   3799.7 ms  ✓ Xorg_libpciaccess_jll
   4178.3 ms  ✓ Lz4_jll
   4196.1 ms  ✓ libaec_jll
   4933.1 ms  ✓ ICU_jll
   3506.1 ms  ✓ LERC_jll
   3896.0 ms  ✓ OpenBLAS32_jll
   3688.9 ms  ✓ Giflib_jll
   3335.3 ms  ✓ LAPACK32_jll
   3800.0 ms  ✓ SQLite_jll
   3606.1 ms  ✓ muparser_jll
   3798.6 ms  ✓ XML2_jll
   3802.2 ms  ✓ GettextRuntime_jll
   5208.7 ms  ✓ MPItrampoline_jll
   3695.3 ms  ✓ libzip_jll
   3191.0 ms  ✓ Blosc_jll
   2931.0 ms  ✓ LibPQ_jll
   2916.2 ms  ✓ Libtiff_jll
   3408.9 ms  ✓ HDF4_jll
   5540.3 ms  ✓ Ghostscript_jll
   1779.4 ms  ✓ Hwloc_jll
   2197.6 ms  ✓ Glib_jll
   7132.0 ms  ✓ Tables
   1711.1 ms  ✓ LittleCMS_jll
   7020.6 ms  ✓ Xorg_libxcb_jll
   2211.1 ms  ✓ PROJ_jll
   6501.1 ms  ✓ boost_jll
  16442.0 ms  ✓ SparseArrays
   1168.7 ms  ✓ OpenJpeg_jll
   1932.3 ms  ✓ OpenMPI_jll
   1062.4 ms  ✓ Xorg_libX11_jll
   2207.0 ms  ✓ MPICH_jll
   1022.2 ms  ✓ libgeotiff_jll
    903.5 ms  ✓ Thrift_jll
    643.7 ms  ✓ Statistics → SparseArraysExt
    594.0 ms  ✓ Xorg_libXext_jll
    701.4 ms  ✓ Arrow_jll
    760.3 ms  ✓ Libglvnd_jll
   1644.6 ms  ✓ HDF5_jll
    768.8 ms  ✓ libwebp_jll
    754.3 ms  ✓ Leptonica_jll
   1251.9 ms  ✓ NetCDF_jll
   2052.5 ms  ✓ GDAL_jll
   1223.7 ms  ✓ GMT_jll
  86769.3 ms  ✓ GMT
  81 dependencies successfully precompiled in 112 seconds. 26 already precompiled.
	Command being timed: "nice -n -10 timeout -k120 -v 3600 julia +1.12.4 --project=G/GMT/Create-A-Xy-Plot -e using Pkg; @time @eval Pkg.precompile()"
	User time (seconds): 373.98
	System time (seconds): 22.62
	Percent of CPU this job got: 225%
	Elapsed (wall clock) time (h:mm:ss or m:ss): 2:56.12
	Average shared text size (kbytes): 0
	Average unshared data size (kbytes): 0
	Average stack size (kbytes): 0
	Average total size (kbytes): 0
	Maximum resident set size (kbytes): 2981044
	Average resident set size (kbytes): 0
	Major (requiring I/O) page faults: 405
	Minor (reclaiming a frame) page faults: 6100220
	Voluntary context switches: 20088
	Involuntary context switches: 20713
	Swaps: 0
	File system inputs: 0
	File system outputs: 833168
	Socket messages sent: 0
	Socket messages received: 0
	Signals delivered: 0
	Page size (bytes): 4096
	Exit status: 0
