nice: cannot set niceness: Permission denied
Precompiling packages...
   1558.5 ms  ✓ Logging
   1557.7 ms  ✓ Zlib_jll
   1652.7 ms  ✓ UUIDs
   1644.2 ms  ✓ MozillaCACerts_jll
   1663.5 ms  ✓ CompilerSupportLibraries_jll
   1696.4 ms  ✓ Unicode
   1729.5 ms  ✓ OpenSSL_jll
   1741.6 ms  ✓ nghttp2_jll
   1759.7 ms  ✓ Base64
   1783.4 ms  ✓ NetworkOptions
    492.8 ms  ✓ LibSSH2_jll
    588.7 ms  ✓ p7zip_jll
    660.4 ms  ✓ Printf
    462.3 ms  ✓ LibGit2_jll
    467.5 ms  ✓ LibCURL_jll
   3170.1 ms  ✓ ArgTools
    747.0 ms  ✓ LibCURL
    633.2 ms  ✓ Tar
   2880.8 ms  ✓ Dates
   2960.3 ms  ✓ LibGit2
    434.4 ms  ✓ TOML
   2943.4 ms  ✓ Downloads
   9185.6 ms  ✓ StyledStrings
   1654.9 ms  ✓ JuliaSyntaxHighlighting
   3683.9 ms  ✓ Markdown
  46218.5 ms  ✓ Pkg
  26 dependencies successfully precompiled in 61 seconds
Precompiling packages...
   1257.0 ms  ✓ IteratorInterfaceExtensions
   1369.2 ms  ✓ DataValueInterfaces
   1422.0 ms  ✓ PCRE2_jll
   1426.9 ms  ✓ DataAPI
   1549.4 ms  ✓ Statistics
   1565.2 ms  ✓ SuiteSparse_jll
   1740.1 ms  ✓ Serialization
   1779.6 ms  ✓ Preferences
    786.4 ms  ✓ TableTraits
   2147.3 ms  ✓ LazyArtifacts
    651.6 ms  ✓ PrecompileTools
    769.2 ms  ✓ JLLWrappers
   1265.6 ms  ✓ MPIPreferences
   5260.6 ms  ✓ OrderedCollections
   3430.5 ms  ✓ MicrosoftMPI_jll
   3471.2 ms  ✓ dlfcn_win32_jll
   3723.6 ms  ✓ Xorg_xtrans_jll
   3808.2 ms  ✓ libpng_jll
   3934.0 ms  ✓ LASzip_jll
   3917.1 ms  ✓ Xorg_libXdmcp_jll
   3953.0 ms  ✓ snappy_jll
   4106.1 ms  ✓ Xorg_libXau_jll
   4433.6 ms  ✓ JpegTurbo_jll
   4093.8 ms  ✓ Zstd_jll
   4651.9 ms  ✓ XZ_jll
   4890.9 ms  ✓ brotli_jll
   3673.4 ms  ✓ Libmount_jll
   6446.0 ms  ✓ Qhull_jll
   9224.3 ms  ✓ InteractiveUtils
   3820.6 ms  ✓ PCRE_jll
   3598.7 ms  ✓ LLVMOpenMP_jll
   3602.0 ms  ✓ Bzip2_jll
   4032.3 ms  ✓ Libiconv_jll
   3887.9 ms  ✓ Libffi_jll
   4122.3 ms  ✓ Expat_jll
   4199.3 ms  ✓ GEOS_jll
   3829.2 ms  ✓ Kerberos_krb5_jll
   3800.4 ms  ✓ Xorg_libpciaccess_jll
   4410.0 ms  ✓ Lz4_jll
   4103.2 ms  ✓ FFTW_jll
   5090.7 ms  ✓ ICU_jll
   3881.6 ms  ✓ OpenBLAS32_jll
   3707.9 ms  ✓ Giflib_jll
   4318.5 ms  ✓ libaec_jll
   3609.3 ms  ✓ LAPACK32_jll
   3706.6 ms  ✓ LERC_jll
   4087.4 ms  ✓ SQLite_jll
   3795.5 ms  ✓ muparser_jll
   3985.3 ms  ✓ libzip_jll
   3604.7 ms  ✓ XML2_jll
   5500.0 ms  ✓ MPItrampoline_jll
   3409.9 ms  ✓ GettextRuntime_jll
   2996.2 ms  ✓ LibPQ_jll
   3043.1 ms  ✓ Blosc_jll
   2673.6 ms  ✓ Libtiff_jll
   3099.9 ms  ✓ HDF4_jll
   5875.5 ms  ✓ Ghostscript_jll
   1603.5 ms  ✓ Hwloc_jll
   7407.5 ms  ✓ Tables
   1823.2 ms  ✓ Glib_jll
   7120.2 ms  ✓ Xorg_libxcb_jll
   1600.3 ms  ✓ LittleCMS_jll
   6924.9 ms  ✓ boost_jll
   1949.8 ms  ✓ PROJ_jll
  17007.3 ms  ✓ SparseArrays
   1919.9 ms  ✓ OpenMPI_jll
   1098.9 ms  ✓ Xorg_libX11_jll
   1077.6 ms  ✓ Thrift_jll
   1133.5 ms  ✓ OpenJpeg_jll
   2251.5 ms  ✓ MPICH_jll
   1052.0 ms  ✓ libgeotiff_jll
    614.7 ms  ✓ Statistics → SparseArraysExt
    640.9 ms  ✓ Xorg_libXext_jll
    723.9 ms  ✓ Arrow_jll
    731.9 ms  ✓ Libglvnd_jll
   1618.0 ms  ✓ HDF5_jll
    759.4 ms  ✓ libwebp_jll
    741.6 ms  ✓ Leptonica_jll
   1194.8 ms  ✓ NetCDF_jll
   1994.3 ms  ✓ GDAL_jll
   1194.9 ms  ✓ GMT_jll
  88367.0 ms  ✓ GMT
  82 dependencies successfully precompiled in 113 seconds. 26 already precompiled.
	Command being timed: "nice -n -10 timeout -k120 -v 3600 julia +1.12.4 --project=G/GMT/Create-A-Xy-Plot -e using Pkg; @time @eval Pkg.precompile()"
	User time (seconds): 378.05
	System time (seconds): 22.42
	Percent of CPU this job got: 227%
	Elapsed (wall clock) time (h:mm:ss or m:ss): 2:55.82
	Average shared text size (kbytes): 0
	Average unshared data size (kbytes): 0
	Average stack size (kbytes): 0
	Average total size (kbytes): 0
	Maximum resident set size (kbytes): 3018772
	Average resident set size (kbytes): 0
	Major (requiring I/O) page faults: 341
	Minor (reclaiming a frame) page faults: 6137810
	Voluntary context switches: 19463
	Involuntary context switches: 19910
	Swaps: 0
	File system inputs: 0
	File system outputs: 833584
	Socket messages sent: 0
	Socket messages received: 0
	Signals delivered: 0
	Page size (bytes): 4096
	Exit status: 0
