nice: cannot set niceness: Permission denied
Precompiling packages...
    970.9 ms  ✓ DataValueInterfaces
    972.9 ms  ✓ LazyArtifacts
    985.6 ms  ✓ Zlib_jll
    981.1 ms  ✓ PCRE2_jll
   1002.5 ms  ✓ IteratorInterfaceExtensions
   1010.0 ms  ✓ CompilerSupportLibraries_jll
   1075.7 ms  ✓ DataAPI
   1119.4 ms  ✓ SuiteSparse_jll
   1298.9 ms  ✓ OrderedCollections
   1242.9 ms  ✓ Preferences
    328.3 ms  ✓ TableTraits
    335.6 ms  ✓ PrecompileTools
    374.7 ms  ✓ JLLWrappers
    737.9 ms  ✓ MPIPreferences
   2562.1 ms  ✓ Tables
   2466.1 ms  ✓ LASzip_jll
   2469.1 ms  ✓ Xorg_xtrans_jll
   2499.6 ms  ✓ dlfcn_win32_jll
   2536.1 ms  ✓ snappy_jll
   2554.7 ms  ✓ MicrosoftMPI_jll
   2555.5 ms  ✓ Xorg_libXdmcp_jll
   2630.8 ms  ✓ Xorg_libXau_jll
   2621.3 ms  ✓ libpng_jll
   2664.7 ms  ✓ JpegTurbo_jll
   2773.6 ms  ✓ OpenSSL_jll
   2933.1 ms  ✓ XZ_jll
   2926.4 ms  ✓ brotli_jll
   2806.2 ms  ✓ Zstd_jll
   3658.9 ms  ✓ Qhull_jll
   2595.1 ms  ✓ Libmount_jll
   2493.0 ms  ✓ PCRE_jll
   2428.9 ms  ✓ LLVMOpenMP_jll
   2587.7 ms  ✓ Libiconv_jll
   2505.0 ms  ✓ Bzip2_jll
   2506.4 ms  ✓ GEOS_jll
   2610.1 ms  ✓ Expat_jll
   2621.8 ms  ✓ SQLite_jll
   2685.8 ms  ✓ Xorg_libpciaccess_jll
   2801.9 ms  ✓ Kerberos_krb5_jll
   2811.7 ms  ✓ Lz4_jll
   2739.1 ms  ✓ FFTW_jll
   2998.2 ms  ✓ ICU_jll
   2988.4 ms  ✓ libaec_jll
   2712.4 ms  ✓ Giflib_jll
   2310.0 ms  ✓ LERC_jll
   2207.8 ms  ✓ MPItrampoline_jll
   2493.1 ms  ✓ LAPACK32_jll
   2403.6 ms  ✓ Libffi_jll
   2484.9 ms  ✓ muparser_jll
   2708.8 ms  ✓ OpenBLAS32_jll
   2397.3 ms  ✓ XML2_jll
   2400.1 ms  ✓ GettextRuntime_jll
   1993.1 ms  ✓ Blosc_jll
   2308.0 ms  ✓ libzip_jll
   1914.2 ms  ✓ LibPQ_jll
   3204.4 ms  ✓ Ghostscript_jll
   1200.8 ms  ✓ Libtiff_jll
   2065.9 ms  ✓ HDF4_jll
    798.2 ms  ✓ Hwloc_jll
    989.5 ms  ✓ Glib_jll
   3823.5 ms  ✓ Xorg_libxcb_jll
   9679.2 ms  ✓ SparseArrays
    744.1 ms  ✓ LittleCMS_jll
   3708.1 ms  ✓ boost_jll
    702.2 ms  ✓ OpenMPI_jll
   1005.5 ms  ✓ PROJ_jll
    845.6 ms  ✓ MPICH_jll
    688.1 ms  ✓ Xorg_libX11_jll
    608.8 ms  ✓ Thrift_jll
    678.3 ms  ✓ OpenJpeg_jll
    769.0 ms  ✓ Statistics
    583.8 ms  ✓ libgeotiff_jll
    456.6 ms  ✓ Xorg_libXext_jll
    458.7 ms  ✓ Arrow_jll
    844.1 ms  ✓ HDF5_jll
    443.3 ms  ✓ Libglvnd_jll
    429.5 ms  ✓ NetCDF_jll
    454.5 ms  ✓ libwebp_jll
    440.6 ms  ✓ Leptonica_jll
    903.6 ms  ✓ GDAL_jll
    437.1 ms  ✓ GMT_jll
  56110.7 ms  ✓ GMT
  82 dependencies successfully precompiled in 71 seconds
	Command being timed: "nice -n -10 timeout -k120 -v 3600 julia +lts --project=G/GMT/Create-A-Xy-Plot -e using Pkg; @time @eval Pkg.precompile()"
	User time (seconds): 155.70
	System time (seconds): 17.76
	Percent of CPU this job got: 238%
	Elapsed (wall clock) time (h:mm:ss or m:ss): 1:12.86
	Average shared text size (kbytes): 0
	Average unshared data size (kbytes): 0
	Average stack size (kbytes): 0
	Average total size (kbytes): 0
	Maximum resident set size (kbytes): 2863792
	Average resident set size (kbytes): 0
	Major (requiring I/O) page faults: 215
	Minor (reclaiming a frame) page faults: 3959285
	Voluntary context switches: 107402
	Involuntary context switches: 26709
	Swaps: 0
	File system inputs: 0
	File system outputs: 467648
	Socket messages sent: 0
	Socket messages received: 0
	Signals delivered: 0
	Page size (bytes): 4096
	Exit status: 0
