nice: cannot set niceness: Permission denied
Precompiling packages...
    431.5 ms  ✓ DataValueInterfaces
    460.9 ms  ✓ DataAPI
    602.7 ms  ✓ Statistics
    676.2 ms  ✓ OrderedCollections
    864.0 ms  ✓ SuiteSparse_jll
    418.7 ms  ✓ IteratorInterfaceExtensions
    670.7 ms  ✓ Serialization
    409.6 ms  ✓ TableTraits
    935.0 ms  ✓ LazyArtifacts
   1232.2 ms  ✓ InteractiveUtils
    840.8 ms  ✓ Tables
   1920.2 ms  ✓ Preferences
    565.6 ms  ✓ PrecompileTools
    657.8 ms  ✓ JLLWrappers
    697.3 ms  ✓ MPIPreferences
    831.5 ms  ✓ Libmount_jll
    835.9 ms  ✓ LAPACK32_jll
    866.4 ms  ✓ Libffi_jll
   1040.1 ms  ✓ ICU_jll
    865.8 ms  ✓ snappy_jll
    943.7 ms  ✓ libaec_jll
    930.7 ms  ✓ libpng_jll
   4002.0 ms  ✓ SparseArrays
    958.4 ms  ✓ OpenBLAS32_jll
    891.3 ms  ✓ Xorg_libpciaccess_jll
    881.8 ms  ✓ Bzip2_jll
    864.8 ms  ✓ Kerberos_krb5_jll
    890.9 ms  ✓ LERC_jll
    875.1 ms  ✓ LLVMOpenMP_jll
    899.8 ms  ✓ Libiconv_jll
    834.4 ms  ✓ Xorg_libXau_jll
    938.4 ms  ✓ Lz4_jll
    904.3 ms  ✓ Xorg_libXdmcp_jll
   1195.4 ms  ✓ Qhull_jll
    659.2 ms  ✓ dlfcn_win32_jll
    954.1 ms  ✓ Giflib_jll
   1017.5 ms  ✓ XZ_jll
    950.8 ms  ✓ FFTW_jll
    678.9 ms  ✓ MicrosoftMPI_jll
   1009.2 ms  ✓ brotli_jll
    713.6 ms  ✓ Xorg_xtrans_jll
    901.5 ms  ✓ Expat_jll
    969.7 ms  ✓ JpegTurbo_jll
    890.4 ms  ✓ PCRE_jll
    931.0 ms  ✓ GEOS_jll
    853.8 ms  ✓ LASzip_jll
    633.0 ms  ✓ Statistics → SparseArraysExt
   1167.9 ms  ✓ MPItrampoline_jll
    952.6 ms  ✓ LibPQ_jll
    938.9 ms  ✓ muparser_jll
    930.9 ms  ✓ XML2_jll
    970.6 ms  ✓ GettextRuntime_jll
    873.3 ms  ✓ Blosc_jll
   2005.2 ms  ✓ boost_jll
    904.4 ms  ✓ SQLite_jll
    971.1 ms  ✓ libzip_jll
   1044.1 ms  ✓ HDF4_jll
   1873.8 ms  ✓ Xorg_libxcb_jll
    907.7 ms  ✓ Libtiff_jll
   1419.0 ms  ✓ Ghostscript_jll
    935.4 ms  ✓ Hwloc_jll
    916.2 ms  ✓ Thrift_jll
   1108.9 ms  ✓ Glib_jll
    947.4 ms  ✓ Xorg_libX11_jll
    962.6 ms  ✓ LittleCMS_jll
   1228.2 ms  ✓ PROJ_jll
   1150.4 ms  ✓ OpenMPI_jll
   1063.7 ms  ✓ Arrow_jll
   1454.3 ms  ✓ MPICH_jll
    872.0 ms  ✓ Xorg_libXext_jll
    925.3 ms  ✓ OpenJpeg_jll
    861.7 ms  ✓ libgeotiff_jll
    941.6 ms  ✓ Libglvnd_jll
   1699.3 ms  ✓ HDF5_jll
    927.1 ms  ✓ libwebp_jll
    929.9 ms  ✓ Leptonica_jll
   1204.4 ms  ✓ NetCDF_jll
   2062.4 ms  ✓ GDAL_jll
   1199.9 ms  ✓ GMT_jll
  96617.7 ms  ✓ GMT
  80 dependencies successfully precompiled in 117 seconds. 27 already precompiled.
	Command being timed: "nice -n -10 timeout -k120 -v 3600 julia +alpha --project=G/GMT/Create-A-Xy-Plot -e using Pkg; @time @eval Pkg.precompile()"
	User time (seconds): 330.11
	System time (seconds): 19.36
	Percent of CPU this job got: 166%
	Elapsed (wall clock) time (h:mm:ss or m:ss): 3:29.56
	Average shared text size (kbytes): 0
	Average unshared data size (kbytes): 0
	Average stack size (kbytes): 0
	Average total size (kbytes): 0
	Maximum resident set size (kbytes): 3006100
	Average resident set size (kbytes): 0
	Major (requiring I/O) page faults: 401
	Minor (reclaiming a frame) page faults: 7316436
	Voluntary context switches: 21272
	Involuntary context switches: 5554
	Swaps: 0
	File system inputs: 0
	File system outputs: 836008
	Socket messages sent: 0
	Socket messages received: 0
	Signals delivered: 0
	Page size (bytes): 4096
	Exit status: 0
