nice: cannot set niceness: Permission denied
Precompiling packages...
   1614.9 ms  ✓ nghttp2_jll
   1621.3 ms  ✓ Zlib_jll
   1701.8 ms  ✓ UUIDs
   1707.3 ms  ✓ Unicode
   1709.8 ms  ✓ Logging
   1707.7 ms  ✓ MozillaCACerts_jll
   1760.6 ms  ✓ OpenSSL_jll
   1801.5 ms  ✓ Base64
   1813.7 ms  ✓ CompilerSupportLibraries_jll
   1819.1 ms  ✓ NetworkOptions
    490.1 ms  ✓ LibSSH2_jll
    540.3 ms  ✓ p7zip_jll
    660.0 ms  ✓ Printf
    463.5 ms  ✓ LibGit2_jll
    477.0 ms  ✓ LibCURL_jll
   3163.3 ms  ✓ ArgTools
    754.6 ms  ✓ LibCURL
    646.6 ms  ✓ Tar
   2906.9 ms  ✓ Dates
   2986.0 ms  ✓ LibGit2
    452.3 ms  ✓ TOML
   2962.9 ms  ✓ Downloads
   9042.6 ms  ✓ StyledStrings
   1631.1 ms  ✓ JuliaSyntaxHighlighting
   3679.1 ms  ✓ Markdown
  45957.6 ms  ✓ Pkg
  26 dependencies successfully precompiled in 60 seconds
Precompiling packages...
   1322.1 ms  ✓ DataAPI
   1317.8 ms  ✓ PCRE2_jll
   1410.3 ms  ✓ DataValueInterfaces
   1411.6 ms  ✓ IteratorInterfaceExtensions
   1421.7 ms  ✓ SuiteSparse_jll
   1640.4 ms  ✓ Statistics
   1672.2 ms  ✓ Serialization
   1794.3 ms  ✓ Preferences
    708.5 ms  ✓ TableTraits
   2225.1 ms  ✓ LazyArtifacts
    695.4 ms  ✓ PrecompileTools
    812.0 ms  ✓ JLLWrappers
   1292.3 ms  ✓ MPIPreferences
   5033.3 ms  ✓ OrderedCollections
   3303.4 ms  ✓ MicrosoftMPI_jll
   3206.2 ms  ✓ dlfcn_win32_jll
   3789.1 ms  ✓ Xorg_xtrans_jll
   3896.8 ms  ✓ LASzip_jll
   3885.9 ms  ✓ Xorg_libXdmcp_jll
   3897.1 ms  ✓ Xorg_libXau_jll
   4003.8 ms  ✓ snappy_jll
   4083.9 ms  ✓ libpng_jll
   4191.2 ms  ✓ XZ_jll
   4694.1 ms  ✓ JpegTurbo_jll
   4233.4 ms  ✓ Zstd_jll
   4501.7 ms  ✓ brotli_jll
   8914.5 ms  ✓ InteractiveUtils
   6304.6 ms  ✓ Qhull_jll
   3909.0 ms  ✓ Libmount_jll
   3696.7 ms  ✓ PCRE_jll
   4088.2 ms  ✓ Libiconv_jll
   3893.9 ms  ✓ LLVMOpenMP_jll
   3597.5 ms  ✓ Kerberos_krb5_jll
   3892.7 ms  ✓ Expat_jll
   3896.7 ms  ✓ Bzip2_jll
   3979.7 ms  ✓ Libffi_jll
   4188.8 ms  ✓ GEOS_jll
   3703.8 ms  ✓ Xorg_libpciaccess_jll
   4307.7 ms  ✓ Lz4_jll
   3710.2 ms  ✓ FFTW_jll
   4903.0 ms  ✓ ICU_jll
   3964.2 ms  ✓ OpenBLAS32_jll
   3921.4 ms  ✓ Giflib_jll
   4288.2 ms  ✓ libaec_jll
   3771.1 ms  ✓ LERC_jll
   3800.4 ms  ✓ LAPACK32_jll
   3808.7 ms  ✓ SQLite_jll
   3795.4 ms  ✓ muparser_jll
   4198.6 ms  ✓ XML2_jll
   4294.6 ms  ✓ GettextRuntime_jll
   5519.8 ms  ✓ MPItrampoline_jll
   3763.9 ms  ✓ libzip_jll
   3096.2 ms  ✓ LibPQ_jll
   3124.6 ms  ✓ Blosc_jll
   2725.0 ms  ✓ Libtiff_jll
   3300.8 ms  ✓ HDF4_jll
   6402.1 ms  ✓ Ghostscript_jll
   1919.7 ms  ✓ Hwloc_jll
   2312.8 ms  ✓ Glib_jll
   1596.3 ms  ✓ LittleCMS_jll
   7390.4 ms  ✓ Xorg_libxcb_jll
   7617.0 ms  ✓ Tables
   6986.8 ms  ✓ boost_jll
   2193.6 ms  ✓ PROJ_jll
  17168.2 ms  ✓ SparseArrays
   1986.5 ms  ✓ OpenMPI_jll
   1218.4 ms  ✓ OpenJpeg_jll
   1138.1 ms  ✓ Xorg_libX11_jll
    988.1 ms  ✓ Thrift_jll
   2254.0 ms  ✓ MPICH_jll
   1010.0 ms  ✓ libgeotiff_jll
    615.6 ms  ✓ Statistics → SparseArraysExt
    626.8 ms  ✓ Xorg_libXext_jll
    702.1 ms  ✓ Arrow_jll
    736.0 ms  ✓ Libglvnd_jll
   1605.4 ms  ✓ HDF5_jll
    755.6 ms  ✓ libwebp_jll
    741.9 ms  ✓ Leptonica_jll
   1197.3 ms  ✓ NetCDF_jll
   1981.0 ms  ✓ GDAL_jll
   1194.0 ms  ✓ GMT_jll
 169512.6 ms  ✓ GMT
  82 dependencies successfully precompiled in 195 seconds. 26 already precompiled.
	Command being timed: "nice -n -10 timeout -k120 -v 3600 julia +release --project=G/GMT/Create-A-Xy-Plot -e using Pkg; @time @eval Pkg.precompile()"
	User time (seconds): 528.32
	System time (seconds): 23.95
	Percent of CPU this job got: 215%
	Elapsed (wall clock) time (h:mm:ss or m:ss): 4:16.67
	Average shared text size (kbytes): 0
	Average unshared data size (kbytes): 0
	Average stack size (kbytes): 0
	Average total size (kbytes): 0
	Maximum resident set size (kbytes): 3136128
	Average resident set size (kbytes): 0
	Major (requiring I/O) page faults: 316
	Minor (reclaiming a frame) page faults: 6205181
	Voluntary context switches: 21953
	Involuntary context switches: 84285
	Swaps: 0
	File system inputs: 0
	File system outputs: 833736
	Socket messages sent: 0
	Socket messages received: 0
	Signals delivered: 0
	Page size (bytes): 4096
	Exit status: 0
