nice: cannot set niceness: Permission denied
Precompiling packages...
   1571.6 ms  ✓ Logging
   1581.4 ms  ✓ UUIDs
   1661.3 ms  ✓ Unicode
   1664.0 ms  ✓ Zlib_jll
   1665.3 ms  ✓ MozillaCACerts_jll
   1763.2 ms  ✓ OpenSSL_jll
   1754.2 ms  ✓ Base64
   1749.7 ms  ✓ nghttp2_jll
   1756.1 ms  ✓ CompilerSupportLibraries_jll
   1867.0 ms  ✓ NetworkOptions
    480.6 ms  ✓ LibSSH2_jll
    569.9 ms  ✓ p7zip_jll
    681.1 ms  ✓ Printf
    480.7 ms  ✓ LibGit2_jll
    479.2 ms  ✓ LibCURL_jll
   3111.0 ms  ✓ ArgTools
    761.1 ms  ✓ LibCURL
    658.6 ms  ✓ Tar
   2944.1 ms  ✓ Dates
    455.3 ms  ✓ TOML
   3047.7 ms  ✓ LibGit2
   3002.1 ms  ✓ Downloads
   9181.6 ms  ✓ StyledStrings
   1660.1 ms  ✓ JuliaSyntaxHighlighting
   3695.2 ms  ✓ Markdown
  46130.2 ms  ✓ Pkg
  26 dependencies successfully precompiled in 61 seconds
Precompiling packages...
   1285.5 ms  ✓ DataValueInterfaces
   1292.0 ms  ✓ IteratorInterfaceExtensions
   1391.4 ms  ✓ DataAPI
   1496.3 ms  ✓ PCRE2_jll
   1564.1 ms  ✓ SuiteSparse_jll
   1612.2 ms  ✓ Statistics
   1716.7 ms  ✓ Serialization
   1810.8 ms  ✓ Preferences
    785.6 ms  ✓ TableTraits
   2210.6 ms  ✓ LazyArtifacts
    662.3 ms  ✓ PrecompileTools
    801.1 ms  ✓ JLLWrappers
   1109.7 ms  ✓ MPIPreferences
   5772.7 ms  ✓ OrderedCollections
   3419.6 ms  ✓ MicrosoftMPI_jll
   3771.1 ms  ✓ Xorg_xtrans_jll
   4102.5 ms  ✓ snappy_jll
   4126.3 ms  ✓ LASzip_jll
   4100.1 ms  ✓ libpng_jll
   4103.0 ms  ✓ Xorg_libXau_jll
   4121.2 ms  ✓ Xorg_libXdmcp_jll
   4145.0 ms  ✓ Libmount_jll
   4491.1 ms  ✓ Zstd_jll
   4730.5 ms  ✓ JpegTurbo_jll
   4926.4 ms  ✓ XZ_jll
   4894.5 ms  ✓ brotli_jll
   8666.6 ms  ✓ InteractiveUtils
   6629.5 ms  ✓ Qhull_jll
   3800.9 ms  ✓ PCRE_jll
   4008.4 ms  ✓ Libiconv_jll
   3800.0 ms  ✓ LLVMOpenMP_jll
   3803.5 ms  ✓ Libffi_jll
   3899.1 ms  ✓ Bzip2_jll
   3909.0 ms  ✓ Expat_jll
   3994.3 ms  ✓ GEOS_jll
   3905.3 ms  ✓ Kerberos_krb5_jll
   3998.6 ms  ✓ Xorg_libpciaccess_jll
   4484.1 ms  ✓ Lz4_jll
   4007.6 ms  ✓ FFTW_jll
   4097.5 ms  ✓ libaec_jll
   3881.5 ms  ✓ OpenBLAS32_jll
   5298.5 ms  ✓ ICU_jll
   3906.5 ms  ✓ Giflib_jll
   3812.8 ms  ✓ LERC_jll
   4000.2 ms  ✓ SQLite_jll
   3842.2 ms  ✓ LAPACK32_jll
   3696.9 ms  ✓ muparser_jll
   3983.2 ms  ✓ XML2_jll
   4119.0 ms  ✓ GettextRuntime_jll
   3892.4 ms  ✓ libzip_jll
   3014.4 ms  ✓ Blosc_jll
   5418.0 ms  ✓ MPItrampoline_jll
   3095.5 ms  ✓ LibPQ_jll
   2998.2 ms  ✓ Libtiff_jll
   3804.5 ms  ✓ HDF4_jll
   5816.9 ms  ✓ Ghostscript_jll
   1798.1 ms  ✓ Hwloc_jll
   2252.8 ms  ✓ Glib_jll
   1411.3 ms  ✓ LittleCMS_jll
   7205.1 ms  ✓ Tables
   6388.0 ms  ✓ boost_jll
   7323.3 ms  ✓ Xorg_libxcb_jll
   1986.5 ms  ✓ PROJ_jll
   2031.6 ms  ✓ OpenMPI_jll
   1179.8 ms  ✓ OpenJpeg_jll
   1047.7 ms  ✓ Thrift_jll
   1061.3 ms  ✓ Xorg_libX11_jll
  17371.2 ms  ✓ SparseArrays
   2396.8 ms  ✓ MPICH_jll
   1050.8 ms  ✓ libgeotiff_jll
    523.2 ms  ✓ Statistics → SparseArraysExt
    626.6 ms  ✓ Xorg_libXext_jll
    779.4 ms  ✓ Arrow_jll
    731.4 ms  ✓ Libglvnd_jll
   1645.2 ms  ✓ HDF5_jll
    767.0 ms  ✓ libwebp_jll
    752.7 ms  ✓ Leptonica_jll
   1205.2 ms  ✓ NetCDF_jll
   2028.3 ms  ✓ GDAL_jll
   1216.0 ms  ✓ GMT_jll
  86392.8 ms  ✓ GMT
  81 dependencies successfully precompiled in 112 seconds. 26 already precompiled.
	Command being timed: "nice -n -10 timeout -k120 -v 3600 julia +release --project=G/GMT/Create-A-Xy-Plot -e using Pkg; @time @eval Pkg.precompile()"
	User time (seconds): 372.71
	System time (seconds): 22.97
	Percent of CPU this job got: 227%
	Elapsed (wall clock) time (h:mm:ss or m:ss): 2:53.98
	Average shared text size (kbytes): 0
	Average unshared data size (kbytes): 0
	Average stack size (kbytes): 0
	Average total size (kbytes): 0
	Maximum resident set size (kbytes): 2981860
	Average resident set size (kbytes): 0
	Major (requiring I/O) page faults: 329
	Minor (reclaiming a frame) page faults: 6113037
	Voluntary context switches: 19947
	Involuntary context switches: 19750
	Swaps: 0
	File system inputs: 880
	File system outputs: 831320
	Socket messages sent: 0
	Socket messages received: 0
	Signals delivered: 0
	Page size (bytes): 4096
	Exit status: 0
