nice: cannot set niceness: Permission denied
Precompiling packages...
   1414.1 ms  ✓ UUIDs
   1408.6 ms  ✓ MozillaCACerts_jll
   1525.2 ms  ✓ OpenSSL_jll
   1607.6 ms  ✓ CompilerSupportLibraries_jll
   1603.6 ms  ✓ nghttp2_jll
   1619.2 ms  ✓ Zlib_jll
   1633.2 ms  ✓ Logging
   1728.2 ms  ✓ Unicode
   1731.7 ms  ✓ NetworkOptions
   1814.0 ms  ✓ Base64
    568.7 ms  ✓ LibSSH2_jll
    628.8 ms  ✓ p7zip_jll
    671.1 ms  ✓ Printf
    479.7 ms  ✓ LibCURL_jll
    488.0 ms  ✓ LibGit2_jll
   3154.0 ms  ✓ ArgTools
    748.3 ms  ✓ LibCURL
    612.2 ms  ✓ Tar
   2880.3 ms  ✓ Dates
   2924.1 ms  ✓ LibGit2
    423.4 ms  ✓ TOML
   2991.3 ms  ✓ Downloads
   9226.6 ms  ✓ StyledStrings
   1662.5 ms  ✓ JuliaSyntaxHighlighting
   3693.6 ms  ✓ Markdown
  45635.5 ms  ✓ Pkg
  26 dependencies successfully precompiled in 60 seconds
Precompiling packages...
   1299.6 ms  ✓ IteratorInterfaceExtensions
   1298.6 ms  ✓ DataAPI
   1336.2 ms  ✓ DataValueInterfaces
   1416.9 ms  ✓ PCRE2_jll
   1627.3 ms  ✓ Statistics
   1623.8 ms  ✓ SuiteSparse_jll
   1723.8 ms  ✓ Serialization
   1810.8 ms  ✓ Preferences
    724.1 ms  ✓ TableTraits
   2199.3 ms  ✓ LazyArtifacts
    681.5 ms  ✓ PrecompileTools
    781.6 ms  ✓ JLLWrappers
   1373.2 ms  ✓ MPIPreferences
   5908.8 ms  ✓ OrderedCollections
   3291.4 ms  ✓ MicrosoftMPI_jll
   3469.7 ms  ✓ dlfcn_win32_jll
   3585.7 ms  ✓ Xorg_xtrans_jll
   3877.7 ms  ✓ Xorg_libXau_jll
   3901.9 ms  ✓ LASzip_jll
   4181.5 ms  ✓ snappy_jll
   4181.0 ms  ✓ Xorg_libXdmcp_jll
   4173.6 ms  ✓ libpng_jll
   4304.6 ms  ✓ JpegTurbo_jll
   4397.3 ms  ✓ XZ_jll
   4566.8 ms  ✓ brotli_jll
   4010.7 ms  ✓ Zstd_jll
   6062.2 ms  ✓ Qhull_jll
   8691.3 ms  ✓ InteractiveUtils
   3602.5 ms  ✓ Libmount_jll
   3799.5 ms  ✓ Libiconv_jll
   3706.3 ms  ✓ LLVMOpenMP_jll
   3706.1 ms  ✓ Libffi_jll
   3806.4 ms  ✓ Bzip2_jll
   3786.0 ms  ✓ Kerberos_krb5_jll
   3990.5 ms  ✓ Expat_jll
   4017.2 ms  ✓ GEOS_jll
   3809.4 ms  ✓ Xorg_libpciaccess_jll
   3996.2 ms  ✓ FFTW_jll
   4899.9 ms  ✓ ICU_jll
   3692.8 ms  ✓ OpenBLAS32_jll
   4129.6 ms  ✓ libaec_jll
   3603.1 ms  ✓ Giflib_jll
   3501.7 ms  ✓ LERC_jll
   3694.2 ms  ✓ LAPACK32_jll
   3709.2 ms  ✓ PCRE_jll
   3704.3 ms  ✓ SQLite_jll
   3709.2 ms  ✓ XML2_jll
   4099.7 ms  ✓ Lz4_jll
   3301.7 ms  ✓ muparser_jll
   4290.6 ms  ✓ GettextRuntime_jll
   5686.0 ms  ✓ MPItrampoline_jll
   2989.7 ms  ✓ LibPQ_jll
   3488.5 ms  ✓ libzip_jll
  10419.2 ms  ✓ Tables
   2806.2 ms  ✓ Libtiff_jll
   9705.6 ms  ✓ Xorg_libxcb_jll
   3303.8 ms  ✓ HDF4_jll
   2325.0 ms  ✓ Hwloc_jll
   6110.8 ms  ✓ Ghostscript_jll
   2225.9 ms  ✓ Blosc_jll
   2310.9 ms  ✓ Glib_jll
   1415.4 ms  ✓ LittleCMS_jll
   1387.6 ms  ✓ Xorg_libX11_jll
   5901.3 ms  ✓ boost_jll
   1922.9 ms  ✓ PROJ_jll
   1891.0 ms  ✓ OpenMPI_jll
   1020.3 ms  ✓ Xorg_libXext_jll
  17280.2 ms  ✓ SparseArrays
   1174.6 ms  ✓ OpenJpeg_jll
   2165.2 ms  ✓ MPICH_jll
    921.9 ms  ✓ Thrift_jll
   1029.9 ms  ✓ libgeotiff_jll
    550.8 ms  ✓ Statistics → SparseArraysExt
    845.1 ms  ✓ Libglvnd_jll
    695.6 ms  ✓ Arrow_jll
    763.9 ms  ✓ libwebp_jll
   1641.7 ms  ✓ HDF5_jll
    752.6 ms  ✓ Leptonica_jll
   1174.7 ms  ✓ NetCDF_jll
   1994.3 ms  ✓ GDAL_jll
   1212.0 ms  ✓ GMT_jll
  87602.0 ms  ✓ GMT
  82 dependencies successfully precompiled in 113 seconds. 26 already precompiled.
	Command being timed: "nice -n -10 timeout -k120 -v 3600 julia +release --project=G/GMT/Create-A-Xy-Plot -e using Pkg; @time @eval Pkg.precompile()"
	User time (seconds): 375.05
	System time (seconds): 21.91
	Percent of CPU this job got: 227%
	Elapsed (wall clock) time (h:mm:ss or m:ss): 2:54.55
	Average shared text size (kbytes): 0
	Average unshared data size (kbytes): 0
	Average stack size (kbytes): 0
	Average total size (kbytes): 0
	Maximum resident set size (kbytes): 3022140
	Average resident set size (kbytes): 0
	Major (requiring I/O) page faults: 331
	Minor (reclaiming a frame) page faults: 6151772
	Voluntary context switches: 20497
	Involuntary context switches: 18207
	Swaps: 0
	File system inputs: 552
	File system outputs: 833504
	Socket messages sent: 0
	Socket messages received: 0
	Signals delivered: 0
	Page size (bytes): 4096
	Exit status: 0
