nice: cannot set niceness: Permission denied
Precompiling packages...
   1527.5 ms  ✓ Logging
   1532.4 ms  ✓ Zlib_jll
   1553.0 ms  ✓ Unicode
   1551.1 ms  ✓ MozillaCACerts_jll
   1621.2 ms  ✓ UUIDs
   1623.9 ms  ✓ CompilerSupportLibraries_jll
   1677.7 ms  ✓ OpenSSL_jll
   1742.5 ms  ✓ NetworkOptions
   1738.6 ms  ✓ nghttp2_jll
   1817.8 ms  ✓ Base64
    504.6 ms  ✓ LibSSH2_jll
    611.8 ms  ✓ p7zip_jll
    734.1 ms  ✓ Printf
    468.6 ms  ✓ LibCURL_jll
    476.2 ms  ✓ LibGit2_jll
   3164.8 ms  ✓ ArgTools
    770.2 ms  ✓ LibCURL
    625.4 ms  ✓ Tar
   2930.6 ms  ✓ Dates
    445.6 ms  ✓ TOML
   3039.5 ms  ✓ LibGit2
   3023.5 ms  ✓ Downloads
   9186.6 ms  ✓ StyledStrings
   1612.1 ms  ✓ JuliaSyntaxHighlighting
   3760.7 ms  ✓ Markdown
  46437.4 ms  ✓ Pkg
  26 dependencies successfully precompiled in 61 seconds
Precompiling packages...
   1220.9 ms  ✓ IteratorInterfaceExtensions
   1317.2 ms  ✓ DataValueInterfaces
   1411.8 ms  ✓ DataAPI
   1434.1 ms  ✓ PCRE2_jll
   1528.8 ms  ✓ SuiteSparse_jll
   1632.3 ms  ✓ Statistics
   1714.6 ms  ✓ Serialization
   1826.7 ms  ✓ Preferences
    726.4 ms  ✓ TableTraits
   2287.8 ms  ✓ LazyArtifacts
    673.8 ms  ✓ PrecompileTools
    782.7 ms  ✓ JLLWrappers
   1582.6 ms  ✓ MPIPreferences
   3277.3 ms  ✓ MicrosoftMPI_jll
   5919.1 ms  ✓ OrderedCollections
   3241.3 ms  ✓ dlfcn_win32_jll
   3544.8 ms  ✓ Xorg_xtrans_jll
   3639.9 ms  ✓ Xorg_libXau_jll
   3788.7 ms  ✓ snappy_jll
   3871.1 ms  ✓ libpng_jll
   3884.3 ms  ✓ Xorg_libXdmcp_jll
   3990.2 ms  ✓ LASzip_jll
   4474.9 ms  ✓ XZ_jll
   4479.0 ms  ✓ JpegTurbo_jll
   4655.0 ms  ✓ brotli_jll
   3887.5 ms  ✓ Zstd_jll
   6181.9 ms  ✓ Qhull_jll
   9490.6 ms  ✓ InteractiveUtils
   3600.6 ms  ✓ PCRE_jll
   3800.1 ms  ✓ Libiconv_jll
   3901.4 ms  ✓ Libmount_jll
   3627.2 ms  ✓ LLVMOpenMP_jll
   3699.4 ms  ✓ Bzip2_jll
   3882.4 ms  ✓ Expat_jll
   4117.5 ms  ✓ Libffi_jll
   3900.4 ms  ✓ GEOS_jll
   3406.7 ms  ✓ Kerberos_krb5_jll
   3798.0 ms  ✓ Xorg_libpciaccess_jll
   4296.0 ms  ✓ Lz4_jll
   3802.3 ms  ✓ FFTW_jll
   5013.4 ms  ✓ ICU_jll
   3891.4 ms  ✓ libaec_jll
   3605.4 ms  ✓ Giflib_jll
   3614.0 ms  ✓ OpenBLAS32_jll
   3588.1 ms  ✓ LERC_jll
   3802.8 ms  ✓ LAPACK32_jll
   3796.5 ms  ✓ SQLite_jll
   3803.2 ms  ✓ XML2_jll
   3603.4 ms  ✓ muparser_jll
   4101.8 ms  ✓ GettextRuntime_jll
   5702.6 ms  ✓ MPItrampoline_jll
   3286.0 ms  ✓ libzip_jll
   3075.0 ms  ✓ Blosc_jll
   2626.5 ms  ✓ Libtiff_jll
   2818.4 ms  ✓ LibPQ_jll
   5893.5 ms  ✓ Ghostscript_jll
   3221.2 ms  ✓ HDF4_jll
   2133.2 ms  ✓ Hwloc_jll
   2394.3 ms  ✓ Glib_jll
   1536.2 ms  ✓ LittleCMS_jll
   7206.0 ms  ✓ Xorg_libxcb_jll
   7519.2 ms  ✓ Tables
   6901.0 ms  ✓ boost_jll
   2176.4 ms  ✓ PROJ_jll
   2060.1 ms  ✓ OpenMPI_jll
   1163.3 ms  ✓ OpenJpeg_jll
   1113.3 ms  ✓ Xorg_libX11_jll
  17110.3 ms  ✓ SparseArrays
   2381.6 ms  ✓ MPICH_jll
    916.5 ms  ✓ Thrift_jll
    985.0 ms  ✓ libgeotiff_jll
    526.7 ms  ✓ Statistics → SparseArraysExt
    642.3 ms  ✓ Xorg_libXext_jll
    713.7 ms  ✓ Arrow_jll
    760.2 ms  ✓ Libglvnd_jll
   1660.8 ms  ✓ HDF5_jll
    766.6 ms  ✓ libwebp_jll
    752.0 ms  ✓ Leptonica_jll
   1203.0 ms  ✓ NetCDF_jll
   1998.8 ms  ✓ GDAL_jll
   1207.1 ms  ✓ GMT_jll
  72546.7 ms  ✓ GMT
  82 dependencies successfully precompiled in 97 seconds. 26 already precompiled.
	Command being timed: "nice -n -10 timeout -k120 -v 3600 julia +release --project=G/GMT/Create-A-Xy-Plot -e using Pkg; @time @eval Pkg.precompile()"
	User time (seconds): 338.25
	System time (seconds): 21.87
	Percent of CPU this job got: 224%
	Elapsed (wall clock) time (h:mm:ss or m:ss): 2:40.22
	Average shared text size (kbytes): 0
	Average unshared data size (kbytes): 0
	Average stack size (kbytes): 0
	Average total size (kbytes): 0
	Maximum resident set size (kbytes): 2785364
	Average resident set size (kbytes): 0
	Major (requiring I/O) page faults: 322
	Minor (reclaiming a frame) page faults: 6086691
	Voluntary context switches: 21985
	Involuntary context switches: 17613
	Swaps: 0
	File system inputs: 952
	File system outputs: 824104
	Socket messages sent: 0
	Socket messages received: 0
	Signals delivered: 0
	Page size (bytes): 4096
	Exit status: 0
