nice: cannot set niceness: Permission denied
Precompiling packages...
    425.1 ms  ✓ DataValueInterfaces
    461.8 ms  ✓ DataAPI
    617.0 ms  ✓ Statistics
    665.4 ms  ✓ OrderedCollections
    880.8 ms  ✓ SuiteSparse_jll
    446.2 ms  ✓ IteratorInterfaceExtensions
    700.5 ms  ✓ Serialization
    425.8 ms  ✓ TableTraits
    891.6 ms  ✓ LazyArtifacts
   1341.4 ms  ✓ InteractiveUtils
    790.5 ms  ✓ Tables
   1987.1 ms  ✓ Preferences
    386.3 ms  ✓ PrecompileTools
    472.3 ms  ✓ JLLWrappers
    501.8 ms  ✓ MPIPreferences
    622.0 ms  ✓ Libmount_jll
    650.6 ms  ✓ LAPACK32_jll
    649.9 ms  ✓ Libffi_jll
    825.2 ms  ✓ ICU_jll
    645.2 ms  ✓ snappy_jll
    637.8 ms  ✓ libpng_jll
    703.4 ms  ✓ libaec_jll
    662.9 ms  ✓ OpenBLAS32_jll
   3883.0 ms  ✓ SparseArrays
    692.9 ms  ✓ Xorg_libpciaccess_jll
    671.7 ms  ✓ Bzip2_jll
    768.8 ms  ✓ Kerberos_krb5_jll
    717.5 ms  ✓ LERC_jll
    682.2 ms  ✓ LLVMOpenMP_jll
    724.6 ms  ✓ Libiconv_jll
    743.4 ms  ✓ Lz4_jll
    654.6 ms  ✓ Xorg_libXau_jll
    969.5 ms  ✓ Qhull_jll
    647.5 ms  ✓ Xorg_libXdmcp_jll
    657.5 ms  ✓ Giflib_jll
    673.0 ms  ✓ FFTW_jll
    743.0 ms  ✓ XZ_jll
    597.7 ms  ✓ MicrosoftMPI_jll
    750.0 ms  ✓ brotli_jll
    670.2 ms  ✓ Expat_jll
    635.4 ms  ✓ Xorg_xtrans_jll
    674.1 ms  ✓ SQLite_jll
    650.4 ms  ✓ PCRE_jll
    777.6 ms  ✓ JpegTurbo_jll
    621.5 ms  ✓ LASzip_jll
    702.8 ms  ✓ GEOS_jll
    585.0 ms  ✓ Statistics → SparseArraysExt
   1070.5 ms  ✓ MPItrampoline_jll
    709.2 ms  ✓ LibPQ_jll
    692.9 ms  ✓ muparser_jll
    714.8 ms  ✓ XML2_jll
    758.1 ms  ✓ GettextRuntime_jll
    671.8 ms  ✓ Blosc_jll
   1800.8 ms  ✓ boost_jll
    738.5 ms  ✓ libzip_jll
    837.9 ms  ✓ HDF4_jll
    696.8 ms  ✓ Libtiff_jll
   1644.4 ms  ✓ Xorg_libxcb_jll
   1194.8 ms  ✓ Ghostscript_jll
    681.6 ms  ✓ Hwloc_jll
    889.7 ms  ✓ Glib_jll
    715.4 ms  ✓ Thrift_jll
    710.0 ms  ✓ Xorg_libX11_jll
    728.6 ms  ✓ LittleCMS_jll
   1007.0 ms  ✓ PROJ_jll
    666.4 ms  ✓ Xorg_libXext_jll
    804.6 ms  ✓ Arrow_jll
    725.6 ms  ✓ OpenJpeg_jll
   1061.8 ms  ✓ OpenMPI_jll
   1271.6 ms  ✓ MPICH_jll
    661.4 ms  ✓ libgeotiff_jll
    756.2 ms  ✓ Libglvnd_jll
    754.9 ms  ✓ libwebp_jll
   1522.6 ms  ✓ HDF5_jll
    753.5 ms  ✓ Leptonica_jll
   1025.9 ms  ✓ NetCDF_jll
   1910.7 ms  ✓ GDAL_jll
   1051.3 ms  ✓ GMT_jll
 121769.2 ms  ✓ GMT
  79 dependencies successfully precompiled in 139 seconds. 27 already precompiled.
	Command being timed: "nice -n -10 timeout -k120 -v 3600 julia +nightly --project=G/GMT/Create-A-Xy-Plot -e using Pkg; @time @eval Pkg.precompile()"
	User time (seconds): 374.81
	System time (seconds): 18.63
	Percent of CPU this job got: 157%
	Elapsed (wall clock) time (h:mm:ss or m:ss): 4:09.42
	Average shared text size (kbytes): 0
	Average unshared data size (kbytes): 0
	Average stack size (kbytes): 0
	Average total size (kbytes): 0
	Maximum resident set size (kbytes): 3283940
	Average resident set size (kbytes): 0
	Major (requiring I/O) page faults: 440
	Minor (reclaiming a frame) page faults: 7087267
	Voluntary context switches: 21685
	Involuntary context switches: 5206
	Swaps: 0
	File system inputs: 0
	File system outputs: 839136
	Socket messages sent: 0
	Socket messages received: 0
	Signals delivered: 0
	Page size (bytes): 4096
	Exit status: 0
