nice: cannot set niceness: Permission denied
Precompiling packages...
   1606.5 ms  ✓ Unicode
   1604.3 ms  ✓ UUIDs
   1692.6 ms  ✓ Logging
   1699.6 ms  ✓ Base64
   1701.8 ms  ✓ MozillaCACerts_jll
   1708.9 ms  ✓ NetworkOptions
   1706.1 ms  ✓ Zlib_jll
   1753.0 ms  ✓ OpenSSL_jll
   1714.7 ms  ✓ nghttp2_jll
   1787.6 ms  ✓ CompilerSupportLibraries_jll
    479.3 ms  ✓ LibSSH2_jll
    523.7 ms  ✓ p7zip_jll
    724.6 ms  ✓ Printf
    454.3 ms  ✓ LibGit2_jll
    457.3 ms  ✓ LibCURL_jll
   3138.4 ms  ✓ ArgTools
    763.5 ms  ✓ LibCURL
    624.1 ms  ✓ Tar
   2912.5 ms  ✓ Dates
   2979.3 ms  ✓ LibGit2
    455.4 ms  ✓ TOML
   3029.5 ms  ✓ Downloads
   9086.2 ms  ✓ StyledStrings
   1609.1 ms  ✓ JuliaSyntaxHighlighting
   3764.7 ms  ✓ Markdown
  46544.3 ms  ✓ Pkg
  26 dependencies successfully precompiled in 61 seconds
Precompiling packages...
   1203.6 ms  ✓ DataValueInterfaces
   1354.6 ms  ✓ IteratorInterfaceExtensions
   1401.4 ms  ✓ DataAPI
   1472.7 ms  ✓ SuiteSparse_jll
   1477.5 ms  ✓ PCRE2_jll
   1677.6 ms  ✓ Statistics
   1724.3 ms  ✓ Serialization
   1785.3 ms  ✓ Preferences
    748.5 ms  ✓ TableTraits
   2187.5 ms  ✓ LazyArtifacts
    685.0 ms  ✓ PrecompileTools
    776.5 ms  ✓ JLLWrappers
   1591.6 ms  ✓ MPIPreferences
   3387.5 ms  ✓ MicrosoftMPI_jll
   5987.5 ms  ✓ OrderedCollections
   3383.7 ms  ✓ dlfcn_win32_jll
   3801.9 ms  ✓ Xorg_xtrans_jll
   3990.0 ms  ✓ LASzip_jll
   3974.0 ms  ✓ Xorg_libXau_jll
   3977.8 ms  ✓ Xorg_libXdmcp_jll
   3984.3 ms  ✓ libpng_jll
   4006.7 ms  ✓ snappy_jll
   4210.9 ms  ✓ JpegTurbo_jll
   4398.7 ms  ✓ XZ_jll
   3861.8 ms  ✓ Zstd_jll
   4678.9 ms  ✓ brotli_jll
   6396.4 ms  ✓ Qhull_jll
   9376.7 ms  ✓ InteractiveUtils
   3505.9 ms  ✓ Libmount_jll
   3508.0 ms  ✓ PCRE_jll
   4100.2 ms  ✓ Libiconv_jll
   3705.2 ms  ✓ Libffi_jll
   3779.0 ms  ✓ LLVMOpenMP_jll
   3900.6 ms  ✓ Expat_jll
   3692.9 ms  ✓ Kerberos_krb5_jll
   4097.0 ms  ✓ GEOS_jll
   3793.1 ms  ✓ Xorg_libpciaccess_jll
   3797.7 ms  ✓ FFTW_jll
   4585.7 ms  ✓ Lz4_jll
   5029.0 ms  ✓ ICU_jll
   3516.5 ms  ✓ Giflib_jll
   3682.0 ms  ✓ OpenBLAS32_jll
   4095.3 ms  ✓ libaec_jll
   3706.3 ms  ✓ LERC_jll
   3586.4 ms  ✓ LAPACK32_jll
   3494.3 ms  ✓ Bzip2_jll
   3717.6 ms  ✓ SQLite_jll
   3720.1 ms  ✓ XML2_jll
   3516.0 ms  ✓ muparser_jll
   3909.0 ms  ✓ GettextRuntime_jll
   3195.6 ms  ✓ Blosc_jll
   5423.1 ms  ✓ MPItrampoline_jll
   2979.7 ms  ✓ LibPQ_jll
   2893.9 ms  ✓ Libtiff_jll
   9719.8 ms  ✓ Xorg_libxcb_jll
   3328.1 ms  ✓ HDF4_jll
   5817.2 ms  ✓ Ghostscript_jll
   2713.7 ms  ✓ libzip_jll
   2288.3 ms  ✓ Hwloc_jll
   2680.2 ms  ✓ Glib_jll
   7420.9 ms  ✓ Tables
   1707.0 ms  ✓ LittleCMS_jll
   1510.1 ms  ✓ Xorg_libX11_jll
   2113.9 ms  ✓ PROJ_jll
   4604.6 ms  ✓ boost_jll
   1908.9 ms  ✓ OpenMPI_jll
   1018.5 ms  ✓ Xorg_libXext_jll
   1097.5 ms  ✓ OpenJpeg_jll
   2187.8 ms  ✓ MPICH_jll
  17378.6 ms  ✓ SparseArrays
   1030.7 ms  ✓ libgeotiff_jll
    767.3 ms  ✓ Thrift_jll
    505.5 ms  ✓ Statistics → SparseArraysExt
    871.6 ms  ✓ Libglvnd_jll
    671.7 ms  ✓ Arrow_jll
    767.7 ms  ✓ libwebp_jll
   1669.2 ms  ✓ HDF5_jll
    739.9 ms  ✓ Leptonica_jll
   1169.7 ms  ✓ NetCDF_jll
   1987.6 ms  ✓ GDAL_jll
   1187.4 ms  ✓ GMT_jll
  72695.4 ms  ✓ GMT
  82 dependencies successfully precompiled in 98 seconds. 26 already precompiled.
	Command being timed: "nice -n -10 timeout -k120 -v 3600 julia +release --project=G/GMT/Create-A-Xy-Plot -e using Pkg; @time @eval Pkg.precompile()"
	User time (seconds): 336.88
	System time (seconds): 21.78
	Percent of CPU this job got: 223%
	Elapsed (wall clock) time (h:mm:ss or m:ss): 2:40.44
	Average shared text size (kbytes): 0
	Average unshared data size (kbytes): 0
	Average stack size (kbytes): 0
	Average total size (kbytes): 0
	Maximum resident set size (kbytes): 2778856
	Average resident set size (kbytes): 0
	Major (requiring I/O) page faults: 310
	Minor (reclaiming a frame) page faults: 6081723
	Voluntary context switches: 20909
	Involuntary context switches: 17216
	Swaps: 0
	File system inputs: 984
	File system outputs: 824528
	Socket messages sent: 0
	Socket messages received: 0
	Signals delivered: 0
	Page size (bytes): 4096
	Exit status: 0
