nice: cannot set niceness: Permission denied
Precompiling packages...
    994.0 ms  ✓ LazyArtifacts
   1012.9 ms  ✓ Zlib_jll
   1012.0 ms  ✓ PCRE2_jll
   1022.1 ms  ✓ DataValueInterfaces
   1021.6 ms  ✓ DataAPI
   1038.6 ms  ✓ IteratorInterfaceExtensions
   1128.9 ms  ✓ CompilerSupportLibraries_jll
   1129.0 ms  ✓ SuiteSparse_jll
   1364.5 ms  ✓ OrderedCollections
   1253.6 ms  ✓ Preferences
    352.9 ms  ✓ TableTraits
    348.4 ms  ✓ PrecompileTools
    374.3 ms  ✓ JLLWrappers
    730.5 ms  ✓ MPIPreferences
   2178.4 ms  ✓ MicrosoftMPI_jll
   2370.0 ms  ✓ Xorg_xtrans_jll
   2309.0 ms  ✓ dlfcn_win32_jll
   2731.1 ms  ✓ Tables
   2490.3 ms  ✓ LASzip_jll
   2571.3 ms  ✓ Xorg_libXau_jll
   2581.1 ms  ✓ snappy_jll
   2664.9 ms  ✓ Xorg_libXdmcp_jll
   2671.2 ms  ✓ OpenSSL_jll
   2670.2 ms  ✓ libpng_jll
   2726.3 ms  ✓ brotli_jll
   2881.3 ms  ✓ JpegTurbo_jll
   2629.4 ms  ✓ Zstd_jll
   3078.5 ms  ✓ XZ_jll
   3585.7 ms  ✓ Qhull_jll
   2575.2 ms  ✓ Libmount_jll
   2517.3 ms  ✓ PCRE_jll
   2698.9 ms  ✓ Libiconv_jll
   2492.7 ms  ✓ Bzip2_jll
   2592.3 ms  ✓ Libffi_jll
   2597.2 ms  ✓ Expat_jll
   2693.9 ms  ✓ LLVMOpenMP_jll
   2506.5 ms  ✓ Xorg_libpciaccess_jll
   2688.7 ms  ✓ Kerberos_krb5_jll
   2711.2 ms  ✓ GEOS_jll
   2596.2 ms  ✓ FFTW_jll
   2789.5 ms  ✓ libaec_jll
   3296.2 ms  ✓ ICU_jll
   2791.2 ms  ✓ Giflib_jll
   2516.4 ms  ✓ LERC_jll
   2374.3 ms  ✓ OpenBLAS32_jll
   2497.2 ms  ✓ SQLite_jll
   2588.9 ms  ✓ XML2_jll
   2783.6 ms  ✓ LAPACK32_jll
   2304.1 ms  ✓ MPItrampoline_jll
   2605.9 ms  ✓ Lz4_jll
   2400.2 ms  ✓ libzip_jll
   2606.4 ms  ✓ GettextRuntime_jll
   2180.4 ms  ✓ muparser_jll
   1916.3 ms  ✓ LibPQ_jll
   2075.9 ms  ✓ HDF4_jll
   3303.4 ms  ✓ Ghostscript_jll
   1223.2 ms  ✓ Libtiff_jll
   5821.9 ms  ✓ Xorg_libxcb_jll
   1023.0 ms  ✓ Hwloc_jll
   1094.3 ms  ✓ Blosc_jll
   1098.9 ms  ✓ Glib_jll
    811.2 ms  ✓ Xorg_libX11_jll
   3924.2 ms  ✓ boost_jll
    875.6 ms  ✓ LittleCMS_jll
    762.8 ms  ✓ OpenMPI_jll
   9998.9 ms  ✓ SparseArrays
   1091.9 ms  ✓ PROJ_jll
    897.2 ms  ✓ MPICH_jll
    610.0 ms  ✓ Xorg_libXext_jll
    650.8 ms  ✓ Thrift_jll
    615.6 ms  ✓ OpenJpeg_jll
    585.4 ms  ✓ libgeotiff_jll
    699.8 ms  ✓ Statistics
    445.4 ms  ✓ Arrow_jll
    515.5 ms  ✓ Libglvnd_jll
    849.5 ms  ✓ HDF5_jll
    416.4 ms  ✓ NetCDF_jll
    459.9 ms  ✓ libwebp_jll
    450.6 ms  ✓ Leptonica_jll
    892.8 ms  ✓ GDAL_jll
    423.7 ms  ✓ GMT_jll
  55322.6 ms  ✓ GMT
  82 dependencies successfully precompiled in 70 seconds
	Command being timed: "nice -n -10 timeout -k120 -v 3600 julia +lts --project=G/GMT/Create-A-Xy-Plot -e using Pkg; @time @eval Pkg.precompile()"
	User time (seconds): 154.85
	System time (seconds): 17.27
	Percent of CPU this job got: 239%
	Elapsed (wall clock) time (h:mm:ss or m:ss): 1:11.99
	Average shared text size (kbytes): 0
	Average unshared data size (kbytes): 0
	Average stack size (kbytes): 0
	Average total size (kbytes): 0
	Maximum resident set size (kbytes): 2895476
	Average resident set size (kbytes): 0
	Major (requiring I/O) page faults: 225
	Minor (reclaiming a frame) page faults: 3962071
	Voluntary context switches: 103583
	Involuntary context switches: 24199
	Swaps: 0
	File system inputs: 0
	File system outputs: 467312
	Socket messages sent: 0
	Socket messages received: 0
	Signals delivered: 0
	Page size (bytes): 4096
	Exit status: 0
