nice: cannot set niceness: Permission denied
Precompiling packages...
   1590.7 ms  ✓ OpenSSL_jll
   1564.0 ms  ✓ Logging
   1579.9 ms  ✓ Unicode
   1679.8 ms  ✓ UUIDs
   1741.5 ms  ✓ Zlib_jll
   1760.2 ms  ✓ MozillaCACerts_jll
   1771.9 ms  ✓ CompilerSupportLibraries_jll
   1859.3 ms  ✓ nghttp2_jll
   1872.3 ms  ✓ NetworkOptions
   1908.6 ms  ✓ Base64
    617.3 ms  ✓ LibSSH2_jll
    824.8 ms  ✓ Printf
    631.7 ms  ✓ p7zip_jll
    504.9 ms  ✓ LibCURL_jll
    511.7 ms  ✓ LibGit2_jll
   3297.6 ms  ✓ ArgTools
    762.8 ms  ✓ LibCURL
    630.8 ms  ✓ Tar
   2909.0 ms  ✓ Dates
   2993.9 ms  ✓ LibGit2
    445.8 ms  ✓ TOML
   3009.5 ms  ✓ Downloads
   9162.9 ms  ✓ StyledStrings
   1658.8 ms  ✓ JuliaSyntaxHighlighting
   3671.2 ms  ✓ Markdown
  46424.5 ms  ✓ Pkg
  26 dependencies successfully precompiled in 61 seconds
Precompiling packages...
   1166.5 ms  ✓ DataValueInterfaces
   1334.4 ms  ✓ DataAPI
   1330.3 ms  ✓ PCRE2_jll
   1359.9 ms  ✓ IteratorInterfaceExtensions
   1537.7 ms  ✓ Statistics
   1547.6 ms  ✓ SuiteSparse_jll
   1755.9 ms  ✓ Preferences
   1784.4 ms  ✓ Serialization
    716.5 ms  ✓ TableTraits
   2157.6 ms  ✓ LazyArtifacts
    698.8 ms  ✓ PrecompileTools
    811.1 ms  ✓ JLLWrappers
   1870.8 ms  ✓ MPIPreferences
   5150.9 ms  ✓ OrderedCollections
   3450.7 ms  ✓ MicrosoftMPI_jll
   3601.9 ms  ✓ dlfcn_win32_jll
   3729.9 ms  ✓ Xorg_xtrans_jll
   3959.5 ms  ✓ LASzip_jll
   4005.8 ms  ✓ Xorg_libXau_jll
   4025.0 ms  ✓ Xorg_libXdmcp_jll
   4061.2 ms  ✓ snappy_jll
   4113.2 ms  ✓ libpng_jll
   4672.1 ms  ✓ JpegTurbo_jll
   3706.6 ms  ✓ Zstd_jll
   4765.7 ms  ✓ XZ_jll
   5001.4 ms  ✓ brotli_jll
   6267.7 ms  ✓ Qhull_jll
   4006.7 ms  ✓ Libmount_jll
   9422.8 ms  ✓ InteractiveUtils
   3700.2 ms  ✓ PCRE_jll
   3902.3 ms  ✓ LLVMOpenMP_jll
   4084.3 ms  ✓ Libiconv_jll
   3807.2 ms  ✓ Libffi_jll
   3711.5 ms  ✓ Expat_jll
   3710.7 ms  ✓ Bzip2_jll
   4191.1 ms  ✓ GEOS_jll
   3783.5 ms  ✓ Kerberos_krb5_jll
   4290.8 ms  ✓ Lz4_jll
   3802.5 ms  ✓ Xorg_libpciaccess_jll
   4097.4 ms  ✓ FFTW_jll
   5196.4 ms  ✓ ICU_jll
   3804.5 ms  ✓ OpenBLAS32_jll
   4184.1 ms  ✓ libaec_jll
   3800.1 ms  ✓ Giflib_jll
   3908.9 ms  ✓ LERC_jll
   3698.0 ms  ✓ SQLite_jll
   3891.7 ms  ✓ LAPACK32_jll
   3619.7 ms  ✓ muparser_jll
   3880.1 ms  ✓ XML2_jll
   4110.6 ms  ✓ GettextRuntime_jll
   2904.3 ms  ✓ LibPQ_jll
   3494.3 ms  ✓ libzip_jll
   3190.4 ms  ✓ Blosc_jll
   5904.7 ms  ✓ MPItrampoline_jll
   3129.2 ms  ✓ HDF4_jll
   2782.0 ms  ✓ Libtiff_jll
   5712.6 ms  ✓ Ghostscript_jll
   2040.3 ms  ✓ Hwloc_jll
   2217.3 ms  ✓ Glib_jll
   7200.0 ms  ✓ Tables
   7321.9 ms  ✓ Xorg_libxcb_jll
   1487.7 ms  ✓ LittleCMS_jll
   6520.6 ms  ✓ boost_jll
   1845.2 ms  ✓ PROJ_jll
   1873.9 ms  ✓ OpenMPI_jll
   1174.4 ms  ✓ Xorg_libX11_jll
  17091.5 ms  ✓ SparseArrays
   1122.0 ms  ✓ OpenJpeg_jll
   2155.8 ms  ✓ MPICH_jll
    956.7 ms  ✓ Thrift_jll
   1072.1 ms  ✓ libgeotiff_jll
    621.7 ms  ✓ Statistics → SparseArraysExt
    682.7 ms  ✓ Xorg_libXext_jll
    700.2 ms  ✓ Arrow_jll
    756.5 ms  ✓ Libglvnd_jll
   1645.2 ms  ✓ HDF5_jll
    759.1 ms  ✓ libwebp_jll
    745.1 ms  ✓ Leptonica_jll
   1194.9 ms  ✓ NetCDF_jll
   2004.5 ms  ✓ GDAL_jll
   1209.9 ms  ✓ GMT_jll
  86692.3 ms  ✓ GMT
  82 dependencies successfully precompiled in 112 seconds. 26 already precompiled.
	Command being timed: "nice -n -10 timeout -k120 -v 3600 julia +1.12.4 --project=G/GMT/Create-A-Xy-Plot -e using Pkg; @time @eval Pkg.precompile()"
	User time (seconds): 376.44
	System time (seconds): 23.38
	Percent of CPU this job got: 229%
	Elapsed (wall clock) time (h:mm:ss or m:ss): 2:54.43
	Average shared text size (kbytes): 0
	Average unshared data size (kbytes): 0
	Average stack size (kbytes): 0
	Average total size (kbytes): 0
	Maximum resident set size (kbytes): 3017304
	Average resident set size (kbytes): 0
	Major (requiring I/O) page faults: 323
	Minor (reclaiming a frame) page faults: 6168076
	Voluntary context switches: 20013
	Involuntary context switches: 20132
	Swaps: 0
	File system inputs: 0
	File system outputs: 833824
	Socket messages sent: 0
	Socket messages received: 0
	Signals delivered: 0
	Page size (bytes): 4096
	Exit status: 0
