nice: cannot set niceness: Permission denied
ERROR: LoadError: IOError: unlink("gmt.history"): no such file or directory (ENOENT)
Stacktrace:
 [1] uv_error
   @ ./libuv.jl:100 [inlined]
 [2] unlink(p::String)
   @ Base.Filesystem ./file.jl:978
 [3] rm(path::String; force::Bool, recursive::Bool)
   @ Base.Filesystem ./file.jl:283
 [4] rm(path::String)
   @ Base.Filesystem ./file.jl:273
 [5] top-level scope
   @ /tmp/tmp.1JmYbe0iVQ/Julia-TTFX-Snippets/tasks/G/GMT/Create-A-Xy-Plot/task.jl:14
in expression starting at /tmp/tmp.1JmYbe0iVQ/Julia-TTFX-Snippets/tasks/G/GMT/Create-A-Xy-Plot/task.jl:14
Command exited with non-zero status 1
	Command being timed: "nice -n -10 timeout -k120 -v 3600 julia +lts --project=G/GMT/Create-A-Xy-Plot G/GMT/Create-A-Xy-Plot/task.jl"
	User time (seconds): 1.59
	System time (seconds): 0.61
	Percent of CPU this job got: 122%
	Elapsed (wall clock) time (h:mm:ss or m:ss): 0:01.81
	Average shared text size (kbytes): 0
	Average unshared data size (kbytes): 0
	Average stack size (kbytes): 0
	Average total size (kbytes): 0
	Maximum resident set size (kbytes): 636240
	Average resident set size (kbytes): 0
	Major (requiring I/O) page faults: 0
	Minor (reclaiming a frame) page faults: 88405
	Voluntary context switches: 60
	Involuntary context switches: 42
	Swaps: 0
	File system inputs: 0
	File system outputs: 168
	Socket messages sent: 0
	Socket messages received: 0
	Signals delivered: 0
	Page size (bytes): 4096
	Exit status: 1
