nice: cannot set niceness: Permission denied
Precompiling packages...
   1678.3 ms  ✓ nghttp2_jll
   1691.2 ms  ✓ UUIDs
   1684.9 ms  ✓ MozillaCACerts_jll
   1690.7 ms  ✓ CompilerSupportLibraries_jll
   1706.9 ms  ✓ Logging
   1784.4 ms  ✓ Zlib_jll
   1790.2 ms  ✓ Unicode
   1818.8 ms  ✓ OpenSSL_jll
   1828.2 ms  ✓ NetworkOptions
   1882.0 ms  ✓ Base64
    456.8 ms  ✓ LibSSH2_jll
    608.2 ms  ✓ p7zip_jll
    661.0 ms  ✓ Printf
    469.8 ms  ✓ LibCURL_jll
    471.7 ms  ✓ LibGit2_jll
   3335.0 ms  ✓ ArgTools
    831.9 ms  ✓ LibCURL
    631.9 ms  ✓ Tar
   3029.9 ms  ✓ Dates
   3096.8 ms  ✓ LibGit2
    450.9 ms  ✓ TOML
   3026.4 ms  ✓ Downloads
   9577.7 ms  ✓ StyledStrings
   1694.3 ms  ✓ JuliaSyntaxHighlighting
   3997.3 ms  ✓ Markdown
  47629.0 ms  ✓ Pkg
  26 dependencies successfully precompiled in 63 seconds
Precompiling packages...
   1104.7 ms  ✓ IteratorInterfaceExtensions
   1231.6 ms  ✓ DataValueInterfaces
   1501.8 ms  ✓ PCRE2_jll
   1522.9 ms  ✓ SuiteSparse_jll
   1530.2 ms  ✓ DataAPI
   1715.0 ms  ✓ Statistics
   1732.3 ms  ✓ Serialization
    732.1 ms  ✓ TableTraits
   1888.1 ms  ✓ Preferences
   2216.9 ms  ✓ LazyArtifacts
    626.2 ms  ✓ PrecompileTools
    731.4 ms  ✓ JLLWrappers
   1222.4 ms  ✓ MPIPreferences
   5804.4 ms  ✓ OrderedCollections
   3355.9 ms  ✓ MicrosoftMPI_jll
   3460.5 ms  ✓ Xorg_xtrans_jll
   3424.7 ms  ✓ dlfcn_win32_jll
   3756.2 ms  ✓ Xorg_libXdmcp_jll
   3779.7 ms  ✓ LASzip_jll
   3847.3 ms  ✓ libpng_jll
   3972.3 ms  ✓ Xorg_libXau_jll
   4175.0 ms  ✓ snappy_jll
   4363.4 ms  ✓ XZ_jll
   3892.0 ms  ✓ Zstd_jll
   4568.3 ms  ✓ JpegTurbo_jll
   4663.4 ms  ✓ brotli_jll
   5670.1 ms  ✓ Qhull_jll
   9284.9 ms  ✓ InteractiveUtils
   3700.5 ms  ✓ Libmount_jll
   3808.5 ms  ✓ PCRE_jll
   3713.4 ms  ✓ Libiconv_jll
   3506.6 ms  ✓ Libffi_jll
   3802.9 ms  ✓ LLVMOpenMP_jll
   3618.9 ms  ✓ Bzip2_jll
   3805.6 ms  ✓ Expat_jll
   3408.8 ms  ✓ Kerberos_krb5_jll
   3974.6 ms  ✓ GEOS_jll
   3665.0 ms  ✓ Xorg_libpciaccess_jll
   4098.4 ms  ✓ Lz4_jll
   4082.1 ms  ✓ FFTW_jll
   4602.4 ms  ✓ ICU_jll
   4096.0 ms  ✓ libaec_jll
   3703.3 ms  ✓ Giflib_jll
   3915.2 ms  ✓ OpenBLAS32_jll
   3578.5 ms  ✓ LAPACK32_jll
   3598.7 ms  ✓ LERC_jll
   3692.9 ms  ✓ SQLite_jll
   3619.0 ms  ✓ XML2_jll
   3586.5 ms  ✓ muparser_jll
   4136.1 ms  ✓ GettextRuntime_jll
   3417.6 ms  ✓ libzip_jll
   5594.0 ms  ✓ MPItrampoline_jll
   2704.3 ms  ✓ LibPQ_jll
   2807.1 ms  ✓ Blosc_jll
   5501.8 ms  ✓ Ghostscript_jll
   2637.3 ms  ✓ Libtiff_jll
   2994.5 ms  ✓ HDF4_jll
   2104.4 ms  ✓ Hwloc_jll
   2489.5 ms  ✓ Glib_jll
   7105.2 ms  ✓ Xorg_libxcb_jll
   7616.7 ms  ✓ Tables
   1597.5 ms  ✓ LittleCMS_jll
   6516.1 ms  ✓ boost_jll
   1976.8 ms  ✓ PROJ_jll
   2092.8 ms  ✓ OpenMPI_jll
   1182.5 ms  ✓ Xorg_libX11_jll
  16851.1 ms  ✓ SparseArrays
   2305.9 ms  ✓ MPICH_jll
   1093.7 ms  ✓ OpenJpeg_jll
    965.0 ms  ✓ Thrift_jll
   1021.8 ms  ✓ libgeotiff_jll
    597.3 ms  ✓ Statistics → SparseArraysExt
    694.5 ms  ✓ Xorg_libXext_jll
    720.3 ms  ✓ Arrow_jll
    763.5 ms  ✓ Libglvnd_jll
   1728.2 ms  ✓ HDF5_jll
    773.1 ms  ✓ libwebp_jll
    756.8 ms  ✓ Leptonica_jll
   1250.3 ms  ✓ NetCDF_jll
   2054.7 ms  ✓ GDAL_jll
   1214.2 ms  ✓ GMT_jll
  77728.3 ms  ✓ GMT
  82 dependencies successfully precompiled in 103 seconds. 26 already precompiled.
	Command being timed: "nice -n -10 timeout -k120 -v 3600 julia +release --project=G/GMT/Create-A-Xy-Plot -e using Pkg; @time @eval Pkg.precompile()"
	User time (seconds): 350.36
	System time (seconds): 21.96
	Percent of CPU this job got: 222%
	Elapsed (wall clock) time (h:mm:ss or m:ss): 2:47.44
	Average shared text size (kbytes): 0
	Average unshared data size (kbytes): 0
	Average stack size (kbytes): 0
	Average total size (kbytes): 0
	Maximum resident set size (kbytes): 2849832
	Average resident set size (kbytes): 0
	Major (requiring I/O) page faults: 327
	Minor (reclaiming a frame) page faults: 6118353
	Voluntary context switches: 21438
	Involuntary context switches: 22210
	Swaps: 0
	File system inputs: 0
	File system outputs: 845536
	Socket messages sent: 0
	Socket messages received: 0
	Signals delivered: 0
	Page size (bytes): 4096
	Exit status: 0
