nice: cannot set niceness: Permission denied
Precompiling packages...
   1597.0 ms  ✓ UUIDs
   1598.8 ms  ✓ NetworkOptions
   1595.5 ms  ✓ CompilerSupportLibraries_jll
   1627.5 ms  ✓ MozillaCACerts_jll
   1712.1 ms  ✓ Zlib_jll
   1715.8 ms  ✓ Logging
   1762.4 ms  ✓ OpenSSL_jll
   1728.8 ms  ✓ Base64
   1731.5 ms  ✓ nghttp2_jll
   1801.9 ms  ✓ Unicode
    595.3 ms  ✓ p7zip_jll
    463.5 ms  ✓ LibSSH2_jll
    605.8 ms  ✓ Printf
    438.7 ms  ✓ LibCURL_jll
    440.7 ms  ✓ LibGit2_jll
   3243.4 ms  ✓ ArgTools
    779.8 ms  ✓ LibCURL
    633.3 ms  ✓ Tar
   2890.9 ms  ✓ Dates
   3022.4 ms  ✓ LibGit2
    449.7 ms  ✓ TOML
   2979.4 ms  ✓ Downloads
   9324.5 ms  ✓ StyledStrings
   1708.0 ms  ✓ JuliaSyntaxHighlighting
   3797.3 ms  ✓ Markdown
  46584.5 ms  ✓ Pkg
  26 dependencies successfully precompiled in 61 seconds
Precompiling packages...
   1238.9 ms  ✓ IteratorInterfaceExtensions
   1242.3 ms  ✓ PCRE2_jll
   1440.2 ms  ✓ DataValueInterfaces
   1553.8 ms  ✓ DataAPI
   1622.3 ms  ✓ SuiteSparse_jll
   1658.1 ms  ✓ Statistics
   1782.9 ms  ✓ Serialization
   1924.2 ms  ✓ Preferences
    715.4 ms  ✓ TableTraits
   2090.2 ms  ✓ LazyArtifacts
    602.9 ms  ✓ PrecompileTools
    714.8 ms  ✓ JLLWrappers
   1599.4 ms  ✓ MPIPreferences
   5768.4 ms  ✓ OrderedCollections
   3314.1 ms  ✓ dlfcn_win32_jll
   3371.5 ms  ✓ MicrosoftMPI_jll
   3669.7 ms  ✓ Xorg_xtrans_jll
   3767.7 ms  ✓ Xorg_libXau_jll
   3780.9 ms  ✓ snappy_jll
   3867.5 ms  ✓ Xorg_libXdmcp_jll
   3985.3 ms  ✓ LASzip_jll
   4168.4 ms  ✓ libpng_jll
   4555.2 ms  ✓ JpegTurbo_jll
   4552.6 ms  ✓ XZ_jll
   4659.1 ms  ✓ brotli_jll
   3898.3 ms  ✓ Zstd_jll
   6268.7 ms  ✓ Qhull_jll
   9422.8 ms  ✓ InteractiveUtils
   3796.2 ms  ✓ Libmount_jll
   3614.7 ms  ✓ PCRE_jll
   3979.1 ms  ✓ Libiconv_jll
   3680.7 ms  ✓ LLVMOpenMP_jll
   3606.8 ms  ✓ Libffi_jll
   3508.9 ms  ✓ Bzip2_jll
   3867.4 ms  ✓ Expat_jll
   3728.2 ms  ✓ Kerberos_krb5_jll
   4194.9 ms  ✓ Lz4_jll
   4392.6 ms  ✓ GEOS_jll
   4098.8 ms  ✓ FFTW_jll
   5104.8 ms  ✓ ICU_jll
   3784.7 ms  ✓ libaec_jll
   3605.0 ms  ✓ Giflib_jll
   3802.5 ms  ✓ OpenBLAS32_jll
   3786.6 ms  ✓ LERC_jll
   3616.9 ms  ✓ LAPACK32_jll
   4088.8 ms  ✓ SQLite_jll
   3570.2 ms  ✓ Xorg_libpciaccess_jll
   3717.2 ms  ✓ XML2_jll
   7700.7 ms  ✓ Ghostscript_jll
   3412.6 ms  ✓ muparser_jll
   4113.6 ms  ✓ GettextRuntime_jll
   5523.4 ms  ✓ MPItrampoline_jll
   2803.6 ms  ✓ Blosc_jll
   3298.3 ms  ✓ libzip_jll
   2815.9 ms  ✓ LibPQ_jll
   2620.0 ms  ✓ Libtiff_jll
   3004.3 ms  ✓ HDF4_jll
   1815.6 ms  ✓ Hwloc_jll
   2111.8 ms  ✓ Glib_jll
   7052.3 ms  ✓ Xorg_libxcb_jll
   7620.2 ms  ✓ Tables
   1470.3 ms  ✓ LittleCMS_jll
   5704.2 ms  ✓ boost_jll
   2000.5 ms  ✓ PROJ_jll
   1949.2 ms  ✓ OpenMPI_jll
   1168.6 ms  ✓ Xorg_libX11_jll
  16936.4 ms  ✓ SparseArrays
   1105.3 ms  ✓ OpenJpeg_jll
   2261.1 ms  ✓ MPICH_jll
    905.4 ms  ✓ Thrift_jll
    971.6 ms  ✓ libgeotiff_jll
    724.4 ms  ✓ Xorg_libXext_jll
    586.8 ms  ✓ Statistics → SparseArraysExt
    688.2 ms  ✓ Arrow_jll
    764.3 ms  ✓ Libglvnd_jll
   1654.5 ms  ✓ HDF5_jll
    765.1 ms  ✓ libwebp_jll
    725.8 ms  ✓ Leptonica_jll
   1210.8 ms  ✓ NetCDF_jll
   1976.8 ms  ✓ GDAL_jll
   1185.6 ms  ✓ GMT_jll
  74680.1 ms  ✓ GMT
  82 dependencies successfully precompiled in 100 seconds. 26 already precompiled.
	Command being timed: "nice -n -10 timeout -k120 -v 3600 julia +release --project=G/GMT/Create-A-Xy-Plot -e using Pkg; @time @eval Pkg.precompile()"
	User time (seconds): 339.64
	System time (seconds): 22.41
	Percent of CPU this job got: 222%
	Elapsed (wall clock) time (h:mm:ss or m:ss): 2:42.83
	Average shared text size (kbytes): 0
	Average unshared data size (kbytes): 0
	Average stack size (kbytes): 0
	Average total size (kbytes): 0
	Maximum resident set size (kbytes): 2808220
	Average resident set size (kbytes): 0
	Major (requiring I/O) page faults: 319
	Minor (reclaiming a frame) page faults: 6120046
	Voluntary context switches: 20840
	Involuntary context switches: 18601
	Swaps: 0
	File system inputs: 0
	File system outputs: 834456
	Socket messages sent: 0
	Socket messages received: 0
	Signals delivered: 0
	Page size (bytes): 4096
	Exit status: 0
