nice: cannot set niceness: Permission denied
Precompiling packages...
   1626.6 ms  ✓ UUIDs
   1730.0 ms  ✓ Zlib_jll
   1762.8 ms  ✓ OpenSSL_jll
   1732.5 ms  ✓ Logging
   1740.1 ms  ✓ MozillaCACerts_jll
   1747.8 ms  ✓ Unicode
   1802.0 ms  ✓ CompilerSupportLibraries_jll
   1842.0 ms  ✓ NetworkOptions
   1837.9 ms  ✓ Base64
   1832.7 ms  ✓ nghttp2_jll
    530.2 ms  ✓ LibSSH2_jll
    558.7 ms  ✓ p7zip_jll
    723.0 ms  ✓ Printf
    485.3 ms  ✓ LibGit2_jll
    492.8 ms  ✓ LibCURL_jll
   3310.8 ms  ✓ ArgTools
    771.9 ms  ✓ LibCURL
    646.1 ms  ✓ Tar
   2981.7 ms  ✓ Dates
   3102.9 ms  ✓ LibGit2
    462.8 ms  ✓ TOML
   3094.8 ms  ✓ Downloads
   9444.8 ms  ✓ StyledStrings
   1704.5 ms  ✓ JuliaSyntaxHighlighting
   3979.2 ms  ✓ Markdown
  47889.7 ms  ✓ Pkg
  26 dependencies successfully precompiled in 63 seconds
Precompiling packages...
   1255.3 ms  ✓ DataValueInterfaces
   1353.8 ms  ✓ IteratorInterfaceExtensions
   1464.4 ms  ✓ Statistics
   1522.4 ms  ✓ PCRE2_jll
   1544.5 ms  ✓ DataAPI
   1635.3 ms  ✓ SuiteSparse_jll
   1829.0 ms  ✓ Serialization
   1653.1 ms  ✓ Preferences
    706.5 ms  ✓ TableTraits
   2100.6 ms  ✓ LazyArtifacts
    702.9 ms  ✓ PrecompileTools
    814.4 ms  ✓ JLLWrappers
   1065.2 ms  ✓ MPIPreferences
   5157.7 ms  ✓ OrderedCollections
   3320.7 ms  ✓ MicrosoftMPI_jll
   3324.8 ms  ✓ Xorg_xtrans_jll
   3408.4 ms  ✓ dlfcn_win32_jll
   3752.2 ms  ✓ LASzip_jll
   3819.9 ms  ✓ snappy_jll
   3813.8 ms  ✓ libpng_jll
   3887.7 ms  ✓ Xorg_libXdmcp_jll
   3885.2 ms  ✓ Xorg_libXau_jll
   4505.4 ms  ✓ JpegTurbo_jll
   4517.7 ms  ✓ XZ_jll
   4289.3 ms  ✓ Zstd_jll
   4597.7 ms  ✓ brotli_jll
   3501.1 ms  ✓ Libmount_jll
   5998.1 ms  ✓ Qhull_jll
   3586.8 ms  ✓ LLVMOpenMP_jll
   3708.2 ms  ✓ Libiconv_jll
   3489.0 ms  ✓ Libffi_jll
   9784.4 ms  ✓ InteractiveUtils
   3583.8 ms  ✓ Bzip2_jll
   4212.0 ms  ✓ PCRE_jll
   4004.5 ms  ✓ Expat_jll
   3996.5 ms  ✓ GEOS_jll
   3979.0 ms  ✓ Lz4_jll
   3617.4 ms  ✓ Kerberos_krb5_jll
   3598.5 ms  ✓ FFTW_jll
   4808.9 ms  ✓ ICU_jll
   3741.1 ms  ✓ OpenBLAS32_jll
   3903.7 ms  ✓ libaec_jll
   3376.9 ms  ✓ LERC_jll
   3478.4 ms  ✓ Giflib_jll
   3676.9 ms  ✓ LAPACK32_jll
   3604.0 ms  ✓ SQLite_jll
   3413.6 ms  ✓ muparser_jll
   3524.5 ms  ✓ Xorg_libpciaccess_jll
   3689.5 ms  ✓ XML2_jll
   7506.5 ms  ✓ Ghostscript_jll
   4098.3 ms  ✓ GettextRuntime_jll
   5301.4 ms  ✓ MPItrampoline_jll
   2903.6 ms  ✓ Blosc_jll
   3181.7 ms  ✓ libzip_jll
   2315.7 ms  ✓ Libtiff_jll
   2822.1 ms  ✓ LibPQ_jll
   2848.8 ms  ✓ HDF4_jll
   1715.5 ms  ✓ Hwloc_jll
   2286.5 ms  ✓ Glib_jll
   1402.8 ms  ✓ LittleCMS_jll
   6797.5 ms  ✓ Xorg_libxcb_jll
   7508.6 ms  ✓ Tables
   1999.1 ms  ✓ PROJ_jll
   6002.4 ms  ✓ boost_jll
   1996.0 ms  ✓ OpenMPI_jll
   1115.3 ms  ✓ Xorg_libX11_jll
   1129.3 ms  ✓ OpenJpeg_jll
   2277.3 ms  ✓ MPICH_jll
  16742.4 ms  ✓ SparseArrays
    955.5 ms  ✓ libgeotiff_jll
    835.9 ms  ✓ Thrift_jll
    655.4 ms  ✓ Xorg_libXext_jll
    556.8 ms  ✓ Statistics → SparseArraysExt
    700.0 ms  ✓ Arrow_jll
    758.5 ms  ✓ Libglvnd_jll
   1733.4 ms  ✓ HDF5_jll
    770.9 ms  ✓ libwebp_jll
    747.9 ms  ✓ Leptonica_jll
   1231.2 ms  ✓ NetCDF_jll
   2050.8 ms  ✓ GDAL_jll
   1206.2 ms  ✓ GMT_jll
  81650.6 ms  ✓ GMT
  82 dependencies successfully precompiled in 106 seconds. 26 already precompiled.
  24 dependencies precompiled but different versions are currently loaded (ArgTools, Base64, Dates, Downloads, JuliaSyntaxHighlighting, LibCURL, LibCURL_jll, LibGit2, LibGit2_jll, LibSSH2_jll, Logging, Markdown, MozillaCACerts_jll, NetworkOptions, OpenSSL_jll, Pkg, Printf, StyledStrings, TOML, Tar, UUIDs, Zlib_jll, nghttp2_jll and p7zip_jll). Restart julia to access the new versions. Otherwise, 70 dependents of these packages may trigger further precompilation to work with the unexpected versions.
	Command being timed: "nice -n -10 timeout -k120 -v 3600 julia +1.12.7 --project=G/GMT/Create-A-Xy-Plot -e using Pkg; @time @eval Pkg.precompile()"
	User time (seconds): 363.60
	System time (seconds): 21.36
	Percent of CPU this job got: 224%
	Elapsed (wall clock) time (h:mm:ss or m:ss): 2:51.44
	Average shared text size (kbytes): 0
	Average unshared data size (kbytes): 0
	Average stack size (kbytes): 0
	Average total size (kbytes): 0
	Maximum resident set size (kbytes): 2855380
	Average resident set size (kbytes): 0
	Major (requiring I/O) page faults: 309
	Minor (reclaiming a frame) page faults: 6145077
	Voluntary context switches: 21611
	Involuntary context switches: 19741
	Swaps: 0
	File system inputs: 0
	File system outputs: 857856
	Socket messages sent: 0
	Socket messages received: 0
	Signals delivered: 0
	Page size (bytes): 4096
	Exit status: 0
