Precompiling Pkg...
   1148.2 ms  ✓ Unicode
   1117.0 ms  ✓ Logging
   1126.3 ms  ✓ UUIDs
   1127.4 ms  ✓ MozillaCACerts_jll
   1150.9 ms  ✓ MbedTLS_jll
   1224.3 ms  ✓ Zlib_jll
   1214.7 ms  ✓ p7zip_jll
   1216.2 ms  ✓ nghttp2_jll
   1272.7 ms  ✓ NetworkOptions
   1303.9 ms  ✓ Base64
    406.9 ms  ✓ LibSSH2_jll
    483.7 ms  ✓ Printf
    394.0 ms  ✓ LibGit2_jll
    400.8 ms  ✓ LibCURL_jll
   2137.7 ms  ✓ ArgTools
    573.0 ms  ✓ LibCURL
    545.4 ms  ✓ Tar
   2433.3 ms  ✓ Dates
   2821.7 ms  ✓ Markdown
   2354.2 ms  ✓ LibGit2
    386.2 ms  ✓ TOML
   2983.9 ms  ✓ Downloads
  39088.2 ms  ✓ Pkg
  23 dependencies successfully precompiled in 45 seconds
Precompiling project...
   1668.2 ms  ✓ DataValueInterfaces
   1669.4 ms  ✓ IteratorInterfaceExtensions
   1762.5 ms  ✓ Reexport
   1789.4 ms  ✓ LaTeXStrings
   1857.2 ms  ✓ DataAPI
   2026.3 ms  ✓ PCRE2_jll
   2075.6 ms  ✓ Statistics
   2069.0 ms  ✓ SuiteSparse_jll
   2081.0 ms  ✓ CompilerSupportLibraries_jll
   2109.2 ms  ✓ OrderedCollections
   2198.8 ms  ✓ Serialization
   2297.6 ms  ✓ Preferences
    687.3 ms  ✓ TableTraits
   3091.7 ms  ✓ Crayons
   2952.8 ms  ✓ LazyArtifacts
    822.7 ms  ✓ PrecompileTools
    858.2 ms  ✓ JLLWrappers
   1320.8 ms  ✓ MPIPreferences
   4454.1 ms  ✓ InteractiveUtils
   2597.6 ms  ✓ Tables
   2659.9 ms  ✓ MicrosoftMPI_jll
   2704.8 ms  ✓ Xorg_xtrans_jll
   2746.0 ms  ✓ LASzip_jll
   2814.6 ms  ✓ snappy_jll
   2817.5 ms  ✓ Xorg_libXdmcp_jll
   2815.9 ms  ✓ Xorg_libXau_jll
   2813.8 ms  ✓ libpng_jll
   3038.1 ms  ✓ XZ_jll
   3140.6 ms  ✓ OpenSSL_jll
   3252.0 ms  ✓ JpegTurbo_jll
   3109.8 ms  ✓ brotli_jll
   4143.9 ms  ✓ Qhull_jll
   3109.5 ms  ✓ Zstd_jll
   3004.8 ms  ✓ Libmount_jll
   2797.7 ms  ✓ Hwloc_jll
   2791.2 ms  ✓ Libiconv_jll
   2800.1 ms  ✓ PCRE_jll
   2698.4 ms  ✓ Libffi_jll
   2705.9 ms  ✓ LLVMOpenMP_jll
   2788.4 ms  ✓ Bzip2_jll
   2791.2 ms  ✓ Expat_jll
   3015.0 ms  ✓ GEOS_jll
   3017.2 ms  ✓ Lz4_jll
   2899.2 ms  ✓ Kerberos_krb5_jll
   2891.0 ms  ✓ FFTW_jll
   3098.4 ms  ✓ libaec_jll
   3701.4 ms  ✓ ICU_jll
   2700.1 ms  ✓ Giflib_jll
   2791.9 ms  ✓ OpenBLAS32_jll
   2826.9 ms  ✓ LERC_jll
   5212.3 ms  ✓ Ghostscript_jll
   2919.4 ms  ✓ SQLite_jll
   2991.1 ms  ✓ LAPACK32_jll
   9190.9 ms  ✓ StringManipulation
   2893.0 ms  ✓ XML2_jll
   2409.0 ms  ✓ muparser_jll
   3101.1 ms  ✓ GettextRuntime_jll
   2804.6 ms  ✓ libzip_jll
   2505.3 ms  ✓ Blosc_jll
   2320.1 ms  ✓ Libtiff_jll
   2401.8 ms  ✓ LibPQ_jll
   2798.4 ms  ✓ HDF4_jll
   5519.3 ms  ✓ MPItrampoline_jll
   5119.6 ms  ✓ OpenMPI_jll
   5807.3 ms  ✓ boost_jll
   5487.6 ms  ✓ MPICH_jll
  12872.6 ms  ✓ SparseArrays
   1184.5 ms  ✓ LittleCMS_jll
   1699.3 ms  ✓ Glib_jll
   3993.2 ms  ✓ Xorg_libxcb_jll
   1503.3 ms  ✓ PROJ_jll
    926.5 ms  ✓ Thrift_jll
    935.0 ms  ✓ Statistics → SparseArraysExt
    848.4 ms  ✓ OpenJpeg_jll
    802.8 ms  ✓ Xorg_libX11_jll
    786.0 ms  ✓ libgeotiff_jll
    780.5 ms  ✓ Arrow_jll
    470.6 ms  ✓ Xorg_libXext_jll
   1978.9 ms  ✓ HDF5_jll
    589.5 ms  ✓ Libglvnd_jll
    964.8 ms  ✓ NetCDF_jll
    604.9 ms  ✓ libwebp_jll
    592.3 ms  ✓ Leptonica_jll
   1569.6 ms  ✓ GDAL_jll
    945.9 ms  ✓ GMT_jll
  14345.8 ms  ✓ PrettyTables
  91414.1 ms  ✓ GMT
  87 dependencies successfully precompiled in 118 seconds. 23 already precompiled.
	Command being timed: "julia +1.11.7 --project=G/GMT/Create-A-Xy-Plot -e using Pkg; @time @eval Pkg.precompile()"
	User time (seconds): 371.48
	System time (seconds): 21.97
	Percent of CPU this job got: 238%
	Elapsed (wall clock) time (h:mm:ss or m:ss): 2:44.73
	Average shared text size (kbytes): 0
	Average unshared data size (kbytes): 0
	Average stack size (kbytes): 0
	Average total size (kbytes): 0
	Maximum resident set size (kbytes): 4018632
	Average resident set size (kbytes): 0
	Major (requiring I/O) page faults: 322
	Minor (reclaiming a frame) page faults: 6000251
	Voluntary context switches: 139554
	Involuntary context switches: 46798
	Swaps: 0
	File system inputs: 0
	File system outputs: 1121656
	Socket messages sent: 0
	Socket messages received: 0
	Signals delivered: 0
	Page size (bytes): 4096
	Exit status: 0
