nice: cannot set niceness: Permission denied
Precompiling packages...
    442.0 ms  ✓ DataValueInterfaces
    480.9 ms  ✓ DataAPI
    615.6 ms  ✓ Statistics
    730.8 ms  ✓ OrderedCollections
    905.8 ms  ✓ SuiteSparse_jll
    452.3 ms  ✓ IteratorInterfaceExtensions
    723.5 ms  ✓ Serialization
    439.3 ms  ✓ TableTraits
    974.5 ms  ✓ LazyArtifacts
   1277.2 ms  ✓ InteractiveUtils
    836.2 ms  ✓ Tables
   1695.2 ms  ✓ Preferences
    487.2 ms  ✓ PrecompileTools
    590.7 ms  ✓ JLLWrappers
    765.1 ms  ✓ MPIPreferences
    879.6 ms  ✓ Libmount_jll
    890.9 ms  ✓ LAPACK32_jll
    900.6 ms  ✓ Libffi_jll
   1079.1 ms  ✓ ICU_jll
    916.3 ms  ✓ snappy_jll
    976.6 ms  ✓ libaec_jll
    948.8 ms  ✓ libpng_jll
    943.4 ms  ✓ OpenBLAS32_jll
   3903.0 ms  ✓ SparseArrays
    941.0 ms  ✓ Xorg_libpciaccess_jll
    933.6 ms  ✓ Bzip2_jll
    904.7 ms  ✓ Kerberos_krb5_jll
    912.9 ms  ✓ LERC_jll
    959.6 ms  ✓ LLVMOpenMP_jll
    978.9 ms  ✓ Libiconv_jll
   1000.5 ms  ✓ Lz4_jll
    931.6 ms  ✓ Xorg_libXau_jll
    928.5 ms  ✓ Xorg_libXdmcp_jll
   1224.1 ms  ✓ Qhull_jll
    701.2 ms  ✓ dlfcn_win32_jll
    944.4 ms  ✓ Giflib_jll
   1014.4 ms  ✓ XZ_jll
    972.8 ms  ✓ FFTW_jll
   1013.9 ms  ✓ brotli_jll
    705.6 ms  ✓ MicrosoftMPI_jll
    768.1 ms  ✓ Xorg_xtrans_jll
    974.3 ms  ✓ Expat_jll
   1027.9 ms  ✓ JpegTurbo_jll
    947.1 ms  ✓ PCRE_jll
    990.9 ms  ✓ GEOS_jll
    923.3 ms  ✓ LASzip_jll
    687.5 ms  ✓ Statistics → SparseArraysExt
   1227.1 ms  ✓ MPItrampoline_jll
    999.7 ms  ✓ LibPQ_jll
    942.2 ms  ✓ muparser_jll
   1000.2 ms  ✓ XML2_jll
   1043.4 ms  ✓ GettextRuntime_jll
   2043.7 ms  ✓ boost_jll
    932.6 ms  ✓ Blosc_jll
    962.6 ms  ✓ SQLite_jll
   1032.5 ms  ✓ libzip_jll
   1120.2 ms  ✓ HDF4_jll
   1988.7 ms  ✓ Xorg_libxcb_jll
    960.8 ms  ✓ Libtiff_jll
   1498.6 ms  ✓ Ghostscript_jll
   1017.6 ms  ✓ Hwloc_jll
    990.5 ms  ✓ Thrift_jll
   1215.8 ms  ✓ Glib_jll
    999.0 ms  ✓ Xorg_libX11_jll
   1337.7 ms  ✓ PROJ_jll
   1022.4 ms  ✓ LittleCMS_jll
   1118.7 ms  ✓ Arrow_jll
   1206.5 ms  ✓ OpenMPI_jll
   1520.6 ms  ✓ MPICH_jll
    926.4 ms  ✓ Xorg_libXext_jll
   1021.9 ms  ✓ libgeotiff_jll
    875.0 ms  ✓ OpenJpeg_jll
    998.3 ms  ✓ Libglvnd_jll
   1712.1 ms  ✓ HDF5_jll
   1005.8 ms  ✓ libwebp_jll
   1235.3 ms  ✓ NetCDF_jll
    977.2 ms  ✓ Leptonica_jll
   2093.3 ms  ✓ GDAL_jll
   1238.5 ms  ✓ GMT_jll
  82826.1 ms  ✓ GMT
  80 dependencies successfully precompiled in 104 seconds. 27 already precompiled.
	Command being timed: "nice -n -10 timeout -k120 -v 3600 julia +nightly --project=G/GMT/Create-A-Xy-Plot -e using Pkg; @time @eval Pkg.precompile()"
	User time (seconds): 308.23
	System time (seconds): 19.21
	Percent of CPU this job got: 171%
	Elapsed (wall clock) time (h:mm:ss or m:ss): 3:10.92
	Average shared text size (kbytes): 0
	Average unshared data size (kbytes): 0
	Average stack size (kbytes): 0
	Average total size (kbytes): 0
	Maximum resident set size (kbytes): 2603768
	Average resident set size (kbytes): 0
	Major (requiring I/O) page faults: 360
	Minor (reclaiming a frame) page faults: 7064040
	Voluntary context switches: 21891
	Involuntary context switches: 4617
	Swaps: 0
	File system inputs: 0
	File system outputs: 822144
	Socket messages sent: 0
	Socket messages received: 0
	Signals delivered: 0
	Page size (bytes): 4096
	Exit status: 0
