nice: cannot set niceness: Permission denied
Precompiling packages...
    408.8 ms  ✓ DataValueInterfaces
    465.7 ms  ✓ DataAPI
    614.7 ms  ✓ Statistics
    665.5 ms  ✓ OrderedCollections
    837.5 ms  ✓ SuiteSparse_jll
    436.9 ms  ✓ IteratorInterfaceExtensions
    695.0 ms  ✓ Serialization
    416.3 ms  ✓ TableTraits
    887.8 ms  ✓ LazyArtifacts
   1257.5 ms  ✓ InteractiveUtils
    823.5 ms  ✓ Tables
   1844.8 ms  ✓ Preferences
    375.1 ms  ✓ PrecompileTools
    471.5 ms  ✓ JLLWrappers
    518.2 ms  ✓ MPIPreferences
    623.4 ms  ✓ Libmount_jll
    641.5 ms  ✓ LAPACK32_jll
    666.9 ms  ✓ Libffi_jll
    832.8 ms  ✓ ICU_jll
    661.4 ms  ✓ snappy_jll
    694.3 ms  ✓ libaec_jll
    667.7 ms  ✓ libpng_jll
    677.1 ms  ✓ OpenBLAS32_jll
    695.1 ms  ✓ Xorg_libpciaccess_jll
    690.3 ms  ✓ Bzip2_jll
   3935.3 ms  ✓ SparseArrays
    698.6 ms  ✓ Kerberos_krb5_jll
    688.3 ms  ✓ LERC_jll
    652.6 ms  ✓ LLVMOpenMP_jll
    719.8 ms  ✓ Libiconv_jll
    660.4 ms  ✓ Xorg_libXau_jll
    746.8 ms  ✓ Lz4_jll
    935.7 ms  ✓ Qhull_jll
    666.4 ms  ✓ Xorg_libXdmcp_jll
    561.8 ms  ✓ dlfcn_win32_jll
    669.5 ms  ✓ Giflib_jll
    776.4 ms  ✓ XZ_jll
    713.5 ms  ✓ FFTW_jll
    576.3 ms  ✓ MicrosoftMPI_jll
    742.5 ms  ✓ brotli_jll
    692.2 ms  ✓ Expat_jll
    625.3 ms  ✓ Xorg_xtrans_jll
    665.5 ms  ✓ PCRE_jll
    762.7 ms  ✓ JpegTurbo_jll
    650.0 ms  ✓ LASzip_jll
    702.9 ms  ✓ GEOS_jll
   1096.7 ms  ✓ MPItrampoline_jll
    672.6 ms  ✓ Statistics → SparseArraysExt
    697.2 ms  ✓ muparser_jll
    707.6 ms  ✓ LibPQ_jll
    715.8 ms  ✓ XML2_jll
    727.1 ms  ✓ GettextRuntime_jll
    670.2 ms  ✓ Blosc_jll
   1790.7 ms  ✓ boost_jll
    677.9 ms  ✓ SQLite_jll
    755.4 ms  ✓ libzip_jll
    813.1 ms  ✓ HDF4_jll
   1645.1 ms  ✓ Xorg_libxcb_jll
    721.1 ms  ✓ Libtiff_jll
    698.2 ms  ✓ Hwloc_jll
   1176.0 ms  ✓ Ghostscript_jll
    694.9 ms  ✓ Thrift_jll
    901.7 ms  ✓ Glib_jll
    744.2 ms  ✓ Xorg_libX11_jll
    750.8 ms  ✓ LittleCMS_jll
   1017.7 ms  ✓ PROJ_jll
    823.7 ms  ✓ Arrow_jll
   1100.0 ms  ✓ OpenMPI_jll
    675.1 ms  ✓ Xorg_libXext_jll
   1268.5 ms  ✓ MPICH_jll
    715.1 ms  ✓ OpenJpeg_jll
    653.7 ms  ✓ libgeotiff_jll
    761.8 ms  ✓ Libglvnd_jll
    762.4 ms  ✓ libwebp_jll
   1531.4 ms  ✓ HDF5_jll
    754.4 ms  ✓ Leptonica_jll
   1052.9 ms  ✓ NetCDF_jll
   1945.6 ms  ✓ GDAL_jll
   1056.4 ms  ✓ GMT_jll
 116108.1 ms  ✓ GMT
  80 dependencies successfully precompiled in 134 seconds. 27 already precompiled.
	Command being timed: "nice -n -10 timeout -k120 -v 3600 julia +alpha --project=G/GMT/Create-A-Xy-Plot -e using Pkg; @time @eval Pkg.precompile()"
	User time (seconds): 349.11
	System time (seconds): 19.30
	Percent of CPU this job got: 161%
	Elapsed (wall clock) time (h:mm:ss or m:ss): 3:48.10
	Average shared text size (kbytes): 0
	Average unshared data size (kbytes): 0
	Average stack size (kbytes): 0
	Average total size (kbytes): 0
	Maximum resident set size (kbytes): 3528632
	Average resident set size (kbytes): 0
	Major (requiring I/O) page faults: 330
	Minor (reclaiming a frame) page faults: 7109488
	Voluntary context switches: 21996
	Involuntary context switches: 7766
	Swaps: 0
	File system inputs: 0
	File system outputs: 831224
	Socket messages sent: 0
	Socket messages received: 0
	Signals delivered: 0
	Page size (bytes): 4096
	Exit status: 0
