nice: cannot set niceness: Permission denied
Precompiling packages...
   1719.6 ms  ✓ Unicode
   1716.3 ms  ✓ UUIDs
   1715.4 ms  ✓ Logging
   1747.6 ms  ✓ OpenSSL_jll
   1719.6 ms  ✓ Zlib_jll
   1727.0 ms  ✓ MozillaCACerts_jll
   1800.9 ms  ✓ Base64
   1809.7 ms  ✓ nghttp2_jll
   1834.5 ms  ✓ NetworkOptions
   1852.8 ms  ✓ CompilerSupportLibraries_jll
    511.0 ms  ✓ LibSSH2_jll
    719.7 ms  ✓ Printf
    592.7 ms  ✓ p7zip_jll
    483.9 ms  ✓ LibCURL_jll
    493.7 ms  ✓ LibGit2_jll
   3410.7 ms  ✓ ArgTools
    759.9 ms  ✓ LibCURL
    624.3 ms  ✓ Tar
   3041.3 ms  ✓ Dates
   3071.9 ms  ✓ LibGit2
    455.3 ms  ✓ TOML
   3041.4 ms  ✓ Downloads
   9615.3 ms  ✓ StyledStrings
   1681.8 ms  ✓ JuliaSyntaxHighlighting
   3899.3 ms  ✓ Markdown
  47575.8 ms  ✓ Pkg
  26 dependencies successfully precompiled in 63 seconds
Precompiling packages...
   1183.4 ms  ✓ DataValueInterfaces
   1246.0 ms  ✓ IteratorInterfaceExtensions
   1369.4 ms  ✓ PCRE2_jll
   1470.3 ms  ✓ SuiteSparse_jll
   1570.4 ms  ✓ DataAPI
   1689.5 ms  ✓ Statistics
   1801.9 ms  ✓ Serialization
   1800.4 ms  ✓ Preferences
    719.6 ms  ✓ TableTraits
   2205.4 ms  ✓ LazyArtifacts
    660.8 ms  ✓ PrecompileTools
    769.6 ms  ✓ JLLWrappers
   1666.3 ms  ✓ MPIPreferences
   5575.1 ms  ✓ OrderedCollections
   3180.2 ms  ✓ MicrosoftMPI_jll
   3549.4 ms  ✓ dlfcn_win32_jll
   3568.1 ms  ✓ Xorg_xtrans_jll
   3577.6 ms  ✓ snappy_jll
   3877.8 ms  ✓ Xorg_libXdmcp_jll
   3976.7 ms  ✓ LASzip_jll
   3970.7 ms  ✓ libpng_jll
   3982.3 ms  ✓ Xorg_libXau_jll
   4148.8 ms  ✓ XZ_jll
   4568.3 ms  ✓ JpegTurbo_jll
   3691.7 ms  ✓ Zstd_jll
   4869.7 ms  ✓ brotli_jll
   6276.7 ms  ✓ Qhull_jll
   3410.5 ms  ✓ Libmount_jll
   3705.3 ms  ✓ PCRE_jll
   9524.2 ms  ✓ InteractiveUtils
   3692.5 ms  ✓ LLVMOpenMP_jll
   3691.6 ms  ✓ Libffi_jll
   3720.1 ms  ✓ Libiconv_jll
   3424.2 ms  ✓ Kerberos_krb5_jll
   3599.9 ms  ✓ Bzip2_jll
   3607.7 ms  ✓ GEOS_jll
   3785.4 ms  ✓ Expat_jll
   3999.0 ms  ✓ Lz4_jll
   3816.0 ms  ✓ Xorg_libpciaccess_jll
   3787.2 ms  ✓ FFTW_jll
   5084.9 ms  ✓ ICU_jll
   3611.5 ms  ✓ OpenBLAS32_jll
   3416.7 ms  ✓ LERC_jll
   4107.1 ms  ✓ libaec_jll
   3508.1 ms  ✓ LAPACK32_jll
   3416.6 ms  ✓ muparser_jll
   3513.8 ms  ✓ SQLite_jll
   4307.7 ms  ✓ Giflib_jll
   3599.9 ms  ✓ XML2_jll
   3702.7 ms  ✓ GettextRuntime_jll
   3322.3 ms  ✓ libzip_jll
   3273.8 ms  ✓ Blosc_jll
   6009.8 ms  ✓ MPItrampoline_jll
   2929.5 ms  ✓ LibPQ_jll
   2988.4 ms  ✓ Libtiff_jll
   5980.2 ms  ✓ Ghostscript_jll
   3001.4 ms  ✓ HDF4_jll
   2287.2 ms  ✓ Hwloc_jll
   7026.9 ms  ✓ Xorg_libxcb_jll
   2626.9 ms  ✓ Glib_jll
   1508.1 ms  ✓ LittleCMS_jll
   7695.0 ms  ✓ Tables
   6604.9 ms  ✓ boost_jll
   2148.6 ms  ✓ PROJ_jll
   1191.0 ms  ✓ Xorg_libX11_jll
   2037.9 ms  ✓ OpenMPI_jll
  16902.5 ms  ✓ SparseArrays
   1232.3 ms  ✓ OpenJpeg_jll
   2247.9 ms  ✓ MPICH_jll
    969.4 ms  ✓ Thrift_jll
    995.3 ms  ✓ libgeotiff_jll
    759.0 ms  ✓ Xorg_libXext_jll
    575.7 ms  ✓ Statistics → SparseArraysExt
    741.3 ms  ✓ Arrow_jll
    766.4 ms  ✓ Libglvnd_jll
   1745.1 ms  ✓ HDF5_jll
    801.2 ms  ✓ libwebp_jll
    741.2 ms  ✓ Leptonica_jll
   1213.0 ms  ✓ NetCDF_jll
   2009.3 ms  ✓ GDAL_jll
   1238.4 ms  ✓ GMT_jll
  76642.3 ms  ✓ GMT
  82 dependencies successfully precompiled in 102 seconds. 26 already precompiled.
	Command being timed: "nice -n -10 timeout -k120 -v 3600 julia +release --project=G/GMT/Create-A-Xy-Plot -e using Pkg; @time @eval Pkg.precompile()"
	User time (seconds): 348.72
	System time (seconds): 22.04
	Percent of CPU this job got: 223%
	Elapsed (wall clock) time (h:mm:ss or m:ss): 2:46.25
	Average shared text size (kbytes): 0
	Average unshared data size (kbytes): 0
	Average stack size (kbytes): 0
	Average total size (kbytes): 0
	Maximum resident set size (kbytes): 2866092
	Average resident set size (kbytes): 0
	Major (requiring I/O) page faults: 317
	Minor (reclaiming a frame) page faults: 6125131
	Voluntary context switches: 20584
	Involuntary context switches: 17852
	Swaps: 0
	File system inputs: 632
	File system outputs: 842712
	Socket messages sent: 0
	Socket messages received: 0
	Signals delivered: 0
	Page size (bytes): 4096
	Exit status: 0
