nice: cannot set niceness: Permission denied
Precompiling packages...
    940.9 ms  ✓ IteratorInterfaceExtensions
   1000.5 ms  ✓ LazyArtifacts
   1037.0 ms  ✓ DataAPI
   1098.1 ms  ✓ DataValueInterfaces
   1102.2 ms  ✓ PCRE2_jll
   1122.0 ms  ✓ Zlib_jll
   1149.2 ms  ✓ CompilerSupportLibraries_jll
   1148.5 ms  ✓ SuiteSparse_jll
   1373.3 ms  ✓ OrderedCollections
   1314.1 ms  ✓ Preferences
    352.8 ms  ✓ TableTraits
    335.1 ms  ✓ PrecompileTools
    384.1 ms  ✓ JLLWrappers
    877.4 ms  ✓ MPIPreferences
   2241.7 ms  ✓ Tables
   2103.3 ms  ✓ MicrosoftMPI_jll
   2108.6 ms  ✓ dlfcn_win32_jll
   2315.6 ms  ✓ LASzip_jll
   2379.9 ms  ✓ snappy_jll
   2378.9 ms  ✓ Xorg_xtrans_jll
   2422.0 ms  ✓ OpenSSL_jll
   2505.7 ms  ✓ XZ_jll
   2513.4 ms  ✓ JpegTurbo_jll
   2441.0 ms  ✓ brotli_jll
   2701.2 ms  ✓ Xorg_libXau_jll
   2703.5 ms  ✓ Xorg_libXdmcp_jll
   2327.0 ms  ✓ Zstd_jll
   2790.5 ms  ✓ libpng_jll
   3417.8 ms  ✓ Qhull_jll
   2416.5 ms  ✓ PCRE_jll
   2721.4 ms  ✓ Libmount_jll
   2589.0 ms  ✓ Libiconv_jll
   2431.6 ms  ✓ Libffi_jll
   2504.1 ms  ✓ LLVMOpenMP_jll
   2600.1 ms  ✓ Expat_jll
   2584.2 ms  ✓ Bzip2_jll
   2596.0 ms  ✓ GEOS_jll
   2592.0 ms  ✓ Kerberos_krb5_jll
   2612.3 ms  ✓ Lz4_jll
   2606.1 ms  ✓ Xorg_libpciaccess_jll
   2860.5 ms  ✓ libaec_jll
   2685.0 ms  ✓ Giflib_jll
   3295.2 ms  ✓ ICU_jll
   2415.9 ms  ✓ LAPACK32_jll
   2583.3 ms  ✓ LERC_jll
   2305.4 ms  ✓ MPItrampoline_jll
   2499.9 ms  ✓ OpenBLAS32_jll
   2494.4 ms  ✓ SQLite_jll
   2201.3 ms  ✓ muparser_jll
   2423.0 ms  ✓ FFTW_jll
   2406.1 ms  ✓ XML2_jll
   2466.7 ms  ✓ GettextRuntime_jll
   2011.2 ms  ✓ libzip_jll
   1724.9 ms  ✓ Blosc_jll
   2026.9 ms  ✓ HDF4_jll
   3182.6 ms  ✓ Ghostscript_jll
   5485.2 ms  ✓ Xorg_libxcb_jll
   1124.2 ms  ✓ Libtiff_jll
   1280.1 ms  ✓ LibPQ_jll
    933.9 ms  ✓ Hwloc_jll
   1125.9 ms  ✓ Glib_jll
   9374.6 ms  ✓ SparseArrays
    738.0 ms  ✓ Xorg_libX11_jll
   3635.0 ms  ✓ boost_jll
    875.4 ms  ✓ LittleCMS_jll
    763.1 ms  ✓ OpenMPI_jll
   1081.4 ms  ✓ PROJ_jll
    940.3 ms  ✓ MPICH_jll
    651.1 ms  ✓ Xorg_libXext_jll
    807.5 ms  ✓ Statistics
    693.5 ms  ✓ Thrift_jll
    635.8 ms  ✓ OpenJpeg_jll
    571.5 ms  ✓ libgeotiff_jll
    436.4 ms  ✓ Arrow_jll
    493.2 ms  ✓ Libglvnd_jll
    798.4 ms  ✓ HDF5_jll
    458.3 ms  ✓ libwebp_jll
    453.7 ms  ✓ NetCDF_jll
    477.2 ms  ✓ Leptonica_jll
    921.9 ms  ✓ GDAL_jll
    457.9 ms  ✓ GMT_jll
  58198.7 ms  ✓ GMT
  82 dependencies successfully precompiled in 73 seconds
	Command being timed: "nice -n -10 timeout -k120 -v 3600 julia +lts --project=G/GMT/Create-A-Xy-Plot -e using Pkg; @time @eval Pkg.precompile()"
	User time (seconds): 159.87
	System time (seconds): 17.27
	Percent of CPU this job got: 236%
	Elapsed (wall clock) time (h:mm:ss or m:ss): 1:14.90
	Average shared text size (kbytes): 0
	Average unshared data size (kbytes): 0
	Average stack size (kbytes): 0
	Average total size (kbytes): 0
	Maximum resident set size (kbytes): 2893300
	Average resident set size (kbytes): 0
	Major (requiring I/O) page faults: 181
	Minor (reclaiming a frame) page faults: 3963775
	Voluntary context switches: 102898
	Involuntary context switches: 30262
	Swaps: 0
	File system inputs: 688
	File system outputs: 473592
	Socket messages sent: 0
	Socket messages received: 0
	Signals delivered: 0
	Page size (bytes): 4096
	Exit status: 0
