nice: cannot set niceness: Permission denied
Precompiling packages...
   1432.1 ms  ✓ Zlib_jll
   1433.5 ms  ✓ UUIDs
   1548.7 ms  ✓ OpenSSL_jll
   1529.0 ms  ✓ Unicode
   1617.5 ms  ✓ Logging
   1714.2 ms  ✓ MozillaCACerts_jll
   1727.4 ms  ✓ Base64
   1726.4 ms  ✓ nghttp2_jll
   1795.1 ms  ✓ CompilerSupportLibraries_jll
   1803.4 ms  ✓ NetworkOptions
    587.6 ms  ✓ LibSSH2_jll
    788.6 ms  ✓ Printf
    563.6 ms  ✓ p7zip_jll
    495.9 ms  ✓ LibCURL_jll
    498.6 ms  ✓ LibGit2_jll
   3164.8 ms  ✓ ArgTools
    735.8 ms  ✓ LibCURL
    650.2 ms  ✓ Tar
   2911.2 ms  ✓ Dates
   3055.0 ms  ✓ LibGit2
    448.8 ms  ✓ TOML
   3005.2 ms  ✓ Downloads
   9204.2 ms  ✓ StyledStrings
   1630.5 ms  ✓ JuliaSyntaxHighlighting
   3798.4 ms  ✓ Markdown
  46742.9 ms  ✓ Pkg
  26 dependencies successfully precompiled in 61 seconds
Precompiling packages...
   1322.8 ms  ✓ DataValueInterfaces
   1414.9 ms  ✓ IteratorInterfaceExtensions
   1447.4 ms  ✓ DataAPI
   1527.0 ms  ✓ PCRE2_jll
   1644.2 ms  ✓ SuiteSparse_jll
   1655.9 ms  ✓ Statistics
   1721.1 ms  ✓ Serialization
   1863.8 ms  ✓ Preferences
    715.0 ms  ✓ TableTraits
   2387.2 ms  ✓ LazyArtifacts
    733.8 ms  ✓ PrecompileTools
    835.0 ms  ✓ JLLWrappers
   1234.2 ms  ✓ MPIPreferences
   5541.4 ms  ✓ OrderedCollections
   3319.3 ms  ✓ MicrosoftMPI_jll
   3491.0 ms  ✓ dlfcn_win32_jll
   3706.3 ms  ✓ Xorg_xtrans_jll
   4009.0 ms  ✓ snappy_jll
   4107.8 ms  ✓ Xorg_libXdmcp_jll
   4105.3 ms  ✓ Xorg_libXau_jll
   4125.2 ms  ✓ LASzip_jll
   4197.1 ms  ✓ libpng_jll
   4018.6 ms  ✓ Zstd_jll
   4631.7 ms  ✓ JpegTurbo_jll
   4629.6 ms  ✓ XZ_jll
   4893.9 ms  ✓ brotli_jll
   3700.3 ms  ✓ Libmount_jll
   6614.0 ms  ✓ Qhull_jll
   9424.0 ms  ✓ InteractiveUtils
   3611.1 ms  ✓ PCRE_jll
   3810.8 ms  ✓ Libiconv_jll
   3704.1 ms  ✓ LLVMOpenMP_jll
   3706.6 ms  ✓ Libffi_jll
   3594.7 ms  ✓ Bzip2_jll
   3970.6 ms  ✓ Expat_jll
   3801.1 ms  ✓ Kerberos_krb5_jll
   3891.9 ms  ✓ Xorg_libpciaccess_jll
   4305.1 ms  ✓ Lz4_jll
   4096.2 ms  ✓ FFTW_jll
   3797.5 ms  ✓ OpenBLAS32_jll
   3796.7 ms  ✓ Giflib_jll
   4099.2 ms  ✓ libaec_jll
   3784.6 ms  ✓ LERC_jll
   3391.2 ms  ✓ LAPACK32_jll
   3996.0 ms  ✓ SQLite_jll
   3925.1 ms  ✓ GEOS_jll
   3811.3 ms  ✓ XML2_jll
   7640.1 ms  ✓ Ghostscript_jll
   3502.3 ms  ✓ muparser_jll
   4206.1 ms  ✓ GettextRuntime_jll
   4704.3 ms  ✓ ICU_jll
   5871.0 ms  ✓ MPItrampoline_jll
   3091.1 ms  ✓ libzip_jll
   2889.8 ms  ✓ Libtiff_jll
   3109.9 ms  ✓ Blosc_jll
   3410.9 ms  ✓ HDF4_jll
  10112.6 ms  ✓ Xorg_libxcb_jll
   2187.9 ms  ✓ Hwloc_jll
   1723.8 ms  ✓ LibPQ_jll
   2395.2 ms  ✓ Glib_jll
   7596.0 ms  ✓ Tables
   1839.7 ms  ✓ LittleCMS_jll
   1312.7 ms  ✓ Xorg_libX11_jll
   2113.4 ms  ✓ PROJ_jll
   5507.8 ms  ✓ boost_jll
   1924.3 ms  ✓ OpenMPI_jll
   1044.9 ms  ✓ Xorg_libXext_jll
   1162.1 ms  ✓ OpenJpeg_jll
  17748.8 ms  ✓ SparseArrays
   2226.8 ms  ✓ MPICH_jll
   1073.1 ms  ✓ libgeotiff_jll
    919.1 ms  ✓ Thrift_jll
    489.8 ms  ✓ Statistics → SparseArraysExt
    833.7 ms  ✓ Libglvnd_jll
    680.1 ms  ✓ Arrow_jll
    763.3 ms  ✓ libwebp_jll
   1606.3 ms  ✓ HDF5_jll
    755.1 ms  ✓ Leptonica_jll
   1194.5 ms  ✓ NetCDF_jll
   2015.6 ms  ✓ GDAL_jll
   1206.3 ms  ✓ GMT_jll
  72978.9 ms  ✓ GMT
  82 dependencies successfully precompiled in 98 seconds. 26 already precompiled.
	Command being timed: "nice -n -10 timeout -k120 -v 3600 julia +release --project=G/GMT/Create-A-Xy-Plot -e using Pkg; @time @eval Pkg.precompile()"
	User time (seconds): 340.41
	System time (seconds): 22.20
	Percent of CPU this job got: 224%
	Elapsed (wall clock) time (h:mm:ss or m:ss): 2:41.59
	Average shared text size (kbytes): 0
	Average unshared data size (kbytes): 0
	Average stack size (kbytes): 0
	Average total size (kbytes): 0
	Maximum resident set size (kbytes): 2773244
	Average resident set size (kbytes): 0
	Major (requiring I/O) page faults: 326
	Minor (reclaiming a frame) page faults: 6112479
	Voluntary context switches: 20772
	Involuntary context switches: 17610
	Swaps: 0
	File system inputs: 0
	File system outputs: 824424
	Socket messages sent: 0
	Socket messages received: 0
	Signals delivered: 0
	Page size (bytes): 4096
	Exit status: 0
