nice: cannot set niceness: Permission denied
Precompiling packages...
   1618.0 ms  ✓ Logging
   1698.1 ms  ✓ UUIDs
   1691.2 ms  ✓ MozillaCACerts_jll
   1735.2 ms  ✓ OpenSSL_jll
   1721.5 ms  ✓ Unicode
   1714.6 ms  ✓ CompilerSupportLibraries_jll
   1798.1 ms  ✓ Zlib_jll
   1796.2 ms  ✓ nghttp2_jll
   1840.9 ms  ✓ NetworkOptions
   1897.6 ms  ✓ Base64
    542.7 ms  ✓ LibSSH2_jll
    607.5 ms  ✓ p7zip_jll
    722.5 ms  ✓ Printf
    477.8 ms  ✓ LibCURL_jll
    489.3 ms  ✓ LibGit2_jll
   3350.7 ms  ✓ ArgTools
    788.6 ms  ✓ LibCURL
    653.3 ms  ✓ Tar
   3033.7 ms  ✓ Dates
   3078.5 ms  ✓ LibGit2
    503.3 ms  ✓ TOML
   2988.8 ms  ✓ Downloads
   9588.2 ms  ✓ StyledStrings
   1752.6 ms  ✓ JuliaSyntaxHighlighting
   3868.7 ms  ✓ Markdown
  47879.4 ms  ✓ Pkg
  26 dependencies successfully precompiled in 63 seconds
Precompiling packages...
   1427.4 ms  ✓ IteratorInterfaceExtensions
   1447.3 ms  ✓ DataValueInterfaces
   1435.2 ms  ✓ PCRE2_jll
   1534.3 ms  ✓ DataAPI
   1535.3 ms  ✓ SuiteSparse_jll
   1731.7 ms  ✓ Serialization
   1728.6 ms  ✓ Statistics
   1871.3 ms  ✓ Preferences
    714.5 ms  ✓ TableTraits
   2301.9 ms  ✓ LazyArtifacts
    653.8 ms  ✓ PrecompileTools
    813.6 ms  ✓ JLLWrappers
   1664.5 ms  ✓ MPIPreferences
   4844.7 ms  ✓ OrderedCollections
   3291.0 ms  ✓ dlfcn_win32_jll
   3482.4 ms  ✓ MicrosoftMPI_jll
   3513.1 ms  ✓ Xorg_xtrans_jll
   3697.9 ms  ✓ snappy_jll
   3774.9 ms  ✓ Xorg_libXau_jll
   3902.6 ms  ✓ libpng_jll
   3906.4 ms  ✓ Xorg_libXdmcp_jll
   4010.6 ms  ✓ LASzip_jll
   4309.7 ms  ✓ XZ_jll
   4299.0 ms  ✓ brotli_jll
   3765.6 ms  ✓ Zstd_jll
   4688.5 ms  ✓ JpegTurbo_jll
   6103.3 ms  ✓ Qhull_jll
   3720.2 ms  ✓ Libmount_jll
   9137.7 ms  ✓ InteractiveUtils
   3317.0 ms  ✓ Libffi_jll
   3712.6 ms  ✓ PCRE_jll
   3535.7 ms  ✓ Libiconv_jll
   3788.1 ms  ✓ LLVMOpenMP_jll
   3686.9 ms  ✓ Bzip2_jll
   3928.9 ms  ✓ Expat_jll
   3799.1 ms  ✓ GEOS_jll
   3475.6 ms  ✓ Kerberos_krb5_jll
   3493.4 ms  ✓ Xorg_libpciaccess_jll
   4274.0 ms  ✓ Lz4_jll
   3820.4 ms  ✓ FFTW_jll
   4916.9 ms  ✓ ICU_jll
   3916.1 ms  ✓ libaec_jll
   3726.5 ms  ✓ Giflib_jll
   3897.1 ms  ✓ OpenBLAS32_jll
   3505.4 ms  ✓ LERC_jll
   3928.0 ms  ✓ LAPACK32_jll
   3714.0 ms  ✓ SQLite_jll
   4100.4 ms  ✓ XML2_jll
   3620.7 ms  ✓ muparser_jll
   4107.2 ms  ✓ GettextRuntime_jll
   5623.5 ms  ✓ MPItrampoline_jll
   3408.7 ms  ✓ libzip_jll
   2992.9 ms  ✓ Blosc_jll
   2663.5 ms  ✓ Libtiff_jll
   2979.3 ms  ✓ LibPQ_jll
   3311.8 ms  ✓ HDF4_jll
   6109.6 ms  ✓ Ghostscript_jll
   2023.9 ms  ✓ Hwloc_jll
   2510.5 ms  ✓ Glib_jll
   1435.0 ms  ✓ LittleCMS_jll
   7508.1 ms  ✓ Tables
   7102.2 ms  ✓ Xorg_libxcb_jll
   6680.9 ms  ✓ boost_jll
   2144.1 ms  ✓ PROJ_jll
   1301.0 ms  ✓ OpenJpeg_jll
   2027.3 ms  ✓ OpenMPI_jll
   1180.7 ms  ✓ Xorg_libX11_jll
  17045.1 ms  ✓ SparseArrays
    957.9 ms  ✓ Thrift_jll
   2274.0 ms  ✓ MPICH_jll
   1053.5 ms  ✓ libgeotiff_jll
    560.5 ms  ✓ Statistics → SparseArraysExt
    629.7 ms  ✓ Xorg_libXext_jll
    730.0 ms  ✓ Arrow_jll
    766.4 ms  ✓ Libglvnd_jll
   1718.0 ms  ✓ HDF5_jll
    785.7 ms  ✓ libwebp_jll
    750.7 ms  ✓ Leptonica_jll
   1238.0 ms  ✓ NetCDF_jll
   2070.5 ms  ✓ GDAL_jll
   1206.7 ms  ✓ GMT_jll
  78666.2 ms  ✓ GMT
  82 dependencies successfully precompiled in 104 seconds. 26 already precompiled.
	Command being timed: "nice -n -10 timeout -k120 -v 3600 julia +release --project=G/GMT/Create-A-Xy-Plot -e using Pkg; @time @eval Pkg.precompile()"
	User time (seconds): 353.01
	System time (seconds): 22.28
	Percent of CPU this job got: 222%
	Elapsed (wall clock) time (h:mm:ss or m:ss): 2:48.93
	Average shared text size (kbytes): 0
	Average unshared data size (kbytes): 0
	Average stack size (kbytes): 0
	Average total size (kbytes): 0
	Maximum resident set size (kbytes): 2883828
	Average resident set size (kbytes): 0
	Major (requiring I/O) page faults: 316
	Minor (reclaiming a frame) page faults: 6155138
	Voluntary context switches: 21010
	Involuntary context switches: 19712
	Swaps: 0
	File system inputs: 16
	File system outputs: 855720
	Socket messages sent: 0
	Socket messages received: 0
	Signals delivered: 0
	Page size (bytes): 4096
	Exit status: 0
