nice: cannot set niceness: Permission denied
Precompiling packages...
    907.9 ms  ✓ DataValueInterfaces
    912.5 ms  ✓ IteratorInterfaceExtensions
    981.5 ms  ✓ Zlib_jll
    996.6 ms  ✓ LazyArtifacts
    999.2 ms  ✓ CompilerSupportLibraries_jll
   1022.5 ms  ✓ PCRE2_jll
   1023.8 ms  ✓ SuiteSparse_jll
   1066.7 ms  ✓ DataAPI
   1304.4 ms  ✓ OrderedCollections
   1245.4 ms  ✓ Preferences
    363.1 ms  ✓ TableTraits
    326.5 ms  ✓ PrecompileTools
    367.9 ms  ✓ JLLWrappers
    739.1 ms  ✓ MPIPreferences
   2319.3 ms  ✓ Tables
   2267.7 ms  ✓ MicrosoftMPI_jll
   2294.6 ms  ✓ dlfcn_win32_jll
   2374.1 ms  ✓ Xorg_xtrans_jll
   2571.7 ms  ✓ snappy_jll
   2573.3 ms  ✓ Xorg_libXdmcp_jll
   2634.0 ms  ✓ Xorg_libXau_jll
   2659.0 ms  ✓ LASzip_jll
   2619.0 ms  ✓ libpng_jll
   2684.7 ms  ✓ OpenSSL_jll
   2773.4 ms  ✓ JpegTurbo_jll
   2818.1 ms  ✓ brotli_jll
   2976.0 ms  ✓ XZ_jll
   2872.1 ms  ✓ Zstd_jll
   3577.4 ms  ✓ Qhull_jll
   2685.4 ms  ✓ Libmount_jll
   2504.0 ms  ✓ PCRE_jll
   2683.1 ms  ✓ Libiconv_jll
   2488.6 ms  ✓ Libffi_jll
   2764.3 ms  ✓ LLVMOpenMP_jll
   2519.9 ms  ✓ Bzip2_jll
   2595.2 ms  ✓ Expat_jll
   2520.6 ms  ✓ GEOS_jll
   2581.0 ms  ✓ Kerberos_krb5_jll
   2618.8 ms  ✓ Lz4_jll
   2514.2 ms  ✓ FFTW_jll
   2768.3 ms  ✓ Xorg_libpciaccess_jll
   3090.3 ms  ✓ ICU_jll
   2832.7 ms  ✓ libaec_jll
   2697.4 ms  ✓ Giflib_jll
   2607.3 ms  ✓ LERC_jll
   2672.9 ms  ✓ LAPACK32_jll
   2510.0 ms  ✓ MPItrampoline_jll
   2615.8 ms  ✓ OpenBLAS32_jll
   2519.4 ms  ✓ SQLite_jll
   2402.4 ms  ✓ muparser_jll
   2582.1 ms  ✓ XML2_jll
   2618.2 ms  ✓ GettextRuntime_jll
   2438.8 ms  ✓ libzip_jll
   1996.9 ms  ✓ LibPQ_jll
   2015.5 ms  ✓ Blosc_jll
   1990.0 ms  ✓ HDF4_jll
   1128.2 ms  ✓ Libtiff_jll
   3220.9 ms  ✓ Ghostscript_jll
    826.9 ms  ✓ Hwloc_jll
    987.7 ms  ✓ Glib_jll
   3802.2 ms  ✓ Xorg_libxcb_jll
    751.1 ms  ✓ LittleCMS_jll
   9789.0 ms  ✓ SparseArrays
   3824.8 ms  ✓ boost_jll
    710.8 ms  ✓ OpenMPI_jll
   1007.5 ms  ✓ PROJ_jll
    876.6 ms  ✓ MPICH_jll
    641.0 ms  ✓ Xorg_libX11_jll
    642.6 ms  ✓ OpenJpeg_jll
    601.5 ms  ✓ Thrift_jll
    719.0 ms  ✓ Statistics
    602.7 ms  ✓ libgeotiff_jll
    458.3 ms  ✓ Xorg_libXext_jll
    447.5 ms  ✓ Arrow_jll
    812.5 ms  ✓ HDF5_jll
    446.4 ms  ✓ Libglvnd_jll
    428.4 ms  ✓ NetCDF_jll
    450.9 ms  ✓ libwebp_jll
    444.4 ms  ✓ Leptonica_jll
    900.3 ms  ✓ GDAL_jll
    435.6 ms  ✓ GMT_jll
  53877.6 ms  ✓ GMT
  82 dependencies successfully precompiled in 68 seconds
	Command being timed: "nice -n -10 timeout -k120 -v 3600 julia +lts --project=G/GMT/Create-A-Xy-Plot -e using Pkg; @time @eval Pkg.precompile()"
	User time (seconds): 151.82
	System time (seconds): 17.41
	Percent of CPU this job got: 240%
	Elapsed (wall clock) time (h:mm:ss or m:ss): 1:10.50
	Average shared text size (kbytes): 0
	Average unshared data size (kbytes): 0
	Average stack size (kbytes): 0
	Average total size (kbytes): 0
	Maximum resident set size (kbytes): 2913560
	Average resident set size (kbytes): 0
	Major (requiring I/O) page faults: 335
	Minor (reclaiming a frame) page faults: 4002708
	Voluntary context switches: 107457
	Involuntary context switches: 31337
	Swaps: 0
	File system inputs: 15904
	File system outputs: 455568
	Socket messages sent: 0
	Socket messages received: 0
	Signals delivered: 0
	Page size (bytes): 4096
	Exit status: 0
