nice: cannot set niceness: Permission denied
Precompiling packages...
   1587.5 ms  ✓ Zlib_jll
   1666.1 ms  ✓ UUIDs
   1666.0 ms  ✓ nghttp2_jll
   1702.3 ms  ✓ Unicode
   1776.3 ms  ✓ OpenSSL_jll
   1755.7 ms  ✓ MozillaCACerts_jll
   1772.3 ms  ✓ Logging
   1782.6 ms  ✓ NetworkOptions
   1838.4 ms  ✓ CompilerSupportLibraries_jll
   1871.4 ms  ✓ Base64
    492.2 ms  ✓ LibSSH2_jll
    700.5 ms  ✓ Printf
    555.1 ms  ✓ p7zip_jll
    468.3 ms  ✓ LibCURL_jll
    474.0 ms  ✓ LibGit2_jll
   3141.1 ms  ✓ ArgTools
    760.2 ms  ✓ LibCURL
    640.5 ms  ✓ Tar
   2884.6 ms  ✓ Dates
    454.7 ms  ✓ TOML
   3042.8 ms  ✓ LibGit2
   2997.7 ms  ✓ Downloads
   9093.7 ms  ✓ StyledStrings
   1668.6 ms  ✓ JuliaSyntaxHighlighting
   3662.9 ms  ✓ Markdown
  46337.0 ms  ✓ Pkg
  26 dependencies successfully precompiled in 61 seconds
Precompiling packages...
   1316.9 ms  ✓ DataValueInterfaces
   1391.8 ms  ✓ IteratorInterfaceExtensions
   1492.3 ms  ✓ DataAPI
   1506.1 ms  ✓ PCRE2_jll
   1524.0 ms  ✓ SuiteSparse_jll
   1707.8 ms  ✓ Statistics
   1793.5 ms  ✓ Serialization
   1776.0 ms  ✓ Preferences
    745.8 ms  ✓ TableTraits
   2296.9 ms  ✓ LazyArtifacts
    714.9 ms  ✓ PrecompileTools
    837.5 ms  ✓ JLLWrappers
   1316.9 ms  ✓ MPIPreferences
   3361.0 ms  ✓ MicrosoftMPI_jll
   6118.9 ms  ✓ OrderedCollections
   3681.3 ms  ✓ dlfcn_win32_jll
   3731.6 ms  ✓ Xorg_xtrans_jll
   3864.7 ms  ✓ Xorg_libXdmcp_jll
   3880.6 ms  ✓ LASzip_jll
   4024.9 ms  ✓ Xorg_libXau_jll
   4022.5 ms  ✓ libpng_jll
   4071.9 ms  ✓ snappy_jll
   4089.0 ms  ✓ Zstd_jll
   4570.9 ms  ✓ JpegTurbo_jll
   4767.1 ms  ✓ XZ_jll
   4805.0 ms  ✓ brotli_jll
   6259.1 ms  ✓ Qhull_jll
   8983.0 ms  ✓ InteractiveUtils
   3798.5 ms  ✓ Libmount_jll
   3886.9 ms  ✓ PCRE_jll
   3719.7 ms  ✓ SQLite_jll
   3928.2 ms  ✓ Libiconv_jll
   3886.4 ms  ✓ Libffi_jll
   4098.0 ms  ✓ Expat_jll
   4030.6 ms  ✓ Bzip2_jll
   3607.8 ms  ✓ Kerberos_krb5_jll
   3601.4 ms  ✓ Xorg_libpciaccess_jll
   4188.3 ms  ✓ Lz4_jll
   4005.3 ms  ✓ FFTW_jll
   5005.2 ms  ✓ ICU_jll
   3800.2 ms  ✓ OpenBLAS32_jll
   4005.0 ms  ✓ libaec_jll
   3798.0 ms  ✓ Giflib_jll
   3704.6 ms  ✓ LERC_jll
   3805.0 ms  ✓ LAPACK32_jll
   3682.3 ms  ✓ LLVMOpenMP_jll
   3907.1 ms  ✓ GEOS_jll
   3893.5 ms  ✓ XML2_jll
   4207.9 ms  ✓ GettextRuntime_jll
   3289.4 ms  ✓ Blosc_jll
   5907.9 ms  ✓ MPItrampoline_jll
   3409.7 ms  ✓ LibPQ_jll
   3985.2 ms  ✓ libzip_jll
   2920.9 ms  ✓ Libtiff_jll
   2332.3 ms  ✓ muparser_jll
  10102.9 ms  ✓ Xorg_libxcb_jll
   6009.2 ms  ✓ Ghostscript_jll
   3317.9 ms  ✓ HDF4_jll
   2333.1 ms  ✓ Hwloc_jll
   2807.7 ms  ✓ Glib_jll
   7725.0 ms  ✓ Tables
   1398.8 ms  ✓ Xorg_libX11_jll
   1672.3 ms  ✓ LittleCMS_jll
   6906.0 ms  ✓ boost_jll
   2017.8 ms  ✓ PROJ_jll
   1998.0 ms  ✓ OpenMPI_jll
   1015.3 ms  ✓ Xorg_libXext_jll
   1092.6 ms  ✓ OpenJpeg_jll
   2327.5 ms  ✓ MPICH_jll
    993.8 ms  ✓ Thrift_jll
  17642.0 ms  ✓ SparseArrays
   1023.7 ms  ✓ libgeotiff_jll
    536.3 ms  ✓ Statistics → SparseArraysExt
    887.5 ms  ✓ Libglvnd_jll
    719.3 ms  ✓ Arrow_jll
    780.3 ms  ✓ libwebp_jll
   1662.1 ms  ✓ HDF5_jll
    751.6 ms  ✓ Leptonica_jll
   1175.6 ms  ✓ NetCDF_jll
   1994.2 ms  ✓ GDAL_jll
   1208.0 ms  ✓ GMT_jll
  87581.2 ms  ✓ GMT
  82 dependencies successfully precompiled in 113 seconds. 26 already precompiled.
	Command being timed: "nice -n -10 timeout -k120 -v 3600 julia +1.12.4 --project=G/GMT/Create-A-Xy-Plot -e using Pkg; @time @eval Pkg.precompile()"
	User time (seconds): 376.59
	System time (seconds): 23.24
	Percent of CPU this job got: 227%
	Elapsed (wall clock) time (h:mm:ss or m:ss): 2:55.43
	Average shared text size (kbytes): 0
	Average unshared data size (kbytes): 0
	Average stack size (kbytes): 0
	Average total size (kbytes): 0
	Maximum resident set size (kbytes): 3012608
	Average resident set size (kbytes): 0
	Major (requiring I/O) page faults: 317
	Minor (reclaiming a frame) page faults: 6195799
	Voluntary context switches: 20567
	Involuntary context switches: 19072
	Swaps: 0
	File system inputs: 2704
	File system outputs: 833216
	Socket messages sent: 0
	Socket messages received: 0
	Signals delivered: 0
	Page size (bytes): 4096
	Exit status: 0
