nice: cannot set niceness: Permission denied
Precompiling packages...
    405.5 ms  ✓ DataValueInterfaces
    455.9 ms  ✓ DataAPI
    595.2 ms  ✓ Statistics
    676.2 ms  ✓ OrderedCollections
    825.8 ms  ✓ SuiteSparse_jll
    416.4 ms  ✓ IteratorInterfaceExtensions
    686.8 ms  ✓ Serialization
    425.2 ms  ✓ TableTraits
    964.5 ms  ✓ LazyArtifacts
   1225.2 ms  ✓ InteractiveUtils
    811.1 ms  ✓ Tables
   1870.7 ms  ✓ Preferences
    457.0 ms  ✓ PrecompileTools
    535.7 ms  ✓ JLLWrappers
    704.6 ms  ✓ MPIPreferences
    804.6 ms  ✓ Libmount_jll
    816.7 ms  ✓ LAPACK32_jll
   1009.6 ms  ✓ ICU_jll
    875.3 ms  ✓ Libffi_jll
    862.5 ms  ✓ snappy_jll
    912.7 ms  ✓ libaec_jll
    895.8 ms  ✓ libpng_jll
    900.7 ms  ✓ OpenBLAS32_jll
   3961.4 ms  ✓ SparseArrays
    904.5 ms  ✓ Xorg_libpciaccess_jll
    901.7 ms  ✓ Bzip2_jll
    859.6 ms  ✓ Kerberos_krb5_jll
    844.9 ms  ✓ LLVMOpenMP_jll
    879.3 ms  ✓ LERC_jll
    903.5 ms  ✓ Libiconv_jll
    930.6 ms  ✓ Lz4_jll
    903.0 ms  ✓ Xorg_libXau_jll
    859.1 ms  ✓ Xorg_libXdmcp_jll
   1199.1 ms  ✓ Qhull_jll
    648.6 ms  ✓ dlfcn_win32_jll
    897.0 ms  ✓ Giflib_jll
    983.3 ms  ✓ XZ_jll
    910.9 ms  ✓ FFTW_jll
    625.5 ms  ✓ MicrosoftMPI_jll
    953.6 ms  ✓ brotli_jll
    675.0 ms  ✓ Xorg_xtrans_jll
    870.2 ms  ✓ Expat_jll
    975.0 ms  ✓ JpegTurbo_jll
    886.6 ms  ✓ PCRE_jll
    917.3 ms  ✓ GEOS_jll
    834.3 ms  ✓ LASzip_jll
    629.0 ms  ✓ Statistics → SparseArraysExt
   1204.6 ms  ✓ MPItrampoline_jll
    930.8 ms  ✓ LibPQ_jll
    860.1 ms  ✓ muparser_jll
    939.7 ms  ✓ XML2_jll
    984.4 ms  ✓ GettextRuntime_jll
    905.2 ms  ✓ Blosc_jll
   2018.5 ms  ✓ boost_jll
    901.7 ms  ✓ SQLite_jll
    964.1 ms  ✓ libzip_jll
   1894.4 ms  ✓ Xorg_libxcb_jll
   1023.4 ms  ✓ HDF4_jll
    942.0 ms  ✓ Libtiff_jll
   1465.9 ms  ✓ Ghostscript_jll
    944.2 ms  ✓ Hwloc_jll
    892.5 ms  ✓ Thrift_jll
   1105.8 ms  ✓ Glib_jll
    934.3 ms  ✓ Xorg_libX11_jll
    960.5 ms  ✓ LittleCMS_jll
   1269.8 ms  ✓ PROJ_jll
   1144.0 ms  ✓ OpenMPI_jll
   1076.8 ms  ✓ Arrow_jll
   1435.6 ms  ✓ MPICH_jll
    841.2 ms  ✓ Xorg_libXext_jll
    900.8 ms  ✓ OpenJpeg_jll
    839.4 ms  ✓ libgeotiff_jll
    936.6 ms  ✓ Libglvnd_jll
   1700.2 ms  ✓ HDF5_jll
    947.5 ms  ✓ libwebp_jll
   1203.1 ms  ✓ NetCDF_jll
    910.2 ms  ✓ Leptonica_jll
   2051.9 ms  ✓ GDAL_jll
   1181.8 ms  ✓ GMT_jll
  97209.3 ms  ✓ GMT
  80 dependencies successfully precompiled in 118 seconds. 27 already precompiled.
	Command being timed: "nice -n -10 timeout -k120 -v 3600 julia +alpha --project=G/GMT/Create-A-Xy-Plot -e using Pkg; @time @eval Pkg.precompile()"
	User time (seconds): 332.37
	System time (seconds): 18.89
	Percent of CPU this job got: 166%
	Elapsed (wall clock) time (h:mm:ss or m:ss): 3:30.58
	Average shared text size (kbytes): 0
	Average unshared data size (kbytes): 0
	Average stack size (kbytes): 0
	Average total size (kbytes): 0
	Maximum resident set size (kbytes): 3123088
	Average resident set size (kbytes): 0
	Major (requiring I/O) page faults: 318
	Minor (reclaiming a frame) page faults: 7238400
	Voluntary context switches: 21163
	Involuntary context switches: 5516
	Swaps: 0
	File system inputs: 0
	File system outputs: 834160
	Socket messages sent: 0
	Socket messages received: 0
	Signals delivered: 0
	Page size (bytes): 4096
	Exit status: 0
