nice: cannot set niceness: Permission denied
Precompiling packages...
   1533.5 ms  ✓ UUIDs
   1756.9 ms  ✓ OpenSSL_jll
   1726.5 ms  ✓ Zlib_jll
   1808.2 ms  ✓ NetworkOptions
   1793.3 ms  ✓ nghttp2_jll
   1798.9 ms  ✓ CompilerSupportLibraries_jll
   1804.7 ms  ✓ Logging
   1813.0 ms  ✓ Unicode
   1808.4 ms  ✓ MozillaCACerts_jll
   1907.3 ms  ✓ Base64
    523.7 ms  ✓ LibSSH2_jll
    587.6 ms  ✓ p7zip_jll
    656.4 ms  ✓ Printf
    484.1 ms  ✓ LibCURL_jll
    486.2 ms  ✓ LibGit2_jll
   3366.5 ms  ✓ ArgTools
    791.0 ms  ✓ LibCURL
    657.6 ms  ✓ Tar
   2964.4 ms  ✓ Dates
   3158.8 ms  ✓ LibGit2
    471.4 ms  ✓ TOML
   3076.0 ms  ✓ Downloads
   9599.9 ms  ✓ StyledStrings
   1714.7 ms  ✓ JuliaSyntaxHighlighting
   3868.5 ms  ✓ Markdown
  47844.9 ms  ✓ Pkg
  26 dependencies successfully precompiled in 63 seconds
Precompiling packages...
   1206.7 ms  ✓ DataValueInterfaces
   1284.7 ms  ✓ IteratorInterfaceExtensions
   1476.7 ms  ✓ PCRE2_jll
   1520.6 ms  ✓ DataAPI
   1593.8 ms  ✓ SuiteSparse_jll
   1721.5 ms  ✓ Serialization
   1718.6 ms  ✓ Statistics
   1866.0 ms  ✓ Preferences
    845.6 ms  ✓ TableTraits
   2286.5 ms  ✓ LazyArtifacts
    744.1 ms  ✓ PrecompileTools
    845.1 ms  ✓ JLLWrappers
   1210.9 ms  ✓ MPIPreferences
   5692.9 ms  ✓ OrderedCollections
   3381.6 ms  ✓ dlfcn_win32_jll
   3556.6 ms  ✓ Xorg_xtrans_jll
   3652.0 ms  ✓ LASzip_jll
   3661.8 ms  ✓ MicrosoftMPI_jll
   3746.7 ms  ✓ Xorg_libXdmcp_jll
   3745.2 ms  ✓ Xorg_libXau_jll
   4110.0 ms  ✓ libpng_jll
   4159.4 ms  ✓ snappy_jll
   4252.4 ms  ✓ XZ_jll
   4367.8 ms  ✓ JpegTurbo_jll
   4313.9 ms  ✓ brotli_jll
   4299.1 ms  ✓ Zstd_jll
   6437.8 ms  ✓ Qhull_jll
   9382.6 ms  ✓ InteractiveUtils
   3894.3 ms  ✓ Libmount_jll
   3810.7 ms  ✓ PCRE_jll
   3775.4 ms  ✓ Libiconv_jll
   3711.9 ms  ✓ LLVMOpenMP_jll
   3593.8 ms  ✓ Bzip2_jll
   3686.1 ms  ✓ Expat_jll
   4203.3 ms  ✓ Libffi_jll
   3687.6 ms  ✓ Xorg_libpciaccess_jll
   3810.5 ms  ✓ Kerberos_krb5_jll
   4003.1 ms  ✓ GEOS_jll
   4003.6 ms  ✓ Lz4_jll
   3995.5 ms  ✓ FFTW_jll
   4006.0 ms  ✓ libaec_jll
   3903.5 ms  ✓ OpenBLAS32_jll
   3807.6 ms  ✓ Giflib_jll
   3478.9 ms  ✓ LERC_jll
   3502.3 ms  ✓ LAPACK32_jll
   3481.3 ms  ✓ muparser_jll
   3420.8 ms  ✓ SQLite_jll
   7012.7 ms  ✓ Ghostscript_jll
   3592.3 ms  ✓ XML2_jll
   3904.9 ms  ✓ GettextRuntime_jll
   4120.0 ms  ✓ ICU_jll
   5310.9 ms  ✓ MPItrampoline_jll
   2506.3 ms  ✓ Libtiff_jll
   2683.7 ms  ✓ Blosc_jll
   3024.2 ms  ✓ libzip_jll
   1893.1 ms  ✓ Hwloc_jll
   3101.3 ms  ✓ HDF4_jll
   2195.8 ms  ✓ LibPQ_jll
   6983.4 ms  ✓ Xorg_libxcb_jll
   2894.6 ms  ✓ Glib_jll
   1792.4 ms  ✓ LittleCMS_jll
   6494.8 ms  ✓ boost_jll
   2578.0 ms  ✓ PROJ_jll
   7917.5 ms  ✓ Tables
   2599.5 ms  ✓ OpenMPI_jll
   1320.5 ms  ✓ Xorg_libX11_jll
  17264.2 ms  ✓ SparseArrays
   1251.0 ms  ✓ OpenJpeg_jll
   1206.2 ms  ✓ Thrift_jll
   2822.9 ms  ✓ MPICH_jll
    968.9 ms  ✓ libgeotiff_jll
    603.6 ms  ✓ Statistics → SparseArraysExt
    690.1 ms  ✓ Xorg_libXext_jll
    739.9 ms  ✓ Arrow_jll
    738.5 ms  ✓ Libglvnd_jll
   1696.3 ms  ✓ HDF5_jll
    767.1 ms  ✓ libwebp_jll
    747.9 ms  ✓ Leptonica_jll
   1211.9 ms  ✓ NetCDF_jll
   2015.8 ms  ✓ GDAL_jll
   1194.2 ms  ✓ GMT_jll
  79425.8 ms  ✓ GMT
  82 dependencies successfully precompiled in 105 seconds. 26 already precompiled.
  24 dependencies precompiled but different versions are currently loaded (ArgTools, Base64, Dates, Downloads, JuliaSyntaxHighlighting, LibCURL, LibCURL_jll, LibGit2, LibGit2_jll, LibSSH2_jll, Logging, Markdown, MozillaCACerts_jll, NetworkOptions, OpenSSL_jll, Pkg, Printf, StyledStrings, TOML, Tar, UUIDs, Zlib_jll, nghttp2_jll and p7zip_jll). Restart julia to access the new versions. Otherwise, 70 dependents of these packages may trigger further precompilation to work with the unexpected versions.
	Command being timed: "nice -n -10 timeout -k120 -v 3600 julia +1.12.7 --project=G/GMT/Create-A-Xy-Plot -e using Pkg; @time @eval Pkg.precompile()"
	User time (seconds): 355.99
	System time (seconds): 22.26
	Percent of CPU this job got: 222%
	Elapsed (wall clock) time (h:mm:ss or m:ss): 2:49.73
	Average shared text size (kbytes): 0
	Average unshared data size (kbytes): 0
	Average stack size (kbytes): 0
	Average total size (kbytes): 0
	Maximum resident set size (kbytes): 2901460
	Average resident set size (kbytes): 0
	Major (requiring I/O) page faults: 307
	Minor (reclaiming a frame) page faults: 6177144
	Voluntary context switches: 20259
	Involuntary context switches: 19050
	Swaps: 0
	File system inputs: 0
	File system outputs: 860776
	Socket messages sent: 0
	Socket messages received: 0
	Signals delivered: 0
	Page size (bytes): 4096
	Exit status: 0
