nice: cannot set niceness: Permission denied
Precompiling packages...
    946.0 ms  ✓ LazyArtifacts
    957.1 ms  ✓ DataValueInterfaces
    955.4 ms  ✓ IteratorInterfaceExtensions
   1062.4 ms  ✓ PCRE2_jll
   1074.8 ms  ✓ Zlib_jll
   1071.3 ms  ✓ SuiteSparse_jll
   1072.9 ms  ✓ CompilerSupportLibraries_jll
   1085.4 ms  ✓ DataAPI
   1362.6 ms  ✓ OrderedCollections
   1281.4 ms  ✓ Preferences
    357.8 ms  ✓ TableTraits
    340.1 ms  ✓ PrecompileTools
    372.0 ms  ✓ JLLWrappers
    756.3 ms  ✓ MPIPreferences
   2290.4 ms  ✓ MicrosoftMPI_jll
   2287.6 ms  ✓ Xorg_xtrans_jll
   2234.8 ms  ✓ libpng_jll
   2352.7 ms  ✓ Xorg_libXdmcp_jll
   2358.4 ms  ✓ LASzip_jll
   2385.1 ms  ✓ Xorg_libXau_jll
   2393.5 ms  ✓ OpenSSL_jll
   2391.7 ms  ✓ JpegTurbo_jll
   2379.2 ms  ✓ dlfcn_win32_jll
   2685.8 ms  ✓ snappy_jll
   2776.3 ms  ✓ XZ_jll
   2783.5 ms  ✓ brotli_jll
   2710.6 ms  ✓ Zstd_jll
   3287.4 ms  ✓ Qhull_jll
   3705.7 ms  ✓ Tables
   2482.5 ms  ✓ Libmount_jll
   2478.1 ms  ✓ Libiconv_jll
   2417.0 ms  ✓ Libffi_jll
   2518.8 ms  ✓ LLVMOpenMP_jll
   2588.5 ms  ✓ PCRE_jll
   2503.6 ms  ✓ Expat_jll
   2502.0 ms  ✓ Lz4_jll
   2593.8 ms  ✓ Bzip2_jll
   2281.8 ms  ✓ Xorg_libpciaccess_jll
   2409.7 ms  ✓ Kerberos_krb5_jll
   2396.8 ms  ✓ FFTW_jll
   2420.8 ms  ✓ Giflib_jll
   2495.8 ms  ✓ libaec_jll
   3085.2 ms  ✓ ICU_jll
   2279.5 ms  ✓ OpenBLAS32_jll
   2310.6 ms  ✓ LAPACK32_jll
   2210.3 ms  ✓ MPItrampoline_jll
   2324.0 ms  ✓ LERC_jll
   2407.7 ms  ✓ GEOS_jll
   2328.5 ms  ✓ SQLite_jll
   2384.8 ms  ✓ XML2_jll
   2299.6 ms  ✓ muparser_jll
   2142.5 ms  ✓ Blosc_jll
   2327.4 ms  ✓ GettextRuntime_jll
   1974.7 ms  ✓ libzip_jll
   3112.3 ms  ✓ Ghostscript_jll
   1902.9 ms  ✓ HDF4_jll
   5701.2 ms  ✓ Xorg_libxcb_jll
   1120.2 ms  ✓ LibPQ_jll
    904.0 ms  ✓ Hwloc_jll
   1181.3 ms  ✓ Libtiff_jll
   1105.1 ms  ✓ Glib_jll
   9206.2 ms  ✓ SparseArrays
   3084.1 ms  ✓ boost_jll
    783.1 ms  ✓ Xorg_libX11_jll
    698.4 ms  ✓ OpenMPI_jll
    801.7 ms  ✓ LittleCMS_jll
    850.2 ms  ✓ MPICH_jll
    997.7 ms  ✓ PROJ_jll
    801.4 ms  ✓ Statistics
    578.1 ms  ✓ Xorg_libXext_jll
    617.8 ms  ✓ Thrift_jll
    554.4 ms  ✓ OpenJpeg_jll
    507.1 ms  ✓ libgeotiff_jll
    440.8 ms  ✓ Arrow_jll
    488.7 ms  ✓ Libglvnd_jll
    830.1 ms  ✓ HDF5_jll
    429.2 ms  ✓ NetCDF_jll
    465.0 ms  ✓ libwebp_jll
    442.6 ms  ✓ Leptonica_jll
    918.2 ms  ✓ GDAL_jll
    431.6 ms  ✓ GMT_jll
  59274.3 ms  ✓ GMT
  82 dependencies successfully precompiled in 73 seconds
	Command being timed: "nice -n -10 timeout -k120 -v 3600 julia +lts --project=G/GMT/Create-A-Xy-Plot -e using Pkg; @time @eval Pkg.precompile()"
	User time (seconds): 161.90
	System time (seconds): 17.46
	Percent of CPU this job got: 236%
	Elapsed (wall clock) time (h:mm:ss or m:ss): 1:15.84
	Average shared text size (kbytes): 0
	Average unshared data size (kbytes): 0
	Average stack size (kbytes): 0
	Average total size (kbytes): 0
	Maximum resident set size (kbytes): 3132316
	Average resident set size (kbytes): 0
	Major (requiring I/O) page faults: 188
	Minor (reclaiming a frame) page faults: 4082580
	Voluntary context switches: 108308
	Involuntary context switches: 29153
	Swaps: 0
	File system inputs: 0
	File system outputs: 495512
	Socket messages sent: 0
	Socket messages received: 0
	Signals delivered: 0
	Page size (bytes): 4096
	Exit status: 0
