nice: cannot set niceness: Permission denied
Precompiling packages...
    949.9 ms  ✓ DataValueInterfaces
   1027.7 ms  ✓ DataAPI
   1028.7 ms  ✓ IteratorInterfaceExtensions
   1028.1 ms  ✓ LazyArtifacts
   1033.7 ms  ✓ PCRE2_jll
   1039.9 ms  ✓ Zlib_jll
   1053.3 ms  ✓ SuiteSparse_jll
   1123.4 ms  ✓ CompilerSupportLibraries_jll
   1341.5 ms  ✓ OrderedCollections
   1252.9 ms  ✓ Preferences
    299.0 ms  ✓ TableTraits
    319.5 ms  ✓ PrecompileTools
    380.1 ms  ✓ JLLWrappers
    766.7 ms  ✓ MPIPreferences
   2187.5 ms  ✓ LASzip_jll
   2120.5 ms  ✓ dlfcn_win32_jll
   2197.4 ms  ✓ Xorg_xtrans_jll
   2292.6 ms  ✓ MicrosoftMPI_jll
   2294.2 ms  ✓ snappy_jll
   2386.4 ms  ✓ XZ_jll
   2391.1 ms  ✓ JpegTurbo_jll
   2453.4 ms  ✓ Xorg_libXdmcp_jll
   2552.8 ms  ✓ Xorg_libXau_jll
   2801.2 ms  ✓ brotli_jll
   2960.0 ms  ✓ OpenSSL_jll
   2598.4 ms  ✓ Zstd_jll
   3001.2 ms  ✓ libpng_jll
   3257.3 ms  ✓ Qhull_jll
   4211.8 ms  ✓ Tables
   2375.8 ms  ✓ aws_c_common_jll
   2394.9 ms  ✓ PCRE_jll
   2495.1 ms  ✓ Libmount_jll
   2464.4 ms  ✓ Libiconv_jll
   2465.1 ms  ✓ LLVMOpenMP_jll
   2319.4 ms  ✓ Bzip2_jll
   2405.0 ms  ✓ Libffi_jll
   2467.0 ms  ✓ Expat_jll
   2700.6 ms  ✓ GEOS_jll
   2331.9 ms  ✓ Kerberos_krb5_jll
   2435.8 ms  ✓ Lz4_jll
   2315.2 ms  ✓ Xorg_libpciaccess_jll
   2430.4 ms  ✓ FFTW_jll
   3016.5 ms  ✓ ICU_jll
   2762.3 ms  ✓ libaec_jll
   2304.5 ms  ✓ Giflib_jll
   2369.9 ms  ✓ LERC_jll
   2295.5 ms  ✓ s2n_tls_jll
   2212.2 ms  ✓ MPItrampoline_jll
   2401.3 ms  ✓ LAPACK32_jll
   2423.8 ms  ✓ OpenBLAS32_jll
   2603.4 ms  ✓ SQLite_jll
   2422.0 ms  ✓ Blosc_jll
   2493.7 ms  ✓ aws_c_cal_jll
   2587.1 ms  ✓ aws_checksums_jll
   2398.4 ms  ✓ aws_c_compression_jll
   2311.6 ms  ✓ XML2_jll
   3821.7 ms  ✓ Ghostscript_jll
   1795.7 ms  ✓ aws_c_sdkutils_jll
   1915.9 ms  ✓ muparser_jll
   2148.1 ms  ✓ GettextRuntime_jll
   1734.1 ms  ✓ LibPQ_jll
   2013.2 ms  ✓ libzip_jll
   1683.5 ms  ✓ Libtiff_jll
   1902.7 ms  ✓ HDF4_jll
   1403.0 ms  ✓ aws_c_io_jll
  10152.2 ms  ✓ SparseArrays
   1003.8 ms  ✓ Hwloc_jll
   4637.5 ms  ✓ Xorg_libxcb_jll
   1155.8 ms  ✓ Glib_jll
   1014.4 ms  ✓ LittleCMS_jll
    993.4 ms  ✓ aws_c_http_jll
   1397.9 ms  ✓ PROJ_jll
   3533.6 ms  ✓ boost_jll
    917.2 ms  ✓ OpenMPI_jll
   1026.2 ms  ✓ MPIABI_jll
   1171.1 ms  ✓ MPICH_jll
   1200.7 ms  ✓ Statistics
    898.9 ms  ✓ Xorg_libX11_jll
    868.5 ms  ✓ OpenJpeg_jll
    790.0 ms  ✓ aws_c_auth_jll
    631.3 ms  ✓ Thrift_jll
    661.8 ms  ✓ libgeotiff_jll
    455.5 ms  ✓ mpif_jll
    471.0 ms  ✓ Xorg_libXext_jll
    412.8 ms  ✓ aws_c_s3_jll
    430.9 ms  ✓ Arrow_jll
    461.5 ms  ✓ Libglvnd_jll
    649.8 ms  ✓ HDF5_jll
    450.4 ms  ✓ libwebp_jll
    463.1 ms  ✓ NetCDF_jll
    449.0 ms  ✓ Leptonica_jll
    930.9 ms  ✓ GDAL_jll
    447.8 ms  ✓ GMT_jll
  60480.7 ms  ✓ GMT
  94 dependencies successfully precompiled in 77 seconds
	Command being timed: "nice -n -10 timeout -k120 -v 3600 julia +lts --project=G/GMT/Create-A-Xy-Plot -e using Pkg; @time @eval Pkg.precompile()"
	User time (seconds): 170.28
	System time (seconds): 20.56
	Percent of CPU this job got: 238%
	Elapsed (wall clock) time (h:mm:ss or m:ss): 1:19.94
	Average shared text size (kbytes): 0
	Average unshared data size (kbytes): 0
	Average stack size (kbytes): 0
	Average total size (kbytes): 0
	Maximum resident set size (kbytes): 3018052
	Average resident set size (kbytes): 0
	Major (requiring I/O) page faults: 252
	Minor (reclaiming a frame) page faults: 4545368
	Voluntary context switches: 120343
	Involuntary context switches: 33734
	Swaps: 0
	File system inputs: 2416
	File system outputs: 499408
	Socket messages sent: 0
	Socket messages received: 0
	Signals delivered: 0
	Page size (bytes): 4096
	Exit status: 0
