nice: cannot set niceness: Permission denied
Precompiling packages...
   1569.3 ms  ✓ UUIDs
   1591.9 ms  ✓ MozillaCACerts_jll
   1664.2 ms  ✓ Zlib_jll
   1709.9 ms  ✓ OpenSSL_jll
   1689.4 ms  ✓ Logging
   1711.6 ms  ✓ NetworkOptions
   1768.4 ms  ✓ Unicode
   1759.4 ms  ✓ nghttp2_jll
   1807.2 ms  ✓ Base64
   1808.8 ms  ✓ CompilerSupportLibraries_jll
    516.9 ms  ✓ LibSSH2_jll
    617.7 ms  ✓ p7zip_jll
    697.9 ms  ✓ Printf
    538.9 ms  ✓ LibGit2_jll
    537.1 ms  ✓ LibCURL_jll
   3414.6 ms  ✓ ArgTools
    806.1 ms  ✓ LibCURL
    657.7 ms  ✓ Tar
   2996.1 ms  ✓ Dates
   3162.1 ms  ✓ LibGit2
    493.6 ms  ✓ TOML
   3128.1 ms  ✓ Downloads
   9740.8 ms  ✓ StyledStrings
   1648.0 ms  ✓ JuliaSyntaxHighlighting
   3870.1 ms  ✓ Markdown
  47899.0 ms  ✓ Pkg
  26 dependencies successfully precompiled in 63 seconds
Precompiling packages...
   1175.0 ms  ✓ IteratorInterfaceExtensions
   1374.7 ms  ✓ PCRE2_jll
   1400.2 ms  ✓ DataValueInterfaces
   1582.3 ms  ✓ DataAPI
   1602.6 ms  ✓ SuiteSparse_jll
   1702.5 ms  ✓ Statistics
   1801.3 ms  ✓ Preferences
   1878.7 ms  ✓ Serialization
    827.8 ms  ✓ TableTraits
   2221.4 ms  ✓ LazyArtifacts
    749.4 ms  ✓ PrecompileTools
    849.4 ms  ✓ JLLWrappers
   1670.1 ms  ✓ MPIPreferences
   5880.1 ms  ✓ OrderedCollections
   3377.0 ms  ✓ dlfcn_win32_jll
   3412.1 ms  ✓ Xorg_xtrans_jll
   3501.0 ms  ✓ MicrosoftMPI_jll
   3691.5 ms  ✓ Xorg_libXau_jll
   3693.9 ms  ✓ Xorg_libXdmcp_jll
   3764.0 ms  ✓ libpng_jll
   3919.0 ms  ✓ LASzip_jll
   3911.7 ms  ✓ snappy_jll
   4298.9 ms  ✓ JpegTurbo_jll
   4473.5 ms  ✓ XZ_jll
   4789.0 ms  ✓ brotli_jll
   3990.4 ms  ✓ Zstd_jll
   6001.3 ms  ✓ Qhull_jll
   3608.7 ms  ✓ Libmount_jll
   9458.1 ms  ✓ InteractiveUtils
   3502.6 ms  ✓ LLVMOpenMP_jll
   3709.0 ms  ✓ PCRE_jll
   3690.3 ms  ✓ Libffi_jll
   4035.6 ms  ✓ Libiconv_jll
   3824.7 ms  ✓ Bzip2_jll
   3304.0 ms  ✓ Kerberos_krb5_jll
   4006.2 ms  ✓ Lz4_jll
   4259.5 ms  ✓ GEOS_jll
   3944.4 ms  ✓ Xorg_libpciaccess_jll
   3996.5 ms  ✓ FFTW_jll
   4590.6 ms  ✓ ICU_jll
   3895.5 ms  ✓ libaec_jll
   3503.2 ms  ✓ Giflib_jll
   3493.3 ms  ✓ LERC_jll
   3802.2 ms  ✓ OpenBLAS32_jll
   3709.1 ms  ✓ LAPACK32_jll
   4073.1 ms  ✓ SQLite_jll
   3539.0 ms  ✓ muparser_jll
   3700.9 ms  ✓ XML2_jll
   3908.9 ms  ✓ GettextRuntime_jll
   5527.0 ms  ✓ MPItrampoline_jll
   3204.5 ms  ✓ Expat_jll
   3827.7 ms  ✓ libzip_jll
   3014.4 ms  ✓ Blosc_jll
   9719.6 ms  ✓ Xorg_libxcb_jll
   3007.7 ms  ✓ LibPQ_jll
   2920.6 ms  ✓ Libtiff_jll
   5890.1 ms  ✓ Ghostscript_jll
   3291.9 ms  ✓ HDF4_jll
   2024.2 ms  ✓ Hwloc_jll
   1573.3 ms  ✓ Xorg_libX11_jll
   7412.7 ms  ✓ boost_jll
   2395.1 ms  ✓ Glib_jll
   1588.1 ms  ✓ LittleCMS_jll
   2086.9 ms  ✓ PROJ_jll
   8423.1 ms  ✓ Tables
   1237.7 ms  ✓ Xorg_libXext_jll
   1294.7 ms  ✓ Thrift_jll
   2182.1 ms  ✓ OpenMPI_jll
  17243.6 ms  ✓ SparseArrays
   1222.3 ms  ✓ OpenJpeg_jll
   2462.2 ms  ✓ MPICH_jll
   1046.4 ms  ✓ libgeotiff_jll
    610.4 ms  ✓ Statistics → SparseArraysExt
    835.3 ms  ✓ Arrow_jll
    974.6 ms  ✓ Libglvnd_jll
    783.9 ms  ✓ libwebp_jll
   1655.7 ms  ✓ HDF5_jll
    785.4 ms  ✓ Leptonica_jll
   1201.9 ms  ✓ NetCDF_jll
   2049.6 ms  ✓ GDAL_jll
   1220.9 ms  ✓ GMT_jll
  79060.9 ms  ✓ GMT
  82 dependencies successfully precompiled in 105 seconds. 26 already precompiled.
  24 dependencies precompiled but different versions are currently loaded (ArgTools, Base64, Dates, Downloads, JuliaSyntaxHighlighting, LibCURL, LibCURL_jll, LibGit2, LibGit2_jll, LibSSH2_jll, Logging, Markdown, MozillaCACerts_jll, NetworkOptions, OpenSSL_jll, Pkg, Printf, StyledStrings, TOML, Tar, UUIDs, Zlib_jll, nghttp2_jll and p7zip_jll). Restart julia to access the new versions. Otherwise, 70 dependents of these packages may trigger further precompilation to work with the unexpected versions.
	Command being timed: "nice -n -10 timeout -k120 -v 3600 julia +release --project=G/GMT/Create-A-Xy-Plot -e using Pkg; @time @eval Pkg.precompile()"
	User time (seconds): 356.46
	System time (seconds): 21.95
	Percent of CPU this job got: 222%
	Elapsed (wall clock) time (h:mm:ss or m:ss): 2:49.74
	Average shared text size (kbytes): 0
	Average unshared data size (kbytes): 0
	Average stack size (kbytes): 0
	Average total size (kbytes): 0
	Maximum resident set size (kbytes): 2923380
	Average resident set size (kbytes): 0
	Major (requiring I/O) page faults: 288
	Minor (reclaiming a frame) page faults: 6183472
	Voluntary context switches: 20951
	Involuntary context switches: 18702
	Swaps: 0
	File system inputs: 0
	File system outputs: 859920
	Socket messages sent: 0
	Socket messages received: 0
	Signals delivered: 0
	Page size (bytes): 4096
	Exit status: 0
