Precompiling Pkg...
    953.9 ms  ✓ Logging
    952.0 ms  ✓ MozillaCACerts_jll
    974.1 ms  ✓ Zlib_jll
    983.9 ms  ✓ MbedTLS_jll
   1087.3 ms  ✓ UUIDs
   1121.1 ms  ✓ Unicode
   1177.4 ms  ✓ nghttp2_jll
   1184.5 ms  ✓ NetworkOptions
   1181.6 ms  ✓ p7zip_jll
   1201.9 ms  ✓ Base64
    452.5 ms  ✓ LibSSH2_jll
    514.3 ms  ✓ Printf
    361.1 ms  ✓ LibGit2_jll
    360.0 ms  ✓ LibCURL_jll
   2102.2 ms  ✓ ArgTools
    622.0 ms  ✓ LibCURL
    565.1 ms  ✓ Tar
   2359.2 ms  ✓ Dates
   2928.0 ms  ✓ Markdown
   2454.7 ms  ✓ LibGit2
    426.7 ms  ✓ TOML
   3026.6 ms  ✓ Downloads
  42609.1 ms  ✓ Pkg
  23 dependencies successfully precompiled in 48 seconds
Precompiling project...
   1682.5 ms  ✓ IteratorInterfaceExtensions
   1690.5 ms  ✓ DataValueInterfaces
   1764.6 ms  ✓ DataAPI
   1773.8 ms  ✓ LaTeXStrings
   1961.4 ms  ✓ PCRE2_jll
   1968.8 ms  ✓ SuiteSparse_jll
   1982.7 ms  ✓ Reexport
   2103.2 ms  ✓ Statistics
   2170.0 ms  ✓ OrderedCollections
   2186.4 ms  ✓ CompilerSupportLibraries_jll
   2335.4 ms  ✓ Serialization
    695.1 ms  ✓ TableTraits
   2373.1 ms  ✓ Preferences
   3001.2 ms  ✓ LazyArtifacts
    895.8 ms  ✓ PrecompileTools
   3298.0 ms  ✓ Crayons
    998.0 ms  ✓ MPIPreferences
    994.1 ms  ✓ JLLWrappers
   3868.5 ms  ✓ InteractiveUtils
   3206.7 ms  ✓ Tables
   2270.5 ms  ✓ MicrosoftMPI_jll
   2456.4 ms  ✓ snappy_jll
   2480.4 ms  ✓ Xorg_xtrans_jll
   2550.5 ms  ✓ Xorg_libXdmcp_jll
   2675.5 ms  ✓ OpenSSL_jll
   2659.5 ms  ✓ Xorg_libXau_jll
   2856.8 ms  ✓ JpegTurbo_jll
   2861.4 ms  ✓ XZ_jll
   2898.3 ms  ✓ libpng_jll
   3767.1 ms  ✓ LASzip_jll
   3582.8 ms  ✓ brotli_jll
   4373.3 ms  ✓ Qhull_jll
   2580.8 ms  ✓ PCRE_jll
   2617.4 ms  ✓ Hwloc_jll
   2596.9 ms  ✓ Libiconv_jll
   3078.9 ms  ✓ Zstd_jll
   2990.5 ms  ✓ Libmount_jll
   2606.4 ms  ✓ LLVMOpenMP_jll
   3003.2 ms  ✓ Libffi_jll
   3018.2 ms  ✓ Bzip2_jll
   3112.5 ms  ✓ Expat_jll
   3122.8 ms  ✓ GEOS_jll
   3019.7 ms  ✓ Lz4_jll
   2909.8 ms  ✓ Kerberos_krb5_jll
   2706.9 ms  ✓ LERC_jll
   3086.2 ms  ✓ ICU_jll
   2483.3 ms  ✓ LAPACK32_jll
   8262.9 ms  ✓ boost_jll
   3391.0 ms  ✓ FFTW_jll
   3216.2 ms  ✓ Giflib_jll
   3200.0 ms  ✓ SQLite_jll
   8668.0 ms  ✓ StringManipulation
   4109.0 ms  ✓ libaec_jll
   5399.7 ms  ✓ Ghostscript_jll
   3489.6 ms  ✓ OpenBLAS32_jll
   2515.7 ms  ✓ XML2_jll
   4801.6 ms  ✓ MPItrampoline_jll
   2633.5 ms  ✓ GettextRuntime_jll
   2703.9 ms  ✓ libzip_jll
   2418.1 ms  ✓ LibPQ_jll
   2473.3 ms  ✓ Thrift_jll
   2700.5 ms  ✓ Blosc_jll
   2499.1 ms  ✓ Libtiff_jll
   5410.9 ms  ✓ OpenMPI_jll
  12538.2 ms  ✓ SparseArrays
   4914.5 ms  ✓ Xorg_libxcb_jll
   4571.2 ms  ✓ MPICH_jll
   1312.5 ms  ✓ LittleCMS_jll
   1438.5 ms  ✓ Arrow_jll
   1674.4 ms  ✓ Glib_jll
   1534.6 ms  ✓ PROJ_jll
   1097.9 ms  ✓ Statistics → SparseArraysExt
    961.2 ms  ✓ Xorg_libX11_jll
    755.2 ms  ✓ OpenJpeg_jll
    664.5 ms  ✓ libgeotiff_jll
    525.7 ms  ✓ Xorg_libXext_jll
   1840.5 ms  ✓ HDF5_jll
    580.7 ms  ✓ Libglvnd_jll
    630.3 ms  ✓ libwebp_jll
   1003.4 ms  ✓ NetCDF_jll
    602.8 ms  ✓ Leptonica_jll
   1579.4 ms  ✓ GDAL_jll
    975.6 ms  ✓ GMT_jll
  17881.5 ms  ✓ PrettyTables
 152934.3 ms  ✓ GMT
  85 dependencies successfully precompiled in 183 seconds. 23 already precompiled.
	Command being timed: "julia +1.11.5 --project=G/GMT/Create-A-Xy-Plot -e using Pkg; @time @eval Pkg.precompile()"
	User time (seconds): 474.19
	System time (seconds): 23.50
	Percent of CPU this job got: 213%
	Elapsed (wall clock) time (h:mm:ss or m:ss): 3:53.06
	Average shared text size (kbytes): 0
	Average unshared data size (kbytes): 0
	Average stack size (kbytes): 0
	Average total size (kbytes): 0
	Maximum resident set size (kbytes): 3932804
	Average resident set size (kbytes): 0
	Major (requiring I/O) page faults: 376
	Minor (reclaiming a frame) page faults: 5888287
	Voluntary context switches: 138498
	Involuntary context switches: 56004
	Swaps: 0
	File system inputs: 0
	File system outputs: 1101120
	Socket messages sent: 0
	Socket messages received: 0
	Signals delivered: 0
	Page size (bytes): 4096
	Exit status: 0
