nice: cannot set niceness: Permission denied
Precompiling packages...
    424.9 ms  ✓ IfElse
    427.4 ms  ✓ CommonWorldInvalidations
    507.2 ms  ✓ StaticArraysCore
    557.3 ms  ✓ ConstructionBase
    787.7 ms  ✓ SciMLPublic
    420.4 ms  ✓ Unicode
    430.3 ms  ✓ ConstructionBase → ConstructionBaseLinearAlgebraExt
    642.2 ms  ✓ Requires
    499.2 ms  ✓ Compat
    425.9 ms  ✓ Adapt
    367.1 ms  ✓ Compat → CompatLinearAlgebraExt
    526.8 ms  ✓ ArrayInterface
    537.9 ms  ✓ Functors
    344.5 ms  ✓ ArrayInterface → ArrayInterfaceStaticArraysCoreExt
   1724.6 ms  ✓ Preferences
   1148.3 ms  ✓ ChainRulesCore
    384.6 ms  ✓ PrecompileTools
    349.1 ms  ✓ ArrayInterface → ArrayInterfaceChainRulesCoreExt
  16829.6 ms  ✓ Static
  10473.4 ms  ✓ StaticArrayInterface
    736.5 ms  ✓ ComponentArrays
  21 dependencies successfully precompiled in 31 seconds. 4 already precompiled.
	Command being timed: "nice -n -10 timeout -k120 -v 3600 julia +alpha --project=C/ComponentArrays/Basic-Manipulations -e using Pkg; @time @eval Pkg.precompile()"
	User time (seconds): 180.00
	System time (seconds): 9.43
	Percent of CPU this job got: 131%
	Elapsed (wall clock) time (h:mm:ss or m:ss): 2:23.59
	Average shared text size (kbytes): 0
	Average unshared data size (kbytes): 0
	Average stack size (kbytes): 0
	Average total size (kbytes): 0
	Maximum resident set size (kbytes): 2752372
	Average resident set size (kbytes): 0
	Major (requiring I/O) page faults: 198
	Minor (reclaiming a frame) page faults: 3822428
	Voluntary context switches: 9100
	Involuntary context switches: 1599
	Swaps: 0
	File system inputs: 8
	File system outputs: 375544
	Socket messages sent: 0
	Socket messages received: 0
	Signals delivered: 0
	Page size (bytes): 4096
	Exit status: 0
