nice: cannot set niceness: Permission denied
Precompiling packages...
    434.8 ms  ✓ IfElse
    441.4 ms  ✓ CommonWorldInvalidations
    510.3 ms  ✓ StaticArraysCore
    581.0 ms  ✓ ConstructionBase
    835.1 ms  ✓ SciMLPublic
    425.7 ms  ✓ Unicode
    393.1 ms  ✓ ConstructionBase → ConstructionBaseLinearAlgebraExt
    650.7 ms  ✓ Requires
    515.1 ms  ✓ Compat
    425.4 ms  ✓ Adapt
    385.2 ms  ✓ Compat → CompatLinearAlgebraExt
    524.5 ms  ✓ ArrayInterface
    548.1 ms  ✓ Functors
    356.8 ms  ✓ ArrayInterface → ArrayInterfaceStaticArraysCoreExt
   1795.3 ms  ✓ Preferences
   1181.3 ms  ✓ ChainRulesCore
    385.8 ms  ✓ PrecompileTools
    367.1 ms  ✓ ArrayInterface → ArrayInterfaceChainRulesCoreExt
  18012.1 ms  ✓ Static
  12844.2 ms  ✓ StaticArrayInterface
    746.9 ms  ✓ ComponentArrays
  21 dependencies successfully precompiled in 35 seconds. 4 already precompiled.
	Command being timed: "nice -n -10 timeout -k120 -v 3600 julia +nightly --project=C/ComponentArrays/Basic-Manipulations -e using Pkg; @time @eval Pkg.precompile()"
	User time (seconds): 192.99
	System time (seconds): 10.01
	Percent of CPU this job got: 134%
	Elapsed (wall clock) time (h:mm:ss or m:ss): 2:31.43
	Average shared text size (kbytes): 0
	Average unshared data size (kbytes): 0
	Average stack size (kbytes): 0
	Average total size (kbytes): 0
	Maximum resident set size (kbytes): 2577404
	Average resident set size (kbytes): 0
	Major (requiring I/O) page faults: 228
	Minor (reclaiming a frame) page faults: 4040150
	Voluntary context switches: 10257
	Involuntary context switches: 2173
	Swaps: 0
	File system inputs: 0
	File system outputs: 391136
	Socket messages sent: 0
	Socket messages received: 0
	Signals delivered: 0
	Page size (bytes): 4096
	Exit status: 0
