nice: cannot set niceness: Permission denied
Precompiling packages...
   0.2 s  ✓ IfElse
   0.2 s  ✓ SciMLPublic
   0.3 s  ✓ CommonWorldInvalidations
   0.3 s  ✓ Adapt
   0.3 s  ✓ StaticArraysCore
   0.2 s  ✓ Unicode
   0.3 s  ✓ ConstructionBase
   0.4 s  ✓ CompilerSupportLibraries_jll
   0.4 s  ✓ ArrayInterface
   0.2 s  ✓ ConstructionBase → ConstructionBaseLinearAlgebraExt
   0.3 s  ✓ Compat
   0.2 s  ✓ ArrayInterface → ArrayInterfaceStaticArraysCoreExt
   0.2 s  ✓ Compat → CompatLinearAlgebraExt
   0.4 s  ✓ Functors
   0.9 s  ✓ ChainRulesCore
   1.5 s  ✓ Preferences
   0.2 s  ✓ ArrayInterface → ArrayInterfaceChainRulesCoreExt
   0.4 s  ✓ PrecompileTools
  20.6 s  ✓ Static
   3.4 s  ✓ StaticArrayInterface
   0.7 s  ✓ ComponentArrays
  21 dependencies successfully precompiled in 27 seconds. 4 already precompiled.
	Command being timed: "nice -n -10 timeout -k120 -v 3600 julia +alpha --project=C/ComponentArrays/Basic-Manipulations -e using Pkg; @time @eval Pkg.precompile()"
	User time (seconds): 166.09
	System time (seconds): 9.36
	Percent of CPU this job got: 131%
	Elapsed (wall clock) time (h:mm:ss or m:ss): 2:12.98
	Average shared text size (kbytes): 0
	Average unshared data size (kbytes): 0
	Average stack size (kbytes): 0
	Average total size (kbytes): 0
	Maximum resident set size (kbytes): 2626648
	Average resident set size (kbytes): 0
	Major (requiring I/O) page faults: 291
	Minor (reclaiming a frame) page faults: 3721126
	Voluntary context switches: 11659
	Involuntary context switches: 1923
	Swaps: 0
	File system inputs: 0
	File system outputs: 370624
	Socket messages sent: 0
	Socket messages received: 0
	Signals delivered: 0
	Page size (bytes): 4096
	Exit status: 0
