nice: cannot set niceness: Permission denied
Precompiling packages...
    414.7 ms  ✓ IfElse
    431.4 ms  ✓ CommonWorldInvalidations
    563.7 ms  ✓ StaticArraysCore
    617.5 ms  ✓ ConstructionBase
    872.3 ms  ✓ SciMLPublic
    470.4 ms  ✓ Unicode
    425.0 ms  ✓ ConstructionBase → ConstructionBaseLinearAlgebraExt
    698.6 ms  ✓ Requires
    494.4 ms  ✓ Compat
    410.5 ms  ✓ Adapt
    363.5 ms  ✓ Compat → CompatLinearAlgebraExt
    501.9 ms  ✓ ArrayInterface
    535.8 ms  ✓ Functors
    338.2 ms  ✓ ArrayInterface → ArrayInterfaceStaticArraysCoreExt
   1698.0 ms  ✓ Preferences
   1138.1 ms  ✓ ChainRulesCore
    366.2 ms  ✓ PrecompileTools
    350.2 ms  ✓ ArrayInterface → ArrayInterfaceChainRulesCoreExt
  15255.8 ms  ✓ Static
   3633.2 ms  ✓ StaticArrayInterface
    706.3 ms  ✓ ComponentArrays
  21 dependencies successfully precompiled in 23 seconds. 4 already precompiled.
	Command being timed: "nice -n -10 timeout -k120 -v 3600 julia +alpha --project=C/ComponentArrays/Basic-Manipulations -e using Pkg; @time @eval Pkg.precompile()"
	User time (seconds): 167.01
	System time (seconds): 8.87
	Percent of CPU this job got: 132%
	Elapsed (wall clock) time (h:mm:ss or m:ss): 2:12.66
	Average shared text size (kbytes): 0
	Average unshared data size (kbytes): 0
	Average stack size (kbytes): 0
	Average total size (kbytes): 0
	Maximum resident set size (kbytes): 2596828
	Average resident set size (kbytes): 0
	Major (requiring I/O) page faults: 284
	Minor (reclaiming a frame) page faults: 3622434
	Voluntary context switches: 9230
	Involuntary context switches: 1705
	Swaps: 0
	File system inputs: 0
	File system outputs: 361312
	Socket messages sent: 0
	Socket messages received: 0
	Signals delivered: 0
	Page size (bytes): 4096
	Exit status: 0
