nice: cannot set niceness: Permission denied
Precompiling packages...
  75614.6 ms  ✓ Pkg (serial)
  1 dependency successfully precompiled in 76 seconds
Precompiling packages...
    781.2 ms  ✓ Unicode
    849.1 ms  ✓ IfElse
    880.5 ms  ✓ CompilerSupportLibraries_jll
    887.4 ms  ✓ Adapt
    895.8 ms  ✓ CommonWorldInvalidations
    952.2 ms  ✓ SciMLPublic
    965.3 ms  ✓ StaticArraysCore
    686.3 ms  ✓ Preferences
    426.8 ms  ✓ PrecompileTools
   2091.9 ms  ✓ ConstructionBase
   1661.2 ms  ✓ Compat
    398.8 ms  ✓ ConstructionBase → ConstructionBaseLinearAlgebraExt
   1625.1 ms  ✓ ArrayInterface
    376.7 ms  ✓ Compat → CompatLinearAlgebraExt
    350.4 ms  ✓ ArrayInterface → ArrayInterfaceStaticArraysCoreExt
   1412.0 ms  ✓ Functors
   2011.2 ms  ✓ ChainRulesCore
    363.6 ms  ✓ ArrayInterface → ArrayInterfaceChainRulesCoreExt
   9164.9 ms  ✓ Static
   1402.3 ms  ✓ StaticArrayInterface
    767.5 ms  ✓ ComponentArrays
  21 dependencies successfully precompiled in 13 seconds. 4 already precompiled.
	Command being timed: "nice -n -10 timeout -k120 -v 3600 julia +release --project=C/ComponentArrays/Basic-Manipulations -e using Pkg; @time @eval Pkg.precompile()"
	User time (seconds): 159.56
	System time (seconds): 8.10
	Percent of CPU this job got: 186%
	Elapsed (wall clock) time (h:mm:ss or m:ss): 1:29.87
	Average shared text size (kbytes): 0
	Average unshared data size (kbytes): 0
	Average stack size (kbytes): 0
	Average total size (kbytes): 0
	Maximum resident set size (kbytes): 2153340
	Average resident set size (kbytes): 0
	Major (requiring I/O) page faults: 200
	Minor (reclaiming a frame) page faults: 2810697
	Voluntary context switches: 8886
	Involuntary context switches: 5316
	Swaps: 0
	File system inputs: 0
	File system outputs: 362664
	Socket messages sent: 0
	Socket messages received: 0
	Signals delivered: 0
	Page size (bytes): 4096
	Exit status: 0
