nice: cannot set niceness: Permission denied
Precompiling packages...
  73729.4 ms  ✓ Pkg (serial)
  1 dependency successfully precompiled in 74 seconds
Precompiling packages...
    635.3 ms  ✓ IfElse
    638.2 ms  ✓ CommonWorldInvalidations
    705.5 ms  ✓ Unicode
    745.0 ms  ✓ StaticArraysCore
    753.3 ms  ✓ SciMLPublic
    953.1 ms  ✓ Requires
    632.3 ms  ✓ Preferences
    420.9 ms  ✓ Adapt
    404.4 ms  ✓ PrecompileTools
   1789.0 ms  ✓ ConstructionBase
    384.2 ms  ✓ ConstructionBase → ConstructionBaseLinearAlgebraExt
   1477.4 ms  ✓ Compat
    369.4 ms  ✓ Compat → CompatLinearAlgebraExt
   1427.5 ms  ✓ ArrayInterface
    351.2 ms  ✓ ArrayInterface → ArrayInterfaceStaticArraysCoreExt
   1462.7 ms  ✓ Functors
   1956.3 ms  ✓ ChainRulesCore
    335.1 ms  ✓ ArrayInterface → ArrayInterfaceChainRulesCoreExt
   3902.4 ms  ✓ Static
   5274.1 ms  ✓ StaticArrayInterface
    746.2 ms  ✓ ComponentArrays
  21 dependencies successfully precompiled in 12 seconds. 4 already precompiled.
	Command being timed: "nice -n -10 timeout -k120 -v 3600 julia +release --project=C/ComponentArrays/Basic-Manipulations -e using Pkg; @time @eval Pkg.precompile()"
	User time (seconds): 149.40
	System time (seconds): 7.88
	Percent of CPU this job got: 182%
	Elapsed (wall clock) time (h:mm:ss or m:ss): 1:26.26
	Average shared text size (kbytes): 0
	Average unshared data size (kbytes): 0
	Average stack size (kbytes): 0
	Average total size (kbytes): 0
	Maximum resident set size (kbytes): 2151852
	Average resident set size (kbytes): 0
	Major (requiring I/O) page faults: 189
	Minor (reclaiming a frame) page faults: 2774614
	Voluntary context switches: 8685
	Involuntary context switches: 3800
	Swaps: 0
	File system inputs: 0
	File system outputs: 352736
	Socket messages sent: 0
	Socket messages received: 0
	Signals delivered: 0
	Page size (bytes): 4096
	Exit status: 0
