nice: cannot set niceness: Permission denied
Precompiling packages...
  75465.3 ms  ✓ Pkg (serial)
  1 dependency successfully precompiled in 75 seconds
Precompiling packages...
    793.4 ms  ✓ IfElse
    822.3 ms  ✓ CommonWorldInvalidations
    821.8 ms  ✓ Unicode
    875.9 ms  ✓ Adapt
    903.8 ms  ✓ StaticArraysCore
    922.3 ms  ✓ SciMLPublic
    991.2 ms  ✓ CompilerSupportLibraries_jll
    693.7 ms  ✓ Preferences
    412.0 ms  ✓ PrecompileTools
   2092.6 ms  ✓ ConstructionBase
   1552.4 ms  ✓ Compat
   1578.3 ms  ✓ ArrayInterface
    384.9 ms  ✓ ConstructionBase → ConstructionBaseLinearAlgebraExt
    378.1 ms  ✓ Compat → CompatLinearAlgebraExt
    357.5 ms  ✓ ArrayInterface → ArrayInterfaceStaticArraysCoreExt
   1467.2 ms  ✓ Functors
   1930.8 ms  ✓ ChainRulesCore
    346.9 ms  ✓ ArrayInterface → ArrayInterfaceChainRulesCoreExt
   6355.5 ms  ✓ Static
   2466.9 ms  ✓ StaticArrayInterface
    743.2 ms  ✓ ComponentArrays
  21 dependencies successfully precompiled in 12 seconds. 4 already precompiled.
	Command being timed: "nice -n -10 timeout -k120 -v 3600 julia +1.12.6 --project=C/ComponentArrays/Basic-Manipulations -e using Pkg; @time @eval Pkg.precompile()"
	User time (seconds): 153.67
	System time (seconds): 7.95
	Percent of CPU this job got: 183%
	Elapsed (wall clock) time (h:mm:ss or m:ss): 1:27.96
	Average shared text size (kbytes): 0
	Average unshared data size (kbytes): 0
	Average stack size (kbytes): 0
	Average total size (kbytes): 0
	Maximum resident set size (kbytes): 2148048
	Average resident set size (kbytes): 0
	Major (requiring I/O) page faults: 194
	Minor (reclaiming a frame) page faults: 2747052
	Voluntary context switches: 8311
	Involuntary context switches: 4681
	Swaps: 0
	File system inputs: 0
	File system outputs: 356312
	Socket messages sent: 0
	Socket messages received: 0
	Signals delivered: 0
	Page size (bytes): 4096
	Exit status: 0
