nice: cannot set niceness: Permission denied
Precompiling packages...
    430.6 ms  ✓ IfElse
    443.6 ms  ✓ CommonWorldInvalidations
    530.2 ms  ✓ StaticArraysCore
    592.4 ms  ✓ ConstructionBase
    698.9 ms  ✓ SciMLPublic
    429.3 ms  ✓ Unicode
    400.1 ms  ✓ ConstructionBase → ConstructionBaseLinearAlgebraExt
    683.8 ms  ✓ Requires
    516.9 ms  ✓ Compat
    462.2 ms  ✓ Adapt
    409.5 ms  ✓ Compat → CompatLinearAlgebraExt
    530.9 ms  ✓ ArrayInterface
    549.2 ms  ✓ Functors
   1540.2 ms  ✓ Preferences
    372.4 ms  ✓ ArrayInterface → ArrayInterfaceStaticArraysCoreExt
    480.9 ms  ✓ PrecompileTools
   1219.9 ms  ✓ ChainRulesCore
    365.8 ms  ✓ ArrayInterface → ArrayInterfaceChainRulesCoreExt
  18144.2 ms  ✓ Static
   6683.1 ms  ✓ StaticArrayInterface
    845.6 ms  ✓ ComponentArrays
  21 dependencies successfully precompiled in 29 seconds. 4 already precompiled.
  4 dependencies precompiled but different versions are currently loaded (Dates, Printf, TOML and UUIDs). Restart julia to access the new versions. Otherwise, 14 dependents of these packages may trigger further precompilation to work with the unexpected versions.
	Command being timed: "nice -n -10 timeout -k120 -v 3600 julia +nightly --project=C/ComponentArrays/Basic-Manipulations -e using Pkg; @time @eval Pkg.precompile()"
	User time (seconds): 167.22
	System time (seconds): 9.28
	Percent of CPU this job got: 133%
	Elapsed (wall clock) time (h:mm:ss or m:ss): 2:12.66
	Average shared text size (kbytes): 0
	Average unshared data size (kbytes): 0
	Average stack size (kbytes): 0
	Average total size (kbytes): 0
	Maximum resident set size (kbytes): 2262360
	Average resident set size (kbytes): 0
	Major (requiring I/O) page faults: 218
	Minor (reclaiming a frame) page faults: 3626519
	Voluntary context switches: 9033
	Involuntary context switches: 1581
	Swaps: 0
	File system inputs: 0
	File system outputs: 375368
	Socket messages sent: 0
	Socket messages received: 0
	Signals delivered: 0
	Page size (bytes): 4096
	Exit status: 0
