nice: cannot set niceness: Permission denied
Precompiling packages...
  72873.6 ms  ✓ Pkg (serial)
  1 dependency successfully precompiled in 73 seconds
Precompiling packages...
    590.3 ms  ✓ IfElse
    638.6 ms  ✓ CommonWorldInvalidations
    675.1 ms  ✓ Unicode
    729.7 ms  ✓ StaticArraysCore
    744.3 ms  ✓ SciMLPublic
    948.3 ms  ✓ Requires
    599.4 ms  ✓ Preferences
    434.7 ms  ✓ Adapt
   1655.5 ms  ✓ ConstructionBase
    397.7 ms  ✓ PrecompileTools
    378.5 ms  ✓ ConstructionBase → ConstructionBaseLinearAlgebraExt
   1444.9 ms  ✓ Compat
    375.8 ms  ✓ Compat → CompatLinearAlgebraExt
   1361.7 ms  ✓ ArrayInterface
    341.2 ms  ✓ ArrayInterface → ArrayInterfaceStaticArraysCoreExt
   1315.5 ms  ✓ Functors
   1959.8 ms  ✓ ChainRulesCore
    344.9 ms  ✓ ArrayInterface → ArrayInterfaceChainRulesCoreExt
   3141.5 ms  ✓ Static
  13003.7 ms  ✓ StaticArrayInterface
    757.2 ms  ✓ ComponentArrays
  21 dependencies successfully precompiled in 19 seconds. 4 already precompiled.
	Command being timed: "nice -n -10 timeout -k120 -v 3600 julia +1.12.3 --project=C/ComponentArrays/Basic-Manipulations -e using Pkg; @time @eval Pkg.precompile()"
	User time (seconds): 158.67
	System time (seconds): 7.87
	Percent of CPU this job got: 180%
	Elapsed (wall clock) time (h:mm:ss or m:ss): 1:32.17
	Average shared text size (kbytes): 0
	Average unshared data size (kbytes): 0
	Average stack size (kbytes): 0
	Average total size (kbytes): 0
	Maximum resident set size (kbytes): 2098320
	Average resident set size (kbytes): 0
	Major (requiring I/O) page faults: 174
	Minor (reclaiming a frame) page faults: 2861279
	Voluntary context switches: 7978
	Involuntary context switches: 4316
	Swaps: 0
	File system inputs: 0
	File system outputs: 360520
	Socket messages sent: 0
	Socket messages received: 0
	Signals delivered: 0
	Page size (bytes): 4096
	Exit status: 0
