nice: cannot set niceness: Permission denied
Precompiling packages...
    450.9 ms  ✓ IfElse
    457.3 ms  ✓ CommonWorldInvalidations
    537.3 ms  ✓ StaticArraysCore
    583.3 ms  ✓ ConstructionBase
    816.4 ms  ✓ SciMLPublic
    411.2 ms  ✓ Unicode
    449.4 ms  ✓ ConstructionBase → ConstructionBaseLinearAlgebraExt
    639.3 ms  ✓ Requires
    499.7 ms  ✓ Compat
    408.0 ms  ✓ Adapt
    367.9 ms  ✓ Compat → CompatLinearAlgebraExt
    525.4 ms  ✓ ArrayInterface
    535.2 ms  ✓ Functors
    347.5 ms  ✓ ArrayInterface → ArrayInterfaceStaticArraysCoreExt
   1673.1 ms  ✓ Preferences
   1147.9 ms  ✓ ChainRulesCore
    364.0 ms  ✓ PrecompileTools
    352.5 ms  ✓ ArrayInterface → ArrayInterfaceChainRulesCoreExt
  16872.7 ms  ✓ Static
  10512.7 ms  ✓ StaticArrayInterface
    740.9 ms  ✓ ComponentArrays
  21 dependencies successfully precompiled in 31 seconds. 4 already precompiled.
	Command being timed: "nice -n -10 timeout -k120 -v 3600 julia +alpha --project=C/ComponentArrays/Basic-Manipulations -e using Pkg; @time @eval Pkg.precompile()"
	User time (seconds): 179.39
	System time (seconds): 9.63
	Percent of CPU this job got: 131%
	Elapsed (wall clock) time (h:mm:ss or m:ss): 2:23.26
	Average shared text size (kbytes): 0
	Average unshared data size (kbytes): 0
	Average stack size (kbytes): 0
	Average total size (kbytes): 0
	Maximum resident set size (kbytes): 2779864
	Average resident set size (kbytes): 0
	Major (requiring I/O) page faults: 198
	Minor (reclaiming a frame) page faults: 3863199
	Voluntary context switches: 9105
	Involuntary context switches: 2162
	Swaps: 0
	File system inputs: 0
	File system outputs: 376032
	Socket messages sent: 0
	Socket messages received: 0
	Signals delivered: 0
	Page size (bytes): 4096
	Exit status: 0
