Precompiling project...
    446.6 ms  ✓ IfElse
    451.5 ms  ✓ CommonWorldInvalidations
    516.6 ms  ✓ Unicode
    535.9 ms  ✓ StaticArraysCore
    570.1 ms  ✓ ConstructionBase
    689.1 ms  ✓ Requires
    690.3 ms  ✓ CompilerSupportLibraries_jll
    446.5 ms  ✓ Compat
    411.8 ms  ✓ ConstructionBase → ConstructionBaseLinearAlgebraExt
    359.2 ms  ✓ Adapt
    567.1 ms  ✓ Preferences
    303.5 ms  ✓ Compat → CompatLinearAlgebraExt
    346.6 ms  ✓ PrecompileTools
    433.1 ms  ✓ ArrayInterface
    481.0 ms  ✓ Functors
    302.3 ms  ✓ ArrayInterface → ArrayInterfaceStaticArraysCoreExt
    613.5 ms  ✓ Static
    905.5 ms  ✓ ChainRulesCore
    287.1 ms  ✓ ArrayInterface → ArrayInterfaceChainRulesCoreExt
    873.3 ms  ✓ StaticArrayInterface
    672.4 ms  ✓ ComponentArrays
  21 dependencies successfully precompiled in 4 seconds. 4 already precompiled.
	Command being timed: "julia +1.11.6 --project=C/ComponentArrays/Basic-Manipulations -e using Pkg; @time @eval Pkg.precompile()"
	User time (seconds): 101.35
	System time (seconds): 5.88
	Percent of CPU this job got: 187%
	Elapsed (wall clock) time (h:mm:ss or m:ss): 0:57.31
	Average shared text size (kbytes): 0
	Average unshared data size (kbytes): 0
	Average stack size (kbytes): 0
	Average total size (kbytes): 0
	Maximum resident set size (kbytes): 2036008
	Average resident set size (kbytes): 0
	Major (requiring I/O) page faults: 150
	Minor (reclaiming a frame) page faults: 2052508
	Voluntary context switches: 56659
	Involuntary context switches: 3808
	Swaps: 0
	File system inputs: 184
	File system outputs: 374664
	Socket messages sent: 0
	Socket messages received: 0
	Signals delivered: 0
	Page size (bytes): 4096
	Exit status: 0
