nice: cannot set niceness: Permission denied
Precompiling packages...
  73697.2 ms  ✓ Pkg (serial)
  1 dependency successfully precompiled in 74 seconds
Precompiling packages...
    637.4 ms  ✓ IfElse
    654.4 ms  ✓ CommonWorldInvalidations
    684.3 ms  ✓ Unicode
    751.6 ms  ✓ StaticArraysCore
    764.9 ms  ✓ SciMLPublic
    971.1 ms  ✓ Requires
    631.2 ms  ✓ Preferences
    412.5 ms  ✓ Adapt
    384.8 ms  ✓ PrecompileTools
   1820.9 ms  ✓ ConstructionBase
    370.8 ms  ✓ ConstructionBase → ConstructionBaseLinearAlgebraExt
   1543.5 ms  ✓ Compat
    364.5 ms  ✓ Compat → CompatLinearAlgebraExt
   1486.9 ms  ✓ ArrayInterface
    353.3 ms  ✓ ArrayInterface → ArrayInterfaceStaticArraysCoreExt
   1394.4 ms  ✓ Functors
   1981.0 ms  ✓ ChainRulesCore
    352.1 ms  ✓ ArrayInterface → ArrayInterfaceChainRulesCoreExt
   3878.9 ms  ✓ Static
   5210.9 ms  ✓ StaticArrayInterface
    745.4 ms  ✓ ComponentArrays
  21 dependencies successfully precompiled in 12 seconds. 4 already precompiled.
	Command being timed: "nice -n -10 timeout -k120 -v 3600 julia +release --project=C/ComponentArrays/Basic-Manipulations -e using Pkg; @time @eval Pkg.precompile()"
	User time (seconds): 149.10
	System time (seconds): 7.75
	Percent of CPU this job got: 182%
	Elapsed (wall clock) time (h:mm:ss or m:ss): 1:25.96
	Average shared text size (kbytes): 0
	Average unshared data size (kbytes): 0
	Average stack size (kbytes): 0
	Average total size (kbytes): 0
	Maximum resident set size (kbytes): 2154392
	Average resident set size (kbytes): 0
	Major (requiring I/O) page faults: 194
	Minor (reclaiming a frame) page faults: 2761229
	Voluntary context switches: 8993
	Involuntary context switches: 3649
	Swaps: 0
	File system inputs: 0
	File system outputs: 349376
	Socket messages sent: 0
	Socket messages received: 0
	Signals delivered: 0
	Page size (bytes): 4096
	Exit status: 0
