nice: cannot set niceness: Permission denied
Precompiling packages...
  72774.4 ms  ✓ Pkg (serial)
  1 dependency successfully precompiled in 73 seconds
Precompiling packages...
    617.6 ms  ✓ IfElse
    615.3 ms  ✓ CommonWorldInvalidations
    715.2 ms  ✓ Unicode
    736.8 ms  ✓ StaticArraysCore
    738.6 ms  ✓ SciMLPublic
    949.7 ms  ✓ Requires
    607.7 ms  ✓ Preferences
    414.3 ms  ✓ Adapt
   1675.3 ms  ✓ ConstructionBase
    392.6 ms  ✓ PrecompileTools
    377.2 ms  ✓ ConstructionBase → ConstructionBaseLinearAlgebraExt
   1478.3 ms  ✓ Compat
    377.8 ms  ✓ Compat → CompatLinearAlgebraExt
   1300.4 ms  ✓ ArrayInterface
    340.3 ms  ✓ ArrayInterface → ArrayInterfaceStaticArraysCoreExt
   1334.5 ms  ✓ Functors
   1913.1 ms  ✓ ChainRulesCore
    353.7 ms  ✓ ArrayInterface → ArrayInterfaceChainRulesCoreExt
   3145.0 ms  ✓ Static
  13138.1 ms  ✓ StaticArrayInterface
    767.4 ms  ✓ ComponentArrays
  21 dependencies successfully precompiled in 19 seconds. 4 already precompiled.
	Command being timed: "nice -n -10 timeout -k120 -v 3600 julia +1.12.3 --project=C/ComponentArrays/Basic-Manipulations -e using Pkg; @time @eval Pkg.precompile()"
	User time (seconds): 158.61
	System time (seconds): 7.99
	Percent of CPU this job got: 180%
	Elapsed (wall clock) time (h:mm:ss or m:ss): 1:32.22
	Average shared text size (kbytes): 0
	Average unshared data size (kbytes): 0
	Average stack size (kbytes): 0
	Average total size (kbytes): 0
	Maximum resident set size (kbytes): 2095928
	Average resident set size (kbytes): 0
	Major (requiring I/O) page faults: 178
	Minor (reclaiming a frame) page faults: 2858541
	Voluntary context switches: 8439
	Involuntary context switches: 5191
	Swaps: 0
	File system inputs: 0
	File system outputs: 359440
	Socket messages sent: 0
	Socket messages received: 0
	Signals delivered: 0
	Page size (bytes): 4096
	Exit status: 0
