nice: cannot set niceness: Permission denied
Precompiling packages...
    664.9 ms  ✓ SciMLPublic
    810.4 ms  ✓ IfElse
    719.4 ms  ✓ CommonWorldInvalidations
    761.0 ms  ✓ StaticArraysCore
    778.8 ms  ✓ ConstructionBase
    774.7 ms  ✓ Requires
    835.3 ms  ✓ Compat
    930.0 ms  ✓ Preferences
    307.8 ms  ✓ ConstructionBase → ConstructionBaseLinearAlgebraExt
    333.9 ms  ✓ Adapt
    319.5 ms  ✓ Compat → CompatLinearAlgebraExt
    318.8 ms  ✓ PrecompileTools
    391.5 ms  ✓ ArrayInterface
    441.4 ms  ✓ Functors
    285.3 ms  ✓ ArrayInterface → ArrayInterfaceStaticArraysCoreExt
    540.7 ms  ✓ Static
    850.9 ms  ✓ ChainRulesCore
    288.0 ms  ✓ ArrayInterface → ArrayInterfaceChainRulesCoreExt
    754.3 ms  ✓ StaticArrayInterface
    578.6 ms  ✓ ComponentArrays
  20 dependencies successfully precompiled in 4 seconds
	Command being timed: "nice -n -10 timeout -k120 -v 3600 julia +lts --project=C/ComponentArrays/Basic-Manipulations -e using Pkg; @time @eval Pkg.precompile()"
	User time (seconds): 8.48
	System time (seconds): 2.75
	Percent of CPU this job got: 237%
	Elapsed (wall clock) time (h:mm:ss or m:ss): 0:04.73
	Average shared text size (kbytes): 0
	Average unshared data size (kbytes): 0
	Average stack size (kbytes): 0
	Average total size (kbytes): 0
	Maximum resident set size (kbytes): 331916
	Average resident set size (kbytes): 0
	Major (requiring I/O) page faults: 38
	Minor (reclaiming a frame) page faults: 768132
	Voluntary context switches: 26787
	Involuntary context switches: 406
	Swaps: 0
	File system inputs: 0
	File system outputs: 30416
	Socket messages sent: 0
	Socket messages received: 0
	Signals delivered: 0
	Page size (bytes): 4096
	Exit status: 0
