nice: cannot set niceness: Permission denied
Precompiling packages...
  75974.7 ms  ✓ Pkg (serial)
  1 dependency successfully precompiled in 76 seconds
Precompiling packages...
    747.8 ms  ✓ SciMLPublic
    752.8 ms  ✓ IfElse
    850.0 ms  ✓ Adapt
    848.8 ms  ✓ Unicode
    859.6 ms  ✓ StaticArraysCore
    921.7 ms  ✓ CommonWorldInvalidations
    953.9 ms  ✓ CompilerSupportLibraries_jll
    624.9 ms  ✓ Preferences
    388.0 ms  ✓ PrecompileTools
   1961.4 ms  ✓ ConstructionBase
    405.2 ms  ✓ ConstructionBase → ConstructionBaseLinearAlgebraExt
   1533.2 ms  ✓ Compat
   1535.8 ms  ✓ ArrayInterface
    351.5 ms  ✓ ArrayInterface → ArrayInterfaceStaticArraysCoreExt
    382.5 ms  ✓ Compat → CompatLinearAlgebraExt
   1440.6 ms  ✓ Functors
   1987.5 ms  ✓ ChainRulesCore
    340.2 ms  ✓ ArrayInterface → ArrayInterfaceChainRulesCoreExt
   9373.2 ms  ✓ Static
   1441.7 ms  ✓ StaticArrayInterface
    751.9 ms  ✓ ComponentArrays
  21 dependencies successfully precompiled in 13 seconds. 4 already precompiled.
	Command being timed: "nice -n -10 timeout -k120 -v 3600 julia +release --project=C/ComponentArrays/Basic-Manipulations -e using Pkg; @time @eval Pkg.precompile()"
	User time (seconds): 158.24
	System time (seconds): 7.83
	Percent of CPU this job got: 183%
	Elapsed (wall clock) time (h:mm:ss or m:ss): 1:30.45
	Average shared text size (kbytes): 0
	Average unshared data size (kbytes): 0
	Average stack size (kbytes): 0
	Average total size (kbytes): 0
	Maximum resident set size (kbytes): 2152220
	Average resident set size (kbytes): 0
	Major (requiring I/O) page faults: 197
	Minor (reclaiming a frame) page faults: 2820514
	Voluntary context switches: 8472
	Involuntary context switches: 4445
	Swaps: 0
	File system inputs: 0
	File system outputs: 364544
	Socket messages sent: 0
	Socket messages received: 0
	Signals delivered: 0
	Page size (bytes): 4096
	Exit status: 0
