Precompiling project...
    499.2 ms  ✓ IfElse
    521.3 ms  ✓ CommonWorldInvalidations
    534.7 ms  ✓ Unicode
    567.6 ms  ✓ StaticArraysCore
    622.8 ms  ✓ ConstructionBase
    725.0 ms  ✓ Requires
    728.2 ms  ✓ CompilerSupportLibraries_jll
    470.5 ms  ✓ Compat
    405.1 ms  ✓ ConstructionBase → ConstructionBaseLinearAlgebraExt
    355.2 ms  ✓ Adapt
    565.5 ms  ✓ Preferences
    308.2 ms  ✓ Compat → CompatLinearAlgebraExt
    350.3 ms  ✓ PrecompileTools
    449.2 ms  ✓ ArrayInterface
    508.0 ms  ✓ Functors
    292.1 ms  ✓ ArrayInterface → ArrayInterfaceStaticArraysCoreExt
    627.0 ms  ✓ Static
    907.1 ms  ✓ ChainRulesCore
    300.4 ms  ✓ ArrayInterface → ArrayInterfaceChainRulesCoreExt
    880.0 ms  ✓ StaticArrayInterface
    675.8 ms  ✓ ComponentArrays
  21 dependencies successfully precompiled in 4 seconds. 4 already precompiled.
	Command being timed: "julia +1.11.6 --project=C/ComponentArrays/Basic-Manipulations -e using Pkg; @time @eval Pkg.precompile()"
	User time (seconds): 107.50
	System time (seconds): 6.14
	Percent of CPU this job got: 188%
	Elapsed (wall clock) time (h:mm:ss or m:ss): 1:00.13
	Average shared text size (kbytes): 0
	Average unshared data size (kbytes): 0
	Average stack size (kbytes): 0
	Average total size (kbytes): 0
	Maximum resident set size (kbytes): 2053996
	Average resident set size (kbytes): 0
	Major (requiring I/O) page faults: 148
	Minor (reclaiming a frame) page faults: 2052231
	Voluntary context switches: 55209
	Involuntary context switches: 8522
	Swaps: 0
	File system inputs: 0
	File system outputs: 374504
	Socket messages sent: 0
	Socket messages received: 0
	Signals delivered: 0
	Page size (bytes): 4096
	Exit status: 0
