nice: cannot set niceness: Permission denied
Precompiling packages...
    432.4 ms  ✓ IfElse
    435.3 ms  ✓ CommonWorldInvalidations
    514.0 ms  ✓ StaticArraysCore
    571.7 ms  ✓ ConstructionBase
    805.0 ms  ✓ SciMLPublic
    425.1 ms  ✓ Unicode
    429.0 ms  ✓ ConstructionBase → ConstructionBaseLinearAlgebraExt
    635.3 ms  ✓ Requires
    499.8 ms  ✓ Compat
    424.5 ms  ✓ Adapt
    366.6 ms  ✓ Compat → CompatLinearAlgebraExt
    528.5 ms  ✓ ArrayInterface
    522.6 ms  ✓ Functors
    343.0 ms  ✓ ArrayInterface → ArrayInterfaceStaticArraysCoreExt
   1675.6 ms  ✓ Preferences
   1149.5 ms  ✓ ChainRulesCore
    362.8 ms  ✓ PrecompileTools
    352.5 ms  ✓ ArrayInterface → ArrayInterfaceChainRulesCoreExt
  16832.8 ms  ✓ Static
  10423.1 ms  ✓ StaticArrayInterface
    736.1 ms  ✓ ComponentArrays
  21 dependencies successfully precompiled in 31 seconds. 4 already precompiled.
	Command being timed: "nice -n -10 timeout -k120 -v 3600 julia +alpha --project=C/ComponentArrays/Basic-Manipulations -e using Pkg; @time @eval Pkg.precompile()"
	User time (seconds): 179.25
	System time (seconds): 9.48
	Percent of CPU this job got: 131%
	Elapsed (wall clock) time (h:mm:ss or m:ss): 2:23.18
	Average shared text size (kbytes): 0
	Average unshared data size (kbytes): 0
	Average stack size (kbytes): 0
	Average total size (kbytes): 0
	Maximum resident set size (kbytes): 2755844
	Average resident set size (kbytes): 0
	Major (requiring I/O) page faults: 222
	Minor (reclaiming a frame) page faults: 3829004
	Voluntary context switches: 9008
	Involuntary context switches: 1562
	Swaps: 0
	File system inputs: 0
	File system outputs: 375480
	Socket messages sent: 0
	Socket messages received: 0
	Signals delivered: 0
	Page size (bytes): 4096
	Exit status: 0
