nice: cannot set niceness: Permission denied
Precompiling packages...
  83160.9 ms  ✓ Pkg (serial)
  1 dependency successfully precompiled in 83 seconds
Precompiling packages...
    653.9 ms  ✓ CommonWorldInvalidations
    662.6 ms  ✓ IfElse
    680.4 ms  ✓ Unicode
    711.5 ms  ✓ StaticArraysCore
    743.7 ms  ✓ SciMLPublic
    975.0 ms  ✓ Requires
    649.6 ms  ✓ Preferences
    431.9 ms  ✓ Adapt
    411.8 ms  ✓ PrecompileTools
   1803.7 ms  ✓ ConstructionBase
    383.7 ms  ✓ ConstructionBase → ConstructionBaseLinearAlgebraExt
   1594.9 ms  ✓ Compat
    379.5 ms  ✓ Compat → CompatLinearAlgebraExt
   1548.8 ms  ✓ ArrayInterface
    358.5 ms  ✓ ArrayInterface → ArrayInterfaceStaticArraysCoreExt
   1547.5 ms  ✓ Functors
   2041.4 ms  ✓ ChainRulesCore
    359.3 ms  ✓ ArrayInterface → ArrayInterfaceChainRulesCoreExt
   4013.0 ms  ✓ Static
   5653.0 ms  ✓ StaticArrayInterface
    774.2 ms  ✓ ComponentArrays
  21 dependencies successfully precompiled in 12 seconds. 4 already precompiled.
	Command being timed: "nice -n -10 timeout -k120 -v 3600 julia +1.12.5 --project=C/ComponentArrays/Basic-Manipulations -e using Pkg; @time @eval Pkg.precompile()"
	User time (seconds): 164.37
	System time (seconds): 7.99
	Percent of CPU this job got: 179%
	Elapsed (wall clock) time (h:mm:ss or m:ss): 1:36.25
	Average shared text size (kbytes): 0
	Average unshared data size (kbytes): 0
	Average stack size (kbytes): 0
	Average total size (kbytes): 0
	Maximum resident set size (kbytes): 2139764
	Average resident set size (kbytes): 0
	Major (requiring I/O) page faults: 197
	Minor (reclaiming a frame) page faults: 2783565
	Voluntary context switches: 8258
	Involuntary context switches: 4475
	Swaps: 0
	File system inputs: 0
	File system outputs: 353776
	Socket messages sent: 0
	Socket messages received: 0
	Signals delivered: 0
	Page size (bytes): 4096
	Exit status: 0
