nice: cannot set niceness: Permission denied
Precompiling packages...
    442.9 ms  ✓ IfElse
    462.7 ms  ✓ CommonWorldInvalidations
    517.8 ms  ✓ StaticArraysCore
    582.0 ms  ✓ ConstructionBase
    837.5 ms  ✓ SciMLPublic
    432.6 ms  ✓ Unicode
    403.4 ms  ✓ ConstructionBase → ConstructionBaseLinearAlgebraExt
    671.8 ms  ✓ Requires
    505.1 ms  ✓ Compat
    434.5 ms  ✓ Adapt
    397.7 ms  ✓ Compat → CompatLinearAlgebraExt
    529.7 ms  ✓ ArrayInterface
    563.7 ms  ✓ Functors
    351.1 ms  ✓ ArrayInterface → ArrayInterfaceStaticArraysCoreExt
   1761.1 ms  ✓ Preferences
   1197.0 ms  ✓ ChainRulesCore
    381.1 ms  ✓ PrecompileTools
    356.2 ms  ✓ ArrayInterface → ArrayInterfaceChainRulesCoreExt
  19614.2 ms  ✓ Static
  13698.0 ms  ✓ StaticArrayInterface
    743.8 ms  ✓ ComponentArrays
  21 dependencies successfully precompiled in 37 seconds. 4 already precompiled.
	Command being timed: "nice -n -10 timeout -k120 -v 3600 julia +nightly --project=C/ComponentArrays/Basic-Manipulations -e using Pkg; @time @eval Pkg.precompile()"
	User time (seconds): 205.77
	System time (seconds): 10.11
	Percent of CPU this job got: 130%
	Elapsed (wall clock) time (h:mm:ss or m:ss): 2:44.83
	Average shared text size (kbytes): 0
	Average unshared data size (kbytes): 0
	Average stack size (kbytes): 0
	Average total size (kbytes): 0
	Maximum resident set size (kbytes): 2550792
	Average resident set size (kbytes): 0
	Major (requiring I/O) page faults: 214
	Minor (reclaiming a frame) page faults: 3938926
	Voluntary context switches: 8897
	Involuntary context switches: 2070
	Swaps: 0
	File system inputs: 0
	File system outputs: 387352
	Socket messages sent: 0
	Socket messages received: 0
	Signals delivered: 0
	Page size (bytes): 4096
	Exit status: 0
