nice: cannot set niceness: Permission denied
Precompiling packages...
    747.8 ms  ✓ SciMLPublic
    901.7 ms  ✓ IfElse
    755.3 ms  ✓ CommonWorldInvalidations
    797.6 ms  ✓ ConstructionBase
    797.8 ms  ✓ StaticArraysCore
    805.3 ms  ✓ Requires
    887.1 ms  ✓ Compat
    962.3 ms  ✓ Preferences
    318.2 ms  ✓ ConstructionBase → ConstructionBaseLinearAlgebraExt
    352.9 ms  ✓ Adapt
    286.7 ms  ✓ Compat → CompatLinearAlgebraExt
    318.5 ms  ✓ PrecompileTools
    386.2 ms  ✓ ArrayInterface
    431.6 ms  ✓ Functors
    265.3 ms  ✓ ArrayInterface → ArrayInterfaceStaticArraysCoreExt
    555.2 ms  ✓ Static
    851.6 ms  ✓ ChainRulesCore
    277.3 ms  ✓ ArrayInterface → ArrayInterfaceChainRulesCoreExt
    798.9 ms  ✓ StaticArrayInterface
    579.7 ms  ✓ ComponentArrays
  20 dependencies successfully precompiled in 4 seconds
	Command being timed: "nice -n -10 timeout -k120 -v 3600 julia +lts --project=C/ComponentArrays/Basic-Manipulations -e using Pkg; @time @eval Pkg.precompile()"
	User time (seconds): 8.34
	System time (seconds): 2.82
	Percent of CPU this job got: 239%
	Elapsed (wall clock) time (h:mm:ss or m:ss): 0:04.66
	Average shared text size (kbytes): 0
	Average unshared data size (kbytes): 0
	Average stack size (kbytes): 0
	Average total size (kbytes): 0
	Maximum resident set size (kbytes): 331692
	Average resident set size (kbytes): 0
	Major (requiring I/O) page faults: 56
	Minor (reclaiming a frame) page faults: 761723
	Voluntary context switches: 26987
	Involuntary context switches: 447
	Swaps: 0
	File system inputs: 0
	File system outputs: 25336
	Socket messages sent: 0
	Socket messages received: 0
	Signals delivered: 0
	Page size (bytes): 4096
	Exit status: 0
