nice: cannot set niceness: Permission denied
Precompiling packages...
  73969.8 ms  ✓ Pkg (serial)
  1 dependency successfully precompiled in 74 seconds
Precompiling packages...
    597.7 ms  ✓ IfElse
    647.1 ms  ✓ CommonWorldInvalidations
    662.4 ms  ✓ Unicode
    737.5 ms  ✓ StaticArraysCore
    746.8 ms  ✓ SciMLPublic
    927.4 ms  ✓ Requires
    636.8 ms  ✓ Preferences
    444.6 ms  ✓ Adapt
    400.3 ms  ✓ PrecompileTools
   1799.8 ms  ✓ ConstructionBase
    382.1 ms  ✓ ConstructionBase → ConstructionBaseLinearAlgebraExt
   1595.9 ms  ✓ Compat
    369.1 ms  ✓ Compat → CompatLinearAlgebraExt
   1443.6 ms  ✓ ArrayInterface
    339.7 ms  ✓ ArrayInterface → ArrayInterfaceStaticArraysCoreExt
   1426.8 ms  ✓ Functors
   1939.4 ms  ✓ ChainRulesCore
    346.9 ms  ✓ ArrayInterface → ArrayInterfaceChainRulesCoreExt
   3934.7 ms  ✓ Static
   5251.6 ms  ✓ StaticArrayInterface
    739.5 ms  ✓ ComponentArrays
  21 dependencies successfully precompiled in 12 seconds. 4 already precompiled.
	Command being timed: "nice -n -10 timeout -k120 -v 3600 julia +release --project=C/ComponentArrays/Basic-Manipulations -e using Pkg; @time @eval Pkg.precompile()"
	User time (seconds): 150.36
	System time (seconds): 7.79
	Percent of CPU this job got: 183%
	Elapsed (wall clock) time (h:mm:ss or m:ss): 1:26.33
	Average shared text size (kbytes): 0
	Average unshared data size (kbytes): 0
	Average stack size (kbytes): 0
	Average total size (kbytes): 0
	Maximum resident set size (kbytes): 2152624
	Average resident set size (kbytes): 0
	Major (requiring I/O) page faults: 196
	Minor (reclaiming a frame) page faults: 2768883
	Voluntary context switches: 8853
	Involuntary context switches: 4111
	Swaps: 0
	File system inputs: 0
	File system outputs: 349064
	Socket messages sent: 0
	Socket messages received: 0
	Signals delivered: 0
	Page size (bytes): 4096
	Exit status: 0
