nice: cannot set niceness: Permission denied
Precompiling packages...
    757.0 ms  ✓ CommonWorldInvalidations
    761.4 ms  ✓ SciMLPublic
    909.4 ms  ✓ IfElse
    825.9 ms  ✓ StaticArraysCore
    829.6 ms  ✓ ConstructionBase
    837.9 ms  ✓ Requires
    892.1 ms  ✓ Compat
    979.3 ms  ✓ Preferences
    291.7 ms  ✓ ConstructionBase → ConstructionBaseLinearAlgebraExt
    333.9 ms  ✓ Adapt
    300.0 ms  ✓ Compat → CompatLinearAlgebraExt
    307.8 ms  ✓ PrecompileTools
    390.1 ms  ✓ ArrayInterface
    444.2 ms  ✓ Functors
    266.2 ms  ✓ ArrayInterface → ArrayInterfaceStaticArraysCoreExt
    556.3 ms  ✓ Static
    848.7 ms  ✓ ChainRulesCore
    276.9 ms  ✓ ArrayInterface → ArrayInterfaceChainRulesCoreExt
    758.8 ms  ✓ StaticArrayInterface
    593.6 ms  ✓ ComponentArrays
  20 dependencies successfully precompiled in 4 seconds
	Command being timed: "nice -n -10 timeout -k120 -v 3600 julia +lts --project=C/ComponentArrays/Basic-Manipulations -e using Pkg; @time @eval Pkg.precompile()"
	User time (seconds): 8.39
	System time (seconds): 2.86
	Percent of CPU this job got: 237%
	Elapsed (wall clock) time (h:mm:ss or m:ss): 0:04.74
	Average shared text size (kbytes): 0
	Average unshared data size (kbytes): 0
	Average stack size (kbytes): 0
	Average total size (kbytes): 0
	Maximum resident set size (kbytes): 331572
	Average resident set size (kbytes): 0
	Major (requiring I/O) page faults: 39
	Minor (reclaiming a frame) page faults: 764428
	Voluntary context switches: 26943
	Involuntary context switches: 614
	Swaps: 0
	File system inputs: 312
	File system outputs: 27120
	Socket messages sent: 0
	Socket messages received: 0
	Signals delivered: 0
	Page size (bytes): 4096
	Exit status: 0
