nice: cannot set niceness: Permission denied
Precompiling packages...
  73555.1 ms  ✓ Pkg (serial)
  1 dependency successfully precompiled in 74 seconds
Precompiling packages...
    588.9 ms  ✓ IfElse
    644.7 ms  ✓ CommonWorldInvalidations
    667.4 ms  ✓ Unicode
    744.4 ms  ✓ StaticArraysCore
    777.1 ms  ✓ SciMLPublic
    960.4 ms  ✓ Requires
    636.9 ms  ✓ Preferences
    413.9 ms  ✓ Adapt
    394.7 ms  ✓ PrecompileTools
   1770.3 ms  ✓ ConstructionBase
    367.0 ms  ✓ ConstructionBase → ConstructionBaseLinearAlgebraExt
   1492.8 ms  ✓ Compat
    373.2 ms  ✓ Compat → CompatLinearAlgebraExt
   1488.5 ms  ✓ ArrayInterface
    358.8 ms  ✓ ArrayInterface → ArrayInterfaceStaticArraysCoreExt
   1414.2 ms  ✓ Functors
   1968.5 ms  ✓ ChainRulesCore
    347.7 ms  ✓ ArrayInterface → ArrayInterfaceChainRulesCoreExt
   3932.7 ms  ✓ Static
   5209.2 ms  ✓ StaticArrayInterface
    740.9 ms  ✓ ComponentArrays
  21 dependencies successfully precompiled in 12 seconds. 4 already precompiled.
	Command being timed: "nice -n -10 timeout -k120 -v 3600 julia +release --project=C/ComponentArrays/Basic-Manipulations -e using Pkg; @time @eval Pkg.precompile()"
	User time (seconds): 148.88
	System time (seconds): 7.71
	Percent of CPU this job got: 182%
	Elapsed (wall clock) time (h:mm:ss or m:ss): 1:25.88
	Average shared text size (kbytes): 0
	Average unshared data size (kbytes): 0
	Average stack size (kbytes): 0
	Average total size (kbytes): 0
	Maximum resident set size (kbytes): 2145700
	Average resident set size (kbytes): 0
	Major (requiring I/O) page faults: 180
	Minor (reclaiming a frame) page faults: 2768215
	Voluntary context switches: 8099
	Involuntary context switches: 4093
	Swaps: 0
	File system inputs: 0
	File system outputs: 349648
	Socket messages sent: 0
	Socket messages received: 0
	Signals delivered: 0
	Page size (bytes): 4096
	Exit status: 0
