nice: cannot set niceness: Permission denied
Precompiling packages...
    441.3 ms  ✓ CommonWorldInvalidations
    449.0 ms  ✓ IfElse
    533.5 ms  ✓ StaticArraysCore
    607.0 ms  ✓ ConstructionBase
    715.5 ms  ✓ SciMLPublic
    467.7 ms  ✓ Unicode
    403.4 ms  ✓ ConstructionBase → ConstructionBaseLinearAlgebraExt
    684.7 ms  ✓ Requires
    521.1 ms  ✓ Compat
    441.0 ms  ✓ Adapt
    391.4 ms  ✓ Compat → CompatLinearAlgebraExt
    539.2 ms  ✓ ArrayInterface
    556.0 ms  ✓ Functors
   1539.5 ms  ✓ Preferences
    369.4 ms  ✓ ArrayInterface → ArrayInterfaceStaticArraysCoreExt
    473.9 ms  ✓ PrecompileTools
   1172.3 ms  ✓ ChainRulesCore
    368.1 ms  ✓ ArrayInterface → ArrayInterfaceChainRulesCoreExt
  17804.7 ms  ✓ Static
   6784.8 ms  ✓ StaticArrayInterface
    840.3 ms  ✓ ComponentArrays
  21 dependencies successfully precompiled in 28 seconds. 4 already precompiled.
	Command being timed: "nice -n -10 timeout -k120 -v 3600 julia +nightly --project=C/ComponentArrays/Basic-Manipulations -e using Pkg; @time @eval Pkg.precompile()"
	User time (seconds): 167.04
	System time (seconds): 9.32
	Percent of CPU this job got: 133%
	Elapsed (wall clock) time (h:mm:ss or m:ss): 2:12.42
	Average shared text size (kbytes): 0
	Average unshared data size (kbytes): 0
	Average stack size (kbytes): 0
	Average total size (kbytes): 0
	Maximum resident set size (kbytes): 2248208
	Average resident set size (kbytes): 0
	Major (requiring I/O) page faults: 202
	Minor (reclaiming a frame) page faults: 3666035
	Voluntary context switches: 8883
	Involuntary context switches: 1419
	Swaps: 0
	File system inputs: 0
	File system outputs: 376168
	Socket messages sent: 0
	Socket messages received: 0
	Signals delivered: 0
	Page size (bytes): 4096
	Exit status: 0
