nice: cannot set niceness: Permission denied
Precompiling packages...
    434.8 ms  ✓ IfElse
    443.2 ms  ✓ CommonWorldInvalidations
    521.1 ms  ✓ StaticArraysCore
    593.5 ms  ✓ ConstructionBase
    696.1 ms  ✓ SciMLPublic
    440.5 ms  ✓ Unicode
    403.5 ms  ✓ ConstructionBase → ConstructionBaseLinearAlgebraExt
    666.7 ms  ✓ Requires
    518.5 ms  ✓ Compat
    425.5 ms  ✓ Adapt
    381.6 ms  ✓ Compat → CompatLinearAlgebraExt
    534.0 ms  ✓ ArrayInterface
    556.6 ms  ✓ Functors
    361.1 ms  ✓ ArrayInterface → ArrayInterfaceStaticArraysCoreExt
   1639.2 ms  ✓ Preferences
   1150.0 ms  ✓ ChainRulesCore
    483.5 ms  ✓ PrecompileTools
    365.7 ms  ✓ ArrayInterface → ArrayInterfaceChainRulesCoreExt
  18091.6 ms  ✓ Static
   6826.0 ms  ✓ StaticArrayInterface
    837.4 ms  ✓ ComponentArrays
  21 dependencies successfully precompiled in 29 seconds. 4 already precompiled.
	Command being timed: "nice -n -10 timeout -k120 -v 3600 julia +nightly --project=C/ComponentArrays/Basic-Manipulations -e using Pkg; @time @eval Pkg.precompile()"
	User time (seconds): 166.83
	System time (seconds): 9.15
	Percent of CPU this job got: 133%
	Elapsed (wall clock) time (h:mm:ss or m:ss): 2:12.28
	Average shared text size (kbytes): 0
	Average unshared data size (kbytes): 0
	Average stack size (kbytes): 0
	Average total size (kbytes): 0
	Maximum resident set size (kbytes): 2244412
	Average resident set size (kbytes): 0
	Major (requiring I/O) page faults: 194
	Minor (reclaiming a frame) page faults: 3627670
	Voluntary context switches: 8972
	Involuntary context switches: 1533
	Swaps: 0
	File system inputs: 0
	File system outputs: 375704
	Socket messages sent: 0
	Socket messages received: 0
	Signals delivered: 0
	Page size (bytes): 4096
	Exit status: 0
