nice: cannot set niceness: Permission denied
Precompiling packages...
    686.6 ms  ✓ IfElse
    620.9 ms  ✓ Adapt
    627.5 ms  ✓ StaticArraysCore
    643.7 ms  ✓ ConstructionBase
    704.4 ms  ✓ Compat
    790.3 ms  ✓ Preferences
    343.7 ms  ✓ ConstructionBase → ConstructionBaseLinearAlgebraExt
    296.3 ms  ✓ Compat → CompatLinearAlgebraExt
    430.7 ms  ✓ ArrayInterface
    336.1 ms  ✓ PrecompileTools
    348.4 ms  ✓ ArrayInterface → ArrayInterfaceStaticArraysCoreExt
    494.2 ms  ✓ Functors
    429.5 ms  ✓ SciMLPublic
    437.4 ms  ✓ CommonWorldInvalidations
    915.1 ms  ✓ ChainRulesCore
    553.3 ms  ✓ Static
    293.5 ms  ✓ ArrayInterface → ArrayInterfaceChainRulesCoreExt
    791.2 ms  ✓ StaticArrayInterface
    894.1 ms  ✓ ComponentArrays
  19 dependencies successfully precompiled in 4 seconds
	Command being timed: "nice -n -10 timeout -k120 -v 3600 julia +lts --project=C/ComponentArrays/Basic-Manipulations -e using Pkg; @time @eval Pkg.precompile()"
	User time (seconds): 8.97
	System time (seconds): 2.73
	Percent of CPU this job got: 206%
	Elapsed (wall clock) time (h:mm:ss or m:ss): 0:05.66
	Average shared text size (kbytes): 0
	Average unshared data size (kbytes): 0
	Average stack size (kbytes): 0
	Average total size (kbytes): 0
	Maximum resident set size (kbytes): 352400
	Average resident set size (kbytes): 0
	Major (requiring I/O) page faults: 39
	Minor (reclaiming a frame) page faults: 750504
	Voluntary context switches: 25796
	Involuntary context switches: 1043
	Swaps: 0
	File system inputs: 0
	File system outputs: 40392
	Socket messages sent: 0
	Socket messages received: 0
	Signals delivered: 0
	Page size (bytes): 4096
	Exit status: 0
