nice: cannot set niceness: Permission denied
Precompiling packages...
    442.5 ms  ✓ Unicode
    490.7 ms  ✓ Glob
    619.8 ms  ✓ Serialization
   1105.7 ms  ✓ InteractiveUtils
   1806.7 ms  ✓ Preferences
    566.4 ms  ✓ PrecompileTools
   7304.6 ms  ✓ Test
  10925.0 ms  ✓ CommonMark
    610.6 ms  ✓ CommonMark → CommonMarkMarkdownExt
  16953.8 ms  ✓ JuliaSyntax
  30830.7 ms  ✓ JuliaFormatter
  11 dependencies successfully precompiled in 48 seconds. 8 already precompiled.
	Command being timed: "nice -n -10 timeout -k120 -v 3600 julia +alpha --project=J/JuliaFormatter/Format-Text -e using Pkg; @time @eval Pkg.precompile()"
	User time (seconds): 221.43
	System time (seconds): 9.41
	Percent of CPU this job got: 145%
	Elapsed (wall clock) time (h:mm:ss or m:ss): 2:38.99
	Average shared text size (kbytes): 0
	Average unshared data size (kbytes): 0
	Average stack size (kbytes): 0
	Average total size (kbytes): 0
	Maximum resident set size (kbytes): 2617268
	Average resident set size (kbytes): 0
	Major (requiring I/O) page faults: 420
	Minor (reclaiming a frame) page faults: 3859814
	Voluntary context switches: 8386
	Involuntary context switches: 2005
	Swaps: 0
	File system inputs: 0
	File system outputs: 511144
	Socket messages sent: 0
	Socket messages received: 0
	Signals delivered: 0
	Page size (bytes): 4096
	Exit status: 0
