nice: cannot set niceness: Permission denied
Precompiling packages...
    482.6 ms  ✓ Glob
    615.0 ms  ✓ Preferences
    293.3 ms  ✓ PrecompileTools
   8672.2 ms  ✓ JuliaSyntax
   8142.0 ms  ✓ CommonMark
  16742.3 ms  ✓ JuliaFormatter
  6 dependencies successfully precompiled in 26 seconds
	Command being timed: "nice -n -10 timeout -k120 -v 3600 julia +lts --project=J/JuliaFormatter/Format-Text -e using Pkg; @time @eval Pkg.precompile()"
	User time (seconds): 56.52
	System time (seconds): 2.63
	Percent of CPU this job got: 215%
	Elapsed (wall clock) time (h:mm:ss or m:ss): 0:27.49
	Average shared text size (kbytes): 0
	Average unshared data size (kbytes): 0
	Average stack size (kbytes): 0
	Average total size (kbytes): 0
	Maximum resident set size (kbytes): 1003780
	Average resident set size (kbytes): 0
	Major (requiring I/O) page faults: 204
	Minor (reclaiming a frame) page faults: 761692
	Voluntary context switches: 11069
	Involuntary context switches: 1788
	Swaps: 0
	File system inputs: 0
	File system outputs: 183736
	Socket messages sent: 0
	Socket messages received: 0
	Signals delivered: 0
	Page size (bytes): 4096
	Exit status: 0
