nice: cannot set niceness: Permission denied
Precompiling packages...
  75286.8 ms  ✓ Pkg (serial)
  1 dependency successfully precompiled in 75 seconds
Precompiling packages...
    446.9 ms  ✓ Unicode
    499.1 ms  ✓ Glob
    632.1 ms  ✓ Serialization
    561.8 ms  ✓ Preferences
    367.7 ms  ✓ PrecompileTools
   2042.7 ms  ✓ InteractiveUtils
   3785.7 ms  ✓ Test
   9587.5 ms  ✓ CommonMark
    538.3 ms  ✓ CommonMark → CommonMarkMarkdownExt
  14750.1 ms  ✓ JuliaSyntax
  25565.6 ms  ✓ JuliaFormatter
  11 dependencies successfully precompiled in 40 seconds. 8 already precompiled.
	Command being timed: "nice -n -10 timeout -k120 -v 3600 julia +release --project=J/JuliaFormatter/Format-Text -e using Pkg; @time @eval Pkg.precompile()"
	User time (seconds): 211.60
	System time (seconds): 7.72
	Percent of CPU this job got: 188%
	Elapsed (wall clock) time (h:mm:ss or m:ss): 1:56.61
	Average shared text size (kbytes): 0
	Average unshared data size (kbytes): 0
	Average stack size (kbytes): 0
	Average total size (kbytes): 0
	Maximum resident set size (kbytes): 2154396
	Average resident set size (kbytes): 0
	Major (requiring I/O) page faults: 221
	Minor (reclaiming a frame) page faults: 2767961
	Voluntary context switches: 7744
	Involuntary context switches: 5739
	Swaps: 0
	File system inputs: 0
	File system outputs: 513432
	Socket messages sent: 0
	Socket messages received: 0
	Signals delivered: 0
	Page size (bytes): 4096
	Exit status: 0
