nice: cannot set niceness: Permission denied
Precompiling packages...
  75826.6 ms  ✓ Pkg (serial)
  1 dependency successfully precompiled in 76 seconds
Precompiling packages...
    450.4 ms  ✓ Unicode
    509.4 ms  ✓ Glob
    651.9 ms  ✓ Serialization
    574.8 ms  ✓ Preferences
    365.3 ms  ✓ PrecompileTools
   2039.6 ms  ✓ InteractiveUtils
   3984.1 ms  ✓ Test
   9714.6 ms  ✓ CommonMark
    550.1 ms  ✓ CommonMark → CommonMarkMarkdownExt
  14702.5 ms  ✓ JuliaSyntax
  22295.9 ms  ✓ JuliaFormatter
  11 dependencies successfully precompiled in 37 seconds. 8 already precompiled.
  8 dependencies precompiled but different versions are currently loaded (Base64, Dates, JuliaSyntaxHighlighting, Logging, Markdown, Printf, StyledStrings and TOML). Restart julia to access the new versions. Otherwise, 7 dependents of these packages may trigger further precompilation to work with the unexpected versions.
	Command being timed: "nice -n -10 timeout -k120 -v 3600 julia +1.12.7 --project=J/JuliaFormatter/Format-Text -e using Pkg; @time @eval Pkg.precompile()"
	User time (seconds): 207.38
	System time (seconds): 7.51
	Percent of CPU this job got: 188%
	Elapsed (wall clock) time (h:mm:ss or m:ss): 1:53.89
	Average shared text size (kbytes): 0
	Average unshared data size (kbytes): 0
	Average stack size (kbytes): 0
	Average total size (kbytes): 0
	Maximum resident set size (kbytes): 2168824
	Average resident set size (kbytes): 0
	Major (requiring I/O) page faults: 224
	Minor (reclaiming a frame) page faults: 2776608
	Voluntary context switches: 7459
	Involuntary context switches: 5815
	Swaps: 0
	File system inputs: 0
	File system outputs: 510384
	Socket messages sent: 0
	Socket messages received: 0
	Signals delivered: 0
	Page size (bytes): 4096
	Exit status: 0
