nice: cannot set niceness: Permission denied
Precompiling packages...
  73008.8 ms  ✓ Pkg (serial)
  1 dependency successfully precompiled in 73 seconds
Precompiling packages...
    368.9 ms  ✓ Unicode
    371.2 ms  ✓ Glob
    528.2 ms  ✓ Preferences
    341.7 ms  ✓ PrecompileTools
   6623.2 ms  ✓ CommonMark
  11072.9 ms  ✓ JuliaSyntax
  20137.9 ms  ✓ JuliaFormatter
  7 dependencies successfully precompiled in 31 seconds. 3 already precompiled.
	Command being timed: "nice -n -10 timeout -k120 -v 3600 julia +1.12.2 --project=J/JuliaFormatter/Format-Text -e using Pkg; @time @eval Pkg.precompile()"
	User time (seconds): 181.71
	System time (seconds): 7.00
	Percent of CPU this job got: 179%
	Elapsed (wall clock) time (h:mm:ss or m:ss): 1:44.89
	Average shared text size (kbytes): 0
	Average unshared data size (kbytes): 0
	Average stack size (kbytes): 0
	Average total size (kbytes): 0
	Maximum resident set size (kbytes): 2148244
	Average resident set size (kbytes): 0
	Major (requiring I/O) page faults: 193
	Minor (reclaiming a frame) page faults: 2527737
	Voluntary context switches: 6477
	Involuntary context switches: 4825
	Swaps: 0
	File system inputs: 0
	File system outputs: 453600
	Socket messages sent: 0
	Socket messages received: 0
	Signals delivered: 0
	Page size (bytes): 4096
	Exit status: 0
