nice: cannot set niceness: Permission denied
Precompiling packages...
 145671.2 ms  ✓ Pkg (serial)
  1 dependency successfully precompiled in 146 seconds
Precompiling packages...
    568.2 ms  ✓ Unicode
    615.2 ms  ✓ Glob
    942.1 ms  ✓ Preferences
    575.2 ms  ✓ PrecompileTools
  13990.5 ms  ✓ CommonMark
  19792.9 ms  ✓ JuliaSyntax
  30644.6 ms  ✓ JuliaFormatter
  7 dependencies successfully precompiled in 50 seconds. 3 already precompiled.
	Command being timed: "nice -n -10 timeout -k120 -v 3600 julia +1.12.5 --project=J/JuliaFormatter/Format-Text -e using Pkg; @time @eval Pkg.precompile()"
	User time (seconds): 321.50
	System time (seconds): 10.49
	Percent of CPU this job got: 168%
	Elapsed (wall clock) time (h:mm:ss or m:ss): 3:17.59
	Average shared text size (kbytes): 0
	Average unshared data size (kbytes): 0
	Average stack size (kbytes): 0
	Average total size (kbytes): 0
	Maximum resident set size (kbytes): 2164904
	Average resident set size (kbytes): 0
	Major (requiring I/O) page faults: 143
	Minor (reclaiming a frame) page faults: 2529725
	Voluntary context switches: 6565
	Involuntary context switches: 33331
	Swaps: 0
	File system inputs: 0
	File system outputs: 470544
	Socket messages sent: 0
	Socket messages received: 0
	Signals delivered: 0
	Page size (bytes): 4096
	Exit status: 0
