nice: cannot set niceness: Permission denied
Precompiling packages...
  75851.3 ms  ✓ Pkg (serial)
  1 dependency successfully precompiled in 76 seconds
Precompiling packages...
    366.3 ms  ✓ Unicode
    409.3 ms  ✓ Glob
    536.3 ms  ✓ Preferences
    336.2 ms  ✓ PrecompileTools
  10376.4 ms  ✓ CommonMark
  12942.9 ms  ✓ JuliaSyntax
  21107.4 ms  ✓ JuliaFormatter
  7 dependencies successfully precompiled in 34 seconds. 3 already precompiled.
	Command being timed: "nice -n -10 timeout -k120 -v 3600 julia +release --project=J/JuliaFormatter/Format-Text -e using Pkg; @time @eval Pkg.precompile()"
	User time (seconds): 195.59
	System time (seconds): 6.76
	Percent of CPU this job got: 182%
	Elapsed (wall clock) time (h:mm:ss or m:ss): 1:50.81
	Average shared text size (kbytes): 0
	Average unshared data size (kbytes): 0
	Average stack size (kbytes): 0
	Average total size (kbytes): 0
	Maximum resident set size (kbytes): 2153024
	Average resident set size (kbytes): 0
	Major (requiring I/O) page faults: 218
	Minor (reclaiming a frame) page faults: 2489496
	Voluntary context switches: 7290
	Involuntary context switches: 5801
	Swaps: 0
	File system inputs: 0
	File system outputs: 471440
	Socket messages sent: 0
	Socket messages received: 0
	Signals delivered: 0
	Page size (bytes): 4096
	Exit status: 0
