nice: cannot set niceness: Permission denied
Precompiling packages...
    514.7 ms  ✓ Glob
    657.0 ms  ✓ Preferences
    318.0 ms  ✓ PrecompileTools
   2276.8 ms  ✓ Test
  10912.8 ms  ✓ JuliaSyntax
  10013.5 ms  ✓ CommonMark
    382.1 ms  ✓ CommonMark → CommonMarkMarkdownExt
  16550.7 ms  ✓ JuliaFormatter
  8 dependencies successfully precompiled in 29 seconds
	Command being timed: "nice -n -10 timeout -k120 -v 3600 julia +lts --project=J/JuliaFormatter/Format-Text -e using Pkg; @time @eval Pkg.precompile()"
	User time (seconds): 66.78
	System time (seconds): 2.87
	Percent of CPU this job got: 234%
	Elapsed (wall clock) time (h:mm:ss or m:ss): 0:29.73
	Average shared text size (kbytes): 0
	Average unshared data size (kbytes): 0
	Average stack size (kbytes): 0
	Average total size (kbytes): 0
	Maximum resident set size (kbytes): 1029856
	Average resident set size (kbytes): 0
	Major (requiring I/O) page faults: 208
	Minor (reclaiming a frame) page faults: 858486
	Voluntary context switches: 13307
	Involuntary context switches: 3467
	Swaps: 0
	File system inputs: 0
	File system outputs: 212592
	Socket messages sent: 0
	Socket messages received: 0
	Signals delivered: 0
	Page size (bytes): 4096
	Exit status: 0
