nice: cannot set niceness: Permission denied
Precompiling packages...
  76377.9 ms  ✓ Pkg (serial)
  1 dependency successfully precompiled in 76 seconds
Precompiling packages...
    437.8 ms  ✓ Unicode
    513.9 ms  ✓ Glob
    654.7 ms  ✓ Serialization
    609.4 ms  ✓ Preferences
    364.6 ms  ✓ PrecompileTools
   2095.2 ms  ✓ InteractiveUtils
   3922.4 ms  ✓ Test
   9566.5 ms  ✓ CommonMark
    538.4 ms  ✓ CommonMark → CommonMarkMarkdownExt
  14633.8 ms  ✓ JuliaSyntax
  22416.2 ms  ✓ JuliaFormatter
  11 dependencies successfully precompiled in 37 seconds. 8 already precompiled.
  8 dependencies precompiled but different versions are currently loaded (Base64, Dates, JuliaSyntaxHighlighting, Logging, Markdown, Printf, StyledStrings and TOML). Restart julia to access the new versions. Otherwise, 7 dependents of these packages may trigger further precompilation to work with the unexpected versions.
	Command being timed: "nice -n -10 timeout -k120 -v 3600 julia +1.12.7 --project=J/JuliaFormatter/Format-Text -e using Pkg; @time @eval Pkg.precompile()"
	User time (seconds): 207.62
	System time (seconds): 7.50
	Percent of CPU this job got: 187%
	Elapsed (wall clock) time (h:mm:ss or m:ss): 1:54.50
	Average shared text size (kbytes): 0
	Average unshared data size (kbytes): 0
	Average stack size (kbytes): 0
	Average total size (kbytes): 0
	Maximum resident set size (kbytes): 2165344
	Average resident set size (kbytes): 0
	Major (requiring I/O) page faults: 369
	Minor (reclaiming a frame) page faults: 2762798
	Voluntary context switches: 8050
	Involuntary context switches: 6190
	Swaps: 0
	File system inputs: 0
	File system outputs: 508656
	Socket messages sent: 0
	Socket messages received: 0
	Signals delivered: 0
	Page size (bytes): 4096
	Exit status: 0
