nice: cannot set niceness: Permission denied
Precompiling packages...
    457.4 ms  ✓ Glob
    586.8 ms  ✓ Preferences
    267.8 ms  ✓ PrecompileTools
   8731.4 ms  ✓ JuliaSyntax
   8334.7 ms  ✓ CommonMark
  16121.1 ms  ✓ JuliaFormatter
  6 dependencies successfully precompiled in 26 seconds
	Command being timed: "nice -n -10 timeout -k120 -v 3600 julia +lts --project=J/JuliaFormatter/Format-Text -e using Pkg; @time @eval Pkg.precompile()"
	User time (seconds): 56.02
	System time (seconds): 2.62
	Percent of CPU this job got: 218%
	Elapsed (wall clock) time (h:mm:ss or m:ss): 0:26.81
	Average shared text size (kbytes): 0
	Average unshared data size (kbytes): 0
	Average stack size (kbytes): 0
	Average total size (kbytes): 0
	Maximum resident set size (kbytes): 982872
	Average resident set size (kbytes): 0
	Major (requiring I/O) page faults: 76
	Minor (reclaiming a frame) page faults: 732269
	Voluntary context switches: 11032
	Involuntary context switches: 2112
	Swaps: 0
	File system inputs: 0
	File system outputs: 178112
	Socket messages sent: 0
	Socket messages received: 0
	Signals delivered: 0
	Page size (bytes): 4096
	Exit status: 0
