nice: cannot set niceness: Permission denied
Precompiling packages...
    489.4 ms  ✓ Glob
    610.3 ms  ✓ Preferences
    304.4 ms  ✓ PrecompileTools
   2211.8 ms  ✓ Test
  10242.3 ms  ✓ JuliaSyntax
   9461.2 ms  ✓ CommonMark
    367.3 ms  ✓ CommonMark → CommonMarkMarkdownExt
  16515.7 ms  ✓ JuliaFormatter
  8 dependencies successfully precompiled in 28 seconds
	Command being timed: "nice -n -10 timeout -k120 -v 3600 julia +lts --project=J/JuliaFormatter/Format-Text -e using Pkg; @time @eval Pkg.precompile()"
	User time (seconds): 64.55
	System time (seconds): 2.83
	Percent of CPU this job got: 231%
	Elapsed (wall clock) time (h:mm:ss or m:ss): 0:29.06
	Average shared text size (kbytes): 0
	Average unshared data size (kbytes): 0
	Average stack size (kbytes): 0
	Average total size (kbytes): 0
	Maximum resident set size (kbytes): 1003584
	Average resident set size (kbytes): 0
	Major (requiring I/O) page faults: 100
	Minor (reclaiming a frame) page faults: 845960
	Voluntary context switches: 13374
	Involuntary context switches: 2612
	Swaps: 0
	File system inputs: 64
	File system outputs: 212504
	Socket messages sent: 0
	Socket messages received: 0
	Signals delivered: 0
	Page size (bytes): 4096
	Exit status: 0
