nice: cannot set niceness: Permission denied
Precompiling packages...
    434.3 ms  ✓ Glob
    567.0 ms  ✓ Preferences
    270.2 ms  ✓ PrecompileTools
   8767.7 ms  ✓ CommonMark
   9781.6 ms  ✓ JuliaSyntax
  16070.4 ms  ✓ JuliaFormatter
  6 dependencies successfully precompiled in 26 seconds
	Command being timed: "nice -n -10 timeout -k120 -v 3600 julia +lts --project=J/JuliaFormatter/Format-Text -e using Pkg; @time @eval Pkg.precompile()"
	User time (seconds): 58.11
	System time (seconds): 2.68
	Percent of CPU this job got: 223%
	Elapsed (wall clock) time (h:mm:ss or m:ss): 0:27.15
	Average shared text size (kbytes): 0
	Average unshared data size (kbytes): 0
	Average stack size (kbytes): 0
	Average total size (kbytes): 0
	Maximum resident set size (kbytes): 1003180
	Average resident set size (kbytes): 0
	Major (requiring I/O) page faults: 196
	Minor (reclaiming a frame) page faults: 745895
	Voluntary context switches: 11002
	Involuntary context switches: 2198
	Swaps: 0
	File system inputs: 0
	File system outputs: 175912
	Socket messages sent: 0
	Socket messages received: 0
	Signals delivered: 0
	Page size (bytes): 4096
	Exit status: 0
