nice: cannot set niceness: Permission denied
Precompiling packages...
    493.4 ms  ✓ Glob
    622.2 ms  ✓ Preferences
    309.6 ms  ✓ PrecompileTools
   2257.9 ms  ✓ Test
  10597.3 ms  ✓ JuliaSyntax
   9811.4 ms  ✓ CommonMark
    359.6 ms  ✓ CommonMark → CommonMarkMarkdownExt
  20310.7 ms  ✓ JuliaFormatter
  8 dependencies successfully precompiled in 32 seconds
	Command being timed: "nice -n -10 timeout -k120 -v 3600 julia +lts --project=J/JuliaFormatter/Format-Text -e using Pkg; @time @eval Pkg.precompile()"
	User time (seconds): 72.30
	System time (seconds): 3.17
	Percent of CPU this job got: 227%
	Elapsed (wall clock) time (h:mm:ss or m:ss): 0:33.16
	Average shared text size (kbytes): 0
	Average unshared data size (kbytes): 0
	Average stack size (kbytes): 0
	Average total size (kbytes): 0
	Maximum resident set size (kbytes): 1127176
	Average resident set size (kbytes): 0
	Major (requiring I/O) page faults: 92
	Minor (reclaiming a frame) page faults: 888030
	Voluntary context switches: 13233
	Involuntary context switches: 3026
	Swaps: 0
	File system inputs: 0
	File system outputs: 221344
	Socket messages sent: 0
	Socket messages received: 0
	Signals delivered: 0
	Page size (bytes): 4096
	Exit status: 0
