nice: cannot set niceness: Permission denied
Precompiling packages...
  75319.6 ms  ✓ Pkg (serial)
  1 dependency successfully precompiled in 75 seconds
Precompiling packages...
    377.5 ms  ✓ Unicode
    424.4 ms  ✓ Glob
    543.1 ms  ✓ Preferences
    362.0 ms  ✓ PrecompileTools
  10947.3 ms  ✓ CommonMark
  13444.4 ms  ✓ JuliaSyntax
  20985.7 ms  ✓ JuliaFormatter
  7 dependencies successfully precompiled in 34 seconds. 3 already precompiled.
	Command being timed: "nice -n -10 timeout -k120 -v 3600 julia +release --project=J/JuliaFormatter/Format-Text -e using Pkg; @time @eval Pkg.precompile()"
	User time (seconds): 198.58
	System time (seconds): 6.93
	Percent of CPU this job got: 185%
	Elapsed (wall clock) time (h:mm:ss or m:ss): 1:50.71
	Average shared text size (kbytes): 0
	Average unshared data size (kbytes): 0
	Average stack size (kbytes): 0
	Average total size (kbytes): 0
	Maximum resident set size (kbytes): 2153004
	Average resident set size (kbytes): 0
	Major (requiring I/O) page faults: 168
	Minor (reclaiming a frame) page faults: 2509166
	Voluntary context switches: 7553
	Involuntary context switches: 6074
	Swaps: 0
	File system inputs: 0
	File system outputs: 476200
	Socket messages sent: 0
	Socket messages received: 0
	Signals delivered: 0
	Page size (bytes): 4096
	Exit status: 0
