nice: cannot set niceness: Permission denied
Precompiling packages...
    376.4 ms  ✓ Unicode
    410.7 ms  ✓ Glob
   1738.5 ms  ✓ Preferences
    424.2 ms  ✓ PrecompileTools
  10348.7 ms  ✓ CommonMark
  14870.4 ms  ✓ JuliaSyntax
  28191.8 ms  ✓ JuliaFormatter
  7 dependencies successfully precompiled in 43 seconds. 3 already precompiled.
	Command being timed: "nice -n -10 timeout -k120 -v 3600 julia +alpha --project=J/JuliaFormatter/Format-Text -e using Pkg; @time @eval Pkg.precompile()"
	User time (seconds): 204.19
	System time (seconds): 8.44
	Percent of CPU this job got: 138%
	Elapsed (wall clock) time (h:mm:ss or m:ss): 2:33.96
	Average shared text size (kbytes): 0
	Average unshared data size (kbytes): 0
	Average stack size (kbytes): 0
	Average total size (kbytes): 0
	Maximum resident set size (kbytes): 2588896
	Average resident set size (kbytes): 0
	Major (requiring I/O) page faults: 205
	Minor (reclaiming a frame) page faults: 3478676
	Voluntary context switches: 7661
	Involuntary context switches: 1594
	Swaps: 0
	File system inputs: 0
	File system outputs: 477072
	Socket messages sent: 0
	Socket messages received: 0
	Signals delivered: 0
	Page size (bytes): 4096
	Exit status: 0
