nice: cannot set niceness: Permission denied
Precompiling packages...
    389.4 ms  ✓ Unicode
    391.0 ms  ✓ Glob
   1319.2 ms  ✓ Preferences
    375.7 ms  ✓ PrecompileTools
   7814.6 ms  ✓ CommonMark
  14860.2 ms  ✓ JuliaSyntax
  25921.2 ms  ✓ JuliaFormatter
  7 dependencies successfully precompiled in 41 seconds. 3 already precompiled.
	Command being timed: "nice -n -10 timeout -k120 -v 3600 julia +nightly --project=J/JuliaFormatter/Format-Text -e using Pkg; @time @eval Pkg.precompile()"
	User time (seconds): 207.41
	System time (seconds): 8.58
	Percent of CPU this job got: 135%
	Elapsed (wall clock) time (h:mm:ss or m:ss): 2:39.09
	Average shared text size (kbytes): 0
	Average unshared data size (kbytes): 0
	Average stack size (kbytes): 0
	Average total size (kbytes): 0
	Maximum resident set size (kbytes): 2456808
	Average resident set size (kbytes): 0
	Major (requiring I/O) page faults: 219
	Minor (reclaiming a frame) page faults: 3350544
	Voluntary context switches: 7269
	Involuntary context switches: 3136
	Swaps: 0
	File system inputs: 0
	File system outputs: 472248
	Socket messages sent: 0
	Socket messages received: 0
	Signals delivered: 0
	Page size (bytes): 4096
	Exit status: 0
