nice: cannot set niceness: Permission denied
Precompiling packages...
    467.0 ms  ✓ Glob
    606.8 ms  ✓ Preferences
    300.7 ms  ✓ PrecompileTools
   2168.7 ms  ✓ Test
  10570.8 ms  ✓ JuliaSyntax
   9610.0 ms  ✓ CommonMark
    357.0 ms  ✓ CommonMark → CommonMarkMarkdownExt
  20569.1 ms  ✓ JuliaFormatter
  8 dependencies successfully precompiled in 32 seconds
	Command being timed: "nice -n -10 timeout -k120 -v 3600 julia +lts --project=J/JuliaFormatter/Format-Text -e using Pkg; @time @eval Pkg.precompile()"
	User time (seconds): 72.32
	System time (seconds): 3.15
	Percent of CPU this job got: 227%
	Elapsed (wall clock) time (h:mm:ss or m:ss): 0:33.19
	Average shared text size (kbytes): 0
	Average unshared data size (kbytes): 0
	Average stack size (kbytes): 0
	Average total size (kbytes): 0
	Maximum resident set size (kbytes): 1111500
	Average resident set size (kbytes): 0
	Major (requiring I/O) page faults: 95
	Minor (reclaiming a frame) page faults: 885966
	Voluntary context switches: 13639
	Involuntary context switches: 2909
	Swaps: 0
	File system inputs: 0
	File system outputs: 223352
	Socket messages sent: 0
	Socket messages received: 0
	Signals delivered: 0
	Page size (bytes): 4096
	Exit status: 0
