nice: cannot set niceness: Permission denied
Precompiling packages...
    428.8 ms  ✓ Unicode
    480.7 ms  ✓ Glob
    617.8 ms  ✓ Serialization
   1109.9 ms  ✓ InteractiveUtils
   1748.6 ms  ✓ Preferences
    550.6 ms  ✓ PrecompileTools
   7504.7 ms  ✓ Test
  10949.4 ms  ✓ CommonMark
    617.9 ms  ✓ CommonMark → CommonMarkMarkdownExt
  17083.9 ms  ✓ JuliaSyntax
  30586.5 ms  ✓ JuliaFormatter
  11 dependencies successfully precompiled in 48 seconds. 8 already precompiled.
	Command being timed: "nice -n -10 timeout -k120 -v 3600 julia +alpha --project=J/JuliaFormatter/Format-Text -e using Pkg; @time @eval Pkg.precompile()"
	User time (seconds): 222.52
	System time (seconds): 9.34
	Percent of CPU this job got: 145%
	Elapsed (wall clock) time (h:mm:ss or m:ss): 2:39.09
	Average shared text size (kbytes): 0
	Average unshared data size (kbytes): 0
	Average stack size (kbytes): 0
	Average total size (kbytes): 0
	Maximum resident set size (kbytes): 2582768
	Average resident set size (kbytes): 0
	Major (requiring I/O) page faults: 445
	Minor (reclaiming a frame) page faults: 3797715
	Voluntary context switches: 8425
	Involuntary context switches: 1988
	Swaps: 0
	File system inputs: 0
	File system outputs: 519360
	Socket messages sent: 0
	Socket messages received: 0
	Signals delivered: 0
	Page size (bytes): 4096
	Exit status: 0
