nice: cannot set niceness: Permission denied
Precompiling packages...
    429.8 ms  ✓ Glob
    572.0 ms  ✓ Preferences
    284.7 ms  ✓ PrecompileTools
   5373.5 ms  ✓ CommonMark
   7955.3 ms  ✓ JuliaSyntax
  15856.3 ms  ✓ JuliaFormatter
  6 dependencies successfully precompiled in 24 seconds
	Command being timed: "nice -n -10 timeout -k120 -v 3600 julia +lts --project=J/JuliaFormatter/Format-Text -e using Pkg; @time @eval Pkg.precompile()"
	User time (seconds): 51.44
	System time (seconds): 2.38
	Percent of CPU this job got: 214%
	Elapsed (wall clock) time (h:mm:ss or m:ss): 0:25.12
	Average shared text size (kbytes): 0
	Average unshared data size (kbytes): 0
	Average stack size (kbytes): 0
	Average total size (kbytes): 0
	Maximum resident set size (kbytes): 1005156
	Average resident set size (kbytes): 0
	Major (requiring I/O) page faults: 77
	Minor (reclaiming a frame) page faults: 680875
	Voluntary context switches: 9800
	Involuntary context switches: 1623
	Swaps: 0
	File system inputs: 0
	File system outputs: 165936
	Socket messages sent: 0
	Socket messages received: 0
	Signals delivered: 0
	Page size (bytes): 4096
	Exit status: 0
