nice: cannot set niceness: Permission denied
Precompiling packages...
  84289.2 ms  ✓ Pkg (serial)
  1 dependency successfully precompiled in 84 seconds
Precompiling packages...
    906.7 ms  ✓ Unicode
    950.8 ms  ✓ Glob
   1416.2 ms  ✓ Serialization
   1112.3 ms  ✓ Preferences
    814.6 ms  ✓ PrecompileTools
   4297.7 ms  ✓ InteractiveUtils
   7161.8 ms  ✓ Test
  14743.3 ms  ✓ CommonMark
    647.9 ms  ✓ CommonMark → CommonMarkMarkdownExt
  22492.8 ms  ✓ JuliaSyntax
  24536.4 ms  ✓ JuliaFormatter
  11 dependencies successfully precompiled in 47 seconds. 8 already precompiled.
	Command being timed: "nice -n -10 timeout -k120 -v 3600 julia +1.12.6 --project=J/JuliaFormatter/Format-Text -e using Pkg; @time @eval Pkg.precompile()"
	User time (seconds): 254.52
	System time (seconds): 8.97
	Percent of CPU this job got: 197%
	Elapsed (wall clock) time (h:mm:ss or m:ss): 2:13.52
	Average shared text size (kbytes): 0
	Average unshared data size (kbytes): 0
	Average stack size (kbytes): 0
	Average total size (kbytes): 0
	Maximum resident set size (kbytes): 2153904
	Average resident set size (kbytes): 0
	Major (requiring I/O) page faults: 180
	Minor (reclaiming a frame) page faults: 2818316
	Voluntary context switches: 7303
	Involuntary context switches: 9998
	Swaps: 0
	File system inputs: 0
	File system outputs: 505272
	Socket messages sent: 0
	Socket messages received: 0
	Signals delivered: 0
	Page size (bytes): 4096
	Exit status: 0
