nice: cannot set niceness: Permission denied
Precompiling packages...
    382.7 ms  ✓ Unicode
    402.4 ms  ✓ Glob
   1304.5 ms  ✓ Preferences
    377.5 ms  ✓ PrecompileTools
   7713.8 ms  ✓ CommonMark
  14695.6 ms  ✓ JuliaSyntax
  24314.1 ms  ✓ JuliaFormatter
  7 dependencies successfully precompiled in 39 seconds. 3 already precompiled.
	Command being timed: "nice -n -10 timeout -k120 -v 3600 julia +alpha --project=J/JuliaFormatter/Format-Text -e using Pkg; @time @eval Pkg.precompile()"
	User time (seconds): 191.31
	System time (seconds): 8.41
	Percent of CPU this job got: 136%
	Elapsed (wall clock) time (h:mm:ss or m:ss): 2:26.34
	Average shared text size (kbytes): 0
	Average unshared data size (kbytes): 0
	Average stack size (kbytes): 0
	Average total size (kbytes): 0
	Maximum resident set size (kbytes): 2592452
	Average resident set size (kbytes): 0
	Major (requiring I/O) page faults: 220
	Minor (reclaiming a frame) page faults: 3357665
	Voluntary context switches: 7237
	Involuntary context switches: 2686
	Swaps: 0
	File system inputs: 0
	File system outputs: 461904
	Socket messages sent: 0
	Socket messages received: 0
	Signals delivered: 0
	Page size (bytes): 4096
	Exit status: 0
