nice: cannot set niceness: Permission denied
Precompiling packages...
  72838.5 ms  ✓ Pkg (serial)
  1 dependency successfully precompiled in 73 seconds
Precompiling packages...
    365.8 ms  ✓ Unicode
    401.2 ms  ✓ Glob
    525.7 ms  ✓ Preferences
    344.4 ms  ✓ PrecompileTools
   6656.4 ms  ✓ CommonMark
  11172.2 ms  ✓ JuliaSyntax
  20269.3 ms  ✓ JuliaFormatter
  7 dependencies successfully precompiled in 31 seconds. 3 already precompiled.
	Command being timed: "nice -n -10 timeout -k120 -v 3600 julia +release --project=J/JuliaFormatter/Format-Text -e using Pkg; @time @eval Pkg.precompile()"
	User time (seconds): 182.00
	System time (seconds): 6.91
	Percent of CPU this job got: 179%
	Elapsed (wall clock) time (h:mm:ss or m:ss): 1:45.01
	Average shared text size (kbytes): 0
	Average unshared data size (kbytes): 0
	Average stack size (kbytes): 0
	Average total size (kbytes): 0
	Maximum resident set size (kbytes): 2046116
	Average resident set size (kbytes): 0
	Major (requiring I/O) page faults: 175
	Minor (reclaiming a frame) page faults: 2525487
	Voluntary context switches: 6442
	Involuntary context switches: 5015
	Swaps: 0
	File system inputs: 0
	File system outputs: 455024
	Socket messages sent: 0
	Socket messages received: 0
	Signals delivered: 0
	Page size (bytes): 4096
	Exit status: 0
