nice: cannot set niceness: Permission denied
Precompiling packages...
  73591.2 ms  ✓ Pkg (serial)
  1 dependency successfully precompiled in 74 seconds
Precompiling packages...
    369.6 ms  ✓ Unicode
    393.9 ms  ✓ Glob
    535.3 ms  ✓ Preferences
    347.0 ms  ✓ PrecompileTools
  11143.2 ms  ✓ CommonMark
  13579.1 ms  ✓ JuliaSyntax
  20398.1 ms  ✓ JuliaFormatter
  7 dependencies successfully precompiled in 34 seconds. 3 already precompiled.
	Command being timed: "nice -n -10 timeout -k120 -v 3600 julia +release --project=J/JuliaFormatter/Format-Text -e using Pkg; @time @eval Pkg.precompile()"
	User time (seconds): 193.08
	System time (seconds): 7.07
	Percent of CPU this job got: 184%
	Elapsed (wall clock) time (h:mm:ss or m:ss): 1:48.44
	Average shared text size (kbytes): 0
	Average unshared data size (kbytes): 0
	Average stack size (kbytes): 0
	Average total size (kbytes): 0
	Maximum resident set size (kbytes): 2156556
	Average resident set size (kbytes): 0
	Major (requiring I/O) page faults: 184
	Minor (reclaiming a frame) page faults: 2491327
	Voluntary context switches: 6585
	Involuntary context switches: 6407
	Swaps: 0
	File system inputs: 0
	File system outputs: 470608
	Socket messages sent: 0
	Socket messages received: 0
	Signals delivered: 0
	Page size (bytes): 4096
	Exit status: 0
