nice: cannot set niceness: Permission denied
Precompiling packages...
    381.3 ms  ✓ Unicode
    410.5 ms  ✓ Glob
   1269.6 ms  ✓ Preferences
    373.3 ms  ✓ PrecompileTools
   7755.2 ms  ✓ CommonMark
  14794.5 ms  ✓ JuliaSyntax
  24638.7 ms  ✓ JuliaFormatter
  7 dependencies successfully precompiled in 39 seconds. 3 already precompiled.
	Command being timed: "nice -n -10 timeout -k120 -v 3600 julia +alpha --project=J/JuliaFormatter/Format-Text -e using Pkg; @time @eval Pkg.precompile()"
	User time (seconds): 192.75
	System time (seconds): 8.23
	Percent of CPU this job got: 136%
	Elapsed (wall clock) time (h:mm:ss or m:ss): 2:26.90
	Average shared text size (kbytes): 0
	Average unshared data size (kbytes): 0
	Average stack size (kbytes): 0
	Average total size (kbytes): 0
	Maximum resident set size (kbytes): 2590996
	Average resident set size (kbytes): 0
	Major (requiring I/O) page faults: 311
	Minor (reclaiming a frame) page faults: 3352202
	Voluntary context switches: 7354
	Involuntary context switches: 1537
	Swaps: 0
	File system inputs: 0
	File system outputs: 462928
	Socket messages sent: 0
	Socket messages received: 0
	Signals delivered: 0
	Page size (bytes): 4096
	Exit status: 0
