nice: cannot set niceness: Permission denied
Precompiling packages...
    383.5 ms  ✓ Unicode
    414.9 ms  ✓ Glob
   1309.4 ms  ✓ Preferences
    374.4 ms  ✓ PrecompileTools
   7774.8 ms  ✓ CommonMark
  14516.0 ms  ✓ JuliaSyntax
  24528.9 ms  ✓ JuliaFormatter
  7 dependencies successfully precompiled in 39 seconds. 3 already precompiled.
	Command being timed: "nice -n -10 timeout -k120 -v 3600 julia +alpha --project=J/JuliaFormatter/Format-Text -e using Pkg; @time @eval Pkg.precompile()"
	User time (seconds): 192.23
	System time (seconds): 8.20
	Percent of CPU this job got: 136%
	Elapsed (wall clock) time (h:mm:ss or m:ss): 2:26.45
	Average shared text size (kbytes): 0
	Average unshared data size (kbytes): 0
	Average stack size (kbytes): 0
	Average total size (kbytes): 0
	Maximum resident set size (kbytes): 2589208
	Average resident set size (kbytes): 0
	Major (requiring I/O) page faults: 212
	Minor (reclaiming a frame) page faults: 3345555
	Voluntary context switches: 7185
	Involuntary context switches: 1991
	Swaps: 0
	File system inputs: 0
	File system outputs: 461936
	Socket messages sent: 0
	Socket messages received: 0
	Signals delivered: 0
	Page size (bytes): 4096
	Exit status: 0
