nice: cannot set niceness: Permission denied
Precompiling packages...
  72356.8 ms  ✓ Pkg (serial)
  1 dependency successfully precompiled in 72 seconds
Precompiling packages...
    367.0 ms  ✓ Unicode
    393.8 ms  ✓ Glob
    513.7 ms  ✓ Preferences
    339.2 ms  ✓ PrecompileTools
  10519.7 ms  ✓ CommonMark
  12975.0 ms  ✓ JuliaSyntax
  20262.7 ms  ✓ JuliaFormatter
  7 dependencies successfully precompiled in 33 seconds. 3 already precompiled.
	Command being timed: "nice -n -10 timeout -k120 -v 3600 julia +1.12.4 --project=J/JuliaFormatter/Format-Text -e using Pkg; @time @eval Pkg.precompile()"
	User time (seconds): 189.43
	System time (seconds): 6.97
	Percent of CPU this job got: 184%
	Elapsed (wall clock) time (h:mm:ss or m:ss): 1:46.29
	Average shared text size (kbytes): 0
	Average unshared data size (kbytes): 0
	Average stack size (kbytes): 0
	Average total size (kbytes): 0
	Maximum resident set size (kbytes): 2139120
	Average resident set size (kbytes): 0
	Major (requiring I/O) page faults: 193
	Minor (reclaiming a frame) page faults: 2500300
	Voluntary context switches: 6477
	Involuntary context switches: 5965
	Swaps: 0
	File system inputs: 0
	File system outputs: 465376
	Socket messages sent: 0
	Socket messages received: 0
	Signals delivered: 0
	Page size (bytes): 4096
	Exit status: 0
