nice: cannot set niceness: Permission denied
Precompiling packages...
  73790.1 ms  ✓ Pkg (serial)
  1 dependency successfully precompiled in 74 seconds
Precompiling packages...
    360.0 ms  ✓ Unicode
    405.4 ms  ✓ Glob
    525.2 ms  ✓ Preferences
    335.4 ms  ✓ PrecompileTools
  10613.8 ms  ✓ CommonMark
  13062.2 ms  ✓ JuliaSyntax
  20277.3 ms  ✓ JuliaFormatter
  7 dependencies successfully precompiled in 33 seconds. 3 already precompiled.
	Command being timed: "nice -n -10 timeout -k120 -v 3600 julia +release --project=J/JuliaFormatter/Format-Text -e using Pkg; @time @eval Pkg.precompile()"
	User time (seconds): 192.35
	System time (seconds): 6.69
	Percent of CPU this job got: 184%
	Elapsed (wall clock) time (h:mm:ss or m:ss): 1:47.89
	Average shared text size (kbytes): 0
	Average unshared data size (kbytes): 0
	Average stack size (kbytes): 0
	Average total size (kbytes): 0
	Maximum resident set size (kbytes): 2153884
	Average resident set size (kbytes): 0
	Major (requiring I/O) page faults: 211
	Minor (reclaiming a frame) page faults: 2485156
	Voluntary context switches: 7045
	Involuntary context switches: 5755
	Swaps: 0
	File system inputs: 0
	File system outputs: 467616
	Socket messages sent: 0
	Socket messages received: 0
	Signals delivered: 0
	Page size (bytes): 4096
	Exit status: 0
