nice: cannot set niceness: Permission denied
Precompiling packages...
   0.2 s  ✓ Unicode
   0.3 s  ✓ Glob
   0.4 s  ✓ Serialization
   1.0 s  ✓ InteractiveUtils
   1.5 s  ✓ Preferences
   0.4 s  ✓ PrecompileTools
   7.4 s  ✓ Test
  11.1 s  ✓ CommonMark
   0.5 s  ✓ CommonMark → CommonMarkMarkdownExt
  16.8 s  ✓ JuliaSyntax
  26.8 s  ✓ JuliaFormatter
  11 dependencies successfully precompiled in 44 seconds. 8 already precompiled.
	Command being timed: "nice -n -10 timeout -k120 -v 3600 julia +alpha --project=J/JuliaFormatter/Format-Text -e using Pkg; @time @eval Pkg.precompile()"
	User time (seconds): 211.10
	System time (seconds): 9.35
	Percent of CPU this job got: 147%
	Elapsed (wall clock) time (h:mm:ss or m:ss): 2:29.61
	Average shared text size (kbytes): 0
	Average unshared data size (kbytes): 0
	Average stack size (kbytes): 0
	Average total size (kbytes): 0
	Maximum resident set size (kbytes): 2667256
	Average resident set size (kbytes): 0
	Major (requiring I/O) page faults: 440
	Minor (reclaiming a frame) page faults: 3720319
	Voluntary context switches: 10566
	Involuntary context switches: 2293
	Swaps: 0
	File system inputs: 0
	File system outputs: 516328
	Socket messages sent: 0
	Socket messages received: 0
	Signals delivered: 0
	Page size (bytes): 4096
	Exit status: 0
