nice: cannot set niceness: Permission denied
Precompiling packages...
    387.1 ms  ✓ Unicode
    512.5 ms  ✓ Statistics
    506.6 ms  ✓ Compat
    618.3 ms  ✓ StructUtils
    384.9 ms  ✓ Compat → CompatLinearAlgebraExt
   1416.0 ms  ✓ Preferences
    386.7 ms  ✓ PrecompileTools
   6257.6 ms  ✓ Profile
   9483.4 ms  ✓ Parsers
   3272.4 ms  ✓ JSON
   1123.7 ms  ✓ BenchmarkTools
  11 dependencies successfully precompiled in 16 seconds. 6 already precompiled.
	Command being timed: "nice -n -10 timeout -k120 -v 3600 julia +nightly --project=B/BenchmarkTools/Basic-Benchmark -e using Pkg; @time @eval Pkg.precompile()"
	User time (seconds): 173.19
	System time (seconds): 7.87
	Percent of CPU this job got: 134%
	Elapsed (wall clock) time (h:mm:ss or m:ss): 2:14.20
	Average shared text size (kbytes): 0
	Average unshared data size (kbytes): 0
	Average stack size (kbytes): 0
	Average total size (kbytes): 0
	Maximum resident set size (kbytes): 2451492
	Average resident set size (kbytes): 0
	Major (requiring I/O) page faults: 297
	Minor (reclaiming a frame) page faults: 3109190
	Voluntary context switches: 7652
	Involuntary context switches: 2452
	Swaps: 0
	File system inputs: 0
	File system outputs: 392096
	Socket messages sent: 0
	Socket messages received: 0
	Signals delivered: 0
	Page size (bytes): 4096
	Exit status: 0
