nice: cannot set niceness: Permission denied
Precompiling packages...
  73712.0 ms  ✓ Pkg (serial)
  1 dependency successfully precompiled in 74 seconds
Precompiling packages...
    360.1 ms  ✓ Unicode
    504.6 ms  ✓ Statistics
    590.8 ms  ✓ Preferences
    380.7 ms  ✓ PrecompileTools
   1407.3 ms  ✓ Compat
   1558.7 ms  ✓ StructUtils
    387.9 ms  ✓ Compat → CompatLinearAlgebraExt
   4313.6 ms  ✓ Profile
   8552.4 ms  ✓ Parsers
   3129.5 ms  ✓ JSON
   1026.8 ms  ✓ BenchmarkTools
  11 dependencies successfully precompiled in 14 seconds. 6 already precompiled.
	Command being timed: "nice -n -10 timeout -k120 -v 3600 julia +release --project=B/BenchmarkTools/Basic-Benchmark -e using Pkg; @time @eval Pkg.precompile()"
	User time (seconds): 151.52
	System time (seconds): 6.55
	Percent of CPU this job got: 178%
	Elapsed (wall clock) time (h:mm:ss or m:ss): 1:28.53
	Average shared text size (kbytes): 0
	Average unshared data size (kbytes): 0
	Average stack size (kbytes): 0
	Average total size (kbytes): 0
	Maximum resident set size (kbytes): 2149500
	Average resident set size (kbytes): 0
	Major (requiring I/O) page faults: 190
	Minor (reclaiming a frame) page faults: 2431851
	Voluntary context switches: 7256
	Involuntary context switches: 4121
	Swaps: 0
	File system inputs: 176
	File system outputs: 374480
	Socket messages sent: 0
	Socket messages received: 0
	Signals delivered: 0
	Page size (bytes): 4096
	Exit status: 0
