nice: cannot set niceness: Permission denied
Precompiling packages...
    601.4 ms  ✓ SuiteSparse_jll
    679.1 ms  ✓ Compat
    764.2 ms  ✓ Preferences
    965.0 ms  ✓ StructUtils
    367.6 ms  ✓ Compat → CompatLinearAlgebraExt
    344.2 ms  ✓ PrecompileTools
   2825.4 ms  ✓ Profile
   3310.0 ms  ✓ SparseArrays
    644.0 ms  ✓ Statistics
   8516.5 ms  ✓ Parsers
   2515.1 ms  ✓ JSON
   2894.2 ms  ✓ BenchmarkTools
  12 dependencies successfully precompiled in 16 seconds
	Command being timed: "nice -n -10 timeout -k120 -v 3600 julia +lts --project=B/BenchmarkTools/Basic-Benchmark -e using Pkg; @time @eval Pkg.precompile()"
	User time (seconds): 34.23
	System time (seconds): 2.80
	Percent of CPU this job got: 219%
	Elapsed (wall clock) time (h:mm:ss or m:ss): 0:16.88
	Average shared text size (kbytes): 0
	Average unshared data size (kbytes): 0
	Average stack size (kbytes): 0
	Average total size (kbytes): 0
	Maximum resident set size (kbytes): 651744
	Average resident set size (kbytes): 0
	Major (requiring I/O) page faults: 57
	Minor (reclaiming a frame) page faults: 757118
	Voluntary context switches: 18201
	Involuntary context switches: 1371
	Swaps: 0
	File system inputs: 0
	File system outputs: 131968
	Socket messages sent: 0
	Socket messages received: 0
	Signals delivered: 0
	Page size (bytes): 4096
	Exit status: 0
