nice: cannot set niceness: Permission denied
Precompiling packages...
    563.1 ms  ✓ SuiteSparse_jll
    652.5 ms  ✓ Compat
    744.8 ms  ✓ Preferences
    926.0 ms  ✓ StructUtils
    347.9 ms  ✓ Compat → CompatLinearAlgebraExt
    327.2 ms  ✓ PrecompileTools
   2752.8 ms  ✓ Profile
   3087.7 ms  ✓ SparseArrays
    493.5 ms  ✓ Statistics
   7640.6 ms  ✓ Parsers
   2473.9 ms  ✓ JSON
   3006.0 ms  ✓ BenchmarkTools
  12 dependencies successfully precompiled in 15 seconds
	Command being timed: "nice -n -10 timeout -k120 -v 3600 julia +lts --project=B/BenchmarkTools/Basic-Benchmark -e using Pkg; @time @eval Pkg.precompile()"
	User time (seconds): 32.65
	System time (seconds): 2.73
	Percent of CPU this job got: 221%
	Elapsed (wall clock) time (h:mm:ss or m:ss): 0:15.97
	Average shared text size (kbytes): 0
	Average unshared data size (kbytes): 0
	Average stack size (kbytes): 0
	Average total size (kbytes): 0
	Maximum resident set size (kbytes): 622520
	Average resident set size (kbytes): 0
	Major (requiring I/O) page faults: 56
	Minor (reclaiming a frame) page faults: 744399
	Voluntary context switches: 18188
	Involuntary context switches: 1494
	Swaps: 0
	File system inputs: 0
	File system outputs: 130624
	Socket messages sent: 0
	Socket messages received: 0
	Signals delivered: 0
	Page size (bytes): 4096
	Exit status: 0
