nice: cannot set niceness: Permission denied
Precompiling packages...
  72625.4 ms  ✓ Pkg (serial)
  1 dependency successfully precompiled in 73 seconds
Precompiling packages...
    366.7 ms  ✓ Unicode
    491.8 ms  ✓ Statistics
    568.6 ms  ✓ Preferences
    380.7 ms  ✓ PrecompileTools
   1477.0 ms  ✓ Compat
   1517.0 ms  ✓ StructUtils
    374.8 ms  ✓ Compat → CompatLinearAlgebraExt
   4084.0 ms  ✓ Profile
   8426.8 ms  ✓ Parsers
   3045.9 ms  ✓ JSON
   1033.1 ms  ✓ BenchmarkTools
  11 dependencies successfully precompiled in 14 seconds. 6 already precompiled.
	Command being timed: "nice -n -10 timeout -k120 -v 3600 julia +1.12.3 --project=B/BenchmarkTools/Basic-Benchmark -e using Pkg; @time @eval Pkg.precompile()"
	User time (seconds): 148.80
	System time (seconds): 6.76
	Percent of CPU this job got: 178%
	Elapsed (wall clock) time (h:mm:ss or m:ss): 1:27.18
	Average shared text size (kbytes): 0
	Average unshared data size (kbytes): 0
	Average stack size (kbytes): 0
	Average total size (kbytes): 0
	Maximum resident set size (kbytes): 2095032
	Average resident set size (kbytes): 0
	Major (requiring I/O) page faults: 236
	Minor (reclaiming a frame) page faults: 2410680
	Voluntary context switches: 6806
	Involuntary context switches: 4006
	Swaps: 0
	File system inputs: 0
	File system outputs: 372440
	Socket messages sent: 0
	Socket messages received: 0
	Signals delivered: 0
	Page size (bytes): 4096
	Exit status: 0
