nice: cannot set niceness: Permission denied
Precompiling packages...
  75326.4 ms  ✓ Pkg (serial)
  1 dependency successfully precompiled in 75 seconds
Precompiling packages...
    387.1 ms  ✓ Unicode
    395.3 ms  ✓ CompilerSupportLibraries_jll
    510.7 ms  ✓ Statistics
    589.3 ms  ✓ Preferences
    392.0 ms  ✓ PrecompileTools
   1461.0 ms  ✓ Compat
   1591.4 ms  ✓ StructUtils
    383.4 ms  ✓ Compat → CompatLinearAlgebraExt
   4309.4 ms  ✓ Profile
   9023.9 ms  ✓ Parsers
   3265.2 ms  ✓ JSON
   4233.3 ms  ✓ BenchmarkTools
  12 dependencies successfully precompiled in 18 seconds. 6 already precompiled.
	Command being timed: "nice -n -10 timeout -k120 -v 3600 julia +1.12.6 --project=B/BenchmarkTools/Basic-Benchmark -e using Pkg; @time @eval Pkg.precompile()"
	User time (seconds): 161.03
	System time (seconds): 7.00
	Percent of CPU this job got: 178%
	Elapsed (wall clock) time (h:mm:ss or m:ss): 1:34.16
	Average shared text size (kbytes): 0
	Average unshared data size (kbytes): 0
	Average stack size (kbytes): 0
	Average total size (kbytes): 0
	Maximum resident set size (kbytes): 2149956
	Average resident set size (kbytes): 0
	Major (requiring I/O) page faults: 209
	Minor (reclaiming a frame) page faults: 2533815
	Voluntary context switches: 7629
	Involuntary context switches: 4258
	Swaps: 0
	File system inputs: 0
	File system outputs: 403456
	Socket messages sent: 0
	Socket messages received: 0
	Signals delivered: 0
	Page size (bytes): 4096
	Exit status: 0
