nice: cannot set niceness: Permission denied
Precompiling packages...
    389.4 ms  ✓ Unicode
    518.5 ms  ✓ Statistics
    511.5 ms  ✓ Compat
    647.6 ms  ✓ StructUtils
    383.5 ms  ✓ Compat → CompatLinearAlgebraExt
   1794.2 ms  ✓ Preferences
    384.6 ms  ✓ PrecompileTools
   6675.8 ms  ✓ Profile
   9226.2 ms  ✓ Parsers
   3386.0 ms  ✓ JSON
    937.9 ms  ✓ BenchmarkTools
  11 dependencies successfully precompiled in 16 seconds. 6 already precompiled.
	Command being timed: "nice -n -10 timeout -k120 -v 3600 julia +nightly --project=B/BenchmarkTools/Basic-Benchmark -e using Pkg; @time @eval Pkg.precompile()"
	User time (seconds): 182.36
	System time (seconds): 8.24
	Percent of CPU this job got: 133%
	Elapsed (wall clock) time (h:mm:ss or m:ss): 2:22.59
	Average shared text size (kbytes): 0
	Average unshared data size (kbytes): 0
	Average stack size (kbytes): 0
	Average total size (kbytes): 0
	Maximum resident set size (kbytes): 2503080
	Average resident set size (kbytes): 0
	Major (requiring I/O) page faults: 187
	Minor (reclaiming a frame) page faults: 3263371
	Voluntary context switches: 7937
	Involuntary context switches: 1614
	Swaps: 0
	File system inputs: 0
	File system outputs: 398136
	Socket messages sent: 0
	Socket messages received: 0
	Signals delivered: 0
	Page size (bytes): 4096
	Exit status: 0
