nice: cannot set niceness: Permission denied
Precompiling packages...
    508.7 ms  ✓ SuiteSparse_jll
    582.4 ms  ✓ Compat
    683.3 ms  ✓ Preferences
    842.2 ms  ✓ StructUtils
    321.9 ms  ✓ Compat → CompatLinearAlgebraExt
    297.7 ms  ✓ PrecompileTools
   2424.2 ms  ✓ Profile
   2875.6 ms  ✓ SparseArrays
    474.2 ms  ✓ Statistics
   6669.1 ms  ✓ Parsers
   1972.3 ms  ✓ JSON
    922.0 ms  ✓ BenchmarkTools
  12 dependencies successfully precompiled in 11 seconds
	Command being timed: "nice -n -10 timeout -k120 -v 3600 julia +lts --project=B/BenchmarkTools/Basic-Benchmark -e using Pkg; @time @eval Pkg.precompile()"
	User time (seconds): 25.19
	System time (seconds): 2.44
	Percent of CPU this job got: 228%
	Elapsed (wall clock) time (h:mm:ss or m:ss): 0:12.10
	Average shared text size (kbytes): 0
	Average unshared data size (kbytes): 0
	Average stack size (kbytes): 0
	Average total size (kbytes): 0
	Maximum resident set size (kbytes): 613584
	Average resident set size (kbytes): 0
	Major (requiring I/O) page faults: 58
	Minor (reclaiming a frame) page faults: 710341
	Voluntary context switches: 17970
	Involuntary context switches: 887
	Swaps: 0
	File system inputs: 0
	File system outputs: 107576
	Socket messages sent: 0
	Socket messages received: 0
	Signals delivered: 0
	Page size (bytes): 4096
	Exit status: 0
