nice: cannot set niceness: Permission denied
Precompiling packages...
    466.6 ms  ✓ Unicode
    614.3 ms  ✓ Statistics
    611.7 ms  ✓ Compat
    739.7 ms  ✓ StructUtils
    479.4 ms  ✓ Compat → CompatLinearAlgebraExt
   1689.8 ms  ✓ Preferences
    454.8 ms  ✓ PrecompileTools
   6453.8 ms  ✓ Profile
  10390.8 ms  ✓ Parsers
   3631.2 ms  ✓ JSON
   1075.3 ms  ✓ BenchmarkTools
  11 dependencies successfully precompiled in 18 seconds. 6 already precompiled.
	Command being timed: "nice -n -10 timeout -k120 -v 3600 julia +nightly --project=B/BenchmarkTools/Basic-Benchmark -e using Pkg; @time @eval Pkg.precompile()"
	User time (seconds): 187.95
	System time (seconds): 8.48
	Percent of CPU this job got: 134%
	Elapsed (wall clock) time (h:mm:ss or m:ss): 2:26.09
	Average shared text size (kbytes): 0
	Average unshared data size (kbytes): 0
	Average stack size (kbytes): 0
	Average total size (kbytes): 0
	Maximum resident set size (kbytes): 2216024
	Average resident set size (kbytes): 0
	Major (requiring I/O) page faults: 188
	Minor (reclaiming a frame) page faults: 2942463
	Voluntary context switches: 8165
	Involuntary context switches: 2120
	Swaps: 0
	File system inputs: 0
	File system outputs: 391016
	Socket messages sent: 0
	Socket messages received: 0
	Signals delivered: 0
	Page size (bytes): 4096
	Exit status: 0
