nice: cannot set niceness: Permission denied
Precompiling packages...
    516.1 ms  ✓ SuiteSparse_jll
    583.9 ms  ✓ Compat
    694.7 ms  ✓ Preferences
    841.2 ms  ✓ StructUtils
    321.6 ms  ✓ Compat → CompatLinearAlgebraExt
    307.6 ms  ✓ PrecompileTools
   2499.0 ms  ✓ Profile
   2909.7 ms  ✓ SparseArrays
    479.4 ms  ✓ Statistics
   6751.8 ms  ✓ Parsers
   1970.1 ms  ✓ JSON
    925.1 ms  ✓ BenchmarkTools
  12 dependencies successfully precompiled in 11 seconds
	Command being timed: "nice -n -10 timeout -k120 -v 3600 julia +lts --project=B/BenchmarkTools/Basic-Benchmark -e using Pkg; @time @eval Pkg.precompile()"
	User time (seconds): 25.27
	System time (seconds): 2.45
	Percent of CPU this job got: 227%
	Elapsed (wall clock) time (h:mm:ss or m:ss): 0:12.21
	Average shared text size (kbytes): 0
	Average unshared data size (kbytes): 0
	Average stack size (kbytes): 0
	Average total size (kbytes): 0
	Maximum resident set size (kbytes): 641804
	Average resident set size (kbytes): 0
	Major (requiring I/O) page faults: 59
	Minor (reclaiming a frame) page faults: 704213
	Voluntary context switches: 17958
	Involuntary context switches: 807
	Swaps: 0
	File system inputs: 0
	File system outputs: 107792
	Socket messages sent: 0
	Socket messages received: 0
	Signals delivered: 0
	Page size (bytes): 4096
	Exit status: 0
