nice: cannot set niceness: Permission denied
Precompiling packages...
  75671.3 ms  ✓ Pkg (serial)
  1 dependency successfully precompiled in 76 seconds
Precompiling packages...
    386.4 ms  ✓ Unicode
    409.8 ms  ✓ CompilerSupportLibraries_jll
    524.9 ms  ✓ Statistics
    595.8 ms  ✓ Preferences
    407.5 ms  ✓ PrecompileTools
   1501.2 ms  ✓ Compat
   1719.9 ms  ✓ StructUtils
    396.2 ms  ✓ Compat → CompatLinearAlgebraExt
   4367.1 ms  ✓ Profile
   6489.6 ms  ✓ Parsers
   4232.2 ms  ✓ JSON
   4269.0 ms  ✓ BenchmarkTools
  12 dependencies successfully precompiled in 16 seconds. 6 already precompiled.
  6 dependencies precompiled but different versions are currently loaded (Dates, Logging, Printf, StyledStrings, TOML and UUIDs). Restart julia to access the new versions. Otherwise, 9 dependents of these packages may trigger further precompilation to work with the unexpected versions.
	Command being timed: "nice -n -10 timeout -k120 -v 3600 julia +release --project=B/BenchmarkTools/Basic-Benchmark -e using Pkg; @time @eval Pkg.precompile()"
	User time (seconds): 158.60
	System time (seconds): 6.91
	Percent of CPU this job got: 177%
	Elapsed (wall clock) time (h:mm:ss or m:ss): 1:33.13
	Average shared text size (kbytes): 0
	Average unshared data size (kbytes): 0
	Average stack size (kbytes): 0
	Average total size (kbytes): 0
	Maximum resident set size (kbytes): 2167008
	Average resident set size (kbytes): 0
	Major (requiring I/O) page faults: 187
	Minor (reclaiming a frame) page faults: 2543618
	Voluntary context switches: 7578
	Involuntary context switches: 4957
	Swaps: 0
	File system inputs: 0
	File system outputs: 413312
	Socket messages sent: 0
	Socket messages received: 0
	Signals delivered: 0
	Page size (bytes): 4096
	Exit status: 0
