nice: cannot set niceness: Permission denied
Precompiling packages...
    384.6 ms  ✓ Unicode
    526.6 ms  ✓ Statistics
    534.8 ms  ✓ Compat
    624.8 ms  ✓ StructUtils
    384.3 ms  ✓ Compat → CompatLinearAlgebraExt
   1747.4 ms  ✓ Preferences
    387.0 ms  ✓ PrecompileTools
   6836.8 ms  ✓ Profile
   9371.5 ms  ✓ Parsers
   3190.9 ms  ✓ JSON
    930.5 ms  ✓ BenchmarkTools
  11 dependencies successfully precompiled in 16 seconds. 6 already precompiled.
	Command being timed: "nice -n -10 timeout -k120 -v 3600 julia +nightly --project=B/BenchmarkTools/Basic-Benchmark -e using Pkg; @time @eval Pkg.precompile()"
	User time (seconds): 179.30
	System time (seconds): 8.38
	Percent of CPU this job got: 133%
	Elapsed (wall clock) time (h:mm:ss or m:ss): 2:20.97
	Average shared text size (kbytes): 0
	Average unshared data size (kbytes): 0
	Average stack size (kbytes): 0
	Average total size (kbytes): 0
	Maximum resident set size (kbytes): 2487876
	Average resident set size (kbytes): 0
	Major (requiring I/O) page faults: 241
	Minor (reclaiming a frame) page faults: 3247728
	Voluntary context switches: 7840
	Involuntary context switches: 1708
	Swaps: 0
	File system inputs: 0
	File system outputs: 392152
	Socket messages sent: 0
	Socket messages received: 0
	Signals delivered: 0
	Page size (bytes): 4096
	Exit status: 0
