nice: cannot set niceness: Permission denied
Precompiling packages...
    523.7 ms  ✓ SuiteSparse_jll
    631.0 ms  ✓ Compat
    746.1 ms  ✓ Preferences
    904.0 ms  ✓ StructUtils
    327.6 ms  ✓ Compat → CompatLinearAlgebraExt
    309.3 ms  ✓ PrecompileTools
   2546.3 ms  ✓ Profile
   2943.2 ms  ✓ SparseArrays
    496.3 ms  ✓ Statistics
   4205.3 ms  ✓ Parsers
   2311.2 ms  ✓ JSON
   2752.0 ms  ✓ BenchmarkTools
  12 dependencies successfully precompiled in 11 seconds
	Command being timed: "nice -n -10 timeout -k120 -v 3600 julia +lts --project=B/BenchmarkTools/Basic-Benchmark -e using Pkg; @time @eval Pkg.precompile()"
	User time (seconds): 24.16
	System time (seconds): 2.46
	Percent of CPU this job got: 219%
	Elapsed (wall clock) time (h:mm:ss or m:ss): 0:12.13
	Average shared text size (kbytes): 0
	Average unshared data size (kbytes): 0
	Average stack size (kbytes): 0
	Average total size (kbytes): 0
	Maximum resident set size (kbytes): 463128
	Average resident set size (kbytes): 0
	Major (requiring I/O) page faults: 68
	Minor (reclaiming a frame) page faults: 721544
	Voluntary context switches: 18269
	Involuntary context switches: 1135
	Swaps: 0
	File system inputs: 0
	File system outputs: 131696
	Socket messages sent: 0
	Socket messages received: 0
	Signals delivered: 0
	Page size (bytes): 4096
	Exit status: 0
