nice: cannot set niceness: Permission denied
Precompiling packages...
  74209.9 ms  ✓ Pkg (serial)
  1 dependency successfully precompiled in 74 seconds
Precompiling packages...
    371.8 ms  ✓ Unicode
    500.4 ms  ✓ Statistics
    583.5 ms  ✓ Preferences
    399.4 ms  ✓ PrecompileTools
   1466.3 ms  ✓ Compat
   1562.2 ms  ✓ StructUtils
    397.4 ms  ✓ Compat → CompatLinearAlgebraExt
   4053.1 ms  ✓ Profile
   8541.6 ms  ✓ Parsers
   3116.4 ms  ✓ JSON
   1052.1 ms  ✓ BenchmarkTools
  11 dependencies successfully precompiled in 14 seconds. 6 already precompiled.
	Command being timed: "nice -n -10 timeout -k120 -v 3600 julia +1.12.4 --project=B/BenchmarkTools/Basic-Benchmark -e using Pkg; @time @eval Pkg.precompile()"
	User time (seconds): 151.87
	System time (seconds): 6.86
	Percent of CPU this job got: 178%
	Elapsed (wall clock) time (h:mm:ss or m:ss): 1:28.98
	Average shared text size (kbytes): 0
	Average unshared data size (kbytes): 0
	Average stack size (kbytes): 0
	Average total size (kbytes): 0
	Maximum resident set size (kbytes): 2139752
	Average resident set size (kbytes): 0
	Major (requiring I/O) page faults: 191
	Minor (reclaiming a frame) page faults: 2419329
	Voluntary context switches: 7132
	Involuntary context switches: 3721
	Swaps: 0
	File system inputs: 0
	File system outputs: 372624
	Socket messages sent: 0
	Socket messages received: 0
	Signals delivered: 0
	Page size (bytes): 4096
	Exit status: 0
