Precompiling project...
    328.7 ms  ✓ Unicode
    360.7 ms  ✓ Mmap
    434.8 ms  ✓ CompilerSupportLibraries_jll
    472.7 ms  ✓ Statistics
    453.1 ms  ✓ Compat
    557.5 ms  ✓ Preferences
    414.8 ms  ✓ Compat → CompatLinearAlgebraExt
    371.3 ms  ✓ PrecompileTools
   2571.9 ms  ✓ Profile
   7744.2 ms  ✓ Parsers
    928.3 ms  ✓ JSON
    892.8 ms  ✓ BenchmarkTools
  12 dependencies successfully precompiled in 11 seconds. 5 already precompiled.
	Command being timed: "julia +1.11.6 --project=B/BenchmarkTools/Basic-Benchmark -e using Pkg; @time @eval Pkg.precompile()"
	User time (seconds): 116.43
	System time (seconds): 5.56
	Percent of CPU this job got: 189%
	Elapsed (wall clock) time (h:mm:ss or m:ss): 1:04.23
	Average shared text size (kbytes): 0
	Average unshared data size (kbytes): 0
	Average stack size (kbytes): 0
	Average total size (kbytes): 0
	Maximum resident set size (kbytes): 2037976
	Average resident set size (kbytes): 0
	Major (requiring I/O) page faults: 161
	Minor (reclaiming a frame) page faults: 1953616
	Voluntary context switches: 45638
	Involuntary context switches: 4241
	Swaps: 0
	File system inputs: 0
	File system outputs: 448152
	Socket messages sent: 0
	Socket messages received: 0
	Signals delivered: 0
	Page size (bytes): 4096
	Exit status: 0
