nice: cannot set niceness: Permission denied
Precompiling packages...
    509.0 ms  ✓ SuiteSparse_jll
    578.9 ms  ✓ Compat
    673.5 ms  ✓ Preferences
    848.4 ms  ✓ StructUtils
    305.6 ms  ✓ Compat → CompatLinearAlgebraExt
    296.9 ms  ✓ PrecompileTools
   2423.8 ms  ✓ Profile
   2881.7 ms  ✓ SparseArrays
    468.4 ms  ✓ Statistics
   6711.2 ms  ✓ Parsers
   1921.4 ms  ✓ JSON
    926.5 ms  ✓ BenchmarkTools
  12 dependencies successfully precompiled in 11 seconds
	Command being timed: "nice -n -10 timeout -k120 -v 3600 julia +lts --project=B/BenchmarkTools/Basic-Benchmark -e using Pkg; @time @eval Pkg.precompile()"
	User time (seconds): 24.93
	System time (seconds): 2.42
	Percent of CPU this job got: 227%
	Elapsed (wall clock) time (h:mm:ss or m:ss): 0:12.03
	Average shared text size (kbytes): 0
	Average unshared data size (kbytes): 0
	Average stack size (kbytes): 0
	Average total size (kbytes): 0
	Maximum resident set size (kbytes): 640416
	Average resident set size (kbytes): 0
	Major (requiring I/O) page faults: 81
	Minor (reclaiming a frame) page faults: 709639
	Voluntary context switches: 18117
	Involuntary context switches: 890
	Swaps: 0
	File system inputs: 640
	File system outputs: 102640
	Socket messages sent: 0
	Socket messages received: 0
	Signals delivered: 0
	Page size (bytes): 4096
	Exit status: 0
