nice: cannot set niceness: Permission denied
Precompiling packages...
    372.0 ms  ✓ Unicode
    509.3 ms  ✓ Statistics
    501.1 ms  ✓ Compat
    716.3 ms  ✓ StructUtils
    377.3 ms  ✓ Compat → CompatLinearAlgebraExt
   1758.1 ms  ✓ Preferences
    551.2 ms  ✓ PrecompileTools
   6500.2 ms  ✓ Profile
   4435.1 ms  ✓ Parsers
   4033.1 ms  ✓ JSON
   5220.6 ms  ✓ BenchmarkTools
  11 dependencies successfully precompiled in 16 seconds. 6 already precompiled.
	Command being timed: "nice -n -10 timeout -k120 -v 3600 julia +alpha --project=B/BenchmarkTools/Basic-Benchmark -e using Pkg; @time @eval Pkg.precompile()"
	User time (seconds): 164.33
	System time (seconds): 7.84
	Percent of CPU this job got: 135%
	Elapsed (wall clock) time (h:mm:ss or m:ss): 2:07.39
	Average shared text size (kbytes): 0
	Average unshared data size (kbytes): 0
	Average stack size (kbytes): 0
	Average total size (kbytes): 0
	Maximum resident set size (kbytes): 2588632
	Average resident set size (kbytes): 0
	Major (requiring I/O) page faults: 192
	Minor (reclaiming a frame) page faults: 3122808
	Voluntary context switches: 7773
	Involuntary context switches: 1547
	Swaps: 0
	File system inputs: 0
	File system outputs: 392424
	Socket messages sent: 0
	Socket messages received: 0
	Signals delivered: 0
	Page size (bytes): 4096
	Exit status: 0
