nice: cannot set niceness: Permission denied
Precompiling packages...
    386.3 ms  ✓ Unicode
    528.8 ms  ✓ Statistics
    518.2 ms  ✓ Compat
    633.4 ms  ✓ StructUtils
    391.6 ms  ✓ Compat → CompatLinearAlgebraExt
   1918.9 ms  ✓ Preferences
    384.6 ms  ✓ PrecompileTools
   7008.9 ms  ✓ Profile
   9376.1 ms  ✓ Parsers
   3241.4 ms  ✓ JSON
    942.7 ms  ✓ BenchmarkTools
  11 dependencies successfully precompiled in 16 seconds. 6 already precompiled.
	Command being timed: "nice -n -10 timeout -k120 -v 3600 julia +nightly --project=B/BenchmarkTools/Basic-Benchmark -e using Pkg; @time @eval Pkg.precompile()"
	User time (seconds): 184.56
	System time (seconds): 8.47
	Percent of CPU this job got: 132%
	Elapsed (wall clock) time (h:mm:ss or m:ss): 2:25.33
	Average shared text size (kbytes): 0
	Average unshared data size (kbytes): 0
	Average stack size (kbytes): 0
	Average total size (kbytes): 0
	Maximum resident set size (kbytes): 2539256
	Average resident set size (kbytes): 0
	Major (requiring I/O) page faults: 271
	Minor (reclaiming a frame) page faults: 3318192
	Voluntary context switches: 7582
	Involuntary context switches: 1614
	Swaps: 0
	File system inputs: 0
	File system outputs: 394704
	Socket messages sent: 0
	Socket messages received: 0
	Signals delivered: 0
	Page size (bytes): 4096
	Exit status: 0
