nice: cannot set niceness: Permission denied
Precompiling packages...
    388.0 ms  ✓ Unicode
    529.1 ms  ✓ Statistics
    508.0 ms  ✓ Compat
    622.0 ms  ✓ StructUtils
    388.6 ms  ✓ Compat → CompatLinearAlgebraExt
   1769.9 ms  ✓ Preferences
    380.4 ms  ✓ PrecompileTools
   6764.6 ms  ✓ Profile
   9456.8 ms  ✓ Parsers
   3247.5 ms  ✓ JSON
   1116.5 ms  ✓ BenchmarkTools
  11 dependencies successfully precompiled in 16 seconds. 6 already precompiled.
	Command being timed: "nice -n -10 timeout -k120 -v 3600 julia +nightly --project=B/BenchmarkTools/Basic-Benchmark -e using Pkg; @time @eval Pkg.precompile()"
	User time (seconds): 180.68
	System time (seconds): 8.06
	Percent of CPU this job got: 133%
	Elapsed (wall clock) time (h:mm:ss or m:ss): 2:21.19
	Average shared text size (kbytes): 0
	Average unshared data size (kbytes): 0
	Average stack size (kbytes): 0
	Average total size (kbytes): 0
	Maximum resident set size (kbytes): 2528796
	Average resident set size (kbytes): 0
	Major (requiring I/O) page faults: 289
	Minor (reclaiming a frame) page faults: 3264871
	Voluntary context switches: 7517
	Involuntary context switches: 2061
	Swaps: 0
	File system inputs: 0
	File system outputs: 393288
	Socket messages sent: 0
	Socket messages received: 0
	Signals delivered: 0
	Page size (bytes): 4096
	Exit status: 0
