nice: cannot set niceness: Permission denied
Precompiling packages...
    390.4 ms  ✓ Unicode
    527.8 ms  ✓ Statistics
    514.1 ms  ✓ Compat
    644.4 ms  ✓ StructUtils
    391.0 ms  ✓ Compat → CompatLinearAlgebraExt
   1765.2 ms  ✓ Preferences
    399.7 ms  ✓ PrecompileTools
   6666.5 ms  ✓ Profile
   9248.4 ms  ✓ Parsers
   3430.2 ms  ✓ JSON
    953.4 ms  ✓ BenchmarkTools
  11 dependencies successfully precompiled in 16 seconds. 6 already precompiled.
	Command being timed: "nice -n -10 timeout -k120 -v 3600 julia +nightly --project=B/BenchmarkTools/Basic-Benchmark -e using Pkg; @time @eval Pkg.precompile()"
	User time (seconds): 183.72
	System time (seconds): 8.37
	Percent of CPU this job got: 133%
	Elapsed (wall clock) time (h:mm:ss or m:ss): 2:24.17
	Average shared text size (kbytes): 0
	Average unshared data size (kbytes): 0
	Average stack size (kbytes): 0
	Average total size (kbytes): 0
	Maximum resident set size (kbytes): 2510660
	Average resident set size (kbytes): 0
	Major (requiring I/O) page faults: 211
	Minor (reclaiming a frame) page faults: 3254033
	Voluntary context switches: 7631
	Involuntary context switches: 1610
	Swaps: 0
	File system inputs: 0
	File system outputs: 398248
	Socket messages sent: 0
	Socket messages received: 0
	Signals delivered: 0
	Page size (bytes): 4096
	Exit status: 0
