nice: cannot set niceness: Permission denied
Precompiling packages...
    541.3 ms  ✓ SuiteSparse_jll
    601.2 ms  ✓ Compat
    694.4 ms  ✓ Preferences
    864.0 ms  ✓ StructUtils
    305.8 ms  ✓ Compat → CompatLinearAlgebraExt
    295.9 ms  ✓ PrecompileTools
   2492.8 ms  ✓ Profile
   2909.4 ms  ✓ SparseArrays
    470.9 ms  ✓ Statistics
   6722.3 ms  ✓ Parsers
   1949.3 ms  ✓ JSON
    911.7 ms  ✓ BenchmarkTools
  12 dependencies successfully precompiled in 11 seconds
	Command being timed: "nice -n -10 timeout -k120 -v 3600 julia +lts --project=B/BenchmarkTools/Basic-Benchmark -e using Pkg; @time @eval Pkg.precompile()"
	User time (seconds): 25.09
	System time (seconds): 2.39
	Percent of CPU this job got: 226%
	Elapsed (wall clock) time (h:mm:ss or m:ss): 0:12.16
	Average shared text size (kbytes): 0
	Average unshared data size (kbytes): 0
	Average stack size (kbytes): 0
	Average total size (kbytes): 0
	Maximum resident set size (kbytes): 628576
	Average resident set size (kbytes): 0
	Major (requiring I/O) page faults: 56
	Minor (reclaiming a frame) page faults: 702420
	Voluntary context switches: 17898
	Involuntary context switches: 762
	Swaps: 0
	File system inputs: 16
	File system outputs: 105952
	Socket messages sent: 0
	Socket messages received: 0
	Signals delivered: 0
	Page size (bytes): 4096
	Exit status: 0
