nice: cannot set niceness: Permission denied
Precompiling packages...
    516.1 ms  ✓ SuiteSparse_jll
    593.5 ms  ✓ Compat
    662.8 ms  ✓ Preferences
    850.7 ms  ✓ StructUtils
    304.4 ms  ✓ Compat → CompatLinearAlgebraExt
    308.6 ms  ✓ PrecompileTools
   2442.7 ms  ✓ Profile
   2930.4 ms  ✓ SparseArrays
    467.5 ms  ✓ Statistics
   6865.1 ms  ✓ Parsers
   1985.6 ms  ✓ JSON
    904.3 ms  ✓ BenchmarkTools
  12 dependencies successfully precompiled in 11 seconds
	Command being timed: "nice -n -10 timeout -k120 -v 3600 julia +lts --project=B/BenchmarkTools/Basic-Benchmark -e using Pkg; @time @eval Pkg.precompile()"
	User time (seconds): 25.16
	System time (seconds): 2.52
	Percent of CPU this job got: 227%
	Elapsed (wall clock) time (h:mm:ss or m:ss): 0:12.19
	Average shared text size (kbytes): 0
	Average unshared data size (kbytes): 0
	Average stack size (kbytes): 0
	Average total size (kbytes): 0
	Maximum resident set size (kbytes): 669064
	Average resident set size (kbytes): 0
	Major (requiring I/O) page faults: 57
	Minor (reclaiming a frame) page faults: 731272
	Voluntary context switches: 18095
	Involuntary context switches: 896
	Swaps: 0
	File system inputs: 0
	File system outputs: 102544
	Socket messages sent: 0
	Socket messages received: 0
	Signals delivered: 0
	Page size (bytes): 4096
	Exit status: 0
