nice: cannot set niceness: Permission denied
Precompiling packages...
   2001.9 ms  ✓ IteratorInterfaceExtensions
   2017.3 ms  ✓ RealDot
   2016.8 ms  ✓ MistyClosures
   2106.7 ms  ✓ DataAPI
   2119.1 ms  ✓ DataValueInterfaces
   2211.7 ms  ✓ ConstructionBase
   2297.6 ms  ✓ ExprTools
   2290.9 ms  ✓ SuiteSparse_jll
   2410.5 ms  ✓ Inflate
   2422.3 ms  ✓ Requires
   2943.5 ms  ✓ Compat
   2812.7 ms  ✓ OrderedCollections
   1489.6 ms  ✓ TableTraits
   1497.0 ms  ✓ ConstructionBase → ConstructionBaseLinearAlgebraExt
   1775.3 ms  ✓ StaticArraysCore
   1483.3 ms  ✓ Adapt
   1900.4 ms  ✓ ADTypes
   1172.6 ms  ✓ Compat → CompatLinearAlgebraExt
   2391.0 ms  ✓ Preferences
   4702.0 ms  ✓ IrrationalConstants
   1301.2 ms  ✓ ADTypes → ADTypesConstructionBaseExt
   1513.4 ms  ✓ GPUArraysCore
   1187.5 ms  ✓ PrecompileTools
   5709.4 ms  ✓ Distributed
   2298.9 ms  ✓ Tables
   6615.6 ms  ✓ MacroTools
   2778.2 ms  ✓ DifferentiationInterface
   3134.6 ms  ✓ ChainRulesCore
   4806.2 ms  ✓ DataStructures
   7983.3 ms  ✓ Test
   1323.5 ms  ✓ DifferentiationInterface → DifferentiationInterfaceGPUArraysCoreExt
   2138.0 ms  ✓ StructArrays
   1093.2 ms  ✓ ADTypes → ADTypesChainRulesCoreExt
   1706.4 ms  ✓ SimpleTraits
    493.2 ms  ✓ StructArrays → StructArraysLinearAlgebraExt
   2245.4 ms  ✓ DispatchDoctor
   6831.6 ms  ✓ SparseArrays
    518.5 ms  ✓ DispatchDoctor → DispatchDoctorChainRulesCoreExt
    678.0 ms  ✓ SuiteSparse
    681.3 ms  ✓ Adapt → AdaptSparseArraysExt
    701.8 ms  ✓ ChainRulesCore → ChainRulesCoreSparseArraysExt
    750.3 ms  ✓ StructArrays → StructArraysSparseArraysExt
    757.3 ms  ✓ DifferentiationInterface → DifferentiationInterfaceSparseArraysExt
    840.0 ms  ✓ Statistics
    399.7 ms  ✓ SparseInverseSubset
   6620.3 ms  ✓ StaticArrays
    685.7 ms  ✓ Adapt → AdaptStaticArraysExt
    705.1 ms  ✓ DifferentiationInterface → DifferentiationInterfaceStaticArraysExt
    708.2 ms  ✓ StaticArrays → StaticArraysChainRulesCoreExt
    715.0 ms  ✓ ConstructionBase → ConstructionBaseStaticArraysExt
    805.9 ms  ✓ StaticArrays → StaticArraysStatisticsExt
    964.3 ms  ✓ ArnoldiMethod
   2495.3 ms  ✓ Graphs
DifferentiationInterfaceChainRulesCoreExt Waiting for background task / IO / timer.
[pid 3097921] waiting for IO to finish:
 Handle type        uv_handle_t->data
 timer              0x176834a0->0x7ac72f478850
This means that a package has started a background task or event source that has not finished running. For precompilation to complete successfully, the event source needs to be closed explicitly. See the developer documentation on fixing precompilation hangs for more help.
StructArraysAdaptExt Waiting for background task / IO / timer.
[pid 3097997] waiting for IO to finish:
 Handle type        uv_handle_t->data
 timer              0x23a306e0->0x72a466392e60
This means that a package has started a background task or event source that has not finished running. For precompilation to complete successfully, the event source needs to be closed explicitly. See the developer documentation on fixing precompilation hangs for more help.
StructArraysStaticArraysExt Waiting for background task / IO / timer.
[pid 3098300] waiting for IO to finish:
 Handle type        uv_handle_t->data
 timer              0x1e248220->0x7184390a2c50
This means that a package has started a background task or event source that has not finished running. For precompilation to complete successfully, the event source needs to be closed explicitly. See the developer documentation on fixing precompilation hangs for more help.
  21085.2 ms  ✓ DifferentiationInterface → DifferentiationInterfaceChainRulesCoreExt
  20519.6 ms  ✓ StructArrays → StructArraysAdaptExt
   3150.3 ms  ✓ ChainRules
  20761.5 ms  ✓ StructArrays → StructArraysStaticArraysExt
  42564.9 ms  ✓ Mooncake
   1050.3 ms  ✓ DifferentiationInterface → DifferentiationInterfaceMooncakeExt
  59 dependencies successfully precompiled in 77 seconds
  3 dependencies had output during precompilation:
┌ StructArrays → StructArraysAdaptExt
│  [pid 3097997] waiting for IO to finish:
│   Handle type        uv_handle_t->data
│   timer              0x23a306e0->0x72a466392e60
│  This means that a package has started a background task or event source that has not finished running. For precompilation to complete successfully, the event source needs to be closed explicitly. See the developer documentation on fixing precompilation hangs for more help.
└  
┌ StructArrays → StructArraysStaticArraysExt
│  [pid 3098300] waiting for IO to finish:
│   Handle type        uv_handle_t->data
│   timer              0x1e248220->0x7184390a2c50
│  This means that a package has started a background task or event source that has not finished running. For precompilation to complete successfully, the event source needs to be closed explicitly. See the developer documentation on fixing precompilation hangs for more help.
└  
┌ DifferentiationInterface → DifferentiationInterfaceChainRulesCoreExt
│  [pid 3097921] waiting for IO to finish:
│   Handle type        uv_handle_t->data
│   timer              0x176834a0->0x7ac72f478850
│  This means that a package has started a background task or event source that has not finished running. For precompilation to complete successfully, the event source needs to be closed explicitly. See the developer documentation on fixing precompilation hangs for more help.
└  
	Command being timed: "nice -n -10 timeout -k120 -v 3600 julia +lts --project=M/Mooncake/Gradient-Of-Square-Norm -e using Pkg; @time @eval Pkg.precompile()"
	User time (seconds): 140.55
	System time (seconds): 10.97
	Percent of CPU this job got: 193%
	Elapsed (wall clock) time (h:mm:ss or m:ss): 1:18.13
	Average shared text size (kbytes): 0
	Average unshared data size (kbytes): 0
	Average stack size (kbytes): 0
	Average total size (kbytes): 0
	Maximum resident set size (kbytes): 1998704
	Average resident set size (kbytes): 0
	Major (requiring I/O) page faults: 225
	Minor (reclaiming a frame) page faults: 2968619
	Voluntary context switches: 77750
	Involuntary context switches: 11658
	Swaps: 0
	File system inputs: 48
	File system outputs: 388072
	Socket messages sent: 0
	Socket messages received: 0
	Signals delivered: 0
	Page size (bytes): 4096
	Exit status: 0
