nice: cannot set niceness: Permission denied
Precompiling packages...
    457.5 ms  ✓ DataAPI
    566.6 ms  ✓ ConstructionBase
    581.0 ms  ✓ Statistics
    446.2 ms  ✓ RealDot
    431.7 ms  ✓ DataValueInterfaces
    522.7 ms  ✓ StaticArraysCore
   1334.6 ms  ✓ IrrationalConstants
    470.3 ms  ✓ MistyClosures
    811.8 ms  ✓ Requires
    970.3 ms  ✓ SuiteSparse_jll
    668.4 ms  ✓ OrderedCollections
    747.2 ms  ✓ ADTypes
    485.1 ms  ✓ Unicode
    545.0 ms  ✓ Inflate
    498.8 ms  ✓ ExprTools
    700.6 ms  ✓ Serialization
    446.0 ms  ✓ IteratorInterfaceExtensions
    468.6 ms  ✓ ConstructionBase → ConstructionBaseLinearAlgebraExt
    510.9 ms  ✓ Adapt
    412.1 ms  ✓ ADTypes → ADTypesConstructionBaseExt
   1367.5 ms  ✓ InteractiveUtils
    993.6 ms  ✓ DifferentiationInterface
    576.0 ms  ✓ Compat
   1704.4 ms  ✓ DataStructures
    490.6 ms  ✓ TableTraits
   5725.1 ms  ✓ MacroTools
    658.0 ms  ✓ GPUArraysCore
    446.2 ms  ✓ Compat → CompatLinearAlgebraExt
   2371.5 ms  ✓ Preferences
   2837.4 ms  ✓ Distributed
    796.7 ms  ✓ SimpleTraits
    963.3 ms  ✓ Tables
    447.3 ms  ✓ DifferentiationInterface → DifferentiationInterfaceGPUArraysCoreExt
    456.3 ms  ✓ PrecompileTools
    786.4 ms  ✓ StructArrays
   1416.1 ms  ✓ ChainRulesCore
   4524.9 ms  ✓ SparseArrays
   1398.2 ms  ✓ DispatchDoctor
    479.6 ms  ✓ StructArrays → StructArraysLinearAlgebraExt
    460.9 ms  ✓ StructArrays → StructArraysAdaptExt
    439.0 ms  ✓ ADTypes → ADTypesChainRulesCoreExt
    446.9 ms  ✓ DifferentiationInterface → DifferentiationInterfaceChainRulesCoreExt
    587.4 ms  ✓ Statistics → SparseArraysExt
    577.8 ms  ✓ SuiteSparse
    572.8 ms  ✓ Adapt → AdaptSparseArraysExt
    602.8 ms  ✓ DifferentiationInterface → DifferentiationInterfaceSparseArraysExt
    591.8 ms  ✓ StructArrays → StructArraysSparseArraysExt
    600.2 ms  ✓ ChainRulesCore → ChainRulesCoreSparseArraysExt
    514.8 ms  ✓ DispatchDoctor → DispatchDoctorChainRulesCoreExt
    511.9 ms  ✓ SparseInverseSubset
   9014.3 ms  ✓ Test
   4288.3 ms  ✓ ChainRules
  11186.8 ms  ✓ StaticArrays
    581.2 ms  ✓ Adapt → AdaptStaticArraysExt
    597.1 ms  ✓ StaticArrays → StaticArraysStatisticsExt
    594.7 ms  ✓ ConstructionBase → ConstructionBaseStaticArraysExt
    603.3 ms  ✓ StaticArrays → StaticArraysChainRulesCoreExt
    502.6 ms  ✓ DifferentiationInterface → DifferentiationInterfaceStaticArraysExt
    552.2 ms  ✓ StructArrays → StructArraysStaticArraysExt
   1164.9 ms  ✓ ArnoldiMethod
   2891.1 ms  ✓ Graphs
[0KERROR: LoadError: UndefVarError: `WorldView` not defined in `Compiler`
[0KSuggestion: check for spelling errors or missing imports.
[0KStacktrace:
[0K  [1] getproperty(x::Module, f::Symbol)
[0K    @ Base ./Base_compiler.jl:50
[0K  [2] top-level scope
[0K    @ /workdir/depot/packages/Mooncake/h4o7c/src/interpreter/abstract_interpretation.jl:89
[0K  [3] include(mapexpr::Function, mod::Module, _path::String)
[0K    @ Base ./Base.jl:310
[0K  [4] top-level scope
[0K    @ /workdir/depot/packages/Mooncake/h4o7c/src/Mooncake.jl:119
[0K  [5] include(mod::Module, _path::String)
[0K    @ Base ./Base.jl:309
[0K  [6] include_package_for_output(pkg::Base.PkgId, input::String, syntax_version::VersionNumber, depot_path::Vector{String}, dl_load_path::Vector{String}, load_path::Vector{String}, concrete_deps::Vector{Pair{Base.PkgId, UInt128}}, source::Nothing)
[0K    @ Base ./loading.jl:3250
[0K  [7] top-level scope
[0K    @ stdin:5
[0K  [8] eval(m::Module, e::Any)
[0K    @ Core ./boot.jl:489
[0K  [9] include_string(mapexpr::typeof(identity), mod::Module, code::String, filename::String)
[0K    @ Base ./loading.jl:3092
[0K [10] include_string
[0K    @ ./loading.jl:3102 [inlined]
[0K [11] exec_options(opts::Base.JLOptions)
[0K    @ Base ./client.jl:342
[0K [12] _start()
[0K    @ Base ./client.jl:577
[0Kin expression starting at /workdir/depot/packages/Mooncake/h4o7c/src/interpreter/abstract_interpretation.jl:89
[0Kin expression starting at /workdir/depot/packages/Mooncake/h4o7c/src/Mooncake.jl:1
[0Kin expression starting at stdin:5
              ✗ Mooncake
[0KERROR: LoadError: Precompiled image Base.PkgId(Base.UUID("da2b9cff-9c12-43a0-ae48-6db2b0edb7d6"), "Mooncake") not available with flags CacheFlags(; use_pkgimages=true, debug_level=1, check_bounds=0, inline=true, opt_level=2)
[0KStacktrace:
[0K  [1] error(s::String)
[0K    @ Base ./error.jl:44
[0K  [2] __require_prelocked(pkg::Base.PkgId, env::String)
[0K    @ Base ./loading.jl:2813
[0K  [3] _require_prelocked(uuidkey::Base.PkgId, env::String)
[0K    @ Base ./loading.jl:2665
[0K  [4] macro expansion
[0K    @ ./loading.jl:2593 [inlined]
[0K  [5] macro expansion
[0K    @ ./lock.jl:376 [inlined]
[0K  [6] __require(into::Module, mod::Symbol)
[0K    @ Base ./loading.jl:2557
[0K  [7] require
[0K    @ ./loading.jl:2533 [inlined]
[0K  [8] eval_import_path
[0K    @ ./module.jl:36 [inlined]
[0K  [9] eval_import_path_all(at::Module, path::Expr, keyword::String)
[0K    @ Base ./module.jl:60
[0K [10] _eval_import(::Bool, ::Module, ::Expr, ::Expr, ::Vararg{Expr})
[0K    @ Base ./module.jl:101
[0K [11] top-level scope
[0K    @ /workdir/depot/packages/DifferentiationInterface/4n6vR/ext/DifferentiationInterfaceMooncakeExt/DifferentiationInterfaceMooncakeExt.jl:5
[0K [12] include(mod::Module, _path::String)
[0K    @ Base ./Base.jl:309
[0K [13] include_package_for_output(pkg::Base.PkgId, input::String, syntax_version::VersionNumber, depot_path::Vector{String}, dl_load_path::Vector{String}, load_path::Vector{String}, concrete_deps::Vector{Pair{Base.PkgId, UInt128}}, source::Nothing)
[0K    @ Base ./loading.jl:3250
[0K [14] top-level scope
[0K    @ stdin:5
[0K [15] eval(m::Module, e::Any)
[0K    @ Core ./boot.jl:489
[0K [16] include_string(mapexpr::typeof(identity), mod::Module, code::String, filename::String)
[0K    @ Base ./loading.jl:3092
[0K [17] include_string
[0K    @ ./loading.jl:3102 [inlined]
[0K [18] exec_options(opts::Base.JLOptions)
[0K    @ Base ./client.jl:342
[0K [19] _start()
[0K    @ Base ./client.jl:577
[0Kin expression starting at /workdir/depot/packages/DifferentiationInterface/4n6vR/ext/DifferentiationInterfaceMooncakeExt/DifferentiationInterfaceMooncakeExt.jl:1
[0Kin expression starting at stdin:5
              ✗ DifferentiationInterface → DifferentiationInterfaceMooncakeExt
  61 dependencies successfully precompiled in 27 seconds. 9 already precompiled.
	Command being timed: "nice -n -10 timeout -k120 -v 3600 julia +nightly --project=M/Mooncake/Gradient-Of-Square-Norm -e using Pkg; @time @eval Pkg.precompile()"
	User time (seconds): 225.15
	System time (seconds): 14.30
	Percent of CPU this job got: 157%
	Elapsed (wall clock) time (h:mm:ss or m:ss): 2:32.42
	Average shared text size (kbytes): 0
	Average unshared data size (kbytes): 0
	Average stack size (kbytes): 0
	Average total size (kbytes): 0
	Maximum resident set size (kbytes): 2527476
	Average resident set size (kbytes): 0
	Major (requiring I/O) page faults: 477
	Minor (reclaiming a frame) page faults: 5385722
	Voluntary context switches: 14560
	Involuntary context switches: 3812
	Swaps: 0
	File system inputs: 0
	File system outputs: 530504
	Socket messages sent: 0
	Socket messages received: 0
	Signals delivered: 0
	Page size (bytes): 4096
	Exit status: 0
