nice: cannot set niceness: Permission denied
Precompiling packages...
    436.5 ms  ✓ DataAPI
    532.0 ms  ✓ ConstructionBase
    576.9 ms  ✓ Statistics
    438.8 ms  ✓ RealDot
    437.2 ms  ✓ DataValueInterfaces
    529.9 ms  ✓ StaticArraysCore
    460.3 ms  ✓ MistyClosures
   1350.2 ms  ✓ IrrationalConstants
    904.3 ms  ✓ SuiteSparse_jll
    799.9 ms  ✓ Requires
    684.8 ms  ✓ OrderedCollections
    725.4 ms  ✓ ADTypes
    476.0 ms  ✓ Unicode
    541.0 ms  ✓ Inflate
    484.9 ms  ✓ ExprTools
    747.2 ms  ✓ Serialization
    418.9 ms  ✓ IteratorInterfaceExtensions
    474.6 ms  ✓ ConstructionBase → ConstructionBaseLinearAlgebraExt
    488.9 ms  ✓ Adapt
    395.7 ms  ✓ ADTypes → ADTypesConstructionBaseExt
   1230.2 ms  ✓ InteractiveUtils
    567.0 ms  ✓ Compat
   1037.9 ms  ✓ DifferentiationInterface
   1774.9 ms  ✓ DataStructures
    444.6 ms  ✓ TableTraits
   5616.2 ms  ✓ MacroTools
    628.8 ms  ✓ GPUArraysCore
   2314.3 ms  ✓ Preferences
    445.5 ms  ✓ Compat → CompatLinearAlgebraExt
   2816.8 ms  ✓ Distributed
    744.7 ms  ✓ SimpleTraits
    921.6 ms  ✓ Tables
    434.6 ms  ✓ DifferentiationInterface → DifferentiationInterfaceGPUArraysCoreExt
    464.6 ms  ✓ PrecompileTools
    740.2 ms  ✓ StructArrays
   1363.3 ms  ✓ DispatchDoctor
   4448.1 ms  ✓ SparseArrays
   1433.6 ms  ✓ ChainRulesCore
    489.3 ms  ✓ StructArrays → StructArraysLinearAlgebraExt
    454.2 ms  ✓ StructArrays → StructArraysAdaptExt
    570.6 ms  ✓ Statistics → SparseArraysExt
    543.9 ms  ✓ SuiteSparse
    554.4 ms  ✓ Adapt → AdaptSparseArraysExt
    579.6 ms  ✓ DifferentiationInterface → DifferentiationInterfaceSparseArraysExt
    599.4 ms  ✓ StructArrays → StructArraysSparseArraysExt
    610.1 ms  ✓ ChainRulesCore → ChainRulesCoreSparseArraysExt
    443.3 ms  ✓ ADTypes → ADTypesChainRulesCoreExt
    461.5 ms  ✓ DifferentiationInterface → DifferentiationInterfaceChainRulesCoreExt
    512.4 ms  ✓ DispatchDoctor → DispatchDoctorChainRulesCoreExt
    494.3 ms  ✓ SparseInverseSubset
   8405.5 ms  ✓ Test
   4270.7 ms  ✓ ChainRules
  11196.2 ms  ✓ StaticArrays
    575.3 ms  ✓ Adapt → AdaptStaticArraysExt
    580.1 ms  ✓ StaticArrays → StaticArraysStatisticsExt
    586.1 ms  ✓ StaticArrays → StaticArraysChainRulesCoreExt
    585.0 ms  ✓ ConstructionBase → ConstructionBaseStaticArraysExt
    505.0 ms  ✓ DifferentiationInterface → DifferentiationInterfaceStaticArraysExt
    549.3 ms  ✓ StructArrays → StructArraysStaticArraysExt
   1165.2 ms  ✓ ArnoldiMethod
   2987.8 ms  ✓ Graphs
  40279.7 ms  ✓ Mooncake
    956.1 ms  ✓ DifferentiationInterface → DifferentiationInterfaceMooncakeExt
  63 dependencies successfully precompiled in 65 seconds. 9 already precompiled.
	Command being timed: "nice -n -10 timeout -k120 -v 3600 julia +alpha --project=M/Mooncake/Gradient-Of-Square-Norm -e using Pkg; @time @eval Pkg.precompile()"
	User time (seconds): 260.31
	System time (seconds): 14.98
	Percent of CPU this job got: 155%
	Elapsed (wall clock) time (h:mm:ss or m:ss): 2:56.92
	Average shared text size (kbytes): 0
	Average unshared data size (kbytes): 0
	Average stack size (kbytes): 0
	Average total size (kbytes): 0
	Maximum resident set size (kbytes): 2751228
	Average resident set size (kbytes): 0
	Major (requiring I/O) page faults: 357
	Minor (reclaiming a frame) page faults: 5778000
	Voluntary context switches: 15483
	Involuntary context switches: 3524
	Swaps: 0
	File system inputs: 0
	File system outputs: 626296
	Socket messages sent: 0
	Socket messages received: 0
	Signals delivered: 0
	Page size (bytes): 4096
	Exit status: 0
