nice: cannot set niceness: Permission denied
Precompiling packages...
   1997.2 ms  ✓ MistyClosures
   2006.8 ms  ✓ DataValueInterfaces
   2006.0 ms  ✓ RealDot
   2001.5 ms  ✓ IteratorInterfaceExtensions
   2195.9 ms  ✓ ExprTools
   2198.1 ms  ✓ DataAPI
   2363.1 ms  ✓ SuiteSparse_jll
   2406.8 ms  ✓ Requires
   2406.7 ms  ✓ Inflate
   2471.6 ms  ✓ ConstructionBase
   2842.1 ms  ✓ Compat
   2708.1 ms  ✓ OrderedCollections
   1239.6 ms  ✓ TableTraits
   1505.6 ms  ✓ StaticArraysCore
   1325.5 ms  ✓ ConstructionBase → ConstructionBaseLinearAlgebraExt
   1272.4 ms  ✓ Compat → CompatLinearAlgebraExt
   1599.5 ms  ✓ Adapt
   2194.5 ms  ✓ Preferences
   2261.6 ms  ✓ ADTypes
   4462.6 ms  ✓ IrrationalConstants
   1091.0 ms  ✓ PrecompileTools
   1404.9 ms  ✓ GPUArraysCore
   1224.2 ms  ✓ ADTypes → ADTypesConstructionBaseExt
   2259.5 ms  ✓ Tables
   5846.7 ms  ✓ Distributed
   6449.1 ms  ✓ MacroTools
   2955.0 ms  ✓ ChainRulesCore
   2738.5 ms  ✓ DifferentiationInterface
   4799.3 ms  ✓ DataStructures
   1945.1 ms  ✓ StructArrays
   1192.5 ms  ✓ DifferentiationInterface → DifferentiationInterfaceGPUArraysCoreExt
   8123.4 ms  ✓ Test
   1303.4 ms  ✓ ADTypes → ADTypesChainRulesCoreExt
   1837.8 ms  ✓ SimpleTraits
    921.6 ms  ✓ StructArrays → StructArraysLinearAlgebraExt
    445.1 ms  ✓ DifferentiationInterface → DifferentiationInterfaceChainRulesCoreExt
    336.9 ms  ✓ StructArrays → StructArraysAdaptExt
   2361.3 ms  ✓ DispatchDoctor
    347.8 ms  ✓ DispatchDoctor → DispatchDoctorChainRulesCoreExt
   6804.1 ms  ✓ SparseArrays
    622.6 ms  ✓ SuiteSparse
    694.4 ms  ✓ Adapt → AdaptSparseArraysExt
    696.9 ms  ✓ ChainRulesCore → ChainRulesCoreSparseArraysExt
    708.6 ms  ✓ DifferentiationInterface → DifferentiationInterfaceSparseArraysExt
    731.6 ms  ✓ StructArrays → StructArraysSparseArraysExt
    799.3 ms  ✓ Statistics
    402.6 ms  ✓ SparseInverseSubset
   7121.3 ms  ✓ StaticArrays
    696.3 ms  ✓ Adapt → AdaptStaticArraysExt
    719.0 ms  ✓ ConstructionBase → ConstructionBaseStaticArraysExt
    718.1 ms  ✓ DifferentiationInterface → DifferentiationInterfaceStaticArraysExt
    721.3 ms  ✓ StaticArrays → StaticArraysChainRulesCoreExt
    834.0 ms  ✓ StaticArrays → StaticArraysStatisticsExt
   1014.0 ms  ✓ ArnoldiMethod
    498.5 ms  ✓ StructArrays → StructArraysStaticArraysExt
   3840.2 ms  ✓ ChainRules
   2405.7 ms  ✓ Graphs
  20043.1 ms  ✓ Mooncake
    879.9 ms  ✓ DifferentiationInterface → DifferentiationInterfaceMooncakeExt
  59 dependencies successfully precompiled in 37 seconds
	Command being timed: "nice -n -10 timeout -k120 -v 3600 julia +lts --project=M/Mooncake/Gradient-Of-Square-Norm -e using Pkg; @time @eval Pkg.precompile()"
	User time (seconds): 93.80
	System time (seconds): 10.70
	Percent of CPU this job got: 273%
	Elapsed (wall clock) time (h:mm:ss or m:ss): 0:38.26
	Average shared text size (kbytes): 0
	Average unshared data size (kbytes): 0
	Average stack size (kbytes): 0
	Average total size (kbytes): 0
	Maximum resident set size (kbytes): 1196048
	Average resident set size (kbytes): 0
	Major (requiring I/O) page faults: 191
	Minor (reclaiming a frame) page faults: 2672431
	Voluntary context switches: 78807
	Involuntary context switches: 11284
	Swaps: 0
	File system inputs: 0
	File system outputs: 259144
	Socket messages sent: 0
	Socket messages received: 0
	Signals delivered: 0
	Page size (bytes): 4096
	Exit status: 0
