nice: cannot set niceness: Permission denied
    Updating registry at `/workdir/depot/registries/General`
┌ Info: The General registry is installed via git. Consider reinstalling it via
│ the newer faster direct from tarball format by running:
│   pkg> registry rm General; registry add General
└ 
    Updating git-repo `/workdir/timetravel_registry/General`
   Installed Mooncake ─ v0.5.27
    Updating `/tmp/tmp.v0LHLB6PqA/Julia-TTFX-Snippets/tasks/M/Mooncake/Gradient-Of-Square-Norm/Project.toml`
  [a0c0ee7d] + DifferentiationInterface v0.7.17
  [da2b9cff] + Mooncake v0.5.27
    Updating `/tmp/tmp.v0LHLB6PqA/Julia-TTFX-Snippets/tasks/M/Mooncake/Gradient-Of-Square-Norm/Manifest.toml`
  [47edcb42] + ADTypes v1.22.0
  [ec485272] + ArnoldiMethod v0.4.0
  [d360d2e6] + ChainRulesCore v1.26.1
  [34da2185] + Compat v4.18.1
  [864edb3b] + DataStructures v0.19.4
  [a0c0ee7d] + DifferentiationInterface v0.7.17
  [8d63f2c5] + DispatchDoctor v0.4.28
  [e2ba6199] + ExprTools v0.1.10
  [86223c79] + Graphs v1.14.0
  [d25df0c9] + Inflate v0.1.5
  [1914dd2f] + MacroTools v0.5.16
  [dbe65cb8] + MistyClosures v2.1.0
  [da2b9cff] + Mooncake v0.5.27
  [bac558e1] + OrderedCollections v1.8.1
⌅ [aea7be01] + PrecompileTools v1.2.1
  [21216c6a] + Preferences v1.5.2
  [699a6c99] + SimpleTraits v0.9.5
  [90137ffa] + StaticArrays v1.9.18
  [1e83bf80] + StaticArraysCore v1.4.4
  [56f22d72] + Artifacts
  [2a0f44e3] + Base64
  [ade2ca70] + Dates
  [b77e0a4c] + InteractiveUtils
  [8f399da3] + Libdl
  [37e2e46d] + LinearAlgebra
  [56ddb016] + Logging
  [d6f4376e] + Markdown
  [de0858da] + Printf
  [9a3f8284] + Random
  [ea8e919c] + SHA v0.7.0
  [9e88b42a] + Serialization
  [2f01184e] + SparseArrays v1.10.0
  [10745b16] + Statistics v1.10.0
  [fa267f1f] + TOML v1.0.3
  [8dfed614] + Test
  [cf7118a7] + UUIDs
  [4ec0a83e] + Unicode
  [e66e0078] + CompilerSupportLibraries_jll v1.1.1+0
  [4536629a] + OpenBLAS_jll v0.3.23+5
  [bea87d4a] + SuiteSparse_jll v7.2.1+1
  [8e850b90] + libblastrampoline_jll v5.11.0+0
        Info Packages marked with ⌅ have new versions available but compatibility constraints restrict them from upgrading. To see why use `status --outdated -m`
	Command being timed: "nice -n -10 timeout -k120 -v 3600 julia +lts --project=M/Mooncake/Gradient-Of-Square-Norm -e using Pkg; Pkg.instantiate()"
	User time (seconds): 4.60
	System time (seconds): 3.20
	Percent of CPU this job got: 100%
	Elapsed (wall clock) time (h:mm:ss or m:ss): 0:07.80
	Average shared text size (kbytes): 0
	Average unshared data size (kbytes): 0
	Average stack size (kbytes): 0
	Average total size (kbytes): 0
	Maximum resident set size (kbytes): 951880
	Average resident set size (kbytes): 0
	Major (requiring I/O) page faults: 0
	Minor (reclaiming a frame) page faults: 240146
	Voluntary context switches: 229
	Involuntary context switches: 83
	Swaps: 0
	File system inputs: 0
	File system outputs: 20272
	Socket messages sent: 0
	Socket messages received: 0
	Signals delivered: 0
	Page size (bytes): 4096
	Exit status: 0
