nice: cannot set niceness: Permission denied
Precompiling packages...
    451.5 ms  ✓ DataAPI
    536.9 ms  ✓ ConstructionBase
    579.2 ms  ✓ Statistics
    433.0 ms  ✓ RealDot
    440.4 ms  ✓ DataValueInterfaces
    523.5 ms  ✓ StaticArraysCore
   1338.8 ms  ✓ IrrationalConstants
    462.9 ms  ✓ MistyClosures
    916.5 ms  ✓ SuiteSparse_jll
    792.6 ms  ✓ Requires
    675.2 ms  ✓ OrderedCollections
    722.6 ms  ✓ ADTypes
    473.1 ms  ✓ Unicode
    538.1 ms  ✓ Inflate
    485.2 ms  ✓ ExprTools
    718.4 ms  ✓ Serialization
    430.4 ms  ✓ IteratorInterfaceExtensions
    486.0 ms  ✓ ConstructionBase → ConstructionBaseLinearAlgebraExt
    490.4 ms  ✓ Adapt
    395.1 ms  ✓ ADTypes → ADTypesConstructionBaseExt
   1205.3 ms  ✓ InteractiveUtils
   1018.0 ms  ✓ DifferentiationInterface
    564.4 ms  ✓ Compat
   1767.5 ms  ✓ DataStructures
    482.8 ms  ✓ TableTraits
   5653.3 ms  ✓ MacroTools
    626.0 ms  ✓ GPUArraysCore
   2238.7 ms  ✓ Preferences
    446.6 ms  ✓ Compat → CompatLinearAlgebraExt
   2789.5 ms  ✓ Distributed
    958.2 ms  ✓ Tables
    761.0 ms  ✓ SimpleTraits
    435.6 ms  ✓ DifferentiationInterface → DifferentiationInterfaceGPUArraysCoreExt
    458.3 ms  ✓ PrecompileTools
    749.9 ms  ✓ StructArrays
   1324.6 ms  ✓ DispatchDoctor
   4477.0 ms  ✓ SparseArrays
   1417.7 ms  ✓ ChainRulesCore
    498.9 ms  ✓ StructArrays → StructArraysLinearAlgebraExt
    459.7 ms  ✓ StructArrays → StructArraysAdaptExt
    588.1 ms  ✓ Statistics → SparseArraysExt
    561.6 ms  ✓ SuiteSparse
    567.3 ms  ✓ Adapt → AdaptSparseArraysExt
    609.3 ms  ✓ DifferentiationInterface → DifferentiationInterfaceSparseArraysExt
    578.6 ms  ✓ StructArrays → StructArraysSparseArraysExt
    602.1 ms  ✓ ChainRulesCore → ChainRulesCoreSparseArraysExt
    431.4 ms  ✓ ADTypes → ADTypesChainRulesCoreExt
    449.0 ms  ✓ DifferentiationInterface → DifferentiationInterfaceChainRulesCoreExt
    492.8 ms  ✓ DispatchDoctor → DispatchDoctorChainRulesCoreExt
    491.1 ms  ✓ SparseInverseSubset
   8335.2 ms  ✓ Test
   4390.3 ms  ✓ ChainRules
  10914.0 ms  ✓ StaticArrays
    572.7 ms  ✓ Adapt → AdaptStaticArraysExt
    582.3 ms  ✓ ConstructionBase → ConstructionBaseStaticArraysExt
    584.9 ms  ✓ StaticArrays → StaticArraysStatisticsExt
    594.4 ms  ✓ StaticArrays → StaticArraysChainRulesCoreExt
    499.1 ms  ✓ DifferentiationInterface → DifferentiationInterfaceStaticArraysExt
    543.2 ms  ✓ StructArrays → StructArraysStaticArraysExt
   1172.6 ms  ✓ ArnoldiMethod
   3158.5 ms  ✓ Graphs
  80811.8 ms  ✓ Mooncake
   1200.9 ms  ✓ DifferentiationInterface → DifferentiationInterfaceMooncakeExt
  63 dependencies successfully precompiled in 105 seconds. 9 already precompiled.
	Command being timed: "nice -n -10 timeout -k120 -v 3600 julia +alpha --project=M/Mooncake/Gradient-Of-Square-Norm -e using Pkg; @time @eval Pkg.precompile()"
	User time (seconds): 317.44
	System time (seconds): 15.61
	Percent of CPU this job got: 152%
	Elapsed (wall clock) time (h:mm:ss or m:ss): 3:38.35
	Average shared text size (kbytes): 0
	Average unshared data size (kbytes): 0
	Average stack size (kbytes): 0
	Average total size (kbytes): 0
	Maximum resident set size (kbytes): 2765164
	Average resident set size (kbytes): 0
	Major (requiring I/O) page faults: 331
	Minor (reclaiming a frame) page faults: 6070576
	Voluntary context switches: 15319
	Involuntary context switches: 4157
	Swaps: 0
	File system inputs: 0
	File system outputs: 746544
	Socket messages sent: 0
	Socket messages received: 0
	Signals delivered: 0
	Page size (bytes): 4096
	Exit status: 0
