nice: cannot set niceness: Permission denied
Precompiling packages...
  73631.3 ms  ✓ Pkg (serial)
  1 dependency successfully precompiled in 74 seconds
Precompiling packages...
   2386.4 ms  ✓ MistyClosures
   2410.8 ms  ✓ DataValueInterfaces
   2491.5 ms  ✓ RealDot
   2496.1 ms  ✓ IteratorInterfaceExtensions
   2613.0 ms  ✓ Unicode
   2890.9 ms  ✓ ExprTools
   2975.3 ms  ✓ DataAPI
   3089.2 ms  ✓ Inflate
   3158.5 ms  ✓ SuiteSparse_jll
   3400.8 ms  ✓ Statistics
   3703.6 ms  ✓ Serialization
   4006.7 ms  ✓ ADTypes
   1783.0 ms  ✓ TableTraits
   2311.7 ms  ✓ StaticArraysCore
   2893.0 ms  ✓ Requires
   2701.3 ms  ✓ Preferences
   1586.3 ms  ✓ Adapt
   1514.9 ms  ✓ PrecompileTools
   7206.5 ms  ✓ ConstructionBase
   7721.7 ms  ✓ OrderedCollections
   1588.3 ms  ✓ ConstructionBase → ConstructionBaseLinearAlgebraExt
   1694.8 ms  ✓ ADTypes → ADTypesConstructionBaseExt
   2308.6 ms  ✓ GPUArraysCore
   6708.0 ms  ✓ Compat
  10283.0 ms  ✓ IrrationalConstants
   8123.1 ms  ✓ InteractiveUtils
   1231.3 ms  ✓ Compat → CompatLinearAlgebraExt
   7097.7 ms  ✓ DifferentiationInterface
  11755.6 ms  ✓ MacroTools
   1321.9 ms  ✓ DifferentiationInterface → DifferentiationInterfaceGPUArraysCoreExt
   5093.1 ms  ✓ DataStructures
   9216.1 ms  ✓ Distributed
   5533.2 ms  ✓ Tables
   1715.3 ms  ✓ SimpleTraits
   4308.9 ms  ✓ ChainRulesCore
  11840.2 ms  ✓ SparseArrays
    756.7 ms  ✓ ADTypes → ADTypesChainRulesCoreExt
   3868.0 ms  ✓ DispatchDoctor
    788.5 ms  ✓ DifferentiationInterface → DifferentiationInterfaceChainRulesCoreExt
   2883.9 ms  ✓ StructArrays
   1551.9 ms  ✓ SuiteSparse
   1602.2 ms  ✓ Adapt → AdaptSparseArraysExt
   1599.4 ms  ✓ DispatchDoctor → DispatchDoctorChainRulesCoreExt
   1841.9 ms  ✓ Statistics → SparseArraysExt
   1806.4 ms  ✓ DifferentiationInterface → DifferentiationInterfaceSparseArraysExt
   1285.5 ms  ✓ StructArrays → StructArraysAdaptExt
   1346.3 ms  ✓ StructArrays → StructArraysLinearAlgebraExt
   1486.4 ms  ✓ StructArrays → StructArraysSparseArraysExt
    758.7 ms  ✓ SparseInverseSubset
   8062.0 ms  ✓ Test
   3110.1 ms  ✓ ChainRulesCore → ChainRulesCoreSparseArraysExt
  13685.0 ms  ✓ StaticArrays
   1029.0 ms  ✓ Adapt → AdaptStaticArraysExt
   1032.9 ms  ✓ DifferentiationInterface → DifferentiationInterfaceStaticArraysExt
   1100.5 ms  ✓ ConstructionBase → ConstructionBaseStaticArraysExt
   1109.2 ms  ✓ StaticArrays → StaticArraysStatisticsExt
   2051.8 ms  ✓ StaticArrays → StaticArraysChainRulesCoreExt
   2126.4 ms  ✓ StructArrays → StructArraysStaticArraysExt
   2489.7 ms  ✓ ArnoldiMethod
   6056.8 ms  ✓ ChainRules
   4085.2 ms  ✓ Graphs
  76496.4 ms  ✓ Mooncake
   1269.4 ms  ✓ DifferentiationInterface → DifferentiationInterfaceMooncakeExt
  63 dependencies successfully precompiled in 105 seconds. 9 already precompiled.
	Command being timed: "nice -n -10 timeout -k120 -v 3600 julia +release --project=M/Mooncake/Gradient-Of-Square-Norm -e using Pkg; @time @eval Pkg.precompile()"
	User time (seconds): 381.64
	System time (seconds): 18.61
	Percent of CPU this job got: 222%
	Elapsed (wall clock) time (h:mm:ss or m:ss): 2:59.64
	Average shared text size (kbytes): 0
	Average unshared data size (kbytes): 0
	Average stack size (kbytes): 0
	Average total size (kbytes): 0
	Maximum resident set size (kbytes): 2774732
	Average resident set size (kbytes): 0
	Major (requiring I/O) page faults: 402
	Minor (reclaiming a frame) page faults: 5553053
	Voluntary context switches: 13787
	Involuntary context switches: 14949
	Swaps: 0
	File system inputs: 0
	File system outputs: 760480
	Socket messages sent: 0
	Socket messages received: 0
	Signals delivered: 0
	Page size (bytes): 4096
	Exit status: 0
