nice: cannot set niceness: Permission denied
Precompiling packages...
    442.4 ms  ✓ DataAPI
    548.4 ms  ✓ ConstructionBase
    588.0 ms  ✓ Statistics
    453.7 ms  ✓ RealDot
    460.0 ms  ✓ DataValueInterfaces
    509.9 ms  ✓ StaticArraysCore
   1335.4 ms  ✓ IrrationalConstants
    473.9 ms  ✓ MistyClosures
    813.8 ms  ✓ Requires
    968.4 ms  ✓ SuiteSparse_jll
    684.1 ms  ✓ OrderedCollections
    751.1 ms  ✓ ADTypes
    484.9 ms  ✓ Unicode
    542.3 ms  ✓ Inflate
    696.0 ms  ✓ Serialization
    498.0 ms  ✓ ExprTools
    460.6 ms  ✓ IteratorInterfaceExtensions
    465.1 ms  ✓ ConstructionBase → ConstructionBaseLinearAlgebraExt
    519.2 ms  ✓ Adapt
    407.1 ms  ✓ ADTypes → ADTypesConstructionBaseExt
   1359.0 ms  ✓ InteractiveUtils
   1000.9 ms  ✓ DifferentiationInterface
    596.9 ms  ✓ Compat
   1753.3 ms  ✓ DataStructures
    440.5 ms  ✓ TableTraits
    683.1 ms  ✓ GPUArraysCore
   5903.1 ms  ✓ MacroTools
   2304.8 ms  ✓ Preferences
    440.5 ms  ✓ Compat → CompatLinearAlgebraExt
    475.9 ms  ✓ DifferentiationInterface → DifferentiationInterfaceGPUArraysCoreExt
   2768.7 ms  ✓ Distributed
    962.7 ms  ✓ Tables
    483.9 ms  ✓ PrecompileTools
    725.2 ms  ✓ SimpleTraits
    776.4 ms  ✓ StructArrays
   4411.5 ms  ✓ SparseArrays
   1349.5 ms  ✓ DispatchDoctor
   1474.0 ms  ✓ ChainRulesCore
    466.7 ms  ✓ StructArrays → StructArraysLinearAlgebraExt
    475.4 ms  ✓ StructArrays → StructArraysAdaptExt
    592.8 ms  ✓ Statistics → SparseArraysExt
    569.7 ms  ✓ SuiteSparse
    575.6 ms  ✓ Adapt → AdaptSparseArraysExt
    578.1 ms  ✓ DifferentiationInterface → DifferentiationInterfaceSparseArraysExt
    596.9 ms  ✓ StructArrays → StructArraysSparseArraysExt
    599.8 ms  ✓ ChainRulesCore → ChainRulesCoreSparseArraysExt
    464.5 ms  ✓ ADTypes → ADTypesChainRulesCoreExt
    479.2 ms  ✓ DifferentiationInterface → DifferentiationInterfaceChainRulesCoreExt
    538.1 ms  ✓ DispatchDoctor → DispatchDoctorChainRulesCoreExt
    508.8 ms  ✓ SparseInverseSubset
   8826.9 ms  ✓ Test
   4421.8 ms  ✓ ChainRules
  11085.4 ms  ✓ StaticArrays
    580.8 ms  ✓ ConstructionBase → ConstructionBaseStaticArraysExt
    580.1 ms  ✓ Adapt → AdaptStaticArraysExt
    600.5 ms  ✓ StaticArrays → StaticArraysStatisticsExt
    612.0 ms  ✓ StaticArrays → StaticArraysChainRulesCoreExt
    503.8 ms  ✓ DifferentiationInterface → DifferentiationInterfaceStaticArraysExt
    556.6 ms  ✓ StructArrays → StructArraysStaticArraysExt
   1156.5 ms  ✓ ArnoldiMethod
   2954.6 ms  ✓ Graphs
[0KERROR: LoadError: UndefVarError: `WorldView` not defined in `Compiler`
[0KSuggestion: check for spelling errors or missing imports.
[0KStacktrace:
[0K  [1] getproperty(x::Module, f::Symbol)
[0K    @ Base ./Base_compiler.jl:50
[0K  [2] top-level scope
[0K    @ /workdir/depot/packages/Mooncake/PnwgK/src/interpreter/abstract_interpretation.jl:89
[0K  [3] include(mapexpr::Function, mod::Module, _path::String)
[0K    @ Base ./Base.jl:310
[0K  [4] top-level scope
[0K    @ /workdir/depot/packages/Mooncake/PnwgK/src/Mooncake.jl:119
[0K  [5] include(mod::Module, _path::String)
[0K    @ Base ./Base.jl:309
[0K  [6] include_package_for_output(pkg::Base.PkgId, input::String, syntax_version::VersionNumber, depot_path::Vector{String}, dl_load_path::Vector{String}, load_path::Vector{String}, concrete_deps::Vector{Pair{Base.PkgId, UInt128}}, source::Nothing)
[0K    @ Base ./loading.jl:3282
[0K  [7] top-level scope
[0K    @ stdin:5
[0K  [8] eval(m::Module, e::Any)
[0K    @ Core ./boot.jl:489
[0K  [9] include_string(mapexpr::typeof(identity), mod::Module, code::String, filename::String)
[0K    @ Base ./loading.jl:3124
[0K [10] include_string
[0K    @ ./loading.jl:3134 [inlined]
[0K [11] exec_options(opts::Base.JLOptions)
[0K    @ Base ./client.jl:342
[0K [12] _start()
[0K    @ Base ./client.jl:577
[0Kin expression starting at /workdir/depot/packages/Mooncake/PnwgK/src/interpreter/abstract_interpretation.jl:89
[0Kin expression starting at /workdir/depot/packages/Mooncake/PnwgK/src/Mooncake.jl:1
[0Kin expression starting at stdin:5
              ✗ Mooncake
[0KERROR: LoadError: Precompiled image Base.PkgId(Base.UUID("da2b9cff-9c12-43a0-ae48-6db2b0edb7d6"), "Mooncake") not available with flags CacheFlags(; use_pkgimages=true, debug_level=1, check_bounds=0, inline=true, opt_level=2)
[0KStacktrace:
[0K  [1] error(s::String)
[0K    @ Base ./error.jl:44
[0K  [2] __require_prelocked(pkg::Base.PkgId, env::String)
[0K    @ Base ./loading.jl:2845
[0K  [3] _require_prelocked(uuidkey::Base.PkgId, env::String)
[0K    @ Base ./loading.jl:2697
[0K  [4] macro expansion
[0K    @ ./loading.jl:2625 [inlined]
[0K  [5] macro expansion
[0K    @ ./lock.jl:376 [inlined]
[0K  [6] __require(into::Module, mod::Symbol)
[0K    @ Base ./loading.jl:2589
[0K  [7] require
[0K    @ ./loading.jl:2565 [inlined]
[0K  [8] eval_import_path
[0K    @ ./module.jl:36 [inlined]
[0K  [9] eval_import_path_all(at::Module, path::Expr, keyword::String)
[0K    @ Base ./module.jl:60
[0K [10] _eval_import(::Bool, ::Module, ::Expr, ::Expr, ::Vararg{Expr})
[0K    @ Base ./module.jl:101
[0K [11] top-level scope
[0K    @ /workdir/depot/packages/DifferentiationInterface/6H4dc/ext/DifferentiationInterfaceMooncakeExt/DifferentiationInterfaceMooncakeExt.jl:5
[0K [12] include(mod::Module, _path::String)
[0K    @ Base ./Base.jl:309
[0K [13] include_package_for_output(pkg::Base.PkgId, input::String, syntax_version::VersionNumber, depot_path::Vector{String}, dl_load_path::Vector{String}, load_path::Vector{String}, concrete_deps::Vector{Pair{Base.PkgId, UInt128}}, source::Nothing)
[0K    @ Base ./loading.jl:3282
[0K [14] top-level scope
[0K    @ stdin:5
[0K [15] eval(m::Module, e::Any)
[0K    @ Core ./boot.jl:489
[0K [16] include_string(mapexpr::typeof(identity), mod::Module, code::String, filename::String)
[0K    @ Base ./loading.jl:3124
[0K [17] include_string
[0K    @ ./loading.jl:3134 [inlined]
[0K [18] exec_options(opts::Base.JLOptions)
[0K    @ Base ./client.jl:342
[0K [19] _start()
[0K    @ Base ./client.jl:577
[0Kin expression starting at /workdir/depot/packages/DifferentiationInterface/6H4dc/ext/DifferentiationInterfaceMooncakeExt/DifferentiationInterfaceMooncakeExt.jl:1
[0Kin expression starting at stdin:5
              ✗ DifferentiationInterface → DifferentiationInterfaceMooncakeExt
  61 dependencies successfully precompiled in 27 seconds. 9 already precompiled.
	Command being timed: "nice -n -10 timeout -k120 -v 3600 julia +nightly --project=M/Mooncake/Gradient-Of-Square-Norm -e using Pkg; @time @eval Pkg.precompile()"
	User time (seconds): 225.46
	System time (seconds): 14.63
	Percent of CPU this job got: 156%
	Elapsed (wall clock) time (h:mm:ss or m:ss): 2:33.14
	Average shared text size (kbytes): 0
	Average unshared data size (kbytes): 0
	Average stack size (kbytes): 0
	Average total size (kbytes): 0
	Maximum resident set size (kbytes): 2542768
	Average resident set size (kbytes): 0
	Major (requiring I/O) page faults: 454
	Minor (reclaiming a frame) page faults: 5440696
	Voluntary context switches: 14847
	Involuntary context switches: 3871
	Swaps: 0
	File system inputs: 0
	File system outputs: 532208
	Socket messages sent: 0
	Socket messages received: 0
	Signals delivered: 0
	Page size (bytes): 4096
	Exit status: 0
