nice: cannot set niceness: Permission denied
Precompiling packages...
  73710.0 ms  ✓ Pkg (serial)
  1 dependency successfully precompiled in 74 seconds
Precompiling packages...
   2411.0 ms  ✓ MistyClosures
   2438.3 ms  ✓ DataValueInterfaces
   2510.7 ms  ✓ RealDot
   2722.6 ms  ✓ IteratorInterfaceExtensions
   2819.6 ms  ✓ Unicode
   2809.0 ms  ✓ DataAPI
   2930.0 ms  ✓ ExprTools
   3206.1 ms  ✓ SuiteSparse_jll
   3322.6 ms  ✓ Inflate
   3535.3 ms  ✓ Statistics
   3869.0 ms  ✓ ADTypes
   3912.0 ms  ✓ Serialization
   2297.6 ms  ✓ StaticArraysCore
   1992.7 ms  ✓ TableTraits
   3190.5 ms  ✓ Requires
   2792.9 ms  ✓ Preferences
   7030.3 ms  ✓ ConstructionBase
   1600.9 ms  ✓ PrecompileTools
   1883.3 ms  ✓ Adapt
   7623.6 ms  ✓ OrderedCollections
   1689.5 ms  ✓ ADTypes → ADTypesConstructionBaseExt
   1692.1 ms  ✓ ConstructionBase → ConstructionBaseLinearAlgebraExt
   2122.8 ms  ✓ GPUArraysCore
   7085.9 ms  ✓ Compat
  10141.8 ms  ✓ IrrationalConstants
   6615.6 ms  ✓ DifferentiationInterface
    932.1 ms  ✓ Compat → CompatLinearAlgebraExt
   8900.9 ms  ✓ InteractiveUtils
    896.0 ms  ✓ DifferentiationInterface → DifferentiationInterfaceGPUArraysCoreExt
   4720.5 ms  ✓ DataStructures
  12394.3 ms  ✓ MacroTools
   8739.3 ms  ✓ Distributed
   5337.0 ms  ✓ Tables
   1210.5 ms  ✓ SimpleTraits
   4022.8 ms  ✓ ChainRulesCore
  11314.3 ms  ✓ SparseArrays
   1075.0 ms  ✓ ADTypes → ADTypesChainRulesCoreExt
   3075.6 ms  ✓ StructArrays
   1185.4 ms  ✓ DifferentiationInterface → DifferentiationInterfaceChainRulesCoreExt
   3976.3 ms  ✓ DispatchDoctor
   1798.3 ms  ✓ Adapt → AdaptSparseArraysExt
   1800.1 ms  ✓ SuiteSparse
   1806.3 ms  ✓ DifferentiationInterface → DifferentiationInterfaceSparseArraysExt
   1981.6 ms  ✓ Statistics → SparseArraysExt
   1285.2 ms  ✓ StructArrays → StructArraysLinearAlgebraExt
   1320.2 ms  ✓ StructArrays → StructArraysAdaptExt
   1415.0 ms  ✓ StructArrays → StructArraysSparseArraysExt
   1117.8 ms  ✓ DispatchDoctor → DispatchDoctorChainRulesCoreExt
    728.7 ms  ✓ SparseInverseSubset
   3315.8 ms  ✓ ChainRulesCore → ChainRulesCoreSparseArraysExt
   7369.1 ms  ✓ Test
  13330.9 ms  ✓ StaticArrays
   1061.2 ms  ✓ Adapt → AdaptStaticArraysExt
   1068.1 ms  ✓ StaticArrays → StaticArraysStatisticsExt
   1065.8 ms  ✓ DifferentiationInterface → DifferentiationInterfaceStaticArraysExt
   1088.2 ms  ✓ ConstructionBase → ConstructionBaseStaticArraysExt
   1982.8 ms  ✓ StaticArrays → StaticArraysChainRulesCoreExt
   2029.5 ms  ✓ StructArrays → StructArraysStaticArraysExt
   2501.7 ms  ✓ ArnoldiMethod
   6181.5 ms  ✓ ChainRules
   4123.9 ms  ✓ Graphs
  75228.1 ms  ✓ Mooncake
   1260.5 ms  ✓ DifferentiationInterface → DifferentiationInterfaceMooncakeExt
  63 dependencies successfully precompiled in 104 seconds. 9 already precompiled.
	Command being timed: "nice -n -10 timeout -k120 -v 3600 julia +release --project=M/Mooncake/Gradient-Of-Square-Norm -e using Pkg; @time @eval Pkg.precompile()"
	User time (seconds): 376.85
	System time (seconds): 18.49
	Percent of CPU this job got: 221%
	Elapsed (wall clock) time (h:mm:ss or m:ss): 2:58.17
	Average shared text size (kbytes): 0
	Average unshared data size (kbytes): 0
	Average stack size (kbytes): 0
	Average total size (kbytes): 0
	Maximum resident set size (kbytes): 2820528
	Average resident set size (kbytes): 0
	Major (requiring I/O) page faults: 320
	Minor (reclaiming a frame) page faults: 5549403
	Voluntary context switches: 16600
	Involuntary context switches: 14443
	Swaps: 0
	File system inputs: 0
	File system outputs: 757080
	Socket messages sent: 0
	Socket messages received: 0
	Signals delivered: 0
	Page size (bytes): 4096
	Exit status: 0
