nice: cannot set niceness: Permission denied
Precompiling packages...
    456.7 ms  ✓ DataAPI
    548.5 ms  ✓ ConstructionBase
    587.4 ms  ✓ Statistics
    443.0 ms  ✓ RealDot
    429.8 ms  ✓ DataValueInterfaces
    552.4 ms  ✓ StaticArraysCore
   1353.5 ms  ✓ IrrationalConstants
    478.9 ms  ✓ MistyClosures
    960.1 ms  ✓ SuiteSparse_jll
    812.9 ms  ✓ Requires
    694.4 ms  ✓ OrderedCollections
    762.3 ms  ✓ ADTypes
    491.0 ms  ✓ Unicode
    548.2 ms  ✓ Inflate
    491.5 ms  ✓ ExprTools
    706.2 ms  ✓ Serialization
    450.0 ms  ✓ IteratorInterfaceExtensions
    451.3 ms  ✓ ConstructionBase → ConstructionBaseLinearAlgebraExt
    521.4 ms  ✓ Adapt
    414.0 ms  ✓ ADTypes → ADTypesConstructionBaseExt
   1397.5 ms  ✓ InteractiveUtils
   1067.6 ms  ✓ DifferentiationInterface
    681.3 ms  ✓ Compat
   1935.6 ms  ✓ DataStructures
   4998.3 ms  ✓ MacroTools
    422.6 ms  ✓ TableTraits
    559.2 ms  ✓ GPUArraysCore
   1845.0 ms  ✓ Preferences
    449.0 ms  ✓ Compat → CompatLinearAlgebraExt
    759.2 ms  ✓ SimpleTraits
   2399.0 ms  ✓ Distributed
    967.1 ms  ✓ Tables
    461.0 ms  ✓ DifferentiationInterface → DifferentiationInterfaceGPUArraysCoreExt
    484.6 ms  ✓ PrecompileTools
    752.2 ms  ✓ StructArrays
   3953.3 ms  ✓ SparseArrays
   1322.6 ms  ✓ DispatchDoctor
   1426.5 ms  ✓ ChainRulesCore
    489.3 ms  ✓ StructArrays → StructArraysLinearAlgebraExt
    485.9 ms  ✓ StructArrays → StructArraysAdaptExt
    597.9 ms  ✓ Statistics → SparseArraysExt
    575.0 ms  ✓ SuiteSparse
    581.8 ms  ✓ Adapt → AdaptSparseArraysExt
    598.0 ms  ✓ DifferentiationInterface → DifferentiationInterfaceSparseArraysExt
    609.8 ms  ✓ StructArrays → StructArraysSparseArraysExt
    618.1 ms  ✓ ChainRulesCore → ChainRulesCoreSparseArraysExt
    468.8 ms  ✓ ADTypes → ADTypesChainRulesCoreExt
    465.7 ms  ✓ DifferentiationInterface → DifferentiationInterfaceChainRulesCoreExt
    493.1 ms  ✓ DispatchDoctor → DispatchDoctorChainRulesCoreExt
    509.7 ms  ✓ SparseInverseSubset
   8092.1 ms  ✓ Test
   4290.2 ms  ✓ ChainRules
  10682.8 ms  ✓ StaticArrays
    581.3 ms  ✓ Adapt → AdaptStaticArraysExt
    589.0 ms  ✓ StaticArrays → StaticArraysStatisticsExt
    596.3 ms  ✓ StaticArrays → StaticArraysChainRulesCoreExt
    595.1 ms  ✓ ConstructionBase → ConstructionBaseStaticArraysExt
    511.0 ms  ✓ DifferentiationInterface → DifferentiationInterfaceStaticArraysExt
    566.3 ms  ✓ StructArrays → StructArraysStaticArraysExt
   1164.5 ms  ✓ ArnoldiMethod
   2881.1 ms  ✓ Graphs
[0KERROR: LoadError: UndefVarError: `WorldView` not defined in `Compiler`
[0KSuggestion: check for spelling errors or missing imports.
[0KStacktrace:
[0K  [1] getproperty(x::Module, f::Symbol)
[0K    @ Base ./Base_compiler.jl:50
[0K  [2] top-level scope
[0K    @ /workdir/depot/packages/Mooncake/VtoA0/src/interpreter/abstract_interpretation.jl:89
[0K  [3] include(mapexpr::Function, mod::Module, _path::String)
[0K    @ Base ./Base.jl:310
[0K  [4] top-level scope
[0K    @ /workdir/depot/packages/Mooncake/VtoA0/src/Mooncake.jl:119
[0K  [5] include(mod::Module, _path::String)
[0K    @ Base ./Base.jl:309
[0K  [6] include_package_for_output(pkg::Base.PkgId, input::String, syntax_version::VersionNumber, depot_path::Vector{String}, dl_load_path::Vector{String}, load_path::Vector{String}, concrete_deps::Vector{Pair{Base.PkgId, UInt128}}, source::Nothing)
[0K    @ Base ./loading.jl:3250
[0K  [7] top-level scope
[0K    @ stdin:5
[0K  [8] eval(m::Module, e::Any)
[0K    @ Core ./boot.jl:489
[0K  [9] include_string(mapexpr::typeof(identity), mod::Module, code::String, filename::String)
[0K    @ Base ./loading.jl:3092
[0K [10] include_string
[0K    @ ./loading.jl:3102 [inlined]
[0K [11] exec_options(opts::Base.JLOptions)
[0K    @ Base ./client.jl:342
[0K [12] _start()
[0K    @ Base ./client.jl:577
[0Kin expression starting at /workdir/depot/packages/Mooncake/VtoA0/src/interpreter/abstract_interpretation.jl:89
[0Kin expression starting at /workdir/depot/packages/Mooncake/VtoA0/src/Mooncake.jl:1
[0Kin expression starting at stdin:5
              ✗ Mooncake
[0KERROR: LoadError: Precompiled image Base.PkgId(Base.UUID("da2b9cff-9c12-43a0-ae48-6db2b0edb7d6"), "Mooncake") not available with flags CacheFlags(; use_pkgimages=true, debug_level=1, check_bounds=0, inline=true, opt_level=2)
[0KStacktrace:
[0K  [1] error(s::String)
[0K    @ Base ./error.jl:44
[0K  [2] __require_prelocked(pkg::Base.PkgId, env::String)
[0K    @ Base ./loading.jl:2813
[0K  [3] _require_prelocked(uuidkey::Base.PkgId, env::String)
[0K    @ Base ./loading.jl:2665
[0K  [4] macro expansion
[0K    @ ./loading.jl:2593 [inlined]
[0K  [5] macro expansion
[0K    @ ./lock.jl:376 [inlined]
[0K  [6] __require(into::Module, mod::Symbol)
[0K    @ Base ./loading.jl:2557
[0K  [7] require
[0K    @ ./loading.jl:2533 [inlined]
[0K  [8] eval_import_path
[0K    @ ./module.jl:36 [inlined]
[0K  [9] eval_import_path_all(at::Module, path::Expr, keyword::String)
[0K    @ Base ./module.jl:60
[0K [10] _eval_import(::Bool, ::Module, ::Expr, ::Expr, ::Vararg{Expr})
[0K    @ Base ./module.jl:101
[0K [11] top-level scope
[0K    @ /workdir/depot/packages/DifferentiationInterface/4n6vR/ext/DifferentiationInterfaceMooncakeExt/DifferentiationInterfaceMooncakeExt.jl:5
[0K [12] include(mod::Module, _path::String)
[0K    @ Base ./Base.jl:309
[0K [13] include_package_for_output(pkg::Base.PkgId, input::String, syntax_version::VersionNumber, depot_path::Vector{String}, dl_load_path::Vector{String}, load_path::Vector{String}, concrete_deps::Vector{Pair{Base.PkgId, UInt128}}, source::Nothing)
[0K    @ Base ./loading.jl:3250
[0K [14] top-level scope
[0K    @ stdin:5
[0K [15] eval(m::Module, e::Any)
[0K    @ Core ./boot.jl:489
[0K [16] include_string(mapexpr::typeof(identity), mod::Module, code::String, filename::String)
[0K    @ Base ./loading.jl:3092
[0K [17] include_string
[0K    @ ./loading.jl:3102 [inlined]
[0K [18] exec_options(opts::Base.JLOptions)
[0K    @ Base ./client.jl:342
[0K [19] _start()
[0K    @ Base ./client.jl:577
[0Kin expression starting at /workdir/depot/packages/DifferentiationInterface/4n6vR/ext/DifferentiationInterfaceMooncakeExt/DifferentiationInterfaceMooncakeExt.jl:1
[0Kin expression starting at stdin:5
              ✗ DifferentiationInterface → DifferentiationInterfaceMooncakeExt
  61 dependencies successfully precompiled in 26 seconds. 9 already precompiled.
	Command being timed: "nice -n -10 timeout -k120 -v 3600 julia +nightly --project=M/Mooncake/Gradient-Of-Square-Norm -e using Pkg; @time @eval Pkg.precompile()"
	User time (seconds): 213.40
	System time (seconds): 14.27
	Percent of CPU this job got: 159%
	Elapsed (wall clock) time (h:mm:ss or m:ss): 2:23.05
	Average shared text size (kbytes): 0
	Average unshared data size (kbytes): 0
	Average stack size (kbytes): 0
	Average total size (kbytes): 0
	Maximum resident set size (kbytes): 2410192
	Average resident set size (kbytes): 0
	Major (requiring I/O) page faults: 280
	Minor (reclaiming a frame) page faults: 5228282
	Voluntary context switches: 13956
	Involuntary context switches: 4105
	Swaps: 0
	File system inputs: 0
	File system outputs: 529992
	Socket messages sent: 0
	Socket messages received: 0
	Signals delivered: 0
	Page size (bytes): 4096
	Exit status: 0
