nice: cannot set niceness: Permission denied
Precompiling packages...
    378.1 ms  ✓ MistyClosures
    436.9 ms  ✓ ExprTools
    655.7 ms  ✓ Serialization
    686.9 ms  ✓ ADTypes
    433.4 ms  ✓ Unicode
    571.6 ms  ✓ Compat
   1216.0 ms  ✓ InteractiveUtils
   1066.3 ms  ✓ DifferentiationInterface
    470.9 ms  ✓ Compat → CompatLinearAlgebraExt
   1962.3 ms  ✓ Preferences
   1211.9 ms  ✓ ChainRulesCore
    649.5 ms  ✓ PrecompileTools
    406.1 ms  ✓ ADTypes → ADTypesChainRulesCoreExt
    418.9 ms  ✓ DifferentiationInterface → DifferentiationInterfaceChainRulesCoreExt
   4774.4 ms  ✓ MacroTools
   1178.8 ms  ✓ DispatchDoctor
    494.1 ms  ✓ DispatchDoctor → DispatchDoctorChainRulesCoreExt
   7117.6 ms  ✓ Test
  92843.0 ms  ✓ Mooncake
    920.9 ms  ✓ DifferentiationInterface → DifferentiationInterfaceMooncakeExt
  20 dependencies successfully precompiled in 103 seconds. 9 already precompiled.
	Command being timed: "nice -n -10 timeout -k120 -v 3600 julia +alpha --project=M/Mooncake/Gradient-Of-Square-Norm -e using Pkg; @time @eval Pkg.precompile()"
	User time (seconds): 284.50
	System time (seconds): 10.53
	Percent of CPU this job got: 138%
	Elapsed (wall clock) time (h:mm:ss or m:ss): 3:33.45
	Average shared text size (kbytes): 0
	Average unshared data size (kbytes): 0
	Average stack size (kbytes): 0
	Average total size (kbytes): 0
	Maximum resident set size (kbytes): 2681204
	Average resident set size (kbytes): 0
	Major (requiring I/O) page faults: 226
	Minor (reclaiming a frame) page faults: 4289368
	Voluntary context switches: 9621
	Involuntary context switches: 2633
	Swaps: 0
	File system inputs: 0
	File system outputs: 665576
	Socket messages sent: 0
	Socket messages received: 0
	Signals delivered: 0
	Page size (bytes): 4096
	Exit status: 0
