nice: cannot set niceness: Permission denied
Precompiling packages...
    479.1 ms  ✓ DataAPI
    570.8 ms  ✓ ConstructionBase
    591.5 ms  ✓ Statistics
    467.1 ms  ✓ RealDot
    448.9 ms  ✓ DataValueInterfaces
    559.6 ms  ✓ StaticArraysCore
   1313.8 ms  ✓ IrrationalConstants
    478.1 ms  ✓ MistyClosures
    824.8 ms  ✓ SuiteSparse_jll
    805.8 ms  ✓ Requires
    711.3 ms  ✓ OrderedCollections
    752.9 ms  ✓ ADTypes
    516.2 ms  ✓ Unicode
    728.6 ms  ✓ Serialization
    562.5 ms  ✓ Inflate
    530.9 ms  ✓ ExprTools
    464.6 ms  ✓ IteratorInterfaceExtensions
    467.6 ms  ✓ ConstructionBase → ConstructionBaseLinearAlgebraExt
    531.4 ms  ✓ Adapt
    418.9 ms  ✓ ADTypes → ADTypesConstructionBaseExt
   1288.7 ms  ✓ InteractiveUtils
   1082.2 ms  ✓ DifferentiationInterface
    699.0 ms  ✓ Compat
   4437.4 ms  ✓ MacroTools
   1903.6 ms  ✓ DataStructures
    429.5 ms  ✓ TableTraits
    572.4 ms  ✓ GPUArraysCore
   1941.4 ms  ✓ Preferences
    442.5 ms  ✓ Compat → CompatLinearAlgebraExt
    754.7 ms  ✓ SimpleTraits
   2415.9 ms  ✓ Distributed
    968.3 ms  ✓ Tables
    493.7 ms  ✓ DifferentiationInterface → DifferentiationInterfaceGPUArraysCoreExt
    581.7 ms  ✓ PrecompileTools
    814.1 ms  ✓ StructArrays
   4172.0 ms  ✓ SparseArrays
   1495.9 ms  ✓ DispatchDoctor
   1438.2 ms  ✓ ChainRulesCore
    506.4 ms  ✓ StructArrays → StructArraysLinearAlgebraExt
    506.4 ms  ✓ StructArrays → StructArraysAdaptExt
    648.9 ms  ✓ Statistics → SparseArraysExt
    605.6 ms  ✓ SuiteSparse
    636.8 ms  ✓ Adapt → AdaptSparseArraysExt
    645.4 ms  ✓ DifferentiationInterface → DifferentiationInterfaceSparseArraysExt
    645.9 ms  ✓ StructArrays → StructArraysSparseArraysExt
    684.3 ms  ✓ ChainRulesCore → ChainRulesCoreSparseArraysExt
    455.4 ms  ✓ ADTypes → ADTypesChainRulesCoreExt
    479.2 ms  ✓ DifferentiationInterface → DifferentiationInterfaceChainRulesCoreExt
    609.7 ms  ✓ DispatchDoctor → DispatchDoctorChainRulesCoreExt
    589.8 ms  ✓ SparseInverseSubset
   7392.1 ms  ✓ Test
   4342.1 ms  ✓ ChainRules
   9671.9 ms  ✓ StaticArrays
    698.8 ms  ✓ StaticArrays → StaticArraysStatisticsExt
    698.1 ms  ✓ ConstructionBase → ConstructionBaseStaticArraysExt
    700.9 ms  ✓ Adapt → AdaptStaticArraysExt
    726.1 ms  ✓ StaticArrays → StaticArraysChainRulesCoreExt
   1270.3 ms  ✓ ArnoldiMethod
    595.2 ms  ✓ DifferentiationInterface → DifferentiationInterfaceStaticArraysExt
    655.1 ms  ✓ StructArrays → StructArraysStaticArraysExt
   3290.5 ms  ✓ Graphs
[0KERROR: LoadError: UndefVarError: `WorldView` not defined in `Compiler`
[0KSuggestion: check for spelling errors or missing imports.
[0KStacktrace:
[0K  [1] getproperty(x::Module, f::Symbol)
[0K    @ Base ./Base_compiler.jl:51
[0K  [2] top-level scope
[0K    @ /workdir/depot/packages/Mooncake/jHjuM/src/interpreter/abstract_interpretation.jl:89
[0K  [3] include(mapexpr::Function, mod::Module, _path::String)
[0K    @ Base ./Base.jl:324
[0K  [4] top-level scope
[0K    @ /workdir/depot/packages/Mooncake/jHjuM/src/Mooncake.jl:126
[0K  [5] include(mod::Module, _path::String)
[0K    @ Base ./Base.jl:323
[0K  [6] include_package_for_output(pkg::Base.PkgId, input::String, syntax_version::VersionNumber, depot_path::Vector{String}, dl_load_path::Vector{String}, load_path::Vector{String}, concrete_deps::Vector{Pair{Base.PkgId, UInt128}}, source::Nothing)
[0K    @ Base ./loading.jl:3289
[0K  [7] top-level scope
[0K    @ stdin:5
[0K  [8] eval(m::Module, e::Any)
[0K    @ Core ./boot.jl:517
[0K  [9] include_string(mapexpr::typeof(identity), mod::Module, code::String, filename::String)
[0K    @ Base ./loading.jl:3131
[0K [10] include_string
[0K    @ ./loading.jl:3141 [inlined]
[0K [11] exec_options(opts::Base.JLOptions)
[0K    @ Base ./client.jl:342
[0K [12] _start()
[0K    @ Base ./client.jl:585
[0Kin expression starting at /workdir/depot/packages/Mooncake/jHjuM/src/interpreter/abstract_interpretation.jl:89
[0Kin expression starting at /workdir/depot/packages/Mooncake/jHjuM/src/Mooncake.jl:1
[0Kin expression starting at stdin:5
              ✗ Mooncake
[0KERROR: LoadError: Precompiled image Base.PkgId(Base.UUID("da2b9cff-9c12-43a0-ae48-6db2b0edb7d6"), "Mooncake") not available with flags CacheFlags(; use_pkgimages=true, debug_level=1, check_bounds=0, inline=true, opt_level=2)
[0KStacktrace:
[0K  [1] error(s::String)
[0K    @ Base ./error.jl:56
[0K  [2] __require_prelocked(pkg::Base.PkgId, env::String)
[0K    @ Base ./loading.jl:2841
[0K  [3] _require_prelocked(uuidkey::Base.PkgId, env::String)
[0K    @ Base ./loading.jl:2695
[0K  [4] macro expansion
[0K    @ ./loading.jl:2622 [inlined]
[0K  [5] macro expansion
[0K    @ ./lock.jl:376 [inlined]
[0K  [6] __require(into::Module, mod::Symbol)
[0K    @ Base ./loading.jl:2586
[0K  [7] require
[0K    @ ./loading.jl:2562 [inlined]
[0K  [8] eval_import_path
[0K    @ ./module.jl:36 [inlined]
[0K  [9] eval_import_path_all(at::Module, path::Expr, keyword::String)
[0K    @ Base ./module.jl:60
[0K [10] _eval_import(::Bool, ::Module, ::Expr, ::Expr, ::Vararg{Expr})
[0K    @ Base ./module.jl:101
[0K [11] top-level scope
[0K    @ /workdir/depot/packages/DifferentiationInterface/afUhd/ext/DifferentiationInterfaceMooncakeExt/DifferentiationInterfaceMooncakeExt.jl:5
[0K [12] include(mod::Module, _path::String)
[0K    @ Base ./Base.jl:323
[0K [13] include_package_for_output(pkg::Base.PkgId, input::String, syntax_version::VersionNumber, depot_path::Vector{String}, dl_load_path::Vector{String}, load_path::Vector{String}, concrete_deps::Vector{Pair{Base.PkgId, UInt128}}, source::Nothing)
[0K    @ Base ./loading.jl:3289
[0K [14] top-level scope
[0K    @ stdin:5
[0K [15] eval(m::Module, e::Any)
[0K    @ Core ./boot.jl:517
[0K [16] include_string(mapexpr::typeof(identity), mod::Module, code::String, filename::String)
[0K    @ Base ./loading.jl:3131
[0K [17] include_string
[0K    @ ./loading.jl:3141 [inlined]
[0K [18] exec_options(opts::Base.JLOptions)
[0K    @ Base ./client.jl:342
[0K [19] _start()
[0K    @ Base ./client.jl:585
[0Kin expression starting at /workdir/depot/packages/DifferentiationInterface/afUhd/ext/DifferentiationInterfaceMooncakeExt/DifferentiationInterfaceMooncakeExt.jl:1
[0Kin expression starting at stdin:5
              ✗ DifferentiationInterface → DifferentiationInterfaceMooncakeExt
  61 dependencies successfully precompiled in 26 seconds. 9 already precompiled.
	Command being timed: "nice -n -10 timeout -k120 -v 3600 julia +nightly --project=M/Mooncake/Gradient-Of-Square-Norm -e using Pkg; @time @eval Pkg.precompile()"
	User time (seconds): 195.91
	System time (seconds): 13.94
	Percent of CPU this job got: 161%
	Elapsed (wall clock) time (h:mm:ss or m:ss): 2:09.79
	Average shared text size (kbytes): 0
	Average unshared data size (kbytes): 0
	Average stack size (kbytes): 0
	Average total size (kbytes): 0
	Maximum resident set size (kbytes): 2255284
	Average resident set size (kbytes): 0
	Major (requiring I/O) page faults: 349
	Minor (reclaiming a frame) page faults: 5136824
	Voluntary context switches: 14409
	Involuntary context switches: 3399
	Swaps: 0
	File system inputs: 0
	File system outputs: 525232
	Socket messages sent: 0
	Socket messages received: 0
	Signals delivered: 0
	Page size (bytes): 4096
	Exit status: 0
