nice: cannot set niceness: Permission denied
Precompiling packages...
    413.8 ms  ✓ MistyClosures
    526.8 ms  ✓ StaticArraysCore
    610.7 ms  ✓ Statistics
    826.7 ms  ✓ SuiteSparse_jll
    644.2 ms  ✓ OrderedCollections
    691.8 ms  ✓ ADTypes
    695.3 ms  ✓ Serialization
    491.2 ms  ✓ Unicode
    545.1 ms  ✓ Inflate
    486.4 ms  ✓ ExprTools
   1178.9 ms  ✓ InteractiveUtils
   1017.7 ms  ✓ DifferentiationInterface
   1704.4 ms  ✓ DataStructures
    587.7 ms  ✓ Compat
    496.5 ms  ✓ Compat → CompatLinearAlgebraExt
   2020.2 ms  ✓ Preferences
   1598.9 ms  ✓ ChainRulesCore
    625.7 ms  ✓ PrecompileTools
   5520.3 ms  ✓ MacroTools
    508.5 ms  ✓ ADTypes → ADTypesChainRulesCoreExt
    516.3 ms  ✓ DifferentiationInterface → DifferentiationInterfaceChainRulesCoreExt
   4428.4 ms  ✓ SparseArrays
    752.0 ms  ✓ SimpleTraits
    587.3 ms  ✓ Statistics → SparseArraysExt
   1374.2 ms  ✓ DispatchDoctor
    586.4 ms  ✓ DifferentiationInterface → DifferentiationInterfaceSparseArraysExt
    579.4 ms  ✓ ChainRulesCore → ChainRulesCoreSparseArraysExt
    471.9 ms  ✓ DispatchDoctor → DispatchDoctorChainRulesCoreExt
   8354.0 ms  ✓ Test
  10910.0 ms  ✓ StaticArrays
    512.9 ms  ✓ StaticArrays → StaticArraysStatisticsExt
    509.5 ms  ✓ DifferentiationInterface → DifferentiationInterfaceStaticArraysExt
    523.3 ms  ✓ StaticArrays → StaticArraysChainRulesCoreExt
   1032.7 ms  ✓ ArnoldiMethod
   3144.5 ms  ✓ Graphs
  97120.3 ms  ✓ Mooncake
   1299.6 ms  ✓ DifferentiationInterface → DifferentiationInterfaceMooncakeExt
  37 dependencies successfully precompiled in 119 seconds. 9 already precompiled.
	Command being timed: "nice -n -10 timeout -k120 -v 3600 julia +alpha --project=M/Mooncake/Gradient-Of-Square-Norm -e using Pkg; @time @eval Pkg.precompile()"
	User time (seconds): 319.50
	System time (seconds): 13.30
	Percent of CPU this job got: 144%
	Elapsed (wall clock) time (h:mm:ss or m:ss): 3:50.71
	Average shared text size (kbytes): 0
	Average unshared data size (kbytes): 0
	Average stack size (kbytes): 0
	Average total size (kbytes): 0
	Maximum resident set size (kbytes): 2789272
	Average resident set size (kbytes): 0
	Major (requiring I/O) page faults: 282
	Minor (reclaiming a frame) page faults: 5161920
	Voluntary context switches: 12438
	Involuntary context switches: 3667
	Swaps: 0
	File system inputs: 0
	File system outputs: 781832
	Socket messages sent: 0
	Socket messages received: 0
	Signals delivered: 0
	Page size (bytes): 4096
	Exit status: 0
