nice: cannot set niceness: Permission denied
Precompiling packages...
    652.5 ms  ✓ MistyClosures
    667.3 ms  ✓ ExprTools
    777.4 ms  ✓ Compat
    974.0 ms  ✓ ADTypes
    885.0 ms  ✓ Preferences
    364.7 ms  ✓ Compat → CompatLinearAlgebraExt
    374.4 ms  ✓ PrecompileTools
    851.3 ms  ✓ DifferentiationInterface
   1970.3 ms  ✓ MacroTools
    961.8 ms  ✓ ChainRulesCore
    641.7 ms  ✓ ADTypes → ADTypesChainRulesCoreExt
   2749.4 ms  ✓ Test
    819.5 ms  ✓ DifferentiationInterface → DifferentiationInterfaceChainRulesCoreExt
   1315.8 ms  ✓ DispatchDoctor
    351.4 ms  ✓ DispatchDoctor → DispatchDoctorChainRulesCoreExt
  46354.9 ms  ✓ Mooncake
    736.7 ms  ✓ DifferentiationInterface → DifferentiationInterfaceMooncakeExt
  17 dependencies successfully precompiled in 51 seconds
	Command being timed: "nice -n -10 timeout -k120 -v 3600 julia +lts --project=M/Mooncake/Gradient-Of-Square-Norm -e using Pkg; @time @eval Pkg.precompile()"
	User time (seconds): 107.81
	System time (seconds): 4.51
	Percent of CPU this job got: 213%
	Elapsed (wall clock) time (h:mm:ss or m:ss): 0:52.49
	Average shared text size (kbytes): 0
	Average unshared data size (kbytes): 0
	Average stack size (kbytes): 0
	Average total size (kbytes): 0
	Maximum resident set size (kbytes): 2203776
	Average resident set size (kbytes): 0
	Major (requiring I/O) page faults: 68
	Minor (reclaiming a frame) page faults: 1358147
	Voluntary context switches: 24644
	Involuntary context switches: 3904
	Swaps: 0
	File system inputs: 0
	File system outputs: 297808
	Socket messages sent: 0
	Socket messages received: 0
	Signals delivered: 0
	Page size (bytes): 4096
	Exit status: 0
