nice: cannot set niceness: Permission denied
Precompiling packages...
    460.9 ms  ✓ DataAPI
    570.8 ms  ✓ ConstructionBase
    599.9 ms  ✓ Statistics
    465.3 ms  ✓ RealDot
    455.1 ms  ✓ DataValueInterfaces
    555.9 ms  ✓ StaticArraysCore
   1281.4 ms  ✓ IrrationalConstants
    479.6 ms  ✓ MistyClosures
    831.9 ms  ✓ SuiteSparse_jll
    681.2 ms  ✓ OrderedCollections
    808.7 ms  ✓ Requires
    765.7 ms  ✓ ADTypes
    500.3 ms  ✓ Unicode
    719.3 ms  ✓ Serialization
    496.0 ms  ✓ ExprTools
    439.3 ms  ✓ IteratorInterfaceExtensions
    440.1 ms  ✓ ConstructionBase → ConstructionBaseLinearAlgebraExt
    525.5 ms  ✓ Inflate
    540.0 ms  ✓ Adapt
   1783.8 ms  ✓ DataStructures
   1362.3 ms  ✓ InteractiveUtils
    504.8 ms  ✓ ADTypes → ADTypesConstructionBaseExt
   4432.0 ms  ✓ MacroTools
    757.1 ms  ✓ Compat
   1206.9 ms  ✓ DifferentiationInterface
    431.9 ms  ✓ TableTraits
    569.9 ms  ✓ GPUArraysCore
   1884.2 ms  ✓ Preferences
    737.2 ms  ✓ SimpleTraits
    449.9 ms  ✓ Compat → CompatLinearAlgebraExt
    497.8 ms  ✓ DifferentiationInterface → DifferentiationInterfaceGPUArraysCoreExt
   2425.7 ms  ✓ Distributed
    993.6 ms  ✓ Tables
    460.5 ms  ✓ PrecompileTools
    796.8 ms  ✓ StructArrays
   4098.5 ms  ✓ SparseArrays
   1426.6 ms  ✓ DispatchDoctor
   1432.9 ms  ✓ ChainRulesCore
    482.9 ms  ✓ StructArrays → StructArraysLinearAlgebraExt
    466.9 ms  ✓ StructArrays → StructArraysAdaptExt
    617.0 ms  ✓ Statistics → SparseArraysExt
    562.8 ms  ✓ SuiteSparse
    573.7 ms  ✓ Adapt → AdaptSparseArraysExt
    602.9 ms  ✓ DifferentiationInterface → DifferentiationInterfaceSparseArraysExt
    616.2 ms  ✓ ChainRulesCore → ChainRulesCoreSparseArraysExt
    643.6 ms  ✓ StructArrays → StructArraysSparseArraysExt
    470.1 ms  ✓ ADTypes → ADTypesChainRulesCoreExt
    462.5 ms  ✓ DifferentiationInterface → DifferentiationInterfaceChainRulesCoreExt
    550.2 ms  ✓ DispatchDoctor → DispatchDoctorChainRulesCoreExt
    563.6 ms  ✓ SparseInverseSubset
   7093.5 ms  ✓ Test
   4153.7 ms  ✓ ChainRules
   9393.9 ms  ✓ StaticArrays
    586.0 ms  ✓ Adapt → AdaptStaticArraysExt
    602.9 ms  ✓ ConstructionBase → ConstructionBaseStaticArraysExt
    605.4 ms  ✓ StaticArrays → StaticArraysStatisticsExt
    625.2 ms  ✓ StaticArrays → StaticArraysChainRulesCoreExt
    529.7 ms  ✓ DifferentiationInterface → DifferentiationInterfaceStaticArraysExt
   1165.4 ms  ✓ ArnoldiMethod
    574.2 ms  ✓ StructArrays → StructArraysStaticArraysExt
   3177.4 ms  ✓ Graphs
[0KERROR: LoadError: UndefVarError: `WorldView` not defined in `Compiler`
[0KSuggestion: check for spelling errors or missing imports.
[0KStacktrace:
[0K  [1] getproperty(x::Module, f::Symbol)
[0K    @ Base ./Base_compiler.jl:51
[0K  [2] top-level scope
[0K    @ /workdir/depot/packages/Mooncake/YNbwh/src/interpreter/abstract_interpretation.jl:89
[0K  [3] include(mapexpr::Function, mod::Module, _path::String)
[0K    @ Base ./Base.jl:324
[0K  [4] top-level scope
[0K    @ /workdir/depot/packages/Mooncake/YNbwh/src/Mooncake.jl:126
[0K  [5] include(mod::Module, _path::String)
[0K    @ Base ./Base.jl:323
[0K  [6] include_package_for_output(pkg::Base.PkgId, input::String, syntax_version::VersionNumber, depot_path::Vector{String}, dl_load_path::Vector{String}, load_path::Vector{String}, concrete_deps::Vector{Pair{Base.PkgId, UInt128}}, source::Nothing)
[0K    @ Base ./loading.jl:3288
[0K  [7] top-level scope
[0K    @ stdin:5
[0K  [8] eval(m::Module, e::Any)
[0K    @ Core ./boot.jl:517
[0K  [9] include_string(mapexpr::typeof(identity), mod::Module, code::String, filename::String)
[0K    @ Base ./loading.jl:3130
[0K [10] include_string
[0K    @ ./loading.jl:3140 [inlined]
[0K [11] exec_options(opts::Base.JLOptions)
[0K    @ Base ./client.jl:342
[0K [12] _start()
[0K    @ Base ./client.jl:585
[0Kin expression starting at /workdir/depot/packages/Mooncake/YNbwh/src/interpreter/abstract_interpretation.jl:89
[0Kin expression starting at /workdir/depot/packages/Mooncake/YNbwh/src/Mooncake.jl:1
[0Kin expression starting at stdin:5
              ✗ Mooncake
[0KERROR: LoadError: Precompiled image Base.PkgId(Base.UUID("da2b9cff-9c12-43a0-ae48-6db2b0edb7d6"), "Mooncake") not available with flags CacheFlags(; use_pkgimages=true, debug_level=1, check_bounds=0, inline=true, opt_level=2)
[0KStacktrace:
[0K  [1] error(s::String)
[0K    @ Base ./error.jl:56
[0K  [2] __require_prelocked(pkg::Base.PkgId, env::String)
[0K    @ Base ./loading.jl:2840
[0K  [3] _require_prelocked(uuidkey::Base.PkgId, env::String)
[0K    @ Base ./loading.jl:2694
[0K  [4] macro expansion
[0K    @ ./loading.jl:2621 [inlined]
[0K  [5] macro expansion
[0K    @ ./lock.jl:376 [inlined]
[0K  [6] __require(into::Module, mod::Symbol)
[0K    @ Base ./loading.jl:2585
[0K  [7] require
[0K    @ ./loading.jl:2561 [inlined]
[0K  [8] eval_import_path
[0K    @ ./module.jl:36 [inlined]
[0K  [9] eval_import_path_all(at::Module, path::Expr, keyword::String)
[0K    @ Base ./module.jl:60
[0K [10] _eval_import(::Bool, ::Module, ::Expr, ::Expr, ::Vararg{Expr})
[0K    @ Base ./module.jl:101
[0K [11] top-level scope
[0K    @ /workdir/depot/packages/DifferentiationInterface/afUhd/ext/DifferentiationInterfaceMooncakeExt/DifferentiationInterfaceMooncakeExt.jl:5
[0K [12] include(mod::Module, _path::String)
[0K    @ Base ./Base.jl:323
[0K [13] include_package_for_output(pkg::Base.PkgId, input::String, syntax_version::VersionNumber, depot_path::Vector{String}, dl_load_path::Vector{String}, load_path::Vector{String}, concrete_deps::Vector{Pair{Base.PkgId, UInt128}}, source::Nothing)
[0K    @ Base ./loading.jl:3288
[0K [14] top-level scope
[0K    @ stdin:5
[0K [15] eval(m::Module, e::Any)
[0K    @ Core ./boot.jl:517
[0K [16] include_string(mapexpr::typeof(identity), mod::Module, code::String, filename::String)
[0K    @ Base ./loading.jl:3130
[0K [17] include_string
[0K    @ ./loading.jl:3140 [inlined]
[0K [18] exec_options(opts::Base.JLOptions)
[0K    @ Base ./client.jl:342
[0K [19] _start()
[0K    @ Base ./client.jl:585
[0Kin expression starting at /workdir/depot/packages/DifferentiationInterface/afUhd/ext/DifferentiationInterfaceMooncakeExt/DifferentiationInterfaceMooncakeExt.jl:1
[0Kin expression starting at stdin:5
              ✗ DifferentiationInterface → DifferentiationInterfaceMooncakeExt
  61 dependencies successfully precompiled in 26 seconds. 9 already precompiled.
	Command being timed: "nice -n -10 timeout -k120 -v 3600 julia +nightly --project=M/Mooncake/Gradient-Of-Square-Norm -e using Pkg; @time @eval Pkg.precompile()"
	User time (seconds): 194.80
	System time (seconds): 13.88
	Percent of CPU this job got: 160%
	Elapsed (wall clock) time (h:mm:ss or m:ss): 2:09.75
	Average shared text size (kbytes): 0
	Average unshared data size (kbytes): 0
	Average stack size (kbytes): 0
	Average total size (kbytes): 0
	Maximum resident set size (kbytes): 2216124
	Average resident set size (kbytes): 0
	Major (requiring I/O) page faults: 380
	Minor (reclaiming a frame) page faults: 5183152
	Voluntary context switches: 15116
	Involuntary context switches: 3200
	Swaps: 0
	File system inputs: 0
	File system outputs: 526968
	Socket messages sent: 0
	Socket messages received: 0
	Signals delivered: 0
	Page size (bytes): 4096
	Exit status: 0
