nice: cannot set niceness: Permission denied
Precompiling packages...
    451.2 ms  ✓ DataAPI
    520.5 ms  ✓ ConstructionBase
    575.6 ms  ✓ Statistics
    436.4 ms  ✓ RealDot
    445.9 ms  ✓ DataValueInterfaces
    510.0 ms  ✓ StaticArraysCore
    462.8 ms  ✓ MistyClosures
   1352.8 ms  ✓ IrrationalConstants
    902.1 ms  ✓ SuiteSparse_jll
    801.5 ms  ✓ Requires
    712.9 ms  ✓ OrderedCollections
    738.6 ms  ✓ ADTypes
    483.7 ms  ✓ Unicode
    697.7 ms  ✓ Serialization
    493.6 ms  ✓ ExprTools
    522.7 ms  ✓ Inflate
    415.5 ms  ✓ IteratorInterfaceExtensions
    483.6 ms  ✓ ConstructionBase → ConstructionBaseLinearAlgebraExt
    493.6 ms  ✓ Adapt
    394.9 ms  ✓ ADTypes → ADTypesConstructionBaseExt
   1194.4 ms  ✓ InteractiveUtils
    559.8 ms  ✓ Compat
   1030.3 ms  ✓ DifferentiationInterface
   1771.9 ms  ✓ DataStructures
    478.9 ms  ✓ TableTraits
   5441.4 ms  ✓ MacroTools
    616.1 ms  ✓ GPUArraysCore
   2207.6 ms  ✓ Preferences
    446.7 ms  ✓ Compat → CompatLinearAlgebraExt
   2740.9 ms  ✓ Distributed
    769.5 ms  ✓ SimpleTraits
    920.3 ms  ✓ Tables
    423.8 ms  ✓ DifferentiationInterface → DifferentiationInterfaceGPUArraysCoreExt
    448.9 ms  ✓ PrecompileTools
    769.7 ms  ✓ StructArrays
   1361.9 ms  ✓ DispatchDoctor
   4374.4 ms  ✓ SparseArrays
   1395.4 ms  ✓ ChainRulesCore
    501.7 ms  ✓ StructArrays → StructArraysLinearAlgebraExt
    469.1 ms  ✓ StructArrays → StructArraysAdaptExt
    575.7 ms  ✓ Statistics → SparseArraysExt
    538.1 ms  ✓ SuiteSparse
    570.2 ms  ✓ Adapt → AdaptSparseArraysExt
    600.4 ms  ✓ DifferentiationInterface → DifferentiationInterfaceSparseArraysExt
    601.5 ms  ✓ StructArrays → StructArraysSparseArraysExt
    597.3 ms  ✓ ChainRulesCore → ChainRulesCoreSparseArraysExt
    446.2 ms  ✓ ADTypes → ADTypesChainRulesCoreExt
    472.5 ms  ✓ DifferentiationInterface → DifferentiationInterfaceChainRulesCoreExt
    502.3 ms  ✓ DispatchDoctor → DispatchDoctorChainRulesCoreExt
    499.2 ms  ✓ SparseInverseSubset
   8341.0 ms  ✓ Test
   4290.0 ms  ✓ ChainRules
  11243.5 ms  ✓ StaticArrays
    574.9 ms  ✓ Adapt → AdaptStaticArraysExt
    583.4 ms  ✓ StaticArrays → StaticArraysStatisticsExt
    582.2 ms  ✓ StaticArrays → StaticArraysChainRulesCoreExt
    581.0 ms  ✓ ConstructionBase → ConstructionBaseStaticArraysExt
    503.0 ms  ✓ DifferentiationInterface → DifferentiationInterfaceStaticArraysExt
    547.3 ms  ✓ StructArrays → StructArraysStaticArraysExt
   1150.6 ms  ✓ ArnoldiMethod
   3124.2 ms  ✓ Graphs
  79510.4 ms  ✓ Mooncake
   1197.8 ms  ✓ DifferentiationInterface → DifferentiationInterfaceMooncakeExt
  63 dependencies successfully precompiled in 104 seconds. 9 already precompiled.
	Command being timed: "nice -n -10 timeout -k120 -v 3600 julia +alpha --project=M/Mooncake/Gradient-Of-Square-Norm -e using Pkg; @time @eval Pkg.precompile()"
	User time (seconds): 312.60
	System time (seconds): 15.58
	Percent of CPU this job got: 152%
	Elapsed (wall clock) time (h:mm:ss or m:ss): 3:34.77
	Average shared text size (kbytes): 0
	Average unshared data size (kbytes): 0
	Average stack size (kbytes): 0
	Average total size (kbytes): 0
	Maximum resident set size (kbytes): 2596612
	Average resident set size (kbytes): 0
	Major (requiring I/O) page faults: 306
	Minor (reclaiming a frame) page faults: 6028751
	Voluntary context switches: 14834
	Involuntary context switches: 3845
	Swaps: 0
	File system inputs: 0
	File system outputs: 746152
	Socket messages sent: 0
	Socket messages received: 0
	Signals delivered: 0
	Page size (bytes): 4096
	Exit status: 0
