nice: cannot set niceness: Permission denied
Precompiling packages...
    623.3 ms  ✓ MistyClosures
    690.4 ms  ✓ ExprTools
    802.6 ms  ✓ Compat
    990.0 ms  ✓ ADTypes
   1020.5 ms  ✓ Preferences
    412.3 ms  ✓ Compat → CompatLinearAlgebraExt
    348.2 ms  ✓ PrecompileTools
    895.0 ms  ✓ DifferentiationInterface
   1973.1 ms  ✓ MacroTools
   1206.7 ms  ✓ ChainRulesCore
   2707.0 ms  ✓ Test
    428.6 ms  ✓ ADTypes → ADTypesChainRulesCoreExt
    608.3 ms  ✓ DifferentiationInterface → DifferentiationInterfaceChainRulesCoreExt
   1331.0 ms  ✓ DispatchDoctor
    345.8 ms  ✓ DispatchDoctor → DispatchDoctorChainRulesCoreExt
  46579.5 ms  ✓ Mooncake
    771.0 ms  ✓ DifferentiationInterface → DifferentiationInterfaceMooncakeExt
  17 dependencies successfully precompiled in 52 seconds
	Command being timed: "nice -n -10 timeout -k120 -v 3600 julia +lts --project=M/Mooncake/Gradient-Of-Square-Norm -e using Pkg; @time @eval Pkg.precompile()"
	User time (seconds): 108.55
	System time (seconds): 4.32
	Percent of CPU this job got: 213%
	Elapsed (wall clock) time (h:mm:ss or m:ss): 0:52.86
	Average shared text size (kbytes): 0
	Average unshared data size (kbytes): 0
	Average stack size (kbytes): 0
	Average total size (kbytes): 0
	Maximum resident set size (kbytes): 2138264
	Average resident set size (kbytes): 0
	Major (requiring I/O) page faults: 77
	Minor (reclaiming a frame) page faults: 1350096
	Voluntary context switches: 24708
	Involuntary context switches: 4040
	Swaps: 0
	File system inputs: 1032
	File system outputs: 299936
	Socket messages sent: 0
	Socket messages received: 0
	Signals delivered: 0
	Page size (bytes): 4096
	Exit status: 0
