nice: cannot set niceness: Permission denied
Precompiling packages...
  75726.5 ms  ✓ Pkg (serial)
  1 dependency successfully precompiled in 76 seconds
Precompiling packages...
   1423.5 ms  ✓ MistyClosures
   1520.0 ms  ✓ Unicode
   1537.3 ms  ✓ Inflate
   1725.8 ms  ✓ SuiteSparse_jll
   1811.8 ms  ✓ ExprTools
   1998.4 ms  ✓ StaticArraysCore
   2042.5 ms  ✓ Statistics
   2211.6 ms  ✓ Serialization
   2206.3 ms  ✓ ADTypes
   1310.0 ms  ✓ Preferences
    706.7 ms  ✓ PrecompileTools
   3853.3 ms  ✓ OrderedCollections
   2834.9 ms  ✓ Compat
   4711.9 ms  ✓ InteractiveUtils
    655.7 ms  ✓ Compat → CompatLinearAlgebraExt
   3136.2 ms  ✓ DifferentiationInterface
   6210.9 ms  ✓ MacroTools
   2787.1 ms  ✓ DataStructures
    989.6 ms  ✓ SimpleTraits
   3014.3 ms  ✓ ChainRulesCore
    519.5 ms  ✓ DifferentiationInterface → DifferentiationInterfaceChainRulesCoreExt
    530.7 ms  ✓ ADTypes → ADTypesChainRulesCoreExt
   2597.9 ms  ✓ DispatchDoctor
   6644.0 ms  ✓ SparseArrays
    695.5 ms  ✓ DispatchDoctor → DispatchDoctorChainRulesCoreExt
    961.8 ms  ✓ DifferentiationInterface → DifferentiationInterfaceSparseArraysExt
    964.0 ms  ✓ Statistics → SparseArraysExt
   5537.8 ms  ✓ Test
   2129.2 ms  ✓ ChainRulesCore → ChainRulesCoreSparseArraysExt
   9080.0 ms  ✓ StaticArrays
    498.7 ms  ✓ DifferentiationInterface → DifferentiationInterfaceStaticArraysExt
    506.9 ms  ✓ StaticArrays → StaticArraysStatisticsExt
   1401.9 ms  ✓ StaticArrays → StaticArraysChainRulesCoreExt
   1843.6 ms  ✓ ArnoldiMethod
   4155.2 ms  ✓ Graphs
  94640.6 ms  ✓ Mooncake
   1307.0 ms  ✓ DifferentiationInterface → DifferentiationInterfaceMooncakeExt
  37 dependencies successfully precompiled in 115 seconds. 9 already precompiled.
	Command being timed: "nice -n -10 timeout -k120 -v 3600 julia +1.12.5 --project=M/Mooncake/Gradient-Of-Square-Norm -e using Pkg; @time @eval Pkg.precompile()"
	User time (seconds): 376.09
	System time (seconds): 13.65
	Percent of CPU this job got: 203%
	Elapsed (wall clock) time (h:mm:ss or m:ss): 3:11.19
	Average shared text size (kbytes): 0
	Average unshared data size (kbytes): 0
	Average stack size (kbytes): 0
	Average total size (kbytes): 0
	Maximum resident set size (kbytes): 3242248
	Average resident set size (kbytes): 0
	Major (requiring I/O) page faults: 252
	Minor (reclaiming a frame) page faults: 4685663
	Voluntary context switches: 12802
	Involuntary context switches: 11374
	Swaps: 0
	File system inputs: 0
	File system outputs: 795232
	Socket messages sent: 0
	Socket messages received: 0
	Signals delivered: 0
	Page size (bytes): 4096
	Exit status: 0
