nice: cannot set niceness: Permission denied
Precompiling packages...
    468.6 ms  ✓ DataAPI
    553.0 ms  ✓ ConstructionBase
    592.6 ms  ✓ Statistics
    458.6 ms  ✓ RealDot
    455.0 ms  ✓ DataValueInterfaces
    532.1 ms  ✓ StaticArraysCore
   1334.1 ms  ✓ IrrationalConstants
    492.5 ms  ✓ MistyClosures
    805.5 ms  ✓ Requires
    974.5 ms  ✓ SuiteSparse_jll
    694.1 ms  ✓ OrderedCollections
    763.8 ms  ✓ ADTypes
    511.6 ms  ✓ Unicode
    564.4 ms  ✓ Inflate
    727.1 ms  ✓ Serialization
    513.4 ms  ✓ ExprTools
    475.2 ms  ✓ IteratorInterfaceExtensions
    469.9 ms  ✓ ConstructionBase → ConstructionBaseLinearAlgebraExt
    527.8 ms  ✓ Adapt
    412.2 ms  ✓ ADTypes → ADTypesConstructionBaseExt
   1375.0 ms  ✓ InteractiveUtils
   1037.8 ms  ✓ DifferentiationInterface
    590.7 ms  ✓ Compat
   1721.4 ms  ✓ DataStructures
    416.6 ms  ✓ TableTraits
    680.7 ms  ✓ GPUArraysCore
   6322.4 ms  ✓ MacroTools
   2496.9 ms  ✓ Preferences
    509.4 ms  ✓ Compat → CompatLinearAlgebraExt
   2772.0 ms  ✓ Distributed
    487.9 ms  ✓ DifferentiationInterface → DifferentiationInterfaceGPUArraysCoreExt
    944.5 ms  ✓ Tables
    732.7 ms  ✓ SimpleTraits
    474.3 ms  ✓ PrecompileTools
    805.2 ms  ✓ StructArrays
   4457.0 ms  ✓ SparseArrays
   1381.0 ms  ✓ DispatchDoctor
    476.5 ms  ✓ StructArrays → StructArraysLinearAlgebraExt
   1486.3 ms  ✓ ChainRulesCore
    496.2 ms  ✓ StructArrays → StructArraysAdaptExt
    610.1 ms  ✓ Statistics → SparseArraysExt
    575.0 ms  ✓ SuiteSparse
    585.4 ms  ✓ Adapt → AdaptSparseArraysExt
    601.2 ms  ✓ DifferentiationInterface → DifferentiationInterfaceSparseArraysExt
    609.3 ms  ✓ StructArrays → StructArraysSparseArraysExt
    631.8 ms  ✓ ChainRulesCore → ChainRulesCoreSparseArraysExt
    476.4 ms  ✓ ADTypes → ADTypesChainRulesCoreExt
    486.7 ms  ✓ DifferentiationInterface → DifferentiationInterfaceChainRulesCoreExt
    550.7 ms  ✓ DispatchDoctor → DispatchDoctorChainRulesCoreExt
    516.4 ms  ✓ SparseInverseSubset
   9322.8 ms  ✓ Test
   4497.4 ms  ✓ ChainRules
  12868.6 ms  ✓ StaticArrays
    587.3 ms  ✓ Adapt → AdaptStaticArraysExt
    597.7 ms  ✓ StaticArrays → StaticArraysStatisticsExt
    612.6 ms  ✓ ConstructionBase → ConstructionBaseStaticArraysExt
    621.5 ms  ✓ StaticArrays → StaticArraysChainRulesCoreExt
    525.3 ms  ✓ DifferentiationInterface → DifferentiationInterfaceStaticArraysExt
   1161.8 ms  ✓ ArnoldiMethod
    589.2 ms  ✓ StructArrays → StructArraysStaticArraysExt
   2969.9 ms  ✓ Graphs
[0KERROR: LoadError: UndefVarError: `WorldView` not defined in `Compiler`
[0KSuggestion: check for spelling errors or missing imports.
[0KStacktrace:
[0K  [1] getproperty(x::Module, f::Symbol)
[0K    @ Base ./Base_compiler.jl:50
[0K  [2] top-level scope
[0K    @ /workdir/depot/packages/Mooncake/Wbn0N/src/interpreter/abstract_interpretation.jl:89
[0K  [3] include(mapexpr::Function, mod::Module, _path::String)
[0K    @ Base ./Base.jl:310
[0K  [4] top-level scope
[0K    @ /workdir/depot/packages/Mooncake/Wbn0N/src/Mooncake.jl:119
[0K  [5] include(mod::Module, _path::String)
[0K    @ Base ./Base.jl:309
[0K  [6] include_package_for_output(pkg::Base.PkgId, input::String, syntax_version::VersionNumber, depot_path::Vector{String}, dl_load_path::Vector{String}, load_path::Vector{String}, concrete_deps::Vector{Pair{Base.PkgId, UInt128}}, source::Nothing)
[0K    @ Base ./loading.jl:3309
[0K  [7] top-level scope
[0K    @ stdin:5
[0K  [8] eval(m::Module, e::Any)
[0K    @ Core ./boot.jl:489
[0K  [9] include_string(mapexpr::typeof(identity), mod::Module, code::String, filename::String)
[0K    @ Base ./loading.jl:3151
[0K [10] include_string
[0K    @ ./loading.jl:3161 [inlined]
[0K [11] exec_options(opts::Base.JLOptions)
[0K    @ Base ./client.jl:342
[0K [12] _start()
[0K    @ Base ./client.jl:585
[0Kin expression starting at /workdir/depot/packages/Mooncake/Wbn0N/src/interpreter/abstract_interpretation.jl:89
[0Kin expression starting at /workdir/depot/packages/Mooncake/Wbn0N/src/Mooncake.jl:1
[0Kin expression starting at stdin:5
              ✗ Mooncake
[0KERROR: LoadError: Precompiled image Base.PkgId(Base.UUID("da2b9cff-9c12-43a0-ae48-6db2b0edb7d6"), "Mooncake") not available with flags CacheFlags(; use_pkgimages=true, debug_level=1, check_bounds=0, inline=true, opt_level=2)
[0KStacktrace:
[0K  [1] error(s::String)
[0K    @ Base ./error.jl:44
[0K  [2] __require_prelocked(pkg::Base.PkgId, env::String)
[0K    @ Base ./loading.jl:2873
[0K  [3] _require_prelocked(uuidkey::Base.PkgId, env::String)
[0K    @ Base ./loading.jl:2725
[0K  [4] macro expansion
[0K    @ ./loading.jl:2653 [inlined]
[0K  [5] macro expansion
[0K    @ ./lock.jl:376 [inlined]
[0K  [6] __require(into::Module, mod::Symbol)
[0K    @ Base ./loading.jl:2617
[0K  [7] require
[0K    @ ./loading.jl:2593 [inlined]
[0K  [8] eval_import_path
[0K    @ ./module.jl:36 [inlined]
[0K  [9] eval_import_path_all(at::Module, path::Expr, keyword::String)
[0K    @ Base ./module.jl:60
[0K [10] _eval_import(::Bool, ::Module, ::Expr, ::Expr, ::Vararg{Expr})
[0K    @ Base ./module.jl:101
[0K [11] top-level scope
[0K    @ /workdir/depot/packages/DifferentiationInterface/6H4dc/ext/DifferentiationInterfaceMooncakeExt/DifferentiationInterfaceMooncakeExt.jl:5
[0K [12] include(mod::Module, _path::String)
[0K    @ Base ./Base.jl:309
[0K [13] include_package_for_output(pkg::Base.PkgId, input::String, syntax_version::VersionNumber, depot_path::Vector{String}, dl_load_path::Vector{String}, load_path::Vector{String}, concrete_deps::Vector{Pair{Base.PkgId, UInt128}}, source::Nothing)
[0K    @ Base ./loading.jl:3309
[0K [14] top-level scope
[0K    @ stdin:5
[0K [15] eval(m::Module, e::Any)
[0K    @ Core ./boot.jl:489
[0K [16] include_string(mapexpr::typeof(identity), mod::Module, code::String, filename::String)
[0K    @ Base ./loading.jl:3151
[0K [17] include_string
[0K    @ ./loading.jl:3161 [inlined]
[0K [18] exec_options(opts::Base.JLOptions)
[0K    @ Base ./client.jl:342
[0K [19] _start()
[0K    @ Base ./client.jl:585
[0Kin expression starting at /workdir/depot/packages/DifferentiationInterface/6H4dc/ext/DifferentiationInterfaceMooncakeExt/DifferentiationInterfaceMooncakeExt.jl:1
[0Kin expression starting at stdin:5
              ✗ DifferentiationInterface → DifferentiationInterfaceMooncakeExt
  61 dependencies successfully precompiled in 29 seconds. 9 already precompiled.
	Command being timed: "nice -n -10 timeout -k120 -v 3600 julia +nightly --project=M/Mooncake/Gradient-Of-Square-Norm -e using Pkg; @time @eval Pkg.precompile()"
	User time (seconds): 231.46
	System time (seconds): 15.24
	Percent of CPU this job got: 156%
	Elapsed (wall clock) time (h:mm:ss or m:ss): 2:37.34
	Average shared text size (kbytes): 0
	Average unshared data size (kbytes): 0
	Average stack size (kbytes): 0
	Average total size (kbytes): 0
	Maximum resident set size (kbytes): 2546108
	Average resident set size (kbytes): 0
	Major (requiring I/O) page faults: 338
	Minor (reclaiming a frame) page faults: 5534912
	Voluntary context switches: 13744
	Involuntary context switches: 4335
	Swaps: 0
	File system inputs: 0
	File system outputs: 535432
	Socket messages sent: 0
	Socket messages received: 0
	Signals delivered: 0
	Page size (bytes): 4096
	Exit status: 0
