nice: cannot set niceness: Permission denied
Precompiling packages...
  75495.4 ms  ✓ Pkg (serial)
  1 dependency successfully precompiled in 76 seconds
Precompiling packages...
   1538.7 ms  ✓ MistyClosures
   1717.7 ms  ✓ ExprTools
   1718.7 ms  ✓ StaticArraysCore
   1759.9 ms  ✓ Unicode
   1917.1 ms  ✓ Inflate
   1940.7 ms  ✓ SuiteSparse_jll
   1961.2 ms  ✓ Statistics
   2112.9 ms  ✓ ADTypes
   2225.9 ms  ✓ Serialization
   1138.2 ms  ✓ Preferences
    692.7 ms  ✓ PrecompileTools
   3853.1 ms  ✓ OrderedCollections
   2714.3 ms  ✓ Compat
   4850.3 ms  ✓ InteractiveUtils
    684.3 ms  ✓ Compat → CompatLinearAlgebraExt
   3221.7 ms  ✓ DifferentiationInterface
   6028.5 ms  ✓ MacroTools
   2717.3 ms  ✓ DataStructures
   1024.4 ms  ✓ SimpleTraits
   3040.3 ms  ✓ ChainRulesCore
    574.1 ms  ✓ DifferentiationInterface → DifferentiationInterfaceChainRulesCoreExt
    580.0 ms  ✓ ADTypes → ADTypesChainRulesCoreExt
   6602.4 ms  ✓ SparseArrays
   2857.1 ms  ✓ DispatchDoctor
    722.1 ms  ✓ Statistics → SparseArraysExt
    720.7 ms  ✓ DifferentiationInterface → DifferentiationInterfaceSparseArraysExt
    712.8 ms  ✓ DispatchDoctor → DispatchDoctorChainRulesCoreExt
   5621.1 ms  ✓ Test
   2052.5 ms  ✓ ChainRulesCore → ChainRulesCoreSparseArraysExt
   9107.3 ms  ✓ StaticArrays
    512.0 ms  ✓ StaticArrays → StaticArraysStatisticsExt
    510.1 ms  ✓ DifferentiationInterface → DifferentiationInterfaceStaticArraysExt
   1408.7 ms  ✓ StaticArrays → StaticArraysChainRulesCoreExt
   1868.7 ms  ✓ ArnoldiMethod
   4176.0 ms  ✓ Graphs
  95881.9 ms  ✓ Mooncake
   1331.9 ms  ✓ DifferentiationInterface → DifferentiationInterfaceMooncakeExt
  37 dependencies successfully precompiled in 116 seconds. 9 already precompiled.
	Command being timed: "nice -n -10 timeout -k120 -v 3600 julia +release --project=M/Mooncake/Gradient-Of-Square-Norm -e using Pkg; @time @eval Pkg.precompile()"
	User time (seconds): 377.56
	System time (seconds): 13.54
	Percent of CPU this job got: 203%
	Elapsed (wall clock) time (h:mm:ss or m:ss): 3:12.42
	Average shared text size (kbytes): 0
	Average unshared data size (kbytes): 0
	Average stack size (kbytes): 0
	Average total size (kbytes): 0
	Maximum resident set size (kbytes): 3154680
	Average resident set size (kbytes): 0
	Major (requiring I/O) page faults: 250
	Minor (reclaiming a frame) page faults: 4661480
	Voluntary context switches: 12232
	Involuntary context switches: 12370
	Swaps: 0
	File system inputs: 0
	File system outputs: 796320
	Socket messages sent: 0
	Socket messages received: 0
	Signals delivered: 0
	Page size (bytes): 4096
	Exit status: 0
