nice: cannot set niceness: Permission denied
Precompiling packages...
  73648.4 ms  ✓ Pkg (serial)
  1 dependency successfully precompiled in 74 seconds
Precompiling packages...
   2374.6 ms  ✓ DataValueInterfaces
   2474.5 ms  ✓ MistyClosures
   2545.3 ms  ✓ RealDot
   2561.8 ms  ✓ IteratorInterfaceExtensions
   2750.8 ms  ✓ Unicode
   2714.0 ms  ✓ DataAPI
   2965.1 ms  ✓ ExprTools
   3063.7 ms  ✓ Inflate
   3012.2 ms  ✓ SuiteSparse_jll
   3179.0 ms  ✓ Statistics
   3673.3 ms  ✓ Serialization
   3917.2 ms  ✓ ADTypes
   1991.8 ms  ✓ TableTraits
   2209.3 ms  ✓ StaticArraysCore
   2617.0 ms  ✓ Preferences
   3106.0 ms  ✓ Requires
   1400.8 ms  ✓ PrecompileTools
   1384.2 ms  ✓ Adapt
   7071.8 ms  ✓ ConstructionBase
   7348.3 ms  ✓ OrderedCollections
   1703.6 ms  ✓ ADTypes → ADTypesConstructionBaseExt
   1796.6 ms  ✓ ConstructionBase → ConstructionBaseLinearAlgebraExt
   2122.8 ms  ✓ GPUArraysCore
   6523.7 ms  ✓ Compat
   9788.3 ms  ✓ IrrationalConstants
   1078.3 ms  ✓ Compat → CompatLinearAlgebraExt
   8343.6 ms  ✓ InteractiveUtils
   7386.8 ms  ✓ DifferentiationInterface
  12113.6 ms  ✓ MacroTools
   5043.2 ms  ✓ DataStructures
   8912.9 ms  ✓ Distributed
   1336.0 ms  ✓ DifferentiationInterface → DifferentiationInterfaceGPUArraysCoreExt
   5653.7 ms  ✓ Tables
   1394.3 ms  ✓ SimpleTraits
   4349.8 ms  ✓ ChainRulesCore
  11525.2 ms  ✓ SparseArrays
    928.7 ms  ✓ DifferentiationInterface → DifferentiationInterfaceChainRulesCoreExt
    961.3 ms  ✓ ADTypes → ADTypesChainRulesCoreExt
   3088.5 ms  ✓ StructArrays
   3983.5 ms  ✓ DispatchDoctor
   1594.7 ms  ✓ Adapt → AdaptSparseArraysExt
   1681.5 ms  ✓ Statistics → SparseArraysExt
   1696.1 ms  ✓ DifferentiationInterface → DifferentiationInterfaceSparseArraysExt
   1746.4 ms  ✓ SuiteSparse
   1152.5 ms  ✓ StructArrays → StructArraysAdaptExt
   1161.4 ms  ✓ StructArrays → StructArraysLinearAlgebraExt
   1281.5 ms  ✓ DispatchDoctor → DispatchDoctorChainRulesCoreExt
   1397.0 ms  ✓ StructArrays → StructArraysSparseArraysExt
    745.5 ms  ✓ SparseInverseSubset
   3247.8 ms  ✓ ChainRulesCore → ChainRulesCoreSparseArraysExt
   7669.3 ms  ✓ Test
  13819.9 ms  ✓ StaticArrays
   1066.1 ms  ✓ Adapt → AdaptStaticArraysExt
   1065.6 ms  ✓ ConstructionBase → ConstructionBaseStaticArraysExt
   1065.1 ms  ✓ DifferentiationInterface → DifferentiationInterfaceStaticArraysExt
   1073.7 ms  ✓ StaticArrays → StaticArraysStatisticsExt
   2050.1 ms  ✓ StaticArrays → StaticArraysChainRulesCoreExt
   2066.9 ms  ✓ StructArrays → StructArraysStaticArraysExt
   2485.2 ms  ✓ ArnoldiMethod
   6060.0 ms  ✓ ChainRules
   3937.5 ms  ✓ Graphs
  36062.6 ms  ✓ Mooncake
   1111.7 ms  ✓ DifferentiationInterface → DifferentiationInterfaceMooncakeExt
  63 dependencies successfully precompiled in 64 seconds. 9 already precompiled.
	Command being timed: "nice -n -10 timeout -k120 -v 3600 julia +1.12.5 --project=M/Mooncake/Gradient-Of-Square-Norm -e using Pkg; @time @eval Pkg.precompile()"
	User time (seconds): 287.18
	System time (seconds): 17.89
	Percent of CPU this job got: 220%
	Elapsed (wall clock) time (h:mm:ss or m:ss): 2:18.60
	Average shared text size (kbytes): 0
	Average unshared data size (kbytes): 0
	Average stack size (kbytes): 0
	Average total size (kbytes): 0
	Maximum resident set size (kbytes): 2152704
	Average resident set size (kbytes): 0
	Major (requiring I/O) page faults: 294
	Minor (reclaiming a frame) page faults: 5201017
	Voluntary context switches: 14159
	Involuntary context switches: 11400
	Swaps: 0
	File system inputs: 0
	File system outputs: 607592
	Socket messages sent: 0
	Socket messages received: 0
	Signals delivered: 0
	Page size (bytes): 4096
	Exit status: 0
