nice: cannot set niceness: Permission denied
Precompiling packages...
    597.0 ms  ✓ MistyClosures
    664.3 ms  ✓ ExprTools
    772.6 ms  ✓ Compat
    961.1 ms  ✓ ADTypes
    861.3 ms  ✓ Preferences
    359.1 ms  ✓ Compat → CompatLinearAlgebraExt
    385.2 ms  ✓ PrecompileTools
    843.4 ms  ✓ DifferentiationInterface
   1963.5 ms  ✓ MacroTools
    976.0 ms  ✓ ChainRulesCore
   2721.4 ms  ✓ Test
    665.0 ms  ✓ ADTypes → ADTypesChainRulesCoreExt
    855.0 ms  ✓ DifferentiationInterface → DifferentiationInterfaceChainRulesCoreExt
   1339.0 ms  ✓ DispatchDoctor
    353.0 ms  ✓ DispatchDoctor → DispatchDoctorChainRulesCoreExt
  46589.4 ms  ✓ Mooncake
    744.5 ms  ✓ DifferentiationInterface → DifferentiationInterfaceMooncakeExt
  17 dependencies successfully precompiled in 52 seconds
	Command being timed: "nice -n -10 timeout -k120 -v 3600 julia +lts --project=M/Mooncake/Gradient-Of-Square-Norm -e using Pkg; @time @eval Pkg.precompile()"
	User time (seconds): 107.71
	System time (seconds): 4.28
	Percent of CPU this job got: 212%
	Elapsed (wall clock) time (h:mm:ss or m:ss): 0:52.81
	Average shared text size (kbytes): 0
	Average unshared data size (kbytes): 0
	Average stack size (kbytes): 0
	Average total size (kbytes): 0
	Maximum resident set size (kbytes): 2107700
	Average resident set size (kbytes): 0
	Major (requiring I/O) page faults: 93
	Minor (reclaiming a frame) page faults: 1355992
	Voluntary context switches: 24715
	Involuntary context switches: 4545
	Swaps: 0
	File system inputs: 0
	File system outputs: 299008
	Socket messages sent: 0
	Socket messages received: 0
	Signals delivered: 0
	Page size (bytes): 4096
	Exit status: 0
