nice: cannot set niceness: Permission denied
Precompiling packages...
 107697.9 ms  ✓ Pkg (serial)
  1 dependency successfully precompiled in 108 seconds
Precompiling packages...
   1383.8 ms  ✓ RealDot
   1472.3 ms  ✓ DataValueInterfaces
   1522.7 ms  ✓ IteratorInterfaceExtensions
   1758.5 ms  ✓ Unicode
   2086.9 ms  ✓ ExprTools
   2447.8 ms  ✓ Statistics
   2480.0 ms  ✓ DataAPI
   2773.9 ms  ✓ Inflate
   1113.2 ms  ✓ TableTraits
   2865.1 ms  ✓ MistyClosures
   3682.2 ms  ✓ SuiteSparse_jll
   2638.2 ms  ✓ Requires
   2796.1 ms  ✓ StaticArraysCore
   4299.0 ms  ✓ Serialization
   1892.9 ms  ✓ Preferences
   4472.7 ms  ✓ ADTypes
   1865.1 ms  ✓ Adapt
   1622.6 ms  ✓ PrecompileTools
   8036.7 ms  ✓ ConstructionBase
   8380.7 ms  ✓ OrderedCollections
   2617.8 ms  ✓ GPUArraysCore
   9012.8 ms  ✓ IrrationalConstants
   7246.8 ms  ✓ Compat
   1908.1 ms  ✓ ADTypes → ADTypesConstructionBaseExt
   2012.8 ms  ✓ ConstructionBase → ConstructionBaseLinearAlgebraExt
   9089.0 ms  ✓ InteractiveUtils
   1432.1 ms  ✓ Compat → CompatLinearAlgebraExt
   8791.2 ms  ✓ DifferentiationInterface
   5311.7 ms  ✓ DataStructures
  13967.5 ms  ✓ MacroTools
   1608.1 ms  ✓ DifferentiationInterface → DifferentiationInterfaceGPUArraysCoreExt
   6804.8 ms  ✓ Tables
  10909.6 ms  ✓ Distributed
   2130.5 ms  ✓ SimpleTraits
   6514.4 ms  ✓ ChainRulesCore
   1100.8 ms  ✓ DifferentiationInterface → DifferentiationInterfaceChainRulesCoreExt
   1195.2 ms  ✓ ADTypes → ADTypesChainRulesCoreExt
   3410.6 ms  ✓ StructArrays
  14808.7 ms  ✓ SparseArrays
   1358.3 ms  ✓ StructArrays → StructArraysAdaptExt
   5901.2 ms  ✓ DispatchDoctor
   1499.7 ms  ✓ StructArrays → StructArraysLinearAlgebraExt
   1996.6 ms  ✓ SuiteSparse
   2151.2 ms  ✓ StructArrays → StructArraysSparseArraysExt
   2203.1 ms  ✓ Statistics → SparseArraysExt
   2242.1 ms  ✓ DifferentiationInterface → DifferentiationInterfaceSparseArraysExt
   2260.9 ms  ✓ Adapt → AdaptSparseArraysExt
   1659.7 ms  ✓ DispatchDoctor → DispatchDoctorChainRulesCoreExt
   1182.8 ms  ✓ SparseInverseSubset
  12222.3 ms  ✓ Test
   4105.3 ms  ✓ ChainRulesCore → ChainRulesCoreSparseArraysExt
  19303.6 ms  ✓ StaticArrays
   1265.2 ms  ✓ Adapt → AdaptStaticArraysExt
   1319.0 ms  ✓ ConstructionBase → ConstructionBaseStaticArraysExt
   1443.9 ms  ✓ DifferentiationInterface → DifferentiationInterfaceStaticArraysExt
   1482.2 ms  ✓ StaticArrays → StaticArraysStatisticsExt
   2645.7 ms  ✓ StructArrays → StructArraysStaticArraysExt
   3115.1 ms  ✓ StaticArrays → StaticArraysChainRulesCoreExt
   3235.1 ms  ✓ ArnoldiMethod
   7755.6 ms  ✓ ChainRules
   5079.8 ms  ✓ Graphs
 118270.7 ms  ✓ Mooncake
   2038.8 ms  ✓ DifferentiationInterface → DifferentiationInterfaceMooncakeExt
  63 dependencies successfully precompiled in 154 seconds. 9 already precompiled.
	Command being timed: "nice -n -10 timeout -k120 -v 3600 julia +1.12.5 --project=M/Mooncake/Gradient-Of-Square-Norm -e using Pkg; @time @eval Pkg.precompile()"
	User time (seconds): 557.25
	System time (seconds): 20.75
	Percent of CPU this job got: 220%
	Elapsed (wall clock) time (h:mm:ss or m:ss): 4:22.71
	Average shared text size (kbytes): 0
	Average unshared data size (kbytes): 0
	Average stack size (kbytes): 0
	Average total size (kbytes): 0
	Maximum resident set size (kbytes): 2789240
	Average resident set size (kbytes): 0
	Major (requiring I/O) page faults: 265
	Minor (reclaiming a frame) page faults: 5593471
	Voluntary context switches: 13225
	Involuntary context switches: 49188
	Swaps: 0
	File system inputs: 0
	File system outputs: 757440
	Socket messages sent: 0
	Socket messages received: 0
	Signals delivered: 0
	Page size (bytes): 4096
	Exit status: 0
