nice: cannot set niceness: Permission denied
Precompiling packages...
    550.1 ms  ✓ MistyClosures
    578.9 ms  ✓ ExprTools
    827.4 ms  ✓ Compat
    763.5 ms  ✓ Preferences
    341.7 ms  ✓ Compat → CompatLinearAlgebraExt
    316.1 ms  ✓ PrecompileTools
   1837.7 ms  ✓ MacroTools
    766.9 ms  ✓ ADTypes
   1053.6 ms  ✓ ChainRulesCore
   2625.7 ms  ✓ Test
    624.0 ms  ✓ ADTypes → ADTypesChainRulesCoreExt
   1152.1 ms  ✓ DifferentiationInterface
   1315.9 ms  ✓ DispatchDoctor
    328.1 ms  ✓ DifferentiationInterface → DifferentiationInterfaceChainRulesCoreExt
    350.3 ms  ✓ DispatchDoctor → DispatchDoctorChainRulesCoreExt
  46214.6 ms  ✓ Mooncake
    744.2 ms  ✓ DifferentiationInterface → DifferentiationInterfaceMooncakeExt
  17 dependencies successfully precompiled in 51 seconds
	Command being timed: "nice -n -10 timeout -k120 -v 3600 julia +lts --project=M/Mooncake/Gradient-Of-Square-Norm -e using Pkg; @time @eval Pkg.precompile()"
	User time (seconds): 107.00
	System time (seconds): 4.48
	Percent of CPU this job got: 213%
	Elapsed (wall clock) time (h:mm:ss or m:ss): 0:52.32
	Average shared text size (kbytes): 0
	Average unshared data size (kbytes): 0
	Average stack size (kbytes): 0
	Average total size (kbytes): 0
	Maximum resident set size (kbytes): 2145236
	Average resident set size (kbytes): 0
	Major (requiring I/O) page faults: 90
	Minor (reclaiming a frame) page faults: 1364822
	Voluntary context switches: 23542
	Involuntary context switches: 4452
	Swaps: 0
	File system inputs: 0
	File system outputs: 303392
	Socket messages sent: 0
	Socket messages received: 0
	Signals delivered: 0
	Page size (bytes): 4096
	Exit status: 0
