nice: cannot set niceness: Permission denied
Precompiling packages...
   0.3 s  ✓ MistyClosures
   0.3 s  ✓ ExprTools
   0.4 s  ✓ CompilerSupportLibraries_jll
   0.5 s  ✓ Serialization
   0.3 s  ✓ Unicode
   0.4 s  ✓ Compat
   0.5 s  ✓ Preferences
   0.3 s  ✓ Compat → CompatLinearAlgebraExt
   1.0 s  ✓ InteractiveUtils
   1.6 s  ✓ MacroTools
   0.5 s  ✓ PrecompileTools
   1.0 s  ✓ ChainRulesCore
   0.9 s  ✓ ADTypes
   1.1 s  ✓ DispatchDoctor
   0.4 s  ✓ ADTypes → ADTypesChainRulesCoreExt
   0.4 s  ✓ DispatchDoctor → DispatchDoctorChainRulesCoreExt
   0.9 s  ✓ DifferentiationInterface
   0.4 s  ✓ DifferentiationInterface → DifferentiationInterfaceChainRulesCoreExt
   3.6 s  ✓ Test
  81.9 s  ✓ Mooncake
   0.8 s  ✓ DifferentiationInterface → DifferentiationInterfaceMooncakeExt
  21 dependencies successfully precompiled in 88 seconds. 9 already precompiled.
	Command being timed: "nice -n -10 timeout -k120 -v 3600 julia +alpha --project=M/Mooncake/Gradient-Of-Square-Norm -e using Pkg; @time @eval Pkg.precompile()"
	User time (seconds): 230.88
	System time (seconds): 9.46
	Percent of CPU this job got: 144%
	Elapsed (wall clock) time (h:mm:ss or m:ss): 2:45.76
	Average shared text size (kbytes): 0
	Average unshared data size (kbytes): 0
	Average stack size (kbytes): 0
	Average total size (kbytes): 0
	Maximum resident set size (kbytes): 2509512
	Average resident set size (kbytes): 0
	Major (requiring I/O) page faults: 274
	Minor (reclaiming a frame) page faults: 3643546
	Voluntary context switches: 12081
	Involuntary context switches: 2559
	Swaps: 0
	File system inputs: 0
	File system outputs: 658112
	Socket messages sent: 0
	Socket messages received: 0
	Signals delivered: 0
	Page size (bytes): 4096
	Exit status: 0
