nice: cannot set niceness: Permission denied
Precompiling packages...
   1430.4 ms  ✓ MozillaCACerts_jll
   1429.8 ms  ✓ nghttp2_jll
   1461.4 ms  ✓ OpenSSL_jll
   1708.8 ms  ✓ UUIDs
   1721.2 ms  ✓ Logging
   1720.8 ms  ✓ Zlib_jll
   1732.9 ms  ✓ Unicode
   1740.3 ms  ✓ Base64
   1754.5 ms  ✓ NetworkOptions
   1788.1 ms  ✓ CompilerSupportLibraries_jll
    643.7 ms  ✓ LibSSH2_jll
    599.9 ms  ✓ p7zip_jll
    691.1 ms  ✓ Printf
    515.7 ms  ✓ LibGit2_jll
    537.5 ms  ✓ LibCURL_jll
   3248.4 ms  ✓ ArgTools
    748.3 ms  ✓ LibCURL
    624.9 ms  ✓ Tar
   2950.8 ms  ✓ Dates
   2919.5 ms  ✓ LibGit2
    423.6 ms  ✓ TOML
   2981.8 ms  ✓ Downloads
   9199.9 ms  ✓ StyledStrings
   1653.3 ms  ✓ JuliaSyntaxHighlighting
   3670.4 ms  ✓ Markdown
  45903.5 ms  ✓ Pkg
  26 dependencies successfully precompiled in 60 seconds
Precompiling packages...
   2404.7 ms  ✓ RangeArrays
   2485.9 ms  ✓ MuladdMacro
   2555.7 ms  ✓ IteratorInterfaceExtensions
   2567.7 ms  ✓ PolygonOps
   2657.0 ms  ✓ IndirectArrays
   2756.2 ms  ✓ LaTeXStrings
   2851.9 ms  ✓ StatsAPI
   2925.0 ms  ✓ Contour
   2964.4 ms  ✓ TensorCore
   3437.2 ms  ✓ TriplotBase
   3485.6 ms  ✓ AbstractFFTs
   2773.9 ms  ✓ IntegerMathUtils
   2712.0 ms  ✓ OpenLibm_jll
   5307.0 ms  ✓ FillArrays
   3096.6 ms  ✓ InverseFunctions
   2973.9 ms  ✓ SuiteSparse_jll
   5848.1 ms  ✓ OffsetArrays
   3307.2 ms  ✓ Statistics
   3410.9 ms  ✓ IterTools
   3894.4 ms  ✓ Serialization
   2490.3 ms  ✓ DataValueInterfaces
   2799.4 ms  ✓ EnumX
   8229.8 ms  ✓ Format
   2530.7 ms  ✓ Reexport
   2890.4 ms  ✓ StableRNGs
   9250.8 ms  ✓ CEnum
   3308.0 ms  ✓ AbstractTrees
   4215.1 ms  ✓ Requires
   3106.2 ms  ✓ IntervalSets
   3700.6 ms  ✓ DocStringExtensions
   2990.4 ms  ✓ RoundingEmulator
   2900.8 ms  ✓ Mmap
   2891.8 ms  ✓ PtrArrays
   3106.5 ms  ✓ Extents
   2811.5 ms  ✓ PCRE2_jll
   2913.0 ms  ✓ Inflate
   3409.6 ms  ✓ TranscodingStreams
   9209.9 ms  ✓ Observables
   2507.3 ms  ✓ DataAPI
   2573.4 ms  ✓ CRC32c
   2905.9 ms  ✓ StaticArraysCore
   2897.9 ms  ✓ MappedArrays
  11203.4 ms  ✓ OrderedCollections
   2788.9 ms  ✓ Scratch
  12489.7 ms  ✓ Grisu
   2306.2 ms  ✓ TableTraits
   7575.0 ms  ✓ AdaptivePredicates
   3803.9 ms  ✓ Preferences
   3504.8 ms  ✓ Primes
   3205.2 ms  ✓ RelocatableFolders
   9784.4 ms  ✓ LazyModules
   2794.0 ms  ✓ StackViews
   9895.7 ms  ✓ ConstructionBase
   2915.3 ms  ✓ PaddedViews
  14064.7 ms  ✓ IrrationalConstants
   7504.5 ms  ✓ PkgVersion
   2594.9 ms  ✓ Ratios
   2888.0 ms  ✓ Adapt
   4603.3 ms  ✓ FillArrays → FillArraysStatisticsExt
  20830.8 ms  ✓ MacroTools
  24184.7 ms  ✓ BaseDirs
   2498.7 ms  ✓ IntervalSets → IntervalSetsRandomExt
  10731.4 ms  ✓ Compat
   7399.6 ms  ✓ SignedDistanceFields
  13362.4 ms  ✓ StructUtils
   9513.8 ms  ✓ NaNMath
   3102.7 ms  ✓ IntervalSets → IntervalSetsStatisticsExt
  13184.2 ms  ✓ InteractiveUtils
   3304.6 ms  ✓ AliasTables
   2572.9 ms  ✓ InverseFunctions → InverseFunctionsDatesExt
   2694.6 ms  ✓ Showoff
   2627.0 ms  ✓ PrecompileTools
   3108.0 ms  ✓ JLLWrappers
   2213.7 ms  ✓ ConstructionBase → ConstructionBaseIntervalSetsExt
   2311.3 ms  ✓ ConstructionBase → ConstructionBaseLinearAlgebraExt
   2717.9 ms  ✓ MosaicViews
   3196.7 ms  ✓ OffsetArrays → OffsetArraysAdaptExt
   3772.5 ms  ✓ LogExpFunctions
   2583.3 ms  ✓ Compat → CompatLinearAlgebraExt
   6403.6 ms  ✓ FFTA
   4184.4 ms  ✓ AxisArrays
   9193.4 ms  ✓ Missings
   9402.5 ms  ✓ DataStructures
   4308.3 ms  ✓ SimpleTraits
  10326.7 ms  ✓ ComputePipeline
   3795.5 ms  ✓ Libmount_jll
  11295.4 ms  ✓ Tables
   4211.8 ms  ✓ Graphite2_jll
  17326.2 ms  ✓ Distributed
   4483.3 ms  ✓ LLVMOpenMP_jll
  19008.3 ms  ✓ FixedPointNumbers
   4596.4 ms  ✓ Bzip2_jll
   4109.0 ms  ✓ Rmath_jll
   3405.7 ms  ✓ Xorg_libXau_jll
   3714.6 ms  ✓ libpng_jll
   3897.7 ms  ✓ libfdk_aac_jll
   3800.6 ms  ✓ Imath_jll
   3778.2 ms  ✓ Giflib_jll
   3717.4 ms  ✓ LAME_jll
   3860.6 ms  ✓ LERC_jll
   3901.2 ms  ✓ CRlibm_jll
   3985.4 ms  ✓ JpegTurbo_jll
   5003.7 ms  ✓ EarCut_jll
  23227.6 ms  ✓ FileIO
   4198.3 ms  ✓ XZ_jll
   4710.4 ms  ✓ Ogg_jll
   4795.6 ms  ✓ Xorg_libXdmcp_jll
   4090.9 ms  ✓ x264_jll
   5017.6 ms  ✓ x265_jll
   4103.8 ms  ✓ Zstd_jll
   5024.8 ms  ✓ libaom_jll
  26817.2 ms  ✓ SparseArrays
   3788.3 ms  ✓ LZO_jll
   4015.7 ms  ✓ Expat_jll
   3390.7 ms  ✓ Xorg_xtrans_jll
   3715.4 ms  ✓ Opus_jll
   3795.4 ms  ✓ Libffi_jll
   3988.1 ms  ✓ Libiconv_jll
   3808.0 ms  ✓ isoband_jll
   2605.5 ms  ✓ LogExpFunctions → LogExpFunctionsInverseFunctionsExt
   4083.8 ms  ✓ OpenSpecFun_jll
   3880.6 ms  ✓ Libuuid_jll
   3792.3 ms  ✓ OpenBLASConsistentFPCSR_jll
   4017.9 ms  ✓ FriBidi_jll
   2899.3 ms  ✓ SortingAlgorithms
   2488.2 ms  ✓ StructUtils → StructUtilsTablesExt
   2588.8 ms  ✓ Ratios → RatiosFixedPointNumbersExt
   3671.6 ms  ✓ SharedArrays
   6283.8 ms  ✓ FilePathsBase
   3808.7 ms  ✓ Pixman_jll
   3706.1 ms  ✓ FreeType2_jll
   5103.7 ms  ✓ ProgressMeter
   4100.9 ms  ✓ Rmath
   3519.6 ms  ✓ CRlibm
   3913.7 ms  ✓ libsixel_jll
   4305.6 ms  ✓ libvorbis_jll
   5204.0 ms  ✓ OpenEXR_jll
   3799.2 ms  ✓ Libtiff_jll
   3595.6 ms  ✓ WoodburyMatrices
  10594.2 ms  ✓ StructArrays
  10701.8 ms  ✓ QuadGK
   3409.3 ms  ✓ FillArrays → FillArraysSparseArraysExt
  13217.4 ms  ✓ ChainRulesCore
   3410.1 ms  ✓ Statistics → SparseArraysExt
   3092.3 ms  ✓ SuiteSparse
   3192.2 ms  ✓ Adapt → AdaptSparseArraysExt
   2320.2 ms  ✓ Isoband
   3096.1 ms  ✓ FilePathsBase → FilePathsBaseMmapExt
   4607.8 ms  ✓ GettextRuntime_jll
   2583.5 ms  ✓ StructArrays → StructArraysAdaptExt
   4109.3 ms  ✓ FilePaths
  14101.6 ms  ✓ ColorTypes
   3491.8 ms  ✓ AxisAlgorithms
   4689.6 ms  ✓ FreeType
  11471.5 ms  ✓ Xorg_libxcb_jll
   3409.6 ms  ✓ StructArrays → StructArraysSparseArraysExt
   2790.8 ms  ✓ StructArrays → StructArraysLinearAlgebraExt
   5486.2 ms  ✓ Fontconfig_jll
   2681.3 ms  ✓ AbstractFFTs → AbstractFFTsChainRulesCoreExt
   2795.3 ms  ✓ ColorTypes → StyledStringsExt
   4598.6 ms  ✓ PDMats
   4105.8 ms  ✓ Xorg_libX11_jll
   5526.6 ms  ✓ Glib_jll
   7104.6 ms  ✓ LogExpFunctions → LogExpFunctionsChainRulesCoreExt
  13304.5 ms  ✓ SpecialFunctions
   3398.0 ms  ✓ FillArrays → FillArraysPDMatsExt
   9876.8 ms  ✓ ChainRulesCore → ChainRulesCoreSparseArraysExt
   3773.7 ms  ✓ Xorg_libXrender_jll
   3805.8 ms  ✓ Xorg_libXext_jll
  45897.1 ms  ✓ StaticArrays
   9905.2 ms  ✓ QOI
   6212.1 ms  ✓ HypergeometricFunctions
   3508.8 ms  ✓ StaticArrays → StaticArraysStatisticsExt
  19113.2 ms  ✓ IntervalArithmetic
   5689.6 ms  ✓ Libglvnd_jll
   8605.8 ms  ✓ SpecialFunctions → SpecialFunctionsChainRulesCoreExt
   4902.0 ms  ✓ FillArrays → FillArraysStaticArraysExt
  16916.1 ms  ✓ StatsBase
   8502.0 ms  ✓ Cairo_jll
   6400.5 ms  ✓ ConstructionBase → ConstructionBaseStaticArraysExt
   6579.6 ms  ✓ Adapt → AdaptStaticArraysExt
   4704.9 ms  ✓ IntervalArithmetic → IntervalArithmeticSparseArraysExt
   4207.3 ms  ✓ IntervalArithmetic → IntervalArithmeticIntervalSetsExt
   5693.5 ms  ✓ IntervalArithmetic → IntervalArithmeticLinearAlgebraExt
  11013.1 ms  ✓ StaticArrays → StaticArraysChainRulesCoreExt
  22490.2 ms  ✓ ColorVectorSpace
  59033.2 ms  ✓ SIMD
   4712.8 ms  ✓ HarfBuzz_jll
   4905.7 ms  ✓ PDMats → StatsBaseExt
  59616.5 ms  ✓ Parsers
   7199.2 ms  ✓ libwebp_jll
   3596.5 ms  ✓ ColorVectorSpace → SpecialFunctionsExt
  12882.2 ms  ✓ StructArrays → StructArraysStaticArraysExt
  27498.5 ms  ✓ Colors
   3700.3 ms  ✓ libass_jll
   4601.7 ms  ✓ Pango_jll
   3095.7 ms  ✓ Animations
  16901.0 ms  ✓ StatsFuns
   6291.3 ms  ✓ FFMPEG_jll
   2510.0 ms  ✓ StatsFuns → StatsFunsInverseFunctionsExt
   6604.7 ms  ✓ OpenEXR
   8397.3 ms  ✓ Graphics
  15397.3 ms  ✓ Interpolations
   6496.2 ms  ✓ StatsFuns → StatsFunsChainRulesCoreExt
  16613.5 ms  ✓ ExactPredicates
  18481.5 ms  ✓ ColorSchemes
  22503.1 ms  ✓ JSON
  12704.4 ms  ✓ Cairo
 102604.8 ms  ✓ Unitful
   3893.8 ms  ✓ ColorBrewer
  19799.3 ms  ✓ Distributions
   2477.1 ms  ✓ Unitful → InverseFunctionsUnitfulExt
   2573.2 ms  ✓ Unitful → NaNMathExt
   2581.3 ms  ✓ Unitful → ConstructionBaseUnitfulExt
   2776.0 ms  ✓ Unitful → PrintfExt
   3304.5 ms  ✓ Interpolations → InterpolationsUnitfulExt
   4196.5 ms  ✓ Distributions → DistributionsChainRulesCoreExt
  18602.2 ms  ✓ DelaunayTriangulation
   2243.8 ms  ✓ KernelDensity
  52602.0 ms  ✓ GeometryBasics
  43270.2 ms  ✓ Automa
   3206.5 ms  ✓ Packing
  23940.5 ms  ✓ PlotUtils
   4762.7 ms  ✓ ShaderAbstractions
   5209.3 ms  ✓ FreeTypeAbstraction
  18802.0 ms  ✓ GridLayoutBase
  60686.4 ms  ✓ ImageCore
 126519.6 ms  ✓ REPL
   2103.6 ms  ✓ UnicodeFun
   2849.7 ms  ✓ ImageBase
   3048.3 ms  ✓ WebP
   3740.4 ms  ✓ JpegTurbo
   2109.9 ms  ✓ ImageAxes
   4978.3 ms  ✓ PNGFiles
   1652.7 ms  ✓ ImageMetadata
   9684.1 ms  ✓ Pkg → REPLExt
   4919.6 ms  ✓ Netpbm
  77647.5 ms  ✓ TiffImages
   4201.2 ms  ✓ Sixel
    856.1 ms  ✓ ImageIO
   5988.4 ms  ✓ MathTeXEngine
 121948.6 ms  ✓ Makie
  42947.1 ms  ✓ CairoMakie
  243 dependencies successfully precompiled in 335 seconds. 26 already precompiled.
	Command being timed: "nice -n -10 timeout -k120 -v 3600 julia +release --project=C/CairoMakie/Plot-A-Sine-Wave -e using Pkg; @time @eval Pkg.precompile()"
	User time (seconds): 1094.59
	System time (seconds): 66.32
	Percent of CPU this job got: 292%
	Elapsed (wall clock) time (h:mm:ss or m:ss): 6:36.56
	Average shared text size (kbytes): 0
	Average unshared data size (kbytes): 0
	Average stack size (kbytes): 0
	Average total size (kbytes): 0
	Maximum resident set size (kbytes): 4277384
	Average resident set size (kbytes): 0
	Major (requiring I/O) page faults: 1073
	Minor (reclaiming a frame) page faults: 16531872
	Voluntary context switches: 40401
	Involuntary context switches: 99890
	Swaps: 0
	File system inputs: 0
	File system outputs: 3032808
	Socket messages sent: 0
	Socket messages received: 0
	Signals delivered: 0
	Page size (bytes): 4096
	Exit status: 0
