nice: cannot set niceness: Permission denied
Precompiling packages...
   1473.7 ms  ✓ MozillaCACerts_jll
   1476.4 ms  ✓ UUIDs
   1475.9 ms  ✓ Logging
   1587.4 ms  ✓ CompilerSupportLibraries_jll
   1585.6 ms  ✓ Unicode
   1593.1 ms  ✓ nghttp2_jll
   1632.2 ms  ✓ Zlib_jll
   1703.6 ms  ✓ OpenSSL_jll
   1791.1 ms  ✓ NetworkOptions
   1830.9 ms  ✓ Base64
    511.0 ms  ✓ LibSSH2_jll
    620.6 ms  ✓ p7zip_jll
    698.3 ms  ✓ Printf
    449.7 ms  ✓ LibGit2_jll
    448.2 ms  ✓ LibCURL_jll
   3176.8 ms  ✓ ArgTools
    770.0 ms  ✓ LibCURL
    636.1 ms  ✓ Tar
   2944.8 ms  ✓ Dates
   3021.9 ms  ✓ LibGit2
    443.5 ms  ✓ TOML
   3013.4 ms  ✓ Downloads
   9076.8 ms  ✓ StyledStrings
   1675.0 ms  ✓ JuliaSyntaxHighlighting
   3713.0 ms  ✓ Markdown
  46283.9 ms  ✓ Pkg
  26 dependencies successfully precompiled in 61 seconds
Precompiling packages...
   2496.8 ms  ✓ IteratorInterfaceExtensions
   2499.0 ms  ✓ IndirectArrays
   2593.6 ms  ✓ RangeArrays
   2586.8 ms  ✓ PolygonOps
   2679.1 ms  ✓ Contour
   2701.3 ms  ✓ LaTeXStrings
   2695.9 ms  ✓ StatsAPI
   2787.4 ms  ✓ TensorCore
   3277.9 ms  ✓ TriplotBase
   3487.7 ms  ✓ AbstractFFTs
   4166.5 ms  ✓ Serialization
   2375.0 ms  ✓ TableTraits
   2695.1 ms  ✓ OpenLibm_jll
   5360.0 ms  ✓ FillArrays
   2903.8 ms  ✓ SuiteSparse_jll
   5773.7 ms  ✓ OffsetArrays
   3394.1 ms  ✓ Statistics
   3798.0 ms  ✓ IterTools
   2488.1 ms  ✓ DataValueInterfaces
   2731.6 ms  ✓ EnumX
   4197.0 ms  ✓ Requires
   2399.0 ms  ✓ Reexport
   8069.2 ms  ✓ Format
   2996.7 ms  ✓ StableRNGs
   3397.7 ms  ✓ DocStringExtensions
   9273.2 ms  ✓ CEnum
   3202.5 ms  ✓ IntervalSets
   3811.5 ms  ✓ AbstractTrees
   3200.7 ms  ✓ RoundingEmulator
   2605.4 ms  ✓ PtrArrays
   2710.7 ms  ✓ Mmap
   2686.0 ms  ✓ PCRE2_jll
   3089.2 ms  ✓ Extents
   3591.2 ms  ✓ TranscodingStreams
   8986.8 ms  ✓ Observables
   2760.6 ms  ✓ Inflate
   2998.0 ms  ✓ DataAPI
   2597.5 ms  ✓ CRC32c
  10208.5 ms  ✓ OrderedCollections
   2882.2 ms  ✓ StaticArraysCore
   2812.0 ms  ✓ MappedArrays
   2596.4 ms  ✓ Scratch
  12234.6 ms  ✓ Grisu
   2712.9 ms  ✓ InverseFunctions
   7601.3 ms  ✓ AdaptivePredicates
   3710.8 ms  ✓ Preferences
   8693.7 ms  ✓ LazyModules
   9095.4 ms  ✓ ConstructionBase
   5699.5 ms  ✓ LazyArtifacts
   2891.8 ms  ✓ PaddedViews
   2905.5 ms  ✓ StackViews
  13594.6 ms  ✓ IrrationalConstants
   7873.7 ms  ✓ PkgVersion
   2690.3 ms  ✓ Ratios
  10900.9 ms  ✓ StructUtils
  19093.8 ms  ✓ MacroTools
   2602.2 ms  ✓ IntervalSets → IntervalSetsRandomExt
   3604.7 ms  ✓ FillArrays → FillArraysStatisticsExt
   2446.7 ms  ✓ IntervalSets → IntervalSetsStatisticsExt
  23695.2 ms  ✓ BaseDirs
  10995.7 ms  ✓ Compat
   4506.3 ms  ✓ Adapt
   3093.4 ms  ✓ AliasTables
  10163.7 ms  ✓ NaNMath
   3351.8 ms  ✓ RelocatableFolders
   2487.9 ms  ✓ Showoff
   2493.0 ms  ✓ InverseFunctions → InverseFunctionsDatesExt
   2490.9 ms  ✓ PrecompileTools
   2967.5 ms  ✓ JLLWrappers
   2539.2 ms  ✓ ConstructionBase → ConstructionBaseIntervalSetsExt
   2430.8 ms  ✓ ConstructionBase → ConstructionBaseLinearAlgebraExt
  15930.0 ms  ✓ InteractiveUtils
   2764.5 ms  ✓ MosaicViews
   2525.7 ms  ✓ Compat → CompatLinearAlgebraExt
   3890.7 ms  ✓ LogExpFunctions
   2660.6 ms  ✓ OffsetArrays → OffsetArraysAdaptExt
   8800.0 ms  ✓ Missings
   4111.9 ms  ✓ AxisArrays
  16106.9 ms  ✓ Distributed
   9288.4 ms  ✓ DataStructures
  11010.7 ms  ✓ Tables
   4007.4 ms  ✓ Graphite2_jll
   3409.6 ms  ✓ Bzip2_jll
   3631.7 ms  ✓ LLVMOpenMP_jll
   3914.2 ms  ✓ Libmount_jll
   4004.4 ms  ✓ Rmath_jll
   3699.9 ms  ✓ Xorg_libXau_jll
   3906.1 ms  ✓ libpng_jll
  10618.8 ms  ✓ ComputePipeline
   3988.3 ms  ✓ libfdk_aac_jll
   3692.0 ms  ✓ LAME_jll
   4408.9 ms  ✓ Imath_jll
   4201.6 ms  ✓ Giflib_jll
  20217.7 ms  ✓ FixedPointNumbers
   3683.2 ms  ✓ LERC_jll
   3602.4 ms  ✓ EarCut_jll
   4377.1 ms  ✓ JpegTurbo_jll
   4697.2 ms  ✓ CRlibm_jll
   3601.5 ms  ✓ Ogg_jll
   4115.2 ms  ✓ XZ_jll
  22156.4 ms  ✓ FileIO
   7804.3 ms  ✓ IntelOpenMP_jll
   3804.4 ms  ✓ x264_jll
   4700.8 ms  ✓ libaom_jll
   4904.1 ms  ✓ Xorg_libXdmcp_jll
   5104.6 ms  ✓ x265_jll
   4394.4 ms  ✓ Expat_jll
   4614.1 ms  ✓ Zstd_jll
  28388.5 ms  ✓ SparseArrays
   3612.7 ms  ✓ LZO_jll
   3884.2 ms  ✓ Opus_jll
   3709.0 ms  ✓ Libiconv_jll
   3836.4 ms  ✓ Xorg_xtrans_jll
   7800.1 ms  ✓ oneTBB_jll
   3714.4 ms  ✓ Libffi_jll
   3694.7 ms  ✓ isoband_jll
   3807.3 ms  ✓ FFTW_jll
   4096.6 ms  ✓ OpenSpecFun_jll
   3516.3 ms  ✓ Libuuid_jll
   3991.8 ms  ✓ FriBidi_jll
   2294.1 ms  ✓ LogExpFunctions → LogExpFunctionsInverseFunctionsExt
   3601.0 ms  ✓ OpenBLASConsistentFPCSR_jll
   4290.9 ms  ✓ SimpleTraits
   3699.3 ms  ✓ SharedArrays
   3003.6 ms  ✓ SortingAlgorithms
   2753.4 ms  ✓ StructUtils → StructUtilsTablesExt
   5911.2 ms  ✓ FilePathsBase
   4903.1 ms  ✓ ProgressMeter
   3588.8 ms  ✓ FreeType2_jll
   3788.5 ms  ✓ Pixman_jll
   2587.6 ms  ✓ Ratios → RatiosFixedPointNumbersExt
   3967.3 ms  ✓ Rmath
   3405.0 ms  ✓ CRlibm
   4891.8 ms  ✓ OpenEXR_jll
   3983.6 ms  ✓ libsixel_jll
   4314.8 ms  ✓ libvorbis_jll
   3931.7 ms  ✓ Libtiff_jll
  10752.6 ms  ✓ QuadGK
   3097.4 ms  ✓ SuiteSparse
  12903.1 ms  ✓ ChainRulesCore
   3407.1 ms  ✓ WoodburyMatrices
  10816.3 ms  ✓ StructArrays
   3499.7 ms  ✓ FillArrays → FillArraysSparseArraysExt
   2299.9 ms  ✓ Isoband
   3194.8 ms  ✓ Statistics → SparseArraysExt
   3209.4 ms  ✓ Adapt → AdaptSparseArraysExt
   2994.1 ms  ✓ FilePathsBase → FilePathsBaseMmapExt
   4237.5 ms  ✓ GettextRuntime_jll
   3804.2 ms  ✓ FilePaths
  13726.8 ms  ✓ ColorTypes
   6801.6 ms  ✓ MKL_jll
  11401.3 ms  ✓ Xorg_libxcb_jll
   4603.5 ms  ✓ FreeType
   2413.0 ms  ✓ AbstractFFTs → AbstractFFTsChainRulesCoreExt
   5598.1 ms  ✓ Fontconfig_jll
   4886.7 ms  ✓ PDMats
   3395.6 ms  ✓ AxisAlgorithms
   3610.3 ms  ✓ StructArrays → StructArraysAdaptExt
   3588.9 ms  ✓ StructArrays → StructArraysSparseArraysExt
   4008.3 ms  ✓ StructArrays → StructArraysLinearAlgebraExt
   7305.6 ms  ✓ LogExpFunctions → LogExpFunctionsChainRulesCoreExt
   5112.8 ms  ✓ Glib_jll
  44612.0 ms  ✓ StaticArrays
  27714.4 ms  ✓ Test
   4089.2 ms  ✓ ColorTypes → StyledStringsExt
  12787.7 ms  ✓ ChainRulesCore → ChainRulesCoreSparseArraysExt
  16899.9 ms  ✓ SpecialFunctions
   3885.4 ms  ✓ FillArrays → FillArraysPDMatsExt
   4593.3 ms  ✓ Xorg_libX11_jll
   3590.5 ms  ✓ StaticArrays → StaticArraysStatisticsExt
   3406.5 ms  ✓ ConstructionBase → ConstructionBaseStaticArraysExt
   4313.5 ms  ✓ SignedDistanceFields
   6412.0 ms  ✓ Adapt → AdaptStaticArraysExt
  17208.0 ms  ✓ StatsBase
   7600.6 ms  ✓ InverseFunctions → InverseFunctionsTestExt
  22999.1 ms  ✓ IntervalArithmetic
  56310.3 ms  ✓ SIMD
  13104.4 ms  ✓ StaticArrays → StaticArraysChainRulesCoreExt
  18490.3 ms  ✓ ColorVectorSpace
  10814.4 ms  ✓ AbstractFFTs → AbstractFFTsTestExt
   4094.9 ms  ✓ Xorg_libXrender_jll
  13313.2 ms  ✓ StructArrays → StructArraysStaticArraysExt
   7901.5 ms  ✓ QOI
   5108.9 ms  ✓ Xorg_libXext_jll
   2794.0 ms  ✓ IntervalArithmetic → IntervalArithmeticIntervalSetsExt
  61336.9 ms  ✓ Parsers
   4784.1 ms  ✓ PDMats → StatsBaseExt
   3925.6 ms  ✓ IntervalArithmetic → IntervalArithmeticSparseArraysExt
  10286.4 ms  ✓ FilePathsBase → FilePathsBaseTestExt
   7488.9 ms  ✓ HypergeometricFunctions
   3212.7 ms  ✓ IntervalArithmetic → IntervalArithmeticLinearAlgebraExt
   2696.5 ms  ✓ ColorVectorSpace → SpecialFunctionsExt
  10496.2 ms  ✓ SpecialFunctions → SpecialFunctionsChainRulesCoreExt
   4118.8 ms  ✓ Cairo_jll
   4409.9 ms  ✓ Libglvnd_jll
   3991.9 ms  ✓ HarfBuzz_jll
  29412.7 ms  ✓ Colors
   5097.5 ms  ✓ libwebp_jll
   3138.4 ms  ✓ Animations
   4186.4 ms  ✓ libass_jll
   4686.8 ms  ✓ Pango_jll
  13984.6 ms  ✓ Interpolations
  12504.4 ms  ✓ StatsFuns
   6803.3 ms  ✓ OpenEXR
   2898.2 ms  ✓ StatsFuns → StatsFunsInverseFunctionsExt
   9177.3 ms  ✓ Graphics
   9598.0 ms  ✓ StatsFuns → StatsFunsChainRulesCoreExt
  11303.2 ms  ✓ FFMPEG_jll
  22388.2 ms  ✓ ExactPredicates
  29597.7 ms  ✓ JSON
  51813.3 ms  ✓ FFTW
 109792.9 ms  ✓ Unitful
  19887.6 ms  ✓ ColorSchemes
   2807.3 ms  ✓ Unitful → InverseFunctionsUnitfulExt
   2926.1 ms  ✓ Unitful → ConstructionBaseUnitfulExt
   3002.8 ms  ✓ Unitful → NaNMathExt
   3023.1 ms  ✓ Unitful → PrintfExt
   4509.5 ms  ✓ ColorBrewer
  17616.1 ms  ✓ Cairo
   3899.4 ms  ✓ Interpolations → InterpolationsUnitfulExt
  23117.6 ms  ✓ Distributions
   4871.6 ms  ✓ Distributions → DistributionsTestExt
  57822.6 ms  ✓ GeometryBasics
  20497.7 ms  ✓ DelaunayTriangulation
   7966.0 ms  ✓ Distributions → DistributionsChainRulesCoreExt
   4182.9 ms  ✓ Packing
   8788.3 ms  ✓ ShaderAbstractions
   7512.9 ms  ✓ KernelDensity
   9281.2 ms  ✓ FreeTypeAbstraction
  53807.5 ms  ✓ Automa
  25199.1 ms  ✓ PlotUtils
  15128.4 ms  ✓ GridLayoutBase
  52509.4 ms  ✓ ImageCore
   2279.5 ms  ✓ ImageBase
   2414.0 ms  ✓ WebP
   4498.5 ms  ✓ JpegTurbo
   6107.7 ms  ✓ ImageAxes
  10074.8 ms  ✓ PNGFiles
  11896.0 ms  ✓ ImageMetadata
  86806.1 ms  ✓ TiffImages
   4455.0 ms  ✓ Netpbm
 133272.5 ms  ✓ REPL
   1036.3 ms  ✓ UnicodeFun
   4079.2 ms  ✓ Pkg → REPLExt
   2537.4 ms  ✓ Sixel
    856.1 ms  ✓ ImageIO
   4305.7 ms  ✓ MathTeXEngine
 123854.8 ms  ✓ Makie
  43032.9 ms  ✓ CairoMakie
  249 dependencies successfully precompiled in 353 seconds. 26 already precompiled.
	Command being timed: "nice -n -10 timeout -k120 -v 3600 julia +1.12.3 --project=C/CairoMakie/Plot-A-Sine-Wave -e using Pkg; @time @eval Pkg.precompile()"
	User time (seconds): 1148.46
	System time (seconds): 68.01
	Percent of CPU this job got: 293%
	Elapsed (wall clock) time (h:mm:ss or m:ss): 6:54.98
	Average shared text size (kbytes): 0
	Average unshared data size (kbytes): 0
	Average stack size (kbytes): 0
	Average total size (kbytes): 0
	Maximum resident set size (kbytes): 4270424
	Average resident set size (kbytes): 0
	Major (requiring I/O) page faults: 961
	Minor (reclaiming a frame) page faults: 17040808
	Voluntary context switches: 42515
	Involuntary context switches: 117428
	Swaps: 0
	File system inputs: 0
	File system outputs: 3089696
	Socket messages sent: 0
	Socket messages received: 0
	Signals delivered: 0
	Page size (bytes): 4096
	Exit status: 0
