nice: cannot set niceness: Permission denied
Precompiling packages...
   2087.5 ms  ✓ MuladdMacro
   2101.8 ms  ✓ IteratorInterfaceExtensions
   2103.8 ms  ✓ IndirectArrays
   2097.8 ms  ✓ StatsAPI
   2112.0 ms  ✓ PolygonOps
   2255.0 ms  ✓ RangeArrays
   2202.2 ms  ✓ LaTeXStrings
   2192.0 ms  ✓ CEnum
   2283.7 ms  ✓ TensorCore
   2295.9 ms  ✓ Contour
   2466.0 ms  ✓ TriplotBase
   2813.6 ms  ✓ AbstractFFTs
   1883.7 ms  ✓ IntegerMathUtils
   2000.8 ms  ✓ TableTraits
   2083.2 ms  ✓ OpenLibm_jll
   4423.9 ms  ✓ FillArrays
   2396.6 ms  ✓ CompilerSupportLibraries_jll
   2476.5 ms  ✓ InverseFunctions
   2429.1 ms  ✓ SuiteSparse_jll
   4973.1 ms  ✓ OffsetArrays
   2883.5 ms  ✓ IterTools
   5276.4 ms  ✓ Format
   3184.0 ms  ✓ PkgVersion
   3107.6 ms  ✓ Preferences
   3499.5 ms  ✓ Grisu
   1765.3 ms  ✓ DataValueInterfaces
   2623.7 ms  ✓ Compat
   2120.3 ms  ✓ EnumX
   1708.0 ms  ✓ Reexport
   2594.9 ms  ✓ Observables
   1833.2 ms  ✓ Zlib_jll
   2207.0 ms  ✓ StableRNGs
   2511.5 ms  ✓ Requires
   3009.4 ms  ✓ OrderedCollections
   2713.4 ms  ✓ AbstractTrees
   2803.6 ms  ✓ DocStringExtensions
   2228.5 ms  ✓ RoundingEmulator
   1812.4 ms  ✓ PtrArrays
   2604.0 ms  ✓ IntervalSets
   2121.0 ms  ✓ PCRE2_jll
   2599.5 ms  ✓ Extents
   2461.9 ms  ✓ LazyModules
   2886.7 ms  ✓ Inflate
   2064.3 ms  ✓ DataAPI
   2301.6 ms  ✓ ConstructionBase
   8287.8 ms  ✓ Distributed
   4101.3 ms  ✓ TranscodingStreams
   2691.8 ms  ✓ Scratch
   2713.7 ms  ✓ StaticArraysCore
   2797.9 ms  ✓ MappedArrays
   5387.6 ms  ✓ UnicodeFun
   6291.2 ms  ✓ IrrationalConstants
   2214.8 ms  ✓ NaNMath
   3022.1 ms  ✓ Primes
   2604.4 ms  ✓ InverseFunctions → InverseFunctionsDatesExt
  10618.2 ms  ✓ MacroTools
   3900.1 ms  ✓ StructUtils
  13516.7 ms  ✓ BaseDirs
   2597.4 ms  ✓ PrecompileTools
   2216.4 ms  ✓ Showoff
   2808.4 ms  ✓ JLLWrappers
    ConstructionBaseLinearAlgebraExt Being precompiled by another process (pid: 2068110, pidfile: /workdir/depot/compiled/v1.10/ConstructionBaseLinearAlgebraExt/mc2IG_9L19s.ji.pidfile)
   2100.3 ms  ✓ Compat → CompatLinearAlgebraExt
   3183.7 ms  ✓ PaddedViews
   7280.2 ms  ✓ AdaptivePredicates
   2083.2 ms  ✓ Ratios
   2196.0 ms  ✓ Adapt
   1978.3 ms  ✓ AliasTables
   1605.7 ms  ✓ IntervalSets → IntervalSetsRandomExt
   3014.9 ms  ✓ ComputePipeline
   1607.6 ms  ✓ RelocatableFolders
   1782.2 ms  ✓ StackViews
   2066.2 ms  ✓ Missings
   2180.1 ms  ✓ SharedArrays
   1495.5 ms  ✓ StructUtils → StructUtilsStaticArraysCoreExt
   2892.9 ms  ✓ Tables
   2508.9 ms  ✓ LogExpFunctions
   3101.5 ms  ✓ FilePathsBase
   1826.1 ms  ✓ MosaicViews
   2790.3 ms  ✓ SimpleTraits
   1599.1 ms  ✓ Libmount_jll
   2124.1 ms  ✓ OpenSSL_jll
   1994.9 ms  ✓ Graphite2_jll
   6197.9 ms  ✓ DataStructures
   1977.3 ms  ✓ LLVMOpenMP_jll
   2109.5 ms  ✓ Bzip2_jll
   4527.1 ms  ✓ FFTA
   1993.5 ms  ✓ Xorg_libpciaccess_jll
   1991.5 ms  ✓ Rmath_jll
   2072.1 ms  ✓ libpng_jll
   1971.6 ms  ✓ libfdk_aac_jll
   2295.2 ms  ✓ Xorg_libXau_jll
   2411.9 ms  ✓ Giflib_jll
   2488.7 ms  ✓ Imath_jll
   2694.5 ms  ✓ LAME_jll
   2312.3 ms  ✓ EarCut_jll
   2789.5 ms  ✓ LERC_jll
   2621.5 ms  ✓ CRlibm_jll
  10322.4 ms  ✓ FileIO
   2727.3 ms  ✓ JpegTurbo_jll
   2716.0 ms  ✓ Ogg_jll
   2815.9 ms  ✓ XZ_jll
  13302.0 ms  ✓ SparseArrays
   2190.4 ms  ✓ x265_jll
   2225.3 ms  ✓ Xorg_libXdmcp_jll
  10288.8 ms  ✓ ConstructionBase → ConstructionBaseLinearAlgebraExt
   2609.4 ms  ✓ x264_jll
   2695.8 ms  ✓ libaom_jll
   2359.9 ms  ✓ Expat_jll
   2482.5 ms  ✓ Zstd_jll
ConstructionBaseIntervalSetsExt Waiting for background task / IO / timer.
[pid 2068110] waiting for IO to finish:
 Handle type        uv_handle_t->data
 timer              0x1b985830->0x71e16a23dff0
This means that a package has started a background task or event source that has not finished running. For precompilation to complete successfully, the event source needs to be closed explicitly. See the developer documentation on fixing precompilation hangs for more help.
   2107.7 ms  ✓ LZO_jll
   2176.5 ms  ✓ Opus_jll
   2204.2 ms  ✓ Xorg_xtrans_jll
   2195.3 ms  ✓ Libiconv_jll
   2295.7 ms  ✓ Libuuid_jll
   2321.0 ms  ✓ isoband_jll
   2505.8 ms  ✓ Libffi_jll
   2210.9 ms  ✓ FriBidi_jll
   2234.6 ms  ✓ OpenBLASConsistentFPCSR_jll
   1865.1 ms  ✓ OffsetArrays → OffsetArraysAdaptExt
   2304.5 ms  ✓ OpenSpecFun_jll
   2003.6 ms  ✓ StructUtils → StructUtilsTablesExt
   1825.1 ms  ✓ FilePathsBase → FilePathsBaseMmapExt
   3122.7 ms  ✓ ProgressMeter
   2084.1 ms  ✓ LogExpFunctions → LogExpFunctionsInverseFunctionsExt
   2389.1 ms  ✓ SortingAlgorithms
   3294.0 ms  ✓ AxisArrays
   2205.1 ms  ✓ Pixman_jll
   2428.7 ms  ✓ FreeType2_jll
   2717.1 ms  ✓ libdrm_jll
   5238.3 ms  ✓ ChainRulesCore
   3894.4 ms  ✓ QuadGK
   2306.4 ms  ✓ libsixel_jll
   2490.4 ms  ✓ CRlibm
   2509.8 ms  ✓ OpenEXR_jll
   2908.8 ms  ✓ Rmath
   2406.1 ms  ✓ libvorbis_jll
   2419.7 ms  ✓ SuiteSparse
   1590.7 ms  ✓ Isoband
   2788.3 ms  ✓ WoodburyMatrices
   3081.9 ms  ✓ Statistics
   2487.1 ms  ✓ Adapt → AdaptSparseArraysExt
   2716.9 ms  ✓ FillArrays → FillArraysSparseArraysExt
   2296.3 ms  ✓ Libtiff_jll
   2694.4 ms  ✓ GettextRuntime_jll
   2214.0 ms  ✓ FilePaths
   3599.4 ms  ✓ StructArrays
   2114.9 ms  ✓ ChainRulesCore → ChainRulesCoreSparseArraysExt
   2004.0 ms  ✓ AbstractFFTs → AbstractFFTsChainRulesCoreExt
   3018.0 ms  ✓ Fontconfig_jll
   3302.7 ms  ✓ FreeType
   2499.3 ms  ✓ AxisAlgorithms
  25699.1 ms  ✓ ConstructionBase → ConstructionBaseIntervalSetsExt
   3600.3 ms  ✓ PDMats
   2595.5 ms  ✓ FillArrays → FillArraysStatisticsExt
   7100.8 ms  ✓ Xorg_libxcb_jll
   2632.9 ms  ✓ IntervalSets → IntervalSetsStatisticsExt
   5486.2 ms  ✓ LogExpFunctions → LogExpFunctionsChainRulesCoreExt
   3102.5 ms  ✓ Glib_jll
   2102.1 ms  ✓ StructArrays → StructArraysLinearAlgebraExt
   5406.2 ms  ✓ SignedDistanceFields
   2091.1 ms  ✓ FillArrays → FillArraysPDMatsExt
   1607.9 ms  ✓ Xorg_libX11_jll
   7403.5 ms  ✓ IntervalArithmetic
   9902.6 ms  ✓ SpecialFunctions
   1980.5 ms  ✓ Xorg_libXfixes_jll
   2190.9 ms  ✓ Xorg_libXrender_jll
   2391.6 ms  ✓ Xorg_libXext_jll
   2980.7 ms  ✓ IntervalArithmetic → IntervalArithmeticLinearAlgebraExt
  27593.4 ms  ✓ StaticArrays
   8070.3 ms  ✓ StatsBase
   9294.6 ms  ✓ FixedPointNumbers
   2209.4 ms  ✓ libva_jll
   2392.4 ms  ✓ Cairo_jll
   3664.3 ms  ✓ HypergeometricFunctions
   2638.6 ms  ✓ Libglvnd_jll
   1623.3 ms  ✓ FillArrays → FillArraysStaticArraysExt
   1984.1 ms  ✓ StaticArrays → StaticArraysChainRulesCoreExt
   2102.6 ms  ✓ StaticArrays → StaticArraysStatisticsExt
   2007.1 ms  ✓ ConstructionBase → ConstructionBaseStaticArraysExt
   1874.7 ms  ✓ Adapt → AdaptStaticArraysExt
   5672.7 ms  ✓ SpecialFunctions → SpecialFunctionsChainRulesCoreExt
   2298.0 ms  ✓ StructArrays → StructArraysStaticArraysExt
   2291.3 ms  ✓ PDMats → StatsBaseExt
StructArraysAdaptExt Waiting for background task / IO / timer.
[pid 2070368] waiting for IO to finish:
 Handle type        uv_handle_t->data
 timer              0x3384b9a0->0x7196807887c0
This means that a package has started a background task or event source that has not finished running. For precompilation to complete successfully, the event source needs to be closed explicitly. See the developer documentation on fixing precompilation hangs for more help.
   2506.7 ms  ✓ Ratios → RatiosFixedPointNumbersExt
   2988.1 ms  ✓ HarfBuzz_jll
StructArraysSparseArraysExt Waiting for background task / IO / timer.
[pid 2070389] waiting for IO to finish:
 Handle type        uv_handle_t->data
 timer              0x13e49640->0x7f2ba9d22080
This means that a package has started a background task or event source that has not finished running. For precompilation to complete successfully, the event source needs to be closed explicitly. See the developer documentation on fixing precompilation hangs for more help.
IntervalArithmeticIntervalSetsExt Waiting for background task / IO / timer.
[pid 2070596] waiting for IO to finish:
 Handle type        uv_handle_t->data
 timer              0x38252d80->0x7239567a1420
This means that a package has started a background task or event source that has not finished running. For precompilation to complete successfully, the event source needs to be closed explicitly. See the developer documentation on fixing precompilation hangs for more help.
   5429.0 ms  ✓ libwebp_jll
   3512.4 ms  ✓ libass_jll
IntervalArithmeticSparseArraysExt Waiting for background task / IO / timer.
[pid 2070594] waiting for IO to finish:
 Handle type        uv_handle_t->data
 timer              0x233f4b60->0x70fcc7ceb280
This means that a package has started a background task or event source that has not finished running. For precompilation to complete successfully, the event source needs to be closed explicitly. See the developer documentation on fixing precompilation hangs for more help.
   6909.9 ms  ✓ ColorTypes
   4006.3 ms  ✓ Pango_jll
   6628.6 ms  ✓ StatsFuns
  37215.3 ms  ✓ Parsers
   2166.9 ms  ✓ StatsFuns → StatsFunsInverseFunctionsExt
   8333.5 ms  ✓ Interpolations
   4160.1 ms  ✓ FFMPEG_jll
  12128.1 ms  ✓ ExactPredicates
   4585.2 ms  ✓ QOI
  31513.1 ms  ✓ SIMD
   4507.0 ms  ✓ StatsFuns → StatsFunsChainRulesCoreExt
  21898.4 ms  ✓ StructArrays → StructArraysAdaptExt
  22391.9 ms  ✓ StructArrays → StructArraysSparseArraysExt
   6998.9 ms  ✓ ColorVectorSpace
   1117.8 ms  ✓ ColorVectorSpace → SpecialFunctionsExt
  22090.0 ms  ✓ IntervalArithmetic → IntervalArithmeticSparseArraysExt
  22399.0 ms  ✓ IntervalArithmetic → IntervalArithmeticIntervalSetsExt
   8236.3 ms  ✓ JSON
  11136.8 ms  ✓ Colors
   2267.7 ms  ✓ Animations
  12708.2 ms  ✓ Distributions
   2372.2 ms  ✓ Graphics
   3056.9 ms  ✓ OpenEXR
  10208.5 ms  ✓ DelaunayTriangulation
   4258.5 ms  ✓ ColorBrewer
   4201.1 ms  ✓ Distributions → DistributionsChainRulesCoreExt
   5415.1 ms  ✓ Cairo
  63003.7 ms  ✓ Unitful
   1686.9 ms  ✓ Unitful → PrintfExt
   3692.2 ms  ✓ KernelDensity
  30458.7 ms  ✓ GeometryBasics
  11285.0 ms  ✓ ColorSchemes
   1540.7 ms  ✓ Packing
   3706.9 ms  ✓ ShaderAbstractions
   5254.2 ms  ✓ FreeTypeAbstraction
  23185.3 ms  ✓ Automa
NaNMathExt Waiting for background task / IO / timer.
[pid 2071747] waiting for IO to finish:
 Handle type        uv_handle_t->data
 timer              0x16c584e0->0x72ad2a5d8280
This means that a package has started a background task or event source that has not finished running. For precompilation to complete successfully, the event source needs to be closed explicitly. See the developer documentation on fixing precompilation hangs for more help.
InverseFunctionsUnitfulExt Waiting for background task / IO / timer.
[pid 2071748] waiting for IO to finish:
 Handle type        uv_handle_t->data
 timer              0x2b9eeb00->0x73c5993d8130
This means that a package has started a background task or event source that has not finished running. For precompilation to complete successfully, the event source needs to be closed explicitly. See the developer documentation on fixing precompilation hangs for more help.
ConstructionBaseUnitfulExt Waiting for background task / IO / timer.
[pid 2071745] waiting for IO to finish:
 Handle type        uv_handle_t->data
 timer              0x3f837530->0x72b8363d80a0
This means that a package has started a background task or event source that has not finished running. For precompilation to complete successfully, the event source needs to be closed explicitly. See the developer documentation on fixing precompilation hangs for more help.
InterpolationsUnitfulExt Waiting for background task / IO / timer.
[pid 2071753] waiting for IO to finish:
 Handle type        uv_handle_t->data
 timer              0x2998fcb0->0x77964206a4d0
This means that a package has started a background task or event source that has not finished running. For precompilation to complete successfully, the event source needs to be closed explicitly. See the developer documentation on fixing precompilation hangs for more help.
   8943.8 ms  ✓ GridLayoutBase
   5160.1 ms  ✓ MathTeXEngine
  12901.9 ms  ✓ PlotUtils
  22907.5 ms  ✓ Unitful → ConstructionBaseUnitfulExt
  22964.7 ms  ✓ Unitful → InverseFunctionsUnitfulExt
  23089.6 ms  ✓ Unitful → NaNMathExt
  23106.4 ms  ✓ Interpolations → InterpolationsUnitfulExt
  31579.0 ms  ✓ ImageCore
  40634.8 ms  ✓ TiffImages
   3097.7 ms  ✓ WebP
   3195.7 ms  ✓ Sixel
   3216.0 ms  ✓ JpegTurbo
   3412.1 ms  ✓ ImageBase
   4562.8 ms  ✓ PNGFiles
   1632.7 ms  ✓ ImageAxes
    926.8 ms  ✓ ImageMetadata
    962.5 ms  ✓ Netpbm
    392.4 ms  ✓ ImageIO
  91991.7 ms  ✓ Makie
  32669.2 ms  ✓ CairoMakie
  243 dependencies successfully precompiled in 228 seconds
  9 dependencies had output during precompilation:
┌ Unitful → NaNMathExt
│  [pid 2071747] waiting for IO to finish:
│   Handle type        uv_handle_t->data
│   timer              0x16c584e0->0x72ad2a5d8280
│  This means that a package has started a background task or event source that has not finished running. For precompilation to complete successfully, the event source needs to be closed explicitly. See the developer documentation on fixing precompilation hangs for more help.
└  
┌ ConstructionBase → ConstructionBaseIntervalSetsExt
│  [pid 2068110] waiting for IO to finish:
│   Handle type        uv_handle_t->data
│   timer              0x1b985830->0x71e16a23dff0
│  This means that a package has started a background task or event source that has not finished running. For precompilation to complete successfully, the event source needs to be closed explicitly. See the developer documentation on fixing precompilation hangs for more help.
└  
┌ StructArrays → StructArraysAdaptExt
│  [pid 2070368] waiting for IO to finish:
│   Handle type        uv_handle_t->data
│   timer              0x3384b9a0->0x7196807887c0
│  This means that a package has started a background task or event source that has not finished running. For precompilation to complete successfully, the event source needs to be closed explicitly. See the developer documentation on fixing precompilation hangs for more help.
└  
┌ IntervalArithmetic → IntervalArithmeticSparseArraysExt
│  [pid 2070594] waiting for IO to finish:
│   Handle type        uv_handle_t->data
│   timer              0x233f4b60->0x70fcc7ceb280
│  This means that a package has started a background task or event source that has not finished running. For precompilation to complete successfully, the event source needs to be closed explicitly. See the developer documentation on fixing precompilation hangs for more help.
└  
┌ Unitful → InverseFunctionsUnitfulExt
│  [pid 2071748] waiting for IO to finish:
│   Handle type        uv_handle_t->data
│   timer              0x2b9eeb00->0x73c5993d8130
│  This means that a package has started a background task or event source that has not finished running. For precompilation to complete successfully, the event source needs to be closed explicitly. See the developer documentation on fixing precompilation hangs for more help.
└  
┌ IntervalArithmetic → IntervalArithmeticIntervalSetsExt
│  [pid 2070596] waiting for IO to finish:
│   Handle type        uv_handle_t->data
│   timer              0x38252d80->0x7239567a1420
│  This means that a package has started a background task or event source that has not finished running. For precompilation to complete successfully, the event source needs to be closed explicitly. See the developer documentation on fixing precompilation hangs for more help.
└  
┌ Unitful → ConstructionBaseUnitfulExt
│  [pid 2071745] waiting for IO to finish:
│   Handle type        uv_handle_t->data
│   timer              0x3f837530->0x72b8363d80a0
│  This means that a package has started a background task or event source that has not finished running. For precompilation to complete successfully, the event source needs to be closed explicitly. See the developer documentation on fixing precompilation hangs for more help.
└  
┌ Interpolations → InterpolationsUnitfulExt
│  [pid 2071753] waiting for IO to finish:
│   Handle type        uv_handle_t->data
│   timer              0x2998fcb0->0x77964206a4d0
│  This means that a package has started a background task or event source that has not finished running. For precompilation to complete successfully, the event source needs to be closed explicitly. See the developer documentation on fixing precompilation hangs for more help.
└  
┌ StructArrays → StructArraysSparseArraysExt
│  [pid 2070389] waiting for IO to finish:
│   Handle type        uv_handle_t->data
│   timer              0x13e49640->0x7f2ba9d22080
│  This means that a package has started a background task or event source that has not finished running. For precompilation to complete successfully, the event source needs to be closed explicitly. See the developer documentation on fixing precompilation hangs for more help.
└  
	Command being timed: "nice -n -10 timeout -k120 -v 3600 julia +lts --project=C/CairoMakie/Plot-A-Sine-Wave -e using Pkg; @time @eval Pkg.precompile()"
	User time (seconds): 601.48
	System time (seconds): 52.63
	Percent of CPU this job got: 285%
	Elapsed (wall clock) time (h:mm:ss or m:ss): 3:48.76
	Average shared text size (kbytes): 0
	Average unshared data size (kbytes): 0
	Average stack size (kbytes): 0
	Average total size (kbytes): 0
	Maximum resident set size (kbytes): 3804280
	Average resident set size (kbytes): 0
	Major (requiring I/O) page faults: 852
	Minor (reclaiming a frame) page faults: 12622886
	Voluntary context switches: 307585
	Involuntary context switches: 139387
	Swaps: 0
	File system inputs: 0
	File system outputs: 2602328
	Socket messages sent: 0
	Socket messages received: 0
	Signals delivered: 0
	Page size (bytes): 4096
	Exit status: 0
