nice: cannot set niceness: Permission denied
Precompiling packages...
   0.3 s  ✓ Reexport
   0.3 s  ✓ TensorCore
   0.5 s  ✓ MappedArrays
   0.5 s  ✓ ConstructionBase
   0.3 s  ✓ DataValueInterfaces
   0.3 s  ✓ CRC32c
   0.3 s  ✓ StatsAPI
   0.3 s  ✓ RoundingEmulator
   0.5 s  ✓ Observables
   1.1 s  ✓ IrrationalConstants
   0.4 s  ✓ PolygonOps
   1.0 s  ✓ Format
   0.6 s  ✓ IterTools
   0.4 s  ✓ CEnum
   1.9 s  ✓ MacroTools
   0.5 s  ✓ IntervalSets
   0.4 s  ✓ Inflate
   0.4 s  ✓ Contour
   0.3 s  ✓ LaTeXStrings
   0.4 s  ✓ Statistics
   0.5 s  ✓ TranscodingStreams
   0.4 s  ✓ StaticArraysCore
   0.4 s  ✓ StableRNGs
   0.3 s  ✓ PtrArrays
   0.4 s  ✓ Mmap
   0.3 s  ✓ DataAPI
   0.4 s  ✓ Adapt
   0.4 s  ✓ LazyModules
   0.3 s  ✓ CompositionsBase
   0.4 s  ✓ InverseFunctions
   0.5 s  ✓ AbstractTrees
   0.3 s  ✓ EnumX
   0.3 s  ✓ OpenLibm_jll
   1.2 s  ✓ AdaptivePredicates
   0.4 s  ✓ AbstractFFTs
   0.3 s  ✓ IntegerMathUtils
   0.3 s  ✓ IndirectArrays
   0.4 s  ✓ TriplotBase
   0.3 s  ✓ RangeArrays
   0.9 s  ✓ FillArrays
   0.4 s  ✓ DocStringExtensions
   0.5 s  ✓ OrderedCollections
   0.5 s  ✓ Serialization
   0.3 s  ✓ IteratorInterfaceExtensions
   0.4 s  ✓ SuiteSparse_jll
   0.6 s  ✓ Requires
   0.8 s  ✓ OffsetArrays
   0.5 s  ✓ Scratch
   0.4 s  ✓ Compat
   1.1 s  ✓ InteractiveUtils
   0.7 s  ✓ StructUtils
   0.4 s  ✓ ConstructionBase → ConstructionBaseLinearAlgebraExt
   0.7 s  ✓ Preferences
   0.3 s  ✓ IntervalSets → IntervalSetsRandomExt
   0.3 s  ✓ ConstructionBase → ConstructionBaseIntervalSetsExt
   1.1 s  ✓ PkgVersion
   0.3 s  ✓ IntervalSets → IntervalSetsStatisticsExt
   3.2 s  ✓ BaseDirs
   0.4 s  ✓ AliasTables
   1.0 s  ✓ SignedDistanceFields
   0.7 s  ✓ CodecZstd
   0.4 s  ✓ Missings
   0.4 s  ✓ InverseFunctions → InverseFunctionsDatesExt
   0.3 s  ✓ CompositionsBase → CompositionsBaseInverseFunctionsExt
   0.4 s  ✓ NaNMath
   0.5 s  ✓ Primes
   0.4 s  ✓ FillArrays → FillArraysStatisticsExt
   0.6 s  ✓ LogExpFunctions
   2.2 s  ✓ FixedPointNumbers
   0.3 s  ✓ TableTraits
   0.3 s  ✓ Ratios
   1.7 s  ✓ DataStructures
   1.7 s  ✓ Distributed
   0.4 s  ✓ PaddedViews
   0.3 s  ✓ OffsetArrays → OffsetArraysAdaptExt
   0.3 s  ✓ StackViews
   0.5 s  ✓ RelocatableFolders
   0.3 s  ✓ Compat → CompatLinearAlgebraExt
   0.6 s  ✓ SimpleTraits
   0.5 s  ✓ StructUtils → StructUtilsStaticArraysCoreExt
   3.7 s  ✓ SparseArrays
   0.7 s  ✓ PrecompileTools
   3.7 s  ✓ FileIO
   0.7 s  ✓ JLLWrappers
   0.9 s  ✓ ComputePipeline
   0.7 s  ✓ AxisArrays
   0.3 s  ✓ LogExpFunctions → LogExpFunctionsInverseFunctionsExt
   0.7 s  ✓ Gamma
   1.7 s  ✓ Accessors
   1.2 s  ✓ ColorTypes
   0.3 s  ✓ Ratios → RatiosFixedPointNumbersExt
   0.4 s  ✓ SortingAlgorithms
   1.1 s  ✓ Tables
   0.4 s  ✓ SharedArrays
   0.8 s  ✓ QuadGK
   0.7 s  ✓ ProgressMeter
   0.4 s  ✓ MosaicViews
   0.5 s  ✓ WoodburyMatrices
   1.0 s  ✓ FilePathsBase
   1.2 s  ✓ ChainRulesCore
   0.5 s  ✓ Statistics → SparseArraysExt
   0.5 s  ✓ Adapt → AdaptSparseArraysExt
   0.5 s  ✓ SuiteSparse
   0.6 s  ✓ FillArrays → FillArraysSparseArraysExt
   0.6 s  ✓ CommonSolve
   0.9 s  ✓ MuladdMacro
  19.6 s  ✓ Unitful
   7.7 s  ✓ StaticArrays
   8.6 s  ✓ SIMD
   0.9 s  ✓ Libffi_jll
   0.7 s  ✓ EarCut_jll
   0.8 s  ✓ Bzip2_jll
   0.9 s  ✓ isoband_jll
   1.0 s  ✓ XZ_jll
   0.9 s  ✓ Rmath_jll
   0.7 s  ✓ Xorg_xtrans_jll
   0.9 s  ✓ Opus_jll
   0.9 s  ✓ x265_jll
   0.9 s  ✓ libpng_jll
   0.9 s  ✓ CRlibm_jll
   0.9 s  ✓ Imath_jll
   0.9 s  ✓ Libmount_jll
  12.7 s  ✓ Automa
   0.8 s  ✓ libfdk_aac_jll
   0.8 s  ✓ Libuuid_jll
   0.8 s  ✓ FriBidi_jll
   0.8 s  ✓ LERC_jll
   0.8 s  ✓ Xorg_libXau_jll
   0.7 s  ✓ Ogg_jll
   0.8 s  ✓ LAME_jll
   0.7 s  ✓ CoreMath_jll
   0.8 s  ✓ Graphite2_jll
   0.8 s  ✓ x264_jll
   0.8 s  ✓ Xorg_libpciaccess_jll
   0.8 s  ✓ LLVMOpenMP_jll
   0.9 s  ✓ Libiconv_jll
   0.9 s  ✓ libaom_jll
   0.9 s  ✓ Xorg_libXdmcp_jll
   0.9 s  ✓ Giflib_jll
   1.0 s  ✓ Expat_jll
   1.0 s  ✓ JpegTurbo_jll
   0.9 s  ✓ OpenBLASConsistentFPCSR_jll
   0.9 s  ✓ OpenSpecFun_jll
   0.6 s  ✓ Accessors → IntervalSetsExt
   0.6 s  ✓ Accessors → LinearAlgebraExt
   1.3 s  ✓ HypergeometricFunctions
   0.6 s  ✓ ColorTypes → StyledStringsExt
   1.0 s  ✓ StructArrays
   0.6 s  ✓ StructUtils → StructUtilsTablesExt
   2.5 s  ✓ ColorVectorSpace
   0.8 s  ✓ AxisAlgorithms
   0.6 s  ✓ FilePathsBase → FilePathsBaseMmapExt
   0.8 s  ✓ FilePaths
   0.5 s  ✓ AbstractFFTs → AbstractFFTsChainRulesCoreExt
   0.8 s  ✓ ChainRulesCore → ChainRulesCoreSparseArraysExt
   5.4 s  ✓ Colors
   1.6 s  ✓ LogExpFunctions → LogExpFunctionsChainRulesCoreExt
   1.2 s  ✓ PDMats
   1.3 s  ✓ FFTA
   3.1 s  ✓ StatsBase
   0.8 s  ✓ Unitful → ConstructionBaseUnitfulExt
   0.8 s  ✓ Unitful → PrintfExt
   0.8 s  ✓ Unitful → InverseFunctionsUnitfulExt
   0.8 s  ✓ Unitful → NaNMathExt
   0.8 s  ✓ Accessors → UnitfulExt
   0.8 s  ✓ StaticArrays → StaticArraysStatisticsExt
   0.8 s  ✓ StaticArrays → StaticArraysChainRulesCoreExt
   0.8 s  ✓ ConstructionBase → ConstructionBaseStaticArraysExt
   0.8 s  ✓ Adapt → AdaptStaticArraysExt
   0.9 s  ✓ FillArrays → FillArraysStaticArraysExt
   0.9 s  ✓ Accessors → StaticArraysExt
   0.6 s  ✓ Isoband
   1.1 s  ✓ FreeType2_jll
   0.9 s  ✓ Rmath
   0.7 s  ✓ CRlibm
   1.0 s  ✓ libvorbis_jll
   1.1 s  ✓ OpenEXR_jll
   0.6 s  ✓ CoreMath
   0.9 s  ✓ libdrm_jll
   0.9 s  ✓ Pixman_jll
   1.0 s  ✓ GettextRuntime_jll
   1.0 s  ✓ Libtiff_jll
   2.1 s  ✓ Xorg_libxcb_jll
   0.9 s  ✓ libsixel_jll
  30.1 s  ✓ Parsers
   1.4 s  ✓ QOI
   2.9 s  ✓ SpecialFunctions
   3.3 s  ✓ Roots
   0.8 s  ✓ StructArrays → StructArraysSparseArraysExt
   0.5 s  ✓ StructArrays → StructArraysLinearAlgebraExt
   0.5 s  ✓ StructArrays → StructArraysAdaptExt
   0.9 s  ✓ StructArrays → StructArraysStaticArraysExt
   0.7 s  ✓ Accessors → StructArraysExt
  12.1 s  ✓ GeometryBasics
   0.6 s  ✓ Animations
   0.6 s  ✓ Graphics
   0.7 s  ✓ FillArrays → FillArraysPDMatsExt
   0.6 s  ✓ PDMats → StatsBaseExt
  50.9 s  ✓ REPL
   0.7 s  ✓ FreeType
   1.6 s  ✓ Interpolations
   3.7 s  ✓ ColorSchemes
   1.0 s  ✓ Fontconfig_jll
   1.1 s  ✓ OpenEXR
   0.8 s  ✓ Xorg_libX11_jll
   2.1 s  ✓ IntervalArithmetic
   1.3 s  ✓ SpecialFunctions → SpecialFunctionsChainRulesCoreExt
   0.5 s  ✓ ColorVectorSpace → SpecialFunctionsExt
   0.9 s  ✓ StatsFuns
   0.5 s  ✓ Roots → RootsChainRulesCoreExt
   0.6 s  ✓ Roots → RootsUnitfulExt
   1.0 s  ✓ GeometryBasics → IntervalSetsExt
   1.1 s  ✓ Packing
  10.4 s  ✓ PlotUtils
  10.7 s  ✓ JSON
   1.9 s  ✓ ShaderAbstractions
   1.8 s  ✓ UnicodeFun
  20.1 s  ✓ ImageCore
   2.6 s  ✓ FreeTypeAbstraction
   8.8 s  ✓ GridLayoutBase
   1.3 s  ✓ Interpolations → InterpolationsUnitfulExt
   1.1 s  ✓ Xorg_libXfixes_jll
   5.7 s  ✓ Pkg → REPLExt
   2.2 s  ✓ ImageBase
   1.2 s  ✓ Xorg_libXrender_jll
   0.9 s  ✓ IntervalArithmetic → IntervalArithmeticSparseArraysExt
   1.1 s  ✓ Xorg_libXext_jll
   0.8 s  ✓ IntervalArithmetic → IntervalArithmeticIrrationalConstantsExt
   0.9 s  ✓ IntervalArithmetic → IntervalArithmeticLinearAlgebraExt
   0.6 s  ✓ IntervalArithmetic → IntervalArithmeticIntervalSetsExt
   0.6 s  ✓ StatsFuns → StatsFunsInverseFunctionsExt
   1.4 s  ✓ StatsFuns → StatsFunsChainRulesCoreExt
   2.1 s  ✓ ColorBrewer
   1.2 s  ✓ Glib_jll
   2.0 s  ✓ JpegTurbo
   1.7 s  ✓ ImageAxes
  31.1 s  ✓ TiffImages
   2.3 s  ✓ Sixel
   4.9 s  ✓ PNGFiles
   1.0 s  ✓ libva_jll
   1.2 s  ✓ Libglvnd_jll
   0.9 s  ✓ Cairo_jll
   0.9 s  ✓ ImageMetadata
   1.1 s  ✓ HarfBuzz_jll
   1.2 s  ✓ libwebp_jll
   5.3 s  ✓ MathTeXEngine
   3.3 s  ✓ ExactPredicates
   0.9 s  ✓ libass_jll
   0.9 s  ✓ Pango_jll
   1.4 s  ✓ Netpbm
   1.6 s  ✓ WebP
   4.6 s  ✓ Distributions
   1.1 s  ✓ FFMPEG_jll
   1.0 s  ✓ Cairo
   0.8 s  ✓ ImageIO
   0.8 s  ✓ Distributions → DistributionsChainRulesCoreExt
   1.0 s  ✓ KernelDensity
   3.4 s  ✓ DelaunayTriangulation
 132.5 s  ✓ Makie
   3.1 s  ✓ IntervalArithmetic → IntervalArithmeticMakieExt
  36.1 s  ✓ CairoMakie
  261 dependencies successfully precompiled in 266 seconds. 28 already precompiled.
	Command being timed: "nice -n -10 timeout -k120 -v 3600 julia +alpha --project=C/CairoMakie/Plot-A-Sine-Wave -e using Pkg; @time @eval Pkg.precompile()"
	User time (seconds): 713.89
	System time (seconds): 48.20
	Percent of CPU this job got: 229%
	Elapsed (wall clock) time (h:mm:ss or m:ss): 5:32.76
	Average shared text size (kbytes): 0
	Average unshared data size (kbytes): 0
	Average stack size (kbytes): 0
	Average total size (kbytes): 0
	Maximum resident set size (kbytes): 3984608
	Average resident set size (kbytes): 0
	Major (requiring I/O) page faults: 1404
	Minor (reclaiming a frame) page faults: 17068220
	Voluntary context switches: 64530
	Involuntary context switches: 21869
	Swaps: 0
	File system inputs: 48
	File system outputs: 2466808
	Socket messages sent: 0
	Socket messages received: 0
	Signals delivered: 0
	Page size (bytes): 4096
	Exit status: 0
