nice: cannot set niceness: Permission denied
Precompiling packages...
   0.3 s  ✓ Reexport
   0.3 s  ✓ TensorCore
   0.4 s  ✓ MappedArrays
   0.4 s  ✓ ConstructionBase
   0.3 s  ✓ DataValueInterfaces
   0.3 s  ✓ StatsAPI
   0.3 s  ✓ CRC32c
   0.3 s  ✓ RoundingEmulator
   0.4 s  ✓ Observables
   0.3 s  ✓ PolygonOps
   1.1 s  ✓ IrrationalConstants
   0.6 s  ✓ IterTools
   1.1 s  ✓ Format
   0.4 s  ✓ CEnum
   0.5 s  ✓ IntervalSets
   1.9 s  ✓ MacroTools
   0.4 s  ✓ Contour
   0.4 s  ✓ Inflate
   0.3 s  ✓ LaTeXStrings
   0.5 s  ✓ TranscodingStreams
   0.5 s  ✓ Statistics
   0.4 s  ✓ StaticArraysCore
   0.3 s  ✓ PtrArrays
   0.4 s  ✓ Mmap
   0.4 s  ✓ Adapt
   0.3 s  ✓ DataAPI
   0.4 s  ✓ LazyModules
   0.3 s  ✓ CompositionsBase
   0.4 s  ✓ InverseFunctions
   0.5 s  ✓ AbstractTrees
   1.2 s  ✓ AdaptivePredicates
   0.4 s  ✓ AbstractFFTs
   0.3 s  ✓ EnumX
   0.3 s  ✓ OpenLibm_jll
   0.3 s  ✓ IntegerMathUtils
   0.3 s  ✓ IndirectArrays
   0.4 s  ✓ TriplotBase
   0.3 s  ✓ RangeArrays
   0.4 s  ✓ DocStringExtensions
   0.5 s  ✓ OrderedCollections
   0.5 s  ✓ Serialization
   0.9 s  ✓ FillArrays
   0.3 s  ✓ IteratorInterfaceExtensions
   0.4 s  ✓ SuiteSparse_jll
   0.6 s  ✓ Requires
   0.9 s  ✓ OffsetArrays
   0.5 s  ✓ Scratch
   0.4 s  ✓ Compat
   1.1 s  ✓ InteractiveUtils
   0.8 s  ✓ StructUtils
   0.3 s  ✓ ConstructionBase → ConstructionBaseLinearAlgebraExt
   0.7 s  ✓ Preferences
   0.4 s  ✓ IntervalSets → IntervalSetsRandomExt
   0.3 s  ✓ ConstructionBase → ConstructionBaseIntervalSetsExt
   1.1 s  ✓ PkgVersion
   3.2 s  ✓ BaseDirs
   0.3 s  ✓ IntervalSets → IntervalSetsStatisticsExt
   0.7 s  ✓ CodecZstd
   0.9 s  ✓ SignedDistanceFields
   0.4 s  ✓ AliasTables
   0.4 s  ✓ Missings
   0.4 s  ✓ InverseFunctions → InverseFunctionsDatesExt
   0.3 s  ✓ CompositionsBase → CompositionsBaseInverseFunctionsExt
   0.4 s  ✓ NaNMath
   0.5 s  ✓ Primes
   0.6 s  ✓ LogExpFunctions
   2.1 s  ✓ FixedPointNumbers
   0.4 s  ✓ FillArrays → FillArraysStatisticsExt
   0.3 s  ✓ TableTraits
   0.3 s  ✓ Ratios
   1.8 s  ✓ DataStructures
   1.8 s  ✓ Distributed
   0.6 s  ✓ PaddedViews
   0.3 s  ✓ OffsetArrays → OffsetArraysAdaptExt
   0.3 s  ✓ StackViews
   0.5 s  ✓ RelocatableFolders
   0.3 s  ✓ Compat → CompatLinearAlgebraExt
   0.6 s  ✓ SimpleTraits
   0.4 s  ✓ StructUtils → StructUtilsStaticArraysCoreExt
   0.7 s  ✓ PrecompileTools
   3.8 s  ✓ SparseArrays
   3.6 s  ✓ FileIO
   0.7 s  ✓ JLLWrappers
   0.9 s  ✓ ComputePipeline
   0.7 s  ✓ AxisArrays
   0.3 s  ✓ LogExpFunctions → LogExpFunctionsInverseFunctionsExt
   0.7 s  ✓ Gamma
   1.7 s  ✓ Accessors
   1.2 s  ✓ ColorTypes
   0.3 s  ✓ Ratios → RatiosFixedPointNumbersExt
   0.5 s  ✓ SortingAlgorithms
   1.1 s  ✓ Tables
   0.4 s  ✓ SharedArrays
   0.8 s  ✓ QuadGK
   0.7 s  ✓ ProgressMeter
   0.4 s  ✓ MosaicViews
   1.1 s  ✓ ChainRulesCore
   1.0 s  ✓ FilePathsBase
   0.6 s  ✓ CommonSolve
   0.9 s  ✓ MuladdMacro
  20.0 s  ✓ Unitful
   8.6 s  ✓ SIMD
   8.1 s  ✓ StaticArrays
   0.6 s  ✓ WoodburyMatrices
   0.5 s  ✓ Statistics → SparseArraysExt
   0.5 s  ✓ Adapt → AdaptSparseArraysExt
   0.5 s  ✓ SuiteSparse
   0.6 s  ✓ FillArrays → FillArraysSparseArraysExt
   0.9 s  ✓ Libffi_jll
   0.9 s  ✓ EarCut_jll
   0.9 s  ✓ Bzip2_jll
   0.9 s  ✓ isoband_jll
   1.0 s  ✓ XZ_jll
   0.9 s  ✓ Rmath_jll
   0.7 s  ✓ Xorg_xtrans_jll
   0.9 s  ✓ Opus_jll
   0.9 s  ✓ x265_jll
   0.9 s  ✓ libpng_jll
   0.9 s  ✓ CRlibm_jll
  12.9 s  ✓ Automa
   0.8 s  ✓ Imath_jll
   0.7 s  ✓ Libmount_jll
   0.7 s  ✓ libfdk_aac_jll
   0.7 s  ✓ Libuuid_jll
   0.7 s  ✓ LERC_jll
   0.8 s  ✓ FriBidi_jll
   0.7 s  ✓ Xorg_libXau_jll
   0.8 s  ✓ Ogg_jll
   0.8 s  ✓ LAME_jll
   0.8 s  ✓ CoreMath_jll
   0.8 s  ✓ Graphite2_jll
   0.8 s  ✓ x264_jll
   0.8 s  ✓ Xorg_libpciaccess_jll
   0.9 s  ✓ LLVMOpenMP_jll
   0.9 s  ✓ Libiconv_jll
   1.0 s  ✓ libaom_jll
   0.9 s  ✓ Xorg_libXdmcp_jll
   0.9 s  ✓ Giflib_jll
   0.9 s  ✓ Expat_jll
   1.0 s  ✓ JpegTurbo_jll
   0.9 s  ✓ OpenBLASConsistentFPCSR_jll
   1.0 s  ✓ OpenSpecFun_jll
   0.7 s  ✓ Accessors → IntervalSetsExt
   0.6 s  ✓ Accessors → LinearAlgebraExt
   0.6 s  ✓ ColorTypes → StyledStringsExt
   1.4 s  ✓ HypergeometricFunctions
   0.9 s  ✓ StructArrays
   0.6 s  ✓ StructUtils → StructUtilsTablesExt
   2.5 s  ✓ ColorVectorSpace
   0.9 s  ✓ ChainRulesCore → ChainRulesCoreSparseArraysExt
   0.5 s  ✓ AbstractFFTs → AbstractFFTsChainRulesCoreExt
   0.6 s  ✓ FilePathsBase → FilePathsBaseMmapExt
   1.4 s  ✓ LogExpFunctions → LogExpFunctionsChainRulesCoreExt
   0.9 s  ✓ FilePaths
   5.3 s  ✓ Colors
   0.8 s  ✓ Unitful → ConstructionBaseUnitfulExt
   1.4 s  ✓ FFTA
   0.8 s  ✓ Unitful → PrintfExt
   0.8 s  ✓ Unitful → InverseFunctionsUnitfulExt
   0.8 s  ✓ Unitful → NaNMathExt
   0.9 s  ✓ Accessors → UnitfulExt
   0.8 s  ✓ StaticArrays → StaticArraysStatisticsExt
   0.9 s  ✓ StaticArrays → StaticArraysChainRulesCoreExt
   0.8 s  ✓ Adapt → AdaptStaticArraysExt
   0.9 s  ✓ ConstructionBase → ConstructionBaseStaticArraysExt
   0.9 s  ✓ FillArrays → FillArraysStaticArraysExt
   0.7 s  ✓ AxisAlgorithms
   0.8 s  ✓ Accessors → StaticArraysExt
   1.1 s  ✓ PDMats
   1.1 s  ✓ FreeType2_jll
   2.9 s  ✓ StatsBase
   0.6 s  ✓ Isoband
   0.8 s  ✓ Rmath
   0.7 s  ✓ CRlibm
   1.1 s  ✓ OpenEXR_jll
   1.0 s  ✓ libvorbis_jll
   0.6 s  ✓ CoreMath
   0.9 s  ✓ libdrm_jll
   0.9 s  ✓ Pixman_jll
   1.1 s  ✓ GettextRuntime_jll
  29.4 s  ✓ Parsers
   1.0 s  ✓ Libtiff_jll
   0.9 s  ✓ libsixel_jll
   2.1 s  ✓ Xorg_libxcb_jll
   1.5 s  ✓ QOI
   3.2 s  ✓ SpecialFunctions
   3.4 s  ✓ Roots
   0.9 s  ✓ StructArrays → StructArraysSparseArraysExt
   0.5 s  ✓ StructArrays → StructArraysLinearAlgebraExt
   0.5 s  ✓ StructArrays → StructArraysAdaptExt
  12.3 s  ✓ GeometryBasics
   0.6 s  ✓ Accessors → StructArraysExt
   0.8 s  ✓ StructArrays → StructArraysStaticArraysExt
   0.6 s  ✓ Animations
   0.6 s  ✓ Graphics
  50.7 s  ✓ REPL
   1.8 s  ✓ Interpolations
   0.5 s  ✓ FillArrays → FillArraysPDMatsExt
   0.8 s  ✓ FreeType
   1.0 s  ✓ Fontconfig_jll
   0.6 s  ✓ PDMats → StatsBaseExt
   3.8 s  ✓ ColorSchemes
   1.1 s  ✓ OpenEXR
   1.0 s  ✓ Glib_jll
   2.1 s  ✓ IntervalArithmetic
   0.8 s  ✓ Xorg_libX11_jll
   0.5 s  ✓ ColorVectorSpace → SpecialFunctionsExt
   1.3 s  ✓ SpecialFunctions → SpecialFunctionsChainRulesCoreExt
   0.9 s  ✓ StatsFuns
   0.5 s  ✓ Roots → RootsChainRulesCoreExt
   0.5 s  ✓ Roots → RootsUnitfulExt
   0.7 s  ✓ GeometryBasics → IntervalSetsExt
   0.8 s  ✓ Packing
   1.3 s  ✓ ShaderAbstractions
   1.3 s  ✓ UnicodeFun
   7.1 s  ✓ GridLayoutBase
  12.2 s  ✓ JSON
   1.6 s  ✓ Interpolations → InterpolationsUnitfulExt
   5.7 s  ✓ Pkg → REPLExt
   1.0 s  ✓ IntervalArithmetic → IntervalArithmeticSparseArraysExt
   0.9 s  ✓ IntervalArithmetic → IntervalArithmeticIrrationalConstantsExt
  18.9 s  ✓ ImageCore
   2.3 s  ✓ FreeTypeAbstraction
   0.6 s  ✓ IntervalArithmetic → IntervalArithmeticIntervalSetsExt
   0.9 s  ✓ IntervalArithmetic → IntervalArithmeticLinearAlgebraExt
   1.0 s  ✓ Xorg_libXfixes_jll
   1.0 s  ✓ Xorg_libXrender_jll
   0.9 s  ✓ Xorg_libXext_jll
   0.5 s  ✓ StatsFuns → StatsFunsInverseFunctionsExt
   1.4 s  ✓ StatsFuns → StatsFunsChainRulesCoreExt
   2.1 s  ✓ ColorBrewer
   1.9 s  ✓ ImageBase
   2.5 s  ✓ Sixel
   2.3 s  ✓ JpegTurbo
   5.7 s  ✓ PNGFiles
   1.3 s  ✓ Cairo_jll
  32.3 s  ✓ TiffImages
  12.5 s  ✓ PlotUtils
   1.2 s  ✓ libva_jll
   4.5 s  ✓ ExactPredicates
   1.2 s  ✓ Libglvnd_jll
   1.0 s  ✓ HarfBuzz_jll
   1.5 s  ✓ ImageAxes
   6.2 s  ✓ MathTeXEngine
   1.1 s  ✓ libwebp_jll
   0.8 s  ✓ libass_jll
   0.9 s  ✓ Pango_jll
   0.9 s  ✓ ImageMetadata
   1.1 s  ✓ FFMPEG_jll
   1.6 s  ✓ WebP
   1.0 s  ✓ Cairo
   4.6 s  ✓ Distributions
   3.9 s  ✓ DelaunayTriangulation
   1.1 s  ✓ Netpbm
   0.8 s  ✓ Distributions → DistributionsChainRulesCoreExt
   0.8 s  ✓ ImageIO
   1.0 s  ✓ KernelDensity
 136.6 s  ✓ Makie
   3.1 s  ✓ IntervalArithmetic → IntervalArithmeticMakieExt
  37.0 s  ✓ CairoMakie
  260 dependencies successfully precompiled in 272 seconds. 28 already precompiled.
	Command being timed: "nice -n -10 timeout -k120 -v 3600 julia +release --project=C/CairoMakie/Plot-A-Sine-Wave -e using Pkg; @time @eval Pkg.precompile()"
	User time (seconds): 726.00
	System time (seconds): 48.43
	Percent of CPU this job got: 227%
	Elapsed (wall clock) time (h:mm:ss or m:ss): 5:40.24
	Average shared text size (kbytes): 0
	Average unshared data size (kbytes): 0
	Average stack size (kbytes): 0
	Average total size (kbytes): 0
	Maximum resident set size (kbytes): 3982752
	Average resident set size (kbytes): 0
	Major (requiring I/O) page faults: 1180
	Minor (reclaiming a frame) page faults: 16909957
	Voluntary context switches: 64838
	Involuntary context switches: 29047
	Swaps: 0
	File system inputs: 24
	File system outputs: 2486112
	Socket messages sent: 0
	Socket messages received: 0
	Signals delivered: 0
	Page size (bytes): 4096
	Exit status: 0
