nice: cannot set niceness: Permission denied
Precompiling packages...
    418.2 ms  ✓ Reexport
    416.1 ms  ✓ CommonSolve
    541.6 ms  ✓ ConstructionBase
    491.1 ms  ✓ StaticArraysCore
    598.2 ms  ✓ Statistics
   1329.1 ms  ✓ IrrationalConstants
    888.9 ms  ✓ SuiteSparse_jll
    511.3 ms  ✓ BinaryHeaps
    755.5 ms  ✓ EnzymeCore
    511.0 ms  ✓ Adapt
    428.5 ms  ✓ SciMLPublic
    443.5 ms  ✓ Future
    887.0 ms  ✓ OrdinaryDiffEqRosenbrockTableaus
    434.9 ms  ✓ FastPower
    554.3 ms  ✓ InverseFunctions
    444.0 ms  ✓ CompositionsBase
    466.3 ms  ✓ EnumX
    493.9 ms  ✓ ExprTools
    451.0 ms  ✓ ConcreteStructs
    639.9 ms  ✓ OpenLibm_jll
    569.2 ms  ✓ DocStringExtensions
    679.1 ms  ✓ ADTypes
    453.1 ms  ✓ FastClosures
    415.8 ms  ✓ IteratorInterfaceExtensions
    720.6 ms  ✓ LoggingExtras
   5409.3 ms  ✓ MacroTools
    633.5 ms  ✓ Compat
   1422.9 ms  ✓ InteractiveUtils
    439.8 ms  ✓ ConstructionBase → ConstructionBaseLinearAlgebraExt
    617.5 ms  ✓ DiffResults
   3861.7 ms  ✓ FunctionWrappers
   1161.3 ms  ✓ LazyArtifacts
    503.0 ms  ✓ EnzymeCore → AdaptExt
    723.1 ms  ✓ ArrayInterface
    713.0 ms  ✓ GPUArraysCore
   4258.2 ms  ✓ TimerOutputs
    407.4 ms  ✓ CompositionsBase → CompositionsBaseInverseFunctionsExt
    547.3 ms  ✓ InverseFunctions → InverseFunctionsDatesExt
    506.8 ms  ✓ NaNMath
   2519.4 ms  ✓ Preferences
    714.1 ms  ✓ Serialization
    446.3 ms  ✓ ADTypes → ADTypesConstructionBaseExt
    659.5 ms  ✓ LogExpFunctions
    425.8 ms  ✓ ADTypes → ADTypesEnzymeCoreExt
    560.1 ms  ✓ CommonSubexpressions
    446.6 ms  ✓ Compat → CompatLinearAlgebraExt
   1094.0 ms  ✓ DifferentiationInterface
    417.9 ms  ✓ ArrayInterface → ArrayInterfaceStaticArraysCoreExt
    611.2 ms  ✓ FastBroadcast
    453.4 ms  ✓ ArrayInterface → ArrayInterfaceGPUArraysCoreExt
    760.4 ms  ✓ MaybeInplace
    693.2 ms  ✓ PrecompileTools
   1453.7 ms  ✓ Setfield
    816.7 ms  ✓ JLLWrappers
    868.1 ms  ✓ SciMLLogging
    770.3 ms  ✓ TruncatedStacktraces
    465.9 ms  ✓ RuntimeGeneratedFunctions
    400.9 ms  ✓ LogExpFunctions → LogExpFunctionsInverseFunctionsExt
    428.0 ms  ✓ DifferentiationInterface → DifferentiationInterfaceGPUArraysCoreExt
   2587.3 ms  ✓ Accessors
   2614.7 ms  ✓ Distributed
   2849.5 ms  ✓ FindFirstFunctions
   2498.2 ms  ✓ RecipesBase
    961.2 ms  ✓ SciMLStructures
   4568.1 ms  ✓ SparseArrays
   4073.1 ms  ✓ MuladdMacro
    784.4 ms  ✓ FiniteDiff
    940.5 ms  ✓ OpenSpecFun_jll
   1683.1 ms  ✓ PreallocationTools
    599.2 ms  ✓ Accessors → LinearAlgebraExt
   1356.0 ms  ✓ IntelOpenMP_jll
    848.8 ms  ✓ AMD
   4306.9 ms  ✓ FunctionWrappersWrappers
   1428.2 ms  ✓ oneTBB_jll
    623.1 ms  ✓ Statistics → SparseArraysExt
    606.7 ms  ✓ Adapt → AdaptSparseArraysExt
    588.4 ms  ✓ ArrayInterface → ArrayInterfaceSparseArraysExt
    617.2 ms  ✓ DifferentiationInterface → DifferentiationInterfaceSparseArraysExt
    603.8 ms  ✓ MaybeInplace → MaybeInplaceSparseArraysExt
    591.6 ms  ✓ FiniteDiff → FiniteDiffSparseArraysExt
    493.0 ms  ✓ DifferentiationInterface → DifferentiationInterfaceFiniteDiffExt
   2487.8 ms  ✓ SpecialFunctions
    546.7 ms  ✓ PreallocationTools → PreallocationToolsEnzymeCoreExt
   6588.7 ms  ✓ Krylov
   1971.6 ms  ✓ SciMLOperators
   1372.7 ms  ✓ SymbolicIndexingInterface
    780.9 ms  ✓ RespecializeParams
    896.2 ms  ✓ DiffRules
   1933.6 ms  ✓ MKL_jll
   9032.7 ms  ✓ SparseMatrixColorings
   1101.1 ms  ✓ SciMLOperators → SciMLOperatorsSparseArraysExt
   1132.3 ms  ✓ DifferentiationInterface → DifferentiationInterfaceSparseMatrixColoringsExt
  12197.1 ms  ✓ SparseColumnPivotedQR
    661.1 ms  ✓ SparseColumnPivotedQR → SparseColumnPivotedQRAMDExt
   3804.8 ms  ✓ ForwardDiff
    727.6 ms  ✓ FastPower → FastPowerForwardDiffExt
   5045.8 ms  ✓ RecursiveArrayTools
    879.8 ms  ✓ DifferentiationInterface → DifferentiationInterfaceForwardDiffExt
    615.9 ms  ✓ RecursiveArrayTools → RecursiveArrayToolsFastBroadcastExt
    637.7 ms  ✓ RecursiveArrayTools → RecursiveArrayToolsStatisticsExt
    853.5 ms  ✓ RecursiveArrayTools → RecursiveArrayToolsSparseArraysExt
   1666.8 ms  ✓ PreallocationTools → PreallocationToolsForwardDiffExt
    608.7 ms  ✓ RecursiveArrayTools → RecursiveArrayToolsForwardDiffExt
   7485.7 ms  ✓ SciMLBase
    719.4 ms  ✓ SciMLBase → SciMLBaseDifferentiationInterfaceExt
   1013.5 ms  ✓ SciMLBase → SciMLBaseForwardDiffExt
   2259.7 ms  ✓ SciMLJacobianOperators
   3995.6 ms  ✓ LineSearch
   5885.8 ms  ✓ NonlinearSolveBase
  31340.4 ms  ✓ PureKLU
    913.9 ms  ✓ NonlinearSolveBase → NonlinearSolveBaseLineSearchExt
   1116.2 ms  ✓ NonlinearSolveBase → NonlinearSolveBaseSparseMatrixColoringsExt
   1323.0 ms  ✓ NonlinearSolveBase → NonlinearSolveBaseSparseArraysExt
    828.1 ms  ✓ PureKLU → PureKLUForwardDiffExt
   2867.1 ms  ✓ BracketingNonlinearSolve
   1045.3 ms  ✓ BracketingNonlinearSolve → BracketingNonlinearSolveForwardDiffExt
   5629.4 ms  ✓ NonlinearSolveBase → NonlinearSolveBaseForwardDiffExt
   3086.2 ms  ✓ DiffEqBase
   1109.1 ms  ✓ DiffEqBase → DiffEqBaseSparseArraysExt
   4479.1 ms  ✓ DiffEqBase → DiffEqBaseForwardDiffExt
   3896.2 ms  ✓ OrdinaryDiffEqCore
   1773.7 ms  ✓ OrdinaryDiffEqCore → OrdinaryDiffEqCoreSparseArraysExt
  13415.2 ms  ✓ LinearSolve
  14299.1 ms  ✓ NonlinearSolveSpectralMethods
  12476.2 ms  ✓ SimpleNonlinearSolve
   3337.1 ms  ✓ LinearSolve → LinearSolveForwardDiffExt
   1784.9 ms  ✓ NonlinearSolveBase → NonlinearSolveBaseLinearSolveExt
   1192.9 ms  ✓ NonlinearSolveSpectralMethods → NonlinearSolveSpectralMethodsForwardDiffExt
   9142.6 ms  ✓ LinearSolve → LinearSolveSparseArraysExt
  11992.7 ms  ✓ OrdinaryDiffEqTsit5
   1653.8 ms  ✓ LinearSolve → LinearSolveEnzymeExt
   3203.8 ms  ✓ OrdinaryDiffEqDifferentiation
   1786.2 ms  ✓ OrdinaryDiffEqDifferentiation → OrdinaryDiffEqDifferentiationSparseArraysExt
  30657.4 ms  ✓ OrdinaryDiffEqVerner
  20346.8 ms  ✓ NonlinearSolveQuasiNewton
   1698.2 ms  ✓ NonlinearSolveQuasiNewton → NonlinearSolveQuasiNewtonForwardDiffExt
  40807.3 ms  ✓ NonlinearSolveFirstOrder
  35857.1 ms  ✓ OrdinaryDiffEqRosenbrock
  48519.9 ms  ✓ NonlinearSolve
   3331.3 ms  ✓ OrdinaryDiffEqNonlinearSolve
  41036.7 ms  ✓ OrdinaryDiffEqSDIRK
  15217.7 ms  ✓ OrdinaryDiffEqBDF
  71884.0 ms  ✓ OrdinaryDiffEqDefault
   2865.2 ms  ✓ OrdinaryDiffEq
  144 dependencies successfully precompiled in 297 seconds. 27 already precompiled.
	Command being timed: "nice -n -10 timeout -k120 -v 3600 julia +alpha --project=O/OrdinaryDiffEq/Solve-The-Lorenz-Equation -e using Pkg; @time @eval Pkg.precompile()"
	User time (seconds): 807.58
	System time (seconds): 37.98
	Percent of CPU this job got: 217%
	Elapsed (wall clock) time (h:mm:ss or m:ss): 6:29.29
	Average shared text size (kbytes): 0
	Average unshared data size (kbytes): 0
	Average stack size (kbytes): 0
	Average total size (kbytes): 0
	Maximum resident set size (kbytes): 2742708
	Average resident set size (kbytes): 0
	Major (requiring I/O) page faults: 874
	Minor (reclaiming a frame) page faults: 14255236
	Voluntary context switches: 31026
	Involuntary context switches: 14084
	Swaps: 0
	File system inputs: 0
	File system outputs: 1707744
	Socket messages sent: 0
	Socket messages received: 0
	Signals delivered: 0
	Page size (bytes): 4096
	Exit status: 0
