nice: cannot set niceness: Permission denied
Precompiling packages...
   1486.8 ms  ✓ UUIDs
   1590.4 ms  ✓ Zlib_jll
   1604.6 ms  ✓ Logging
   1760.6 ms  ✓ CompilerSupportLibraries_jll
   1853.7 ms  ✓ OpenSSL_jll
   1899.4 ms  ✓ Unicode
   1885.8 ms  ✓ nghttp2_jll
   1907.3 ms  ✓ MozillaCACerts_jll
   1923.0 ms  ✓ Base64
   2120.6 ms  ✓ NetworkOptions
    794.7 ms  ✓ LibSSH2_jll
    914.2 ms  ✓ p7zip_jll
   1000.2 ms  ✓ Printf
    702.5 ms  ✓ LibCURL_jll
    719.5 ms  ✓ LibGit2_jll
   1068.9 ms  ✓ LibCURL
   4667.1 ms  ✓ ArgTools
    963.3 ms  ✓ Tar
   4948.8 ms  ✓ Dates
   5286.7 ms  ✓ LibGit2
    841.6 ms  ✓ TOML
   4730.3 ms  ✓ Downloads
  15156.8 ms  ✓ StyledStrings
   3152.1 ms  ✓ JuliaSyntaxHighlighting
   4343.8 ms  ✓ Markdown
  57769.1 ms  ✓ Pkg
  26 dependencies successfully precompiled in 81 seconds
Precompiling packages...
   2434.1 ms  ✓ MuladdMacro
   2521.1 ms  ✓ EnumX
   2595.1 ms  ✓ ConcreteStructs
   2886.0 ms  ✓ InverseFunctions
   2930.0 ms  ✓ Reexport
   3080.9 ms  ✓ ExprTools
   3213.1 ms  ✓ Statistics
   3531.7 ms  ✓ OpenLibm_jll
   3606.4 ms  ✓ CommonSolve
   3694.5 ms  ✓ DocStringExtensions
   3799.4 ms  ✓ EnzymeCore
   4620.8 ms  ✓ Serialization
   2402.8 ms  ✓ IteratorInterfaceExtensions
   2596.2 ms  ✓ SuiteSparse_jll
   2221.1 ms  ✓ Future
   2643.8 ms  ✓ CompositionsBase
   2518.4 ms  ✓ SafeTestsets
   3589.7 ms  ✓ FastClosures
   3471.2 ms  ✓ SciMLPublic
   3420.5 ms  ✓ StaticArraysCore
   4570.4 ms  ✓ ADTypes
   3500.8 ms  ✓ FastPower
   3018.0 ms  ✓ LoggingExtras
   4613.4 ms  ✓ OrdinaryDiffEqRosenbrockTableaus
   8627.2 ms  ✓ OrderedCollections
   3989.2 ms  ✓ Requires
   2630.9 ms  ✓ InverseFunctions → InverseFunctionsDatesExt
   4781.6 ms  ✓ Preferences
  10205.4 ms  ✓ ConstructionBase
  10895.2 ms  ✓ FunctionWrappers
   2697.8 ms  ✓ CompositionsBase → CompositionsBaseInverseFunctionsExt
   2590.6 ms  ✓ DiffResults
   5809.8 ms  ✓ LazyArtifacts
   2495.9 ms  ✓ PrecompileTools
   3239.1 ms  ✓ Adapt
   3898.7 ms  ✓ ADTypes → ADTypesEnzymeCoreExt
  14200.0 ms  ✓ IrrationalConstants
   2900.0 ms  ✓ JLLWrappers
   9726.8 ms  ✓ Compat
   2409.2 ms  ✓ ConstructionBase → ConstructionBaseLinearAlgebraExt
   4503.6 ms  ✓ SciMLLogging
   2295.7 ms  ✓ ADTypes → ADTypesConstructionBaseExt
   3316.2 ms  ✓ GPUArraysCore
   2954.6 ms  ✓ EnzymeCore → AdaptExt
  10685.4 ms  ✓ NaNMath
   8498.4 ms  ✓ DataStructures
   3191.8 ms  ✓ LogExpFunctions
  11502.2 ms  ✓ RuntimeGeneratedFunctions
   2001.3 ms  ✓ Compat → CompatLinearAlgebraExt
  14979.1 ms  ✓ InteractiveUtils
   2009.7 ms  ✓ LogExpFunctions → LogExpFunctionsInverseFunctionsExt
   3901.8 ms  ✓ OpenSpecFun_jll
  18691.4 ms  ✓ MacroTools
   7874.1 ms  ✓ RecipesBase
  12696.4 ms  ✓ DifferentiationInterface
  14614.4 ms  ✓ Distributed
   6394.6 ms  ✓ oneTBB_jll
   6507.8 ms  ✓ IntelOpenMP_jll
   8978.3 ms  ✓ ArrayInterface
   2678.5 ms  ✓ CommonSubexpressions
   2818.6 ms  ✓ TruncatedStacktraces
   2170.7 ms  ✓ DifferentiationInterface → DifferentiationInterfaceGPUArraysCoreExt
   1994.6 ms  ✓ ArrayInterface → ArrayInterfaceStaticArraysCoreExt
   2212.6 ms  ✓ ArrayInterface → ArrayInterfaceGPUArraysCoreExt
   3102.4 ms  ✓ FastBroadcast
  19655.8 ms  ✓ TimerOutputs
   5220.1 ms  ✓ Setfield
   3698.7 ms  ✓ MaybeInplace
   4671.2 ms  ✓ MKL_jll
   4778.5 ms  ✓ PreallocationTools
   1132.6 ms  ✓ FiniteDiff
  20321.5 ms  ✓ SparseArrays
   1346.1 ms  ✓ DifferentiationInterface → DifferentiationInterfaceFiniteDiffExt
   6616.0 ms  ✓ SciMLStructures
   2066.9 ms  ✓ Adapt → AdaptSparseArraysExt
   9295.0 ms  ✓ SpecialFunctions
   2233.3 ms  ✓ FiniteDiff → FiniteDiffSparseArraysExt
   2275.5 ms  ✓ Statistics → SparseArraysExt
   2329.9 ms  ✓ MaybeInplace → MaybeInplaceSparseArraysExt
   2335.3 ms  ✓ ArrayInterface → ArrayInterfaceSparseArraysExt
   2385.5 ms  ✓ DifferentiationInterface → DifferentiationInterfaceSparseArraysExt
   6810.2 ms  ✓ FunctionWrappersWrappers
   9975.5 ms  ✓ Accessors
   1013.1 ms  ✓ DiffRules
    735.9 ms  ✓ Accessors → LinearAlgebraExt
   3894.3 ms  ✓ SymbolicIndexingInterface
   4744.0 ms  ✓ SciMLOperators
    871.5 ms  ✓ SciMLOperators → SciMLOperatorsStaticArraysCoreExt
   1359.3 ms  ✓ SciMLOperators → SciMLOperatorsSparseArraysExt
   8108.7 ms  ✓ ForwardDiff
   1693.9 ms  ✓ FastPower → FastPowerForwardDiffExt
  13202.3 ms  ✓ SparseMatrixColorings
   2518.4 ms  ✓ PreallocationTools → PreallocationToolsForwardDiffExt
  14297.3 ms  ✓ Krylov
   1342.2 ms  ✓ DifferentiationInterface → DifferentiationInterfaceSparseMatrixColoringsExt
   3452.4 ms  ✓ DifferentiationInterface → DifferentiationInterfaceForwardDiffExt
  10150.4 ms  ✓ RecursiveArrayTools
    733.2 ms  ✓ RecursiveArrayTools → RecursiveArrayToolsFastBroadcastExt
    803.1 ms  ✓ RecursiveArrayTools → RecursiveArrayToolsStatisticsExt
    861.4 ms  ✓ RecursiveArrayTools → RecursiveArrayToolsForwardDiffExt
   1148.3 ms  ✓ RecursiveArrayTools → RecursiveArrayToolsSparseArraysExt
   8682.4 ms  ✓ SciMLBase
    746.9 ms  ✓ SciMLBase → SciMLBaseDifferentiationInterfaceExt
   2062.6 ms  ✓ SciMLBase → SciMLBaseForwardDiffExt
   3387.3 ms  ✓ SciMLJacobianOperators
   9122.4 ms  ✓ LinearSolve
   5893.7 ms  ✓ LineSearch
   2831.6 ms  ✓ LinearSolve → LinearSolveForwardDiffExt
   7924.6 ms  ✓ NonlinearSolveBase
   2226.6 ms  ✓ NonlinearSolveBase → NonlinearSolveBaseLineSearchExt
   2449.5 ms  ✓ NonlinearSolveBase → NonlinearSolveBaseSparseArraysExt
   5444.9 ms  ✓ LinearSolve → LinearSolveSparseArraysExt
   2663.5 ms  ✓ NonlinearSolveBase → NonlinearSolveBaseSparseMatrixColoringsExt
   4393.7 ms  ✓ NonlinearSolveBase → NonlinearSolveBaseLinearSolveExt
   1999.9 ms  ✓ LinearSolve → LinearSolveEnzymeExt
   5240.6 ms  ✓ BracketingNonlinearSolve
   2077.5 ms  ✓ BracketingNonlinearSolve → BracketingNonlinearSolveForwardDiffExt
   7386.8 ms  ✓ NonlinearSolveBase → NonlinearSolveBaseForwardDiffExt
   4426.5 ms  ✓ DiffEqBase
   2447.9 ms  ✓ DiffEqBase → DiffEqBaseSparseArraysExt
  10694.0 ms  ✓ NonlinearSolveSpectralMethods
   1490.1 ms  ✓ NonlinearSolveSpectralMethods → NonlinearSolveSpectralMethodsForwardDiffExt
   6551.6 ms  ✓ DiffEqBase → DiffEqBaseForwardDiffExt
   7338.6 ms  ✓ OrdinaryDiffEqCore
  11934.3 ms  ✓ SimpleNonlinearSolve
   2692.3 ms  ✓ OrdinaryDiffEqCore → OrdinaryDiffEqCoreSparseArraysExt
  20030.9 ms  ✓ NonlinearSolveQuasiNewton
   9497.5 ms  ✓ OrdinaryDiffEqTsit5
   2841.2 ms  ✓ NonlinearSolveQuasiNewton → NonlinearSolveQuasiNewtonForwardDiffExt
   7781.0 ms  ✓ OrdinaryDiffEqDifferentiation
   1957.5 ms  ✓ OrdinaryDiffEqDifferentiation → OrdinaryDiffEqDifferentiationSparseArraysExt
  33194.1 ms  ✓ NonlinearSolveFirstOrder
  33012.0 ms  ✓ OrdinaryDiffEqVerner
  22891.4 ms  ✓ OrdinaryDiffEqRosenbrock
  45766.6 ms  ✓ NonlinearSolve
   4781.2 ms  ✓ OrdinaryDiffEqNonlinearSolve
  12244.2 ms  ✓ OrdinaryDiffEqSDIRK
   8329.8 ms  ✓ OrdinaryDiffEqBDF
  38884.3 ms  ✓ OrdinaryDiffEqDefault
   3345.2 ms  ✓ OrdinaryDiffEq
  140 dependencies successfully precompiled in 222 seconds. 26 already precompiled.
	Command being timed: "nice -n -10 timeout -k120 -v 3600 julia +1.12.6 --project=O/OrdinaryDiffEq/Solve-The-Lorenz-Equation -e using Pkg; @time @eval Pkg.precompile()"
	User time (seconds): 778.57
	System time (seconds): 43.08
	Percent of CPU this job got: 270%
	Elapsed (wall clock) time (h:mm:ss or m:ss): 5:03.50
	Average shared text size (kbytes): 0
	Average unshared data size (kbytes): 0
	Average stack size (kbytes): 0
	Average total size (kbytes): 0
	Maximum resident set size (kbytes): 2162884
	Average resident set size (kbytes): 0
	Major (requiring I/O) page faults: 723
	Minor (reclaiming a frame) page faults: 11445932
	Voluntary context switches: 27609
	Involuntary context switches: 49637
	Swaps: 0
	File system inputs: 0
	File system outputs: 1380824
	Socket messages sent: 0
	Socket messages received: 0
	Signals delivered: 0
	Page size (bytes): 4096
	Exit status: 0
