nice: cannot set niceness: Permission denied
Precompiling packages...
    425.3 ms  ✓ Reexport
    422.8 ms  ✓ CommonSolve
    557.2 ms  ✓ ConstructionBase
    506.4 ms  ✓ StaticArraysCore
    611.8 ms  ✓ Statistics
   1324.0 ms  ✓ IrrationalConstants
    484.7 ms  ✓ IfElse
   1014.1 ms  ✓ SuiteSparse_jll
    748.9 ms  ✓ EnzymeCore
    535.8 ms  ✓ ManualMemory
    458.3 ms  ✓ CommonWorldInvalidations
    429.9 ms  ✓ Future
    898.5 ms  ✓ SciMLPublic
    447.8 ms  ✓ FastPower
    559.5 ms  ✓ InverseFunctions
    464.2 ms  ✓ CompositionsBase
    466.0 ms  ✓ MuladdMacro
    486.0 ms  ✓ EnumX
    770.1 ms  ✓ OpenLibm_jll
   2240.9 ms  ✓ ExproniconLite
    502.4 ms  ✓ ExprTools
    476.9 ms  ✓ ConcreteStructs
   1107.9 ms  ✓ FillArrays
    646.9 ms  ✓ OrderedCollections
    751.1 ms  ✓ Serialization
    786.5 ms  ✓ ADTypes
    786.2 ms  ✓ DocStringExtensions
    534.4 ms  ✓ SIMDTypes
    553.6 ms  ✓ FastClosures
   5575.9 ms  ✓ MacroTools
    511.1 ms  ✓ IteratorInterfaceExtensions
    785.1 ms  ✓ Requires
    775.5 ms  ✓ CpuId
   1217.8 ms  ✓ GenericSchur
    566.9 ms  ✓ LoggingExtras
    608.2 ms  ✓ Compat
   1283.5 ms  ✓ InteractiveUtils
    467.4 ms  ✓ ConstructionBase → ConstructionBaseLinearAlgebraExt
    516.4 ms  ✓ DiffResults
   1002.1 ms  ✓ LazyArtifacts
   4110.3 ms  ✓ FunctionWrappers
    502.4 ms  ✓ InverseFunctions → InverseFunctionsDatesExt
    462.1 ms  ✓ CompositionsBase → CompositionsBaseInverseFunctionsExt
    532.1 ms  ✓ NaNMath
   1361.6 ms  ✓ ThreadingUtilities
   2287.2 ms  ✓ Preferences
    525.6 ms  ✓ FillArrays → FillArraysStatisticsExt
   1985.8 ms  ✓ Jieko
    473.2 ms  ✓ RuntimeGeneratedFunctions
   1838.4 ms  ✓ DataStructures
    416.9 ms  ✓ ADTypes → ADTypesConstructionBaseExt
    512.5 ms  ✓ ADTypes → ADTypesEnzymeCoreExt
   2758.2 ms  ✓ Distributed
   1320.6 ms  ✓ DifferentiationInterface
    814.9 ms  ✓ LogExpFunctions
   4088.4 ms  ✓ TimerOutputs
    667.8 ms  ✓ CommonSubexpressions
    588.7 ms  ✓ Adapt
    488.7 ms  ✓ Compat → CompatLinearAlgebraExt
    444.0 ms  ✓ FunctionWrappersWrappers
    486.6 ms  ✓ PrecompileTools
    598.2 ms  ✓ JLLWrappers
   4543.0 ms  ✓ SparseArrays
    668.2 ms  ✓ SciMLLogging
   1606.5 ms  ✓ Setfield
    612.5 ms  ✓ TruncatedStacktraces
    442.1 ms  ✓ LogExpFunctions → LogExpFunctionsInverseFunctionsExt
    635.0 ms  ✓ ArrayInterface
    590.6 ms  ✓ GPUArraysCore
    466.3 ms  ✓ EnzymeCore → AdaptExt
   2691.8 ms  ✓ Accessors
   1471.4 ms  ✓ ChainRulesCore
    725.9 ms  ✓ OpenSpecFun_jll
   1997.2 ms  ✓ RecipesBase
   1062.1 ms  ✓ IntelOpenMP_jll
   1144.3 ms  ✓ oneTBB_jll
    587.6 ms  ✓ Statistics → SparseArraysExt
    640.3 ms  ✓ FillArrays → FillArraysSparseArraysExt
    597.5 ms  ✓ DifferentiationInterface → DifferentiationInterfaceSparseArraysExt
    566.6 ms  ✓ Adapt → AdaptSparseArraysExt
   9870.9 ms  ✓ Moshi
    418.6 ms  ✓ ArrayInterface → ArrayInterfaceStaticArraysCoreExt
    887.4 ms  ✓ MaybeInplace
   7496.9 ms  ✓ Krylov
    711.1 ms  ✓ ArrayInterface → ArrayInterfaceSparseArraysExt
    795.0 ms  ✓ SciMLStructures
    595.0 ms  ✓ DifferentiationInterface → DifferentiationInterfaceGPUArraysCoreExt
   1591.8 ms  ✓ PreallocationTools
    669.8 ms  ✓ ArrayInterface → ArrayInterfaceGPUArraysCoreExt
    697.6 ms  ✓ Accessors → LinearAlgebraExt
    839.3 ms  ✓ ChainRulesCore → ChainRulesCoreSparseArraysExt
    680.0 ms  ✓ EnzymeCore → EnzymeCoreChainRulesCoreExt
    675.0 ms  ✓ ADTypes → ADTypesChainRulesCoreExt
    647.9 ms  ✓ DifferentiationInterface → DifferentiationInterfaceChainRulesCoreExt
    614.4 ms  ✓ ArrayInterface → ArrayInterfaceChainRulesCoreExt
  15352.3 ms  ✓ StaticArrays
   9688.7 ms  ✓ SparseMatrixColorings
   1531.4 ms  ✓ LogExpFunctions → LogExpFunctionsChainRulesCoreExt
    693.0 ms  ✓ FiniteDiff
    591.5 ms  ✓ MaybeInplace → MaybeInplaceSparseArraysExt
   1178.0 ms  ✓ MKL_jll
   2382.5 ms  ✓ SpecialFunctions
   1071.0 ms  ✓ SymbolicIndexingInterface
    608.9 ms  ✓ StaticArrays → StaticArraysStatisticsExt
   1648.1 ms  ✓ SciMLOperators
    698.4 ms  ✓ StaticArrays → StaticArraysChainRulesCoreExt
    767.1 ms  ✓ ConstructionBase → ConstructionBaseStaticArraysExt
    832.9 ms  ✓ FillArrays → FillArraysStaticArraysExt
    732.6 ms  ✓ DifferentiationInterface → DifferentiationInterfaceStaticArraysExt
    720.2 ms  ✓ Adapt → AdaptStaticArraysExt
    762.3 ms  ✓ Accessors → StaticArraysExt
    915.9 ms  ✓ DifferentiationInterface → DifferentiationInterfaceSparseMatrixColoringsExt
    716.2 ms  ✓ FiniteDiff → FiniteDiffStaticArraysExt
    728.3 ms  ✓ FiniteDiff → FiniteDiffSparseArraysExt
    679.0 ms  ✓ DifferentiationInterface → DifferentiationInterfaceFiniteDiffExt
    802.5 ms  ✓ DiffRules
   1714.4 ms  ✓ FastGaussQuadrature
   2072.1 ms  ✓ SpecialFunctions → SpecialFunctionsChainRulesCoreExt
    582.3 ms  ✓ SciMLOperators → SciMLOperatorsStaticArraysCoreExt
    793.4 ms  ✓ SciMLOperators → SciMLOperatorsSparseArraysExt
    840.5 ms  ✓ NLSolversBase
    897.9 ms  ✓ LineSearches
   4999.2 ms  ✓ RecursiveArrayTools
   3900.7 ms  ✓ ForwardDiff
    718.3 ms  ✓ RecursiveArrayTools → RecursiveArrayToolsStatisticsExt
    952.3 ms  ✓ RecursiveArrayTools → RecursiveArrayToolsSparseArraysExt
    686.0 ms  ✓ FastPower → FastPowerForwardDiffExt
    883.7 ms  ✓ ForwardDiff → ForwardDiffStaticArraysExt
    766.8 ms  ✓ DifferentiationInterface → DifferentiationInterfaceForwardDiffExt
  27812.3 ms  ✓ Static
    596.1 ms  ✓ RecursiveArrayTools → RecursiveArrayToolsForwardDiffExt
    482.3 ms  ✓ BitTwiddlingConvenienceFunctions
   1359.2 ms  ✓ PreallocationTools → PreallocationToolsForwardDiffExt
    955.4 ms  ✓ CPUSummary
    563.9 ms  ✓ PolyesterWeave
   9509.4 ms  ✓ SciMLBase
   1050.4 ms  ✓ SciMLBase → SciMLBaseDifferentiationInterfaceExt
   1126.1 ms  ✓ SciMLBase → SciMLBaseChainRulesCoreExt
   1486.6 ms  ✓ SciMLBase → SciMLBaseForwardDiffExt
   3232.7 ms  ✓ SciMLJacobianOperators
  28309.9 ms  ✓ ExponentialUtilities
  16466.3 ms  ✓ StaticArrayInterface
    641.2 ms  ✓ StaticArrayInterface → StaticArrayInterfaceStaticArraysExt
   2146.2 ms  ✓ ExponentialUtilities → ExponentialUtilitiesStaticArraysExt
    581.2 ms  ✓ CloseOpenIntervals
   5102.8 ms  ✓ LineSearch
    632.2 ms  ✓ LayoutPointers
    749.2 ms  ✓ LineSearch → LineSearchLineSearchesExt
    733.7 ms  ✓ StrideArraysCore
   6502.6 ms  ✓ NonlinearSolveBase
    619.4 ms  ✓ Polyester
   1076.3 ms  ✓ NonlinearSolveBase → NonlinearSolveBaseChainRulesCoreExt
   1136.5 ms  ✓ NonlinearSolveBase → NonlinearSolveBaseLineSearchExt
   1545.8 ms  ✓ NonlinearSolveBase → NonlinearSolveBaseSparseArraysExt
   1548.8 ms  ✓ NonlinearSolveBase → NonlinearSolveBaseSparseMatrixColoringsExt
    892.0 ms  ✓ FastBroadcast
   1560.2 ms  ✓ NonlinearSolveBase → NonlinearSolveBaseForwardDiffExt
  12471.6 ms  ✓ LinearSolve
    654.0 ms  ✓ RecursiveArrayTools → RecursiveArrayToolsFastBroadcastExt
   1759.0 ms  ✓ NonlinearSolveBase → NonlinearSolveBaseLinearSolveExt
   4128.9 ms  ✓ BracketingNonlinearSolve
   2944.4 ms  ✓ LinearSolve → LinearSolveForwardDiffExt
[0KWARNING: Imported binding SciMLBase.NoiseSizeIncompatibilityError was undeclared at import time during import to DiffEqBase.
[0KWARNING: Imported binding SciMLBase.DIRECT_AUTODIFF_INCOMPATIBILITY_MESSAGE was undeclared at import time during import to DiffEqBase.
   1013.6 ms  ✓ BracketingNonlinearSolve → BracketingNonlinearSolveForwardDiffExt
   1074.2 ms  ✓ BracketingNonlinearSolve → BracketingNonlinearSolveChainRulesCoreExt
   5078.1 ms  ✓ LinearSolve → LinearSolveSparseArraysExt
   2707.2 ms  ✓ DiffEqBase
   1811.1 ms  ✓ LinearSolve → LinearSolveEnzymeExt
[0KERROR: LoadError: Precompiled image Base.PkgId(Base.UUID("5895cdaf-549a-54a7-82ae-fc9d8ce60a0b"), "LinearSolveEnzymeExt") not available with flags CacheFlags(; use_pkgimages=true, debug_level=1, check_bounds=0, inline=true, opt_level=2)
[0KStacktrace:
[0K  [1] error(s::String)
[0K    @ Base ./error.jl:56
[0K  [2] __require_prelocked(pkg::Base.PkgId, env::Nothing)
[0K    @ Base ./loading.jl:2840
[0K  [3] _require_prelocked(uuidkey::Base.PkgId, env::Nothing)
[0K    @ Base ./loading.jl:2694
[0K  [4] _require_prelocked
[0K    @ ./loading.jl:2688 [inlined]
[0K  [5] run_extension_callbacks(extid::Base.ExtensionId)
[0K    @ Base ./loading.jl:1764
[0K  [6] run_extension_callbacks(pkgid::Base.PkgId)
[0K    @ Base ./loading.jl:1801
[0K  [7] run_package_callbacks(modkey::Base.PkgId)
[0K    @ Base ./loading.jl:1617
[0K  [8] _require_search_from_serialized(pkg::Base.PkgId, sourcespec::Base.PkgLoadSpec, build_id::UInt128, stalecheck::Bool; reasons::Dict{String, Int64}, DEPOT_PATH::Vector{String})
[0K    @ Base ./loading.jl:2323
[0K  [9] _require_search_from_serialized
[0K    @ ./loading.jl:2200 [inlined]
[0K [10] __require_prelocked(pkg::Base.PkgId, env::String)
[0K    @ Base ./loading.jl:2833
[0K [11] _require_prelocked(uuidkey::Base.PkgId, env::String)
[0K    @ Base ./loading.jl:2694
[0K [12] macro expansion
[0K    @ ./loading.jl:2621 [inlined]
[0K [13] macro expansion
[0K    @ ./lock.jl:376 [inlined]
[0K [14] __require(into::Module, mod::Symbol)
[0K    @ Base ./loading.jl:2585
[0K [15] require
[0K    @ ./loading.jl:2561 [inlined]
[0K [16] eval_import_path
[0K    @ ./module.jl:36 [inlined]
[0K [17] eval_import_path_all(at::Module, path::Expr, keyword::String)
[0K    @ Base ./module.jl:60
[0K [18] _eval_import(::Bool, ::Module, ::Expr, ::Expr, ::Vararg{Expr})
[0K    @ Base ./module.jl:101
[0K [19] top-level scope
[0K    @ /workdir/depot/packages/NonlinearSolveQuasiNewton/wYNEY/src/NonlinearSolveQuasiNewton.jl:14
[0K [20] include(mod::Module, _path::String)
[0K    @ Base ./Base.jl:309
[0K [21] include_package_for_output(pkg::Base.PkgId, input::String, syntax_version::VersionNumber, depot_path::Vector{String}, dl_load_path::Vector{String}, load_path::Vector{String}, concrete_deps::Vector{Pair{Base.PkgId, UInt128}}, source::Nothing)
[0K    @ Base ./loading.jl:3288
[0K [22] top-level scope
[0K    @ stdin:5
[0K [23] eval(m::Module, e::Any)
[0K    @ Core ./boot.jl:489
[0K [24] include_string(mapexpr::typeof(identity), mod::Module, code::String, filename::String)
[0K    @ Base ./loading.jl:3130
[0K [25] include_string
[0K    @ ./loading.jl:3140 [inlined]
[0K [26] exec_options(opts::Base.JLOptions)
[0K    @ Base ./client.jl:342
[0K [27] _start()
[0K    @ Base ./client.jl:585
[0Kin expression starting at /workdir/depot/packages/NonlinearSolveQuasiNewton/wYNEY/src/NonlinearSolveQuasiNewton.jl:1
[0Kin expression starting at stdin:5
              ✗ NonlinearSolveQuasiNewton
[0KERROR: LoadError: Precompiled image Base.PkgId(Base.UUID("5895cdaf-549a-54a7-82ae-fc9d8ce60a0b"), "LinearSolveEnzymeExt") not available with flags CacheFlags(; use_pkgimages=true, debug_level=1, check_bounds=0, inline=true, opt_level=2)
[0KStacktrace:
[0K  [1] error(s::String)
[0K    @ Base ./error.jl:56
[0K  [2] __require_prelocked(pkg::Base.PkgId, env::Nothing)
[0K    @ Base ./loading.jl:2840
[0K  [3] _require_prelocked(uuidkey::Base.PkgId, env::Nothing)
[0K    @ Base ./loading.jl:2694
[0K  [4] _require_prelocked
[0K    @ ./loading.jl:2688 [inlined]
[0K  [5] run_extension_callbacks(extid::Base.ExtensionId)
[0K    @ Base ./loading.jl:1764
[0K  [6] run_extension_callbacks(pkgid::Base.PkgId)
[0K    @ Base ./loading.jl:1801
[0K  [7] run_package_callbacks(modkey::Base.PkgId)
[0K    @ Base ./loading.jl:1617
[0K  [8] _require_search_from_serialized(pkg::Base.PkgId, sourcespec::Base.PkgLoadSpec, build_id::UInt128, stalecheck::Bool; reasons::Dict{String, Int64}, DEPOT_PATH::Vector{String})
[0K    @ Base ./loading.jl:2323
[0K  [9] _require_search_from_serialized
[0K    @ ./loading.jl:2200 [inlined]
[0K [10] __require_prelocked(pkg::Base.PkgId, env::String)
[0K    @ Base ./loading.jl:2833
[0K [11] _require_prelocked(uuidkey::Base.PkgId, env::String)
[0K    @ Base ./loading.jl:2694
[0K [12] macro expansion
[0K    @ ./loading.jl:2621 [inlined]
[0K [13] macro expansion
[0K    @ ./lock.jl:376 [inlined]
[0K [14] __require(into::Module, mod::Symbol)
[0K    @ Base ./loading.jl:2585
[0K [15] require
[0K    @ ./loading.jl:2561 [inlined]
[0K [16] eval_import_path
[0K    @ ./module.jl:36 [inlined]
[0K [17] eval_import_path_all(at::Module, path::Expr, keyword::String)
[0K    @ Base ./module.jl:60
[0K [18] _eval_import(::Bool, ::Module, ::Expr, ::Expr, ::Vararg{Expr})
[0K    @ Base ./module.jl:101
[0K [19] top-level scope
[0K    @ /workdir/depot/packages/NonlinearSolveFirstOrder/ih1YC/src/NonlinearSolveFirstOrder.jl:17
[0K [20] include(mod::Module, _path::String)
[0K    @ Base ./Base.jl:309
[0K [21] include_package_for_output(pkg::Base.PkgId, input::String, syntax_version::VersionNumber, depot_path::Vector{String}, dl_load_path::Vector{String}, load_path::Vector{String}, concrete_deps::Vector{Pair{Base.PkgId, UInt128}}, source::Nothing)
[0K    @ Base ./loading.jl:3288
[0K [22] top-level scope
[0K    @ stdin:5
[0K [23] eval(m::Module, e::Any)
[0K    @ Core ./boot.jl:489
[0K [24] include_string(mapexpr::typeof(identity), mod::Module, code::String, filename::String)
[0K    @ Base ./loading.jl:3130
[0K [25] include_string
[0K    @ ./loading.jl:3140 [inlined]
[0K [26] exec_options(opts::Base.JLOptions)
[0K    @ Base ./client.jl:342
[0K [27] _start()
[0K    @ Base ./client.jl:585
[0Kin expression starting at /workdir/depot/packages/NonlinearSolveFirstOrder/ih1YC/src/NonlinearSolveFirstOrder.jl:1
[0Kin expression starting at stdin:5
              ✗ NonlinearSolveFirstOrder
   1288.3 ms  ✓ DiffEqBase → DiffEqBaseSparseArraysExt
   1255.9 ms  ✓ DiffEqBase → DiffEqBaseChainRulesCoreExt
   1366.9 ms  ✓ DiffEqBase → DiffEqBaseForwardDiffExt
[0KERROR: LoadError: Precompiled image Base.PkgId(Base.UUID("9a2c21bd-3a47-402d-9113-8faf9a0ee114"), "NonlinearSolveQuasiNewton") not available with flags CacheFlags(; use_pkgimages=true, debug_level=1, check_bounds=0, inline=true, opt_level=2)
[0KStacktrace:
[0K  [1] error(s::String)
[0K    @ Base ./error.jl:56
[0K  [2] __require_prelocked(pkg::Base.PkgId, env::String)
[0K    @ Base ./loading.jl:2840
[0K  [3] _require_prelocked(uuidkey::Base.PkgId, env::String)
[0K    @ Base ./loading.jl:2694
[0K  [4] macro expansion
[0K    @ ./loading.jl:2621 [inlined]
[0K  [5] macro expansion
[0K    @ ./lock.jl:376 [inlined]
[0K  [6] __require(into::Module, mod::Symbol)
[0K    @ Base ./loading.jl:2585
[0K  [7] require
[0K    @ ./loading.jl:2561 [inlined]
[0K  [8] eval_import_path
[0K    @ ./module.jl:36 [inlined]
[0K  [9] eval_import_path_all(at::Module, path::Expr, keyword::String)
[0K    @ Base ./module.jl:60
[0K [10] _eval_import(::Bool, ::Module, ::Expr, ::Expr, ::Vararg{Expr})
[0K    @ Base ./module.jl:101
[0K [11] top-level scope
[0K    @ /workdir/depot/packages/NonlinearSolveQuasiNewton/wYNEY/ext/NonlinearSolveQuasiNewtonForwardDiffExt.jl:9
[0K [12] include(mod::Module, _path::String)
[0K    @ Base ./Base.jl:309
[0K [13] include_package_for_output(pkg::Base.PkgId, input::String, syntax_version::VersionNumber, depot_path::Vector{String}, dl_load_path::Vector{String}, load_path::Vector{String}, concrete_deps::Vector{Pair{Base.PkgId, UInt128}}, source::Nothing)
[0K    @ Base ./loading.jl:3288
[0K [14] top-level scope
[0K    @ stdin:5
[0K [15] eval(m::Module, e::Any)
[0K    @ Core ./boot.jl:489
[0K [16] include_string(mapexpr::typeof(identity), mod::Module, code::String, filename::String)
[0K    @ Base ./loading.jl:3130
[0K [17] include_string
[0K    @ ./loading.jl:3140 [inlined]
[0K [18] exec_options(opts::Base.JLOptions)
[0K    @ Base ./client.jl:342
[0K [19] _start()
[0K    @ Base ./client.jl:585
[0Kin expression starting at /workdir/depot/packages/NonlinearSolveQuasiNewton/wYNEY/ext/NonlinearSolveQuasiNewtonForwardDiffExt.jl:1
[0Kin expression starting at stdin:5
              ✗ NonlinearSolveQuasiNewton → NonlinearSolveQuasiNewtonForwardDiffExt
   3630.6 ms  ✓ OrdinaryDiffEqCore
  14788.5 ms  ✓ NonlinearSolveSpectralMethods
   1930.3 ms  ✓ OrdinaryDiffEqCore → OrdinaryDiffEqCoreSparseArraysExt
   2170.5 ms  ✓ OrdinaryDiffEqFunctionMap
   3311.2 ms  ✓ OrdinaryDiffEqStabilizedRK
   2514.6 ms  ✓ OrdinaryDiffEqQPRK
   2803.8 ms  ✓ OrdinaryDiffEqSymplecticRK
  14689.5 ms  ✓ SimpleNonlinearSolve
   2739.9 ms  ✓ OrdinaryDiffEqFeagin
   3966.1 ms  ✓ OrdinaryDiffEqLowOrderRK
   3057.3 ms  ✓ OrdinaryDiffEqSSPRK
   2594.3 ms  ✓ OrdinaryDiffEqRKN
   2344.1 ms  ✓ OrdinaryDiffEqExplicitRK
   2475.1 ms  ✓ OrdinaryDiffEqHighOrderRK
   1211.1 ms  ✓ NonlinearSolveSpectralMethods → NonlinearSolveSpectralMethodsForwardDiffExt
   2217.2 ms  ✓ OrdinaryDiffEqPRK
   3109.2 ms  ✓ OrdinaryDiffEqLowStorageRK
   2878.8 ms  ✓ OrdinaryDiffEqLinear
   1168.6 ms  ✓ SimpleNonlinearSolve → SimpleNonlinearSolveChainRulesCoreExt
   3998.7 ms  ✓ OrdinaryDiffEqDifferentiation
[0KERROR: LoadError: Precompiled image Base.PkgId(Base.UUID("5959db7a-ea39-4486-b5fe-2dd0bf03d60d"), "NonlinearSolveFirstOrder") not available with flags CacheFlags(; use_pkgimages=true, debug_level=1, check_bounds=0, inline=true, opt_level=2)
[0KStacktrace:
[0K  [1] error(s::String)
[0K    @ Base ./error.jl:56
[0K  [2] __require_prelocked(pkg::Base.PkgId, env::String)
[0K    @ Base ./loading.jl:2840
[0K  [3] _require_prelocked(uuidkey::Base.PkgId, env::String)
[0K    @ Base ./loading.jl:2694
[0K  [4] macro expansion
[0K    @ ./loading.jl:2621 [inlined]
[0K  [5] macro expansion
[0K    @ ./lock.jl:376 [inlined]
[0K  [6] __require(into::Module, mod::Symbol)
[0K    @ Base ./loading.jl:2585
[0K  [7] require
[0K    @ ./loading.jl:2561 [inlined]
[0K  [8] eval_import_path
[0K    @ ./module.jl:36 [inlined]
[0K  [9] eval_import_path_all(at::Module, path::Expr, keyword::String)
[0K    @ Base ./module.jl:60
[0K [10] _eval_import(::Bool, ::Module, ::Expr, ::Expr, ::Vararg{Expr})
[0K    @ Base ./module.jl:101
[0K [11] top-level scope
[0K    @ /workdir/depot/packages/NonlinearSolve/ycBd4/src/NonlinearSolve.jl:22
[0K [12] include(mod::Module, _path::String)
[0K    @ Base ./Base.jl:309
[0K [13] include_package_for_output(pkg::Base.PkgId, input::String, syntax_version::VersionNumber, depot_path::Vector{String}, dl_load_path::Vector{String}, load_path::Vector{String}, concrete_deps::Vector{Pair{Base.PkgId, UInt128}}, source::Nothing)
[0K    @ Base ./loading.jl:3288
[0K [14] top-level scope
[0K    @ stdin:5
[0K [15] eval(m::Module, e::Any)
[0K    @ Core ./boot.jl:489
[0K [16] include_string(mapexpr::typeof(identity), mod::Module, code::String, filename::String)
[0K    @ Base ./loading.jl:3130
[0K [17] include_string
[0K    @ ./loading.jl:3140 [inlined]
[0K [18] exec_options(opts::Base.JLOptions)
[0K    @ Base ./client.jl:342
[0K [19] _start()
[0K    @ Base ./client.jl:585
[0Kin expression starting at /workdir/depot/packages/NonlinearSolve/ycBd4/src/NonlinearSolve.jl:1
[0Kin expression starting at stdin:5
              ✗ NonlinearSolve
   2309.7 ms  ✓ OrdinaryDiffEqAdamsBashforthMoulton
   2185.8 ms  ✓ OrdinaryDiffEqDifferentiation → OrdinaryDiffEqDifferentiationSparseArraysExt
  12504.0 ms  ✓ OrdinaryDiffEqTsit5
[0KERROR: LoadError: Precompiled image Base.PkgId(Base.UUID("8913a72c-1f9b-4ce2-8d82-65094dcecaec"), "NonlinearSolve") not available with flags CacheFlags(; use_pkgimages=true, debug_level=1, check_bounds=0, inline=true, opt_level=2)
[0KStacktrace:
[0K  [1] error(s::String)
[0K    @ Base ./error.jl:56
[0K  [2] __require_prelocked(pkg::Base.PkgId, env::String)
[0K    @ Base ./loading.jl:2840
[0K  [3] _require_prelocked(uuidkey::Base.PkgId, env::String)
[0K    @ Base ./loading.jl:2694
[0K  [4] macro expansion
[0K    @ ./loading.jl:2621 [inlined]
[0K  [5] macro expansion
[0K    @ ./lock.jl:376 [inlined]
[0K  [6] __require(into::Module, mod::Symbol)
[0K    @ Base ./loading.jl:2585
[0K  [7] require
[0K    @ ./loading.jl:2561 [inlined]
[0K  [8] eval_import_path
[0K    @ ./module.jl:36 [inlined]
[0K  [9] eval_import_path_all(at::Module, path::Expr, keyword::String)
[0K    @ Base ./module.jl:60
[0K [10] _eval_import(::Bool, ::Module, ::Expr, ::Expr, ::Vararg{Expr})
[0K    @ Base ./module.jl:101
[0K [11] top-level scope
[0K    @ /workdir/depot/packages/OrdinaryDiffEqNonlinearSolve/VLsDD/src/OrdinaryDiffEqNonlinearSolve.jl:14
[0K [12] include(mod::Module, _path::String)
[0K    @ Base ./Base.jl:309
[0K [13] include_package_for_output(pkg::Base.PkgId, input::String, syntax_version::VersionNumber, depot_path::Vector{String}, dl_load_path::Vector{String}, load_path::Vector{String}, concrete_deps::Vector{Pair{Base.PkgId, UInt128}}, source::Nothing)
[0K    @ Base ./loading.jl:3288
[0K [14] top-level scope
[0K    @ stdin:5
[0K [15] eval(m::Module, e::Any)
[0K    @ Core ./boot.jl:489
[0K [16] include_string(mapexpr::typeof(identity), mod::Module, code::String, filename::String)
[0K    @ Base ./loading.jl:3130
[0K [17] include_string
[0K    @ ./loading.jl:3140 [inlined]
[0K [18] exec_options(opts::Base.JLOptions)
[0K    @ Base ./client.jl:342
[0K [19] _start()
[0K    @ Base ./client.jl:585
[0Kin expression starting at /workdir/depot/packages/OrdinaryDiffEqNonlinearSolve/VLsDD/src/OrdinaryDiffEqNonlinearSolve.jl:1
[0Kin expression starting at stdin:5
              ✗ OrdinaryDiffEqNonlinearSolve
   5069.6 ms  ✓ OrdinaryDiffEqExponentialRK
   5365.0 ms  ✓ OrdinaryDiffEqExtrapolation
   1709.0 ms  ✓ OrdinaryDiffEqNordsieck
[0KERROR: LoadError: Precompiled image Base.PkgId(Base.UUID("127b3ac7-2247-4354-8eb6-78cf4e7c58e8"), "OrdinaryDiffEqNonlinearSolve") not available with flags CacheFlags(; use_pkgimages=true, debug_level=1, check_bounds=0, inline=true, opt_level=2)
[0KStacktrace:
[0K  [1] error(s::String)
[0K    @ Base ./error.jl:56
[0K  [2] __require_prelocked(pkg::Base.PkgId, env::String)
[0K    @ Base ./loading.jl:2840
[0K  [3] _require_prelocked(uuidkey::Base.PkgId, env::String)
[0K    @ Base ./loading.jl:2694
[0K  [4] macro expansion
[0K    @ ./loading.jl:2621 [inlined]
[0K  [5] macro expansion
[0K    @ ./lock.jl:376 [inlined]
[0K  [6] __require(into::Module, mod::Symbol)
[0K    @ Base ./loading.jl:2585
[0K  [7] require
[0K    @ ./loading.jl:2561 [inlined]
[0K  [8] eval_import_path
[0K    @ ./module.jl:36 [inlined]
[0K  [9] eval_import_path_all(at::Module, path::Expr, keyword::String)
[0K    @ Base ./module.jl:60
[0K [10] _eval_import(::Bool, ::Module, ::Expr, ::Expr, ::Vararg{Expr})
[0K    @ Base ./module.jl:101
[0K [11] top-level scope
[0K    @ /workdir/depot/packages/OrdinaryDiffEqIMEXMultistep/4kNGT/src/OrdinaryDiffEqIMEXMultistep.jl:13
[0K [12] include(mod::Module, _path::String)
[0K    @ Base ./Base.jl:309
[0K [13] include_package_for_output(pkg::Base.PkgId, input::String, syntax_version::VersionNumber, depot_path::Vector{String}, dl_load_path::Vector{String}, load_path::Vector{String}, concrete_deps::Vector{Pair{Base.PkgId, UInt128}}, source::Nothing)
[0K    @ Base ./loading.jl:3288
[0K [14] top-level scope
[0K    @ stdin:5
[0K [15] eval(m::Module, e::Any)
[0K    @ Core ./boot.jl:489
[0K [16] include_string(mapexpr::typeof(identity), mod::Module, code::String, filename::String)
[0K    @ Base ./loading.jl:3130
[0K [17] include_string
[0K    @ ./loading.jl:3140 [inlined]
[0K [18] exec_options(opts::Base.JLOptions)
[0K    @ Base ./client.jl:342
[0K [19] _start()
[0K    @ Base ./client.jl:585
[0Kin expression starting at /workdir/depot/packages/OrdinaryDiffEqIMEXMultistep/4kNGT/src/OrdinaryDiffEqIMEXMultistep.jl:1
[0Kin expression starting at stdin:5
              ✗ OrdinaryDiffEqIMEXMultistep
[0KERROR: LoadError: Precompiled image Base.PkgId(Base.UUID("127b3ac7-2247-4354-8eb6-78cf4e7c58e8"), "OrdinaryDiffEqNonlinearSolve") not available with flags CacheFlags(; use_pkgimages=true, debug_level=1, check_bounds=0, inline=true, opt_level=2)
[0KStacktrace:
[0K  [1] error(s::String)
[0K    @ Base ./error.jl:56
[0K  [2] __require_prelocked(pkg::Base.PkgId, env::String)
[0K    @ Base ./loading.jl:2840
[0K  [3] _require_prelocked(uuidkey::Base.PkgId, env::String)
[0K    @ Base ./loading.jl:2694
[0K  [4] macro expansion
[0K    @ ./loading.jl:2621 [inlined]
[0K  [5] macro expansion
[0K    @ ./lock.jl:376 [inlined]
[0K  [6] __require(into::Module, mod::Symbol)
[0K    @ Base ./loading.jl:2585
[0K  [7] require
[0K    @ ./loading.jl:2561 [inlined]
[0K  [8] eval_import_path
[0K    @ ./module.jl:36 [inlined]
[0K  [9] eval_import_path_all(at::Module, path::Expr, keyword::String)
[0K    @ Base ./module.jl:60
[0K [10] _eval_import(::Bool, ::Module, ::Expr, ::Expr, ::Vararg{Expr})
[0K    @ Base ./module.jl:101
[0K [11] top-level scope
[0K    @ /workdir/depot/packages/OrdinaryDiffEqStabilizedIRK/oOtOW/src/OrdinaryDiffEqStabilizedIRK.jl:17
[0K [12] include(mod::Module, _path::String)
[0K    @ Base ./Base.jl:309
[0K [13] include_package_for_output(pkg::Base.PkgId, input::String, syntax_version::VersionNumber, depot_path::Vector{String}, dl_load_path::Vector{String}, load_path::Vector{String}, concrete_deps::Vector{Pair{Base.PkgId, UInt128}}, source::Nothing)
[0K    @ Base ./loading.jl:3288
[0K [14] top-level scope
[0K    @ stdin:5
[0K [15] eval(m::Module, e::Any)
[0K    @ Core ./boot.jl:489
[0K [16] include_string(mapexpr::typeof(identity), mod::Module, code::String, filename::String)
[0K    @ Base ./loading.jl:3130
[0K [17] include_string
[0K    @ ./loading.jl:3140 [inlined]
[0K [18] exec_options(opts::Base.JLOptions)
[0K    @ Base ./client.jl:342
[0K [19] _start()
[0K    @ Base ./client.jl:585
[0Kin expression starting at /workdir/depot/packages/OrdinaryDiffEqStabilizedIRK/oOtOW/src/OrdinaryDiffEqStabilizedIRK.jl:1
[0Kin expression starting at stdin:5
              ✗ OrdinaryDiffEqStabilizedIRK
[0KERROR: LoadError: Precompiled image Base.PkgId(Base.UUID("127b3ac7-2247-4354-8eb6-78cf4e7c58e8"), "OrdinaryDiffEqNonlinearSolve") not available with flags CacheFlags(; use_pkgimages=true, debug_level=1, check_bounds=0, inline=true, opt_level=2)
[0KStacktrace:
[0K  [1] error(s::String)
[0K    @ Base ./error.jl:56
[0K  [2] __require_prelocked(pkg::Base.PkgId, env::String)
[0K    @ Base ./loading.jl:2840
[0K  [3] _require_prelocked(uuidkey::Base.PkgId, env::String)
[0K    @ Base ./loading.jl:2694
[0K  [4] macro expansion
[0K    @ ./loading.jl:2621 [inlined]
[0K  [5] macro expansion
[0K    @ ./lock.jl:376 [inlined]
[0K  [6] __require(into::Module, mod::Symbol)
[0K    @ Base ./loading.jl:2585
[0K  [7] require
[0K    @ ./loading.jl:2561 [inlined]
[0K  [8] eval_import_path
[0K    @ ./module.jl:36 [inlined]
[0K  [9] eval_import_path_all(at::Module, path::Expr, keyword::String)
[0K    @ Base ./module.jl:60
[0K [10] _eval_import(::Bool, ::Module, ::Expr, ::Expr, ::Vararg{Expr})
[0K    @ Base ./module.jl:101
[0K [11] top-level scope
[0K    @ /workdir/depot/packages/OrdinaryDiffEqPDIRK/l3OBX/src/OrdinaryDiffEqPDIRK.jl:19
[0K [12] include(mod::Module, _path::String)
[0K    @ Base ./Base.jl:309
[0K [13] include_package_for_output(pkg::Base.PkgId, input::String, syntax_version::VersionNumber, depot_path::Vector{String}, dl_load_path::Vector{String}, load_path::Vector{String}, concrete_deps::Vector{Pair{Base.PkgId, UInt128}}, source::Nothing)
[0K    @ Base ./loading.jl:3288
[0K [14] top-level scope
[0K    @ stdin:5
[0K [15] eval(m::Module, e::Any)
[0K    @ Core ./boot.jl:489
[0K [16] include_string(mapexpr::typeof(identity), mod::Module, code::String, filename::String)
[0K    @ Base ./loading.jl:3130
[0K [17] include_string
[0K    @ ./loading.jl:3140 [inlined]
[0K [18] exec_options(opts::Base.JLOptions)
[0K    @ Base ./client.jl:342
[0K [19] _start()
[0K    @ Base ./client.jl:585
[0Kin expression starting at /workdir/depot/packages/OrdinaryDiffEqPDIRK/l3OBX/src/OrdinaryDiffEqPDIRK.jl:1
[0Kin expression starting at stdin:5
              ✗ OrdinaryDiffEqPDIRK
[0KERROR: LoadError: Precompiled image Base.PkgId(Base.UUID("127b3ac7-2247-4354-8eb6-78cf4e7c58e8"), "OrdinaryDiffEqNonlinearSolve") not available with flags CacheFlags(; use_pkgimages=true, debug_level=1, check_bounds=0, inline=true, opt_level=2)
[0KStacktrace:
[0K  [1] error(s::String)
[0K    @ Base ./error.jl:56
[0K  [2] __require_prelocked(pkg::Base.PkgId, env::String)
[0K    @ Base ./loading.jl:2840
[0K  [3] _require_prelocked(uuidkey::Base.PkgId, env::String)
[0K    @ Base ./loading.jl:2694
[0K  [4] macro expansion
[0K    @ ./loading.jl:2621 [inlined]
[0K  [5] macro expansion
[0K    @ ./lock.jl:376 [inlined]
[0K  [6] __require(into::Module, mod::Symbol)
[0K    @ Base ./loading.jl:2585
[0K  [7] require
[0K    @ ./loading.jl:2561 [inlined]
[0K  [8] eval_import_path
[0K    @ ./module.jl:36 [inlined]
[0K  [9] eval_import_path_all(at::Module, path::Expr, keyword::String)
[0K    @ Base ./module.jl:60
[0K [10] _eval_import(::Bool, ::Module, ::Expr, ::Expr, ::Vararg{Expr})
[0K    @ Base ./module.jl:101
[0K [11] top-level scope
[0K    @ /workdir/depot/packages/OrdinaryDiffEqSDIRK/x9yQd/src/OrdinaryDiffEqSDIRK.jl:25
[0K [12] include(mod::Module, _path::String)
[0K    @ Base ./Base.jl:309
[0K [13] include_package_for_output(pkg::Base.PkgId, input::String, syntax_version::VersionNumber, depot_path::Vector{String}, dl_load_path::Vector{String}, load_path::Vector{String}, concrete_deps::Vector{Pair{Base.PkgId, UInt128}}, source::Nothing)
[0K    @ Base ./loading.jl:3288
[0K [14] top-level scope
[0K    @ stdin:5
[0K [15] eval(m::Module, e::Any)
[0K    @ Core ./boot.jl:489
[0K [16] include_string(mapexpr::typeof(identity), mod::Module, code::String, filename::String)
[0K    @ Base ./loading.jl:3130
[0K [17] include_string
[0K    @ ./loading.jl:3140 [inlined]
[0K [18] exec_options(opts::Base.JLOptions)
[0K    @ Base ./client.jl:342
[0K [19] _start()
[0K    @ Base ./client.jl:585
[0Kin expression starting at /workdir/depot/packages/OrdinaryDiffEqSDIRK/x9yQd/src/OrdinaryDiffEqSDIRK.jl:1
[0Kin expression starting at stdin:5
              ✗ OrdinaryDiffEqSDIRK
[0KERROR: LoadError: Precompiled image Base.PkgId(Base.UUID("127b3ac7-2247-4354-8eb6-78cf4e7c58e8"), "OrdinaryDiffEqNonlinearSolve") not available with flags CacheFlags(; use_pkgimages=true, debug_level=1, check_bounds=0, inline=true, opt_level=2)
[0KStacktrace:
[0K  [1] error(s::String)
[0K    @ Base ./error.jl:56
[0K  [2] __require_prelocked(pkg::Base.PkgId, env::String)
[0K    @ Base ./loading.jl:2840
[0K  [3] _require_prelocked(uuidkey::Base.PkgId, env::String)
[0K    @ Base ./loading.jl:2694
[0K  [4] macro expansion
[0K    @ ./loading.jl:2621 [inlined]
[0K  [5] macro expansion
[0K    @ ./lock.jl:376 [inlined]
[0K  [6] __require(into::Module, mod::Symbol)
[0K    @ Base ./loading.jl:2585
[0K  [7] require
[0K    @ ./loading.jl:2561 [inlined]
[0K  [8] eval_import_path
[0K    @ ./module.jl:36 [inlined]
[0K  [9] eval_import_path_all(at::Module, path::Expr, keyword::String)
[0K    @ Base ./module.jl:60
[0K [10] _eval_import(::Bool, ::Module, ::Expr, ::Expr, ::Vararg{Expr})
[0K    @ Base ./module.jl:101
[0K [11] top-level scope
[0K    @ /workdir/depot/packages/OrdinaryDiffEqFIRK/TbiIL/src/OrdinaryDiffEqFIRK.jl:34
[0K [12] include(mod::Module, _path::String)
[0K    @ Base ./Base.jl:309
[0K [13] include_package_for_output(pkg::Base.PkgId, input::String, syntax_version::VersionNumber, depot_path::Vector{String}, dl_load_path::Vector{String}, load_path::Vector{String}, concrete_deps::Vector{Pair{Base.PkgId, UInt128}}, source::Nothing)
[0K    @ Base ./loading.jl:3288
[0K [14] top-level scope
[0K    @ stdin:5
[0K [15] eval(m::Module, e::Any)
[0K    @ Core ./boot.jl:489
[0K [16] include_string(mapexpr::typeof(identity), mod::Module, code::String, filename::String)
[0K    @ Base ./loading.jl:3130
[0K [17] include_string
[0K    @ ./loading.jl:3140 [inlined]
[0K [18] exec_options(opts::Base.JLOptions)
[0K    @ Base ./client.jl:342
[0K [19] _start()
[0K    @ Base ./client.jl:585
[0Kin expression starting at /workdir/depot/packages/OrdinaryDiffEqFIRK/TbiIL/src/OrdinaryDiffEqFIRK.jl:1
[0Kin expression starting at stdin:5
              ✗ OrdinaryDiffEqFIRK
[0KERROR: LoadError: Precompiled image Base.PkgId(Base.UUID("2d112036-d095-4a1e-ab9a-08536f3ecdbf"), "OrdinaryDiffEqSDIRK") not available with flags CacheFlags(; use_pkgimages=true, debug_level=1, check_bounds=0, inline=true, opt_level=2)
[0KStacktrace:
[0K  [1] error(s::String)
[0K    @ Base ./error.jl:56
[0K  [2] __require_prelocked(pkg::Base.PkgId, env::String)
[0K    @ Base ./loading.jl:2840
[0K  [3] _require_prelocked(uuidkey::Base.PkgId, env::String)
[0K    @ Base ./loading.jl:2694
[0K  [4] macro expansion
[0K    @ ./loading.jl:2621 [inlined]
[0K  [5] macro expansion
[0K    @ ./lock.jl:376 [inlined]
[0K  [6] __require(into::Module, mod::Symbol)
[0K    @ Base ./loading.jl:2585
[0K  [7] require
[0K    @ ./loading.jl:2561 [inlined]
[0K  [8] eval_import_path
[0K    @ ./module.jl:36 [inlined]
[0K  [9] eval_import_path_all(at::Module, path::Expr, keyword::String)
[0K    @ Base ./module.jl:60
[0K [10] _eval_import(::Bool, ::Module, ::Expr, ::Expr, ::Vararg{Expr})
[0K    @ Base ./module.jl:101
[0K [11] top-level scope
[0K    @ /workdir/depot/packages/OrdinaryDiffEqBDF/GYL83/src/OrdinaryDiffEqBDF.jl:25
[0K [12] include(mod::Module, _path::String)
[0K    @ Base ./Base.jl:309
[0K [13] include_package_for_output(pkg::Base.PkgId, input::String, syntax_version::VersionNumber, depot_path::Vector{String}, dl_load_path::Vector{String}, load_path::Vector{String}, concrete_deps::Vector{Pair{Base.PkgId, UInt128}}, source::Nothing)
[0K    @ Base ./loading.jl:3288
[0K [14] top-level scope
[0K    @ stdin:5
[0K [15] eval(m::Module, e::Any)
[0K    @ Core ./boot.jl:489
[0K [16] include_string(mapexpr::typeof(identity), mod::Module, code::String, filename::String)
[0K    @ Base ./loading.jl:3130
[0K [17] include_string
[0K    @ ./loading.jl:3140 [inlined]
[0K [18] exec_options(opts::Base.JLOptions)
[0K    @ Base ./client.jl:342
[0K [19] _start()
[0K    @ Base ./client.jl:585
[0Kin expression starting at /workdir/depot/packages/OrdinaryDiffEqBDF/GYL83/src/OrdinaryDiffEqBDF.jl:1
[0Kin expression starting at stdin:5
              ✗ OrdinaryDiffEqBDF
  33226.7 ms  ✓ OrdinaryDiffEqVerner
  25993.1 ms  ✓ OrdinaryDiffEqRosenbrock
[0KERROR: LoadError: Precompiled image Base.PkgId(Base.UUID("6ad6398a-0878-4a85-9266-38940aa047c8"), "OrdinaryDiffEqBDF") not available with flags CacheFlags(; use_pkgimages=true, debug_level=1, check_bounds=0, inline=true, opt_level=2)
[0KStacktrace:
[0K  [1] error(s::String)
[0K    @ Base ./error.jl:56
[0K  [2] __require_prelocked(pkg::Base.PkgId, env::String)
[0K    @ Base ./loading.jl:2840
[0K  [3] _require_prelocked(uuidkey::Base.PkgId, env::String)
[0K    @ Base ./loading.jl:2694
[0K  [4] macro expansion
[0K    @ ./loading.jl:2621 [inlined]
[0K  [5] macro expansion
[0K    @ ./lock.jl:376 [inlined]
[0K  [6] __require(into::Module, mod::Symbol)
[0K    @ Base ./loading.jl:2585
[0K  [7] require
[0K    @ ./loading.jl:2561 [inlined]
[0K  [8] eval_import_path
[0K    @ ./module.jl:36 [inlined]
[0K  [9] eval_import_path_all(at::Module, path::Expr, keyword::String)
[0K    @ Base ./module.jl:60
[0K [10] _eval_import(::Bool, ::Module, ::Expr, ::Expr, ::Vararg{Expr})
[0K    @ Base ./module.jl:101
[0K [11] top-level scope
[0K    @ /workdir/depot/packages/OrdinaryDiffEqDefault/UBKOj/src/OrdinaryDiffEqDefault.jl:10
[0K [12] include(mod::Module, _path::String)
[0K    @ Base ./Base.jl:309
[0K [13] include_package_for_output(pkg::Base.PkgId, input::String, syntax_version::VersionNumber, depot_path::Vector{String}, dl_load_path::Vector{String}, load_path::Vector{String}, concrete_deps::Vector{Pair{Base.PkgId, UInt128}}, source::Nothing)
[0K    @ Base ./loading.jl:3288
[0K [14] top-level scope
[0K    @ stdin:5
[0K [15] eval(m::Module, e::Any)
[0K    @ Core ./boot.jl:489
[0K [16] include_string(mapexpr::typeof(identity), mod::Module, code::String, filename::String)
[0K    @ Base ./loading.jl:3130
[0K [17] include_string
[0K    @ ./loading.jl:3140 [inlined]
[0K [18] exec_options(opts::Base.JLOptions)
[0K    @ Base ./client.jl:342
[0K [19] _start()
[0K    @ Base ./client.jl:585
[0Kin expression starting at /workdir/depot/packages/OrdinaryDiffEqDefault/UBKOj/src/OrdinaryDiffEqDefault.jl:1
[0Kin expression starting at stdin:5
              ✗ OrdinaryDiffEqDefault
[0KERROR: LoadError: Precompiled image Base.PkgId(Base.UUID("127b3ac7-2247-4354-8eb6-78cf4e7c58e8"), "OrdinaryDiffEqNonlinearSolve") not available with flags CacheFlags(; use_pkgimages=true, debug_level=1, check_bounds=0, inline=true, opt_level=2)
[0KStacktrace:
[0K  [1] error(s::String)
[0K    @ Base ./error.jl:56
[0K  [2] __require_prelocked(pkg::Base.PkgId, env::String)
[0K    @ Base ./loading.jl:2840
[0K  [3] _require_prelocked(uuidkey::Base.PkgId, env::String)
[0K    @ Base ./loading.jl:2694
[0K  [4] macro expansion
[0K    @ ./loading.jl:2621 [inlined]
[0K  [5] macro expansion
[0K    @ ./lock.jl:376 [inlined]
[0K  [6] __require(into::Module, mod::Symbol)
[0K    @ Base ./loading.jl:2585
[0K  [7] require
[0K    @ ./loading.jl:2561 [inlined]
[0K  [8] eval_import_path
[0K    @ ./module.jl:36 [inlined]
[0K  [9] eval_import_path_all(at::Module, path::Expr, keyword::String)
[0K    @ Base ./module.jl:60
[0K [10] _eval_import(::Bool, ::Module, ::Expr, ::Expr, ::Vararg{Expr})
[0K    @ Base ./module.jl:101
[0K [11] top-level scope
[0K    @ /workdir/depot/packages/OrdinaryDiffEq/4eLaL/src/OrdinaryDiffEq.jl:26
[0K [12] include(mod::Module, _path::String)
[0K    @ Base ./Base.jl:309
[0K [13] include_package_for_output(pkg::Base.PkgId, input::String, syntax_version::VersionNumber, depot_path::Vector{String}, dl_load_path::Vector{String}, load_path::Vector{String}, concrete_deps::Vector{Pair{Base.PkgId, UInt128}}, source::Nothing)
[0K    @ Base ./loading.jl:3288
[0K [14] top-level scope
[0K    @ stdin:5
[0K [15] eval(m::Module, e::Any)
[0K    @ Core ./boot.jl:489
[0K [16] include_string(mapexpr::typeof(identity), mod::Module, code::String, filename::String)
[0K    @ Base ./loading.jl:3130
[0K [17] include_string
[0K    @ ./loading.jl:3140 [inlined]
[0K [18] exec_options(opts::Base.JLOptions)
[0K    @ Base ./client.jl:342
[0K [19] _start()
[0K    @ Base ./client.jl:585
[0Kin expression starting at /workdir/depot/packages/OrdinaryDiffEq/4eLaL/src/OrdinaryDiffEq.jl:1
[0Kin expression starting at stdin:5
              ✗ OrdinaryDiffEq
  198 dependencies successfully precompiled in 126 seconds. 27 already precompiled.

  1 dependency had output during precompilation:
┌ DiffEqBase
│  WARNING: Imported binding SciMLBase.NoiseSizeIncompatibilityError was undeclared at import time during import to DiffEqBase.
│  WARNING: Imported binding SciMLBase.DIRECT_AUTODIFF_INCOMPATIBILITY_MESSAGE was undeclared at import time during import to DiffEqBase.
└  
	Command being timed: "nice -n -10 timeout -k120 -v 3600 julia +nightly --project=O/OrdinaryDiffEq/Solve-The-Lorenz-Equation -e using Pkg; @time @eval Pkg.precompile()"
	User time (seconds): 616.90
	System time (seconds): 44.41
	Percent of CPU this job got: 295%
	Elapsed (wall clock) time (h:mm:ss or m:ss): 3:43.42
	Average shared text size (kbytes): 0
	Average unshared data size (kbytes): 0
	Average stack size (kbytes): 0
	Average total size (kbytes): 0
	Maximum resident set size (kbytes): 2650928
	Average resident set size (kbytes): 0
	Major (requiring I/O) page faults: 1019
	Minor (reclaiming a frame) page faults: 15852717
	Voluntary context switches: 36780
	Involuntary context switches: 17072
	Swaps: 0
	File system inputs: 0
	File system outputs: 1256192
	Socket messages sent: 0
	Socket messages received: 0
	Signals delivered: 0
	Page size (bytes): 4096
	Exit status: 0
