nice: cannot set niceness: Permission denied
Precompiling Pkg...
   1159.2 ms  ✓ Logging
   1162.0 ms  ✓ Unicode
   1274.2 ms  ✓ MozillaCACerts_jll
   1325.0 ms  ✓ UUIDs
   1326.5 ms  ✓ Zlib_jll
   1360.6 ms  ✓ nghttp2_jll
   1374.8 ms  ✓ MbedTLS_jll
   1419.5 ms  ✓ p7zip_jll
   1467.9 ms  ✓ NetworkOptions
   1474.8 ms  ✓ Base64
    603.2 ms  ✓ Printf
    422.2 ms  ✓ LibSSH2_jll
    490.0 ms  ✓ LibGit2_jll
    532.0 ms  ✓ LibCURL_jll
   2427.2 ms  ✓ ArgTools
    600.0 ms  ✓ LibCURL
    606.2 ms  ✓ Tar
   2459.8 ms  ✓ Dates
   3114.4 ms  ✓ Markdown
   2434.1 ms  ✓ LibGit2
    584.0 ms  ✓ TOML
   3169.5 ms  ✓ Downloads
  42958.7 ms  ✓ Pkg
  23 dependencies successfully precompiled in 49 seconds
Precompiling project...
   1830.2 ms  ✓ MuladdMacro
   1929.2 ms  ✓ SimpleUnPack
   1972.9 ms  ✓ ConcreteStructs
   2020.6 ms  ✓ UnPack
   2060.1 ms  ✓ OpenLibm_jll
   2117.7 ms  ✓ Future
   2154.1 ms  ✓ InverseFunctions
   2170.2 ms  ✓ IteratorInterfaceExtensions
   2142.3 ms  ✓ CommonSolve
   3320.3 ms  ✓ ExprTools
   3368.6 ms  ✓ ADTypes
   3512.2 ms  ✓ Serialization
   3592.6 ms  ✓ Statistics
   3678.9 ms  ✓ FunctionWrappers
   2300.5 ms  ✓ CompilerSupportLibraries_jll
   2244.1 ms  ✓ ManualMemory
   2355.8 ms  ✓ SuiteSparse_jll
   4463.6 ms  ✓ FillArrays
   2339.4 ms  ✓ EnumX
   2490.3 ms  ✓ Requires
   1666.3 ms  ✓ SIMDTypes
   2840.1 ms  ✓ OrderedCollections
   1794.8 ms  ✓ FastPower
   3245.9 ms  ✓ InverseFunctions → InverseFunctionsDatesExt
   2204.0 ms  ✓ CompositionsBase
   2605.2 ms  ✓ DocStringExtensions
   1887.2 ms  ✓ IfElse
   1995.8 ms  ✓ CommonWorldInvalidations
   2000.2 ms  ✓ FastClosures
   2245.2 ms  ✓ ConstructionBase
   3005.9 ms  ✓ EnzymeCore
   2412.5 ms  ✓ StaticArraysCore
   1913.4 ms  ✓ Reexport
   8316.1 ms  ✓ ExproniconLite
   2995.6 ms  ✓ Compat
   2646.1 ms  ✓ NaNMath
   3706.6 ms  ✓ CpuId
   3363.6 ms  ✓ Preferences
   2390.1 ms  ✓ RuntimeGeneratedFunctions
   5753.5 ms  ✓ IrrationalConstants
   2598.9 ms  ✓ FunctionWrappersWrappers
   5023.1 ms  ✓ GenericSchur
   4946.6 ms  ✓ LazyArtifacts
   2546.7 ms  ✓ Adapt
   2353.7 ms  ✓ Parameters
   2797.4 ms  ✓ FillArrays → FillArraysStatisticsExt
   6553.0 ms  ✓ InteractiveUtils
   2200.5 ms  ✓ ConstructionBase → ConstructionBaseLinearAlgebraExt
   2400.3 ms  ✓ CompositionsBase → CompositionsBaseInverseFunctionsExt
   2176.3 ms  ✓ ADTypes → ADTypesEnzymeCoreExt
   5346.9 ms  ✓ DifferentiationInterface
   2590.0 ms  ✓ ADTypes → ADTypesConstructionBaseExt
   4303.7 ms  ✓ ThreadingUtilities
  10640.9 ms  ✓ MacroTools
   2445.8 ms  ✓ DiffResults
   2492.5 ms  ✓ PrecompileTools
   2686.6 ms  ✓ Compat → CompatLinearAlgebraExt
   1994.7 ms  ✓ EnzymeCore → AdaptExt
   2803.1 ms  ✓ JLLWrappers
   2849.1 ms  ✓ ArrayInterface
   2766.3 ms  ✓ GPUArraysCore
   3791.1 ms  ✓ LogExpFunctions
   2911.9 ms  ✓ CommonSubexpressions
   8253.9 ms  ✓ DataStructures
  10400.7 ms  ✓ Distributed
  10658.0 ms  ✓ TimerOutputs
   4005.7 ms  ✓ TruncatedStacktraces
   3459.0 ms  ✓ oneTBB_jll
   3407.6 ms  ✓ OpenSpecFun_jll
   5095.7 ms  ✓ Static
   3297.3 ms  ✓ MaybeInplace
   2736.3 ms  ✓ ArrayInterface → ArrayInterfaceStaticArraysCoreExt
   2484.9 ms  ✓ DifferentiationInterface → DifferentiationInterfaceGPUArraysCoreExt
   6798.6 ms  ✓ Setfield
   3192.2 ms  ✓ SciMLStructures
   9199.4 ms  ✓ Jieko
   6511.1 ms  ✓ ChainRulesCore
   2097.2 ms  ✓ LogExpFunctions → LogExpFunctionsInverseFunctionsExt
   3060.0 ms  ✓ ArrayInterface → ArrayInterfaceGPUArraysCoreExt
   4290.3 ms  ✓ PreallocationTools
   2548.0 ms  ✓ BitTwiddlingConvenienceFunctions
   7805.3 ms  ✓ IntelOpenMP_jll
   8605.9 ms  ✓ RecipesBase
   2100.4 ms  ✓ ADTypes → ADTypesChainRulesCoreExt
   2150.1 ms  ✓ DifferentiationInterface → DifferentiationInterfaceChainRulesCoreExt
   3108.3 ms  ✓ FiniteDiff
  10147.9 ms  ✓ Accessors
   2450.1 ms  ✓ ArrayInterface → ArrayInterfaceChainRulesCoreExt
   3925.5 ms  ✓ CPUSummary
   4321.0 ms  ✓ StaticArrayInterface
   1357.0 ms  ✓ Accessors → LinearAlgebraExt
   1645.2 ms  ✓ DifferentiationInterface → DifferentiationInterfaceFiniteDiffExt
  16191.2 ms  ✓ SparseArrays
   2394.1 ms  ✓ PolyesterWeave
   2338.1 ms  ✓ CloseOpenIntervals
   5591.2 ms  ✓ LogExpFunctions → LogExpFunctionsChainRulesCoreExt
   2935.6 ms  ✓ LayoutPointers
   2414.9 ms  ✓ Adapt → AdaptSparseArraysExt
   3011.5 ms  ✓ Statistics → SparseArraysExt
   3014.1 ms  ✓ FillArrays → FillArraysSparseArraysExt
   3102.0 ms  ✓ DifferentiationInterface → DifferentiationInterfaceSparseArraysExt
   5499.1 ms  ✓ MKL_jll
   2347.7 ms  ✓ ArrayInterface → ArrayInterfaceSparseArraysExt
   2242.5 ms  ✓ MaybeInplace → MaybeInplaceSparseArraysExt
   4497.4 ms  ✓ SymbolicIndexingInterface
   2068.7 ms  ✓ FiniteDiff → FiniteDiffSparseArraysExt
   2316.6 ms  ✓ ChainRulesCore → ChainRulesCoreSparseArraysExt
  10203.0 ms  ✓ SpecialFunctions
   2845.5 ms  ✓ StrideArraysCore
   5879.4 ms  ✓ SciMLOperators
   1901.6 ms  ✓ DiffRules
   2139.6 ms  ✓ Polyester
   1701.6 ms  ✓ SciMLOperators → SciMLOperatorsStaticArraysCoreExt
   2102.0 ms  ✓ SciMLOperators → SciMLOperatorsSparseArraysExt
   3719.4 ms  ✓ SpecialFunctions → SpecialFunctionsChainRulesCoreExt
   1612.0 ms  ✓ FastBroadcast
   5053.0 ms  ✓ RecursiveArrayTools
   1737.8 ms  ✓ RecursiveArrayTools → RecursiveArrayToolsFastBroadcastExt
   2187.7 ms  ✓ RecursiveArrayTools → RecursiveArrayToolsSparseArraysExt
  22629.2 ms  ✓ StaticArrays
   2859.8 ms  ✓ DifferentiationInterface → DifferentiationInterfaceStaticArraysExt
   2869.7 ms  ✓ StaticArrays → StaticArraysStatisticsExt
   2850.7 ms  ✓ FiniteDiff → FiniteDiffStaticArraysExt
   2869.4 ms  ✓ Adapt → AdaptStaticArraysExt
   2980.9 ms  ✓ StaticArrays → StaticArraysChainRulesCoreExt
   3044.1 ms  ✓ StaticArrayInterface → StaticArrayInterfaceStaticArraysExt
   3046.8 ms  ✓ Accessors → StaticArraysExt
   3076.3 ms  ✓ ConstructionBase → ConstructionBaseStaticArraysExt
   9955.7 ms  ✓ ForwardDiff
   3106.8 ms  ✓ DifferentiationInterface → DifferentiationInterfaceForwardDiffExt
  19908.8 ms  ✓ Krylov
   3491.7 ms  ✓ ForwardDiff → ForwardDiffStaticArraysExt
   3544.5 ms  ✓ PreallocationTools → PreallocationToolsForwardDiffExt
  20641.9 ms  ✓ SparseMatrixColorings
   4106.0 ms  ✓ FastPower → FastPowerForwardDiffExt
   4708.1 ms  ✓ RecursiveArrayTools → RecursiveArrayToolsForwardDiffExt
   9565.9 ms  ✓ FastGaussQuadrature
  25965.9 ms  ✓ Moshi
   2138.4 ms  ✓ NLSolversBase
   1386.0 ms  ✓ DifferentiationInterface → DifferentiationInterfaceSparseMatrixColoringsExt
   1501.6 ms  ✓ LineSearches
   6446.3 ms  ✓ SciMLBase
  17327.2 ms  ✓ ArrayLayouts
   1116.0 ms  ✓ SciMLBase → SciMLBaseChainRulesCoreExt
   1394.6 ms  ✓ SciMLBase → SciMLBaseForwardDiffExt
    942.2 ms  ✓ ArrayLayouts → ArrayLayoutsSparseArraysExt
   2181.0 ms  ✓ DiffEqBase
   3207.1 ms  ✓ SciMLJacobianOperators
   1573.6 ms  ✓ DiffEqBase → DiffEqBaseChainRulesCoreExt
   1927.7 ms  ✓ DiffEqBase → DiffEqBaseSparseArraysExt
   2001.5 ms  ✓ DiffEqBase → DiffEqBaseForwardDiffExt
   2959.6 ms  ✓ LazyArrays
   1042.6 ms  ✓ LazyArrays → LazyArraysStaticArraysExt
   4007.4 ms  ✓ OrdinaryDiffEqCore
   3845.0 ms  ✓ LineSearch
   1055.1 ms  ✓ OrdinaryDiffEqCore → OrdinaryDiffEqCoreEnzymeCoreExt
   5030.3 ms  ✓ LineSearch → LineSearchLineSearchesExt
   7735.3 ms  ✓ OrdinaryDiffEqFunctionMap
   9963.9 ms  ✓ OrdinaryDiffEqPRK
  10590.8 ms  ✓ OrdinaryDiffEqSymplecticRK
  11640.4 ms  ✓ OrdinaryDiffEqExplicitRK
  16170.1 ms  ✓ NonlinearSolveBase
  12465.6 ms  ✓ OrdinaryDiffEqRKN
  12606.5 ms  ✓ OrdinaryDiffEqFeagin
  13242.5 ms  ✓ OrdinaryDiffEqHighOrderRK
  14187.2 ms  ✓ OrdinaryDiffEqStabilizedRK
  10466.1 ms  ✓ OrdinaryDiffEqQPRK
  15339.6 ms  ✓ OrdinaryDiffEqSSPRK
   3847.0 ms  ✓ NonlinearSolveBase → NonlinearSolveBaseLineSearchExt
  16135.7 ms  ✓ OrdinaryDiffEqLowOrderRK
   3897.9 ms  ✓ NonlinearSolveBase → NonlinearSolveBaseChainRulesCoreExt
   4609.1 ms  ✓ NonlinearSolveBase → NonlinearSolveBaseSparseArraysExt
   4719.5 ms  ✓ NonlinearSolveBase → NonlinearSolveBaseSparseMatrixColoringsExt
   5216.0 ms  ✓ NonlinearSolveBase → NonlinearSolveBaseForwardDiffExt
  11754.6 ms  ✓ OrdinaryDiffEqLowStorageRK
   4452.0 ms  ✓ OrdinaryDiffEqAdamsBashforthMoulton
  22228.5 ms  ✓ OrdinaryDiffEqTsit5
  10191.5 ms  ✓ BracketingNonlinearSolve
   1478.6 ms  ✓ BracketingNonlinearSolve → BracketingNonlinearSolveForwardDiffExt
   2302.1 ms  ✓ OrdinaryDiffEqNordsieck
   2432.9 ms  ✓ BracketingNonlinearSolve → BracketingNonlinearSolveChainRulesCoreExt
  30316.6 ms  ✓ LinearSolve
  16302.8 ms  ✓ NonlinearSolveSpectralMethods
   5283.5 ms  ✓ LinearSolve → LinearSolveEnzymeExt
   2137.4 ms  ✓ NonlinearSolveSpectralMethods → NonlinearSolveSpectralMethodsForwardDiffExt
   5582.2 ms  ✓ NonlinearSolveBase → NonlinearSolveBaseLinearSolveExt
   6773.4 ms  ✓ LinearSolve → LinearSolveForwardDiffExt
   8293.2 ms  ✓ LinearSolve → LinearSolveSparseArraysExt
  21188.8 ms  ✓ SimpleNonlinearSolve
   2204.7 ms  ✓ SimpleNonlinearSolve → SimpleNonlinearSolveChainRulesCoreExt
  80663.7 ms  ✓ ExponentialUtilities
  11907.0 ms  ✓ OrdinaryDiffEqDifferentiation
   1825.6 ms  ✓ ExponentialUtilities → ExponentialUtilitiesStaticArraysExt
   2573.8 ms  ✓ OrdinaryDiffEqLinear
   3010.0 ms  ✓ OrdinaryDiffEqDifferentiation → OrdinaryDiffEqDifferentiationSparseArraysExt
  13710.9 ms  ✓ OrdinaryDiffEqExponentialRK
  14784.5 ms  ✓ OrdinaryDiffEqExtrapolation
  32577.2 ms  ✓ NonlinearSolveQuasiNewton
  71202.3 ms  ✓ OrdinaryDiffEqVerner
   2308.1 ms  ✓ NonlinearSolveQuasiNewton → NonlinearSolveQuasiNewtonForwardDiffExt
  41922.3 ms  ✓ NonlinearSolveFirstOrder
  33163.7 ms  ✓ OrdinaryDiffEqRosenbrock
  10969.7 ms  ✓ NonlinearSolve
   3505.8 ms  ✓ OrdinaryDiffEqNonlinearSolve
   4187.4 ms  ✓ OrdinaryDiffEqIMEXMultistep
   4262.9 ms  ✓ OrdinaryDiffEqStabilizedIRK
   4695.6 ms  ✓ OrdinaryDiffEqPDIRK
   5699.5 ms  ✓ OrdinaryDiffEqSDIRK
  12603.9 ms  ✓ OrdinaryDiffEqBDF
  18989.1 ms  ✓ OrdinaryDiffEqFIRK
  22627.4 ms  ✓ OrdinaryDiffEqDefault
   3898.3 ms  ✓ OrdinaryDiffEq
  212 dependencies successfully precompiled in 199 seconds. 23 already precompiled.
	Command being timed: "nice -n -10 timeout -k120 -v 3600 julia +1.11.7 --project=O/OrdinaryDiffEq/Solve-The-Lorenz-Equation -e using Pkg; @time @eval Pkg.precompile()"
	User time (seconds): 798.65
	System time (seconds): 61.93
	Percent of CPU this job got: 345%
	Elapsed (wall clock) time (h:mm:ss or m:ss): 4:08.84
	Average shared text size (kbytes): 0
	Average unshared data size (kbytes): 0
	Average stack size (kbytes): 0
	Average total size (kbytes): 0
	Maximum resident set size (kbytes): 2036796
	Average resident set size (kbytes): 0
	Major (requiring I/O) page faults: 874
	Minor (reclaiming a frame) page faults: 13365143
	Voluntary context switches: 282826
	Involuntary context switches: 144223
	Swaps: 0
	File system inputs: 0
	File system outputs: 2033496
	Socket messages sent: 0
	Socket messages received: 0
	Signals delivered: 0
	Page size (bytes): 4096
	Exit status: 0
