Precompiling Pkg...
   1033.0 ms  ✓ UUIDs
   1037.8 ms  ✓ MozillaCACerts_jll
   1106.2 ms  ✓ MbedTLS_jll
   1113.1 ms  ✓ Logging
   1109.9 ms  ✓ Unicode
   1122.5 ms  ✓ Zlib_jll
   1209.0 ms  ✓ nghttp2_jll
   1222.0 ms  ✓ p7zip_jll
   1259.9 ms  ✓ NetworkOptions
   1263.3 ms  ✓ Base64
    377.0 ms  ✓ LibSSH2_jll
    462.1 ms  ✓ Printf
    425.9 ms  ✓ LibGit2_jll
    424.7 ms  ✓ LibCURL_jll
   2059.7 ms  ✓ ArgTools
    560.0 ms  ✓ LibCURL
    557.2 ms  ✓ Tar
   2151.2 ms  ✓ Dates
   2805.6 ms  ✓ Markdown
   2210.8 ms  ✓ LibGit2
    540.3 ms  ✓ TOML
   2899.7 ms  ✓ Downloads
  39539.1 ms  ✓ Pkg
  23 dependencies successfully precompiled in 45 seconds
Precompiling project...
   1761.7 ms  ✓ UnPack
   1766.4 ms  ✓ IteratorInterfaceExtensions
   1862.1 ms  ✓ SimpleUnPack
   1866.9 ms  ✓ ConcreteStructs
   1957.3 ms  ✓ Future
   2022.3 ms  ✓ CommonSolve
   2043.1 ms  ✓ ExprTools
   2256.9 ms  ✓ MuladdMacro
   2245.4 ms  ✓ OpenLibm_jll
   2432.4 ms  ✓ InverseFunctions
   2724.8 ms  ✓ Statistics
   3048.0 ms  ✓ ADTypes
   3356.7 ms  ✓ Serialization
   3462.9 ms  ✓ FunctionWrappers
   2004.4 ms  ✓ ManualMemory
   1911.5 ms  ✓ EnumX
   1803.5 ms  ✓ Reexport
   1884.7 ms  ✓ SIMDTypes
   2388.7 ms  ✓ SuiteSparse_jll
   2401.4 ms  ✓ CompilerSupportLibraries_jll
   2324.7 ms  ✓ Requires
   4441.9 ms  ✓ FillArrays
   2785.3 ms  ✓ OrderedCollections
   1905.2 ms  ✓ CompositionsBase
   2706.6 ms  ✓ DocStringExtensions
   1895.4 ms  ✓ FastPower
   1817.6 ms  ✓ IfElse
   1896.4 ms  ✓ CommonWorldInvalidations
   2306.8 ms  ✓ FastClosures
   3092.8 ms  ✓ EnzymeCore
   2396.6 ms  ✓ StaticArraysCore
   2603.7 ms  ✓ ConstructionBase
   2400.4 ms  ✓ Compat
   2913.3 ms  ✓ CpuId
   7647.5 ms  ✓ ExproniconLite
   3012.1 ms  ✓ Preferences
   2187.0 ms  ✓ NaNMath
   5611.6 ms  ✓ IrrationalConstants
   1868.9 ms  ✓ FunctionWrappersWrappers
   2785.8 ms  ✓ InverseFunctions → InverseFunctionsDatesExt
   2203.5 ms  ✓ ADTypes → ADTypesEnzymeCoreExt
   4886.2 ms  ✓ GenericSchur
   1998.3 ms  ✓ FillArrays → FillArraysStatisticsExt
   2315.3 ms  ✓ Adapt
   4899.6 ms  ✓ LazyArtifacts
   2294.1 ms  ✓ Parameters
   6086.1 ms  ✓ InteractiveUtils
   2289.6 ms  ✓ CompositionsBase → CompositionsBaseInverseFunctionsExt
   2110.8 ms  ✓ DiffResults
   2433.1 ms  ✓ RuntimeGeneratedFunctions
   2191.9 ms  ✓ ConstructionBase → ConstructionBaseLinearAlgebraExt
   2204.0 ms  ✓ ADTypes → ADTypesConstructionBaseExt
   4372.2 ms  ✓ ThreadingUtilities
   1988.0 ms  ✓ Compat → CompatLinearAlgebraExt
   5311.0 ms  ✓ DifferentiationInterface
   2199.9 ms  ✓ JLLWrappers
   2019.6 ms  ✓ PrecompileTools
  10496.7 ms  ✓ MacroTools
   2190.0 ms  ✓ EnzymeCore → AdaptExt
   2612.2 ms  ✓ GPUArraysCore
   2922.7 ms  ✓ ArrayInterface
   4294.8 ms  ✓ LogExpFunctions
   2604.9 ms  ✓ OpenSpecFun_jll
   3084.4 ms  ✓ oneTBB_jll
   2495.0 ms  ✓ CommonSubexpressions
  11199.8 ms  ✓ TimerOutputs
   2101.4 ms  ✓ DifferentiationInterface → DifferentiationInterfaceGPUArraysCoreExt
  10694.2 ms  ✓ Distributed
   2512.8 ms  ✓ TruncatedStacktraces
   4999.9 ms  ✓ Static
   6098.1 ms  ✓ ChainRulesCore
   2312.8 ms  ✓ ArrayInterface → ArrayInterfaceGPUArraysCoreExt
   8193.7 ms  ✓ Jieko
   2096.8 ms  ✓ ArrayInterface → ArrayInterfaceStaticArraysCoreExt
   6395.1 ms  ✓ IntelOpenMP_jll
   3308.8 ms  ✓ MaybeInplace
   2395.0 ms  ✓ SciMLStructures
   2294.2 ms  ✓ LogExpFunctions → LogExpFunctionsInverseFunctionsExt
   7892.7 ms  ✓ DataStructures
   6364.0 ms  ✓ Setfield
   2107.6 ms  ✓ BitTwiddlingConvenienceFunctions
   2282.4 ms  ✓ ADTypes → ADTypesChainRulesCoreExt
   2200.7 ms  ✓ DifferentiationInterface → DifferentiationInterfaceChainRulesCoreExt
   1809.7 ms  ✓ ArrayInterface → ArrayInterfaceChainRulesCoreExt
   4219.3 ms  ✓ PreallocationTools
   9578.5 ms  ✓ RecipesBase
   4375.6 ms  ✓ CPUSummary
   2524.7 ms  ✓ FiniteDiff
  15115.1 ms  ✓ SparseArrays
   9082.3 ms  ✓ Accessors
   5200.2 ms  ✓ StaticArrayInterface
   5613.7 ms  ✓ MKL_jll
   2303.5 ms  ✓ DifferentiationInterface → DifferentiationInterfaceFiniteDiffExt
   2511.9 ms  ✓ PolyesterWeave
   5685.8 ms  ✓ LogExpFunctions → LogExpFunctionsChainRulesCoreExt
   2598.4 ms  ✓ Adapt → AdaptSparseArraysExt
   2639.7 ms  ✓ Statistics → SparseArraysExt
   2710.5 ms  ✓ DifferentiationInterface → DifferentiationInterfaceSparseArraysExt
   2730.2 ms  ✓ FillArrays → FillArraysSparseArraysExt
   2617.9 ms  ✓ ChainRulesCore → ChainRulesCoreSparseArraysExt
   2785.9 ms  ✓ ArrayInterface → ArrayInterfaceSparseArraysExt
   2483.1 ms  ✓ MaybeInplace → MaybeInplaceSparseArraysExt
   1986.6 ms  ✓ FiniteDiff → FiniteDiffSparseArraysExt
   1596.0 ms  ✓ Accessors → LinearAlgebraExt
   1594.6 ms  ✓ CloseOpenIntervals
   1618.5 ms  ✓ LayoutPointers
   9319.9 ms  ✓ SpecialFunctions
   1502.5 ms  ✓ DiffRules
   1905.8 ms  ✓ StrideArraysCore
   2596.4 ms  ✓ SymbolicIndexingInterface
   3609.4 ms  ✓ SciMLOperators
   1477.8 ms  ✓ Polyester
   3791.7 ms  ✓ SpecialFunctions → SpecialFunctionsChainRulesCoreExt
   1293.6 ms  ✓ SciMLOperators → SciMLOperatorsStaticArraysCoreExt
   1599.3 ms  ✓ SciMLOperators → SciMLOperatorsSparseArraysExt
   1511.6 ms  ✓ FastBroadcast
  20805.8 ms  ✓ StaticArrays
   5077.0 ms  ✓ RecursiveArrayTools
   2853.4 ms  ✓ DifferentiationInterface → DifferentiationInterfaceStaticArraysExt
   2875.1 ms  ✓ StaticArrays → StaticArraysStatisticsExt
   2878.4 ms  ✓ FiniteDiff → FiniteDiffStaticArraysExt
   2983.2 ms  ✓ StaticArrays → StaticArraysChainRulesCoreExt
   2985.0 ms  ✓ Adapt → AdaptStaticArraysExt
   3169.6 ms  ✓ Accessors → StaticArraysExt
   3171.5 ms  ✓ StaticArrayInterface → StaticArrayInterfaceStaticArraysExt
   3183.5 ms  ✓ ConstructionBase → ConstructionBaseStaticArraysExt
   2599.5 ms  ✓ RecursiveArrayTools → RecursiveArrayToolsFastBroadcastExt
   9766.4 ms  ✓ ForwardDiff
   2233.5 ms  ✓ RecursiveArrayTools → RecursiveArrayToolsSparseArraysExt
   6171.2 ms  ✓ FastGaussQuadrature
   2410.7 ms  ✓ FastPower → FastPowerForwardDiffExt
   2793.5 ms  ✓ RecursiveArrayTools → RecursiveArrayToolsForwardDiffExt
   2806.5 ms  ✓ PreallocationTools → PreallocationToolsForwardDiffExt
   3203.2 ms  ✓ ForwardDiff → ForwardDiffStaticArraysExt
  18722.5 ms  ✓ SparseMatrixColorings
   3796.0 ms  ✓ DifferentiationInterface → DifferentiationInterfaceForwardDiffExt
  19468.6 ms  ✓ Krylov
  23446.7 ms  ✓ Moshi
   1791.7 ms  ✓ DifferentiationInterface → DifferentiationInterfaceSparseMatrixColoringsExt
   1571.2 ms  ✓ NLSolversBase
   1342.4 ms  ✓ LineSearches
   5838.6 ms  ✓ SciMLBase
    756.8 ms  ✓ SciMLBase → SciMLBaseChainRulesCoreExt
  16679.3 ms  ✓ ArrayLayouts
    798.7 ms  ✓ ArrayLayouts → ArrayLayoutsSparseArraysExt
   1879.9 ms  ✓ DiffEqBase
   2324.1 ms  ✓ SciMLJacobianOperators
   1543.5 ms  ✓ DiffEqBase → DiffEqBaseChainRulesCoreExt
   1708.1 ms  ✓ DiffEqBase → DiffEqBaseSparseArraysExt
   1968.2 ms  ✓ DiffEqBase → DiffEqBaseForwardDiffExt
   2783.8 ms  ✓ LazyArrays
    955.6 ms  ✓ LazyArrays → LazyArraysStaticArraysExt
   3721.9 ms  ✓ OrdinaryDiffEqCore
   3678.8 ms  ✓ LineSearch
    961.6 ms  ✓ OrdinaryDiffEqCore → OrdinaryDiffEqCoreEnzymeCoreExt
   2983.9 ms  ✓ LineSearch → LineSearchLineSearchesExt
   7513.6 ms  ✓ OrdinaryDiffEqFunctionMap
  13085.5 ms  ✓ NonlinearSolveBase
  10204.4 ms  ✓ OrdinaryDiffEqPRK
  10443.1 ms  ✓ OrdinaryDiffEqExplicitRK
  10847.1 ms  ✓ OrdinaryDiffEqSymplecticRK
  10891.4 ms  ✓ OrdinaryDiffEqFeagin
   9329.6 ms  ✓ OrdinaryDiffEqQPRK
  11814.4 ms  ✓ OrdinaryDiffEqRKN
  12144.0 ms  ✓ OrdinaryDiffEqHighOrderRK
  12231.9 ms  ✓ OrdinaryDiffEqStabilizedRK
  13440.3 ms  ✓ OrdinaryDiffEqSSPRK
   4804.4 ms  ✓ NonlinearSolveBase → NonlinearSolveBaseSparseMatrixColoringsExt
   3287.6 ms  ✓ NonlinearSolveBase → NonlinearSolveBaseLineSearchExt
   3508.7 ms  ✓ NonlinearSolveBase → NonlinearSolveBaseDiffEqBaseExt
   4118.1 ms  ✓ NonlinearSolveBase → NonlinearSolveBaseSparseArraysExt
   4499.4 ms  ✓ NonlinearSolveBase → NonlinearSolveBaseForwardDiffExt
  14846.6 ms  ✓ OrdinaryDiffEqLowOrderRK
   9924.2 ms  ✓ OrdinaryDiffEqLowStorageRK
  19333.0 ms  ✓ OrdinaryDiffEqTsit5
   4597.1 ms  ✓ OrdinaryDiffEqAdamsBashforthMoulton
   8387.6 ms  ✓ BracketingNonlinearSolve
   1203.2 ms  ✓ BracketingNonlinearSolve → BracketingNonlinearSolveForwardDiffExt
   2103.4 ms  ✓ OrdinaryDiffEqNordsieck
   2592.9 ms  ✓ BracketingNonlinearSolve → BracketingNonlinearSolveChainRulesCoreExt
  26411.1 ms  ✓ LinearSolve
  12682.1 ms  ✓ NonlinearSolveSpectralMethods
   2216.4 ms  ✓ NonlinearSolveSpectralMethods → NonlinearSolveSpectralMethodsForwardDiffExt
   4585.1 ms  ✓ NonlinearSolveBase → NonlinearSolveBaseLinearSolveExt
   4657.6 ms  ✓ LinearSolve → LinearSolveEnzymeExt
   5671.3 ms  ✓ LinearSolve → LinearSolveForwardDiffExt
   7024.5 ms  ✓ LinearSolve → LinearSolveSparseArraysExt
  19686.1 ms  ✓ SimpleNonlinearSolve
   2309.8 ms  ✓ SimpleNonlinearSolve → SimpleNonlinearSolveChainRulesCoreExt
   2410.8 ms  ✓ SimpleNonlinearSolve → SimpleNonlinearSolveDiffEqBaseExt
  11424.4 ms  ✓ OrdinaryDiffEqDifferentiation
  74308.9 ms  ✓ ExponentialUtilities
   1921.2 ms  ✓ ExponentialUtilities → ExponentialUtilitiesStaticArraysExt
   2826.3 ms  ✓ OrdinaryDiffEqLinear
   9692.2 ms  ✓ OrdinaryDiffEqExtrapolation
  11095.7 ms  ✓ OrdinaryDiffEqExponentialRK
  28525.6 ms  ✓ NonlinearSolveQuasiNewton
   2321.2 ms  ✓ NonlinearSolveQuasiNewton → NonlinearSolveQuasiNewtonForwardDiffExt
  64006.4 ms  ✓ OrdinaryDiffEqVerner
  37085.0 ms  ✓ NonlinearSolveFirstOrder
  30222.7 ms  ✓ OrdinaryDiffEqRosenbrock
  10168.6 ms  ✓ NonlinearSolve
   3294.9 ms  ✓ OrdinaryDiffEqNonlinearSolve
   3706.5 ms  ✓ OrdinaryDiffEqIMEXMultistep
   3771.3 ms  ✓ OrdinaryDiffEqStabilizedIRK
   4231.8 ms  ✓ OrdinaryDiffEqPDIRK
   5124.9 ms  ✓ OrdinaryDiffEqSDIRK
  11184.1 ms  ✓ OrdinaryDiffEqBDF
  16876.6 ms  ✓ OrdinaryDiffEqFIRK
  20155.1 ms  ✓ OrdinaryDiffEqDefault
   3664.7 ms  ✓ OrdinaryDiffEq
  211 dependencies successfully precompiled in 178 seconds. 23 already precompiled.
	Command being timed: "julia +1.11.7 --project=O/OrdinaryDiffEq/Solve-The-Lorenz-Equation -e using Pkg; @time @eval Pkg.precompile()"
	User time (seconds): 722.01
	System time (seconds): 51.32
	Percent of CPU this job got: 344%
	Elapsed (wall clock) time (h:mm:ss or m:ss): 3:44.43
	Average shared text size (kbytes): 0
	Average unshared data size (kbytes): 0
	Average stack size (kbytes): 0
	Average total size (kbytes): 0
	Maximum resident set size (kbytes): 2064212
	Average resident set size (kbytes): 0
	Major (requiring I/O) page faults: 1008
	Minor (reclaiming a frame) page faults: 13263227
	Voluntary context switches: 284517
	Involuntary context switches: 124195
	Swaps: 0
	File system inputs: 0
	File system outputs: 2012536
	Socket messages sent: 0
	Socket messages received: 0
	Signals delivered: 0
	Page size (bytes): 4096
	Exit status: 0
