nice: cannot set niceness: Permission denied
Precompiling packages...
   1492.0 ms  ✓ nghttp2_jll
   1502.7 ms  ✓ MozillaCACerts_jll
   1517.2 ms  ✓ Unicode
   1590.5 ms  ✓ Logging
   1598.4 ms  ✓ UUIDs
   1619.4 ms  ✓ Zlib_jll
   1719.2 ms  ✓ OpenSSL_jll
   1717.5 ms  ✓ CompilerSupportLibraries_jll
   1797.0 ms  ✓ NetworkOptions
   1831.6 ms  ✓ Base64
    476.9 ms  ✓ LibSSH2_jll
    779.8 ms  ✓ Printf
    592.6 ms  ✓ p7zip_jll
    479.5 ms  ✓ LibGit2_jll
    490.9 ms  ✓ LibCURL_jll
   3206.2 ms  ✓ ArgTools
    764.2 ms  ✓ LibCURL
    614.6 ms  ✓ Tar
   2943.7 ms  ✓ Dates
   2998.2 ms  ✓ LibGit2
    445.9 ms  ✓ TOML
   2949.9 ms  ✓ Downloads
   9234.3 ms  ✓ StyledStrings
   1655.0 ms  ✓ JuliaSyntaxHighlighting
   3702.1 ms  ✓ Markdown
  45813.1 ms  ✓ Pkg
  26 dependencies successfully precompiled in 60 seconds
Precompiling packages...
   2496.2 ms  ✓ ConcreteStructs
   2478.4 ms  ✓ CommonSolve
   2502.9 ms  ✓ IteratorInterfaceExtensions
   2502.3 ms  ✓ Future
   2514.6 ms  ✓ MuladdMacro
   2599.1 ms  ✓ ExprTools
   2700.9 ms  ✓ OpenLibm_jll
   3098.8 ms  ✓ InverseFunctions
   3273.7 ms  ✓ SuiteSparse_jll
   3585.8 ms  ✓ Statistics
   4202.9 ms  ✓ ADTypes
   4311.3 ms  ✓ Serialization
   2396.8 ms  ✓ SIMDTypes
   2575.8 ms  ✓ Reexport
   2689.1 ms  ✓ EnumX
   2907.3 ms  ✓ ManualMemory
   5493.0 ms  ✓ FillArrays
   2495.3 ms  ✓ FastPower
   2812.1 ms  ✓ CompositionsBase
   3664.0 ms  ✓ DocStringExtensions
   2382.1 ms  ✓ IfElse
   4293.5 ms  ✓ Requires
   2502.9 ms  ✓ CommonWorldInvalidations
   2502.9 ms  ✓ FastClosures
   3806.0 ms  ✓ EnzymeCore
   2994.2 ms  ✓ SciMLPublic
   3012.2 ms  ✓ StaticArraysCore
   3192.2 ms  ✓ LoggingExtras
   3706.3 ms  ✓ Preferences
   4006.4 ms  ✓ CpuId
   2592.5 ms  ✓ InverseFunctions → InverseFunctionsDatesExt
  11218.0 ms  ✓ FunctionWrappers
   5801.5 ms  ✓ GenericSchur
  10607.6 ms  ✓ OrderedCollections
   5514.9 ms  ✓ LazyArtifacts
   9298.5 ms  ✓ ConstructionBase
   2499.7 ms  ✓ FillArrays → FillArraysStatisticsExt
   2599.6 ms  ✓ CompositionsBase → CompositionsBaseInverseFunctionsExt
   2794.0 ms  ✓ Adapt
  13497.5 ms  ✓ IrrationalConstants
   2394.2 ms  ✓ ADTypes → ADTypesEnzymeCoreExt
  16893.1 ms  ✓ ExproniconLite
   2507.9 ms  ✓ DiffResults
  10097.5 ms  ✓ Compat
   9300.1 ms  ✓ NaNMath
   2993.9 ms  ✓ PrecompileTools
   3365.5 ms  ✓ JLLWrappers
   2383.1 ms  ✓ FunctionWrappersWrappers
   2566.3 ms  ✓ ConstructionBase → ConstructionBaseLinearAlgebraExt
   8897.3 ms  ✓ RuntimeGeneratedFunctions
   3392.8 ms  ✓ SciMLLogging
  19986.9 ms  ✓ MacroTools
  13735.6 ms  ✓ InteractiveUtils
   3207.9 ms  ✓ ADTypes → ADTypesConstructionBaseExt
  12198.9 ms  ✓ DifferentiationInterface
   2439.9 ms  ✓ EnzymeCore → AdaptExt
   3211.6 ms  ✓ GPUArraysCore
   2506.5 ms  ✓ Compat → CompatLinearAlgebraExt
  11756.6 ms  ✓ ThreadingUtilities
   3491.9 ms  ✓ LogExpFunctions
   3612.1 ms  ✓ OpenSpecFun_jll
   2988.1 ms  ✓ CommonSubexpressions
   6899.3 ms  ✓ IntelOpenMP_jll
   9197.6 ms  ✓ DataStructures
  15768.5 ms  ✓ Distributed
   9994.6 ms  ✓ ArrayInterface
   7214.6 ms  ✓ oneTBB_jll
   3390.3 ms  ✓ DifferentiationInterface → DifferentiationInterfaceGPUArraysCoreExt
   8787.8 ms  ✓ RecipesBase
  20979.4 ms  ✓ TimerOutputs
   4205.1 ms  ✓ TruncatedStacktraces
   9835.2 ms  ✓ Jieko
   3419.7 ms  ✓ LogExpFunctions → LogExpFunctionsInverseFunctionsExt
   7512.6 ms  ✓ Setfield
   2519.3 ms  ✓ ArrayInterface → ArrayInterfaceGPUArraysCoreExt
   2203.1 ms  ✓ ArrayInterface → ArrayInterfaceStaticArraysCoreExt
   3106.8 ms  ✓ MaybeInplace
   2177.6 ms  ✓ FiniteDiff
   4416.3 ms  ✓ PreallocationTools
   4402.7 ms  ✓ MKL_jll
   1320.1 ms  ✓ DifferentiationInterface → DifferentiationInterfaceFiniteDiffExt
  23316.8 ms  ✓ SparseArrays
   6405.3 ms  ✓ SciMLStructures
   9794.1 ms  ✓ ChainRulesCore
  10503.0 ms  ✓ SpecialFunctions
   3194.4 ms  ✓ ArrayInterface → ArrayInterfaceSparseArraysExt
  14400.5 ms  ✓ Accessors
   3373.2 ms  ✓ MaybeInplace → MaybeInplaceSparseArraysExt
   3574.3 ms  ✓ Statistics → SparseArraysExt
   3863.9 ms  ✓ Adapt → AdaptSparseArraysExt
   3866.4 ms  ✓ FillArrays → FillArraysSparseArraysExt
   3918.7 ms  ✓ DifferentiationInterface → DifferentiationInterfaceSparseArraysExt
   3285.8 ms  ✓ FiniteDiff → FiniteDiffSparseArraysExt
   2884.7 ms  ✓ ADTypes → ADTypesChainRulesCoreExt
   2420.6 ms  ✓ DifferentiationInterface → DifferentiationInterfaceChainRulesCoreExt
   2293.4 ms  ✓ ArrayInterface → ArrayInterfaceChainRulesCoreExt
   2603.9 ms  ✓ EnzymeCore → EnzymeCoreChainRulesCoreExt
   2610.3 ms  ✓ Accessors → LinearAlgebraExt
   2820.2 ms  ✓ DiffRules
  22603.2 ms  ✓ Static
   7897.2 ms  ✓ ChainRulesCore → ChainRulesCoreSparseArraysExt
   9398.0 ms  ✓ NLSolversBase
   6138.1 ms  ✓ LogExpFunctions → LogExpFunctionsChainRulesCoreExt
   1893.2 ms  ✓ BitTwiddlingConvenienceFunctions
   7028.5 ms  ✓ SpecialFunctions → SpecialFunctionsChainRulesCoreExt
   3902.0 ms  ✓ CPUSummary
   1686.7 ms  ✓ PolyesterWeave
   7725.8 ms  ✓ SymbolicIndexingInterface
   6000.0 ms  ✓ LineSearches
   8594.2 ms  ✓ SciMLOperators
   1386.7 ms  ✓ SciMLOperators → SciMLOperatorsStaticArraysCoreExt
   1889.6 ms  ✓ SciMLOperators → SciMLOperatorsSparseArraysExt
  33492.9 ms  ✓ StaticArrays
  15486.8 ms  ✓ ForwardDiff
   4308.7 ms  ✓ FillArrays → FillArraysStaticArraysExt
   4585.3 ms  ✓ DifferentiationInterface → DifferentiationInterfaceStaticArraysExt
   4613.1 ms  ✓ FiniteDiff → FiniteDiffStaticArraysExt
   4608.2 ms  ✓ Accessors → StaticArraysExt
   4819.1 ms  ✓ Adapt → AdaptStaticArraysExt
  24484.7 ms  ✓ SparseMatrixColorings
   5097.5 ms  ✓ StaticArrays → StaticArraysStatisticsExt
   5137.4 ms  ✓ ConstructionBase → ConstructionBaseStaticArraysExt
   3511.6 ms  ✓ ForwardDiff → ForwardDiffStaticArraysExt
   2285.7 ms  ✓ FastPower → FastPowerForwardDiffExt
  27389.7 ms  ✓ Krylov
   3638.9 ms  ✓ DifferentiationInterface → DifferentiationInterfaceSparseMatrixColoringsExt
   4509.1 ms  ✓ PreallocationTools → PreallocationToolsForwardDiffExt
   9594.8 ms  ✓ StaticArrays → StaticArraysChainRulesCoreExt
   9542.1 ms  ✓ FastGaussQuadrature
  34111.5 ms  ✓ Moshi
   5720.4 ms  ✓ DifferentiationInterface → DifferentiationInterfaceForwardDiffExt
  16759.1 ms  ✓ RecursiveArrayTools
    541.1 ms  ✓ RecursiveArrayTools → RecursiveArrayToolsStatisticsExt
    581.4 ms  ✓ RecursiveArrayTools → RecursiveArrayToolsForwardDiffExt
    704.1 ms  ✓ RecursiveArrayTools → RecursiveArrayToolsSparseArraysExt
  31752.2 ms  ✓ StaticArrayInterface
    506.5 ms  ✓ CloseOpenIntervals
    596.4 ms  ✓ LayoutPointers
    621.6 ms  ✓ StaticArrayInterface → StaticArrayInterfaceStaticArraysExt
   1226.2 ms  ✓ StrideArraysCore
   2016.2 ms  ✓ Polyester
    864.9 ms  ✓ FastBroadcast
    706.2 ms  ✓ RecursiveArrayTools → RecursiveArrayToolsFastBroadcastExt
  42328.9 ms  ✓ ExponentialUtilities
  15606.8 ms  ✓ SciMLBase
   1615.5 ms  ✓ ExponentialUtilities → ExponentialUtilitiesStaticArraysExt
    901.6 ms  ✓ SciMLBase → SciMLBaseDifferentiationInterfaceExt
    968.0 ms  ✓ SciMLBase → SciMLBaseChainRulesCoreExt
   1804.8 ms  ✓ SciMLBase → SciMLBaseForwardDiffExt
   3005.8 ms  ✓ SciMLJacobianOperators
   3613.9 ms  ✓ LineSearch
   1508.2 ms  ✓ LineSearch → LineSearchLineSearchesExt
   8152.2 ms  ✓ LinearSolve
   6621.6 ms  ✓ NonlinearSolveBase
   2351.2 ms  ✓ NonlinearSolveBase → NonlinearSolveBaseChainRulesCoreExt
   2649.2 ms  ✓ NonlinearSolveBase → NonlinearSolveBaseLineSearchExt
   2768.8 ms  ✓ NonlinearSolveBase → NonlinearSolveBaseSparseArraysExt
   2859.2 ms  ✓ NonlinearSolveBase → NonlinearSolveBaseForwardDiffExt
   2970.0 ms  ✓ NonlinearSolveBase → NonlinearSolveBaseSparseMatrixColoringsExt
   4589.7 ms  ✓ LinearSolve → LinearSolveForwardDiffExt
   5647.6 ms  ✓ LinearSolve → LinearSolveSparseArraysExt
   4528.8 ms  ✓ NonlinearSolveBase → NonlinearSolveBaseLinearSolveExt
   5749.8 ms  ✓ BracketingNonlinearSolve
   2006.9 ms  ✓ LinearSolve → LinearSolveEnzymeExt
   1200.2 ms  ✓ BracketingNonlinearSolve → BracketingNonlinearSolveForwardDiffExt
   1435.4 ms  ✓ BracketingNonlinearSolve → BracketingNonlinearSolveChainRulesCoreExt
   3154.4 ms  ✓ DiffEqBase
   3378.9 ms  ✓ DiffEqBase → DiffEqBaseChainRulesCoreExt
   3423.8 ms  ✓ DiffEqBase → DiffEqBaseForwardDiffExt
   3456.6 ms  ✓ DiffEqBase → DiffEqBaseSparseArraysExt
   9783.0 ms  ✓ NonlinearSolveSpectralMethods
   1208.5 ms  ✓ NonlinearSolveSpectralMethods → NonlinearSolveSpectralMethodsForwardDiffExt
   6091.4 ms  ✓ OrdinaryDiffEqCore
   1633.2 ms  ✓ OrdinaryDiffEqCore → OrdinaryDiffEqCoreEnzymeCoreExt
   4364.2 ms  ✓ OrdinaryDiffEqCore → OrdinaryDiffEqCoreSparseArraysExt
  13818.0 ms  ✓ SimpleNonlinearSolve
  11296.5 ms  ✓ OrdinaryDiffEqFunctionMap
  11890.6 ms  ✓ OrdinaryDiffEqQPRK
  14705.3 ms  ✓ OrdinaryDiffEqSymplecticRK
  14826.2 ms  ✓ OrdinaryDiffEqExplicitRK
  15197.3 ms  ✓ OrdinaryDiffEqFeagin
  15600.8 ms  ✓ OrdinaryDiffEqHighOrderRK
  15702.3 ms  ✓ OrdinaryDiffEqPRK
  15921.2 ms  ✓ OrdinaryDiffEqStabilizedRK
  16024.7 ms  ✓ OrdinaryDiffEqRKN
  16426.3 ms  ✓ OrdinaryDiffEqSSPRK
  19300.2 ms  ✓ OrdinaryDiffEqLowOrderRK
   5219.9 ms  ✓ SimpleNonlinearSolve → SimpleNonlinearSolveChainRulesCoreExt
  16182.6 ms  ✓ OrdinaryDiffEqLowStorageRK
  32509.5 ms  ✓ NonlinearSolveQuasiNewton
  10515.6 ms  ✓ OrdinaryDiffEqLinear
  23678.4 ms  ✓ OrdinaryDiffEqTsit5
   3601.7 ms  ✓ NonlinearSolveQuasiNewton → NonlinearSolveQuasiNewtonForwardDiffExt
   4872.2 ms  ✓ OrdinaryDiffEqAdamsBashforthMoulton
  10148.3 ms  ✓ OrdinaryDiffEqDifferentiation
   1806.3 ms  ✓ OrdinaryDiffEqNordsieck
   1978.0 ms  ✓ OrdinaryDiffEqDifferentiation → OrdinaryDiffEqDifferentiationSparseArraysExt
  44557.4 ms  ✓ NonlinearSolveFirstOrder
   7495.6 ms  ✓ OrdinaryDiffEqExponentialRK
   8206.9 ms  ✓ OrdinaryDiffEqExtrapolation
  45018.6 ms  ✓ OrdinaryDiffEqVerner
  14199.0 ms  ✓ NonlinearSolve
  24356.7 ms  ✓ OrdinaryDiffEqRosenbrock
   5067.1 ms  ✓ OrdinaryDiffEqNonlinearSolve
   3522.0 ms  ✓ OrdinaryDiffEqIMEXMultistep
   3538.0 ms  ✓ OrdinaryDiffEqStabilizedIRK
   4000.8 ms  ✓ OrdinaryDiffEqPDIRK
   4715.4 ms  ✓ OrdinaryDiffEqSDIRK
   9198.9 ms  ✓ OrdinaryDiffEqBDF
  17254.1 ms  ✓ OrdinaryDiffEqFIRK
  21140.7 ms  ✓ OrdinaryDiffEqDefault
   3462.4 ms  ✓ OrdinaryDiffEq
  212 dependencies successfully precompiled in 199 seconds. 26 already precompiled.
	Command being timed: "nice -n -10 timeout -k120 -v 3600 julia +release --project=O/OrdinaryDiffEq/Solve-The-Lorenz-Equation -e using Pkg; @time @eval Pkg.precompile()"
	User time (seconds): 841.18
	System time (seconds): 58.09
	Percent of CPU this job got: 346%
	Elapsed (wall clock) time (h:mm:ss or m:ss): 4:19.86
	Average shared text size (kbytes): 0
	Average unshared data size (kbytes): 0
	Average stack size (kbytes): 0
	Average total size (kbytes): 0
	Maximum resident set size (kbytes): 2148344
	Average resident set size (kbytes): 0
	Major (requiring I/O) page faults: 936
	Minor (reclaiming a frame) page faults: 15476829
	Voluntary context switches: 37265
	Involuntary context switches: 64305
	Swaps: 0
	File system inputs: 0
	File system outputs: 1552760
	Socket messages sent: 0
	Socket messages received: 0
	Signals delivered: 0
	Page size (bytes): 4096
	Exit status: 0
