nice: cannot set niceness: Permission denied
	Command being timed: "nice -n -10 timeout -k120 -v 3600 julia +nightly --project=O/OrdinaryDiffEq/Solve-The-Lorenz-Equation O/OrdinaryDiffEq/Solve-The-Lorenz-Equation/task.jl"
	User time (seconds): 168.77
	System time (seconds): 7.76
	Percent of CPU this job got: 182%
	Elapsed (wall clock) time (h:mm:ss or m:ss): 1:36.61
	Average shared text size (kbytes): 0
	Average unshared data size (kbytes): 0
	Average stack size (kbytes): 0
	Average total size (kbytes): 0
	Maximum resident set size (kbytes): 1456828
	Average resident set size (kbytes): 0
	Major (requiring I/O) page faults: 131
	Minor (reclaiming a frame) page faults: 2725102
	Voluntary context switches: 3999
	Involuntary context switches: 1660
	Swaps: 0
	File system inputs: 0
	File system outputs: 358584
	Socket messages sent: 0
	Socket messages received: 0
	Signals delivered: 0
	Page size (bytes): 4096
	Exit status: 0
