nice: cannot set niceness: Permission denied
Precompiling packages...
   1945.8 ms  ✓ CommonSolve
   1983.8 ms  ✓ Reexport
   1986.1 ms  ✓ OpenLibm_jll
   2067.8 ms  ✓ MuladdMacro
   2094.3 ms  ✓ EnumX
   2269.9 ms  ✓ ExprTools
   2364.8 ms  ✓ InverseFunctions
   2388.7 ms  ✓ ConcreteStructs
   2842.3 ms  ✓ Compat
   2644.2 ms  ✓ ConstructionBase
   2766.5 ms  ✓ DocStringExtensions
   2810.1 ms  ✓ Adapt
   3262.2 ms  ✓ OrderedCollections
   3366.2 ms  ✓ EnzymeCore
   3772.0 ms  ✓ FunctionWrappers
   1873.8 ms  ✓ LazyArtifacts
   1991.5 ms  ✓ IteratorInterfaceExtensions
   1921.3 ms  ✓ FastClosures
   2217.8 ms  ✓ CompilerSupportLibraries_jll
   2094.2 ms  ✓ CompositionsBase
   2196.5 ms  ✓ SuiteSparse_jll
   2194.6 ms  ✓ SciMLPublic
   1699.5 ms  ✓ FastPower
   2496.8 ms  ✓ LoggingExtras
   2537.5 ms  ✓ ADTypes
   5549.4 ms  ✓ IrrationalConstants
   2721.4 ms  ✓ StaticArraysCore
   2196.9 ms  ✓ RuntimeGeneratedFunctions
   2216.4 ms  ✓ NaNMath
   2113.8 ms  ✓ InverseFunctions → InverseFunctionsDatesExt
   3693.8 ms  ✓ OrdinaryDiffEqRosenbrockTableaus
   2196.9 ms  ✓ ConstructionBase → ConstructionBaseLinearAlgebraExt
   2227.5 ms  ✓ Compat → CompatLinearAlgebraExt
   3474.1 ms  ✓ Preferences
   2086.0 ms  ✓ EnzymeCore → AdaptExt
   2409.1 ms  ✓ ArrayInterface
   2088.4 ms  ✓ CommonSolve → CommonSolveEnzymeCoreExt
   2704.3 ms  ✓ GPUArraysCore
   2306.6 ms  ✓ CompositionsBase → CompositionsBaseInverseFunctionsExt
   2205.8 ms  ✓ ADTypes → ADTypesConstructionBaseExt
   2402.9 ms  ✓ ADTypes → ADTypesEnzymeCoreExt
   1746.2 ms  ✓ PrecompileTools
   2682.2 ms  ✓ DiffResults
   2697.2 ms  ✓ LogExpFunctions
   2121.7 ms  ✓ JLLWrappers
   1913.5 ms  ✓ ArrayInterface → ArrayInterfaceStaticArraysCoreExt
   2284.1 ms  ✓ SciMLLogging
   7919.4 ms  ✓ Distributed
   2491.1 ms  ✓ FastBroadcast
   2280.3 ms  ✓ ArrayInterface → ArrayInterfaceGPUArraysCoreExt
   5198.2 ms  ✓ DifferentiationInterface
   2576.1 ms  ✓ SciMLStructures
   9136.4 ms  ✓ MacroTools
   2294.3 ms  ✓ LogExpFunctions → LogExpFunctionsInverseFunctionsExt
   2298.8 ms  ✓ OpenSpecFun_jll
   2412.9 ms  ✓ IntelOpenMP_jll
   2694.4 ms  ✓ oneTBB_jll
   7015.6 ms  ✓ DataStructures
   8305.4 ms  ✓ TimerOutputs
   1489.0 ms  ✓ DifferentiationInterface → DifferentiationInterfaceGPUArraysCoreExt
   1412.8 ms  ✓ TruncatedStacktraces
   4026.9 ms  ✓ PreallocationTools
   1583.6 ms  ✓ CommonSubexpressions
   1386.1 ms  ✓ MKL_jll
   1980.1 ms  ✓ MaybeInplace
   4612.9 ms  ✓ RecipesBase
   2347.5 ms  ✓ Setfield
    988.4 ms  ✓ FunctionWrappersWrappers
    552.7 ms  ✓ FiniteDiff
   3046.9 ms  ✓ Accessors
   8605.4 ms  ✓ SparseArrays
    990.7 ms  ✓ DifferentiationInterface → DifferentiationInterfaceFiniteDiffExt
   1055.4 ms  ✓ Accessors → LinearAlgebraExt
   1491.3 ms  ✓ Adapt → AdaptSparseArraysExt
   1569.0 ms  ✓ ArrayInterface → ArrayInterfaceSparseArraysExt
   1570.1 ms  ✓ DifferentiationInterface → DifferentiationInterfaceSparseArraysExt
   4517.2 ms  ✓ SpecialFunctions
   1715.6 ms  ✓ Statistics
    570.0 ms  ✓ DiffRules
   1463.4 ms  ✓ SymbolicIndexingInterface
   1954.2 ms  ✓ SciMLOperators
    530.8 ms  ✓ SciMLOperators → SciMLOperatorsStaticArraysCoreExt
    665.8 ms  ✓ SciMLOperators → SciMLOperatorsSparseArraysExt
   2902.7 ms  ✓ ForwardDiff
   3917.4 ms  ✓ RecursiveArrayTools
   1694.1 ms  ✓ FastPower → FastPowerForwardDiffExt
   2686.8 ms  ✓ DifferentiationInterface → DifferentiationInterfaceForwardDiffExt
   2319.1 ms  ✓ RecursiveArrayTools → RecursiveArrayToolsFastBroadcastExt
   2416.0 ms  ✓ RecursiveArrayTools → RecursiveArrayToolsForwardDiffExt
   3658.3 ms  ✓ PreallocationTools → PreallocationToolsForwardDiffExt
   2491.9 ms  ✓ RecursiveArrayTools → RecursiveArrayToolsSparseArraysExt
   8818.4 ms  ✓ SparseMatrixColorings
    655.8 ms  ✓ DifferentiationInterface → DifferentiationInterfaceSparseMatrixColoringsExt
   9549.2 ms  ✓ Krylov
FiniteDiffSparseArraysExt Waiting for background task / IO / timer.
[pid 2196058] waiting for IO to finish:
 Handle type        uv_handle_t->data
 timer              0x2a192a40->0x7ff2921840d0
This means that a package has started a background task or event source that has not finished running. For precompilation to complete successfully, the event source needs to be closed explicitly. See the developer documentation on fixing precompilation hangs for more help.
MaybeInplaceSparseArraysExt Waiting for background task / IO / timer.
[pid 2196056] waiting for IO to finish:
 Handle type        uv_handle_t->data
 timer              0x38f498a0->0x73ca9f05ed10
This means that a package has started a background task or event source that has not finished running. For precompilation to complete successfully, the event source needs to be closed explicitly. See the developer documentation on fixing precompilation hangs for more help.
RecursiveArrayToolsStatisticsExt Waiting for background task / IO / timer.
[pid 2196370] waiting for IO to finish:
 Handle type        uv_handle_t->data
 timer              0x1b494740->0x7739615c9c30
This means that a package has started a background task or event source that has not finished running. For precompilation to complete successfully, the event source needs to be closed explicitly. See the developer documentation on fixing precompilation hangs for more help.
  21241.8 ms  ✓ FiniteDiff → FiniteDiffSparseArraysExt
  21367.0 ms  ✓ MaybeInplace → MaybeInplaceSparseArraysExt
  22474.7 ms  ✓ RecursiveArrayTools → RecursiveArrayToolsStatisticsExt
   6501.9 ms  ✓ SciMLBase
    809.7 ms  ✓ SciMLBase → SciMLBaseDifferentiationInterfaceExt
   1019.1 ms  ✓ SciMLBase → SciMLBaseForwardDiffExt
   1883.3 ms  ✓ SciMLJacobianOperators
   3373.6 ms  ✓ LineSearch
   5568.4 ms  ✓ NonlinearSolveBase
   9279.1 ms  ✓ LinearSolve
   1497.9 ms  ✓ NonlinearSolveBase → NonlinearSolveBaseSparseArraysExt
   2483.8 ms  ✓ LinearSolve → LinearSolveSparseArraysExt
   2954.6 ms  ✓ BracketingNonlinearSolve
   1073.2 ms  ✓ LinearSolve → LinearSolveEnzymeExt
   2504.9 ms  ✓ DiffEqBase
    848.3 ms  ✓ DiffEqBase → DiffEqBaseSparseArraysExt
   2657.0 ms  ✓ OrdinaryDiffEqCore
NonlinearSolveBaseLineSearchExt Waiting for background task / IO / timer.
[pid 2196757] waiting for IO to finish:
 Handle type        uv_handle_t->data
 timer              0x3c1d4cb0->0x726440934dc0
This means that a package has started a background task or event source that has not finished running. For precompilation to complete successfully, the event source needs to be closed explicitly. See the developer documentation on fixing precompilation hangs for more help.
    941.2 ms  ✓ OrdinaryDiffEqCore → OrdinaryDiffEqCoreSparseArraysExt
NonlinearSolveBaseSparseMatrixColoringsExt Waiting for background task / IO / timer.
[pid 2196751] waiting for IO to finish:
 Handle type        uv_handle_t->data
 timer              0x10436cb0->0x7f9b7e4f8d30
This means that a package has started a background task or event source that has not finished running. For precompilation to complete successfully, the event source needs to be closed explicitly. See the developer documentation on fixing precompilation hangs for more help.
NonlinearSolveBaseLinearSolveExt Waiting for background task / IO / timer.
[pid 2196784] waiting for IO to finish:
 Handle type        uv_handle_t->data
 timer              0x403edb30->0x77f21ea71990
This means that a package has started a background task or event source that has not finished running. For precompilation to complete successfully, the event source needs to be closed explicitly. See the developer documentation on fixing precompilation hangs for more help.
LinearSolveForwardDiffExt Waiting for background task / IO / timer.
[pid 2196781] waiting for IO to finish:
 Handle type        uv_handle_t->data
 timer              0x22598100->0x752505124850
This means that a package has started a background task or event source that has not finished running. For precompilation to complete successfully, the event source needs to be closed explicitly. See the developer documentation on fixing precompilation hangs for more help.
NonlinearSolveBaseForwardDiffExt Waiting for background task / IO / timer.
[pid 2196753] waiting for IO to finish:
 Handle type        uv_handle_t->data
 timer              0x7606b80->0x77d9cf361450
This means that a package has started a background task or event source that has not finished running. For precompilation to complete successfully, the event source needs to be closed explicitly. See the developer documentation on fixing precompilation hangs for more help.
   4825.0 ms  ✓ OrdinaryDiffEqTsit5
  21451.3 ms  ✓ NonlinearSolveBase → NonlinearSolveBaseLineSearchExt
  21621.9 ms  ✓ NonlinearSolveBase → NonlinearSolveBaseSparseMatrixColoringsExt
  21235.9 ms  ✓ LinearSolve → LinearSolveForwardDiffExt
  21233.8 ms  ✓ NonlinearSolveBase → NonlinearSolveBaseLinearSolveExt
  22366.3 ms  ✓ NonlinearSolveBase → NonlinearSolveBaseForwardDiffExt
BracketingNonlinearSolveForwardDiffExt Waiting for background task / IO / timer.
[pid 2196861] waiting for IO to finish:
 Handle type        uv_handle_t->data
 timer              0x3db69390->0x758ccde1a470
This means that a package has started a background task or event source that has not finished running. For precompilation to complete successfully, the event source needs to be closed explicitly. See the developer documentation on fixing precompilation hangs for more help.
   8499.8 ms  ✓ NonlinearSolveSpectralMethods
   3924.1 ms  ✓ NonlinearSolveSpectralMethods → NonlinearSolveSpectralMethodsForwardDiffExt
  31509.3 ms  ✓ BracketingNonlinearSolve → BracketingNonlinearSolveForwardDiffExt
  26182.3 ms  ✓ OrdinaryDiffEqVerner
DiffEqBaseForwardDiffExt Waiting for background task / IO / timer.
[pid 2196905] waiting for IO to finish:
 Handle type        uv_handle_t->data
 timer              0x1da39020->0x7f6a25ae7310
This means that a package has started a background task or event source that has not finished running. For precompilation to complete successfully, the event source needs to be closed explicitly. See the developer documentation on fixing precompilation hangs for more help.
  18961.1 ms  ✓ NonlinearSolveQuasiNewton
   2020.3 ms  ✓ NonlinearSolveQuasiNewton → NonlinearSolveQuasiNewtonForwardDiffExt
  10880.3 ms  ✓ SimpleNonlinearSolve
  42625.5 ms  ✓ DiffEqBase → DiffEqBaseForwardDiffExt
   4331.4 ms  ✓ OrdinaryDiffEqDifferentiation
   2080.7 ms  ✓ OrdinaryDiffEqDifferentiation → OrdinaryDiffEqDifferentiationSparseArraysExt
  41869.8 ms  ✓ NonlinearSolveFirstOrder
  22069.2 ms  ✓ OrdinaryDiffEqRosenbrock
  35833.8 ms  ✓ NonlinearSolve
   2920.2 ms  ✓ OrdinaryDiffEqNonlinearSolve
  43361.8 ms  ✓ OrdinaryDiffEqSDIRK
   8460.5 ms  ✓ OrdinaryDiffEqBDF
  25021.8 ms  ✓ OrdinaryDiffEqDefault
   2517.4 ms  ✓ OrdinaryDiffEq
  136 dependencies successfully precompiled in 241 seconds
  10 dependencies had output during precompilation:
┌ NonlinearSolveBase → NonlinearSolveBaseSparseMatrixColoringsExt
│  [pid 2196751] waiting for IO to finish:
│   Handle type        uv_handle_t->data
│   timer              0x10436cb0->0x7f9b7e4f8d30
│  This means that a package has started a background task or event source that has not finished running. For precompilation to complete successfully, the event source needs to be closed explicitly. See the developer documentation on fixing precompilation hangs for more help.
└  
┌ DiffEqBase → DiffEqBaseForwardDiffExt
│  [pid 2196905] waiting for IO to finish:
│   Handle type        uv_handle_t->data
│   timer              0x1da39020->0x7f6a25ae7310
│  This means that a package has started a background task or event source that has not finished running. For precompilation to complete successfully, the event source needs to be closed explicitly. See the developer documentation on fixing precompilation hangs for more help.
└  
┌ FiniteDiff → FiniteDiffSparseArraysExt
│  [pid 2196058] waiting for IO to finish:
│   Handle type        uv_handle_t->data
│   timer              0x2a192a40->0x7ff2921840d0
│  This means that a package has started a background task or event source that has not finished running. For precompilation to complete successfully, the event source needs to be closed explicitly. See the developer documentation on fixing precompilation hangs for more help.
└  
┌ NonlinearSolveBase → NonlinearSolveBaseLinearSolveExt
│  [pid 2196784] waiting for IO to finish:
│   Handle type        uv_handle_t->data
│   timer              0x403edb30->0x77f21ea71990
│  This means that a package has started a background task or event source that has not finished running. For precompilation to complete successfully, the event source needs to be closed explicitly. See the developer documentation on fixing precompilation hangs for more help.
└  
┌ NonlinearSolveBase → NonlinearSolveBaseLineSearchExt
│  [pid 2196757] waiting for IO to finish:
│   Handle type        uv_handle_t->data
│   timer              0x3c1d4cb0->0x726440934dc0
│  This means that a package has started a background task or event source that has not finished running. For precompilation to complete successfully, the event source needs to be closed explicitly. See the developer documentation on fixing precompilation hangs for more help.
└  
┌ BracketingNonlinearSolve → BracketingNonlinearSolveForwardDiffExt
│  [pid 2196861] waiting for IO to finish:
│   Handle type        uv_handle_t->data
│   timer              0x3db69390->0x758ccde1a470
│  This means that a package has started a background task or event source that has not finished running. For precompilation to complete successfully, the event source needs to be closed explicitly. See the developer documentation on fixing precompilation hangs for more help.
└  
┌ NonlinearSolveBase → NonlinearSolveBaseForwardDiffExt
│  [pid 2196753] waiting for IO to finish:
│   Handle type        uv_handle_t->data
│   timer              0x7606b80->0x77d9cf361450
│  This means that a package has started a background task or event source that has not finished running. For precompilation to complete successfully, the event source needs to be closed explicitly. See the developer documentation on fixing precompilation hangs for more help.
└  
┌ MaybeInplace → MaybeInplaceSparseArraysExt
│  [pid 2196056] waiting for IO to finish:
│   Handle type        uv_handle_t->data
│   timer              0x38f498a0->0x73ca9f05ed10
│  This means that a package has started a background task or event source that has not finished running. For precompilation to complete successfully, the event source needs to be closed explicitly. See the developer documentation on fixing precompilation hangs for more help.
└  
┌ LinearSolve → LinearSolveForwardDiffExt
│  [pid 2196781] waiting for IO to finish:
│   Handle type        uv_handle_t->data
│   timer              0x22598100->0x752505124850
│  This means that a package has started a background task or event source that has not finished running. For precompilation to complete successfully, the event source needs to be closed explicitly. See the developer documentation on fixing precompilation hangs for more help.
└  
┌ RecursiveArrayTools → RecursiveArrayToolsStatisticsExt
│  [pid 2196370] waiting for IO to finish:
│   Handle type        uv_handle_t->data
│   timer              0x1b494740->0x7739615c9c30
│  This means that a package has started a background task or event source that has not finished running. For precompilation to complete successfully, the event source needs to be closed explicitly. See the developer documentation on fixing precompilation hangs for more help.
└  
	Command being timed: "nice -n -10 timeout -k120 -v 3600 julia +lts --project=O/OrdinaryDiffEq/Solve-The-Lorenz-Equation -e using Pkg; @time @eval Pkg.precompile()"
	User time (seconds): 601.67
	System time (seconds): 31.58
	Percent of CPU this job got: 261%
	Elapsed (wall clock) time (h:mm:ss or m:ss): 4:02.58
	Average shared text size (kbytes): 0
	Average unshared data size (kbytes): 0
	Average stack size (kbytes): 0
	Average total size (kbytes): 0
	Maximum resident set size (kbytes): 2276112
	Average resident set size (kbytes): 0
	Major (requiring I/O) page faults: 547
	Minor (reclaiming a frame) page faults: 8704215
	Voluntary context switches: 176457
	Involuntary context switches: 68739
	Swaps: 0
	File system inputs: 0
	File system outputs: 1335112
	Socket messages sent: 0
	Socket messages received: 0
	Signals delivered: 0
	Page size (bytes): 4096
	Exit status: 0
