nice: cannot set niceness: Permission denied
Precompiling packages...
   1621.6 ms  ✓ Logging
   1613.2 ms  ✓ Zlib_jll
   1628.5 ms  ✓ NetworkOptions
   1631.4 ms  ✓ nghttp2_jll
   1693.0 ms  ✓ UUIDs
   1722.6 ms  ✓ OpenSSL_jll
   1706.3 ms  ✓ MozillaCACerts_jll
   1736.7 ms  ✓ CompilerSupportLibraries_jll
   1734.0 ms  ✓ Unicode
   1843.9 ms  ✓ Base64
    467.3 ms  ✓ LibSSH2_jll
    575.2 ms  ✓ p7zip_jll
    685.7 ms  ✓ Printf
    484.3 ms  ✓ LibCURL_jll
    498.5 ms  ✓ LibGit2_jll
   3271.8 ms  ✓ ArgTools
    747.5 ms  ✓ LibCURL
    637.6 ms  ✓ Tar
   2990.3 ms  ✓ Dates
   3074.9 ms  ✓ LibGit2
    450.5 ms  ✓ TOML
   3123.2 ms  ✓ Downloads
   9357.2 ms  ✓ StyledStrings
   1752.0 ms  ✓ JuliaSyntaxHighlighting
   3950.0 ms  ✓ Markdown
  47560.3 ms  ✓ Pkg
  26 dependencies successfully precompiled in 63 seconds
Precompiling packages...
   2616.2 ms  ✓ Future
   2622.3 ms  ✓ ConcreteStructs
   2622.5 ms  ✓ CommonSolve
   2703.9 ms  ✓ IteratorInterfaceExtensions
   2704.8 ms  ✓ Reexport
   2824.8 ms  ✓ ExprTools
   2995.7 ms  ✓ OpenLibm_jll
   3002.9 ms  ✓ EnumX
   3118.1 ms  ✓ InverseFunctions
   3122.1 ms  ✓ SuiteSparse_jll
   3690.0 ms  ✓ Statistics
   3872.8 ms  ✓ DocStringExtensions
   4301.2 ms  ✓ ADTypes
   4314.6 ms  ✓ Serialization
   2472.4 ms  ✓ FastPower
   2701.1 ms  ✓ CompositionsBase
   2794.3 ms  ✓ Adapt
   2702.8 ms  ✓ FastClosures
   2779.1 ms  ✓ SciMLPublic
   2519.2 ms  ✓ BinaryHeaps
   3196.2 ms  ✓ StaticArraysCore
   3825.7 ms  ✓ EnzymeCore
   3197.5 ms  ✓ LoggingExtras
   3912.6 ms  ✓ Preferences
   5385.9 ms  ✓ OrdinaryDiffEqRosenbrockTableaus
   2823.7 ms  ✓ InverseFunctions → InverseFunctionsDatesExt
   5375.1 ms  ✓ LazyArtifacts
   2501.9 ms  ✓ CompositionsBase → CompositionsBaseInverseFunctionsExt
   3170.8 ms  ✓ GPUArraysCore
  12632.6 ms  ✓ FunctionWrappers
   2325.0 ms  ✓ DiffResults
  10369.7 ms  ✓ ConstructionBase
   2481.6 ms  ✓ EnzymeCore → AdaptExt
   2801.2 ms  ✓ ADTypes → ADTypesEnzymeCoreExt
  10327.2 ms  ✓ Compat
   2679.3 ms  ✓ PrecompileTools
   3094.6 ms  ✓ JLLWrappers
  10215.3 ms  ✓ NaNMath
   2783.8 ms  ✓ ConstructionBase → ConstructionBaseLinearAlgebraExt
  13811.6 ms  ✓ IrrationalConstants
   9604.8 ms  ✓ RuntimeGeneratedFunctions
   3627.0 ms  ✓ SciMLLogging
   2702.5 ms  ✓ ADTypes → ADTypesConstructionBaseExt
  11905.2 ms  ✓ DifferentiationInterface
  13898.9 ms  ✓ InteractiveUtils
  10112.9 ms  ✓ ArrayInterface
   3170.2 ms  ✓ Compat → CompatLinearAlgebraExt
  18684.5 ms  ✓ MacroTools
   2498.7 ms  ✓ DifferentiationInterface → DifferentiationInterfaceGPUArraysCoreExt
   3980.6 ms  ✓ LogExpFunctions
   4122.6 ms  ✓ OpenSpecFun_jll
   2290.3 ms  ✓ ArrayInterface → ArrayInterfaceStaticArraysCoreExt
   2387.4 ms  ✓ ArrayInterface → ArrayInterfaceGPUArraysCoreExt
   5410.8 ms  ✓ MuladdMacro
   3203.7 ms  ✓ FastBroadcast
   6715.6 ms  ✓ IntelOpenMP_jll
   7000.3 ms  ✓ oneTBB_jll
   2900.7 ms  ✓ CommonSubexpressions
  17272.6 ms  ✓ Distributed
   3382.3 ms  ✓ LogExpFunctions → LogExpFunctionsInverseFunctionsExt
   3610.6 ms  ✓ MaybeInplace
   8893.2 ms  ✓ RecipesBase
   3401.4 ms  ✓ TruncatedStacktraces
  19583.2 ms  ✓ TimerOutputs
   6609.9 ms  ✓ PreallocationTools
   5316.6 ms  ✓ Setfield
   1221.1 ms  ✓ PreallocationTools → PreallocationToolsEnzymeCoreExt
   7939.0 ms  ✓ SciMLStructures
   3487.6 ms  ✓ MKL_jll
   1129.4 ms  ✓ FiniteDiff
  20894.3 ms  ✓ SparseArrays
   2075.7 ms  ✓ DifferentiationInterface → DifferentiationInterfaceFiniteDiffExt
  13506.9 ms  ✓ FindFirstFunctions
   2591.0 ms  ✓ Adapt → AdaptSparseArraysExt
   2895.1 ms  ✓ Statistics → SparseArraysExt
   2996.0 ms  ✓ DifferentiationInterface → DifferentiationInterfaceSparseArraysExt
   9814.1 ms  ✓ SpecialFunctions
   3318.9 ms  ✓ MaybeInplace → MaybeInplaceSparseArraysExt
   3463.4 ms  ✓ ArrayInterface → ArrayInterfaceSparseArraysExt
   3476.2 ms  ✓ AMD
   3396.6 ms  ✓ FiniteDiff → FiniteDiffSparseArraysExt
   6298.4 ms  ✓ FunctionWrappersWrappers
  10695.4 ms  ✓ Accessors
   1167.3 ms  ✓ DiffRules
    646.4 ms  ✓ Accessors → LinearAlgebraExt
   3242.9 ms  ✓ SymbolicIndexingInterface
   4029.7 ms  ✓ SciMLOperators
   1003.3 ms  ✓ SciMLOperators → SciMLOperatorsStaticArraysCoreExt
   1622.0 ms  ✓ SciMLOperators → SciMLOperatorsSparseArraysExt
   8723.0 ms  ✓ ForwardDiff
  13968.6 ms  ✓ SparseMatrixColorings
   2292.0 ms  ✓ FastPower → FastPowerForwardDiffExt
   3118.7 ms  ✓ DifferentiationInterface → DifferentiationInterfaceSparseMatrixColoringsExt
  17109.9 ms  ✓ SparseColumnPivotedQR
   4023.0 ms  ✓ PreallocationTools → PreallocationToolsForwardDiffExt
  17341.0 ms  ✓ Krylov
    603.8 ms  ✓ SparseColumnPivotedQR → SparseColumnPivotedQRAMDExt
   4658.6 ms  ✓ DifferentiationInterface → DifferentiationInterfaceForwardDiffExt
  11171.1 ms  ✓ RecursiveArrayTools
    550.7 ms  ✓ RecursiveArrayTools → RecursiveArrayToolsFastBroadcastExt
    553.3 ms  ✓ RecursiveArrayTools → RecursiveArrayToolsStatisticsExt
    609.7 ms  ✓ RecursiveArrayTools → RecursiveArrayToolsForwardDiffExt
    710.4 ms  ✓ RecursiveArrayTools → RecursiveArrayToolsSparseArraysExt
  32502.5 ms  ✓ PureKLU
  12921.8 ms  ✓ SciMLBase
    631.5 ms  ✓ PureKLU → PureKLUForwardDiffExt
    716.1 ms  ✓ SciMLBase → SciMLBaseDifferentiationInterfaceExt
   1876.5 ms  ✓ SciMLBase → SciMLBaseForwardDiffExt
   3183.5 ms  ✓ SciMLJacobianOperators
   9240.5 ms  ✓ LinearSolve
   5621.7 ms  ✓ LineSearch
   7638.7 ms  ✓ NonlinearSolveBase
   3452.1 ms  ✓ LinearSolve → LinearSolveForwardDiffExt
   1816.5 ms  ✓ NonlinearSolveBase → NonlinearSolveBaseLineSearchExt
   2146.9 ms  ✓ NonlinearSolveBase → NonlinearSolveBaseSparseArraysExt
   2336.6 ms  ✓ NonlinearSolveBase → NonlinearSolveBaseSparseMatrixColoringsExt
   5716.8 ms  ✓ LinearSolve → LinearSolveSparseArraysExt
   4045.7 ms  ✓ NonlinearSolveBase → NonlinearSolveBaseLinearSolveExt
   4132.2 ms  ✓ BracketingNonlinearSolve
   1497.5 ms  ✓ BracketingNonlinearSolve → BracketingNonlinearSolveForwardDiffExt
   2485.6 ms  ✓ LinearSolve → LinearSolveEnzymeExt
   7088.9 ms  ✓ NonlinearSolveBase → NonlinearSolveBaseForwardDiffExt
   4166.6 ms  ✓ DiffEqBase
   1838.1 ms  ✓ DiffEqBase → DiffEqBaseSparseArraysExt
  10719.6 ms  ✓ NonlinearSolveSpectralMethods
   1993.4 ms  ✓ NonlinearSolveSpectralMethods → NonlinearSolveSpectralMethodsForwardDiffExt
   6524.3 ms  ✓ DiffEqBase → DiffEqBaseForwardDiffExt
   7269.7 ms  ✓ OrdinaryDiffEqCore
   1750.3 ms  ✓ OrdinaryDiffEqCore → OrdinaryDiffEqCoreSparseArraysExt
  11744.8 ms  ✓ SimpleNonlinearSolve
   8341.8 ms  ✓ OrdinaryDiffEqTsit5
   7309.0 ms  ✓ OrdinaryDiffEqDifferentiation
  23034.5 ms  ✓ NonlinearSolveQuasiNewton
   3383.7 ms  ✓ OrdinaryDiffEqDifferentiation → OrdinaryDiffEqDifferentiationSparseArraysExt
   1952.1 ms  ✓ NonlinearSolveQuasiNewton → NonlinearSolveQuasiNewtonForwardDiffExt
  41047.4 ms  ✓ NonlinearSolveFirstOrder
  35919.7 ms  ✓ OrdinaryDiffEqVerner
  23903.9 ms  ✓ OrdinaryDiffEqRosenbrock
  32744.3 ms  ✓ NonlinearSolve
   4267.0 ms  ✓ OrdinaryDiffEqNonlinearSolve
  28501.2 ms  ✓ OrdinaryDiffEqSDIRK
   7896.1 ms  ✓ OrdinaryDiffEqBDF
  22268.5 ms  ✓ OrdinaryDiffEqDefault
   2834.1 ms  ✓ OrdinaryDiffEq
  144 dependencies successfully precompiled in 218 seconds. 26 already precompiled.
	Command being timed: "nice -n -10 timeout -k120 -v 3600 julia +1.12.6 --project=O/OrdinaryDiffEq/Solve-The-Lorenz-Equation -e using Pkg; @time @eval Pkg.precompile()"
	User time (seconds): 768.16
	System time (seconds): 42.98
	Percent of CPU this job got: 287%
	Elapsed (wall clock) time (h:mm:ss or m:ss): 4:41.99
	Average shared text size (kbytes): 0
	Average unshared data size (kbytes): 0
	Average stack size (kbytes): 0
	Average total size (kbytes): 0
	Maximum resident set size (kbytes): 2172976
	Average resident set size (kbytes): 0
	Major (requiring I/O) page faults: 691
	Minor (reclaiming a frame) page faults: 12278761
	Voluntary context switches: 31138
	Involuntary context switches: 47660
	Swaps: 0
	File system inputs: 0
	File system outputs: 1516664
	Socket messages sent: 0
	Socket messages received: 0
	Signals delivered: 0
	Page size (bytes): 4096
	Exit status: 0
