nice: cannot set niceness: Permission denied
Precompiling packages...
  73326.9 ms  ✓ Pkg (serial)
  1 dependency successfully precompiled in 73 seconds
Precompiling packages...
   2402.4 ms  ✓ DataValueInterfaces
   2496.7 ms  ✓ UnPack
   2582.0 ms  ✓ Reexport
   2610.8 ms  ✓ LaTeXStrings
   2700.0 ms  ✓ LorentzVectors
   2715.2 ms  ✓ Unicode
   3187.4 ms  ✓ InverseFunctions
   3660.3 ms  ✓ LRUCache
   3618.4 ms  ✓ Statistics
   3866.6 ms  ✓ AbstractTrees
   3983.4 ms  ✓ DocStringExtensions
   4010.6 ms  ✓ Calculus
   4207.4 ms  ✓ Serialization
   2788.9 ms  ✓ IteratorInterfaceExtensions
   2715.3 ms  ✓ DataAPI
   2810.4 ms  ✓ StatsAPI
   2582.7 ms  ✓ CompositionsBase
   3114.2 ms  ✓ SuiteSparse_jll
   2736.4 ms  ✓ Mmap
   2603.7 ms  ✓ PtrArrays
   3904.0 ms  ✓ IterTools
   2992.8 ms  ✓ StaticArraysCore
   3782.6 ms  ✓ TranscodingStreams
   2500.2 ms  ✓ LRUCache → SerializationExt
   2887.4 ms  ✓ InverseFunctions → InverseFunctionsDatesExt
   2497.5 ms  ✓ TableTraits
   9699.9 ms  ✓ ConstructionBase
   3804.5 ms  ✓ Preferences
   3997.4 ms  ✓ ArraysOfArrays
   3800.6 ms  ✓ Measurements
  11114.6 ms  ✓ OrderedCollections
   2683.8 ms  ✓ CompositionsBase → CompositionsBaseInverseFunctionsExt
   2493.7 ms  ✓ ConstructionBase → ConstructionBaseLinearAlgebraExt
   2794.4 ms  ✓ PrecompileTools
   2596.5 ms  ✓ ArraysOfArrays → ArraysOfArraysStaticArraysCoreExt
   3706.7 ms  ✓ AliasTables
  10595.4 ms  ✓ BitIntegers
   3104.0 ms  ✓ JLLWrappers
   8621.7 ms  ✓ BayesHistogram
   8807.2 ms  ✓ SentinelArrays
  14204.7 ms  ✓ IrrationalConstants
   2700.8 ms  ✓ Parameters
  13295.6 ms  ✓ Crayons
   8318.0 ms  ✓ Missings
   3209.8 ms  ✓ libdeflate_jll
   3300.4 ms  ✓ Zstd_jll
   2509.7 ms  ✓ LogExpFunctions
   3358.8 ms  ✓ XZ_jll
   3450.3 ms  ✓ Lz4_jll
  12586.6 ms  ✓ InteractiveUtils
   1540.0 ms  ✓ CodecXz
   1692.8 ms  ✓ LogExpFunctions → LogExpFunctionsInverseFunctionsExt
   7752.8 ms  ✓ DataStructures
   2676.2 ms  ✓ LibDeflate
  15700.2 ms  ✓ MacroTools
   7110.9 ms  ✓ StringManipulation
   3705.0 ms  ✓ CodecZstd
   8294.0 ms  ✓ Tables
   3292.1 ms  ✓ CodecLz4
   1903.4 ms  ✓ SortingAlgorithms
   1194.4 ms  ✓ Memoization
   1289.6 ms  ✓ Mixers
   1775.8 ms  ✓ StructArrays
    476.4 ms  ✓ StructArrays → StructArraysLinearAlgebraExt
  13706.6 ms  ✓ SparseArrays
   3754.3 ms  ✓ Accessors
    743.7 ms  ✓ Statistics → SparseArraysExt
    818.1 ms  ✓ StructArrays → StructArraysSparseArraysExt
    585.3 ms  ✓ Accessors → StructArraysExt
    606.9 ms  ✓ Accessors → LinearAlgebraExt
  13713.5 ms  ✓ StaticArrays
   3295.7 ms  ✓ StatsBase
    893.2 ms  ✓ StaticArrays → StaticArraysStatisticsExt
    903.8 ms  ✓ ConstructionBase → ConstructionBaseStaticArraysExt
    926.7 ms  ✓ Accessors → StaticArraysExt
   1306.6 ms  ✓ XXHashNative
   1784.3 ms  ✓ StructArrays → StructArraysStaticArraysExt
   2108.0 ms  ✓ FHist
  28138.4 ms  ✓ REPL
  15803.2 ms  ✓ PrettyTables
  14081.0 ms  ✓ UnROOT
  81 dependencies successfully precompiled in 76 seconds. 7 already precompiled.
	Command being timed: "nice -n -10 timeout -k120 -v 3600 julia +release --project=U/UnROOT/Loading-A-Typical-Hep-Ex--Root-File -e using Pkg; @time @eval Pkg.precompile()"
	User time (seconds): 321.59
	System time (seconds): 22.04
	Percent of CPU this job got: 229%
	Elapsed (wall clock) time (h:mm:ss or m:ss): 2:29.84
	Average shared text size (kbytes): 0
	Average unshared data size (kbytes): 0
	Average stack size (kbytes): 0
	Average total size (kbytes): 0
	Maximum resident set size (kbytes): 2096652
	Average resident set size (kbytes): 0
	Major (requiring I/O) page faults: 389
	Minor (reclaiming a frame) page faults: 5934758
	Voluntary context switches: 16202
	Involuntary context switches: 18571
	Swaps: 0
	File system inputs: 0
	File system outputs: 685488
	Socket messages sent: 0
	Socket messages received: 0
	Signals delivered: 0
	Page size (bytes): 4096
	Exit status: 0
