nice: cannot set niceness: Permission denied
Precompiling packages...
   1898.0 ms  ✓ IteratorInterfaceExtensions
   1949.3 ms  ✓ Reexport
   1957.8 ms  ✓ DataValueInterfaces
   1959.4 ms  ✓ UnPack
   2058.4 ms  ✓ LaTeXStrings
   2099.7 ms  ✓ DataAPI
   2260.7 ms  ✓ LorentzVectors
   2325.7 ms  ✓ LRUCache
   2449.8 ms  ✓ InverseFunctions
   2431.0 ms  ✓ ConstructionBase
   3030.2 ms  ✓ DocStringExtensions
   3029.1 ms  ✓ AbstractTrees
   3166.3 ms  ✓ OrderedCollections
   3337.7 ms  ✓ Calculus
   2011.5 ms  ✓ StatsAPI
   1906.2 ms  ✓ CompositionsBase
   1899.8 ms  ✓ PtrArrays
   2275.3 ms  ✓ SuiteSparse_jll
   2669.2 ms  ✓ IterTools
   2208.8 ms  ✓ StaticArraysCore
   3098.1 ms  ✓ BitIntegers
   2026.1 ms  ✓ TableTraits
   2415.5 ms  ✓ BayesHistogram
   3163.4 ms  ✓ TranscodingStreams
   2403.2 ms  ✓ Missings
   1868.3 ms  ✓ InverseFunctions → InverseFunctionsDatesExt
   1988.9 ms  ✓ LRUCache → SerializationExt
   6108.1 ms  ✓ IrrationalConstants
   1911.7 ms  ✓ ConstructionBase → ConstructionBaseLinearAlgebraExt
   3192.8 ms  ✓ Preferences
   6608.2 ms  ✓ SentinelArrays
   1920.0 ms  ✓ Parameters
   4784.3 ms  ✓ Crayons
   1795.7 ms  ✓ AliasTables
   2292.4 ms  ✓ Measurements
   1147.9 ms  ✓ CompositionsBase → CompositionsBaseInverseFunctionsExt
    907.8 ms  ✓ PrecompileTools
   1014.9 ms  ✓ JLLWrappers
   2213.7 ms  ✓ Tables
   1601.8 ms  ✓ LogExpFunctions
   1411.5 ms  ✓ libdeflate_jll
   1579.9 ms  ✓ XZ_jll
   1709.5 ms  ✓ Zstd_jll
   1812.4 ms  ✓ Lz4_jll
   1398.9 ms  ✓ LogExpFunctions → LogExpFunctionsInverseFunctionsExt
   6883.6 ms  ✓ MacroTools
   5426.1 ms  ✓ DataStructures
   2387.8 ms  ✓ StructArrays
   1333.0 ms  ✓ CodecXz
   1211.1 ms  ✓ Memoization
   1419.7 ms  ✓ Mixers
   2186.0 ms  ✓ LibDeflate
   1269.0 ms  ✓ SortingAlgorithms
   3922.1 ms  ✓ StringManipulation
   2187.2 ms  ✓ CodecZstd
   1112.0 ms  ✓ StructArrays → StructArraysLinearAlgebraExt
   2219.8 ms  ✓ CodecLz4
   2875.0 ms  ✓ Accessors
   6852.9 ms  ✓ SparseArrays
    399.9 ms  ✓ Accessors → LinearAlgebraExt
    475.2 ms  ✓ StructArrays → StructArraysSparseArraysExt
    549.2 ms  ✓ Statistics
    414.8 ms  ✓ Accessors → StructArraysExt
    589.0 ms  ✓ ArraysOfArrays
    385.1 ms  ✓ ArraysOfArrays → ArraysOfArraysStaticArraysCoreExt
   1425.8 ms  ✓ StatsBase
   7970.3 ms  ✓ StaticArrays
   1189.7 ms  ✓ FHist
    432.9 ms  ✓ ConstructionBase → ConstructionBaseStaticArraysExt
    580.3 ms  ✓ StaticArrays → StaticArraysStatisticsExt
    579.3 ms  ✓ XXHashNative
    474.0 ms  ✓ StructArrays → StructArraysStaticArraysExt
    487.7 ms  ✓ Accessors → StaticArraysExt
  15167.2 ms  ✓ PrettyTables
  10637.4 ms  ✓ UnROOT
  75 dependencies successfully precompiled in 38 seconds
	Command being timed: "nice -n -10 timeout -k120 -v 3600 julia +lts --project=U/UnROOT/Loading-A-Typical-Hep-Ex--Root-File -e using Pkg; @time @eval Pkg.precompile()"
	User time (seconds): 100.47
	System time (seconds): 13.57
	Percent of CPU this job got: 297%
	Elapsed (wall clock) time (h:mm:ss or m:ss): 0:38.35
	Average shared text size (kbytes): 0
	Average unshared data size (kbytes): 0
	Average stack size (kbytes): 0
	Average total size (kbytes): 0
	Maximum resident set size (kbytes): 1058104
	Average resident set size (kbytes): 0
	Major (requiring I/O) page faults: 207
	Minor (reclaiming a frame) page faults: 3311467
	Voluntary context switches: 94748
	Involuntary context switches: 27409
	Swaps: 0
	File system inputs: 0
	File system outputs: 284432
	Socket messages sent: 0
	Socket messages received: 0
	Signals delivered: 0
	Page size (bytes): 4096
	Exit status: 0
