nice: cannot set niceness: Permission denied
Precompiling packages...
   1906.6 ms  ✓ Reexport
   1967.2 ms  ✓ IteratorInterfaceExtensions
   2071.5 ms  ✓ DataValueInterfaces
   2109.1 ms  ✓ LorentzVectors
   2085.0 ms  ✓ DataAPI
   2204.7 ms  ✓ LaTeXStrings
   2269.8 ms  ✓ InverseFunctions
   2369.8 ms  ✓ ConstructionBase
   2402.1 ms  ✓ LRUCache
   2504.1 ms  ✓ StatsAPI
   2689.2 ms  ✓ AbstractTrees
   2806.0 ms  ✓ DocStringExtensions
   3307.4 ms  ✓ OrderedCollections
   3399.4 ms  ✓ Calculus
   1827.0 ms  ✓ CompositionsBase
   2126.3 ms  ✓ PtrArrays
   2033.7 ms  ✓ ConstructionBase → ConstructionBaseLinearAlgebraExt
   2467.1 ms  ✓ SuiteSparse_jll
   1793.4 ms  ✓ TableTraits
   2301.5 ms  ✓ StaticArraysCore
   2196.5 ms  ✓ BayesHistogram
   2833.7 ms  ✓ IterTools
   3084.8 ms  ✓ BitIntegers
   2161.4 ms  ✓ Missings
   5496.6 ms  ✓ IrrationalConstants
   2199.3 ms  ✓ InverseFunctions → InverseFunctionsDatesExt
   3010.0 ms  ✓ Preferences
   6137.5 ms  ✓ SentinelArrays
   2013.3 ms  ✓ LRUCache → SerializationExt
   2501.6 ms  ✓ TranscodingStreams
   4527.7 ms  ✓ Crayons
   2009.3 ms  ✓ CompositionsBase → CompositionsBaseInverseFunctionsExt
   1919.7 ms  ✓ AliasTables
   2201.5 ms  ✓ Measurements
   1184.2 ms  ✓ PrecompileTools
   1307.1 ms  ✓ JLLWrappers
   1768.9 ms  ✓ LogExpFunctions
   2495.5 ms  ✓ Tables
   1376.7 ms  ✓ libdeflate_jll
   1214.0 ms  ✓ LogExpFunctions → LogExpFunctionsInverseFunctionsExt
   1572.7 ms  ✓ Lz4_jll
   1578.8 ms  ✓ Zstd_jll
   1766.7 ms  ✓ XZ_jll
   6785.9 ms  ✓ MacroTools
   4774.6 ms  ✓ DataStructures
   2192.6 ms  ✓ StructArrays
    915.2 ms  ✓ CodecXz
   1521.2 ms  ✓ LibDeflate
    990.7 ms  ✓ SortingAlgorithms
   1799.1 ms  ✓ CodecZstd
   3614.2 ms  ✓ StringManipulation
   1912.5 ms  ✓ CodecLz4
    841.2 ms  ✓ StructArrays → StructArraysLinearAlgebraExt
   2306.7 ms  ✓ Accessors
   6481.0 ms  ✓ SparseArrays
    497.6 ms  ✓ Accessors → LinearAlgebraExt
    530.9 ms  ✓ StructArrays → StructArraysSparseArraysExt
    604.2 ms  ✓ Statistics
    551.2 ms  ✓ ArraysOfArrays
    411.4 ms  ✓ ArraysOfArrays → ArraysOfArraysStaticArraysCoreExt
   1466.2 ms  ✓ StatsBase
   7591.9 ms  ✓ StaticArrays
   1343.6 ms  ✓ FHist
    667.0 ms  ✓ ConstructionBase → ConstructionBaseStaticArraysExt
    777.6 ms  ✓ StaticArrays → StaticArraysStatisticsExt
    784.1 ms  ✓ XXHashNative
StructArraysExt Waiting for background task / IO / timer.
[pid 4129957] waiting for IO to finish:
 Handle type        uv_handle_t->data
 timer              0xc379590->0x7712a4db50f0
This means that a package has started a background task or event source that has not finished running. For precompilation to complete successfully, the event source needs to be closed explicitly. See the developer documentation on fixing precompilation hangs for more help.
StructArraysStaticArraysExt Waiting for background task / IO / timer.
[pid 4130137] waiting for IO to finish:
 Handle type        uv_handle_t->data
 timer              0xda59910->0x7568dda9b490
This means that a package has started a background task or event source that has not finished running. For precompilation to complete successfully, the event source needs to be closed explicitly. See the developer documentation on fixing precompilation hangs for more help.
StaticArraysExt Waiting for background task / IO / timer.
[pid 4130138] waiting for IO to finish:
 Handle type        uv_handle_t->data
 timer              0x3f8fbd90->0x7bc54bcad9f0
This means that a package has started a background task or event source that has not finished running. For precompilation to complete successfully, the event source needs to be closed explicitly. See the developer documentation on fixing precompilation hangs for more help.
  16870.4 ms  ✓ PrettyTables
  20470.1 ms  ✓ Accessors → StructArraysExt
  20749.3 ms  ✓ StructArrays → StructArraysStaticArraysExt
  20769.8 ms  ✓ Accessors → StaticArraysExt
   9591.7 ms  ✓ UnROOT
  71 dependencies successfully precompiled in 45 seconds
  3 dependencies had output during precompilation:
┌ Accessors → StaticArraysExt
│  [pid 4130138] waiting for IO to finish:
│   Handle type        uv_handle_t->data
│   timer              0x3f8fbd90->0x7bc54bcad9f0
│  This means that a package has started a background task or event source that has not finished running. For precompilation to complete successfully, the event source needs to be closed explicitly. See the developer documentation on fixing precompilation hangs for more help.
└  
┌ Accessors → StructArraysExt
│  [pid 4129957] waiting for IO to finish:
│   Handle type        uv_handle_t->data
│   timer              0xc379590->0x7712a4db50f0
│  This means that a package has started a background task or event source that has not finished running. For precompilation to complete successfully, the event source needs to be closed explicitly. See the developer documentation on fixing precompilation hangs for more help.
└  
┌ StructArrays → StructArraysStaticArraysExt
│  [pid 4130137] waiting for IO to finish:
│   Handle type        uv_handle_t->data
│   timer              0xda59910->0x7568dda9b490
│  This means that a package has started a background task or event source that has not finished running. For precompilation to complete successfully, the event source needs to be closed explicitly. See the developer documentation on fixing precompilation hangs for more help.
└  
	Command being timed: "nice -n -10 timeout -k120 -v 3600 julia +lts --project=U/UnROOT/Loading-A-Typical-Hep-Ex--Root-File -e using Pkg; @time @eval Pkg.precompile()"
	User time (seconds): 100.74
	System time (seconds): 12.46
	Percent of CPU this job got: 243%
	Elapsed (wall clock) time (h:mm:ss or m:ss): 0:46.45
	Average shared text size (kbytes): 0
	Average unshared data size (kbytes): 0
	Average stack size (kbytes): 0
	Average total size (kbytes): 0
	Maximum resident set size (kbytes): 1101444
	Average resident set size (kbytes): 0
	Major (requiring I/O) page faults: 197
	Minor (reclaiming a frame) page faults: 3184376
	Voluntary context switches: 92151
	Involuntary context switches: 26096
	Swaps: 0
	File system inputs: 0
	File system outputs: 295304
	Socket messages sent: 0
	Socket messages received: 0
	Signals delivered: 0
	Page size (bytes): 4096
	Exit status: 0
