nice: cannot set niceness: Permission denied
Precompiling packages...
  72787.5 ms  ✓ Pkg (serial)
  1 dependency successfully precompiled in 73 seconds
Precompiling packages...
   2276.3 ms  ✓ DataValueInterfaces
   2461.7 ms  ✓ UnPack
   2582.5 ms  ✓ Unicode
   2579.3 ms  ✓ LorentzVectors
   2656.9 ms  ✓ Reexport
   2664.3 ms  ✓ LaTeXStrings
   2958.7 ms  ✓ InverseFunctions
   3361.6 ms  ✓ LRUCache
   3510.5 ms  ✓ Statistics
   3671.3 ms  ✓ AbstractTrees
   3864.4 ms  ✓ Calculus
   3859.1 ms  ✓ DocStringExtensions
   4064.8 ms  ✓ Serialization
   2502.9 ms  ✓ IteratorInterfaceExtensions
   2797.8 ms  ✓ StatsAPI
   2914.9 ms  ✓ DataAPI
   3005.0 ms  ✓ SuiteSparse_jll
   2590.9 ms  ✓ CompositionsBase
   2901.0 ms  ✓ Mmap
   2507.9 ms  ✓ PtrArrays
   3996.2 ms  ✓ Preferences
   3190.0 ms  ✓ StaticArraysCore
   3612.9 ms  ✓ TranscodingStreams
   2702.7 ms  ✓ InverseFunctions → InverseFunctionsDatesExt
   2603.2 ms  ✓ LRUCache → SerializationExt
   3395.2 ms  ✓ IterTools
   2405.8 ms  ✓ TableTraits
   9689.0 ms  ✓ ConstructionBase
   3695.7 ms  ✓ ArraysOfArrays
   3762.3 ms  ✓ Measurements
  10281.0 ms  ✓ OrderedCollections
   2597.1 ms  ✓ CompositionsBase → CompositionsBaseInverseFunctionsExt
   2691.7 ms  ✓ PrecompileTools
   2992.4 ms  ✓ AliasTables
   2401.0 ms  ✓ ConstructionBase → ConstructionBaseLinearAlgebraExt
  10003.9 ms  ✓ BitIntegers
   2991.9 ms  ✓ JLLWrappers
   2633.2 ms  ✓ ArraysOfArrays → ArraysOfArraysStaticArraysCoreExt
   8884.4 ms  ✓ BayesHistogram
   2614.1 ms  ✓ Parameters
  14595.8 ms  ✓ IrrationalConstants
  13510.8 ms  ✓ Crayons
   3607.6 ms  ✓ libdeflate_jll
   3717.2 ms  ✓ XZ_jll
   3794.2 ms  ✓ Zstd_jll
   8996.7 ms  ✓ Missings
  11538.6 ms  ✓ SentinelArrays
   3809.7 ms  ✓ Lz4_jll
   2808.9 ms  ✓ LogExpFunctions
  12700.8 ms  ✓ InteractiveUtils
   1785.6 ms  ✓ CodecXz
   1396.1 ms  ✓ LogExpFunctions → LogExpFunctionsInverseFunctionsExt
   8594.1 ms  ✓ DataStructures
   2698.8 ms  ✓ LibDeflate
   7501.2 ms  ✓ StringManipulation
   3503.2 ms  ✓ CodecZstd
  16434.4 ms  ✓ MacroTools
   8320.9 ms  ✓ Tables
   3095.2 ms  ✓ CodecLz4
   1714.5 ms  ✓ SortingAlgorithms
    825.9 ms  ✓ Memoization
    899.4 ms  ✓ Mixers
   1886.7 ms  ✓ StructArrays
    459.6 ms  ✓ StructArrays → StructArraysLinearAlgebraExt
  14112.9 ms  ✓ SparseArrays
   3346.1 ms  ✓ Accessors
    757.8 ms  ✓ Statistics → SparseArraysExt
    755.7 ms  ✓ StructArrays → StructArraysSparseArraysExt
    550.3 ms  ✓ Accessors → StructArraysExt
    577.5 ms  ✓ Accessors → LinearAlgebraExt
  14174.5 ms  ✓ StaticArrays
   3338.4 ms  ✓ StatsBase
    896.3 ms  ✓ StaticArrays → StaticArraysStatisticsExt
    904.8 ms  ✓ ConstructionBase → ConstructionBaseStaticArraysExt
    936.6 ms  ✓ Accessors → StaticArraysExt
   1303.6 ms  ✓ XXHashNative
   1788.6 ms  ✓ StructArrays → StructArraysStaticArraysExt
   1993.7 ms  ✓ FHist
  27780.7 ms  ✓ REPL
  15802.6 ms  ✓ PrettyTables
  15435.4 ms  ✓ UnROOT
  81 dependencies successfully precompiled in 77 seconds. 7 already precompiled.
	Command being timed: "nice -n -10 timeout -k120 -v 3600 julia +1.12.3 --project=U/UnROOT/Loading-A-Typical-Hep-Ex--Root-File -e using Pkg; @time @eval Pkg.precompile()"
	User time (seconds): 324.02
	System time (seconds): 21.85
	Percent of CPU this job got: 229%
	Elapsed (wall clock) time (h:mm:ss or m:ss): 2:30.58
	Average shared text size (kbytes): 0
	Average unshared data size (kbytes): 0
	Average stack size (kbytes): 0
	Average total size (kbytes): 0
	Maximum resident set size (kbytes): 2096016
	Average resident set size (kbytes): 0
	Major (requiring I/O) page faults: 347
	Minor (reclaiming a frame) page faults: 5984841
	Voluntary context switches: 16418
	Involuntary context switches: 19146
	Swaps: 0
	File system inputs: 0
	File system outputs: 689992
	Socket messages sent: 0
	Socket messages received: 0
	Signals delivered: 0
	Page size (bytes): 4096
	Exit status: 0
