nice: cannot set niceness: Permission denied
Precompiling packages...
   2008.3 ms  ✓ Reexport
   2087.2 ms  ✓ DataValueInterfaces
   2066.7 ms  ✓ IteratorInterfaceExtensions
   2015.3 ms  ✓ StatsAPI
   2192.1 ms  ✓ LorentzVectors
   2199.1 ms  ✓ LaTeXStrings
   2178.8 ms  ✓ DataAPI
   2380.9 ms  ✓ ConstructionBase
   2410.1 ms  ✓ LRUCache
   2415.1 ms  ✓ InverseFunctions
   2891.5 ms  ✓ DocStringExtensions
   2903.8 ms  ✓ OrderedCollections
   3007.3 ms  ✓ AbstractTrees
   3400.1 ms  ✓ Calculus
   2023.4 ms  ✓ CompositionsBase
   2180.5 ms  ✓ PtrArrays
   2402.1 ms  ✓ SuiteSparse_jll
   1798.9 ms  ✓ TableTraits
   2697.2 ms  ✓ BitIntegers
   2713.3 ms  ✓ IterTools
   2107.8 ms  ✓ BayesHistogram
   2702.3 ms  ✓ StaticArraysCore
   2786.0 ms  ✓ TranscodingStreams
   2294.9 ms  ✓ Missings
   2012.4 ms  ✓ ConstructionBase → ConstructionBaseLinearAlgebraExt
   3188.0 ms  ✓ Preferences
   5764.1 ms  ✓ IrrationalConstants
   1723.8 ms  ✓ InverseFunctions → InverseFunctionsDatesExt
   1976.1 ms  ✓ LRUCache → SerializationExt
   6444.1 ms  ✓ SentinelArrays
   4504.0 ms  ✓ Crayons
   1784.7 ms  ✓ AliasTables
   2003.1 ms  ✓ CompositionsBase → CompositionsBaseInverseFunctionsExt
   2095.0 ms  ✓ Measurements
   1195.4 ms  ✓ PrecompileTools
   1301.6 ms  ✓ JLLWrappers
   1627.1 ms  ✓ LogExpFunctions
   2388.7 ms  ✓ Tables
   1297.4 ms  ✓ libdeflate_jll
   1306.8 ms  ✓ Zstd_jll
   1485.5 ms  ✓ Lz4_jll
   1585.8 ms  ✓ XZ_jll
   1105.1 ms  ✓ LogExpFunctions → LogExpFunctionsInverseFunctionsExt
   7000.2 ms  ✓ MacroTools
   4817.6 ms  ✓ DataStructures
   2029.4 ms  ✓ StructArrays
   1291.7 ms  ✓ CodecXz
   1713.6 ms  ✓ LibDeflate
   1980.6 ms  ✓ CodecZstd
   1087.4 ms  ✓ SortingAlgorithms
    911.0 ms  ✓ StructArrays → StructArraysLinearAlgebraExt
   3717.3 ms  ✓ StringManipulation
   2142.0 ms  ✓ CodecLz4
   6430.4 ms  ✓ SparseArrays
   2280.2 ms  ✓ Accessors
    494.9 ms  ✓ Accessors → LinearAlgebraExt
    572.1 ms  ✓ StructArrays → StructArraysSparseArraysExt
    631.4 ms  ✓ Statistics
    715.5 ms  ✓ Accessors → StructArraysExt
    583.0 ms  ✓ ArraysOfArrays
    410.2 ms  ✓ ArraysOfArrays → ArraysOfArraysStaticArraysCoreExt
   1473.6 ms  ✓ StatsBase
   7768.8 ms  ✓ StaticArrays
   1379.4 ms  ✓ FHist
    648.1 ms  ✓ ConstructionBase → ConstructionBaseStaticArraysExt
    784.8 ms  ✓ StaticArrays → StaticArraysStatisticsExt
    822.6 ms  ✓ XXHashNative
    857.6 ms  ✓ StructArrays → StructArraysStaticArraysExt
    861.5 ms  ✓ Accessors → StaticArraysExt
  17093.5 ms  ✓ PrettyTables
   9700.1 ms  ✓ UnROOT
  71 dependencies successfully precompiled in 38 seconds
	Command being timed: "nice -n -10 timeout -k120 -v 3600 julia +lts --project=U/UnROOT/Loading-A-Typical-Hep-Ex--Root-File -e using Pkg; @time @eval Pkg.precompile()"
	User time (seconds): 101.96
	System time (seconds): 12.63
	Percent of CPU this job got: 293%
	Elapsed (wall clock) time (h:mm:ss or m:ss): 0:39.08
	Average shared text size (kbytes): 0
	Average unshared data size (kbytes): 0
	Average stack size (kbytes): 0
	Average total size (kbytes): 0
	Maximum resident set size (kbytes): 1123320
	Average resident set size (kbytes): 0
	Major (requiring I/O) page faults: 201
	Minor (reclaiming a frame) page faults: 3191419
	Voluntary context switches: 87653
	Involuntary context switches: 24251
	Swaps: 0
	File system inputs: 0
	File system outputs: 296464
	Socket messages sent: 0
	Socket messages received: 0
	Signals delivered: 0
	Page size (bytes): 4096
	Exit status: 0
