nice: cannot set niceness: Permission denied
Precompiling packages...
  75573.6 ms  ✓ Pkg (serial)
  1 dependency successfully precompiled in 76 seconds
Precompiling packages...
   2409.0 ms  ✓ DataValueInterfaces
   2500.7 ms  ✓ LorentzVectors
   2584.6 ms  ✓ Reexport
   2690.5 ms  ✓ Unicode
   2601.7 ms  ✓ IteratorInterfaceExtensions
   2700.7 ms  ✓ LaTeXStrings
   2803.4 ms  ✓ InverseFunctions
   3461.3 ms  ✓ Statistics
   3598.3 ms  ✓ AbstractTrees
   3789.8 ms  ✓ LRUCache
   3889.1 ms  ✓ Calculus
   3886.9 ms  ✓ DocStringExtensions
   4086.5 ms  ✓ Serialization
   2809.9 ms  ✓ StatsAPI
   2997.6 ms  ✓ DataAPI
   3007.5 ms  ✓ CompilerSupportLibraries_jll
   2387.8 ms  ✓ CompositionsBase
   3313.7 ms  ✓ IterTools
   3380.6 ms  ✓ SuiteSparse_jll
   2321.5 ms  ✓ PtrArrays
   2807.6 ms  ✓ Mmap
   2913.7 ms  ✓ StaticArraysCore
   4001.8 ms  ✓ TranscodingStreams
   2398.8 ms  ✓ TableTraits
   2417.2 ms  ✓ InverseFunctions → InverseFunctionsDatesExt
   2793.2 ms  ✓ LRUCache → SerializationExt
   3495.7 ms  ✓ ArraysOfArrays
   3708.9 ms  ✓ Preferences
   4001.8 ms  ✓ Measurements
  10406.9 ms  ✓ OrderedCollections
  10524.3 ms  ✓ ConstructionBase
   2680.7 ms  ✓ CompositionsBase → CompositionsBaseInverseFunctionsExt
   2661.1 ms  ✓ PrecompileTools
   2700.0 ms  ✓ ArraysOfArrays → ArraysOfArraysStaticArraysCoreExt
   3182.9 ms  ✓ AliasTables
   2402.0 ms  ✓ ConstructionBase → ConstructionBaseLinearAlgebraExt
  10796.9 ms  ✓ BitIntegers
   7989.8 ms  ✓ SentinelArrays
   3291.3 ms  ✓ JLLWrappers
  14669.0 ms  ✓ IrrationalConstants
   9400.9 ms  ✓ BayesHistogram
  12426.4 ms  ✓ Crayons
   3095.1 ms  ✓ Zstd_jll
   8615.6 ms  ✓ Missings
   3211.8 ms  ✓ libdeflate_jll
   3293.7 ms  ✓ XZ_jll
   3503.4 ms  ✓ Lz4_jll
   2604.0 ms  ✓ LogExpFunctions
  12287.7 ms  ✓ InteractiveUtils
   7567.6 ms  ✓ DataStructures
   1499.7 ms  ✓ CodecXz
   1682.0 ms  ✓ LogExpFunctions → LogExpFunctionsInverseFunctionsExt
  15521.6 ms  ✓ MacroTools
   2891.7 ms  ✓ LibDeflate
   9214.4 ms  ✓ Tables
   7515.9 ms  ✓ StringManipulation
   2026.6 ms  ✓ SortingAlgorithms
   3311.4 ms  ✓ CodecZstd
   3001.0 ms  ✓ CodecLz4
   1973.7 ms  ✓ StructArrays
    445.7 ms  ✓ StructArrays → StructArraysLinearAlgebraExt
  13744.0 ms  ✓ SparseArrays
   3522.1 ms  ✓ Accessors
    746.9 ms  ✓ Statistics → SparseArraysExt
    752.5 ms  ✓ StructArrays → StructArraysSparseArraysExt
    572.9 ms  ✓ Accessors → StructArraysExt
    582.5 ms  ✓ Accessors → LinearAlgebraExt
  13920.7 ms  ✓ StaticArrays
   3209.7 ms  ✓ StatsBase
    879.1 ms  ✓ StaticArrays → StaticArraysStatisticsExt
    896.2 ms  ✓ ConstructionBase → ConstructionBaseStaticArraysExt
    945.1 ms  ✓ Accessors → StaticArraysExt
   1292.4 ms  ✓ XXHashNative
   1895.4 ms  ✓ StructArrays → StructArraysStaticArraysExt
   2218.8 ms  ✓ FHist
  30002.3 ms  ✓ REPL
  17713.3 ms  ✓ PrettyTables
  12841.0 ms  ✓ UnROOT
  78 dependencies successfully precompiled in 78 seconds. 7 already precompiled.
	Command being timed: "nice -n -10 timeout -k120 -v 3600 julia +release --project=U/UnROOT/Loading-A-Typical-Hep-Ex--Root-File -e using Pkg; @time @eval Pkg.precompile()"
	User time (seconds): 332.90
	System time (seconds): 20.90
	Percent of CPU this job got: 228%
	Elapsed (wall clock) time (h:mm:ss or m:ss): 2:34.79
	Average shared text size (kbytes): 0
	Average unshared data size (kbytes): 0
	Average stack size (kbytes): 0
	Average total size (kbytes): 0
	Maximum resident set size (kbytes): 2152740
	Average resident set size (kbytes): 0
	Major (requiring I/O) page faults: 372
	Minor (reclaiming a frame) page faults: 5904953
	Voluntary context switches: 17395
	Involuntary context switches: 17561
	Swaps: 0
	File system inputs: 0
	File system outputs: 702320
	Socket messages sent: 0
	Socket messages received: 0
	Signals delivered: 0
	Page size (bytes): 4096
	Exit status: 0
