Precompiling project...
   1815.9 ms  ✓ UnPack
   1815.5 ms  ✓ DataValueInterfaces
   1894.6 ms  ✓ Reexport
   1904.7 ms  ✓ Unicode
   1926.5 ms  ✓ LaTeXStrings
   2105.8 ms  ✓ LorentzVectors
   2092.6 ms  ✓ Zlib_jll
   2499.0 ms  ✓ InverseFunctions
   2513.1 ms  ✓ LRUCache
   2821.6 ms  ✓ OrderedCollections
   2802.5 ms  ✓ DocStringExtensions
   2885.1 ms  ✓ AbstractTrees
   2894.5 ms  ✓ Statistics
   3118.6 ms  ✓ Serialization
   3619.2 ms  ✓ Calculus
   1715.7 ms  ✓ IteratorInterfaceExtensions
   1896.1 ms  ✓ SimpleBufferStream
   2274.2 ms  ✓ ConstructionBase
   2284.8 ms  ✓ DataAPI
   2223.9 ms  ✓ StatsAPI
   2623.5 ms  ✓ CompilerSupportLibraries_jll
   2080.3 ms  ✓ BitFlags
   1895.4 ms  ✓ CompositionsBase
   2289.7 ms  ✓ Mmap
   3400.0 ms  ✓ URIs
   2706.6 ms  ✓ IterTools
   2597.3 ms  ✓ SuiteSparse_jll
   2311.4 ms  ✓ PtrArrays
   6176.6 ms  ✓ IrrationalConstants
   2123.5 ms  ✓ StaticArraysCore
   1884.5 ms  ✓ BayesHistogram
   3490.3 ms  ✓ BitIntegers
   2501.3 ms  ✓ TranscodingStreams
   3306.5 ms  ✓ Measurements
   2482.1 ms  ✓ Requires
   2590.4 ms  ✓ Compat
   2606.7 ms  ✓ LoggingExtras
   5403.4 ms  ✓ Crayons
   2609.7 ms  ✓ InverseFunctions → InverseFunctionsDatesExt
   2186.7 ms  ✓ LRUCache → SerializationExt
   2300.6 ms  ✓ Parameters
   2112.9 ms  ✓ TableTraits
   3785.4 ms  ✓ Preferences
   2902.2 ms  ✓ ArraysOfArrays
   2276.0 ms  ✓ ConstructionBase → ConstructionBaseLinearAlgebraExt
   4692.1 ms  ✓ MbedTLS
   2585.5 ms  ✓ Missings
   1991.2 ms  ✓ CompositionsBase → CompositionsBaseInverseFunctionsExt
   3704.0 ms  ✓ ConcurrentUtilities
   2220.2 ms  ✓ AliasTables
   1820.7 ms  ✓ Compat → CompatLinearAlgebraExt
   1934.4 ms  ✓ CodecZlib
   5607.5 ms  ✓ SentinelArrays
   1337.3 ms  ✓ ArraysOfArrays → ArraysOfArraysStaticArraysCoreExt
   2484.4 ms  ✓ LogExpFunctions
   1627.0 ms  ✓ PrecompileTools
   1542.9 ms  ✓ JLLWrappers
   6009.2 ms  ✓ InteractiveUtils
   1918.5 ms  ✓ LogExpFunctions → LogExpFunctionsInverseFunctionsExt
   4189.5 ms  ✓ Tables
   2652.6 ms  ✓ libdeflate_jll
   2620.3 ms  ✓ libxcrypt_legacy_jll
   2729.8 ms  ✓ JSON_C_jll
   9810.6 ms  ✓ MacroTools
   2854.7 ms  ✓ OpenSSL_jll
   3267.8 ms  ✓ XZ_jll
   3507.7 ms  ✓ Libiconv_jll
   3623.9 ms  ✓ Zstd_jll
   3694.9 ms  ✓ libcxxwrap_julia_jll
   1899.4 ms  ✓ Memoization
   2890.3 ms  ✓ Libuuid_jll
   3187.8 ms  ✓ Lz4_jll
   2200.2 ms  ✓ Mixers
   2404.4 ms  ✓ CodecXz
   3407.4 ms  ✓ StructArrays
   3896.8 ms  ✓ LibDeflate
   3112.0 ms  ✓ XML2_jll
   7762.9 ms  ✓ RecipesBase
   1985.1 ms  ✓ StructArrays → StructArraysLinearAlgebraExt
   8070.4 ms  ✓ StringManipulation
   4004.1 ms  ✓ CodecZstd
   6416.0 ms  ✓ DataStructures
   4319.3 ms  ✓ CodecLz4
   1423.1 ms  ✓ Measurements → MeasurementsRecipesBaseExt
   6809.2 ms  ✓ Accessors
   6917.5 ms  ✓ OpenSSL
   1483.4 ms  ✓ SortingAlgorithms
  13830.8 ms  ✓ SparseArrays
   1176.6 ms  ✓ Accessors → LinearAlgebraExt
   1178.0 ms  ✓ Accessors → StructArraysExt
  10003.3 ms  ✓ Test
   5598.5 ms  ✓ XRootD_jll
   1588.8 ms  ✓ Statistics → SparseArraysExt
   1680.9 ms  ✓ StructArrays → StructArraysSparseArraysExt
    883.2 ms  ✓ ExceptionUnwrapping
    981.8 ms  ✓ Accessors → TestExt
    984.7 ms  ✓ InverseFunctions → InverseFunctionsTestExt
   1044.0 ms  ✓ XRootD_cxxwrap_jll
   2211.0 ms  ✓ StatsBase
  15994.6 ms  ✓ StaticArrays
   1896.5 ms  ✓ FHist
   1088.0 ms  ✓ StructArrays → StructArraysStaticArraysExt
   1097.2 ms  ✓ StaticArrays → StaticArraysStatisticsExt
   1096.6 ms  ✓ ConstructionBase → ConstructionBaseStaticArraysExt
   1171.5 ms  ✓ Accessors → StaticArraysExt
   1262.9 ms  ✓ XXHashNative
  19780.4 ms  ✓ PrettyTables
  16502.8 ms  ✓ HTTP
  32389.4 ms  ✓ CxxWrap
   4998.6 ms  ✓ XRootD
  15754.5 ms  ✓ UnROOT
  111 dependencies successfully precompiled in 69 seconds. 10 already precompiled.
	Command being timed: "julia +1.11.6 --project=U/UnROOT/Loading-A-Typical-Hep-Ex--Root-File -e using Pkg; @time @eval Pkg.precompile()"
	User time (seconds): 292.18
	System time (seconds): 22.60
	Percent of CPU this job got: 258%
	Elapsed (wall clock) time (h:mm:ss or m:ss): 2:01.83
	Average shared text size (kbytes): 0
	Average unshared data size (kbytes): 0
	Average stack size (kbytes): 0
	Average total size (kbytes): 0
	Maximum resident set size (kbytes): 2037264
	Average resident set size (kbytes): 0
	Major (requiring I/O) page faults: 427
	Minor (reclaiming a frame) page faults: 5810657
	Voluntary context switches: 156713
	Involuntary context switches: 63790
	Swaps: 0
	File system inputs: 0
	File system outputs: 940744
	Socket messages sent: 0
	Socket messages received: 0
	Signals delivered: 0
	Page size (bytes): 4096
	Exit status: 0
