nice: cannot set niceness: Permission denied
Precompiling packages...
  73383.0 ms  ✓ Pkg (serial)
  1 dependency successfully precompiled in 73 seconds
Precompiling packages...
   2420.2 ms  ✓ UnPack
   2498.2 ms  ✓ DataValueInterfaces
   2578.2 ms  ✓ LaTeXStrings
   2591.6 ms  ✓ Reexport
   2616.0 ms  ✓ LorentzVectors
   2721.0 ms  ✓ Unicode
   3401.5 ms  ✓ InverseFunctions
   3482.9 ms  ✓ AbstractTrees
   3603.9 ms  ✓ LRUCache
   3569.3 ms  ✓ Statistics
   3924.1 ms  ✓ Serialization
   3994.6 ms  ✓ DocStringExtensions
   4486.3 ms  ✓ Calculus
   2780.2 ms  ✓ IteratorInterfaceExtensions
   2899.0 ms  ✓ DataAPI
   2925.8 ms  ✓ StatsAPI
   2512.6 ms  ✓ CompositionsBase
   2980.5 ms  ✓ Mmap
   3092.0 ms  ✓ SuiteSparse_jll
   2588.4 ms  ✓ PtrArrays
   3991.0 ms  ✓ IterTools
   3200.3 ms  ✓ StaticArraysCore
   3627.0 ms  ✓ TranscodingStreams
   2496.1 ms  ✓ InverseFunctions → InverseFunctionsDatesExt
   2484.5 ms  ✓ LRUCache → SerializationExt
   2503.1 ms  ✓ TableTraits
   3796.8 ms  ✓ Preferences
   3901.0 ms  ✓ ArraysOfArrays
   3701.1 ms  ✓ Measurements
  10499.2 ms  ✓ ConstructionBase
  11411.8 ms  ✓ OrderedCollections
   2607.8 ms  ✓ CompositionsBase → CompositionsBaseInverseFunctionsExt
   2995.0 ms  ✓ AliasTables
   2796.2 ms  ✓ PrecompileTools
   2486.0 ms  ✓ ArraysOfArrays → ArraysOfArraysStaticArraysCoreExt
   2511.6 ms  ✓ ConstructionBase → ConstructionBaseLinearAlgebraExt
   3098.3 ms  ✓ JLLWrappers
  11097.3 ms  ✓ BitIntegers
   8490.7 ms  ✓ SentinelArrays
   3194.5 ms  ✓ Parameters
  14800.5 ms  ✓ IrrationalConstants
   9704.8 ms  ✓ BayesHistogram
  13007.9 ms  ✓ Crayons
   3207.6 ms  ✓ Zstd_jll
   3515.0 ms  ✓ libdeflate_jll
   3694.6 ms  ✓ XZ_jll
   2525.4 ms  ✓ LogExpFunctions
   3482.8 ms  ✓ Lz4_jll
   9496.5 ms  ✓ Missings
   1601.3 ms  ✓ CodecXz
  13408.4 ms  ✓ InteractiveUtils
   1490.7 ms  ✓ LogExpFunctions → LogExpFunctionsInverseFunctionsExt
   7616.4 ms  ✓ DataStructures
   2794.2 ms  ✓ LibDeflate
   3287.0 ms  ✓ CodecZstd
   7325.6 ms  ✓ StringManipulation
  16795.0 ms  ✓ MacroTools
   3048.2 ms  ✓ CodecLz4
   7923.1 ms  ✓ Tables
   1723.0 ms  ✓ SortingAlgorithms
    741.6 ms  ✓ Memoization
    820.5 ms  ✓ Mixers
   2042.6 ms  ✓ StructArrays
  14026.7 ms  ✓ SparseArrays
    487.6 ms  ✓ StructArrays → StructArraysLinearAlgebraExt
    706.3 ms  ✓ Statistics → SparseArraysExt
    735.1 ms  ✓ StructArrays → StructArraysSparseArraysExt
   3369.6 ms  ✓ Accessors
    488.6 ms  ✓ Accessors → StructArraysExt
    521.7 ms  ✓ Accessors → LinearAlgebraExt
  14053.4 ms  ✓ StaticArrays
   3401.8 ms  ✓ StatsBase
    867.6 ms  ✓ StaticArrays → StaticArraysStatisticsExt
    908.7 ms  ✓ ConstructionBase → ConstructionBaseStaticArraysExt
    932.6 ms  ✓ Accessors → StaticArraysExt
   1289.0 ms  ✓ XXHashNative
   1906.3 ms  ✓ StructArrays → StructArraysStaticArraysExt
   2028.2 ms  ✓ FHist
  27790.4 ms  ✓ REPL
  16573.0 ms  ✓ PrettyTables
  14424.2 ms  ✓ UnROOT
  81 dependencies successfully precompiled in 78 seconds. 7 already precompiled.
	Command being timed: "nice -n -10 timeout -k120 -v 3600 julia +1.12.5 --project=U/UnROOT/Loading-A-Typical-Hep-Ex--Root-File -e using Pkg; @time @eval Pkg.precompile()"
	User time (seconds): 325.17
	System time (seconds): 21.37
	Percent of CPU this job got: 228%
	Elapsed (wall clock) time (h:mm:ss or m:ss): 2:31.76
	Average shared text size (kbytes): 0
	Average unshared data size (kbytes): 0
	Average stack size (kbytes): 0
	Average total size (kbytes): 0
	Maximum resident set size (kbytes): 2154076
	Average resident set size (kbytes): 0
	Major (requiring I/O) page faults: 381
	Minor (reclaiming a frame) page faults: 6004722
	Voluntary context switches: 17177
	Involuntary context switches: 17480
	Swaps: 0
	File system inputs: 0
	File system outputs: 694088
	Socket messages sent: 0
	Socket messages received: 0
	Signals delivered: 0
	Page size (bytes): 4096
	Exit status: 0
