nice: cannot set niceness: Permission denied
Precompiling packages...
    435.2 ms  ✓ Reexport
    465.1 ms  ✓ DataAPI
    467.1 ms  ✓ BayesHistogram
    613.9 ms  ✓ Statistics
    515.6 ms  ✓ Missings
    575.0 ms  ✓ ConstructionBase
    429.1 ms  ✓ DataValueInterfaces
    498.5 ms  ✓ StaticArraysCore
    484.6 ms  ✓ StatsAPI
   1352.3 ms  ✓ IrrationalConstants
   1024.8 ms  ✓ SuiteSparse_jll
    534.0 ms  ✓ LorentzVectors
    732.8 ms  ✓ OrderedCollections
    550.8 ms  ✓ InverseFunctions
    469.4 ms  ✓ CompositionsBase
    698.2 ms  ✓ Calculus
    695.0 ms  ✓ Serialization
    616.5 ms  ✓ DocStringExtensions
    619.7 ms  ✓ IterTools
    628.5 ms  ✓ AbstractTrees
    497.0 ms  ✓ Unicode
    565.3 ms  ✓ LRUCache
    483.8 ms  ✓ PtrArrays
    544.4 ms  ✓ Mmap
    428.5 ms  ✓ IteratorInterfaceExtensions
    649.8 ms  ✓ TranscodingStreams
    472.0 ms  ✓ LaTeXStrings
    425.0 ms  ✓ UnPack
    638.6 ms  ✓ BitIntegers
    484.1 ms  ✓ ConstructionBase → ConstructionBaseLinearAlgebraExt
    748.5 ms  ✓ ArraysOfArrays
   1452.6 ms  ✓ InteractiveUtils
    525.2 ms  ✓ CompositionsBase → CompositionsBaseInverseFunctionsExt
   5969.1 ms  ✓ MacroTools
   2357.1 ms  ✓ Crayons
    708.7 ms  ✓ LogExpFunctions
    689.4 ms  ✓ Measurements
    422.6 ms  ✓ InverseFunctions → InverseFunctionsDatesExt
   1931.5 ms  ✓ DataStructures
    412.1 ms  ✓ LRUCache → SerializationExt
    520.2 ms  ✓ AliasTables
    472.9 ms  ✓ TableTraits
   1605.9 ms  ✓ SentinelArrays
    515.0 ms  ✓ Parameters
    429.5 ms  ✓ ArraysOfArrays → ArraysOfArraysStaticArraysCoreExt
    987.7 ms  ✓ CodecZstd
    513.3 ms  ✓ Mixers
   2254.8 ms  ✓ Preferences
    487.5 ms  ✓ Memoization
    431.0 ms  ✓ LogExpFunctions → LogExpFunctionsInverseFunctionsExt
    558.5 ms  ✓ SortingAlgorithms
   4307.5 ms  ✓ SparseArrays
    586.8 ms  ✓ JLLWrappers
    902.2 ms  ✓ Tables
    455.8 ms  ✓ PrecompileTools
    603.2 ms  ✓ Statistics → SparseArraysExt
    655.1 ms  ✓ libdeflate_jll
    758.6 ms  ✓ Lz4_jll
   2558.7 ms  ✓ Accessors
    811.1 ms  ✓ XZ_jll
    860.9 ms  ✓ StructArrays
    692.6 ms  ✓ LibDeflate
    881.3 ms  ✓ CodecLz4
   2145.4 ms  ✓ StringManipulation
    507.5 ms  ✓ Accessors → LinearAlgebraExt
   2370.3 ms  ✓ StatsBase
    496.3 ms  ✓ CodecXz
    464.0 ms  ✓ StructArrays → StructArraysLinearAlgebraExt
    602.3 ms  ✓ StructArrays → StructArraysSparseArraysExt
    458.0 ms  ✓ Accessors → StructArraysExt
   1046.8 ms  ✓ FHist
  11428.8 ms  ✓ StaticArrays
    559.6 ms  ✓ StaticArrays → StaticArraysStatisticsExt
    569.3 ms  ✓ ConstructionBase → ConstructionBaseStaticArraysExt
    590.8 ms  ✓ Accessors → StaticArraysExt
    810.7 ms  ✓ XXHashNative
    533.4 ms  ✓ StructArrays → StructArraysStaticArraysExt
  55088.7 ms  ✓ REPL
  20239.8 ms  ✓ PrettyTables
  22224.1 ms  ✓ UnROOT
  80 dependencies successfully precompiled in 106 seconds. 8 already precompiled.
	Command being timed: "nice -n -10 timeout -k120 -v 3600 julia +nightly --project=U/UnROOT/Loading-A-Typical-Hep-Ex--Root-File -e using Pkg; @time @eval Pkg.precompile()"
	User time (seconds): 342.15
	System time (seconds): 19.00
	Percent of CPU this job got: 156%
	Elapsed (wall clock) time (h:mm:ss or m:ss): 3:51.35
	Average shared text size (kbytes): 0
	Average unshared data size (kbytes): 0
	Average stack size (kbytes): 0
	Average total size (kbytes): 0
	Maximum resident set size (kbytes): 2516340
	Average resident set size (kbytes): 0
	Major (requiring I/O) page faults: 501
	Minor (reclaiming a frame) page faults: 7160010
	Voluntary context switches: 17819
	Involuntary context switches: 5631
	Swaps: 0
	File system inputs: 0
	File system outputs: 756984
	Socket messages sent: 0
	Socket messages received: 0
	Signals delivered: 0
	Page size (bytes): 4096
	Exit status: 0
