nice: cannot set niceness: Permission denied
Precompiling packages...
  73709.6 ms  ✓ Pkg (serial)
  1 dependency successfully precompiled in 74 seconds
Precompiling packages...
   2192.3 ms  ✓ DataValueInterfaces
   2388.9 ms  ✓ UnPack
   2450.2 ms  ✓ LaTeXStrings
   2564.5 ms  ✓ Reexport
   2583.5 ms  ✓ LorentzVectors
   2696.6 ms  ✓ Unicode
   2785.1 ms  ✓ InverseFunctions
   3288.1 ms  ✓ LRUCache
   3421.8 ms  ✓ Statistics
   3754.4 ms  ✓ AbstractTrees
   3973.1 ms  ✓ DocStringExtensions
   4076.0 ms  ✓ Serialization
   4155.3 ms  ✓ Calculus
   2394.0 ms  ✓ IteratorInterfaceExtensions
   2692.8 ms  ✓ DataAPI
   2835.6 ms  ✓ StatsAPI
   3091.0 ms  ✓ SuiteSparse_jll
   2593.6 ms  ✓ CompositionsBase
   3480.5 ms  ✓ IterTools
   2894.6 ms  ✓ Mmap
   2688.7 ms  ✓ PtrArrays
   2916.3 ms  ✓ StaticArraysCore
   3542.9 ms  ✓ TranscodingStreams
   2589.6 ms  ✓ InverseFunctions → InverseFunctionsDatesExt
   2592.5 ms  ✓ LRUCache → SerializationExt
   2476.7 ms  ✓ TableTraits
   3613.8 ms  ✓ Preferences
   3704.7 ms  ✓ ArraysOfArrays
   3796.3 ms  ✓ Measurements
  10688.5 ms  ✓ ConstructionBase
   2403.1 ms  ✓ CompositionsBase → CompositionsBaseInverseFunctionsExt
  11195.1 ms  ✓ OrderedCollections
   2593.5 ms  ✓ PrecompileTools
   2909.7 ms  ✓ AliasTables
   2508.9 ms  ✓ ArraysOfArrays → ArraysOfArraysStaticArraysCoreExt
   3177.1 ms  ✓ JLLWrappers
   2525.3 ms  ✓ ConstructionBase → ConstructionBaseLinearAlgebraExt
   8501.5 ms  ✓ SentinelArrays
   2811.9 ms  ✓ Parameters
  11570.2 ms  ✓ BitIntegers
   9689.7 ms  ✓ BayesHistogram
  14505.5 ms  ✓ IrrationalConstants
  12910.0 ms  ✓ Crayons
   3237.8 ms  ✓ libdeflate_jll
   9086.3 ms  ✓ Missings
   3187.9 ms  ✓ Zstd_jll
   3690.6 ms  ✓ XZ_jll
   3107.0 ms  ✓ Lz4_jll
   2794.0 ms  ✓ LogExpFunctions
  12900.6 ms  ✓ InteractiveUtils
   1504.4 ms  ✓ CodecXz
   7503.6 ms  ✓ DataStructures
   1398.3 ms  ✓ LogExpFunctions → LogExpFunctionsInverseFunctionsExt
   2584.3 ms  ✓ LibDeflate
   3025.2 ms  ✓ CodecZstd
  16298.8 ms  ✓ MacroTools
   7229.4 ms  ✓ StringManipulation
   3089.5 ms  ✓ CodecLz4
   8295.7 ms  ✓ Tables
   1892.5 ms  ✓ SortingAlgorithms
    806.3 ms  ✓ Memoization
    889.8 ms  ✓ Mixers
   1969.3 ms  ✓ StructArrays
  14064.2 ms  ✓ SparseArrays
    516.8 ms  ✓ StructArrays → StructArraysLinearAlgebraExt
    730.9 ms  ✓ Statistics → SparseArraysExt
    729.6 ms  ✓ StructArrays → StructArraysSparseArraysExt
   3407.6 ms  ✓ Accessors
    481.7 ms  ✓ Accessors → StructArraysExt
    510.6 ms  ✓ Accessors → LinearAlgebraExt
  14010.8 ms  ✓ StaticArrays
   3500.8 ms  ✓ StatsBase
    894.5 ms  ✓ StaticArrays → StaticArraysStatisticsExt
    900.3 ms  ✓ ConstructionBase → ConstructionBaseStaticArraysExt
    920.0 ms  ✓ Accessors → StaticArraysExt
   1305.1 ms  ✓ XXHashNative
   1834.4 ms  ✓ StructArrays → StructArraysStaticArraysExt
   1940.1 ms  ✓ FHist
  28241.2 ms  ✓ REPL
  17060.3 ms  ✓ PrettyTables
  14489.7 ms  ✓ UnROOT
  81 dependencies successfully precompiled in 78 seconds. 7 already precompiled.
	Command being timed: "nice -n -10 timeout -k120 -v 3600 julia +1.12.5 --project=U/UnROOT/Loading-A-Typical-Hep-Ex--Root-File -e using Pkg; @time @eval Pkg.precompile()"
	User time (seconds): 324.96
	System time (seconds): 21.28
	Percent of CPU this job got: 227%
	Elapsed (wall clock) time (h:mm:ss or m:ss): 2:32.35
	Average shared text size (kbytes): 0
	Average unshared data size (kbytes): 0
	Average stack size (kbytes): 0
	Average total size (kbytes): 0
	Maximum resident set size (kbytes): 2150644
	Average resident set size (kbytes): 0
	Major (requiring I/O) page faults: 379
	Minor (reclaiming a frame) page faults: 5969327
	Voluntary context switches: 16039
	Involuntary context switches: 17580
	Swaps: 0
	File system inputs: 0
	File system outputs: 698608
	Socket messages sent: 0
	Socket messages received: 0
	Signals delivered: 0
	Page size (bytes): 4096
	Exit status: 0
