nice: cannot set niceness: Permission denied
Precompiling packages...
    440.4 ms  ✓ Reexport
    476.8 ms  ✓ DataAPI
    484.1 ms  ✓ BayesHistogram
    620.3 ms  ✓ Statistics
    460.9 ms  ✓ UnPack
    610.5 ms  ✓ ConstructionBase
    430.1 ms  ✓ DataValueInterfaces
    524.4 ms  ✓ StaticArraysCore
    452.7 ms  ✓ ConstructionBase → ConstructionBaseLinearAlgebraExt
   1342.6 ms  ✓ IrrationalConstants
    970.0 ms  ✓ SuiteSparse_jll
    525.5 ms  ✓ LorentzVectors
    757.6 ms  ✓ OrderedCollections
    552.0 ms  ✓ InverseFunctions
    465.9 ms  ✓ CompositionsBase
    715.6 ms  ✓ Calculus
    705.4 ms  ✓ Serialization
    646.3 ms  ✓ DocStringExtensions
    632.1 ms  ✓ IterTools
    631.4 ms  ✓ AbstractTrees
    493.3 ms  ✓ Unicode
    596.9 ms  ✓ LRUCache
    499.3 ms  ✓ PtrArrays
    556.4 ms  ✓ Mmap
    485.6 ms  ✓ IteratorInterfaceExtensions
    523.4 ms  ✓ LaTeXStrings
    738.7 ms  ✓ TranscodingStreams
   4631.5 ms  ✓ MacroTools
    800.4 ms  ✓ BitIntegers
    602.6 ms  ✓ Missings
    525.4 ms  ✓ StatsAPI
    725.2 ms  ✓ ArraysOfArrays
    580.2 ms  ✓ Parameters
   1527.7 ms  ✓ InteractiveUtils
    461.2 ms  ✓ CompositionsBase → CompositionsBaseInverseFunctionsExt
   1917.5 ms  ✓ Crayons
    681.1 ms  ✓ LogExpFunctions
    735.1 ms  ✓ Measurements
    544.5 ms  ✓ InverseFunctions → InverseFunctionsDatesExt
   1865.4 ms  ✓ DataStructures
    440.1 ms  ✓ LRUCache → SerializationExt
   1596.9 ms  ✓ SentinelArrays
    586.0 ms  ✓ AliasTables
    476.5 ms  ✓ TableTraits
    513.2 ms  ✓ Mixers
    501.0 ms  ✓ Memoization
   1913.1 ms  ✓ Preferences
    933.2 ms  ✓ CodecZstd
    447.0 ms  ✓ ArraysOfArrays → ArraysOfArraysStaticArraysCoreExt
    451.0 ms  ✓ LogExpFunctions → LogExpFunctionsInverseFunctionsExt
    581.0 ms  ✓ SortingAlgorithms
[0K
[0K[573472] signal 11 (1): Segmentation fault
[0Kin expression starting at /workdir/depot/packages/Accessors/cfsTn/src/functionlenses.jl:2
[0Kcheckbounds at ./essentials.jl:381 [inlined]
[0K_iterate_abstractarray at ./abstractarray.jl:1248 [inlined]
[0Kiterate at ./abstractarray.jl:1241 [inlined]
[0Kiterate at ./abstractarray.jl:1241 [inlined]
[0K_foldl_impl at ./reduce.jl:54
[0Kfoldl_impl at ./reduce.jl:46
[0Kmapfoldl_impl at ./reduce.jl:42
[0Kunknown function (ip: 0x795311b1f00c) at (unknown file)
[0K#mapfoldl#265 at ./reduce.jl:173
[0Kmapfoldl at ./reduce.jl:173 [inlined]
[0K#foldl#266 at ./reduce.jl:196
[0Kunknown function (ip: 0x795311b1eeed) at (unknown file)
[0Kfoldl at ./reduce.jl:196 [inlined]
[0Kfoldtree at /workdir/depot/packages/Accessors/cfsTn/src/sugar.jl:139
[0Kneed_dynamic_optic at /workdir/depot/packages/Accessors/cfsTn/src/sugar.jl:142
[0Kunknown function (ip: 0x795311b1ec92) at (unknown file)
[0K_any at ./anyall.jl:124
[0Kunknown function (ip: 0x795311b1ebbe) at (unknown file)
[0K#any#756 at ./reducedim.jl:993
[0Kany at ./reducedim.jl:993
[0Kunknown function (ip: 0x795311b1e5f4) at (unknown file)
[0Kparse_obj_optics at /workdir/depot/packages/Accessors/cfsTn/src/sugar.jl:205
[0Kparse_obj_optic at /workdir/depot/packages/Accessors/cfsTn/src/sugar.jl:278
[0Kunknown function (ip: 0x795311b10789) at (unknown file)
[0K#setmacro#67 at /workdir/depot/packages/Accessors/cfsTn/src/sugar.jl:321
[0Ksetmacro at /workdir/depot/packages/Accessors/cfsTn/src/sugar.jl:312
[0Kunknown function (ip: 0x795311b0e8ed) at (unknown file)
[0K@set at /workdir/depot/packages/Accessors/cfsTn/src/sugar.jl:33
[0Kunknown function (ip: 0x795311b09e29) at (unknown file)
[0Kjl_invoke_julia_macro at /cache/build/builder-amdci4-2/julialang/julia-master/src/ast.c:1064
[0Kjl_expand_macros at /cache/build/builder-amdci4-2/julialang/julia-master/src/ast.c:1126
[0Kjl_expand_macros at /cache/build/builder-amdci4-2/julialang/julia-master/src/ast.c:1175
[0Kjl_expand_macros at /cache/build/builder-amdci4-2/julialang/julia-master/src/ast.c:1175
[0Kjl_fl_lower at /cache/build/builder-amdci4-2/julialang/julia-master/src/ast.c:1204
   4191.1 ms  ✓ SparseArrays
[0Kfl_lower at ./flfrontend.jl:24
[0Kjfptr_fl_lower_1.1 at /root/.julia/juliaup/julia-nightly/lib/julia/sys.so (unknown line)
[0Kjl_apply at /cache/build/builder-amdci4-2/julialang/julia-master/src/julia.h:2295 [inlined]
[0Kijl_lower at /cache/build/builder-amdci4-2/julialang/julia-master/src/ast.c:1271
[0Kjl_eval_toplevel_stmts at /cache/build/builder-amdci4-2/julialang/julia-master/src/toplevel.c:598
[0Kjl_toplevel_eval_flex at /cache/build/builder-amdci4-2/julialang/julia-master/src/toplevel.c:684
[0Kijl_toplevel_eval at /cache/build/builder-amdci4-2/julialang/julia-master/src/toplevel.c:780
[0Kijl_toplevel_eval_in at /cache/build/builder-amdci4-2/julialang/julia-master/src/toplevel.c:825
[0Keval at ./boot.jl:517
[0Kinclude_string at ./loading.jl:3132
[0K_include at ./loading.jl:3192
[0Kinclude at ./Base.jl:324
[0KIncludeInto at ./Base.jl:325
[0Kjfptr_IncludeInto_1.1 at /root/.julia/juliaup/julia-nightly/lib/julia/sys.so (unknown line)
[0Kjl_apply at /cache/build/builder-amdci4-2/julialang/julia-master/src/julia.h:2295 [inlined]
[0Kdo_call at /cache/build/builder-amdci4-2/julialang/julia-master/src/interpreter.c:123
[0Keval_value at /cache/build/builder-amdci4-2/julialang/julia-master/src/interpreter.c:243
[0Keval_stmt_value at /cache/build/builder-amdci4-2/julialang/julia-master/src/interpreter.c:194 [inlined]
[0Keval_body at /cache/build/builder-amdci4-2/julialang/julia-master/src/interpreter.c:679
[0Kjl_interpret_toplevel_thunk at /cache/build/builder-amdci4-2/julialang/julia-master/src/interpreter.c:884
[0Kijl_eval_thunk at /cache/build/builder-amdci4-2/julialang/julia-master/src/toplevel.c:766
[0Kjl_toplevel_eval_flex at /cache/build/builder-amdci4-2/julialang/julia-master/src/toplevel.c:712
[0Kjl_eval_toplevel_stmts at /cache/build/builder-amdci4-2/julialang/julia-master/src/toplevel.c:602
[0Kjl_eval_module_expr at /cache/build/builder-amdci4-2/julialang/julia-master/src/toplevel.c:263 [inlined]
[0Kjl_toplevel_eval_flex at /cache/build/builder-amdci4-2/julialang/julia-master/src/toplevel.c:665
[0Kjl_eval_toplevel_stmts at /cache/build/builder-amdci4-2/julialang/julia-master/src/toplevel.c:602
[0Kjl_toplevel_eval_flex at /cache/build/builder-amdci4-2/julialang/julia-master/src/toplevel.c:684
[0Kijl_toplevel_eval at /cache/build/builder-amdci4-2/julialang/julia-master/src/toplevel.c:780
[0Kijl_toplevel_eval_in at /cache/build/builder-amdci4-2/julialang/julia-master/src/toplevel.c:825
[0Keval at ./boot.jl:517
[0Kinclude_string at ./loading.jl:3132
[0K_include at ./loading.jl:3192
[0Kinclude at ./Base.jl:323
[0Kinclude_package_for_output at ./loading.jl:3290
[0Kjfptr_include_package_for_output_1.1 at /root/.julia/juliaup/julia-nightly/lib/julia/sys.so (unknown line)
[0Kjl_apply at /cache/build/builder-amdci4-2/julialang/julia-master/src/julia.h:2295 [inlined]
[0Kdo_call at /cache/build/builder-amdci4-2/julialang/julia-master/src/interpreter.c:123
[0Keval_value at /cache/build/builder-amdci4-2/julialang/julia-master/src/interpreter.c:243
[0Keval_stmt_value at /cache/build/builder-amdci4-2/julialang/julia-master/src/interpreter.c:194 [inlined]
[0Keval_body at /cache/build/builder-amdci4-2/julialang/julia-master/src/interpreter.c:679
[0Kjl_interpret_toplevel_thunk at /cache/build/builder-amdci4-2/julialang/julia-master/src/interpreter.c:884
[0Kijl_eval_thunk at /cache/build/builder-amdci4-2/julialang/julia-master/src/toplevel.c:766
[0Kjl_toplevel_eval_flex at /cache/build/builder-amdci4-2/julialang/julia-master/src/toplevel.c:712
[0Kjl_eval_toplevel_stmts at /cache/build/builder-amdci4-2/julialang/julia-master/src/toplevel.c:602
[0Kjl_toplevel_eval_flex at /cache/build/builder-amdci4-2/julialang/julia-master/src/toplevel.c:684
[0Kijl_toplevel_eval at /cache/build/builder-amdci4-2/julialang/julia-master/src/toplevel.c:780
[0Kijl_toplevel_eval_in at /cache/build/builder-amdci4-2/julialang/julia-master/src/toplevel.c:825
[0Keval at ./boot.jl:517
[0Kinclude_string at ./loading.jl:3132
[0Kinclude_string at ./loading.jl:3142 [inlined]
[0Kexec_options at ./client.jl:342
[0K_start at ./client.jl:585
[0Kjfptr__start_0.1 at /root/.julia/juliaup/julia-nightly/lib/julia/sys.so (unknown line)
[0Kjl_apply at /cache/build/builder-amdci4-2/julialang/julia-master/src/julia.h:2295 [inlined]
[0Ktrue_main at /cache/build/builder-amdci4-2/julialang/julia-master/src/jlapi.c:971
[0Kjl_repl_entrypoint at /cache/build/builder-amdci4-2/julialang/julia-master/src/jlapi.c:1138
[0Kmain at /cache/build/builder-amdci4-2/julialang/julia-master/cli/loader_exe.c:58
[0Kunknown function (ip: 0x79532d4f2249) at /lib/x86_64-linux-gnu/libc.so.6
[0K__libc_start_main at /lib/x86_64-linux-gnu/libc.so.6 (unknown line)
[0Kunknown function (ip: 0x4010b8) at /workspace/srcdir/glibc-2.17/csu/../sysdeps/x86_64/start.S
[0KAllocations: 1590584 (Pool: 1590565; Big: 19); GC: 2
    916.8 ms  ✓ Tables
              ✗ Accessors
    687.1 ms  ✓ JLLWrappers
    556.1 ms  ✓ PrecompileTools
    646.6 ms  ✓ Statistics → SparseArraysExt
    855.8 ms  ✓ StructArrays
[0KERROR: LoadError: Precompiled image Base.PkgId(Base.UUID("7d9f7c33-5ae7-4f3b-8dc6-eff91059b697"), "Accessors") not available with flags CacheFlags(; use_pkgimages=true, debug_level=1, check_bounds=0, inline=true, opt_level=2)
[0KStacktrace:
[0K  [1] error(s::String)
[0K    @ Base ./error.jl:56
[0K  [2] __require_prelocked(pkg::Base.PkgId, env::String)
[0K    @ Base ./loading.jl:2842
[0K  [3] _require_prelocked(uuidkey::Base.PkgId, env::String)
[0K    @ Base ./loading.jl:2696
[0K  [4] macro expansion
[0K    @ ./loading.jl:2623 [inlined]
[0K  [5] macro expansion
[0K    @ ./lock.jl:376 [inlined]
[0K  [6] __require(into::Module, mod::Symbol)
[0K    @ Base ./loading.jl:2587
[0K  [7] require
[0K    @ ./loading.jl:2563 [inlined]
[0K  [8] eval_import_path
[0K    @ ./module.jl:36 [inlined]
[0K  [9] eval_import_path_all(at::Module, path::Expr, keyword::String)
[0K    @ Base ./module.jl:60
[0K [10] _eval_import(::Bool, ::Module, ::Expr, ::Expr, ::Vararg{Expr})
[0K    @ Base ./module.jl:101
[0K [11] top-level scope
[0K    @ /workdir/depot/packages/Accessors/cfsTn/ext/LinearAlgebraExt.jl:3
[0K [12] include(mod::Module, _path::String)
[0K    @ Base ./Base.jl:323
[0K [13] include_package_for_output(pkg::Base.PkgId, input::String, syntax_version::VersionNumber, depot_path::Vector{String}, dl_load_path::Vector{String}, load_path::Vector{String}, concrete_deps::Vector{Pair{Base.PkgId, UInt128}}, source::Nothing)
[0K    @ Base ./loading.jl:3290
[0K [14] top-level scope
[0K    @ stdin:5
[0K [15] eval(m::Module, e::Any)
[0K    @ Core ./boot.jl:517
[0K [16] include_string(mapexpr::typeof(identity), mod::Module, code::String, filename::String)
[0K    @ Base ./loading.jl:3132
[0K [17] include_string
[0K    @ ./loading.jl:3142 [inlined]
[0K [18] exec_options(opts::Base.JLOptions)
[0K    @ Base ./client.jl:342
[0K [19] _start()
[0K    @ Base ./client.jl:585
[0Kin expression starting at /workdir/depot/packages/Accessors/cfsTn/ext/LinearAlgebraExt.jl:1
[0Kin expression starting at stdin:5
              ✗ Accessors → LinearAlgebraExt
    949.2 ms  ✓ libdeflate_jll
   1020.1 ms  ✓ Lz4_jll
   1001.7 ms  ✓ XZ_jll
    641.2 ms  ✓ StructArrays → StructArraysSparseArraysExt
    483.3 ms  ✓ StructArrays → StructArraysLinearAlgebraExt
   2256.3 ms  ✓ StringManipulation
   2438.8 ms  ✓ StatsBase
[0KERROR: LoadError: Precompiled image Base.PkgId(Base.UUID("7d9f7c33-5ae7-4f3b-8dc6-eff91059b697"), "Accessors") not available with flags CacheFlags(; use_pkgimages=true, debug_level=1, check_bounds=0, inline=true, opt_level=2)
[0KStacktrace:
[0K  [1] error(s::String)
[0K    @ Base ./error.jl:56
[0K  [2] __require_prelocked(pkg::Base.PkgId, env::String)
[0K    @ Base ./loading.jl:2842
[0K  [3] _require_prelocked(uuidkey::Base.PkgId, env::String)
[0K    @ Base ./loading.jl:2696
[0K  [4] macro expansion
[0K    @ ./loading.jl:2623 [inlined]
[0K  [5] macro expansion
[0K    @ ./lock.jl:376 [inlined]
[0K  [6] __require(into::Module, mod::Symbol)
[0K    @ Base ./loading.jl:2587
[0K  [7] require
[0K    @ ./loading.jl:2563 [inlined]
[0K  [8] eval_import_path
[0K    @ ./module.jl:36 [inlined]
[0K  [9] eval_import_path_all(at::Module, path::Expr, keyword::String)
[0K    @ Base ./module.jl:60
[0K [10] _eval_using
[0K    @ ./module.jl:137 [inlined]
[0K [11] _eval_using(to::Module, path::Expr)
[0K    @ Base ./module.jl:137
[0K [12] top-level scope
[0K    @ /workdir/depot/packages/Accessors/cfsTn/ext/StructArraysExt.jl:2
[0K [13] include(mod::Module, _path::String)
[0K    @ Base ./Base.jl:323
[0K [14] include_package_for_output(pkg::Base.PkgId, input::String, syntax_version::VersionNumber, depot_path::Vector{String}, dl_load_path::Vector{String}, load_path::Vector{String}, concrete_deps::Vector{Pair{Base.PkgId, UInt128}}, source::Nothing)
[0K    @ Base ./loading.jl:3290
[0K [15] top-level scope
[0K    @ stdin:5
[0K [16] eval(m::Module, e::Any)
[0K    @ Core ./boot.jl:517
[0K [17] include_string(mapexpr::typeof(identity), mod::Module, code::String, filename::String)
[0K    @ Base ./loading.jl:3132
[0K [18] include_string
[0K    @ ./loading.jl:3142 [inlined]
[0K [19] exec_options(opts::Base.JLOptions)
[0K    @ Base ./client.jl:342
[0K [20] _start()
[0K    @ Base ./client.jl:585
[0Kin expression starting at /workdir/depot/packages/Accessors/cfsTn/ext/StructArraysExt.jl:1
[0Kin expression starting at stdin:5
              ✗ Accessors → StructArraysExt
    813.3 ms  ✓ LibDeflate
    587.1 ms  ✓ CodecXz
    918.2 ms  ✓ CodecLz4
   1201.3 ms  ✓ FHist
  10081.9 ms  ✓ StaticArrays
    694.6 ms  ✓ ConstructionBase → ConstructionBaseStaticArraysExt
    698.3 ms  ✓ StaticArrays → StaticArraysStatisticsExt
    924.6 ms  ✓ XXHashNative
[0KERROR: LoadError: Precompiled image Base.PkgId(Base.UUID("7d9f7c33-5ae7-4f3b-8dc6-eff91059b697"), "Accessors") not available with flags CacheFlags(; use_pkgimages=true, debug_level=1, check_bounds=0, inline=true, opt_level=2)
[0KStacktrace:
[0K  [1] error(s::String)
[0K    @ Base ./error.jl:56
[0K  [2] __require_prelocked(pkg::Base.PkgId, env::String)
[0K    @ Base ./loading.jl:2842
[0K  [3] _require_prelocked(uuidkey::Base.PkgId, env::String)
[0K    @ Base ./loading.jl:2696
[0K  [4] macro expansion
[0K    @ ./loading.jl:2623 [inlined]
[0K  [5] macro expansion
[0K    @ ./lock.jl:376 [inlined]
[0K  [6] __require(into::Module, mod::Symbol)
[0K    @ Base ./loading.jl:2587
[0K  [7] require
[0K    @ ./loading.jl:2563 [inlined]
[0K  [8] eval_import_path
[0K    @ ./module.jl:36 [inlined]
[0K  [9] eval_import_path_all(at::Module, path::Expr, keyword::String)
[0K    @ Base ./module.jl:60
[0K [10] _eval_using
[0K    @ ./module.jl:137 [inlined]
[0K [11] _eval_using(to::Module, path::Expr)
[0K    @ Base ./module.jl:137
[0K [12] top-level scope
[0K    @ /workdir/depot/packages/Accessors/cfsTn/ext/StaticArraysExt.jl:3
[0K [13] include(mod::Module, _path::String)
[0K    @ Base ./Base.jl:323
[0K [14] include_package_for_output(pkg::Base.PkgId, input::String, syntax_version::VersionNumber, depot_path::Vector{String}, dl_load_path::Vector{String}, load_path::Vector{String}, concrete_deps::Vector{Pair{Base.PkgId, UInt128}}, source::Nothing)
[0K    @ Base ./loading.jl:3290
[0K [15] top-level scope
[0K    @ stdin:5
[0K [16] eval(m::Module, e::Any)
[0K    @ Core ./boot.jl:517
[0K [17] include_string(mapexpr::typeof(identity), mod::Module, code::String, filename::String)
[0K    @ Base ./loading.jl:3132
[0K [18] include_string
[0K    @ ./loading.jl:3142 [inlined]
[0K [19] exec_options(opts::Base.JLOptions)
[0K    @ Base ./client.jl:342
[0K [20] _start()
[0K    @ Base ./client.jl:585
[0Kin expression starting at /workdir/depot/packages/Accessors/cfsTn/ext/StaticArraysExt.jl:1
[0Kin expression starting at stdin:5
              ✗ Accessors → StaticArraysExt
    656.8 ms  ✓ StructArrays → StructArraysStaticArraysExt
  46084.5 ms  ✓ REPL
  19770.3 ms  ✓ PrettyTables
[0KERROR: LoadError: Precompiled image Base.PkgId(Base.UUID("7d9f7c33-5ae7-4f3b-8dc6-eff91059b697"), "Accessors") not available with flags CacheFlags(; use_pkgimages=true, debug_level=1, check_bounds=0, inline=true, opt_level=2)
[0KStacktrace:
[0K  [1] error(s::String)
[0K    @ Base ./error.jl:56
[0K  [2] __require_prelocked(pkg::Base.PkgId, env::String)
[0K    @ Base ./loading.jl:2842
[0K  [3] _require_prelocked(uuidkey::Base.PkgId, env::String)
[0K    @ Base ./loading.jl:2696
[0K  [4] macro expansion
[0K    @ ./loading.jl:2623 [inlined]
[0K  [5] macro expansion
[0K    @ ./lock.jl:376 [inlined]
[0K  [6] __require(into::Module, mod::Symbol)
[0K    @ Base ./loading.jl:2587
[0K  [7] require
[0K    @ ./loading.jl:2563 [inlined]
[0K  [8] eval_import_path
[0K    @ ./module.jl:36 [inlined]
[0K  [9] eval_import_path_all(at::Module, path::Expr, keyword::String)
[0K    @ Base ./module.jl:60
[0K [10] _eval_using
[0K    @ ./module.jl:137 [inlined]
[0K [11] _eval_using(to::Module, path::Expr)
[0K    @ Base ./module.jl:137
[0K [12] top-level scope
[0K    @ /workdir/depot/packages/UnROOT/0JUdx/src/RNTuple/Writing/TFileWriter.jl:5
[0K [13] include(mapexpr::Function, mod::Module, _path::String)
[0K    @ Base ./Base.jl:324
[0K [14] top-level scope
[0K    @ /workdir/depot/packages/UnROOT/0JUdx/src/UnROOT.jl:69
[0K [15] include(mod::Module, _path::String)
[0K    @ Base ./Base.jl:323
[0K [16] include_package_for_output(pkg::Base.PkgId, input::String, syntax_version::VersionNumber, depot_path::Vector{String}, dl_load_path::Vector{String}, load_path::Vector{String}, concrete_deps::Vector{Pair{Base.PkgId, UInt128}}, source::Nothing)
[0K    @ Base ./loading.jl:3290
[0K [17] top-level scope
[0K    @ stdin:5
[0K [18] eval(m::Module, e::Any)
[0K    @ Core ./boot.jl:517
[0K [19] include_string(mapexpr::typeof(identity), mod::Module, code::String, filename::String)
[0K    @ Base ./loading.jl:3132
[0K [20] include_string
[0K    @ ./loading.jl:3142 [inlined]
[0K [21] exec_options(opts::Base.JLOptions)
[0K    @ Base ./client.jl:342
[0K [22] _start()
[0K    @ Base ./client.jl:585
[0Kin expression starting at /workdir/depot/packages/UnROOT/0JUdx/src/RNTuple/Writing/TFileWriter.jl:5
[0Kin expression starting at /workdir/depot/packages/UnROOT/0JUdx/src/UnROOT.jl:1
[0Kin expression starting at stdin:5
              ✗ UnROOT
  75 dependencies successfully precompiled in 79 seconds. 8 already precompiled.
	Command being timed: "nice -n -10 timeout -k120 -v 3600 julia +nightly --project=U/UnROOT/Loading-A-Typical-Hep-Ex--Root-File -e using Pkg; @time @eval Pkg.precompile()"
	User time (seconds): 282.67
	System time (seconds): 17.21
	Percent of CPU this job got: 163%
	Elapsed (wall clock) time (h:mm:ss or m:ss): 3:03.24
	Average shared text size (kbytes): 0
	Average unshared data size (kbytes): 0
	Average stack size (kbytes): 0
	Average total size (kbytes): 0
	Maximum resident set size (kbytes): 2230816
	Average resident set size (kbytes): 0
	Major (requiring I/O) page faults: 321
	Minor (reclaiming a frame) page faults: 6523663
	Voluntary context switches: 17738
	Involuntary context switches: 4627
	Swaps: 0
	File system inputs: 0
	File system outputs: 676872
	Socket messages sent: 0
	Socket messages received: 0
	Signals delivered: 0
	Page size (bytes): 4096
	Exit status: 0
