nice: cannot set niceness: Permission denied
Precompiling packages...
  77869.7 ms  ✓ Pkg (serial)
  1 dependency successfully precompiled in 78 seconds
Precompiling packages...
   2271.0 ms  ✓ IteratorInterfaceExtensions
   2346.6 ms  ✓ Reexport
   2430.5 ms  ✓ LaTeXStrings
   2463.6 ms  ✓ DataValueInterfaces
   2656.5 ms  ✓ Unicode
   2857.5 ms  ✓ InverseFunctions
   2967.5 ms  ✓ LorentzVectors
   3320.8 ms  ✓ AbstractTrees
   3441.8 ms  ✓ LRUCache
   3601.6 ms  ✓ Statistics
   3622.7 ms  ✓ DocStringExtensions
   3846.4 ms  ✓ Serialization
   3865.0 ms  ✓ Calculus
   2639.9 ms  ✓ DataAPI
   2712.2 ms  ✓ StatsAPI
   3137.9 ms  ✓ CompilerSupportLibraries_jll
   3308.2 ms  ✓ IterTools
   2724.8 ms  ✓ Mmap
   3187.7 ms  ✓ SuiteSparse_jll
   2799.7 ms  ✓ CompositionsBase
   2784.2 ms  ✓ StaticArraysCore
   3477.8 ms  ✓ ArraysOfArrays
   3689.3 ms  ✓ TranscodingStreams
   2289.6 ms  ✓ TableTraits
   2674.7 ms  ✓ InverseFunctions → InverseFunctionsDatesExt
   2624.1 ms  ✓ PtrArrays
   2719.1 ms  ✓ LRUCache → SerializationExt
   3993.3 ms  ✓ Preferences
  10013.4 ms  ✓ ConstructionBase
   3534.6 ms  ✓ Measurements
  10766.1 ms  ✓ OrderedCollections
   2236.9 ms  ✓ CompositionsBase → CompositionsBaseInverseFunctionsExt
   2883.8 ms  ✓ ArraysOfArrays → ArraysOfArraysStaticArraysCoreExt
   2902.8 ms  ✓ AliasTables
   2605.3 ms  ✓ PrecompileTools
  10096.9 ms  ✓ BitIntegers
   2301.2 ms  ✓ ConstructionBase → ConstructionBaseLinearAlgebraExt
   3096.9 ms  ✓ JLLWrappers
   8574.4 ms  ✓ BayesHistogram
   7689.5 ms  ✓ SentinelArrays
  14536.7 ms  ✓ IrrationalConstants
  12896.5 ms  ✓ Crayons
   3002.3 ms  ✓ libdeflate_jll
   8981.5 ms  ✓ Missings
   3313.4 ms  ✓ Zstd_jll
   3422.0 ms  ✓ Lz4_jll
   3600.3 ms  ✓ XZ_jll
   2737.3 ms  ✓ LogExpFunctions
   7181.3 ms  ✓ DataStructures
   1723.7 ms  ✓ CodecXz
  13707.2 ms  ✓ InteractiveUtils
   1497.1 ms  ✓ LogExpFunctions → LogExpFunctionsInverseFunctionsExt
   2988.7 ms  ✓ LibDeflate
   7168.4 ms  ✓ StringManipulation
  16235.8 ms  ✓ MacroTools
   1939.0 ms  ✓ SortingAlgorithms
   3313.6 ms  ✓ CodecLz4
   8936.3 ms  ✓ Tables
   3455.8 ms  ✓ CodecZstd
   1990.2 ms  ✓ StructArrays
  14410.7 ms  ✓ SparseArrays
    576.5 ms  ✓ StructArrays → StructArraysLinearAlgebraExt
    680.3 ms  ✓ Statistics → SparseArraysExt
    693.9 ms  ✓ StructArrays → StructArraysSparseArraysExt
   3449.2 ms  ✓ Accessors
    486.6 ms  ✓ Accessors → StructArraysExt
    524.7 ms  ✓ Accessors → LinearAlgebraExt
   3417.9 ms  ✓ StatsBase
  13941.1 ms  ✓ StaticArrays
    869.4 ms  ✓ StaticArrays → StaticArraysStatisticsExt
    962.1 ms  ✓ Accessors → StaticArraysExt
    969.5 ms  ✓ ConstructionBase → ConstructionBaseStaticArraysExt
   1380.7 ms  ✓ XXHashNative
   1960.7 ms  ✓ StructArrays → StructArraysStaticArraysExt
   2401.0 ms  ✓ FHist
  29946.7 ms  ✓ REPL
  17359.5 ms  ✓ PrettyTables
  12014.6 ms  ✓ UnROOT
  78 dependencies successfully precompiled in 78 seconds. 7 already precompiled.
	Command being timed: "nice -n -10 timeout -k120 -v 3600 julia +1.12.6 --project=U/UnROOT/Loading-A-Typical-Hep-Ex--Root-File -e using Pkg; @time @eval Pkg.precompile()"
	User time (seconds): 340.88
	System time (seconds): 20.66
	Percent of CPU this job got: 230%
	Elapsed (wall clock) time (h:mm:ss or m:ss): 2:36.98
	Average shared text size (kbytes): 0
	Average unshared data size (kbytes): 0
	Average stack size (kbytes): 0
	Average total size (kbytes): 0
	Maximum resident set size (kbytes): 2158488
	Average resident set size (kbytes): 0
	Major (requiring I/O) page faults: 354
	Minor (reclaiming a frame) page faults: 5903664
	Voluntary context switches: 17272
	Involuntary context switches: 21488
	Swaps: 0
	File system inputs: 0
	File system outputs: 702704
	Socket messages sent: 0
	Socket messages received: 0
	Signals delivered: 0
	Page size (bytes): 4096
	Exit status: 0
