nice: cannot set niceness: Permission denied
Precompiling packages...
    421.6 ms  ✓ Reexport
    442.4 ms  ✓ DataAPI
    464.1 ms  ✓ BayesHistogram
    604.2 ms  ✓ Statistics
    439.1 ms  ✓ UnPack
    574.8 ms  ✓ ConstructionBase
    417.2 ms  ✓ DataValueInterfaces
    502.8 ms  ✓ StaticArraysCore
    469.0 ms  ✓ StatsAPI
   1345.5 ms  ✓ IrrationalConstants
    529.4 ms  ✓ LorentzVectors
   1032.8 ms  ✓ SuiteSparse_jll
    711.8 ms  ✓ OrderedCollections
    560.5 ms  ✓ InverseFunctions
    460.4 ms  ✓ CompositionsBase
    688.4 ms  ✓ Calculus
    671.9 ms  ✓ Serialization
    615.8 ms  ✓ DocStringExtensions
    615.6 ms  ✓ IterTools
    482.3 ms  ✓ Unicode
    622.1 ms  ✓ AbstractTrees
    555.6 ms  ✓ LRUCache
    468.1 ms  ✓ PtrArrays
    520.5 ms  ✓ Mmap
    440.9 ms  ✓ IteratorInterfaceExtensions
    663.5 ms  ✓ TranscodingStreams
    466.0 ms  ✓ LaTeXStrings
    656.0 ms  ✓ BitIntegers
    492.8 ms  ✓ Missings
    456.3 ms  ✓ ConstructionBase → ConstructionBaseLinearAlgebraExt
    712.1 ms  ✓ ArraysOfArrays
   1437.7 ms  ✓ InteractiveUtils
    598.7 ms  ✓ Parameters
    563.0 ms  ✓ CompositionsBase → CompositionsBaseInverseFunctionsExt
   6101.3 ms  ✓ MacroTools
   2314.2 ms  ✓ Crayons
    668.0 ms  ✓ LogExpFunctions
    664.1 ms  ✓ Measurements
   1932.1 ms  ✓ DataStructures
    428.7 ms  ✓ InverseFunctions → InverseFunctionsDatesExt
    408.0 ms  ✓ LRUCache → SerializationExt
    536.7 ms  ✓ SortingAlgorithms
   1586.3 ms  ✓ SentinelArrays
    478.6 ms  ✓ TableTraits
    405.8 ms  ✓ ArraysOfArrays → ArraysOfArraysStaticArraysCoreExt
    948.4 ms  ✓ CodecZstd
    491.0 ms  ✓ Mixers
   2174.2 ms  ✓ Preferences
    493.2 ms  ✓ Memoization
    448.6 ms  ✓ LogExpFunctions → LogExpFunctionsInverseFunctionsExt
    509.9 ms  ✓ AliasTables
   4384.4 ms  ✓ SparseArrays
    577.4 ms  ✓ JLLWrappers
    884.1 ms  ✓ Tables
    441.9 ms  ✓ PrecompileTools
    602.5 ms  ✓ Statistics → SparseArraysExt
    667.7 ms  ✓ libdeflate_jll
    734.8 ms  ✓ Lz4_jll
    763.4 ms  ✓ XZ_jll
    831.4 ms  ✓ StructArrays
   2594.2 ms  ✓ Accessors
    678.1 ms  ✓ LibDeflate
    858.8 ms  ✓ CodecLz4
   2139.0 ms  ✓ StringManipulation
    559.7 ms  ✓ CodecXz
   2337.0 ms  ✓ StatsBase
    595.4 ms  ✓ StructArrays → StructArraysSparseArraysExt
    447.0 ms  ✓ StructArrays → StructArraysLinearAlgebraExt
    486.7 ms  ✓ Accessors → StructArraysExt
    436.8 ms  ✓ Accessors → LinearAlgebraExt
   1049.9 ms  ✓ FHist
  11461.8 ms  ✓ StaticArrays
    550.6 ms  ✓ ConstructionBase → ConstructionBaseStaticArraysExt
    557.3 ms  ✓ StaticArrays → StaticArraysStatisticsExt
    602.9 ms  ✓ StructArrays → StructArraysStaticArraysExt
    790.4 ms  ✓ XXHashNative
    491.8 ms  ✓ Accessors → StaticArraysExt
  55725.1 ms  ✓ REPL
  20386.5 ms  ✓ PrettyTables
  21987.5 ms  ✓ UnROOT
  80 dependencies successfully precompiled in 106 seconds. 8 already precompiled.
	Command being timed: "nice -n -10 timeout -k120 -v 3600 julia +nightly --project=U/UnROOT/Loading-A-Typical-Hep-Ex--Root-File -e using Pkg; @time @eval Pkg.precompile()"
	User time (seconds): 344.42
	System time (seconds): 18.17
	Percent of CPU this job got: 155%
	Elapsed (wall clock) time (h:mm:ss or m:ss): 3:52.89
	Average shared text size (kbytes): 0
	Average unshared data size (kbytes): 0
	Average stack size (kbytes): 0
	Average total size (kbytes): 0
	Maximum resident set size (kbytes): 2522108
	Average resident set size (kbytes): 0
	Major (requiring I/O) page faults: 432
	Minor (reclaiming a frame) page faults: 7126238
	Voluntary context switches: 17764
	Involuntary context switches: 4584
	Swaps: 0
	File system inputs: 0
	File system outputs: 757352
	Socket messages sent: 0
	Socket messages received: 0
	Signals delivered: 0
	Page size (bytes): 4096
	Exit status: 0
