nice: cannot set niceness: Permission denied
Precompiling packages...
  75543.5 ms  ✓ Pkg (serial)
  1 dependency successfully precompiled in 76 seconds
Precompiling packages...
   2320.6 ms  ✓ DataValueInterfaces
   2384.1 ms  ✓ LaTeXStrings
   2418.0 ms  ✓ Unicode
   2414.8 ms  ✓ Reexport
   2487.7 ms  ✓ LorentzVectors
   2414.7 ms  ✓ IteratorInterfaceExtensions
   3206.6 ms  ✓ InverseFunctions
   3401.2 ms  ✓ AbstractTrees
   3476.5 ms  ✓ DocStringExtensions
   3482.8 ms  ✓ LRUCache
   3782.5 ms  ✓ Statistics
   3818.4 ms  ✓ Serialization
   3910.1 ms  ✓ Calculus
   2638.6 ms  ✓ StatsAPI
   2705.1 ms  ✓ DataAPI
   2794.5 ms  ✓ CompilerSupportLibraries_jll
   2697.7 ms  ✓ SuiteSparse_jll
   3498.9 ms  ✓ IterTools
   2571.5 ms  ✓ Mmap
   2622.1 ms  ✓ CompositionsBase
   2398.2 ms  ✓ PtrArrays
   4097.5 ms  ✓ Preferences
   2806.1 ms  ✓ StaticArraysCore
   3315.9 ms  ✓ TranscodingStreams
   2230.7 ms  ✓ TableTraits
   2418.3 ms  ✓ InverseFunctions → InverseFunctionsDatesExt
   2405.4 ms  ✓ LRUCache → SerializationExt
   3409.0 ms  ✓ ArraysOfArrays
   9818.0 ms  ✓ OrderedCollections
   3403.9 ms  ✓ Measurements
   9927.6 ms  ✓ ConstructionBase
   2669.6 ms  ✓ CompositionsBase → CompositionsBaseInverseFunctionsExt
   2589.9 ms  ✓ PrecompileTools
   3000.1 ms  ✓ AliasTables
   2387.7 ms  ✓ ArraysOfArrays → ArraysOfArraysStaticArraysCoreExt
   2398.0 ms  ✓ ConstructionBase → ConstructionBaseLinearAlgebraExt
   3007.4 ms  ✓ JLLWrappers
  10493.7 ms  ✓ BitIntegers
   8318.0 ms  ✓ SentinelArrays
   9092.7 ms  ✓ BayesHistogram
  14174.4 ms  ✓ IrrationalConstants
   3098.5 ms  ✓ libdeflate_jll
   9004.7 ms  ✓ Missings
   3396.4 ms  ✓ Zstd_jll
   3410.0 ms  ✓ Lz4_jll
   3505.3 ms  ✓ XZ_jll
  10720.7 ms  ✓ Crayons
   2506.9 ms  ✓ LogExpFunctions
  11842.9 ms  ✓ InteractiveUtils
   1991.9 ms  ✓ CodecXz
   7109.2 ms  ✓ StringManipulation
   1809.4 ms  ✓ LogExpFunctions → LogExpFunctionsInverseFunctionsExt
   2995.7 ms  ✓ LibDeflate
  15415.1 ms  ✓ MacroTools
   9087.1 ms  ✓ Tables
   3075.3 ms  ✓ CodecLz4
   3188.4 ms  ✓ CodecZstd
   2296.1 ms  ✓ StructArrays
  14599.5 ms  ✓ SparseArrays
    604.9 ms  ✓ StructArrays → StructArraysLinearAlgebraExt
    721.9 ms  ✓ Statistics → SparseArraysExt
    781.1 ms  ✓ StructArrays → StructArraysSparseArraysExt
   3885.9 ms  ✓ Accessors
    813.7 ms  ✓ Accessors → LinearAlgebraExt
    996.1 ms  ✓ Accessors → StructArraysExt
   7019.2 ms  ✓ Test
    624.2 ms  ✓ InverseFunctions → InverseFunctionsTestExt
    642.3 ms  ✓ Accessors → TestExt
   1260.7 ms  ✓ DataStructures
   1013.7 ms  ✓ SortingAlgorithms
  15126.3 ms  ✓ StaticArrays
    910.0 ms  ✓ StaticArrays → StaticArraysStatisticsExt
    906.7 ms  ✓ ConstructionBase → ConstructionBaseStaticArraysExt
    917.5 ms  ✓ Accessors → StaticArraysExt
   1370.4 ms  ✓ XXHashNative
   1922.9 ms  ✓ StructArrays → StructArraysStaticArraysExt
   3291.9 ms  ✓ StatsBase
   1801.4 ms  ✓ FHist
  31039.3 ms  ✓ REPL
  17300.4 ms  ✓ PrettyTables
  12008.0 ms  ✓ UnROOT
  81 dependencies successfully precompiled in 77 seconds. 8 already precompiled.
	Command being timed: "nice -n -10 timeout -k120 -v 3600 julia +release --project=U/UnROOT/Loading-A-Typical-Hep-Ex--Root-File -e using Pkg; @time @eval Pkg.precompile()"
	User time (seconds): 337.28
	System time (seconds): 20.72
	Percent of CPU this job got: 232%
	Elapsed (wall clock) time (h:mm:ss or m:ss): 2:33.84
	Average shared text size (kbytes): 0
	Average unshared data size (kbytes): 0
	Average stack size (kbytes): 0
	Average total size (kbytes): 0
	Maximum resident set size (kbytes): 2153548
	Average resident set size (kbytes): 0
	Major (requiring I/O) page faults: 394
	Minor (reclaiming a frame) page faults: 6049552
	Voluntary context switches: 17630
	Involuntary context switches: 18512
	Swaps: 0
	File system inputs: 0
	File system outputs: 711408
	Socket messages sent: 0
	Socket messages received: 0
	Signals delivered: 0
	Page size (bytes): 4096
	Exit status: 0
