nice: cannot set niceness: Permission denied
Precompiling packages...
    420.0 ms  ✓ Reexport
    443.0 ms  ✓ BayesHistogram
    452.5 ms  ✓ DataAPI
    601.1 ms  ✓ Statistics
    448.2 ms  ✓ UnPack
    569.4 ms  ✓ ConstructionBase
    416.8 ms  ✓ DataValueInterfaces
    505.0 ms  ✓ StaticArraysCore
    471.1 ms  ✓ StatsAPI
   1362.6 ms  ✓ IrrationalConstants
    950.1 ms  ✓ SuiteSparse_jll
    524.7 ms  ✓ LorentzVectors
    714.1 ms  ✓ OrderedCollections
    550.1 ms  ✓ InverseFunctions
    475.7 ms  ✓ CompositionsBase
    681.3 ms  ✓ Calculus
    684.1 ms  ✓ Serialization
    617.1 ms  ✓ DocStringExtensions
    608.3 ms  ✓ IterTools
    610.8 ms  ✓ AbstractTrees
    490.0 ms  ✓ Unicode
    541.5 ms  ✓ LRUCache
    450.0 ms  ✓ PtrArrays
    520.3 ms  ✓ Mmap
    417.6 ms  ✓ IteratorInterfaceExtensions
    650.2 ms  ✓ TranscodingStreams
    475.7 ms  ✓ LaTeXStrings
    668.9 ms  ✓ BitIntegers
    502.9 ms  ✓ Missings
    590.1 ms  ✓ ConstructionBase → ConstructionBaseLinearAlgebraExt
    766.2 ms  ✓ ArraysOfArrays
   1492.7 ms  ✓ InteractiveUtils
    585.3 ms  ✓ Parameters
   5817.6 ms  ✓ MacroTools
    489.1 ms  ✓ CompositionsBase → CompositionsBaseInverseFunctionsExt
   2182.2 ms  ✓ Crayons
    695.1 ms  ✓ LogExpFunctions
    674.1 ms  ✓ Measurements
    429.7 ms  ✓ InverseFunctions → InverseFunctionsDatesExt
   1838.5 ms  ✓ DataStructures
    404.2 ms  ✓ LRUCache → SerializationExt
    551.2 ms  ✓ AliasTables
   1580.6 ms  ✓ SentinelArrays
    476.2 ms  ✓ TableTraits
    419.5 ms  ✓ ArraysOfArrays → ArraysOfArraysStaticArraysCoreExt
    939.3 ms  ✓ CodecZstd
    492.7 ms  ✓ Mixers
   2080.1 ms  ✓ Preferences
    484.2 ms  ✓ Memoization
    414.4 ms  ✓ LogExpFunctions → LogExpFunctionsInverseFunctionsExt
    517.1 ms  ✓ SortingAlgorithms
    874.6 ms  ✓ Tables
   4252.6 ms  ✓ SparseArrays
    605.7 ms  ✓ JLLWrappers
    461.0 ms  ✓ PrecompileTools
    575.1 ms  ✓ Statistics → SparseArraysExt
    769.3 ms  ✓ StructArrays
    732.9 ms  ✓ libdeflate_jll
   2546.2 ms  ✓ Accessors
    813.9 ms  ✓ Lz4_jll
    814.8 ms  ✓ XZ_jll
    561.0 ms  ✓ StructArrays → StructArraysSparseArraysExt
    417.7 ms  ✓ StructArrays → StructArraysLinearAlgebraExt
    757.0 ms  ✓ LibDeflate
   2103.9 ms  ✓ StringManipulation
    458.3 ms  ✓ Accessors → StructArraysExt
    475.0 ms  ✓ Accessors → LinearAlgebraExt
   2488.1 ms  ✓ StatsBase
    465.0 ms  ✓ CodecXz
    808.4 ms  ✓ CodecLz4
   1059.1 ms  ✓ FHist
  11549.8 ms  ✓ StaticArrays
    581.6 ms  ✓ StaticArrays → StaticArraysStatisticsExt
    579.8 ms  ✓ ConstructionBase → ConstructionBaseStaticArraysExt
    642.7 ms  ✓ StructArrays → StructArraysStaticArraysExt
    804.9 ms  ✓ XXHashNative
    502.9 ms  ✓ Accessors → StaticArraysExt
  49996.5 ms  ✓ REPL
  20714.3 ms  ✓ PrettyTables
  17722.8 ms  ✓ UnROOT
  80 dependencies successfully precompiled in 96 seconds. 8 already precompiled.
	Command being timed: "nice -n -10 timeout -k120 -v 3600 julia +alpha --project=U/UnROOT/Loading-A-Typical-Hep-Ex--Root-File -e using Pkg; @time @eval Pkg.precompile()"
	User time (seconds): 314.71
	System time (seconds): 18.03
	Percent of CPU this job got: 158%
	Elapsed (wall clock) time (h:mm:ss or m:ss): 3:29.35
	Average shared text size (kbytes): 0
	Average unshared data size (kbytes): 0
	Average stack size (kbytes): 0
	Average total size (kbytes): 0
	Maximum resident set size (kbytes): 2796624
	Average resident set size (kbytes): 0
	Major (requiring I/O) page faults: 453
	Minor (reclaiming a frame) page faults: 6997909
	Voluntary context switches: 18080
	Involuntary context switches: 4399
	Swaps: 0
	File system inputs: 0
	File system outputs: 733232
	Socket messages sent: 0
	Socket messages received: 0
	Signals delivered: 0
	Page size (bytes): 4096
	Exit status: 0
