nice: cannot set niceness: Permission denied
Precompiling packages...
  71460.4 ms  ✓ Pkg (serial)
  1 dependency successfully precompiled in 71 seconds
Precompiling packages...
   2522.9 ms  ✓ UnPack
   2598.0 ms  ✓ Reexport
   2618.0 ms  ✓ DataValueInterfaces
   2621.8 ms  ✓ LaTeXStrings
   2709.1 ms  ✓ LorentzVectors
   2822.7 ms  ✓ Unicode
   3405.2 ms  ✓ LRUCache
   3402.6 ms  ✓ InverseFunctions
   3713.4 ms  ✓ OrderedCollections
   3677.0 ms  ✓ AbstractTrees
   3793.0 ms  ✓ DocStringExtensions
   3695.5 ms  ✓ ConstructionBase
   3912.1 ms  ✓ Calculus
   4137.3 ms  ✓ Statistics
   4228.5 ms  ✓ Serialization
   2461.5 ms  ✓ IteratorInterfaceExtensions
   2656.2 ms  ✓ SimpleBufferStream
   2607.6 ms  ✓ StatsAPI
   3095.8 ms  ✓ DataAPI
   3151.4 ms  ✓ CompilerSupportLibraries_jll
   3688.0 ms  ✓ URIs
   2512.1 ms  ✓ CompositionsBase
   2802.2 ms  ✓ SuiteSparse_jll
   2960.0 ms  ✓ Mmap
   3088.8 ms  ✓ PtrArrays
   3912.3 ms  ✓ IterTools
   3858.9 ms  ✓ BitIntegers
   2800.2 ms  ✓ StaticArraysCore
   7851.6 ms  ✓ IrrationalConstants
   2705.7 ms  ✓ BayesHistogram
   3537.0 ms  ✓ TranscodingStreams
   2764.3 ms  ✓ InverseFunctions → InverseFunctionsDatesExt
   6258.5 ms  ✓ Crayons
   2897.1 ms  ✓ Parameters
   3495.7 ms  ✓ LoggingExtras
   2494.3 ms  ✓ BitFlags
   2488.4 ms  ✓ ConstructionBase → ConstructionBaseLinearAlgebraExt
   3752.2 ms  ✓ Preferences
   2806.6 ms  ✓ LRUCache → SerializationExt
   3347.8 ms  ✓ ArraysOfArrays
   2696.1 ms  ✓ TableTraits
   4156.4 ms  ✓ Measurements
   2442.0 ms  ✓ CompositionsBase → CompositionsBaseInverseFunctionsExt
   2736.6 ms  ✓ Missings
   8714.0 ms  ✓ DataStructures
   2811.2 ms  ✓ AliasTables
   4746.4 ms  ✓ ConcurrentUtilities
   2891.8 ms  ✓ CodecZlib
   3160.1 ms  ✓ LogExpFunctions
   2206.2 ms  ✓ PrecompileTools
   1864.4 ms  ✓ ArraysOfArrays → ArraysOfArraysStaticArraysCoreExt
   7692.1 ms  ✓ InteractiveUtils
   2492.1 ms  ✓ JLLWrappers
   2496.2 ms  ✓ SortingAlgorithms
  11062.9 ms  ✓ MacroTools
   2754.6 ms  ✓ LogExpFunctions → LogExpFunctionsInverseFunctionsExt
   4092.6 ms  ✓ Tables
  10950.4 ms  ✓ SentinelArrays
   3304.8 ms  ✓ libdeflate_jll
   3642.6 ms  ✓ JSON_C_jll
   3561.3 ms  ✓ libxcrypt_legacy_jll
   3898.9 ms  ✓ Zstd_jll
   4154.3 ms  ✓ MbedTLS_jll
   4454.3 ms  ✓ XZ_jll
   3589.8 ms  ✓ Libiconv_jll
   3695.1 ms  ✓ Libuuid_jll
   4344.1 ms  ✓ libcxxwrap_julia_jll
   2699.0 ms  ✓ Memoization
   2991.7 ms  ✓ Mixers
   4584.7 ms  ✓ Lz4_jll
  10246.0 ms  ✓ OpenSSL
   2397.1 ms  ✓ CodecXz
   3844.9 ms  ✓ StructArrays
   8351.1 ms  ✓ StringManipulation
   3804.1 ms  ✓ LibDeflate
   3946.4 ms  ✓ CodecZstd
   2913.8 ms  ✓ XML2_jll
   4297.2 ms  ✓ MbedTLS
   1315.4 ms  ✓ StructArrays → StructArraysLinearAlgebraExt
   2528.2 ms  ✓ CodecLz4
  14039.5 ms  ✓ SparseArrays
   6796.8 ms  ✓ Accessors
  12211.2 ms  ✓ Test
   2205.8 ms  ✓ StructArrays → StructArraysSparseArraysExt
   1823.2 ms  ✓ Accessors → LinearAlgebraExt
   2356.4 ms  ✓ Statistics → SparseArraysExt
   1924.9 ms  ✓ Accessors → StructArraysExt
   1247.1 ms  ✓ ExceptionUnwrapping
   1306.0 ms  ✓ InverseFunctions → InverseFunctionsTestExt
   1442.2 ms  ✓ Accessors → TestExt
   5392.1 ms  ✓ XRootD_jll
    922.1 ms  ✓ XRootD_cxxwrap_jll
   2813.5 ms  ✓ StatsBase
  17730.2 ms  ✓ StaticArrays
   1991.6 ms  ✓ FHist
   1063.9 ms  ✓ ConstructionBase → ConstructionBaseStaticArraysExt
   1106.9 ms  ✓ StaticArrays → StaticArraysStatisticsExt
   1166.7 ms  ✓ StructArrays → StructArraysStaticArraysExt
   1208.9 ms  ✓ Accessors → StaticArraysExt
   1657.8 ms  ✓ XXHashNative
  21800.4 ms  ✓ PrettyTables
  17571.0 ms  ✓ HTTP
  50521.1 ms  ✓ CxxWrap
   5972.6 ms  ✓ XRootD
  17475.0 ms  ✓ UnROOT
  105 dependencies successfully precompiled in 94 seconds. 13 already precompiled.
  1 dependency had output during precompilation:
┌ XRootD
│  WARNING: Constructor for type "Set" was extended in `XRootD` without explicit qualification or import.
│    NOTE: Assumed "Set" refers to `Base.Set`. This behavior is deprecated and may differ in future versions.`
│    NOTE: This behavior may have differed in Julia versions prior to 1.12.
│    Hint: If you intended to create a new generic function of the same name, use `function Set end`.
│    Hint: To silence the warning, qualify `Set` as `Base.Set` in the method signature or explicitly `import Base: Set`.
└  
	Command being timed: "nice -n -10 timeout -k120 -v 3600 julia +1.12.1 --project=U/UnROOT/Loading-A-Typical-Hep-Ex--Root-File -e using Pkg; @time @eval Pkg.precompile()"
	User time (seconds): 361.92
	System time (seconds): 25.48
	Percent of CPU this job got: 233%
	Elapsed (wall clock) time (h:mm:ss or m:ss): 2:45.88
	Average shared text size (kbytes): 0
	Average unshared data size (kbytes): 0
	Average stack size (kbytes): 0
	Average total size (kbytes): 0
	Maximum resident set size (kbytes): 2089020
	Average resident set size (kbytes): 0
	Major (requiring I/O) page faults: 451
	Minor (reclaiming a frame) page faults: 6439056
	Voluntary context switches: 19905
	Involuntary context switches: 27157
	Swaps: 0
	File system inputs: 0
	File system outputs: 844504
	Socket messages sent: 0
	Socket messages received: 0
	Signals delivered: 0
	Page size (bytes): 4096
	Exit status: 0
