nice: cannot set niceness: Permission denied
Precompiling packages...
    417.3 ms  ✓ Reexport
    460.7 ms  ✓ BayesHistogram
    469.6 ms  ✓ DataAPI
    596.4 ms  ✓ Statistics
    441.9 ms  ✓ UnPack
    576.7 ms  ✓ ConstructionBase
    414.8 ms  ✓ DataValueInterfaces
    508.4 ms  ✓ StaticArraysCore
    487.8 ms  ✓ StatsAPI
   1407.3 ms  ✓ IrrationalConstants
    902.7 ms  ✓ SuiteSparse_jll
    545.6 ms  ✓ LorentzVectors
    732.6 ms  ✓ OrderedCollections
    541.7 ms  ✓ InverseFunctions
    448.0 ms  ✓ CompositionsBase
    682.7 ms  ✓ Calculus
    674.8 ms  ✓ Serialization
    605.2 ms  ✓ DocStringExtensions
    632.1 ms  ✓ IterTools
    623.9 ms  ✓ AbstractTrees
    492.3 ms  ✓ Unicode
    563.3 ms  ✓ LRUCache
    459.9 ms  ✓ PtrArrays
    506.0 ms  ✓ Mmap
    666.1 ms  ✓ TranscodingStreams
    419.7 ms  ✓ IteratorInterfaceExtensions
    460.2 ms  ✓ LaTeXStrings
    685.2 ms  ✓ BitIntegers
    559.2 ms  ✓ Missings
    800.2 ms  ✓ ArraysOfArrays
    658.1 ms  ✓ ConstructionBase → ConstructionBaseLinearAlgebraExt
   1468.2 ms  ✓ InteractiveUtils
   5508.7 ms  ✓ MacroTools
    556.6 ms  ✓ Parameters
    424.7 ms  ✓ CompositionsBase → CompositionsBaseInverseFunctionsExt
   2130.9 ms  ✓ Crayons
    671.8 ms  ✓ LogExpFunctions
    678.4 ms  ✓ Measurements
    467.8 ms  ✓ InverseFunctions → InverseFunctionsDatesExt
   1854.9 ms  ✓ DataStructures
    422.2 ms  ✓ LRUCache → SerializationExt
    554.2 ms  ✓ AliasTables
   1626.6 ms  ✓ SentinelArrays
    422.0 ms  ✓ TableTraits
    428.4 ms  ✓ ArraysOfArrays → ArraysOfArraysStaticArraysCoreExt
    991.0 ms  ✓ CodecZstd
    513.3 ms  ✓ Mixers
   2155.3 ms  ✓ Preferences
    488.3 ms  ✓ Memoization
    426.6 ms  ✓ LogExpFunctions → LogExpFunctionsInverseFunctionsExt
    535.1 ms  ✓ SortingAlgorithms
   4270.5 ms  ✓ SparseArrays
    582.8 ms  ✓ JLLWrappers
    906.1 ms  ✓ Tables
    487.8 ms  ✓ PrecompileTools
    610.0 ms  ✓ Statistics → SparseArraysExt
    674.8 ms  ✓ libdeflate_jll
    746.5 ms  ✓ Lz4_jll
   2568.5 ms  ✓ Accessors
    826.0 ms  ✓ XZ_jll
    862.8 ms  ✓ StructArrays
    661.0 ms  ✓ LibDeflate
    844.0 ms  ✓ CodecLz4
   2083.6 ms  ✓ StringManipulation
    528.1 ms  ✓ Accessors → LinearAlgebraExt
   2427.9 ms  ✓ StatsBase
    472.4 ms  ✓ CodecXz
    604.6 ms  ✓ StructArrays → StructArraysSparseArraysExt
    469.0 ms  ✓ StructArrays → StructArraysLinearAlgebraExt
    482.3 ms  ✓ Accessors → StructArraysExt
   1032.2 ms  ✓ FHist
  11327.1 ms  ✓ StaticArrays
    568.9 ms  ✓ StaticArrays → StaticArraysStatisticsExt
    579.2 ms  ✓ ConstructionBase → ConstructionBaseStaticArraysExt
    578.6 ms  ✓ Accessors → StaticArraysExt
    834.5 ms  ✓ XXHashNative
    536.6 ms  ✓ StructArrays → StructArraysStaticArraysExt
  49395.6 ms  ✓ REPL
  21597.9 ms  ✓ PrettyTables
  17587.7 ms  ✓ UnROOT
  80 dependencies successfully precompiled in 97 seconds. 8 already precompiled.
	Command being timed: "nice -n -10 timeout -k120 -v 3600 julia +alpha --project=U/UnROOT/Loading-A-Typical-Hep-Ex--Root-File -e using Pkg; @time @eval Pkg.precompile()"
	User time (seconds): 314.52
	System time (seconds): 18.55
	Percent of CPU this job got: 158%
	Elapsed (wall clock) time (h:mm:ss or m:ss): 3:29.77
	Average shared text size (kbytes): 0
	Average unshared data size (kbytes): 0
	Average stack size (kbytes): 0
	Average total size (kbytes): 0
	Maximum resident set size (kbytes): 2766892
	Average resident set size (kbytes): 0
	Major (requiring I/O) page faults: 372
	Minor (reclaiming a frame) page faults: 6943143
	Voluntary context switches: 17827
	Involuntary context switches: 4571
	Swaps: 0
	File system inputs: 0
	File system outputs: 738648
	Socket messages sent: 0
	Socket messages received: 0
	Signals delivered: 0
	Page size (bytes): 4096
	Exit status: 0
