	Command being timed: "julia +1.11.6 --project=U/UnROOT/Loading-A-Typical-Hep-Ex--Root-File U/UnROOT/Loading-A-Typical-Hep-Ex--Root-File/task.jl"
	User time (seconds): 3.72
	System time (seconds): 0.20
	Percent of CPU this job got: 113%
	Elapsed (wall clock) time (h:mm:ss or m:ss): 0:03.46
	Average shared text size (kbytes): 0
	Average unshared data size (kbytes): 0
	Average stack size (kbytes): 0
	Average total size (kbytes): 0
	Maximum resident set size (kbytes): 458896
	Average resident set size (kbytes): 0
	Major (requiring I/O) page faults: 0
	Minor (reclaiming a frame) page faults: 68010
	Voluntary context switches: 213
	Involuntary context switches: 60
	Swaps: 0
	File system inputs: 0
	File system outputs: 8
	Socket messages sent: 0
	Socket messages received: 0
	Signals delivered: 0
	Page size (bytes): 4096
	Exit status: 0
