nice: cannot set niceness: Permission denied
Precompiling packages...
  75511.6 ms  ✓ Pkg (serial)
  1 dependency successfully precompiled in 76 seconds
Precompiling packages...
   2315.0 ms  ✓ DataValueInterfaces
   2500.8 ms  ✓ LorentzVectors
   2511.5 ms  ✓ LaTeXStrings
   2696.7 ms  ✓ Unicode
   2684.2 ms  ✓ IteratorInterfaceExtensions
   2799.3 ms  ✓ Reexport
   3168.3 ms  ✓ InverseFunctions
   3297.0 ms  ✓ LRUCache
   3588.5 ms  ✓ DocStringExtensions
   3601.1 ms  ✓ AbstractTrees
   3683.2 ms  ✓ Statistics
   3903.0 ms  ✓ Serialization
   4021.9 ms  ✓ Calculus
   2696.6 ms  ✓ DataAPI
   2797.5 ms  ✓ StatsAPI
   2787.1 ms  ✓ CompilerSupportLibraries_jll
   3295.8 ms  ✓ IterTools
   2934.4 ms  ✓ SuiteSparse_jll
   2510.0 ms  ✓ CompositionsBase
   2907.1 ms  ✓ Mmap
   2494.4 ms  ✓ PtrArrays
   2889.5 ms  ✓ StaticArraysCore
   3656.8 ms  ✓ TranscodingStreams
   2476.4 ms  ✓ InverseFunctions → InverseFunctionsDatesExt
   2496.9 ms  ✓ TableTraits
   3178.4 ms  ✓ LRUCache → SerializationExt
   3489.9 ms  ✓ ArraysOfArrays
   3901.4 ms  ✓ Preferences
  10206.9 ms  ✓ ConstructionBase
  10603.3 ms  ✓ OrderedCollections
   3925.6 ms  ✓ Measurements
   2491.1 ms  ✓ CompositionsBase → CompositionsBaseInverseFunctionsExt
   2415.6 ms  ✓ ArraysOfArrays → ArraysOfArraysStaticArraysCoreExt
   2813.9 ms  ✓ AliasTables
   2528.0 ms  ✓ PrecompileTools
   2204.7 ms  ✓ ConstructionBase → ConstructionBaseLinearAlgebraExt
   7799.2 ms  ✓ SentinelArrays
   2913.7 ms  ✓ JLLWrappers
  10991.3 ms  ✓ BitIntegers
   9505.1 ms  ✓ BayesHistogram
  14961.4 ms  ✓ IrrationalConstants
  12914.5 ms  ✓ Crayons
   8545.1 ms  ✓ Missings
   3005.9 ms  ✓ libdeflate_jll
   3298.3 ms  ✓ XZ_jll
   3384.3 ms  ✓ Zstd_jll
   3483.1 ms  ✓ Lz4_jll
  12205.3 ms  ✓ InteractiveUtils
   2527.6 ms  ✓ LogExpFunctions
   1598.9 ms  ✓ CodecXz
   7618.9 ms  ✓ DataStructures
   2591.4 ms  ✓ LibDeflate
   1478.5 ms  ✓ LogExpFunctions → LogExpFunctionsInverseFunctionsExt
   8408.9 ms  ✓ Tables
  15989.0 ms  ✓ MacroTools
   3008.7 ms  ✓ CodecZstd
   2929.0 ms  ✓ CodecLz4
   1512.7 ms  ✓ SortingAlgorithms
   9602.0 ms  ✓ StringManipulation
   3169.1 ms  ✓ StructArrays
  14467.8 ms  ✓ SparseArrays
    579.7 ms  ✓ StructArrays → StructArraysLinearAlgebraExt
    641.8 ms  ✓ Statistics → SparseArraysExt
    639.0 ms  ✓ StructArrays → StructArraysSparseArraysExt
   4466.2 ms  ✓ Accessors
    542.1 ms  ✓ Accessors → LinearAlgebraExt
    525.4 ms  ✓ Accessors → StructArraysExt
  14464.5 ms  ✓ StaticArrays
   3631.9 ms  ✓ StatsBase
    888.6 ms  ✓ StaticArrays → StaticArraysStatisticsExt
    921.4 ms  ✓ ConstructionBase → ConstructionBaseStaticArraysExt
    948.8 ms  ✓ Accessors → StaticArraysExt
   1339.5 ms  ✓ XXHashNative
   1874.7 ms  ✓ StructArrays → StructArraysStaticArraysExt
   2042.1 ms  ✓ FHist
  31302.7 ms  ✓ REPL
  16877.4 ms  ✓ PrettyTables
  12483.7 ms  ✓ UnROOT
  78 dependencies successfully precompiled in 78 seconds. 7 already precompiled.
	Command being timed: "nice -n -10 timeout -k120 -v 3600 julia +release --project=U/UnROOT/Loading-A-Typical-Hep-Ex--Root-File -e using Pkg; @time @eval Pkg.precompile()"
	User time (seconds): 335.74
	System time (seconds): 20.66
	Percent of CPU this job got: 230%
	Elapsed (wall clock) time (h:mm:ss or m:ss): 2:34.75
	Average shared text size (kbytes): 0
	Average unshared data size (kbytes): 0
	Average stack size (kbytes): 0
	Average total size (kbytes): 0
	Maximum resident set size (kbytes): 2150656
	Average resident set size (kbytes): 0
	Major (requiring I/O) page faults: 491
	Minor (reclaiming a frame) page faults: 5886895
	Voluntary context switches: 17905
	Involuntary context switches: 18579
	Swaps: 0
	File system inputs: 0
	File system outputs: 707600
	Socket messages sent: 0
	Socket messages received: 0
	Signals delivered: 0
	Page size (bytes): 4096
	Exit status: 0
