nice: cannot set niceness: Permission denied
Precompiling packages...
  73261.8 ms  ✓ Pkg (serial)
  1 dependency successfully precompiled in 73 seconds
Precompiling packages...
   2182.1 ms  ✓ DataValueInterfaces
   2356.8 ms  ✓ UnPack
   2362.2 ms  ✓ Reexport
   2564.8 ms  ✓ Unicode
   2661.4 ms  ✓ LorentzVectors
   2735.5 ms  ✓ LaTeXStrings
   3161.2 ms  ✓ InverseFunctions
   3235.4 ms  ✓ LRUCache
   3436.2 ms  ✓ Statistics
   3445.4 ms  ✓ AbstractTrees
   3555.4 ms  ✓ DocStringExtensions
   4067.2 ms  ✓ Calculus
   4064.3 ms  ✓ Serialization
   2679.6 ms  ✓ IteratorInterfaceExtensions
   2692.7 ms  ✓ StatsAPI
   2811.3 ms  ✓ DataAPI
   2897.5 ms  ✓ SuiteSparse_jll
   2830.8 ms  ✓ Mmap
   2505.0 ms  ✓ PtrArrays
   2699.0 ms  ✓ CompositionsBase
   3528.9 ms  ✓ IterTools
   3003.4 ms  ✓ StaticArraysCore
   3698.6 ms  ✓ Measurements
   2392.5 ms  ✓ InverseFunctions → InverseFunctionsDatesExt
   2298.6 ms  ✓ LRUCache → SerializationExt
   2696.4 ms  ✓ TableTraits
   3703.7 ms  ✓ ArraysOfArrays
   3816.3 ms  ✓ Preferences
   3801.8 ms  ✓ TranscodingStreams
  10413.2 ms  ✓ ConstructionBase
  11164.1 ms  ✓ OrderedCollections
   3099.8 ms  ✓ AliasTables
   2397.2 ms  ✓ ArraysOfArrays → ArraysOfArraysStaticArraysCoreExt
   2599.9 ms  ✓ CompositionsBase → CompositionsBaseInverseFunctionsExt
   2682.2 ms  ✓ PrecompileTools
   2598.5 ms  ✓ ConstructionBase → ConstructionBaseLinearAlgebraExt
   3296.0 ms  ✓ JLLWrappers
  10799.5 ms  ✓ BitIntegers
   8698.6 ms  ✓ SentinelArrays
   9709.2 ms  ✓ BayesHistogram
   2908.9 ms  ✓ Parameters
  15335.4 ms  ✓ IrrationalConstants
  12900.2 ms  ✓ Crayons
   3103.2 ms  ✓ libdeflate_jll
   3314.1 ms  ✓ Zstd_jll
   9310.3 ms  ✓ Missings
   3273.7 ms  ✓ Lz4_jll
   3910.4 ms  ✓ XZ_jll
   2490.3 ms  ✓ LogExpFunctions
  12924.5 ms  ✓ InteractiveUtils
   7620.8 ms  ✓ DataStructures
   1904.9 ms  ✓ CodecXz
  15810.1 ms  ✓ MacroTools
   1899.4 ms  ✓ LogExpFunctions → LogExpFunctionsInverseFunctionsExt
   3396.7 ms  ✓ LibDeflate
   7612.8 ms  ✓ StringManipulation
   3765.2 ms  ✓ CodecZstd
   1897.3 ms  ✓ SortingAlgorithms
   3556.9 ms  ✓ CodecLz4
   8584.7 ms  ✓ Tables
   1445.3 ms  ✓ Memoization
   1622.1 ms  ✓ Mixers
   1826.7 ms  ✓ StructArrays
  14513.3 ms  ✓ SparseArrays
    494.0 ms  ✓ StructArrays → StructArraysLinearAlgebraExt
   4032.6 ms  ✓ Accessors
    814.1 ms  ✓ Statistics → SparseArraysExt
    818.5 ms  ✓ StructArrays → StructArraysSparseArraysExt
    596.5 ms  ✓ Accessors → StructArraysExt
    620.8 ms  ✓ Accessors → LinearAlgebraExt
  14318.9 ms  ✓ StaticArrays
   3315.5 ms  ✓ StatsBase
    818.8 ms  ✓ StaticArrays → StaticArraysStatisticsExt
    857.5 ms  ✓ ConstructionBase → ConstructionBaseStaticArraysExt
    905.8 ms  ✓ Accessors → StaticArraysExt
   1284.0 ms  ✓ XXHashNative
   1801.1 ms  ✓ StructArrays → StructArraysStaticArraysExt
   2080.6 ms  ✓ FHist
  28466.1 ms  ✓ REPL
  16657.7 ms  ✓ PrettyTables
  14469.1 ms  ✓ UnROOT
  81 dependencies successfully precompiled in 78 seconds. 7 already precompiled.
	Command being timed: "nice -n -10 timeout -k120 -v 3600 julia +1.12.5 --project=U/UnROOT/Loading-A-Typical-Hep-Ex--Root-File -e using Pkg; @time @eval Pkg.precompile()"
	User time (seconds): 324.38
	System time (seconds): 21.24
	Percent of CPU this job got: 227%
	Elapsed (wall clock) time (h:mm:ss or m:ss): 2:31.59
	Average shared text size (kbytes): 0
	Average unshared data size (kbytes): 0
	Average stack size (kbytes): 0
	Average total size (kbytes): 0
	Maximum resident set size (kbytes): 2155308
	Average resident set size (kbytes): 0
	Major (requiring I/O) page faults: 360
	Minor (reclaiming a frame) page faults: 5977458
	Voluntary context switches: 16692
	Involuntary context switches: 18102
	Swaps: 0
	File system inputs: 0
	File system outputs: 692840
	Socket messages sent: 0
	Socket messages received: 0
	Signals delivered: 0
	Page size (bytes): 4096
	Exit status: 0
