nice: cannot set niceness: Permission denied
Precompiling packages...
  73868.3 ms  ✓ Pkg (serial)
  1 dependency successfully precompiled in 74 seconds
Precompiling packages...
   2334.0 ms  ✓ DataValueInterfaces
   2429.7 ms  ✓ Reexport
   2527.0 ms  ✓ UnPack
   2546.6 ms  ✓ LorentzVectors
   2639.3 ms  ✓ Unicode
   2729.5 ms  ✓ LaTeXStrings
   3233.6 ms  ✓ InverseFunctions
   3338.0 ms  ✓ LRUCache
   3683.9 ms  ✓ AbstractTrees
   3781.4 ms  ✓ Statistics
   3900.3 ms  ✓ DocStringExtensions
   3947.3 ms  ✓ Serialization
   4123.5 ms  ✓ Calculus
   2589.5 ms  ✓ IteratorInterfaceExtensions
   2884.4 ms  ✓ DataAPI
   3090.3 ms  ✓ StatsAPI
   3308.9 ms  ✓ IterTools
   2790.8 ms  ✓ Mmap
   2997.7 ms  ✓ SuiteSparse_jll
   2714.8 ms  ✓ CompositionsBase
   2626.8 ms  ✓ PtrArrays
   2889.6 ms  ✓ StaticArraysCore
   4027.9 ms  ✓ TranscodingStreams
   2308.3 ms  ✓ LRUCache → SerializationExt
   2711.6 ms  ✓ InverseFunctions → InverseFunctionsDatesExt
   2400.9 ms  ✓ TableTraits
   3606.4 ms  ✓ ArraysOfArrays
   3898.2 ms  ✓ Preferences
   3783.5 ms  ✓ Measurements
  10827.0 ms  ✓ OrderedCollections
  10898.3 ms  ✓ ConstructionBase
   2693.5 ms  ✓ CompositionsBase → CompositionsBaseInverseFunctionsExt
   2983.5 ms  ✓ AliasTables
   2473.3 ms  ✓ ArraysOfArrays → ArraysOfArraysStaticArraysCoreExt
   2404.4 ms  ✓ PrecompileTools
   3509.5 ms  ✓ JLLWrappers
   3079.1 ms  ✓ Parameters
  11490.4 ms  ✓ BitIntegers
   8523.0 ms  ✓ SentinelArrays
   9514.5 ms  ✓ BayesHistogram
   2494.8 ms  ✓ ConstructionBase → ConstructionBaseLinearAlgebraExt
  14681.4 ms  ✓ IrrationalConstants
  13171.5 ms  ✓ Crayons
   2985.8 ms  ✓ libdeflate_jll
   8975.2 ms  ✓ Missings
   3315.6 ms  ✓ XZ_jll
   3217.6 ms  ✓ Zstd_jll
   2897.6 ms  ✓ LogExpFunctions
   3476.1 ms  ✓ Lz4_jll
  12696.3 ms  ✓ InteractiveUtils
   7384.3 ms  ✓ DataStructures
   1524.3 ms  ✓ LogExpFunctions → LogExpFunctionsInverseFunctionsExt
   1811.2 ms  ✓ CodecXz
   2511.0 ms  ✓ LibDeflate
   8406.9 ms  ✓ Tables
  16500.5 ms  ✓ MacroTools
   2119.9 ms  ✓ SortingAlgorithms
   8306.8 ms  ✓ StringManipulation
   3296.1 ms  ✓ CodecLz4
   3488.9 ms  ✓ CodecZstd
    909.6 ms  ✓ Memoization
   1002.1 ms  ✓ Mixers
   2578.9 ms  ✓ StructArrays
    442.6 ms  ✓ StructArrays → StructArraysLinearAlgebraExt
  14436.0 ms  ✓ SparseArrays
   3510.3 ms  ✓ Accessors
    679.0 ms  ✓ StructArrays → StructArraysSparseArraysExt
    681.9 ms  ✓ Statistics → SparseArraysExt
    486.7 ms  ✓ Accessors → StructArraysExt
    506.7 ms  ✓ Accessors → LinearAlgebraExt
  14414.5 ms  ✓ StaticArrays
   3500.1 ms  ✓ StatsBase
    887.2 ms  ✓ ConstructionBase → ConstructionBaseStaticArraysExt
    889.5 ms  ✓ StaticArrays → StaticArraysStatisticsExt
    957.0 ms  ✓ Accessors → StaticArraysExt
   1322.6 ms  ✓ XXHashNative
   1884.0 ms  ✓ StructArrays → StructArraysStaticArraysExt
   1966.6 ms  ✓ FHist
  28540.6 ms  ✓ REPL
  16473.4 ms  ✓ PrettyTables
  14463.3 ms  ✓ UnROOT
  81 dependencies successfully precompiled in 78 seconds. 7 already precompiled.
	Command being timed: "nice -n -10 timeout -k120 -v 3600 julia +1.12.5 --project=U/UnROOT/Loading-A-Typical-Hep-Ex--Root-File -e using Pkg; @time @eval Pkg.precompile()"
	User time (seconds): 326.55
	System time (seconds): 21.21
	Percent of CPU this job got: 228%
	Elapsed (wall clock) time (h:mm:ss or m:ss): 2:32.12
	Average shared text size (kbytes): 0
	Average unshared data size (kbytes): 0
	Average stack size (kbytes): 0
	Average total size (kbytes): 0
	Maximum resident set size (kbytes): 2150348
	Average resident set size (kbytes): 0
	Major (requiring I/O) page faults: 375
	Minor (reclaiming a frame) page faults: 5960566
	Voluntary context switches: 17650
	Involuntary context switches: 18372
	Swaps: 0
	File system inputs: 0
	File system outputs: 692560
	Socket messages sent: 0
	Socket messages received: 0
	Signals delivered: 0
	Page size (bytes): 4096
	Exit status: 0
