nice: cannot set niceness: Permission denied
Precompiling packages...
    416.4 ms  ✓ Reexport
    447.2 ms  ✓ BayesHistogram
    461.4 ms  ✓ DataAPI
    606.3 ms  ✓ Statistics
    436.2 ms  ✓ UnPack
    565.3 ms  ✓ ConstructionBase
    417.2 ms  ✓ DataValueInterfaces
    520.7 ms  ✓ StaticArraysCore
    476.4 ms  ✓ StatsAPI
   1344.7 ms  ✓ IrrationalConstants
    924.5 ms  ✓ SuiteSparse_jll
    549.2 ms  ✓ LorentzVectors
    732.3 ms  ✓ OrderedCollections
    564.4 ms  ✓ InverseFunctions
    450.8 ms  ✓ CompositionsBase
    706.5 ms  ✓ Calculus
    688.4 ms  ✓ Serialization
    608.2 ms  ✓ DocStringExtensions
    613.9 ms  ✓ IterTools
    599.1 ms  ✓ AbstractTrees
    476.7 ms  ✓ Unicode
    552.9 ms  ✓ LRUCache
    468.3 ms  ✓ PtrArrays
    568.6 ms  ✓ Mmap
    498.1 ms  ✓ IteratorInterfaceExtensions
    765.0 ms  ✓ TranscodingStreams
    583.5 ms  ✓ LaTeXStrings
    812.5 ms  ✓ BitIntegers
    588.8 ms  ✓ Missings
   4834.4 ms  ✓ MacroTools
    485.7 ms  ✓ ConstructionBase → ConstructionBaseLinearAlgebraExt
    657.9 ms  ✓ ArraysOfArrays
    523.2 ms  ✓ Parameters
   1527.2 ms  ✓ InteractiveUtils
    414.6 ms  ✓ CompositionsBase → CompositionsBaseInverseFunctionsExt
   1950.4 ms  ✓ Crayons
    683.5 ms  ✓ LogExpFunctions
    680.4 ms  ✓ Measurements
    412.6 ms  ✓ InverseFunctions → InverseFunctionsDatesExt
   1803.4 ms  ✓ DataStructures
    413.4 ms  ✓ LRUCache → SerializationExt
   1592.2 ms  ✓ SentinelArrays
    466.6 ms  ✓ TableTraits
    546.5 ms  ✓ AliasTables
   1662.9 ms  ✓ Preferences
    480.4 ms  ✓ Memoization
    518.4 ms  ✓ Mixers
    429.9 ms  ✓ ArraysOfArrays → ArraysOfArraysStaticArraysCoreExt
    418.6 ms  ✓ LogExpFunctions → LogExpFunctionsInverseFunctionsExt
    984.2 ms  ✓ CodecZstd
    540.6 ms  ✓ SortingAlgorithms
   3887.0 ms  ✓ SparseArrays
    860.2 ms  ✓ Tables
    548.7 ms  ✓ JLLWrappers
    462.7 ms  ✓ PrecompileTools
    598.9 ms  ✓ Statistics → SparseArraysExt
    668.8 ms  ✓ libdeflate_jll
    776.0 ms  ✓ StructArrays
    801.7 ms  ✓ Lz4_jll
   2543.9 ms  ✓ Accessors
    796.3 ms  ✓ XZ_jll
    679.1 ms  ✓ LibDeflate
    565.4 ms  ✓ StructArrays → StructArraysSparseArraysExt
   2094.2 ms  ✓ StringManipulation
    527.6 ms  ✓ StructArrays → StructArraysLinearAlgebraExt
   2393.3 ms  ✓ StatsBase
    468.1 ms  ✓ Accessors → StructArraysExt
    858.0 ms  ✓ CodecLz4
    489.8 ms  ✓ Accessors → LinearAlgebraExt
    484.8 ms  ✓ CodecXz
   1064.1 ms  ✓ FHist
  10985.2 ms  ✓ StaticArrays
    574.7 ms  ✓ StaticArrays → StaticArraysStatisticsExt
    575.5 ms  ✓ ConstructionBase → ConstructionBaseStaticArraysExt
    638.7 ms  ✓ StructArrays → StructArraysStaticArraysExt
    826.7 ms  ✓ XXHashNative
    500.4 ms  ✓ Accessors → StaticArraysExt
  47974.7 ms  ✓ REPL
  20681.7 ms  ✓ PrettyTables
  17385.8 ms  ✓ UnROOT
  80 dependencies successfully precompiled in 94 seconds. 8 already precompiled.
	Command being timed: "nice -n -10 timeout -k120 -v 3600 julia +alpha --project=U/UnROOT/Loading-A-Typical-Hep-Ex--Root-File -e using Pkg; @time @eval Pkg.precompile()"
	User time (seconds): 304.46
	System time (seconds): 18.25
	Percent of CPU this job got: 160%
	Elapsed (wall clock) time (h:mm:ss or m:ss): 3:21.47
	Average shared text size (kbytes): 0
	Average unshared data size (kbytes): 0
	Average stack size (kbytes): 0
	Average total size (kbytes): 0
	Maximum resident set size (kbytes): 2620020
	Average resident set size (kbytes): 0
	Major (requiring I/O) page faults: 393
	Minor (reclaiming a frame) page faults: 6774619
	Voluntary context switches: 17838
	Involuntary context switches: 5051
	Swaps: 0
	File system inputs: 0
	File system outputs: 730832
	Socket messages sent: 0
	Socket messages received: 0
	Signals delivered: 0
	Page size (bytes): 4096
	Exit status: 0
