nice: cannot set niceness: Permission denied
Precompiling packages...
  80322.9 ms  ✓ Pkg (serial)
  1 dependency successfully precompiled in 80 seconds
Precompiling packages...
   2449.4 ms  ✓ DataValueInterfaces
   2438.6 ms  ✓ Reexport
   2386.2 ms  ✓ IteratorInterfaceExtensions
   2527.3 ms  ✓ LaTeXStrings
   2558.6 ms  ✓ Unicode
   2652.9 ms  ✓ LorentzVectors
   2958.4 ms  ✓ LRUCache
   3354.4 ms  ✓ InverseFunctions
   3595.2 ms  ✓ Statistics
   3637.7 ms  ✓ DocStringExtensions
   3770.4 ms  ✓ Calculus
   3911.4 ms  ✓ AbstractTrees
   4429.4 ms  ✓ Serialization
   2701.2 ms  ✓ StatsAPI
   2794.8 ms  ✓ CompilerSupportLibraries_jll
   2820.4 ms  ✓ DataAPI
   2905.1 ms  ✓ SuiteSparse_jll
   2333.7 ms  ✓ CompositionsBase
   2689.3 ms  ✓ Mmap
   3607.0 ms  ✓ IterTools
   2682.5 ms  ✓ PtrArrays
   2732.4 ms  ✓ StaticArraysCore
   2478.4 ms  ✓ TableTraits
   3429.3 ms  ✓ TranscodingStreams
   2506.2 ms  ✓ InverseFunctions → InverseFunctionsDatesExt
   2798.9 ms  ✓ LRUCache → SerializationExt
   3790.3 ms  ✓ Preferences
   3708.2 ms  ✓ ArraysOfArrays
   3721.0 ms  ✓ Measurements
  10690.1 ms  ✓ ConstructionBase
  10763.1 ms  ✓ OrderedCollections
   2397.4 ms  ✓ CompositionsBase → CompositionsBaseInverseFunctionsExt
   2997.9 ms  ✓ AliasTables
   2710.3 ms  ✓ PrecompileTools
   2421.8 ms  ✓ ArraysOfArrays → ArraysOfArraysStaticArraysCoreExt
   3359.1 ms  ✓ JLLWrappers
   2620.4 ms  ✓ ConstructionBase → ConstructionBaseLinearAlgebraExt
  11313.6 ms  ✓ BitIntegers
   8282.4 ms  ✓ SentinelArrays
  14507.7 ms  ✓ IrrationalConstants
   9404.9 ms  ✓ BayesHistogram
  12832.6 ms  ✓ Crayons
   3045.9 ms  ✓ libdeflate_jll
   3394.4 ms  ✓ Zstd_jll
   3639.3 ms  ✓ XZ_jll
   9300.3 ms  ✓ Missings
   3209.7 ms  ✓ Lz4_jll
   2792.2 ms  ✓ LogExpFunctions
  13015.6 ms  ✓ InteractiveUtils
   7798.5 ms  ✓ DataStructures
   1702.7 ms  ✓ CodecXz
   2696.1 ms  ✓ LibDeflate
   1809.9 ms  ✓ LogExpFunctions → LogExpFunctionsInverseFunctionsExt
  16019.0 ms  ✓ MacroTools
   3107.0 ms  ✓ CodecZstd
   8922.4 ms  ✓ Tables
   1509.8 ms  ✓ SortingAlgorithms
   2986.7 ms  ✓ CodecLz4
  10103.1 ms  ✓ StringManipulation
   3295.1 ms  ✓ StructArrays
  15599.5 ms  ✓ SparseArrays
    509.6 ms  ✓ StructArrays → StructArraysLinearAlgebraExt
    807.3 ms  ✓ StructArrays → StructArraysSparseArraysExt
    809.2 ms  ✓ Statistics → SparseArraysExt
   4770.9 ms  ✓ Accessors
    495.7 ms  ✓ Accessors → StructArraysExt
    533.3 ms  ✓ Accessors → LinearAlgebraExt
  15181.5 ms  ✓ StaticArrays
   3786.6 ms  ✓ StatsBase
    923.5 ms  ✓ StaticArrays → StaticArraysStatisticsExt
   1004.8 ms  ✓ Accessors → StaticArraysExt
   1009.9 ms  ✓ ConstructionBase → ConstructionBaseStaticArraysExt
   1325.0 ms  ✓ XXHashNative
   2030.5 ms  ✓ StructArrays → StructArraysStaticArraysExt
   2134.5 ms  ✓ FHist
  32559.9 ms  ✓ REPL
  17554.7 ms  ✓ PrettyTables
  12579.8 ms  ✓ UnROOT
  78 dependencies successfully precompiled in 81 seconds. 7 already precompiled.
  7 dependencies precompiled but different versions are currently loaded (Base64, Dates, JuliaSyntaxHighlighting, Markdown, Printf, StyledStrings and TOML). Restart julia to access the new versions. Otherwise, 30 dependents of these packages may trigger further precompilation to work with the unexpected versions.
	Command being timed: "nice -n -10 timeout -k120 -v 3600 julia +release --project=U/UnROOT/Loading-A-Typical-Hep-Ex--Root-File -e using Pkg; @time @eval Pkg.precompile()"
	User time (seconds): 354.98
	System time (seconds): 20.24
	Percent of CPU this job got: 231%
	Elapsed (wall clock) time (h:mm:ss or m:ss): 2:42.39
	Average shared text size (kbytes): 0
	Average unshared data size (kbytes): 0
	Average stack size (kbytes): 0
	Average total size (kbytes): 0
	Maximum resident set size (kbytes): 2164716
	Average resident set size (kbytes): 0
	Major (requiring I/O) page faults: 340
	Minor (reclaiming a frame) page faults: 5915975
	Voluntary context switches: 17424
	Involuntary context switches: 22900
	Swaps: 0
	File system inputs: 0
	File system outputs: 711376
	Socket messages sent: 0
	Socket messages received: 0
	Signals delivered: 0
	Page size (bytes): 4096
	Exit status: 0
