nice: cannot set niceness: Permission denied
Precompiling packages...
    442.9 ms  ✓ Reexport
    476.5 ms  ✓ BayesHistogram
    484.9 ms  ✓ DataAPI
    618.8 ms  ✓ Statistics
    472.9 ms  ✓ UnPack
    597.3 ms  ✓ ConstructionBase
    433.5 ms  ✓ DataValueInterfaces
    521.5 ms  ✓ StaticArraysCore
    502.1 ms  ✓ StatsAPI
   1301.5 ms  ✓ IrrationalConstants
    955.0 ms  ✓ SuiteSparse_jll
    534.9 ms  ✓ LorentzVectors
    738.1 ms  ✓ OrderedCollections
    558.4 ms  ✓ InverseFunctions
    484.2 ms  ✓ CompositionsBase
    721.3 ms  ✓ Calculus
    697.7 ms  ✓ Serialization
    625.2 ms  ✓ DocStringExtensions
    620.8 ms  ✓ IterTools
    629.6 ms  ✓ AbstractTrees
    504.8 ms  ✓ Unicode
    595.5 ms  ✓ LRUCache
    494.1 ms  ✓ PtrArrays
    585.8 ms  ✓ Mmap
    496.9 ms  ✓ IteratorInterfaceExtensions
    750.6 ms  ✓ TranscodingStreams
    578.4 ms  ✓ LaTeXStrings
   4454.2 ms  ✓ MacroTools
    748.0 ms  ✓ BitIntegers
    530.1 ms  ✓ Missings
    700.5 ms  ✓ ArraysOfArrays
    502.8 ms  ✓ ConstructionBase → ConstructionBaseLinearAlgebraExt
    570.1 ms  ✓ Parameters
   1383.0 ms  ✓ InteractiveUtils
    465.5 ms  ✓ CompositionsBase → CompositionsBaseInverseFunctionsExt
   1794.0 ms  ✓ Crayons
    669.2 ms  ✓ LogExpFunctions
    686.7 ms  ✓ Measurements
    432.5 ms  ✓ InverseFunctions → InverseFunctionsDatesExt
   1778.2 ms  ✓ DataStructures
    474.4 ms  ✓ LRUCache → SerializationExt
   1435.1 ms  ✓ SentinelArrays
    566.3 ms  ✓ AliasTables
    450.8 ms  ✓ TableTraits
    522.5 ms  ✓ Mixers
    495.0 ms  ✓ Memoization
   1828.3 ms  ✓ Preferences
    944.6 ms  ✓ CodecZstd
    444.0 ms  ✓ ArraysOfArrays → ArraysOfArraysStaticArraysCoreExt
    432.8 ms  ✓ LogExpFunctions → LogExpFunctionsInverseFunctionsExt
    547.7 ms  ✓ SortingAlgorithms
[0K
[0K[3985248] signal 11 (1): Segmentation fault
[0Kin expression starting at /workdir/depot/packages/Accessors/cfsTn/src/functionlenses.jl:2
[0Kcheckbounds at ./essentials.jl:381 [inlined]
[0K_iterate_abstractarray at ./abstractarray.jl:1248 [inlined]
[0Kiterate at ./abstractarray.jl:1241 [inlined]
[0Kiterate at ./abstractarray.jl:1241 [inlined]
[0K_foldl_impl at ./reduce.jl:54
[0Kfoldl_impl at ./reduce.jl:46
[0Kmapfoldl_impl at ./reduce.jl:42
[0Kunknown function (ip: 0x74633231f00c) at (unknown file)
[0K#mapfoldl#265 at ./reduce.jl:173
[0Kmapfoldl at ./reduce.jl:173 [inlined]
[0K#foldl#266 at ./reduce.jl:196
[0Kunknown function (ip: 0x74633231eeed) at (unknown file)
[0Kfoldl at ./reduce.jl:196 [inlined]
[0Kfoldtree at /workdir/depot/packages/Accessors/cfsTn/src/sugar.jl:139
[0Kneed_dynamic_optic at /workdir/depot/packages/Accessors/cfsTn/src/sugar.jl:142
[0Kunknown function (ip: 0x74633231ec92) at (unknown file)
[0K_any at ./anyall.jl:124
[0Kunknown function (ip: 0x74633231ebbe) at (unknown file)
[0K#any#756 at ./reducedim.jl:993
[0Kany at ./reducedim.jl:993
[0Kunknown function (ip: 0x74633231e5f4) at (unknown file)
[0Kparse_obj_optics at /workdir/depot/packages/Accessors/cfsTn/src/sugar.jl:205
[0Kparse_obj_optic at /workdir/depot/packages/Accessors/cfsTn/src/sugar.jl:278
[0Kunknown function (ip: 0x746332310789) at (unknown file)
[0K#setmacro#67 at /workdir/depot/packages/Accessors/cfsTn/src/sugar.jl:321
[0Ksetmacro at /workdir/depot/packages/Accessors/cfsTn/src/sugar.jl:312
[0Kunknown function (ip: 0x74633230e8ed) at (unknown file)
[0K@set at /workdir/depot/packages/Accessors/cfsTn/src/sugar.jl:33
[0Kunknown function (ip: 0x746332309e29) at (unknown file)
[0Kjl_invoke_julia_macro at /cache/build/tester-amdci4-15/julialang/julia-master/src/ast.c:1064
[0Kjl_expand_macros at /cache/build/tester-amdci4-15/julialang/julia-master/src/ast.c:1126
[0Kjl_expand_macros at /cache/build/tester-amdci4-15/julialang/julia-master/src/ast.c:1175
[0Kjl_expand_macros at /cache/build/tester-amdci4-15/julialang/julia-master/src/ast.c:1175
[0Kjl_fl_lower at /cache/build/tester-amdci4-15/julialang/julia-master/src/ast.c:1204
[0Kfl_lower at ./flfrontend.jl:24
[0Kjfptr_fl_lower_1.1 at /root/.julia/juliaup/julia-nightly/lib/julia/sys.so (unknown line)
[0Kjl_apply at /cache/build/tester-amdci4-15/julialang/julia-master/src/julia.h:2295 [inlined]
[0Kijl_lower at /cache/build/tester-amdci4-15/julialang/julia-master/src/ast.c:1271
[0Kjl_eval_toplevel_stmts at /cache/build/tester-amdci4-15/julialang/julia-master/src/toplevel.c:598
[0Kjl_toplevel_eval_flex at /cache/build/tester-amdci4-15/julialang/julia-master/src/toplevel.c:684
[0Kijl_toplevel_eval at /cache/build/tester-amdci4-15/julialang/julia-master/src/toplevel.c:780
[0Kijl_toplevel_eval_in at /cache/build/tester-amdci4-15/julialang/julia-master/src/toplevel.c:825
[0Keval at ./boot.jl:517
   4021.4 ms  ✓ SparseArrays
[0Kinclude_string at ./loading.jl:3130
    892.7 ms  ✓ Tables
[0K_include at ./loading.jl:3190
[0Kinclude at ./Base.jl:324
[0KIncludeInto at ./Base.jl:325
[0Kjfptr_IncludeInto_1.1 at /root/.julia/juliaup/julia-nightly/lib/julia/sys.so (unknown line)
[0Kjl_apply at /cache/build/tester-amdci4-15/julialang/julia-master/src/julia.h:2295 [inlined]
[0Kdo_call at /cache/build/tester-amdci4-15/julialang/julia-master/src/interpreter.c:123
[0Keval_value at /cache/build/tester-amdci4-15/julialang/julia-master/src/interpreter.c:243
[0Keval_stmt_value at /cache/build/tester-amdci4-15/julialang/julia-master/src/interpreter.c:194 [inlined]
[0Keval_body at /cache/build/tester-amdci4-15/julialang/julia-master/src/interpreter.c:679
[0Kjl_interpret_toplevel_thunk at /cache/build/tester-amdci4-15/julialang/julia-master/src/interpreter.c:884
[0Kijl_eval_thunk at /cache/build/tester-amdci4-15/julialang/julia-master/src/toplevel.c:766
[0Kjl_toplevel_eval_flex at /cache/build/tester-amdci4-15/julialang/julia-master/src/toplevel.c:712
[0Kjl_eval_toplevel_stmts at /cache/build/tester-amdci4-15/julialang/julia-master/src/toplevel.c:602
[0Kjl_eval_module_expr at /cache/build/tester-amdci4-15/julialang/julia-master/src/toplevel.c:263 [inlined]
[0Kjl_toplevel_eval_flex at /cache/build/tester-amdci4-15/julialang/julia-master/src/toplevel.c:665
[0Kjl_eval_toplevel_stmts at /cache/build/tester-amdci4-15/julialang/julia-master/src/toplevel.c:602
[0Kjl_toplevel_eval_flex at /cache/build/tester-amdci4-15/julialang/julia-master/src/toplevel.c:684
[0Kijl_toplevel_eval at /cache/build/tester-amdci4-15/julialang/julia-master/src/toplevel.c:780
[0Kijl_toplevel_eval_in at /cache/build/tester-amdci4-15/julialang/julia-master/src/toplevel.c:825
[0Keval at ./boot.jl:517
[0Kinclude_string at ./loading.jl:3130
[0K_include at ./loading.jl:3190
[0Kinclude at ./Base.jl:323
    606.9 ms  ✓ JLLWrappers
[0Kinclude_package_for_output at ./loading.jl:3288
[0Kjfptr_include_package_for_output_1.1 at /root/.julia/juliaup/julia-nightly/lib/julia/sys.so (unknown line)
[0Kjl_apply at /cache/build/tester-amdci4-15/julialang/julia-master/src/julia.h:2295 [inlined]
[0Kdo_call at /cache/build/tester-amdci4-15/julialang/julia-master/src/interpreter.c:123
[0Keval_value at /cache/build/tester-amdci4-15/julialang/julia-master/src/interpreter.c:243
[0Keval_stmt_value at /cache/build/tester-amdci4-15/julialang/julia-master/src/interpreter.c:194 [inlined]
[0Keval_body at /cache/build/tester-amdci4-15/julialang/julia-master/src/interpreter.c:679
[0Kjl_interpret_toplevel_thunk at /cache/build/tester-amdci4-15/julialang/julia-master/src/interpreter.c:884
[0Kijl_eval_thunk at /cache/build/tester-amdci4-15/julialang/julia-master/src/toplevel.c:766
[0Kjl_toplevel_eval_flex at /cache/build/tester-amdci4-15/julialang/julia-master/src/toplevel.c:712
[0Kjl_eval_toplevel_stmts at /cache/build/tester-amdci4-15/julialang/julia-master/src/toplevel.c:602
[0Kjl_toplevel_eval_flex at /cache/build/tester-amdci4-15/julialang/julia-master/src/toplevel.c:684
[0Kijl_toplevel_eval at /cache/build/tester-amdci4-15/julialang/julia-master/src/toplevel.c:780
[0Kijl_toplevel_eval_in at /cache/build/tester-amdci4-15/julialang/julia-master/src/toplevel.c:825
[0Keval at ./boot.jl:517
[0Kinclude_string at ./loading.jl:3130
[0Kinclude_string at ./loading.jl:3140 [inlined]
[0Kexec_options at ./client.jl:342
[0K_start at ./client.jl:585
[0Kjfptr__start_0.1 at /root/.julia/juliaup/julia-nightly/lib/julia/sys.so (unknown line)
[0Kjl_apply at /cache/build/tester-amdci4-15/julialang/julia-master/src/julia.h:2295 [inlined]
[0Ktrue_main at /cache/build/tester-amdci4-15/julialang/julia-master/src/jlapi.c:971
[0Kjl_repl_entrypoint at /cache/build/tester-amdci4-15/julialang/julia-master/src/jlapi.c:1138
[0Kmain at /cache/build/tester-amdci4-15/julialang/julia-master/cli/loader_exe.c:58
[0Kunknown function (ip: 0x74634dbac249) at /lib/x86_64-linux-gnu/libc.so.6
[0K__libc_start_main at /lib/x86_64-linux-gnu/libc.so.6 (unknown line)
[0Kunknown function (ip: 0x4010b8) at /workspace/srcdir/glibc-2.17/csu/../sysdeps/x86_64/start.S
[0KAllocations: 1588326 (Pool: 1588307; Big: 19); GC: 2
              ✗ Accessors
    463.9 ms  ✓ PrecompileTools
    589.6 ms  ✓ Statistics → SparseArraysExt
    761.4 ms  ✓ StructArrays
    692.6 ms  ✓ libdeflate_jll
    771.5 ms  ✓ Lz4_jll
    786.9 ms  ✓ XZ_jll
[0KERROR: LoadError: Precompiled image Base.PkgId(Base.UUID("7d9f7c33-5ae7-4f3b-8dc6-eff91059b697"), "Accessors") not available with flags CacheFlags(; use_pkgimages=true, debug_level=1, check_bounds=0, inline=true, opt_level=2)
[0KStacktrace:
[0K  [1] error(s::String)
[0K    @ Base ./error.jl:56
[0K  [2] __require_prelocked(pkg::Base.PkgId, env::String)
[0K    @ Base ./loading.jl:2840
[0K  [3] _require_prelocked(uuidkey::Base.PkgId, env::String)
[0K    @ Base ./loading.jl:2694
[0K  [4] macro expansion
[0K    @ ./loading.jl:2621 [inlined]
[0K  [5] macro expansion
[0K    @ ./lock.jl:376 [inlined]
[0K  [6] __require(into::Module, mod::Symbol)
[0K    @ Base ./loading.jl:2585
[0K  [7] require
[0K    @ ./loading.jl:2561 [inlined]
[0K  [8] eval_import_path
[0K    @ ./module.jl:36 [inlined]
[0K  [9] eval_import_path_all(at::Module, path::Expr, keyword::String)
[0K    @ Base ./module.jl:60
[0K [10] _eval_import(::Bool, ::Module, ::Expr, ::Expr, ::Vararg{Expr})
[0K    @ Base ./module.jl:101
[0K [11] top-level scope
[0K    @ /workdir/depot/packages/Accessors/cfsTn/ext/LinearAlgebraExt.jl:3
[0K [12] include(mod::Module, _path::String)
[0K    @ Base ./Base.jl:323
[0K [13] include_package_for_output(pkg::Base.PkgId, input::String, syntax_version::VersionNumber, depot_path::Vector{String}, dl_load_path::Vector{String}, load_path::Vector{String}, concrete_deps::Vector{Pair{Base.PkgId, UInt128}}, source::Nothing)
[0K    @ Base ./loading.jl:3288
[0K [14] top-level scope
[0K    @ stdin:5
[0K [15] eval(m::Module, e::Any)
[0K    @ Core ./boot.jl:517
[0K [16] include_string(mapexpr::typeof(identity), mod::Module, code::String, filename::String)
[0K    @ Base ./loading.jl:3130
[0K [17] include_string
[0K    @ ./loading.jl:3140 [inlined]
[0K [18] exec_options(opts::Base.JLOptions)
[0K    @ Base ./client.jl:342
[0K [19] _start()
[0K    @ Base ./client.jl:585
[0Kin expression starting at /workdir/depot/packages/Accessors/cfsTn/ext/LinearAlgebraExt.jl:1
[0Kin expression starting at stdin:5
              ✗ Accessors → LinearAlgebraExt
    679.9 ms  ✓ StructArrays → StructArraysSparseArraysExt
   2059.3 ms  ✓ StringManipulation
    475.6 ms  ✓ StructArrays → StructArraysLinearAlgebraExt
   2376.9 ms  ✓ StatsBase
    737.0 ms  ✓ LibDeflate
    876.8 ms  ✓ CodecLz4
[0KERROR: LoadError: Precompiled image Base.PkgId(Base.UUID("7d9f7c33-5ae7-4f3b-8dc6-eff91059b697"), "Accessors") not available with flags CacheFlags(; use_pkgimages=true, debug_level=1, check_bounds=0, inline=true, opt_level=2)
[0KStacktrace:
[0K  [1] error(s::String)
[0K    @ Base ./error.jl:56
[0K  [2] __require_prelocked(pkg::Base.PkgId, env::String)
[0K    @ Base ./loading.jl:2840
[0K  [3] _require_prelocked(uuidkey::Base.PkgId, env::String)
[0K    @ Base ./loading.jl:2694
[0K  [4] macro expansion
[0K    @ ./loading.jl:2621 [inlined]
[0K  [5] macro expansion
[0K    @ ./lock.jl:376 [inlined]
[0K  [6] __require(into::Module, mod::Symbol)
[0K    @ Base ./loading.jl:2585
[0K  [7] require
[0K    @ ./loading.jl:2561 [inlined]
[0K  [8] eval_import_path
[0K    @ ./module.jl:36 [inlined]
[0K  [9] eval_import_path_all(at::Module, path::Expr, keyword::String)
[0K    @ Base ./module.jl:60
[0K [10] _eval_using
[0K    @ ./module.jl:137 [inlined]
[0K [11] _eval_using(to::Module, path::Expr)
[0K    @ Base ./module.jl:137
[0K [12] top-level scope
[0K    @ /workdir/depot/packages/Accessors/cfsTn/ext/StructArraysExt.jl:2
[0K [13] include(mod::Module, _path::String)
[0K    @ Base ./Base.jl:323
[0K [14] include_package_for_output(pkg::Base.PkgId, input::String, syntax_version::VersionNumber, depot_path::Vector{String}, dl_load_path::Vector{String}, load_path::Vector{String}, concrete_deps::Vector{Pair{Base.PkgId, UInt128}}, source::Nothing)
[0K    @ Base ./loading.jl:3288
[0K [15] top-level scope
[0K    @ stdin:5
[0K [16] eval(m::Module, e::Any)
[0K    @ Core ./boot.jl:517
[0K [17] include_string(mapexpr::typeof(identity), mod::Module, code::String, filename::String)
[0K    @ Base ./loading.jl:3130
[0K [18] include_string
[0K    @ ./loading.jl:3140 [inlined]
[0K [19] exec_options(opts::Base.JLOptions)
[0K    @ Base ./client.jl:342
[0K [20] _start()
[0K    @ Base ./client.jl:585
[0Kin expression starting at /workdir/depot/packages/Accessors/cfsTn/ext/StructArraysExt.jl:1
[0Kin expression starting at stdin:5
    492.1 ms  ✓ CodecXz
              ✗ Accessors → StructArraysExt
   1076.1 ms  ✓ FHist
   9903.1 ms  ✓ StaticArrays
    576.7 ms  ✓ ConstructionBase → ConstructionBaseStaticArraysExt
    584.2 ms  ✓ StaticArrays → StaticArraysStatisticsExt
    812.4 ms  ✓ XXHashNative
    559.9 ms  ✓ StructArrays → StructArraysStaticArraysExt
[0KERROR: LoadError: Precompiled image Base.PkgId(Base.UUID("7d9f7c33-5ae7-4f3b-8dc6-eff91059b697"), "Accessors") not available with flags CacheFlags(; use_pkgimages=true, debug_level=1, check_bounds=0, inline=true, opt_level=2)
[0KStacktrace:
[0K  [1] error(s::String)
[0K    @ Base ./error.jl:56
[0K  [2] __require_prelocked(pkg::Base.PkgId, env::String)
[0K    @ Base ./loading.jl:2840
[0K  [3] _require_prelocked(uuidkey::Base.PkgId, env::String)
[0K    @ Base ./loading.jl:2694
[0K  [4] macro expansion
[0K    @ ./loading.jl:2621 [inlined]
[0K  [5] macro expansion
[0K    @ ./lock.jl:376 [inlined]
[0K  [6] __require(into::Module, mod::Symbol)
[0K    @ Base ./loading.jl:2585
[0K  [7] require
[0K    @ ./loading.jl:2561 [inlined]
[0K  [8] eval_import_path
[0K    @ ./module.jl:36 [inlined]
[0K  [9] eval_import_path_all(at::Module, path::Expr, keyword::String)
[0K    @ Base ./module.jl:60
[0K [10] _eval_using
[0K    @ ./module.jl:137 [inlined]
[0K [11] _eval_using(to::Module, path::Expr)
[0K    @ Base ./module.jl:137
[0K [12] top-level scope
[0K    @ /workdir/depot/packages/Accessors/cfsTn/ext/StaticArraysExt.jl:3
[0K [13] include(mod::Module, _path::String)
[0K    @ Base ./Base.jl:323
[0K [14] include_package_for_output(pkg::Base.PkgId, input::String, syntax_version::VersionNumber, depot_path::Vector{String}, dl_load_path::Vector{String}, load_path::Vector{String}, concrete_deps::Vector{Pair{Base.PkgId, UInt128}}, source::Nothing)
[0K    @ Base ./loading.jl:3288
[0K [15] top-level scope
[0K    @ stdin:5
[0K [16] eval(m::Module, e::Any)
[0K    @ Core ./boot.jl:517
[0K [17] include_string(mapexpr::typeof(identity), mod::Module, code::String, filename::String)
[0K    @ Base ./loading.jl:3130
[0K [18] include_string
[0K    @ ./loading.jl:3140 [inlined]
[0K [19] exec_options(opts::Base.JLOptions)
[0K    @ Base ./client.jl:342
[0K [20] _start()
[0K    @ Base ./client.jl:585
[0Kin expression starting at /workdir/depot/packages/Accessors/cfsTn/ext/StaticArraysExt.jl:1
[0Kin expression starting at stdin:5
              ✗ Accessors → StaticArraysExt
  45714.4 ms  ✓ REPL
  19509.3 ms  ✓ PrettyTables
[0KERROR: LoadError: Precompiled image Base.PkgId(Base.UUID("7d9f7c33-5ae7-4f3b-8dc6-eff91059b697"), "Accessors") not available with flags CacheFlags(; use_pkgimages=true, debug_level=1, check_bounds=0, inline=true, opt_level=2)
[0KStacktrace:
[0K  [1] error(s::String)
[0K    @ Base ./error.jl:56
[0K  [2] __require_prelocked(pkg::Base.PkgId, env::String)
[0K    @ Base ./loading.jl:2840
[0K  [3] _require_prelocked(uuidkey::Base.PkgId, env::String)
[0K    @ Base ./loading.jl:2694
[0K  [4] macro expansion
[0K    @ ./loading.jl:2621 [inlined]
[0K  [5] macro expansion
[0K    @ ./lock.jl:376 [inlined]
[0K  [6] __require(into::Module, mod::Symbol)
[0K    @ Base ./loading.jl:2585
[0K  [7] require
[0K    @ ./loading.jl:2561 [inlined]
[0K  [8] eval_import_path
[0K    @ ./module.jl:36 [inlined]
[0K  [9] eval_import_path_all(at::Module, path::Expr, keyword::String)
[0K    @ Base ./module.jl:60
[0K [10] _eval_using
[0K    @ ./module.jl:137 [inlined]
[0K [11] _eval_using(to::Module, path::Expr)
[0K    @ Base ./module.jl:137
[0K [12] top-level scope
[0K    @ /workdir/depot/packages/UnROOT/0JUdx/src/RNTuple/Writing/TFileWriter.jl:5
[0K [13] include(mapexpr::Function, mod::Module, _path::String)
[0K    @ Base ./Base.jl:324
[0K [14] top-level scope
[0K    @ /workdir/depot/packages/UnROOT/0JUdx/src/UnROOT.jl:69
[0K [15] include(mod::Module, _path::String)
[0K    @ Base ./Base.jl:323
[0K [16] include_package_for_output(pkg::Base.PkgId, input::String, syntax_version::VersionNumber, depot_path::Vector{String}, dl_load_path::Vector{String}, load_path::Vector{String}, concrete_deps::Vector{Pair{Base.PkgId, UInt128}}, source::Nothing)
[0K    @ Base ./loading.jl:3288
[0K [17] top-level scope
[0K    @ stdin:5
[0K [18] eval(m::Module, e::Any)
[0K    @ Core ./boot.jl:517
[0K [19] include_string(mapexpr::typeof(identity), mod::Module, code::String, filename::String)
[0K    @ Base ./loading.jl:3130
[0K [20] include_string
[0K    @ ./loading.jl:3140 [inlined]
[0K [21] exec_options(opts::Base.JLOptions)
[0K    @ Base ./client.jl:342
[0K [22] _start()
[0K    @ Base ./client.jl:585
[0Kin expression starting at /workdir/depot/packages/UnROOT/0JUdx/src/RNTuple/Writing/TFileWriter.jl:5
[0Kin expression starting at /workdir/depot/packages/UnROOT/0JUdx/src/UnROOT.jl:1
[0Kin expression starting at stdin:5
              ✗ UnROOT
  75 dependencies successfully precompiled in 79 seconds. 8 already precompiled.
	Command being timed: "nice -n -10 timeout -k120 -v 3600 julia +nightly --project=U/UnROOT/Loading-A-Typical-Hep-Ex--Root-File -e using Pkg; @time @eval Pkg.precompile()"
	User time (seconds): 282.92
	System time (seconds): 17.88
	Percent of CPU this job got: 162%
	Elapsed (wall clock) time (h:mm:ss or m:ss): 3:04.77
	Average shared text size (kbytes): 0
	Average unshared data size (kbytes): 0
	Average stack size (kbytes): 0
	Average total size (kbytes): 0
	Maximum resident set size (kbytes): 2297996
	Average resident set size (kbytes): 0
	Major (requiring I/O) page faults: 331
	Minor (reclaiming a frame) page faults: 6775663
	Voluntary context switches: 17862
	Involuntary context switches: 4311
	Swaps: 0
	File system inputs: 32
	File system outputs: 678864
	Socket messages sent: 0
	Socket messages received: 0
	Signals delivered: 0
	Page size (bytes): 4096
	Exit status: 0
