nice: cannot set niceness: Permission denied
Precompiling packages...
  73193.9 ms  ✓ Pkg (serial)
  1 dependency successfully precompiled in 73 seconds
Precompiling packages...
   2508.6 ms  ✓ DataValueInterfaces
   2498.1 ms  ✓ Reexport
   2599.0 ms  ✓ LorentzVectors
   2604.0 ms  ✓ UnPack
   2608.2 ms  ✓ LaTeXStrings
   2706.0 ms  ✓ Unicode
   3006.2 ms  ✓ InverseFunctions
   3553.2 ms  ✓ AbstractTrees
   3591.3 ms  ✓ LRUCache
   3807.6 ms  ✓ Statistics
   3902.3 ms  ✓ Calculus
   3989.7 ms  ✓ DocStringExtensions
   4104.8 ms  ✓ Serialization
   2493.2 ms  ✓ IteratorInterfaceExtensions
   2782.1 ms  ✓ DataAPI
   2798.0 ms  ✓ StatsAPI
   3186.6 ms  ✓ SuiteSparse_jll
   2609.6 ms  ✓ CompositionsBase
   2511.1 ms  ✓ PtrArrays
   2971.4 ms  ✓ Mmap
   3897.8 ms  ✓ IterTools
   3060.3 ms  ✓ StaticArraysCore
   3596.9 ms  ✓ TranscodingStreams
   2886.5 ms  ✓ InverseFunctions → InverseFunctionsDatesExt
   2696.4 ms  ✓ LRUCache → SerializationExt
   2232.9 ms  ✓ TableTraits
   9610.2 ms  ✓ ConstructionBase
   3708.7 ms  ✓ Preferences
   3848.9 ms  ✓ ArraysOfArrays
   3699.3 ms  ✓ Measurements
  10599.6 ms  ✓ OrderedCollections
   2514.8 ms  ✓ CompositionsBase → CompositionsBaseInverseFunctionsExt
   2679.2 ms  ✓ ConstructionBase → ConstructionBaseLinearAlgebraExt
   3204.3 ms  ✓ AliasTables
  10088.5 ms  ✓ BitIntegers
   2503.8 ms  ✓ ArraysOfArrays → ArraysOfArraysStaticArraysCoreExt
   2888.7 ms  ✓ PrecompileTools
   3039.1 ms  ✓ JLLWrappers
  13604.7 ms  ✓ IrrationalConstants
   8696.6 ms  ✓ BayesHistogram
   8710.2 ms  ✓ SentinelArrays
   2888.9 ms  ✓ Parameters
  12693.1 ms  ✓ Crayons
   3103.9 ms  ✓ libdeflate_jll
   8707.1 ms  ✓ Missings
   2908.5 ms  ✓ LogExpFunctions
   3491.3 ms  ✓ XZ_jll
   3488.8 ms  ✓ Zstd_jll
   3413.7 ms  ✓ Lz4_jll
  11922.4 ms  ✓ InteractiveUtils
   7312.2 ms  ✓ DataStructures
   1692.3 ms  ✓ LogExpFunctions → LogExpFunctionsInverseFunctionsExt
   1626.4 ms  ✓ CodecXz
   2692.6 ms  ✓ LibDeflate
  15620.9 ms  ✓ MacroTools
   2008.6 ms  ✓ SortingAlgorithms
   3204.2 ms  ✓ CodecZstd
   7402.5 ms  ✓ StringManipulation
   3205.9 ms  ✓ CodecLz4
   8047.2 ms  ✓ Tables
   1093.1 ms  ✓ Memoization
   1186.5 ms  ✓ Mixers
   1762.6 ms  ✓ StructArrays
  13573.1 ms  ✓ SparseArrays
    513.6 ms  ✓ StructArrays → StructArraysLinearAlgebraExt
   3635.3 ms  ✓ Accessors
    774.3 ms  ✓ Statistics → SparseArraysExt
    797.0 ms  ✓ StructArrays → StructArraysSparseArraysExt
    574.5 ms  ✓ Accessors → StructArraysExt
    598.1 ms  ✓ Accessors → LinearAlgebraExt
  13610.3 ms  ✓ StaticArrays
   3254.2 ms  ✓ StatsBase
    878.9 ms  ✓ StaticArrays → StaticArraysStatisticsExt
    900.9 ms  ✓ ConstructionBase → ConstructionBaseStaticArraysExt
    927.0 ms  ✓ Accessors → StaticArraysExt
   1297.3 ms  ✓ XXHashNative
   1750.2 ms  ✓ StructArrays → StructArraysStaticArraysExt
   2095.6 ms  ✓ FHist
  28604.7 ms  ✓ REPL
  15671.3 ms  ✓ PrettyTables
  14087.9 ms  ✓ UnROOT
  81 dependencies successfully precompiled in 76 seconds. 7 already precompiled.
	Command being timed: "nice -n -10 timeout -k120 -v 3600 julia +release --project=U/UnROOT/Loading-A-Typical-Hep-Ex--Root-File -e using Pkg; @time @eval Pkg.precompile()"
	User time (seconds): 320.68
	System time (seconds): 22.03
	Percent of CPU this job got: 229%
	Elapsed (wall clock) time (h:mm:ss or m:ss): 2:29.51
	Average shared text size (kbytes): 0
	Average unshared data size (kbytes): 0
	Average stack size (kbytes): 0
	Average total size (kbytes): 0
	Maximum resident set size (kbytes): 2097088
	Average resident set size (kbytes): 0
	Major (requiring I/O) page faults: 379
	Minor (reclaiming a frame) page faults: 5971138
	Voluntary context switches: 16037
	Involuntary context switches: 17234
	Swaps: 0
	File system inputs: 0
	File system outputs: 687688
	Socket messages sent: 0
	Socket messages received: 0
	Signals delivered: 0
	Page size (bytes): 4096
	Exit status: 0
