nice: cannot set niceness: Permission denied
Precompiling project...
   1831.6 ms  ✓ UnPack
   1921.0 ms  ✓ Reexport
   2135.7 ms  ✓ Unicode
   2202.2 ms  ✓ DataValueInterfaces
   2290.0 ms  ✓ LaTeXStrings
   2273.1 ms  ✓ Zlib_jll
   2312.6 ms  ✓ LorentzVectors
   2310.0 ms  ✓ LRUCache
   2402.0 ms  ✓ InverseFunctions
   2697.5 ms  ✓ OrderedCollections
   3074.0 ms  ✓ AbstractTrees
   3278.8 ms  ✓ DocStringExtensions
   3436.2 ms  ✓ Calculus
   3872.6 ms  ✓ Statistics
   1999.8 ms  ✓ IteratorInterfaceExtensions
   2001.8 ms  ✓ SimpleBufferStream
   4209.4 ms  ✓ Serialization
   2132.1 ms  ✓ StatsAPI
   2664.1 ms  ✓ ConstructionBase
   2240.0 ms  ✓ DataAPI
   2193.7 ms  ✓ BitFlags
   2982.8 ms  ✓ IterTools
   3669.3 ms  ✓ URIs
   5538.9 ms  ✓ IrrationalConstants
   3405.1 ms  ✓ CompilerSupportLibraries_jll
   2409.5 ms  ✓ SuiteSparse_jll
   2194.0 ms  ✓ CompositionsBase
   2771.8 ms  ✓ Mmap
   3597.0 ms  ✓ BitIntegers
   2080.1 ms  ✓ PtrArrays
   2098.3 ms  ✓ StaticArraysCore
   2261.6 ms  ✓ BayesHistogram
   2736.1 ms  ✓ TranscodingStreams
   2699.8 ms  ✓ LoggingExtras
   2615.8 ms  ✓ InverseFunctions → InverseFunctionsDatesExt
   2037.9 ms  ✓ TableTraits
   2604.8 ms  ✓ Parameters
   6483.6 ms  ✓ Crayons
   2037.9 ms  ✓ LRUCache → SerializationExt
   3374.8 ms  ✓ Preferences
   3122.0 ms  ✓ ArraysOfArrays
   3293.5 ms  ✓ Measurements
   2660.6 ms  ✓ ConstructionBase → ConstructionBaseLinearAlgebraExt
   5042.6 ms  ✓ MbedTLS
   4004.5 ms  ✓ ConcurrentUtilities
   6393.8 ms  ✓ InteractiveUtils
   2086.8 ms  ✓ CompositionsBase → CompositionsBaseInverseFunctionsExt
   2709.0 ms  ✓ Missings
   2309.4 ms  ✓ AliasTables
   2872.9 ms  ✓ LogExpFunctions
   2382.7 ms  ✓ CodecZlib
   1986.1 ms  ✓ PrecompileTools
   6197.2 ms  ✓ SentinelArrays
   1625.2 ms  ✓ ArraysOfArrays → ArraysOfArraysStaticArraysCoreExt
   2216.5 ms  ✓ JLLWrappers
   3105.8 ms  ✓ Tables
   1825.5 ms  ✓ LogExpFunctions → LogExpFunctionsInverseFunctionsExt
   7698.3 ms  ✓ DataStructures
   2694.4 ms  ✓ libdeflate_jll
   2720.0 ms  ✓ JSON_C_jll
   2991.9 ms  ✓ XZ_jll
   3115.8 ms  ✓ Zstd_jll
   3106.5 ms  ✓ Libiconv_jll
   3189.2 ms  ✓ OpenSSL_jll
   3185.9 ms  ✓ libxcrypt_legacy_jll
   2993.9 ms  ✓ Lz4_jll
  11001.7 ms  ✓ MacroTools
   3973.4 ms  ✓ libcxxwrap_julia_jll
   4070.1 ms  ✓ Libuuid_jll
   2899.4 ms  ✓ SortingAlgorithms
   2707.0 ms  ✓ CodecXz
   2312.6 ms  ✓ Memoization
   3903.7 ms  ✓ StructArrays
   2569.0 ms  ✓ Mixers
   2918.2 ms  ✓ XML2_jll
   4152.5 ms  ✓ LibDeflate
   1614.5 ms  ✓ StructArrays → StructArraysLinearAlgebraExt
   4492.9 ms  ✓ CodecZstd
   4392.5 ms  ✓ CodecLz4
   8230.2 ms  ✓ StringManipulation
  12316.6 ms  ✓ SparseArrays
   6129.9 ms  ✓ OpenSSL
   6024.2 ms  ✓ Accessors
   2091.9 ms  ✓ Statistics → SparseArraysExt
   2204.1 ms  ✓ StructArrays → StructArraysSparseArraysExt
  12706.0 ms  ✓ Test
   1586.9 ms  ✓ Accessors → LinearAlgebraExt
   1766.8 ms  ✓ Accessors → StructArraysExt
   6020.7 ms  ✓ XRootD_jll
   1011.7 ms  ✓ InverseFunctions → InverseFunctionsTestExt
   1016.0 ms  ✓ ExceptionUnwrapping
   1089.4 ms  ✓ Accessors → TestExt
   1103.6 ms  ✓ XRootD_cxxwrap_jll
   2871.6 ms  ✓ StatsBase
    968.1 ms  ✓ FHist
  16340.3 ms  ✓ StaticArrays
   1094.7 ms  ✓ StaticArrays → StaticArraysStatisticsExt
   1098.2 ms  ✓ Accessors → StaticArraysExt
   1125.6 ms  ✓ StructArrays → StructArraysStaticArraysExt
   1211.9 ms  ✓ ConstructionBase → ConstructionBaseStaticArraysExt
   1323.1 ms  ✓ XXHashNative
  24089.4 ms  ✓ PrettyTables
  19522.5 ms  ✓ HTTP
  54726.8 ms  ✓ CxxWrap
   6073.6 ms  ✓ XRootD
  15761.8 ms  ✓ UnROOT
  106 dependencies successfully precompiled in 94 seconds. 10 already precompiled.
	Command being timed: "nice -n -10 timeout -k120 -v 3600 julia +1.11.7 --project=U/UnROOT/Loading-A-Typical-Hep-Ex--Root-File -e using Pkg; @time @eval Pkg.precompile()"
	User time (seconds): 343.35
	System time (seconds): 25.87
	Percent of CPU this job got: 241%
	Elapsed (wall clock) time (h:mm:ss or m:ss): 2:32.68
	Average shared text size (kbytes): 0
	Average unshared data size (kbytes): 0
	Average stack size (kbytes): 0
	Average total size (kbytes): 0
	Maximum resident set size (kbytes): 2020496
	Average resident set size (kbytes): 0
	Major (requiring I/O) page faults: 408
	Minor (reclaiming a frame) page faults: 5756485
	Voluntary context switches: 156151
	Involuntary context switches: 74556
	Swaps: 0
	File system inputs: 0
	File system outputs: 987728
	Socket messages sent: 0
	Socket messages received: 0
	Signals delivered: 0
	Page size (bytes): 4096
	Exit status: 0
