nice: cannot set niceness: Permission denied
Precompiling packages...
  75511.3 ms  ✓ Pkg (serial)
  1 dependency successfully precompiled in 76 seconds
Precompiling packages...
   2287.2 ms  ✓ DataValueInterfaces
   2300.3 ms  ✓ Reexport
   2486.5 ms  ✓ LaTeXStrings
   2501.0 ms  ✓ LorentzVectors
   2686.9 ms  ✓ Unicode
   2807.8 ms  ✓ IteratorInterfaceExtensions
   3176.8 ms  ✓ InverseFunctions
   3400.2 ms  ✓ LRUCache
   3466.5 ms  ✓ Statistics
   3683.6 ms  ✓ AbstractTrees
   3888.3 ms  ✓ Serialization
   4088.7 ms  ✓ DocStringExtensions
   4100.5 ms  ✓ Calculus
   2713.0 ms  ✓ DataAPI
   2785.8 ms  ✓ StatsAPI
   2987.0 ms  ✓ SuiteSparse_jll
   3214.5 ms  ✓ IterTools
   2579.7 ms  ✓ CompositionsBase
   2395.4 ms  ✓ PtrArrays
   2917.2 ms  ✓ Mmap
   3401.6 ms  ✓ StaticArraysCore
   3299.1 ms  ✓ TranscodingStreams
   2502.9 ms  ✓ InverseFunctions → InverseFunctionsDatesExt
   2607.1 ms  ✓ TableTraits
   2582.2 ms  ✓ LRUCache → SerializationExt
   3411.7 ms  ✓ ArraysOfArrays
   3698.2 ms  ✓ Preferences
  10202.2 ms  ✓ ConstructionBase
   3419.0 ms  ✓ Measurements
  10908.1 ms  ✓ OrderedCollections
   2485.3 ms  ✓ CompositionsBase → CompositionsBaseInverseFunctionsExt
   2720.6 ms  ✓ AliasTables
   2674.5 ms  ✓ PrecompileTools
   2795.0 ms  ✓ ArraysOfArrays → ArraysOfArraysStaticArraysCoreExt
   2700.6 ms  ✓ JLLWrappers
   2377.5 ms  ✓ ConstructionBase → ConstructionBaseLinearAlgebraExt
  10692.9 ms  ✓ BitIntegers
   8299.1 ms  ✓ SentinelArrays
   9402.5 ms  ✓ BayesHistogram
  13533.2 ms  ✓ IrrationalConstants
  13320.6 ms  ✓ Crayons
   3097.8 ms  ✓ libdeflate_jll
   3301.8 ms  ✓ Zstd_jll
   3314.5 ms  ✓ Lz4_jll
   2989.8 ms  ✓ LogExpFunctions
   3576.7 ms  ✓ XZ_jll
   9320.9 ms  ✓ Missings
  12988.4 ms  ✓ InteractiveUtils
   7104.3 ms  ✓ DataStructures
   1619.2 ms  ✓ LogExpFunctions → LogExpFunctionsInverseFunctionsExt
   1800.7 ms  ✓ CodecXz
   3319.9 ms  ✓ LibDeflate
   7209.0 ms  ✓ StringManipulation
   8530.6 ms  ✓ Tables
  16123.0 ms  ✓ MacroTools
   3212.5 ms  ✓ CodecLz4
   3522.5 ms  ✓ CodecZstd
   1974.3 ms  ✓ SortingAlgorithms
    712.1 ms  ✓ Memoization
   2110.4 ms  ✓ StructArrays
    479.4 ms  ✓ StructArrays → StructArraysLinearAlgebraExt
  13773.1 ms  ✓ SparseArrays
   3296.3 ms  ✓ Accessors
    730.2 ms  ✓ StructArrays → StructArraysSparseArraysExt
    734.9 ms  ✓ Statistics → SparseArraysExt
    519.7 ms  ✓ Accessors → StructArraysExt
    528.3 ms  ✓ Accessors → LinearAlgebraExt
  13684.0 ms  ✓ StaticArrays
   3488.0 ms  ✓ StatsBase
    919.1 ms  ✓ StaticArrays → StaticArraysStatisticsExt
    930.4 ms  ✓ ConstructionBase → ConstructionBaseStaticArraysExt
    941.4 ms  ✓ Accessors → StaticArraysExt
   1335.7 ms  ✓ XXHashNative
   1927.6 ms  ✓ StructArrays → StructArraysStaticArraysExt
   2031.9 ms  ✓ FHist
  27798.7 ms  ✓ REPL
  17634.2 ms  ✓ PrettyTables
  13903.6 ms  ✓ UnROOT
  78 dependencies successfully precompiled in 77 seconds. 7 already precompiled.
	Command being timed: "nice -n -10 timeout -k120 -v 3600 julia +release --project=U/UnROOT/Loading-A-Typical-Hep-Ex--Root-File -e using Pkg; @time @eval Pkg.precompile()"
	User time (seconds): 328.15
	System time (seconds): 20.71
	Percent of CPU this job got: 226%
	Elapsed (wall clock) time (h:mm:ss or m:ss): 2:33.73
	Average shared text size (kbytes): 0
	Average unshared data size (kbytes): 0
	Average stack size (kbytes): 0
	Average total size (kbytes): 0
	Maximum resident set size (kbytes): 2150448
	Average resident set size (kbytes): 0
	Major (requiring I/O) page faults: 345
	Minor (reclaiming a frame) page faults: 5884640
	Voluntary context switches: 16299
	Involuntary context switches: 17127
	Swaps: 0
	File system inputs: 0
	File system outputs: 697632
	Socket messages sent: 0
	Socket messages received: 0
	Signals delivered: 0
	Page size (bytes): 4096
	Exit status: 0
