nice: cannot set niceness: Permission denied
Precompiling packages...
  72687.5 ms  ✓ Pkg (serial)
  1 dependency successfully precompiled in 73 seconds
Precompiling packages...
   2398.6 ms  ✓ UnPack
   2478.8 ms  ✓ DataValueInterfaces
   2551.5 ms  ✓ Unicode
   2570.9 ms  ✓ Reexport
   2588.1 ms  ✓ LorentzVectors
   2692.2 ms  ✓ LaTeXStrings
   3177.5 ms  ✓ InverseFunctions
   3376.4 ms  ✓ LRUCache
   3666.4 ms  ✓ DocStringExtensions
   3604.8 ms  ✓ Statistics
   3952.6 ms  ✓ AbstractTrees
   3995.6 ms  ✓ Calculus
   4046.4 ms  ✓ Serialization
   2582.1 ms  ✓ IteratorInterfaceExtensions
   2717.0 ms  ✓ DataAPI
   2737.4 ms  ✓ StatsAPI
   2794.5 ms  ✓ Mmap
   3484.6 ms  ✓ IterTools
   3012.3 ms  ✓ SuiteSparse_jll
   2606.8 ms  ✓ CompositionsBase
   2702.1 ms  ✓ PtrArrays
   2799.2 ms  ✓ StaticArraysCore
   3438.5 ms  ✓ TranscodingStreams
   2701.0 ms  ✓ InverseFunctions → InverseFunctionsDatesExt
   2403.7 ms  ✓ TableTraits
   2509.8 ms  ✓ LRUCache → SerializationExt
   3590.1 ms  ✓ ArraysOfArrays
   9710.2 ms  ✓ ConstructionBase
   3805.8 ms  ✓ Preferences
   3801.1 ms  ✓ Measurements
  10692.8 ms  ✓ OrderedCollections
   2586.4 ms  ✓ CompositionsBase → CompositionsBaseInverseFunctionsExt
   2299.6 ms  ✓ ArraysOfArrays → ArraysOfArraysStaticArraysCoreExt
   2910.7 ms  ✓ AliasTables
   2536.2 ms  ✓ ConstructionBase → ConstructionBaseLinearAlgebraExt
   2603.8 ms  ✓ PrecompileTools
  10396.1 ms  ✓ BitIntegers
   3197.5 ms  ✓ JLLWrappers
  13513.1 ms  ✓ IrrationalConstants
   9102.9 ms  ✓ BayesHistogram
   3106.5 ms  ✓ Parameters
  12993.8 ms  ✓ Crayons
   8810.9 ms  ✓ Missings
   3309.3 ms  ✓ libdeflate_jll
   3406.7 ms  ✓ Zstd_jll
  11509.8 ms  ✓ SentinelArrays
   3791.5 ms  ✓ XZ_jll
   3515.9 ms  ✓ Lz4_jll
   3265.4 ms  ✓ LogExpFunctions
  12999.9 ms  ✓ InteractiveUtils
   7794.2 ms  ✓ DataStructures
   1707.4 ms  ✓ CodecXz
   1453.1 ms  ✓ LogExpFunctions → LogExpFunctionsInverseFunctionsExt
   2391.1 ms  ✓ LibDeflate
   2998.2 ms  ✓ CodecZstd
  16103.7 ms  ✓ MacroTools
   7722.3 ms  ✓ StringManipulation
   3372.9 ms  ✓ CodecLz4
   2022.9 ms  ✓ SortingAlgorithms
   8599.4 ms  ✓ Tables
   1100.0 ms  ✓ Memoization
   1122.1 ms  ✓ Mixers
   1856.7 ms  ✓ StructArrays
  13958.4 ms  ✓ SparseArrays
    568.9 ms  ✓ StructArrays → StructArraysLinearAlgebraExt
   3690.9 ms  ✓ Accessors
    783.3 ms  ✓ Statistics → SparseArraysExt
    788.2 ms  ✓ StructArrays → StructArraysSparseArraysExt
    535.4 ms  ✓ Accessors → StructArraysExt
    549.4 ms  ✓ Accessors → LinearAlgebraExt
  14087.8 ms  ✓ StaticArrays
   3151.8 ms  ✓ StatsBase
    877.2 ms  ✓ StaticArrays → StaticArraysStatisticsExt
    901.4 ms  ✓ ConstructionBase → ConstructionBaseStaticArraysExt
    927.3 ms  ✓ Accessors → StaticArraysExt
   1305.7 ms  ✓ XXHashNative
   1751.6 ms  ✓ StructArrays → StructArraysStaticArraysExt
   2212.8 ms  ✓ FHist
  28154.8 ms  ✓ REPL
  15733.2 ms  ✓ PrettyTables
  15630.2 ms  ✓ UnROOT
  81 dependencies successfully precompiled in 78 seconds. 7 already precompiled.
	Command being timed: "nice -n -10 timeout -k120 -v 3600 julia +release --project=U/UnROOT/Loading-A-Typical-Hep-Ex--Root-File -e using Pkg; @time @eval Pkg.precompile()"
	User time (seconds): 324.48
	System time (seconds): 22.11
	Percent of CPU this job got: 229%
	Elapsed (wall clock) time (h:mm:ss or m:ss): 2:31.09
	Average shared text size (kbytes): 0
	Average unshared data size (kbytes): 0
	Average stack size (kbytes): 0
	Average total size (kbytes): 0
	Maximum resident set size (kbytes): 2096624
	Average resident set size (kbytes): 0
	Major (requiring I/O) page faults: 351
	Minor (reclaiming a frame) page faults: 5979172
	Voluntary context switches: 16199
	Involuntary context switches: 18260
	Swaps: 0
	File system inputs: 0
	File system outputs: 690168
	Socket messages sent: 0
	Socket messages received: 0
	Signals delivered: 0
	Page size (bytes): 4096
	Exit status: 0
