nice: cannot set niceness: Permission denied
Precompiling packages...
   1951.2 ms  ✓ DataValueInterfaces
   1928.2 ms  ✓ IteratorInterfaceExtensions
   1958.7 ms  ✓ LorentzVectors
   2037.8 ms  ✓ LaTeXStrings
   2035.5 ms  ✓ Reexport
   2210.6 ms  ✓ ConstructionBase
   2215.1 ms  ✓ DataAPI
   2263.3 ms  ✓ LRUCache
   2353.4 ms  ✓ InverseFunctions
   2743.2 ms  ✓ DocStringExtensions
   2819.8 ms  ✓ Compat
   2846.6 ms  ✓ AbstractTrees
   2936.7 ms  ✓ Calculus
   2959.3 ms  ✓ OrderedCollections
   2004.4 ms  ✓ StatsAPI
   1952.5 ms  ✓ PtrArrays
   2003.1 ms  ✓ CompositionsBase
   2401.8 ms  ✓ SuiteSparse_jll
   2188.8 ms  ✓ StaticArraysCore
   1804.5 ms  ✓ TableTraits
   2821.9 ms  ✓ IterTools
   2101.4 ms  ✓ BayesHistogram
   3106.3 ms  ✓ BitIntegers
   2511.2 ms  ✓ TranscodingStreams
   2435.5 ms  ✓ ConstructionBase → ConstructionBaseLinearAlgebraExt
   5722.3 ms  ✓ IrrationalConstants
   3141.7 ms  ✓ Preferences
   1910.3 ms  ✓ InverseFunctions → InverseFunctionsDatesExt
   2195.1 ms  ✓ Missings
   6306.8 ms  ✓ SentinelArrays
   2025.0 ms  ✓ LRUCache → SerializationExt
   2096.0 ms  ✓ Compat → CompatLinearAlgebraExt
   1883.0 ms  ✓ AliasTables
   2298.3 ms  ✓ Measurements
   1891.4 ms  ✓ CompositionsBase → CompositionsBaseInverseFunctionsExt
   1090.1 ms  ✓ PrecompileTools
   5113.2 ms  ✓ Crayons
   1209.0 ms  ✓ JLLWrappers
   1569.5 ms  ✓ LogExpFunctions
   3195.6 ms  ✓ Tables
   1482.5 ms  ✓ libdeflate_jll
   1444.6 ms  ✓ LogExpFunctions → LogExpFunctionsInverseFunctionsExt
   1669.9 ms  ✓ XZ_jll
   1675.3 ms  ✓ Zstd_jll
   1674.0 ms  ✓ Lz4_jll
   6799.6 ms  ✓ MacroTools
   4724.8 ms  ✓ DataStructures
   1007.4 ms  ✓ CodecXz
   1587.9 ms  ✓ LibDeflate
   1797.8 ms  ✓ StructArrays
    889.7 ms  ✓ SortingAlgorithms
   1539.4 ms  ✓ CodecZstd
   1737.2 ms  ✓ CodecLz4
    523.7 ms  ✓ StructArrays → StructArraysLinearAlgebraExt
   2772.6 ms  ✓ Accessors
   6741.3 ms  ✓ SparseArrays
   4994.3 ms  ✓ StringManipulation
    531.4 ms  ✓ Accessors → StructArraysExt
    551.6 ms  ✓ Accessors → LinearAlgebraExt
    638.8 ms  ✓ StructArrays → StructArraysSparseArraysExt
    697.5 ms  ✓ Statistics
    685.9 ms  ✓ ArraysOfArrays
    588.1 ms  ✓ ArraysOfArrays → ArraysOfArraysInverseFunctionsExt
    590.9 ms  ✓ ArraysOfArrays → ArraysOfArraysStaticArraysCoreExt
    610.2 ms  ✓ ArraysOfArrays → ArraysOfArraysStructArraysExt
   1597.3 ms  ✓ StatsBase
   8124.4 ms  ✓ StaticArrays
   1369.4 ms  ✓ FHist
    685.6 ms  ✓ ConstructionBase → ConstructionBaseStaticArraysExt
    783.7 ms  ✓ Accessors → StaticArraysExt
    784.9 ms  ✓ StructArrays → StructArraysStaticArraysExt
    828.1 ms  ✓ XXHashNative
    840.8 ms  ✓ StaticArrays → StaticArraysStatisticsExt
  16586.1 ms  ✓ PrettyTables
  10198.9 ms  ✓ UnROOT
  75 dependencies successfully precompiled in 40 seconds
	Command being timed: "nice -n -10 timeout -k120 -v 3600 julia +lts --project=U/UnROOT/Loading-A-Typical-Hep-Ex--Root-File -e using Pkg; @time @eval Pkg.precompile()"
	User time (seconds): 105.64
	System time (seconds): 13.26
	Percent of CPU this job got: 292%
	Elapsed (wall clock) time (h:mm:ss or m:ss): 0:40.69
	Average shared text size (kbytes): 0
	Average unshared data size (kbytes): 0
	Average stack size (kbytes): 0
	Average total size (kbytes): 0
	Maximum resident set size (kbytes): 1139172
	Average resident set size (kbytes): 0
	Major (requiring I/O) page faults: 396
	Minor (reclaiming a frame) page faults: 3380594
	Voluntary context switches: 95315
	Involuntary context switches: 27362
	Swaps: 0
	File system inputs: 0
	File system outputs: 309648
	Socket messages sent: 0
	Socket messages received: 0
	Signals delivered: 0
	Page size (bytes): 4096
	Exit status: 0
