nice: cannot set niceness: Permission denied
Precompiling packages...
  73246.0 ms  ✓ Pkg (serial)
  1 dependency successfully precompiled in 73 seconds
Precompiling packages...
   2003.4 ms  ✓ Reexport
   2015.1 ms  ✓ OpenLibm_jll
   2014.2 ms  ✓ PtrArrays
   2018.5 ms  ✓ DataAPI
   2114.6 ms  ✓ StatsAPI
   2131.7 ms  ✓ Unicode
   2223.1 ms  ✓ CompilerSupportLibraries_jll
   2394.5 ms  ✓ SuiteSparse_jll
   2542.1 ms  ✓ Statistics
   2613.5 ms  ✓ Serialization
   2603.8 ms  ✓ DocStringExtensions
   3017.3 ms  ✓ FillArrays
   1032.5 ms  ✓ AliasTables
   1220.3 ms  ✓ Preferences
    601.4 ms  ✓ FillArrays → FillArraysStatisticsExt
    615.3 ms  ✓ JLLWrappers
   4071.5 ms  ✓ OrderedCollections
   2231.5 ms  ✓ Missings
   4647.7 ms  ✓ IrrationalConstants
    760.5 ms  ✓ Rmath_jll
    760.9 ms  ✓ OpenSpecFun_jll
    520.7 ms  ✓ LogExpFunctions
    609.2 ms  ✓ Rmath
   1632.8 ms  ✓ DataStructures
    433.0 ms  ✓ SortingAlgorithms
   1990.9 ms  ✓ SpecialFunctions
   1626.0 ms  ✓ QuadGK
   4746.5 ms  ✓ SparseArrays
    462.9 ms  ✓ SuiteSparse
    477.9 ms  ✓ Statistics → SparseArraysExt
    557.2 ms  ✓ FillArrays → FillArraysSparseArraysExt
    874.3 ms  ✓ HypergeometricFunctions
    693.1 ms  ✓ PDMats
    493.8 ms  ✓ FillArrays → FillArraysPDMatsExt
   2028.8 ms  ✓ StatsFuns
   2528.3 ms  ✓ StatsBase
    494.2 ms  ✓ PDMats → StatsBaseExt
   3580.2 ms  ✓ Distributions
  38 dependencies successfully precompiled in 14 seconds. 3 already precompiled.
	Command being timed: "nice -n -10 timeout -k120 -v 3600 julia +release --project=D/Distributions/Normal-Distribution -e using Pkg; @time @eval Pkg.precompile()"
	User time (seconds): 156.71
	System time (seconds): 10.79
	Percent of CPU this job got: 189%
	Elapsed (wall clock) time (h:mm:ss or m:ss): 1:28.42
	Average shared text size (kbytes): 0
	Average unshared data size (kbytes): 0
	Average stack size (kbytes): 0
	Average total size (kbytes): 0
	Maximum resident set size (kbytes): 2096120
	Average resident set size (kbytes): 0
	Major (requiring I/O) page faults: 205
	Minor (reclaiming a frame) page faults: 3382298
	Voluntary context switches: 10849
	Involuntary context switches: 5220
	Swaps: 0
	File system inputs: 0
	File system outputs: 419552
	Socket messages sent: 0
	Socket messages received: 0
	Signals delivered: 0
	Page size (bytes): 4096
	Exit status: 0
