nice: cannot set niceness: Permission denied
Precompiling project...
   1718.3 ms  ✓ PtrArrays
   1716.7 ms  ✓ DataAPI
   1800.8 ms  ✓ Reexport
   1914.4 ms  ✓ Unicode
   1924.8 ms  ✓ OpenLibm_jll
   1921.0 ms  ✓ StatsAPI
   2113.9 ms  ✓ CompilerSupportLibraries_jll
   2141.8 ms  ✓ Statistics
   2108.6 ms  ✓ SuiteSparse_jll
   2279.6 ms  ✓ DocStringExtensions
   2328.3 ms  ✓ Serialization
   2317.9 ms  ✓ OrderedCollections
   2672.9 ms  ✓ FillArrays
   1094.4 ms  ✓ AliasTables
   1097.5 ms  ✓ Missings
   2974.1 ms  ✓ IrrationalConstants
   1163.1 ms  ✓ Preferences
    650.5 ms  ✓ FillArrays → FillArraysStatisticsExt
    560.1 ms  ✓ LogExpFunctions
    449.7 ms  ✓ JLLWrappers
    463.2 ms  ✓ Rmath_jll
    488.7 ms  ✓ OpenSpecFun_jll
   1722.9 ms  ✓ DataStructures
    457.9 ms  ✓ SortingAlgorithms
    728.1 ms  ✓ Rmath
    787.1 ms  ✓ QuadGK
   3212.3 ms  ✓ SparseArrays
    428.1 ms  ✓ SuiteSparse
    478.3 ms  ✓ Statistics → SparseArraysExt
    524.1 ms  ✓ FillArrays → FillArraysSparseArraysExt
   2109.9 ms  ✓ SpecialFunctions
    627.5 ms  ✓ PDMats
    803.7 ms  ✓ HypergeometricFunctions
    453.1 ms  ✓ FillArrays → FillArraysPDMatsExt
   1600.7 ms  ✓ StatsBase
   1212.0 ms  ✓ StatsFuns
   3411.5 ms  ✓ Distributions
  37 dependencies successfully precompiled in 12 seconds. 3 already precompiled.
	Command being timed: "nice -n -10 timeout -k120 -v 3600 julia +1.11.7 --project=D/Distributions/Normal-Distribution -e using Pkg; @time @eval Pkg.precompile()"
	User time (seconds): 131.01
	System time (seconds): 9.45
	Percent of CPU this job got: 199%
	Elapsed (wall clock) time (h:mm:ss or m:ss): 1:10.38
	Average shared text size (kbytes): 0
	Average unshared data size (kbytes): 0
	Average stack size (kbytes): 0
	Average total size (kbytes): 0
	Maximum resident set size (kbytes): 2052436
	Average resident set size (kbytes): 0
	Major (requiring I/O) page faults: 204
	Minor (reclaiming a frame) page faults: 2676249
	Voluntary context switches: 77047
	Involuntary context switches: 7777
	Swaps: 0
	File system inputs: 0
	File system outputs: 474120
	Socket messages sent: 0
	Socket messages received: 0
	Signals delivered: 0
	Page size (bytes): 4096
	Exit status: 0
