nice: cannot set niceness: Permission denied
Precompiling packages...
  73371.5 ms  ✓ Pkg (serial)
  1 dependency successfully precompiled in 73 seconds
Precompiling packages...
   1920.3 ms  ✓ PtrArrays
   2024.5 ms  ✓ OpenLibm_jll
   2104.8 ms  ✓ Reexport
   2125.1 ms  ✓ Unicode
   2123.0 ms  ✓ CompilerSupportLibraries_jll
   2200.5 ms  ✓ DataAPI
   2199.0 ms  ✓ StatsAPI
   2281.6 ms  ✓ SuiteSparse_jll
   2507.6 ms  ✓ Statistics
   2616.8 ms  ✓ Serialization
   2536.7 ms  ✓ DocStringExtensions
   2956.0 ms  ✓ FillArrays
   1101.4 ms  ✓ AliasTables
   1184.5 ms  ✓ Preferences
    598.1 ms  ✓ FillArrays → FillArraysStatisticsExt
    611.8 ms  ✓ JLLWrappers
   4020.3 ms  ✓ OrderedCollections
   2299.0 ms  ✓ Missings
    806.5 ms  ✓ Rmath_jll
    805.0 ms  ✓ OpenSpecFun_jll
   4772.4 ms  ✓ IrrationalConstants
    539.1 ms  ✓ LogExpFunctions
    613.8 ms  ✓ Rmath
   1687.4 ms  ✓ DataStructures
    448.6 ms  ✓ SortingAlgorithms
   1594.4 ms  ✓ QuadGK
   4731.2 ms  ✓ SparseArrays
   2076.0 ms  ✓ SpecialFunctions
    466.9 ms  ✓ SuiteSparse
    503.4 ms  ✓ Statistics → SparseArraysExt
    544.9 ms  ✓ FillArrays → FillArraysSparseArraysExt
    831.0 ms  ✓ HypergeometricFunctions
    684.7 ms  ✓ PDMats
    480.8 ms  ✓ FillArrays → FillArraysPDMatsExt
   2091.0 ms  ✓ StatsFuns
   2644.0 ms  ✓ StatsBase
    491.9 ms  ✓ PDMats → StatsBaseExt
   3583.6 ms  ✓ Distributions
  38 dependencies successfully precompiled in 15 seconds. 3 already precompiled.
	Command being timed: "nice -n -10 timeout -k120 -v 3600 julia +release --project=D/Distributions/Normal-Distribution -e using Pkg; @time @eval Pkg.precompile()"
	User time (seconds): 156.73
	System time (seconds): 10.75
	Percent of CPU this job got: 188%
	Elapsed (wall clock) time (h:mm:ss or m:ss): 1:28.65
	Average shared text size (kbytes): 0
	Average unshared data size (kbytes): 0
	Average stack size (kbytes): 0
	Average total size (kbytes): 0
	Maximum resident set size (kbytes): 2150448
	Average resident set size (kbytes): 0
	Major (requiring I/O) page faults: 292
	Minor (reclaiming a frame) page faults: 3373489
	Voluntary context switches: 11138
	Involuntary context switches: 4443
	Swaps: 0
	File system inputs: 0
	File system outputs: 420384
	Socket messages sent: 0
	Socket messages received: 0
	Signals delivered: 0
	Page size (bytes): 4096
	Exit status: 0
