nice: cannot set niceness: Permission denied
Precompiling packages...
    432.8 ms  ✓ Reexport
    459.3 ms  ✓ StatsAPI
    633.0 ms  ✓ OpenLibm_jll
    877.9 ms  ✓ SuiteSparse_jll
    614.7 ms  ✓ DocStringExtensions
   1141.2 ms  ✓ FillArrays
    507.7 ms  ✓ PtrArrays
    719.6 ms  ✓ Serialization
    673.4 ms  ✓ OrderedCollections
    483.1 ms  ✓ DataAPI
    491.7 ms  ✓ Unicode
    614.9 ms  ✓ Statistics
    495.5 ms  ✓ AliasTables
    495.8 ms  ✓ Missings
   1340.9 ms  ✓ IrrationalConstants
    562.7 ms  ✓ FillArrays → FillArraysStatisticsExt
    608.2 ms  ✓ LogExpFunctions
   1675.3 ms  ✓ DataStructures
    450.4 ms  ✓ SortingAlgorithms
   1821.2 ms  ✓ Preferences
    767.2 ms  ✓ QuadGK
    443.1 ms  ✓ JLLWrappers
    538.1 ms  ✓ Rmath_jll
    539.7 ms  ✓ OpenSpecFun_jll
   3774.2 ms  ✓ SparseArrays
    650.4 ms  ✓ Rmath
    494.3 ms  ✓ SuiteSparse
    527.1 ms  ✓ Statistics → SparseArraysExt
    612.0 ms  ✓ FillArrays → FillArraysSparseArraysExt
    715.7 ms  ✓ PDMats
   1969.8 ms  ✓ SpecialFunctions
    526.8 ms  ✓ FillArrays → FillArraysPDMatsExt
    831.7 ms  ✓ HypergeometricFunctions
   1972.4 ms  ✓ StatsBase
    515.2 ms  ✓ PDMats → StatsBaseExt
   1258.2 ms  ✓ StatsFuns
   3602.9 ms  ✓ Distributions
  37 dependencies successfully precompiled in 13 seconds. 3 already precompiled.
	Command being timed: "nice -n -10 timeout -k120 -v 3600 julia +alpha --project=D/Distributions/Normal-Distribution -e using Pkg; @time @eval Pkg.precompile()"
	User time (seconds): 166.57
	System time (seconds): 10.44
	Percent of CPU this job got: 141%
	Elapsed (wall clock) time (h:mm:ss or m:ss): 2:05.29
	Average shared text size (kbytes): 0
	Average unshared data size (kbytes): 0
	Average stack size (kbytes): 0
	Average total size (kbytes): 0
	Maximum resident set size (kbytes): 2750600
	Average resident set size (kbytes): 0
	Major (requiring I/O) page faults: 253
	Minor (reclaiming a frame) page faults: 4048631
	Voluntary context switches: 11984
	Involuntary context switches: 2230
	Swaps: 0
	File system inputs: 0
	File system outputs: 441936
	Socket messages sent: 0
	Socket messages received: 0
	Signals delivered: 0
	Page size (bytes): 4096
	Exit status: 0
