nice: cannot set niceness: Permission denied
Precompiling packages...
  73204.0 ms  ✓ Pkg (serial)
  1 dependency successfully precompiled in 73 seconds
Precompiling packages...
   2125.1 ms  ✓ OpenLibm_jll
   2149.1 ms  ✓ PtrArrays
   2157.6 ms  ✓ DataAPI
   2204.2 ms  ✓ Reexport
   2256.9 ms  ✓ StatsAPI
   2257.8 ms  ✓ Unicode
   2356.6 ms  ✓ Statistics
   2421.4 ms  ✓ CompilerSupportLibraries_jll
   2502.8 ms  ✓ SuiteSparse_jll
   2665.4 ms  ✓ Serialization
   2557.0 ms  ✓ DocStringExtensions
   3061.9 ms  ✓ FillArrays
    998.4 ms  ✓ AliasTables
   1122.6 ms  ✓ Preferences
    620.9 ms  ✓ FillArrays → FillArraysStatisticsExt
    646.9 ms  ✓ JLLWrappers
   4059.2 ms  ✓ OrderedCollections
   2200.9 ms  ✓ Missings
   4699.6 ms  ✓ IrrationalConstants
    744.3 ms  ✓ Rmath_jll
    767.6 ms  ✓ OpenSpecFun_jll
    544.0 ms  ✓ LogExpFunctions
    622.2 ms  ✓ Rmath
   1680.9 ms  ✓ DataStructures
    453.7 ms  ✓ SortingAlgorithms
   2032.0 ms  ✓ SpecialFunctions
   1611.7 ms  ✓ QuadGK
   4739.0 ms  ✓ SparseArrays
    466.0 ms  ✓ SuiteSparse
    499.5 ms  ✓ Statistics → SparseArraysExt
    527.2 ms  ✓ FillArrays → FillArraysSparseArraysExt
    863.4 ms  ✓ HypergeometricFunctions
    697.5 ms  ✓ PDMats
    507.6 ms  ✓ FillArrays → FillArraysPDMatsExt
   2035.0 ms  ✓ StatsFuns
   2548.3 ms  ✓ StatsBase
    492.6 ms  ✓ PDMats → StatsBaseExt
   3579.7 ms  ✓ Distributions
  38 dependencies successfully precompiled in 15 seconds. 3 already precompiled.
	Command being timed: "nice -n -10 timeout -k120 -v 3600 julia +1.12.3 --project=D/Distributions/Normal-Distribution -e using Pkg; @time @eval Pkg.precompile()"
	User time (seconds): 157.59
	System time (seconds): 10.70
	Percent of CPU this job got: 190%
	Elapsed (wall clock) time (h:mm:ss or m:ss): 1:28.41
	Average shared text size (kbytes): 0
	Average unshared data size (kbytes): 0
	Average stack size (kbytes): 0
	Average total size (kbytes): 0
	Maximum resident set size (kbytes): 2093800
	Average resident set size (kbytes): 0
	Major (requiring I/O) page faults: 244
	Minor (reclaiming a frame) page faults: 3385753
	Voluntary context switches: 10649
	Involuntary context switches: 5022
	Swaps: 0
	File system inputs: 0
	File system outputs: 418880
	Socket messages sent: 0
	Socket messages received: 0
	Signals delivered: 0
	Page size (bytes): 4096
	Exit status: 0
