nice: cannot set niceness: Permission denied
Precompiling packages...
  74977.8 ms  ✓ Pkg (serial)
  1 dependency successfully precompiled in 75 seconds
Precompiling packages...
   2403.1 ms  ✓ Reexport
   2399.1 ms  ✓ CommonSolve
   2532.9 ms  ✓ Unicode
   2626.4 ms  ✓ OpenLibm_jll
   2797.1 ms  ✓ CompilerSupportLibraries_jll
   2903.5 ms  ✓ InverseFunctions
   2885.1 ms  ✓ DataAPI
   2883.3 ms  ✓ StatsAPI
   3100.3 ms  ✓ SuiteSparse_jll
   3315.9 ms  ✓ Statistics
   3397.8 ms  ✓ DocStringExtensions
   3722.5 ms  ✓ Serialization
   4231.0 ms  ✓ FillArrays
   2022.2 ms  ✓ CompositionsBase
   1722.5 ms  ✓ InverseFunctions → InverseFunctionsDatesExt
   2008.8 ms  ✓ PtrArrays
   2679.7 ms  ✓ Gamma
   2697.5 ms  ✓ Preferences
   1402.4 ms  ✓ FillArrays → FillArraysStatisticsExt
   1484.6 ms  ✓ CompositionsBase → CompositionsBaseInverseFunctionsExt
   1486.8 ms  ✓ AliasTables
   6654.9 ms  ✓ OrderedCollections
   1293.6 ms  ✓ JLLWrappers
   6935.7 ms  ✓ ConstructionBase
   2320.3 ms  ✓ HypergeometricFunctions
   4704.8 ms  ✓ Missings
    981.5 ms  ✓ ConstructionBase → ConstructionBaseLinearAlgebraExt
   1303.3 ms  ✓ Rmath_jll
   1300.7 ms  ✓ OpenSpecFun_jll
   8170.4 ms  ✓ IrrationalConstants
    653.7 ms  ✓ LogExpFunctions
    721.5 ms  ✓ Rmath
   2668.4 ms  ✓ DataStructures
   7095.1 ms  ✓ MacroTools
    683.3 ms  ✓ LogExpFunctions → LogExpFunctionsInverseFunctionsExt
    581.1 ms  ✓ SortingAlgorithms
   1815.2 ms  ✓ QuadGK
   7481.6 ms  ✓ SparseArrays
   2780.9 ms  ✓ SpecialFunctions
    534.4 ms  ✓ SuiteSparse
    615.7 ms  ✓ Statistics → SparseArraysExt
    631.4 ms  ✓ FillArrays → FillArraysSparseArraysExt
   2871.5 ms  ✓ Accessors
    818.9 ms  ✓ PDMats
    455.3 ms  ✓ Accessors → LinearAlgebraExt
    528.8 ms  ✓ FillArrays → FillArraysPDMatsExt
   1898.3 ms  ✓ StatsFuns
    389.8 ms  ✓ StatsFuns → StatsFunsInverseFunctionsExt
   2865.3 ms  ✓ StatsBase
    509.3 ms  ✓ PDMats → StatsBaseExt
   3016.8 ms  ✓ Roots
   3747.1 ms  ✓ Distributions
  52 dependencies successfully precompiled in 20 seconds. 3 already precompiled.
	Command being timed: "nice -n -10 timeout -k120 -v 3600 julia +release --project=D/Distributions/Normal-Distribution -e using Pkg; @time @eval Pkg.precompile()"
	User time (seconds): 182.01
	System time (seconds): 13.24
	Percent of CPU this job got: 204%
	Elapsed (wall clock) time (h:mm:ss or m:ss): 1:35.60
	Average shared text size (kbytes): 0
	Average unshared data size (kbytes): 0
	Average stack size (kbytes): 0
	Average total size (kbytes): 0
	Maximum resident set size (kbytes): 2155852
	Average resident set size (kbytes): 0
	Major (requiring I/O) page faults: 331
	Minor (reclaiming a frame) page faults: 3997710
	Voluntary context switches: 12295
	Involuntary context switches: 6908
	Swaps: 0
	File system inputs: 0
	File system outputs: 454992
	Socket messages sent: 0
	Socket messages received: 0
	Signals delivered: 0
	Page size (bytes): 4096
	Exit status: 0
