nice: cannot set niceness: Permission denied
Precompiling packages...
  72618.4 ms  ✓ Pkg (serial)
  1 dependency successfully precompiled in 73 seconds
Precompiling packages...
   1916.6 ms  ✓ PtrArrays
   2106.6 ms  ✓ CompilerSupportLibraries_jll
   2111.4 ms  ✓ OpenLibm_jll
   2178.8 ms  ✓ DataAPI
   2198.3 ms  ✓ Reexport
   2229.1 ms  ✓ StatsAPI
   2323.7 ms  ✓ Unicode
   2394.1 ms  ✓ SuiteSparse_jll
   2523.4 ms  ✓ Statistics
   2678.8 ms  ✓ DocStringExtensions
   2712.9 ms  ✓ Serialization
   3044.9 ms  ✓ FillArrays
   1164.6 ms  ✓ AliasTables
   1086.5 ms  ✓ Preferences
    595.2 ms  ✓ FillArrays → FillArraysStatisticsExt
    607.2 ms  ✓ JLLWrappers
   4141.7 ms  ✓ OrderedCollections
   2155.2 ms  ✓ Missings
   4632.1 ms  ✓ IrrationalConstants
    752.9 ms  ✓ Rmath_jll
    766.9 ms  ✓ OpenSpecFun_jll
    532.7 ms  ✓ LogExpFunctions
    633.1 ms  ✓ Rmath
   1609.0 ms  ✓ DataStructures
    443.3 ms  ✓ SortingAlgorithms
   2004.9 ms  ✓ SpecialFunctions
   4615.6 ms  ✓ SparseArrays
   1695.4 ms  ✓ QuadGK
    467.5 ms  ✓ SuiteSparse
    501.1 ms  ✓ Statistics → SparseArraysExt
    549.9 ms  ✓ FillArrays → FillArraysSparseArraysExt
    854.4 ms  ✓ HypergeometricFunctions
    678.4 ms  ✓ PDMats
    489.7 ms  ✓ FillArrays → FillArraysPDMatsExt
   2028.0 ms  ✓ StatsFuns
   2536.6 ms  ✓ StatsBase
    495.4 ms  ✓ PDMats → StatsBaseExt
   3496.8 ms  ✓ Distributions
  38 dependencies successfully precompiled in 14 seconds. 3 already precompiled.
	Command being timed: "nice -n -10 timeout -k120 -v 3600 julia +release --project=D/Distributions/Normal-Distribution -e using Pkg; @time @eval Pkg.precompile()"
	User time (seconds): 156.37
	System time (seconds): 10.65
	Percent of CPU this job got: 190%
	Elapsed (wall clock) time (h:mm:ss or m:ss): 1:27.72
	Average shared text size (kbytes): 0
	Average unshared data size (kbytes): 0
	Average stack size (kbytes): 0
	Average total size (kbytes): 0
	Maximum resident set size (kbytes): 2095508
	Average resident set size (kbytes): 0
	Major (requiring I/O) page faults: 213
	Minor (reclaiming a frame) page faults: 3354564
	Voluntary context switches: 10808
	Involuntary context switches: 4890
	Swaps: 0
	File system inputs: 0
	File system outputs: 421856
	Socket messages sent: 0
	Socket messages received: 0
	Signals delivered: 0
	Page size (bytes): 4096
	Exit status: 0
