nice: cannot set niceness: Permission denied
Precompiling packages...
   1284.8 ms  ✓ StatsAPI
   1348.5 ms  ✓ OpenLibm_jll
   1347.7 ms  ✓ PtrArrays
   1350.1 ms  ✓ Reexport
   1390.6 ms  ✓ DataAPI
   1471.2 ms  ✓ CompilerSupportLibraries_jll
   1469.0 ms  ✓ SuiteSparse_jll
   1559.9 ms  ✓ DocStringExtensions
   1664.7 ms  ✓ OrderedCollections
   1759.3 ms  ✓ Preferences
    652.3 ms  ✓ AliasTables
    679.4 ms  ✓ Missings
   2217.8 ms  ✓ FillArrays
   2231.1 ms  ✓ IrrationalConstants
    509.2 ms  ✓ JLLWrappers
    390.6 ms  ✓ Rmath_jll
    407.3 ms  ✓ OpenSpecFun_jll
    509.3 ms  ✓ LogExpFunctions
   1489.9 ms  ✓ DataStructures
    503.4 ms  ✓ Rmath
    342.3 ms  ✓ SortingAlgorithms
    619.6 ms  ✓ QuadGK
   2791.3 ms  ✓ SparseArrays
   1720.3 ms  ✓ SpecialFunctions
    360.1 ms  ✓ SuiteSparse
    437.0 ms  ✓ FillArrays → FillArraysSparseArraysExt
    517.2 ms  ✓ Statistics
    673.8 ms  ✓ HypergeometricFunctions
    571.4 ms  ✓ PDMats
    416.7 ms  ✓ FillArrays → FillArraysStatisticsExt
    408.8 ms  ✓ FillArrays → FillArraysPDMatsExt
    978.4 ms  ✓ StatsFuns
   1417.4 ms  ✓ StatsBase
    396.1 ms  ✓ PDMats → StatsBaseExt
   3058.4 ms  ✓ Distributions
  35 dependencies successfully precompiled in 10 seconds
	Command being timed: "nice -n -10 timeout -k120 -v 3600 julia +lts --project=D/Distributions/Normal-Distribution -e using Pkg; @time @eval Pkg.precompile()"
	User time (seconds): 23.53
	System time (seconds): 5.30
	Percent of CPU this job got: 259%
	Elapsed (wall clock) time (h:mm:ss or m:ss): 0:11.09
	Average shared text size (kbytes): 0
	Average unshared data size (kbytes): 0
	Average stack size (kbytes): 0
	Average total size (kbytes): 0
	Maximum resident set size (kbytes): 355412
	Average resident set size (kbytes): 0
	Major (requiring I/O) page faults: 78
	Minor (reclaiming a frame) page faults: 1409103
	Voluntary context switches: 46871
	Involuntary context switches: 1600
	Swaps: 0
	File system inputs: 0
	File system outputs: 106240
	Socket messages sent: 0
	Socket messages received: 0
	Signals delivered: 0
	Page size (bytes): 4096
	Exit status: 0
