nice: cannot set niceness: Permission denied
Precompiling packages...
    441.9 ms  ✓ Reexport
    478.9 ms  ✓ StatsAPI
    718.3 ms  ✓ OpenLibm_jll
    790.8 ms  ✓ SuiteSparse_jll
   1088.4 ms  ✓ FillArrays
    642.2 ms  ✓ DocStringExtensions
    712.8 ms  ✓ Serialization
    472.3 ms  ✓ PtrArrays
    753.5 ms  ✓ OrderedCollections
    479.0 ms  ✓ DataAPI
    499.9 ms  ✓ Unicode
    631.1 ms  ✓ Statistics
    514.7 ms  ✓ AliasTables
    505.4 ms  ✓ Missings
   1309.9 ms  ✓ IrrationalConstants
    560.7 ms  ✓ FillArrays → FillArraysStatisticsExt
    608.4 ms  ✓ LogExpFunctions
   1704.2 ms  ✓ DataStructures
   1603.4 ms  ✓ Preferences
    501.8 ms  ✓ SortingAlgorithms
    805.2 ms  ✓ QuadGK
    562.5 ms  ✓ JLLWrappers
    759.5 ms  ✓ Rmath_jll
    771.9 ms  ✓ OpenSpecFun_jll
   3756.0 ms  ✓ SparseArrays
    800.0 ms  ✓ Rmath
    592.6 ms  ✓ SuiteSparse
    618.2 ms  ✓ Statistics → SparseArraysExt
    700.3 ms  ✓ FillArrays → FillArraysSparseArraysExt
    748.6 ms  ✓ PDMats
    576.9 ms  ✓ FillArrays → FillArraysPDMatsExt
   2207.0 ms  ✓ SpecialFunctions
   1950.1 ms  ✓ StatsBase
    930.2 ms  ✓ HypergeometricFunctions
    572.9 ms  ✓ PDMats → StatsBaseExt
   1383.7 ms  ✓ StatsFuns
   3701.1 ms  ✓ Distributions
  37 dependencies successfully precompiled in 13 seconds. 3 already precompiled.
	Command being timed: "nice -n -10 timeout -k120 -v 3600 julia +nightly --project=D/Distributions/Normal-Distribution -e using Pkg; @time @eval Pkg.precompile()"
	User time (seconds): 161.32
	System time (seconds): 10.23
	Percent of CPU this job got: 143%
	Elapsed (wall clock) time (h:mm:ss or m:ss): 1:59.56
	Average shared text size (kbytes): 0
	Average unshared data size (kbytes): 0
	Average stack size (kbytes): 0
	Average total size (kbytes): 0
	Maximum resident set size (kbytes): 2222432
	Average resident set size (kbytes): 0
	Major (requiring I/O) page faults: 268
	Minor (reclaiming a frame) page faults: 3889524
	Voluntary context switches: 11573
	Involuntary context switches: 3085
	Swaps: 0
	File system inputs: 0
	File system outputs: 441768
	Socket messages sent: 0
	Socket messages received: 0
	Signals delivered: 0
	Page size (bytes): 4096
	Exit status: 0
