nice: cannot set niceness: Permission denied
Precompiling packages...
    433.5 ms  ✓ Reexport
    470.7 ms  ✓ StatsAPI
    764.0 ms  ✓ OpenLibm_jll
    853.1 ms  ✓ SuiteSparse_jll
   1101.4 ms  ✓ FillArrays
    633.6 ms  ✓ DocStringExtensions
    705.7 ms  ✓ Serialization
    479.1 ms  ✓ PtrArrays
    677.7 ms  ✓ OrderedCollections
    486.1 ms  ✓ DataAPI
    609.1 ms  ✓ Statistics
    500.9 ms  ✓ Unicode
    502.9 ms  ✓ AliasTables
    511.1 ms  ✓ Missings
   1391.9 ms  ✓ IrrationalConstants
    547.4 ms  ✓ FillArrays → FillArraysStatisticsExt
    559.0 ms  ✓ LogExpFunctions
   1649.5 ms  ✓ DataStructures
    465.8 ms  ✓ SortingAlgorithms
    774.4 ms  ✓ QuadGK
   1892.6 ms  ✓ Preferences
    448.6 ms  ✓ JLLWrappers
    546.9 ms  ✓ Rmath_jll
    545.8 ms  ✓ OpenSpecFun_jll
   3774.9 ms  ✓ SparseArrays
    713.6 ms  ✓ Rmath
    573.6 ms  ✓ SuiteSparse
    582.0 ms  ✓ Statistics → SparseArraysExt
    659.8 ms  ✓ FillArrays → FillArraysSparseArraysExt
    715.1 ms  ✓ PDMats
    532.7 ms  ✓ FillArrays → FillArraysPDMatsExt
   2134.2 ms  ✓ SpecialFunctions
   1946.1 ms  ✓ StatsBase
    829.2 ms  ✓ HypergeometricFunctions
    534.8 ms  ✓ PDMats → StatsBaseExt
   1331.5 ms  ✓ StatsFuns
   3595.7 ms  ✓ Distributions
  37 dependencies successfully precompiled in 13 seconds. 3 already precompiled.
	Command being timed: "nice -n -10 timeout -k120 -v 3600 julia +nightly --project=D/Distributions/Normal-Distribution -e using Pkg; @time @eval Pkg.precompile()"
	User time (seconds): 184.38
	System time (seconds): 10.67
	Percent of CPU this job got: 138%
	Elapsed (wall clock) time (h:mm:ss or m:ss): 2:21.08
	Average shared text size (kbytes): 0
	Average unshared data size (kbytes): 0
	Average stack size (kbytes): 0
	Average total size (kbytes): 0
	Maximum resident set size (kbytes): 2527544
	Average resident set size (kbytes): 0
	Major (requiring I/O) page faults: 215
	Minor (reclaiming a frame) page faults: 4148121
	Voluntary context switches: 11497
	Involuntary context switches: 2185
	Swaps: 0
	File system inputs: 0
	File system outputs: 450400
	Socket messages sent: 0
	Socket messages received: 0
	Signals delivered: 0
	Page size (bytes): 4096
	Exit status: 0
