nice: cannot set niceness: Permission denied
Precompiling packages...
  75867.6 ms  ✓ Pkg (serial)
  1 dependency successfully precompiled in 76 seconds
Precompiling packages...
   2418.0 ms  ✓ Reexport
   2422.7 ms  ✓ Unicode
   2414.3 ms  ✓ CommonSolve
   2496.6 ms  ✓ OpenLibm_jll
   2769.8 ms  ✓ StatsAPI
   2784.7 ms  ✓ CompilerSupportLibraries_jll
   2818.4 ms  ✓ InverseFunctions
   3204.8 ms  ✓ DataAPI
   3214.6 ms  ✓ SuiteSparse_jll
   3333.3 ms  ✓ DocStringExtensions
   3397.0 ms  ✓ Statistics
   3726.2 ms  ✓ Serialization
   1697.5 ms  ✓ CompositionsBase
   1795.2 ms  ✓ PtrArrays
   1517.7 ms  ✓ InverseFunctions → InverseFunctionsDatesExt
   4524.6 ms  ✓ FillArrays
   2403.2 ms  ✓ Preferences
   1100.8 ms  ✓ CompositionsBase → CompositionsBaseInverseFunctionsExt
   1200.8 ms  ✓ AliasTables
   1077.2 ms  ✓ FillArrays → FillArraysStatisticsExt
   1122.0 ms  ✓ JLLWrappers
   6122.9 ms  ✓ ConstructionBase
   6237.4 ms  ✓ OrderedCollections
    816.8 ms  ✓ ConstructionBase → ConstructionBaseLinearAlgebraExt
   3895.9 ms  ✓ Missings
   1168.7 ms  ✓ OpenSpecFun_jll
   1182.0 ms  ✓ Rmath_jll
   7318.3 ms  ✓ IrrationalConstants
    719.7 ms  ✓ Rmath
    609.0 ms  ✓ LogExpFunctions
    494.8 ms  ✓ LogExpFunctions → LogExpFunctionsInverseFunctionsExt
   2378.7 ms  ✓ DataStructures
   6539.2 ms  ✓ MacroTools
   1322.9 ms  ✓ Gamma
    812.9 ms  ✓ SortingAlgorithms
   1269.5 ms  ✓ HypergeometricFunctions
   2193.4 ms  ✓ QuadGK
   7104.4 ms  ✓ SparseArrays
   3079.7 ms  ✓ SpecialFunctions
    542.9 ms  ✓ SuiteSparse
    582.5 ms  ✓ Statistics → SparseArraysExt
    679.2 ms  ✓ FillArrays → FillArraysSparseArraysExt
   3011.5 ms  ✓ Accessors
    841.7 ms  ✓ PDMats
    456.9 ms  ✓ Accessors → LinearAlgebraExt
    514.3 ms  ✓ FillArrays → FillArraysPDMatsExt
   1983.5 ms  ✓ StatsFuns
    379.3 ms  ✓ StatsFuns → StatsFunsInverseFunctionsExt
   2904.7 ms  ✓ StatsBase
    521.1 ms  ✓ PDMats → StatsBaseExt
   2975.3 ms  ✓ Roots
   3844.2 ms  ✓ Distributions
  52 dependencies successfully precompiled in 19 seconds. 3 already precompiled.
  3 dependencies precompiled but different versions are currently loaded (Dates, Printf and TOML). Restart julia to access the new versions. Otherwise, 15 dependents of these packages may trigger further precompilation to work with the unexpected versions.
	Command being timed: "nice -n -10 timeout -k120 -v 3600 julia +1.12.7 --project=D/Distributions/Normal-Distribution -e using Pkg; @time @eval Pkg.precompile()"
	User time (seconds): 184.24
	System time (seconds): 12.82
	Percent of CPU this job got: 204%
	Elapsed (wall clock) time (h:mm:ss or m:ss): 1:36.18
	Average shared text size (kbytes): 0
	Average unshared data size (kbytes): 0
	Average stack size (kbytes): 0
	Average total size (kbytes): 0
	Maximum resident set size (kbytes): 2164512
	Average resident set size (kbytes): 0
	Major (requiring I/O) page faults: 272
	Minor (reclaiming a frame) page faults: 4006136
	Voluntary context switches: 12534
	Involuntary context switches: 7483
	Swaps: 0
	File system inputs: 0
	File system outputs: 460072
	Socket messages sent: 0
	Socket messages received: 0
	Signals delivered: 0
	Page size (bytes): 4096
	Exit status: 0
