Precompiling project...
   1455.0 ms  ✓ PtrArrays
   1435.7 ms  ✓ Reexport
   1464.5 ms  ✓ Unicode
   1547.7 ms  ✓ StatsAPI
   1559.2 ms  ✓ DataAPI
   1574.7 ms  ✓ OpenLibm_jll
   1848.2 ms  ✓ CompilerSupportLibraries_jll
   1832.7 ms  ✓ SuiteSparse_jll
   1951.0 ms  ✓ Statistics
   1924.3 ms  ✓ DocStringExtensions
   1964.6 ms  ✓ OrderedCollections
   1989.5 ms  ✓ Serialization
    897.5 ms  ✓ AliasTables
    813.2 ms  ✓ Missings
   2376.7 ms  ✓ FillArrays
   2576.4 ms  ✓ IrrationalConstants
   1172.8 ms  ✓ Preferences
    521.8 ms  ✓ FillArrays → FillArraysStatisticsExt
    392.5 ms  ✓ JLLWrappers
    507.5 ms  ✓ LogExpFunctions
    412.7 ms  ✓ Rmath_jll
    419.4 ms  ✓ OpenSpecFun_jll
   1595.4 ms  ✓ DataStructures
    420.5 ms  ✓ SortingAlgorithms
    672.2 ms  ✓ Rmath
    712.9 ms  ✓ QuadGK
   3056.3 ms  ✓ SparseArrays
   1897.0 ms  ✓ SpecialFunctions
    391.5 ms  ✓ SuiteSparse
    433.9 ms  ✓ Statistics → SparseArraysExt
    458.6 ms  ✓ FillArrays → FillArraysSparseArraysExt
    569.2 ms  ✓ PDMats
    774.1 ms  ✓ HypergeometricFunctions
    408.2 ms  ✓ FillArrays → FillArraysPDMatsExt
   1529.6 ms  ✓ StatsBase
   1092.7 ms  ✓ StatsFuns
   3360.0 ms  ✓ Distributions
  37 dependencies successfully precompiled in 11 seconds. 3 already precompiled.
	Command being timed: "julia +1.11.6 --project=D/Distributions/Normal-Distribution -e using Pkg; @time @eval Pkg.precompile()"
	User time (seconds): 118.18
	System time (seconds): 8.52
	Percent of CPU this job got: 199%
	Elapsed (wall clock) time (h:mm:ss or m:ss): 1:03.38
	Average shared text size (kbytes): 0
	Average unshared data size (kbytes): 0
	Average stack size (kbytes): 0
	Average total size (kbytes): 0
	Maximum resident set size (kbytes): 2022792
	Average resident set size (kbytes): 0
	Major (requiring I/O) page faults: 214
	Minor (reclaiming a frame) page faults: 2653728
	Voluntary context switches: 76363
	Involuntary context switches: 6615
	Swaps: 0
	File system inputs: 0
	File system outputs: 472984
	Socket messages sent: 0
	Socket messages received: 0
	Signals delivered: 0
	Page size (bytes): 4096
	Exit status: 0
