nice: cannot set niceness: Permission denied
Precompiling packages...
   1325.8 ms  ✓ PtrArrays
   1397.8 ms  ✓ DataAPI
   1401.0 ms  ✓ StatsAPI
   1418.1 ms  ✓ Reexport
   1499.9 ms  ✓ OpenLibm_jll
   1496.3 ms  ✓ SuiteSparse_jll
   1510.1 ms  ✓ CompilerSupportLibraries_jll
   1729.9 ms  ✓ DocStringExtensions
   1799.9 ms  ✓ OrderedCollections
   1843.6 ms  ✓ Preferences
    698.3 ms  ✓ AliasTables
    706.1 ms  ✓ Missings
   2322.2 ms  ✓ FillArrays
    504.6 ms  ✓ JLLWrappers
   2360.6 ms  ✓ IrrationalConstants
    389.2 ms  ✓ Rmath_jll
    406.6 ms  ✓ OpenSpecFun_jll
    500.4 ms  ✓ LogExpFunctions
    489.7 ms  ✓ Rmath
   1450.8 ms  ✓ DataStructures
    340.1 ms  ✓ SortingAlgorithms
    608.0 ms  ✓ QuadGK
   2773.8 ms  ✓ SparseArrays
   1712.8 ms  ✓ SpecialFunctions
    352.0 ms  ✓ SuiteSparse
    441.6 ms  ✓ FillArrays → FillArraysSparseArraysExt
    512.0 ms  ✓ Statistics
    412.3 ms  ✓ FillArrays → FillArraysStatisticsExt
    571.3 ms  ✓ PDMats
    676.9 ms  ✓ HypergeometricFunctions
    405.4 ms  ✓ FillArrays → FillArraysPDMatsExt
   1395.0 ms  ✓ StatsBase
    997.6 ms  ✓ StatsFuns
    397.2 ms  ✓ PDMats → StatsBaseExt
   3076.6 ms  ✓ Distributions
  35 dependencies successfully precompiled in 10 seconds
	Command being timed: "nice -n -10 timeout -k120 -v 3600 julia +lts --project=D/Distributions/Normal-Distribution -e using Pkg; @time @eval Pkg.precompile()"
	User time (seconds): 23.59
	System time (seconds): 5.23
	Percent of CPU this job got: 258%
	Elapsed (wall clock) time (h:mm:ss or m:ss): 0:11.14
	Average shared text size (kbytes): 0
	Average unshared data size (kbytes): 0
	Average stack size (kbytes): 0
	Average total size (kbytes): 0
	Maximum resident set size (kbytes): 355408
	Average resident set size (kbytes): 0
	Major (requiring I/O) page faults: 76
	Minor (reclaiming a frame) page faults: 1417256
	Voluntary context switches: 47133
	Involuntary context switches: 1526
	Swaps: 0
	File system inputs: 0
	File system outputs: 108224
	Socket messages sent: 0
	Socket messages received: 0
	Signals delivered: 0
	Page size (bytes): 4096
	Exit status: 0
