nice: cannot set niceness: Permission denied
ERROR: IOError: write: no space left on device (ENOSPC)
Stacktrace:
  [1] uv_error
    @ ./libuv.jl:106 [inlined]
  [2] unsafe_write
    @ ./filesystem.jl:237 [inlined]
  [3] unsafe_write
    @ ./filesystem.jl:234 [inlined]
  [4] write
    @ ./strings/io.jl:248 [inlined]
  [5] print
    @ ./strings/io.jl:250 [inlined]
  [6] write_pidfile(io::Base.Filesystem.File, pid::Int32)
    @ FileWatching.Pidfile ~/.julia/juliaup/julia-1.11.7+0.x64.linux.gnu/share/julia/stdlib/v1.11/FileWatching/src/pidfile.jl:141
  [7] mkpidlock(at::String, pid::Int32; stale_age::Int64, refresh::Float64, kwopts::@Kwargs{wait::Bool})
    @ FileWatching.Pidfile ~/.julia/juliaup/julia-1.11.7+0.x64.linux.gnu/share/julia/stdlib/v1.11/FileWatching/src/pidfile.jl:71
  [8] mkpidlock
    @ ~/.julia/juliaup/julia-1.11.7+0.x64.linux.gnu/share/julia/stdlib/v1.11/FileWatching/src/pidfile.jl:63 [inlined]
  [9] mkpidlock(f::Base.var"#1110#1111"{Base.PkgId}, at::String, pid::Int32; kwopts::@Kwargs{stale_age::Int64, wait::Bool})
    @ FileWatching.Pidfile ~/.julia/juliaup/julia-1.11.7+0.x64.linux.gnu/share/julia/stdlib/v1.11/FileWatching/src/pidfile.jl:93
 [10] #mkpidlock#6
    @ ~/.julia/juliaup/julia-1.11.7+0.x64.linux.gnu/share/julia/stdlib/v1.11/FileWatching/src/pidfile.jl:90 [inlined]
 [11] trymkpidlock(::Function, ::Vararg{Any}; kwargs::@Kwargs{stale_age::Int64})
    @ FileWatching.Pidfile ~/.julia/juliaup/julia-1.11.7+0.x64.linux.gnu/share/julia/stdlib/v1.11/FileWatching/src/pidfile.jl:116
 [12] #invokelatest#2
    @ ./essentials.jl:1057 [inlined]
 [13] invokelatest
    @ ./essentials.jl:1052 [inlined]
 [14] maybe_cachefile_lock(f::Base.var"#1110#1111"{Base.PkgId}, pkg::Base.PkgId, srcpath::String; stale_age::Int64)
    @ Base ./loading.jl:3698
 [15] maybe_cachefile_lock
    @ ./loading.jl:3695 [inlined]
 [16] _require(pkg::Base.PkgId, env::String)
    @ Base ./loading.jl:2565
 [17] __require_prelocked(uuidkey::Base.PkgId, env::String)
    @ Base ./loading.jl:2388
 [18] #invoke_in_world#3
    @ ./essentials.jl:1089 [inlined]
 [19] invoke_in_world
    @ ./essentials.jl:1086 [inlined]
 [20] _require_prelocked(uuidkey::Base.PkgId, env::String)
    @ Base ./loading.jl:2375
 [21] macro expansion
    @ ./loading.jl:2314 [inlined]
 [22] macro expansion
    @ ./lock.jl:273 [inlined]
 [23] __require(into::Module, mod::Symbol)
    @ Base ./loading.jl:2271
 [24] #invoke_in_world#3
    @ ./essentials.jl:1089 [inlined]
 [25] invoke_in_world
    @ ./essentials.jl:1086 [inlined]
 [26] require(into::Module, mod::Symbol)
    @ Base ./loading.jl:2260
Command exited with non-zero status 1
	Command being timed: "nice -n -10 julia +1.11.7 --project=D/Distributions/Normal-Distribution -e using Pkg; Pkg.instantiate()"
	User time (seconds): 1.77
	System time (seconds): 0.13
	Percent of CPU this job got: 134%
	Elapsed (wall clock) time (h:mm:ss or m:ss): 0:01.42
	Average shared text size (kbytes): 0
	Average unshared data size (kbytes): 0
	Average stack size (kbytes): 0
	Average total size (kbytes): 0
	Maximum resident set size (kbytes): 389588
	Average resident set size (kbytes): 0
	Major (requiring I/O) page faults: 0
	Minor (reclaiming a frame) page faults: 54725
	Voluntary context switches: 43
	Involuntary context switches: 36
	Swaps: 0
	File system inputs: 0
	File system outputs: 8
	Socket messages sent: 0
	Socket messages received: 0
	Signals delivered: 0
	Page size (bytes): 4096
	Exit status: 1
