nice: cannot set niceness: Permission denied
Precompiling packages...
    419.6 ms  ✓ Reexport
    461.5 ms  ✓ StatsAPI
    621.9 ms  ✓ OpenLibm_jll
    835.6 ms  ✓ SuiteSparse_jll
    593.8 ms  ✓ DocStringExtensions
    657.0 ms  ✓ Serialization
   1112.3 ms  ✓ FillArrays
    673.7 ms  ✓ OrderedCollections
    486.8 ms  ✓ DataAPI
    444.5 ms  ✓ PtrArrays
    602.7 ms  ✓ Statistics
    460.9 ms  ✓ Unicode
    493.6 ms  ✓ Missings
    481.0 ms  ✓ AliasTables
   1350.4 ms  ✓ IrrationalConstants
    524.4 ms  ✓ FillArrays → FillArraysStatisticsExt
    592.1 ms  ✓ LogExpFunctions
   1685.0 ms  ✓ DataStructures
    456.1 ms  ✓ SortingAlgorithms
    781.7 ms  ✓ QuadGK
   1812.1 ms  ✓ Preferences
    610.4 ms  ✓ JLLWrappers
   3748.4 ms  ✓ SparseArrays
    756.1 ms  ✓ OpenSpecFun_jll
    757.5 ms  ✓ Rmath_jll
    587.9 ms  ✓ SuiteSparse
    622.0 ms  ✓ Statistics → SparseArraysExt
    690.1 ms  ✓ FillArrays → FillArraysSparseArraysExt
    734.2 ms  ✓ Rmath
    737.2 ms  ✓ PDMats
    545.5 ms  ✓ FillArrays → FillArraysPDMatsExt
   2143.5 ms  ✓ SpecialFunctions
   2028.2 ms  ✓ StatsBase
    533.7 ms  ✓ PDMats → StatsBaseExt
    873.5 ms  ✓ HypergeometricFunctions
   1283.9 ms  ✓ StatsFuns
   3741.5 ms  ✓ Distributions
  37 dependencies successfully precompiled in 13 seconds. 3 already precompiled.
	Command being timed: "nice -n -10 timeout -k120 -v 3600 julia +alpha --project=D/Distributions/Normal-Distribution -e using Pkg; @time @eval Pkg.precompile()"
	User time (seconds): 166.16
	System time (seconds): 10.36
	Percent of CPU this job got: 141%
	Elapsed (wall clock) time (h:mm:ss or m:ss): 2:04.51
	Average shared text size (kbytes): 0
	Average unshared data size (kbytes): 0
	Average stack size (kbytes): 0
	Average total size (kbytes): 0
	Maximum resident set size (kbytes): 2574812
	Average resident set size (kbytes): 0
	Major (requiring I/O) page faults: 307
	Minor (reclaiming a frame) page faults: 4018200
	Voluntary context switches: 11047
	Involuntary context switches: 2215
	Swaps: 0
	File system inputs: 0
	File system outputs: 442320
	Socket messages sent: 0
	Socket messages received: 0
	Signals delivered: 0
	Page size (bytes): 4096
	Exit status: 0
