nice: cannot set niceness: Permission denied
Precompiling packages...
  75081.3 ms  ✓ Pkg (serial)
  1 dependency successfully precompiled in 75 seconds
Precompiling packages...
   2038.9 ms  ✓ OpenLibm_jll
   2133.0 ms  ✓ PtrArrays
   2131.0 ms  ✓ StatsAPI
   2136.3 ms  ✓ DataAPI
   2140.3 ms  ✓ Reexport
   2234.5 ms  ✓ Unicode
   2213.9 ms  ✓ SuiteSparse_jll
   2233.1 ms  ✓ CompilerSupportLibraries_jll
   2441.2 ms  ✓ Statistics
   2504.5 ms  ✓ DocStringExtensions
   2636.3 ms  ✓ Serialization
   2954.9 ms  ✓ FillArrays
    916.5 ms  ✓ AliasTables
   1101.4 ms  ✓ Preferences
    584.8 ms  ✓ FillArrays → FillArraysStatisticsExt
    591.2 ms  ✓ JLLWrappers
   3966.3 ms  ✓ OrderedCollections
   2318.0 ms  ✓ Missings
    790.7 ms  ✓ OpenSpecFun_jll
    803.6 ms  ✓ Rmath_jll
   4827.5 ms  ✓ IrrationalConstants
    628.6 ms  ✓ Rmath
    555.1 ms  ✓ LogExpFunctions
   1702.4 ms  ✓ DataStructures
    482.2 ms  ✓ SortingAlgorithms
   1635.1 ms  ✓ QuadGK
   4827.3 ms  ✓ SparseArrays
   2264.0 ms  ✓ SpecialFunctions
    469.3 ms  ✓ SuiteSparse
    513.0 ms  ✓ Statistics → SparseArraysExt
    559.2 ms  ✓ FillArrays → FillArraysSparseArraysExt
    951.2 ms  ✓ HypergeometricFunctions
    701.8 ms  ✓ PDMats
    503.9 ms  ✓ FillArrays → FillArraysPDMatsExt
   2657.1 ms  ✓ StatsBase
   2131.3 ms  ✓ StatsFuns
    503.8 ms  ✓ PDMats → StatsBaseExt
   3709.0 ms  ✓ Distributions
  38 dependencies successfully precompiled in 15 seconds. 3 already precompiled.
	Command being timed: "nice -n -10 timeout -k120 -v 3600 julia +1.12.6 --project=D/Distributions/Normal-Distribution -e using Pkg; @time @eval Pkg.precompile()"
	User time (seconds): 162.52
	System time (seconds): 10.52
	Percent of CPU this job got: 190%
	Elapsed (wall clock) time (h:mm:ss or m:ss): 1:30.88
	Average shared text size (kbytes): 0
	Average unshared data size (kbytes): 0
	Average stack size (kbytes): 0
	Average total size (kbytes): 0
	Maximum resident set size (kbytes): 2149684
	Average resident set size (kbytes): 0
	Major (requiring I/O) page faults: 238
	Minor (reclaiming a frame) page faults: 3403714
	Voluntary context switches: 11100
	Involuntary context switches: 5069
	Swaps: 0
	File system inputs: 0
	File system outputs: 427568
	Socket messages sent: 0
	Socket messages received: 0
	Signals delivered: 0
	Page size (bytes): 4096
	Exit status: 0
