nice: cannot set niceness: Permission denied
Precompiling packages...
  72961.2 ms  ✓ Pkg (serial)
  1 dependency successfully precompiled in 73 seconds
Precompiling packages...
   1898.2 ms  ✓ StatsAPI
   1900.4 ms  ✓ PtrArrays
   2004.4 ms  ✓ OpenLibm_jll
   2092.0 ms  ✓ Reexport
   2198.9 ms  ✓ DataAPI
   2203.9 ms  ✓ Unicode
   2223.1 ms  ✓ CompilerSupportLibraries_jll
   2281.3 ms  ✓ SuiteSparse_jll
   2408.9 ms  ✓ Statistics
   2600.2 ms  ✓ Serialization
   2567.6 ms  ✓ DocStringExtensions
   2936.4 ms  ✓ FillArrays
   1046.7 ms  ✓ AliasTables
   1052.6 ms  ✓ Preferences
    596.9 ms  ✓ FillArrays → FillArraysStatisticsExt
    634.4 ms  ✓ JLLWrappers
   4013.6 ms  ✓ OrderedCollections
   2104.4 ms  ✓ Missings
   4617.8 ms  ✓ IrrationalConstants
    762.4 ms  ✓ Rmath_jll
    802.5 ms  ✓ OpenSpecFun_jll
    526.0 ms  ✓ LogExpFunctions
    631.5 ms  ✓ Rmath
   1688.4 ms  ✓ DataStructures
    443.3 ms  ✓ SortingAlgorithms
   2012.3 ms  ✓ SpecialFunctions
   4688.3 ms  ✓ SparseArrays
   1705.2 ms  ✓ QuadGK
    461.6 ms  ✓ SuiteSparse
    497.8 ms  ✓ Statistics → SparseArraysExt
    544.2 ms  ✓ FillArrays → FillArraysSparseArraysExt
    869.8 ms  ✓ HypergeometricFunctions
    696.8 ms  ✓ PDMats
    489.2 ms  ✓ FillArrays → FillArraysPDMatsExt
   2022.5 ms  ✓ StatsFuns
   2569.3 ms  ✓ StatsBase
    498.7 ms  ✓ PDMats → StatsBaseExt
   3589.7 ms  ✓ Distributions
  38 dependencies successfully precompiled in 14 seconds. 3 already precompiled.
	Command being timed: "nice -n -10 timeout -k120 -v 3600 julia +release --project=D/Distributions/Normal-Distribution -e using Pkg; @time @eval Pkg.precompile()"
	User time (seconds): 156.77
	System time (seconds): 10.55
	Percent of CPU this job got: 189%
	Elapsed (wall clock) time (h:mm:ss or m:ss): 1:28.11
	Average shared text size (kbytes): 0
	Average unshared data size (kbytes): 0
	Average stack size (kbytes): 0
	Average total size (kbytes): 0
	Maximum resident set size (kbytes): 2099444
	Average resident set size (kbytes): 0
	Major (requiring I/O) page faults: 206
	Minor (reclaiming a frame) page faults: 3346047
	Voluntary context switches: 10589
	Involuntary context switches: 4832
	Swaps: 0
	File system inputs: 0
	File system outputs: 419664
	Socket messages sent: 0
	Socket messages received: 0
	Signals delivered: 0
	Page size (bytes): 4096
	Exit status: 0
