nice: cannot set niceness: Permission denied
Precompiling packages...
  73888.7 ms  ✓ Pkg (serial)
  1 dependency successfully precompiled in 74 seconds
Precompiling packages...
   1754.4 ms  ✓ PtrArrays
   2167.1 ms  ✓ DataAPI
   2173.0 ms  ✓ OpenLibm_jll
   2238.2 ms  ✓ Reexport
   2252.8 ms  ✓ StatsAPI
   2213.6 ms  ✓ SuiteSparse_jll
   2277.4 ms  ✓ Unicode
   2344.9 ms  ✓ CompilerSupportLibraries_jll
   2554.7 ms  ✓ Statistics
   2536.7 ms  ✓ DocStringExtensions
   2636.4 ms  ✓ Serialization
   1214.2 ms  ✓ AliasTables
   3075.9 ms  ✓ FillArrays
   1126.4 ms  ✓ Preferences
    584.9 ms  ✓ FillArrays → FillArraysStatisticsExt
    609.0 ms  ✓ JLLWrappers
   4025.0 ms  ✓ OrderedCollections
   2282.2 ms  ✓ Missings
   4788.5 ms  ✓ IrrationalConstants
    787.8 ms  ✓ OpenSpecFun_jll
    789.2 ms  ✓ Rmath_jll
    533.8 ms  ✓ LogExpFunctions
    605.8 ms  ✓ Rmath
   1679.4 ms  ✓ DataStructures
    437.0 ms  ✓ SortingAlgorithms
   1614.0 ms  ✓ QuadGK
   4750.8 ms  ✓ SparseArrays
   2111.2 ms  ✓ SpecialFunctions
    460.9 ms  ✓ SuiteSparse
    501.4 ms  ✓ Statistics → SparseArraysExt
    557.2 ms  ✓ FillArrays → FillArraysSparseArraysExt
    827.8 ms  ✓ HypergeometricFunctions
    704.1 ms  ✓ PDMats
    491.7 ms  ✓ FillArrays → FillArraysPDMatsExt
   2037.9 ms  ✓ StatsFuns
   2631.3 ms  ✓ StatsBase
    492.4 ms  ✓ PDMats → StatsBaseExt
   3584.7 ms  ✓ Distributions
  38 dependencies successfully precompiled in 15 seconds. 3 already precompiled.
	Command being timed: "nice -n -10 timeout -k120 -v 3600 julia +1.12.5 --project=D/Distributions/Normal-Distribution -e using Pkg; @time @eval Pkg.precompile()"
	User time (seconds): 158.21
	System time (seconds): 10.82
	Percent of CPU this job got: 189%
	Elapsed (wall clock) time (h:mm:ss or m:ss): 1:29.23
	Average shared text size (kbytes): 0
	Average unshared data size (kbytes): 0
	Average stack size (kbytes): 0
	Average total size (kbytes): 0
	Maximum resident set size (kbytes): 2152740
	Average resident set size (kbytes): 0
	Major (requiring I/O) page faults: 321
	Minor (reclaiming a frame) page faults: 3367791
	Voluntary context switches: 10616
	Involuntary context switches: 5320
	Swaps: 0
	File system inputs: 0
	File system outputs: 421168
	Socket messages sent: 0
	Socket messages received: 0
	Signals delivered: 0
	Page size (bytes): 4096
	Exit status: 0
