nice: cannot set niceness: Permission denied
Precompiling packages...
    436.1 ms  ✓ Reexport
    469.1 ms  ✓ StatsAPI
    770.3 ms  ✓ OpenLibm_jll
    859.2 ms  ✓ SuiteSparse_jll
    633.9 ms  ✓ DocStringExtensions
   1102.3 ms  ✓ FillArrays
    710.1 ms  ✓ Serialization
    484.1 ms  ✓ PtrArrays
    675.6 ms  ✓ OrderedCollections
    499.2 ms  ✓ DataAPI
    628.1 ms  ✓ Statistics
    493.9 ms  ✓ Unicode
    505.2 ms  ✓ AliasTables
    516.8 ms  ✓ Missings
   1323.1 ms  ✓ IrrationalConstants
    542.7 ms  ✓ FillArrays → FillArraysStatisticsExt
    572.4 ms  ✓ LogExpFunctions
   1621.5 ms  ✓ DataStructures
    467.4 ms  ✓ SortingAlgorithms
    803.2 ms  ✓ QuadGK
   1930.5 ms  ✓ Preferences
    474.7 ms  ✓ JLLWrappers
    548.3 ms  ✓ Rmath_jll
    560.3 ms  ✓ OpenSpecFun_jll
   3713.8 ms  ✓ SparseArrays
    591.8 ms  ✓ SuiteSparse
    591.0 ms  ✓ Statistics → SparseArraysExt
    691.5 ms  ✓ FillArrays → FillArraysSparseArraysExt
    758.4 ms  ✓ Rmath
    714.9 ms  ✓ PDMats
    536.1 ms  ✓ FillArrays → FillArraysPDMatsExt
   2105.0 ms  ✓ SpecialFunctions
   1971.3 ms  ✓ StatsBase
    808.6 ms  ✓ HypergeometricFunctions
    549.4 ms  ✓ PDMats → StatsBaseExt
   1313.5 ms  ✓ StatsFuns
   3558.5 ms  ✓ Distributions
  37 dependencies successfully precompiled in 13 seconds. 3 already precompiled.
	Command being timed: "nice -n -10 timeout -k120 -v 3600 julia +nightly --project=D/Distributions/Normal-Distribution -e using Pkg; @time @eval Pkg.precompile()"
	User time (seconds): 183.79
	System time (seconds): 10.61
	Percent of CPU this job got: 138%
	Elapsed (wall clock) time (h:mm:ss or m:ss): 2:20.08
	Average shared text size (kbytes): 0
	Average unshared data size (kbytes): 0
	Average stack size (kbytes): 0
	Average total size (kbytes): 0
	Maximum resident set size (kbytes): 2519844
	Average resident set size (kbytes): 0
	Major (requiring I/O) page faults: 297
	Minor (reclaiming a frame) page faults: 4123401
	Voluntary context switches: 11735
	Involuntary context switches: 2128
	Swaps: 0
	File system inputs: 0
	File system outputs: 450488
	Socket messages sent: 0
	Socket messages received: 0
	Signals delivered: 0
	Page size (bytes): 4096
	Exit status: 0
