nice: cannot set niceness: Permission denied
Precompiling packages...
    434.0 ms  ✓ Reexport
    469.5 ms  ✓ StatsAPI
    721.8 ms  ✓ OpenLibm_jll
    768.1 ms  ✓ SuiteSparse_jll
   1093.0 ms  ✓ FillArrays
    624.3 ms  ✓ DocStringExtensions
    704.4 ms  ✓ Serialization
    456.0 ms  ✓ PtrArrays
    700.8 ms  ✓ OrderedCollections
    490.1 ms  ✓ DataAPI
    508.0 ms  ✓ Unicode
    631.1 ms  ✓ Statistics
    495.6 ms  ✓ AliasTables
    526.6 ms  ✓ Missings
   1291.4 ms  ✓ IrrationalConstants
    514.7 ms  ✓ FillArrays → FillArraysStatisticsExt
    589.4 ms  ✓ LogExpFunctions
   1675.8 ms  ✓ DataStructures
   1639.4 ms  ✓ Preferences
    465.8 ms  ✓ SortingAlgorithms
    774.7 ms  ✓ QuadGK
    490.1 ms  ✓ JLLWrappers
    559.1 ms  ✓ Rmath_jll
    567.3 ms  ✓ OpenSpecFun_jll
   3642.5 ms  ✓ SparseArrays
    713.9 ms  ✓ Rmath
    526.5 ms  ✓ SuiteSparse
    571.9 ms  ✓ Statistics → SparseArraysExt
    641.8 ms  ✓ FillArrays → FillArraysSparseArraysExt
    713.7 ms  ✓ PDMats
    529.8 ms  ✓ FillArrays → FillArraysPDMatsExt
   2108.1 ms  ✓ SpecialFunctions
   1901.4 ms  ✓ StatsBase
    840.9 ms  ✓ HypergeometricFunctions
    534.6 ms  ✓ PDMats → StatsBaseExt
   1305.4 ms  ✓ StatsFuns
   3612.8 ms  ✓ Distributions
  37 dependencies successfully precompiled in 13 seconds. 3 already precompiled.
	Command being timed: "nice -n -10 timeout -k120 -v 3600 julia +nightly --project=D/Distributions/Normal-Distribution -e using Pkg; @time @eval Pkg.precompile()"
	User time (seconds): 157.35
	System time (seconds): 9.89
	Percent of CPU this job got: 142%
	Elapsed (wall clock) time (h:mm:ss or m:ss): 1:57.00
	Average shared text size (kbytes): 0
	Average unshared data size (kbytes): 0
	Average stack size (kbytes): 0
	Average total size (kbytes): 0
	Maximum resident set size (kbytes): 2250472
	Average resident set size (kbytes): 0
	Major (requiring I/O) page faults: 196
	Minor (reclaiming a frame) page faults: 3829967
	Voluntary context switches: 11354
	Involuntary context switches: 1980
	Swaps: 0
	File system inputs: 0
	File system outputs: 444008
	Socket messages sent: 0
	Socket messages received: 0
	Signals delivered: 0
	Page size (bytes): 4096
	Exit status: 0
