nice: cannot set niceness: Permission denied
Precompiling packages...
  75056.7 ms  ✓ Pkg (serial)
  1 dependency successfully precompiled in 75 seconds
Precompiling packages...
   2395.2 ms  ✓ CommonSolve
   2427.0 ms  ✓ Reexport
   2517.7 ms  ✓ OpenLibm_jll
   2532.2 ms  ✓ Unicode
   2692.7 ms  ✓ StatsAPI
   2786.1 ms  ✓ DataAPI
   2828.9 ms  ✓ InverseFunctions
   3123.5 ms  ✓ CompilerSupportLibraries_jll
   3221.4 ms  ✓ Statistics
   3126.2 ms  ✓ SuiteSparse_jll
   3609.2 ms  ✓ DocStringExtensions
   3721.5 ms  ✓ Serialization
   4316.8 ms  ✓ FillArrays
   2012.7 ms  ✓ CompositionsBase
   2000.8 ms  ✓ PtrArrays
   2092.1 ms  ✓ InverseFunctions → InverseFunctionsDatesExt
   2586.2 ms  ✓ Gamma
   2787.6 ms  ✓ Preferences
   1418.6 ms  ✓ FillArrays → FillArraysStatisticsExt
   1411.3 ms  ✓ CompositionsBase → CompositionsBaseInverseFunctionsExt
   1404.6 ms  ✓ AliasTables
   1213.8 ms  ✓ JLLWrappers
   6731.8 ms  ✓ ConstructionBase
   6938.9 ms  ✓ OrderedCollections
   2331.6 ms  ✓ HypergeometricFunctions
   4905.6 ms  ✓ Missings
   1098.8 ms  ✓ ConstructionBase → ConstructionBaseLinearAlgebraExt
   1283.8 ms  ✓ Rmath_jll
   8044.8 ms  ✓ IrrationalConstants
   1408.1 ms  ✓ OpenSpecFun_jll
    649.8 ms  ✓ LogExpFunctions
    741.0 ms  ✓ Rmath
    647.9 ms  ✓ LogExpFunctions → LogExpFunctionsInverseFunctionsExt
   6975.2 ms  ✓ MacroTools
   2466.9 ms  ✓ DataStructures
    515.5 ms  ✓ SortingAlgorithms
   7362.9 ms  ✓ SparseArrays
   1791.3 ms  ✓ QuadGK
   2655.4 ms  ✓ SpecialFunctions
    553.9 ms  ✓ SuiteSparse
    613.7 ms  ✓ Statistics → SparseArraysExt
    642.8 ms  ✓ FillArrays → FillArraysSparseArraysExt
   2781.2 ms  ✓ Accessors
    840.8 ms  ✓ PDMats
    457.2 ms  ✓ Accessors → LinearAlgebraExt
    500.4 ms  ✓ FillArrays → FillArraysPDMatsExt
   1963.0 ms  ✓ StatsFuns
    406.9 ms  ✓ StatsFuns → StatsFunsInverseFunctionsExt
   2880.9 ms  ✓ StatsBase
    523.5 ms  ✓ PDMats → StatsBaseExt
   2945.7 ms  ✓ Roots
   3741.2 ms  ✓ Distributions
  52 dependencies successfully precompiled in 19 seconds. 3 already precompiled.
	Command being timed: "nice -n -10 timeout -k120 -v 3600 julia +1.12.6 --project=D/Distributions/Normal-Distribution -e using Pkg; @time @eval Pkg.precompile()"
	User time (seconds): 182.86
	System time (seconds): 13.20
	Percent of CPU this job got: 205%
	Elapsed (wall clock) time (h:mm:ss or m:ss): 1:35.41
	Average shared text size (kbytes): 0
	Average unshared data size (kbytes): 0
	Average stack size (kbytes): 0
	Average total size (kbytes): 0
	Maximum resident set size (kbytes): 2150600
	Average resident set size (kbytes): 0
	Major (requiring I/O) page faults: 268
	Minor (reclaiming a frame) page faults: 3981967
	Voluntary context switches: 13340
	Involuntary context switches: 9860
	Swaps: 0
	File system inputs: 0
	File system outputs: 455272
	Socket messages sent: 0
	Socket messages received: 0
	Signals delivered: 0
	Page size (bytes): 4096
	Exit status: 0
