nice: cannot set niceness: Permission denied
Precompiling packages...
  75260.5 ms  ✓ Pkg (serial)
  1 dependency successfully precompiled in 75 seconds
Precompiling packages...
   2495.1 ms  ✓ Reexport
   2583.1 ms  ✓ OpenLibm_jll
   2597.3 ms  ✓ Unicode
   2695.5 ms  ✓ CommonSolve
   2852.0 ms  ✓ DataAPI
   2979.9 ms  ✓ InverseFunctions
   2926.8 ms  ✓ StatsAPI
   3111.5 ms  ✓ CompilerSupportLibraries_jll
   3306.5 ms  ✓ SuiteSparse_jll
   3489.2 ms  ✓ DocStringExtensions
   3503.8 ms  ✓ Statistics
   3791.0 ms  ✓ Serialization
   2003.7 ms  ✓ CompositionsBase
   1799.7 ms  ✓ PtrArrays
   4596.6 ms  ✓ FillArrays
   1953.9 ms  ✓ InverseFunctions → InverseFunctionsDatesExt
   2611.2 ms  ✓ Gamma
   2613.6 ms  ✓ Preferences
   1499.4 ms  ✓ CompositionsBase → CompositionsBaseInverseFunctionsExt
   1417.5 ms  ✓ FillArrays → FillArraysStatisticsExt
   1618.0 ms  ✓ AliasTables
   6689.2 ms  ✓ OrderedCollections
   1215.9 ms  ✓ JLLWrappers
   6911.2 ms  ✓ ConstructionBase
   4640.1 ms  ✓ Missings
   2587.5 ms  ✓ HypergeometricFunctions
    897.2 ms  ✓ ConstructionBase → ConstructionBaseLinearAlgebraExt
   1301.2 ms  ✓ Rmath_jll
   1365.8 ms  ✓ OpenSpecFun_jll
   8191.5 ms  ✓ IrrationalConstants
    736.1 ms  ✓ Rmath
    606.7 ms  ✓ LogExpFunctions
   2369.2 ms  ✓ DataStructures
    559.8 ms  ✓ LogExpFunctions → LogExpFunctionsInverseFunctionsExt
   7062.3 ms  ✓ MacroTools
    810.9 ms  ✓ SortingAlgorithms
   2089.7 ms  ✓ QuadGK
   7409.9 ms  ✓ SparseArrays
   2709.0 ms  ✓ SpecialFunctions
    537.4 ms  ✓ SuiteSparse
    586.0 ms  ✓ Statistics → SparseArraysExt
    630.0 ms  ✓ FillArrays → FillArraysSparseArraysExt
   2811.6 ms  ✓ Accessors
    815.9 ms  ✓ PDMats
    433.8 ms  ✓ Accessors → LinearAlgebraExt
    538.5 ms  ✓ FillArrays → FillArraysPDMatsExt
   1905.8 ms  ✓ StatsFuns
    395.2 ms  ✓ StatsFuns → StatsFunsInverseFunctionsExt
   2875.5 ms  ✓ StatsBase
    522.6 ms  ✓ PDMats → StatsBaseExt
   2950.4 ms  ✓ Roots
   3753.5 ms  ✓ Distributions
  52 dependencies successfully precompiled in 20 seconds. 3 already precompiled.
	Command being timed: "nice -n -10 timeout -k120 -v 3600 julia +1.12.6 --project=D/Distributions/Normal-Distribution -e using Pkg; @time @eval Pkg.precompile()"
	User time (seconds): 183.52
	System time (seconds): 13.42
	Percent of CPU this job got: 205%
	Elapsed (wall clock) time (h:mm:ss or m:ss): 1:35.93
	Average shared text size (kbytes): 0
	Average unshared data size (kbytes): 0
	Average stack size (kbytes): 0
	Average total size (kbytes): 0
	Maximum resident set size (kbytes): 2154504
	Average resident set size (kbytes): 0
	Major (requiring I/O) page faults: 237
	Minor (reclaiming a frame) page faults: 3990927
	Voluntary context switches: 12822
	Involuntary context switches: 7178
	Swaps: 0
	File system inputs: 0
	File system outputs: 456928
	Socket messages sent: 0
	Socket messages received: 0
	Signals delivered: 0
	Page size (bytes): 4096
	Exit status: 0
