nice: cannot set niceness: Permission denied
Precompiling packages...
   1303.6 ms  ✓ OpenLibm_jll
   1310.3 ms  ✓ PtrArrays
   1314.8 ms  ✓ Reexport
   1411.1 ms  ✓ StatsAPI
   1411.1 ms  ✓ SuiteSparse_jll
   1416.3 ms  ✓ CompilerSupportLibraries_jll
   1430.8 ms  ✓ DataAPI
   1591.1 ms  ✓ DocStringExtensions
   1702.2 ms  ✓ OrderedCollections
   1805.1 ms  ✓ Preferences
    711.0 ms  ✓ AliasTables
    669.0 ms  ✓ Missings
   2248.3 ms  ✓ FillArrays
   2275.7 ms  ✓ IrrationalConstants
    493.9 ms  ✓ JLLWrappers
    402.0 ms  ✓ Rmath_jll
    403.0 ms  ✓ OpenSpecFun_jll
    519.1 ms  ✓ LogExpFunctions
   1447.5 ms  ✓ DataStructures
    489.9 ms  ✓ Rmath
    347.4 ms  ✓ SortingAlgorithms
    610.9 ms  ✓ QuadGK
   2776.9 ms  ✓ SparseArrays
   1689.7 ms  ✓ SpecialFunctions
    367.4 ms  ✓ SuiteSparse
    447.0 ms  ✓ FillArrays → FillArraysSparseArraysExt
    514.8 ms  ✓ Statistics
    566.5 ms  ✓ PDMats
    428.0 ms  ✓ FillArrays → FillArraysStatisticsExt
    674.7 ms  ✓ HypergeometricFunctions
    408.9 ms  ✓ FillArrays → FillArraysPDMatsExt
   1392.1 ms  ✓ StatsBase
    985.9 ms  ✓ StatsFuns
    403.7 ms  ✓ PDMats → StatsBaseExt
   2989.1 ms  ✓ Distributions
  35 dependencies successfully precompiled in 10 seconds
	Command being timed: "nice -n -10 timeout -k120 -v 3600 julia +lts --project=D/Distributions/Normal-Distribution -e using Pkg; @time @eval Pkg.precompile()"
	User time (seconds): 23.58
	System time (seconds): 4.96
	Percent of CPU this job got: 258%
	Elapsed (wall clock) time (h:mm:ss or m:ss): 0:11.04
	Average shared text size (kbytes): 0
	Average unshared data size (kbytes): 0
	Average stack size (kbytes): 0
	Average total size (kbytes): 0
	Maximum resident set size (kbytes): 355700
	Average resident set size (kbytes): 0
	Major (requiring I/O) page faults: 73
	Minor (reclaiming a frame) page faults: 1412824
	Voluntary context switches: 46860
	Involuntary context switches: 1335
	Swaps: 0
	File system inputs: 0
	File system outputs: 109960
	Socket messages sent: 0
	Socket messages received: 0
	Signals delivered: 0
	Page size (bytes): 4096
	Exit status: 0
