nice: cannot set niceness: Permission denied
Precompiling packages...
  73737.9 ms  ✓ Pkg (serial)
  1 dependency successfully precompiled in 74 seconds
Precompiling packages...
   2008.5 ms  ✓ OpenLibm_jll
   2018.9 ms  ✓ Reexport
   2101.7 ms  ✓ StatsAPI
   2109.4 ms  ✓ DataAPI
   2110.1 ms  ✓ PtrArrays
   2212.7 ms  ✓ Unicode
   2320.1 ms  ✓ CompilerSupportLibraries_jll
   2425.8 ms  ✓ Statistics
   2396.5 ms  ✓ SuiteSparse_jll
   2513.7 ms  ✓ DocStringExtensions
   2623.1 ms  ✓ Serialization
   3014.5 ms  ✓ FillArrays
   1006.3 ms  ✓ AliasTables
   1234.0 ms  ✓ Preferences
    627.7 ms  ✓ FillArrays → FillArraysStatisticsExt
    583.1 ms  ✓ JLLWrappers
   4140.1 ms  ✓ OrderedCollections
   2489.3 ms  ✓ Missings
    813.3 ms  ✓ Rmath_jll
    818.6 ms  ✓ OpenSpecFun_jll
   4915.0 ms  ✓ IrrationalConstants
    516.9 ms  ✓ LogExpFunctions
    628.7 ms  ✓ Rmath
   1684.6 ms  ✓ DataStructures
    440.8 ms  ✓ SortingAlgorithms
   1621.2 ms  ✓ QuadGK
   2065.9 ms  ✓ SpecialFunctions
   4911.5 ms  ✓ SparseArrays
    456.2 ms  ✓ SuiteSparse
    511.0 ms  ✓ Statistics → SparseArraysExt
    533.0 ms  ✓ FillArrays → FillArraysSparseArraysExt
    840.8 ms  ✓ HypergeometricFunctions
    679.5 ms  ✓ PDMats
    475.8 ms  ✓ FillArrays → FillArraysPDMatsExt
   2032.2 ms  ✓ StatsFuns
   2640.4 ms  ✓ StatsBase
    493.5 ms  ✓ PDMats → StatsBaseExt
   3637.0 ms  ✓ Distributions
  38 dependencies successfully precompiled in 15 seconds. 3 already precompiled.
	Command being timed: "nice -n -10 timeout -k120 -v 3600 julia +release --project=D/Distributions/Normal-Distribution -e using Pkg; @time @eval Pkg.precompile()"
	User time (seconds): 158.58
	System time (seconds): 10.57
	Percent of CPU this job got: 189%
	Elapsed (wall clock) time (h:mm:ss or m:ss): 1:29.31
	Average shared text size (kbytes): 0
	Average unshared data size (kbytes): 0
	Average stack size (kbytes): 0
	Average total size (kbytes): 0
	Maximum resident set size (kbytes): 2145272
	Average resident set size (kbytes): 0
	Major (requiring I/O) page faults: 342
	Minor (reclaiming a frame) page faults: 3374215
	Voluntary context switches: 11277
	Involuntary context switches: 6478
	Swaps: 0
	File system inputs: 224
	File system outputs: 422440
	Socket messages sent: 0
	Socket messages received: 0
	Signals delivered: 0
	Page size (bytes): 4096
	Exit status: 0
