nice: cannot set niceness: Permission denied
Precompiling packages...
    435.1 ms  ✓ Reexport
    471.6 ms  ✓ StatsAPI
    758.7 ms  ✓ OpenLibm_jll
    992.6 ms  ✓ SuiteSparse_jll
   1111.3 ms  ✓ FillArrays
    653.9 ms  ✓ DocStringExtensions
    719.1 ms  ✓ Serialization
    486.9 ms  ✓ PtrArrays
    474.1 ms  ✓ DataAPI
    686.1 ms  ✓ OrderedCollections
    494.5 ms  ✓ Unicode
    623.9 ms  ✓ Statistics
    499.7 ms  ✓ AliasTables
    516.2 ms  ✓ Missings
   1356.5 ms  ✓ IrrationalConstants
    536.2 ms  ✓ FillArrays → FillArraysStatisticsExt
    598.9 ms  ✓ LogExpFunctions
   1684.3 ms  ✓ DataStructures
    468.9 ms  ✓ SortingAlgorithms
   1986.0 ms  ✓ Preferences
    782.7 ms  ✓ QuadGK
    462.2 ms  ✓ JLLWrappers
    561.1 ms  ✓ Rmath_jll
    587.8 ms  ✓ OpenSpecFun_jll
   3747.2 ms  ✓ SparseArrays
    565.9 ms  ✓ SuiteSparse
    590.4 ms  ✓ Statistics → SparseArraysExt
    756.0 ms  ✓ Rmath
    670.2 ms  ✓ FillArrays → FillArraysSparseArraysExt
    717.0 ms  ✓ PDMats
    533.3 ms  ✓ FillArrays → FillArraysPDMatsExt
   2124.3 ms  ✓ SpecialFunctions
   1959.5 ms  ✓ StatsBase
    830.8 ms  ✓ HypergeometricFunctions
    546.5 ms  ✓ PDMats → StatsBaseExt
   1321.2 ms  ✓ StatsFuns
   3600.7 ms  ✓ Distributions
  37 dependencies successfully precompiled in 13 seconds. 3 already precompiled.
	Command being timed: "nice -n -10 timeout -k120 -v 3600 julia +nightly --project=D/Distributions/Normal-Distribution -e using Pkg; @time @eval Pkg.precompile()"
	User time (seconds): 184.11
	System time (seconds): 10.96
	Percent of CPU this job got: 138%
	Elapsed (wall clock) time (h:mm:ss or m:ss): 2:20.36
	Average shared text size (kbytes): 0
	Average unshared data size (kbytes): 0
	Average stack size (kbytes): 0
	Average total size (kbytes): 0
	Maximum resident set size (kbytes): 2562124
	Average resident set size (kbytes): 0
	Major (requiring I/O) page faults: 211
	Minor (reclaiming a frame) page faults: 4112939
	Voluntary context switches: 11549
	Involuntary context switches: 2063
	Swaps: 0
	File system inputs: 0
	File system outputs: 450168
	Socket messages sent: 0
	Socket messages received: 0
	Signals delivered: 0
	Page size (bytes): 4096
	Exit status: 0
