nice: cannot set niceness: Permission denied
Precompiling packages...
   1291.3 ms  ✓ OpenLibm_jll
   1296.5 ms  ✓ DataAPI
   1301.7 ms  ✓ StatsAPI
   1299.3 ms  ✓ Reexport
   1394.4 ms  ✓ PtrArrays
   1407.6 ms  ✓ CompilerSupportLibraries_jll
   1486.3 ms  ✓ SuiteSparse_jll
   1607.5 ms  ✓ OrderedCollections
   1659.5 ms  ✓ DocStringExtensions
   1790.1 ms  ✓ Preferences
    700.0 ms  ✓ Missings
    670.6 ms  ✓ AliasTables
   2257.0 ms  ✓ FillArrays
   2280.8 ms  ✓ IrrationalConstants
    498.4 ms  ✓ JLLWrappers
    398.7 ms  ✓ Rmath_jll
    408.2 ms  ✓ OpenSpecFun_jll
    483.8 ms  ✓ LogExpFunctions
   1511.2 ms  ✓ DataStructures
    522.5 ms  ✓ Rmath
    346.1 ms  ✓ SortingAlgorithms
    630.6 ms  ✓ QuadGK
   2780.1 ms  ✓ SparseArrays
   1750.3 ms  ✓ SpecialFunctions
    357.2 ms  ✓ SuiteSparse
    446.9 ms  ✓ FillArrays → FillArraysSparseArraysExt
    503.2 ms  ✓ Statistics
    407.3 ms  ✓ FillArrays → FillArraysStatisticsExt
    570.8 ms  ✓ PDMats
    692.1 ms  ✓ HypergeometricFunctions
    405.8 ms  ✓ FillArrays → FillArraysPDMatsExt
   1371.2 ms  ✓ StatsBase
    986.9 ms  ✓ StatsFuns
    402.0 ms  ✓ PDMats → StatsBaseExt
   3061.1 ms  ✓ Distributions
  35 dependencies successfully precompiled in 10 seconds
	Command being timed: "nice -n -10 timeout -k120 -v 3600 julia +lts --project=D/Distributions/Normal-Distribution -e using Pkg; @time @eval Pkg.precompile()"
	User time (seconds): 23.44
	System time (seconds): 5.23
	Percent of CPU this job got: 258%
	Elapsed (wall clock) time (h:mm:ss or m:ss): 0:11.10
	Average shared text size (kbytes): 0
	Average unshared data size (kbytes): 0
	Average stack size (kbytes): 0
	Average total size (kbytes): 0
	Maximum resident set size (kbytes): 358548
	Average resident set size (kbytes): 0
	Major (requiring I/O) page faults: 89
	Minor (reclaiming a frame) page faults: 1414157
	Voluntary context switches: 46886
	Involuntary context switches: 1264
	Swaps: 0
	File system inputs: 0
	File system outputs: 106432
	Socket messages sent: 0
	Socket messages received: 0
	Signals delivered: 0
	Page size (bytes): 4096
	Exit status: 0
