nice: cannot set niceness: Permission denied
Precompiling packages...
   1307.1 ms  ✓ PtrArrays
   1310.0 ms  ✓ Reexport
   1405.0 ms  ✓ OpenLibm_jll
   1410.9 ms  ✓ StatsAPI
   1434.9 ms  ✓ DataAPI
   1502.0 ms  ✓ CompilerSupportLibraries_jll
   1524.1 ms  ✓ SuiteSparse_jll
   1703.7 ms  ✓ DocStringExtensions
   1723.9 ms  ✓ OrderedCollections
   1725.6 ms  ✓ Preferences
    717.2 ms  ✓ AliasTables
   2251.6 ms  ✓ FillArrays
    673.8 ms  ✓ Missings
   2263.9 ms  ✓ IrrationalConstants
    543.3 ms  ✓ JLLWrappers
    388.1 ms  ✓ Rmath_jll
    396.3 ms  ✓ OpenSpecFun_jll
    499.4 ms  ✓ LogExpFunctions
    494.8 ms  ✓ Rmath
   1491.5 ms  ✓ DataStructures
    339.4 ms  ✓ SortingAlgorithms
    607.4 ms  ✓ QuadGK
   2798.0 ms  ✓ SparseArrays
   1699.2 ms  ✓ SpecialFunctions
    355.5 ms  ✓ SuiteSparse
    432.6 ms  ✓ FillArrays → FillArraysSparseArraysExt
    493.5 ms  ✓ Statistics
    670.8 ms  ✓ HypergeometricFunctions
    426.1 ms  ✓ FillArrays → FillArraysStatisticsExt
    569.8 ms  ✓ PDMats
    407.5 ms  ✓ FillArrays → FillArraysPDMatsExt
    996.8 ms  ✓ StatsFuns
   1395.3 ms  ✓ StatsBase
    398.4 ms  ✓ PDMats → StatsBaseExt
   3074.7 ms  ✓ Distributions
  35 dependencies successfully precompiled in 10 seconds
	Command being timed: "nice -n -10 timeout -k120 -v 3600 julia +lts --project=D/Distributions/Normal-Distribution -e using Pkg; @time @eval Pkg.precompile()"
	User time (seconds): 23.41
	System time (seconds): 5.17
	Percent of CPU this job got: 256%
	Elapsed (wall clock) time (h:mm:ss or m:ss): 0:11.13
	Average shared text size (kbytes): 0
	Average unshared data size (kbytes): 0
	Average stack size (kbytes): 0
	Average total size (kbytes): 0
	Maximum resident set size (kbytes): 385712
	Average resident set size (kbytes): 0
	Major (requiring I/O) page faults: 86
	Minor (reclaiming a frame) page faults: 1419148
	Voluntary context switches: 47012
	Involuntary context switches: 1184
	Swaps: 0
	File system inputs: 0
	File system outputs: 105616
	Socket messages sent: 0
	Socket messages received: 0
	Signals delivered: 0
	Page size (bytes): 4096
	Exit status: 0
