nice: cannot set niceness: Permission denied
Precompiling packages...
   1971.3 ms  ✓ Reexport
   2060.5 ms  ✓ CommonSolve
   2069.1 ms  ✓ OpenLibm_jll
   2125.9 ms  ✓ CompositionsBase
   2147.4 ms  ✓ CompilerSupportLibraries_jll
   2153.1 ms  ✓ DataAPI
   2162.6 ms  ✓ StatsAPI
   2238.0 ms  ✓ SuiteSparse_jll
   2262.8 ms  ✓ InverseFunctions
   2266.8 ms  ✓ ConstructionBase
   2563.7 ms  ✓ DocStringExtensions
   2907.0 ms  ✓ OrderedCollections
   3194.4 ms  ✓ Gamma
   1290.1 ms  ✓ PtrArrays
   1205.3 ms  ✓ InverseFunctions → InverseFunctionsDatesExt
   1284.3 ms  ✓ ConstructionBase → ConstructionBaseLinearAlgebraExt
   3567.8 ms  ✓ FillArrays
   1508.3 ms  ✓ Missings
   1820.2 ms  ✓ Preferences
   1696.4 ms  ✓ CompositionsBase → CompositionsBaseInverseFunctionsExt
   3971.8 ms  ✓ IrrationalConstants
    902.6 ms  ✓ AliasTables
    580.3 ms  ✓ JLLWrappers
   1408.1 ms  ✓ HypergeometricFunctions
    876.7 ms  ✓ LogExpFunctions
   5056.6 ms  ✓ MacroTools
    727.0 ms  ✓ OpenSpecFun_jll
    730.0 ms  ✓ Rmath_jll
   2630.3 ms  ✓ DataStructures
    550.0 ms  ✓ LogExpFunctions → LogExpFunctionsInverseFunctionsExt
    506.1 ms  ✓ SortingAlgorithms
    714.1 ms  ✓ Rmath
    803.2 ms  ✓ QuadGK
   4308.5 ms  ✓ SparseArrays
   1662.8 ms  ✓ Accessors
    517.2 ms  ✓ SuiteSparse
    563.9 ms  ✓ FillArrays → FillArraysSparseArraysExt
    434.5 ms  ✓ Accessors → LinearAlgebraExt
    655.5 ms  ✓ Statistics
   2220.1 ms  ✓ SpecialFunctions
    507.7 ms  ✓ FillArrays → FillArraysStatisticsExt
    668.5 ms  ✓ PDMats
    435.2 ms  ✓ FillArrays → FillArraysPDMatsExt
    825.3 ms  ✓ StatsFuns
    333.6 ms  ✓ StatsFuns → StatsFunsInverseFunctionsExt
   1491.6 ms  ✓ StatsBase
    429.5 ms  ✓ PDMats → StatsBaseExt
   1987.8 ms  ✓ Roots
   3145.2 ms  ✓ Distributions
  49 dependencies successfully precompiled in 13 seconds
	Command being timed: "nice -n -10 timeout -k120 -v 3600 julia +lts --project=D/Distributions/Normal-Distribution -e using Pkg; @time @eval Pkg.precompile()"
	User time (seconds): 36.36
	System time (seconds): 7.78
	Percent of CPU this job got: 312%
	Elapsed (wall clock) time (h:mm:ss or m:ss): 0:14.13
	Average shared text size (kbytes): 0
	Average unshared data size (kbytes): 0
	Average stack size (kbytes): 0
	Average total size (kbytes): 0
	Maximum resident set size (kbytes): 363816
	Average resident set size (kbytes): 0
	Major (requiring I/O) page faults: 128
	Minor (reclaiming a frame) page faults: 1964563
	Voluntary context switches: 64173
	Involuntary context switches: 8084
	Swaps: 0
	File system inputs: 0
	File system outputs: 142968
	Socket messages sent: 0
	Socket messages received: 0
	Signals delivered: 0
	Page size (bytes): 4096
	Exit status: 0
