nice: cannot set niceness: Permission denied
Precompiling packages...
    431.7 ms  ✓ Reexport
    469.9 ms  ✓ StatsAPI
    649.8 ms  ✓ OpenLibm_jll
    858.1 ms  ✓ SuiteSparse_jll
   1076.3 ms  ✓ FillArrays
    612.8 ms  ✓ DocStringExtensions
    676.4 ms  ✓ Serialization
    467.5 ms  ✓ PtrArrays
    657.0 ms  ✓ OrderedCollections
    482.9 ms  ✓ DataAPI
    492.5 ms  ✓ Unicode
    595.0 ms  ✓ Statistics
    502.5 ms  ✓ AliasTables
    496.0 ms  ✓ Missings
   1334.0 ms  ✓ IrrationalConstants
    570.8 ms  ✓ FillArrays → FillArraysStatisticsExt
    594.1 ms  ✓ LogExpFunctions
   1660.4 ms  ✓ DataStructures
   1473.7 ms  ✓ Preferences
    460.4 ms  ✓ SortingAlgorithms
    458.2 ms  ✓ JLLWrappers
    783.1 ms  ✓ QuadGK
    524.1 ms  ✓ Rmath_jll
    533.7 ms  ✓ OpenSpecFun_jll
   3455.8 ms  ✓ SparseArrays
    656.7 ms  ✓ Rmath
    509.6 ms  ✓ SuiteSparse
    527.6 ms  ✓ Statistics → SparseArraysExt
    610.3 ms  ✓ FillArrays → FillArraysSparseArraysExt
    698.6 ms  ✓ PDMats
   2054.2 ms  ✓ SpecialFunctions
    542.7 ms  ✓ FillArrays → FillArraysPDMatsExt
    823.4 ms  ✓ HypergeometricFunctions
   1927.6 ms  ✓ StatsBase
    527.0 ms  ✓ PDMats → StatsBaseExt
   1225.7 ms  ✓ StatsFuns
   3507.1 ms  ✓ Distributions
  37 dependencies successfully precompiled in 12 seconds. 3 already precompiled.
	Command being timed: "nice -n -10 timeout -k120 -v 3600 julia +alpha --project=D/Distributions/Normal-Distribution -e using Pkg; @time @eval Pkg.precompile()"
	User time (seconds): 159.87
	System time (seconds): 10.43
	Percent of CPU this job got: 142%
	Elapsed (wall clock) time (h:mm:ss or m:ss): 1:59.42
	Average shared text size (kbytes): 0
	Average unshared data size (kbytes): 0
	Average stack size (kbytes): 0
	Average total size (kbytes): 0
	Maximum resident set size (kbytes): 2603704
	Average resident set size (kbytes): 0
	Major (requiring I/O) page faults: 212
	Minor (reclaiming a frame) page faults: 3965538
	Voluntary context switches: 11352
	Involuntary context switches: 2205
	Swaps: 0
	File system inputs: 0
	File system outputs: 437904
	Socket messages sent: 0
	Socket messages received: 0
	Signals delivered: 0
	Page size (bytes): 4096
	Exit status: 0
