nice: cannot set niceness: Permission denied
Precompiling packages...
  73721.5 ms  ✓ Pkg (serial)
  1 dependency successfully precompiled in 74 seconds
Precompiling packages...
   2009.2 ms  ✓ PtrArrays
   2096.1 ms  ✓ DataAPI
   2118.9 ms  ✓ Reexport
   2128.6 ms  ✓ Unicode
   2198.3 ms  ✓ OpenLibm_jll
   2223.3 ms  ✓ StatsAPI
   2222.3 ms  ✓ CompilerSupportLibraries_jll
   2408.2 ms  ✓ SuiteSparse_jll
   2500.4 ms  ✓ Statistics
   2482.6 ms  ✓ DocStringExtensions
   2645.9 ms  ✓ Serialization
   1028.6 ms  ✓ AliasTables
   3116.8 ms  ✓ FillArrays
   1206.0 ms  ✓ Preferences
    550.6 ms  ✓ FillArrays → FillArraysStatisticsExt
    619.9 ms  ✓ JLLWrappers
   3990.2 ms  ✓ OrderedCollections
   2284.0 ms  ✓ Missings
    775.4 ms  ✓ Rmath_jll
    773.1 ms  ✓ OpenSpecFun_jll
   4775.3 ms  ✓ IrrationalConstants
    527.3 ms  ✓ LogExpFunctions
    607.6 ms  ✓ Rmath
   1653.2 ms  ✓ DataStructures
    438.6 ms  ✓ SortingAlgorithms
   1570.4 ms  ✓ QuadGK
   4688.3 ms  ✓ SparseArrays
   2070.6 ms  ✓ SpecialFunctions
    458.5 ms  ✓ SuiteSparse
    492.4 ms  ✓ Statistics → SparseArraysExt
    532.2 ms  ✓ FillArrays → FillArraysSparseArraysExt
    830.3 ms  ✓ HypergeometricFunctions
    679.7 ms  ✓ PDMats
    474.2 ms  ✓ FillArrays → FillArraysPDMatsExt
   2052.8 ms  ✓ StatsFuns
   2610.0 ms  ✓ StatsBase
    492.3 ms  ✓ PDMats → StatsBaseExt
   3762.7 ms  ✓ Distributions
  38 dependencies successfully precompiled in 15 seconds. 3 already precompiled.
	Command being timed: "nice -n -10 timeout -k120 -v 3600 julia +1.12.5 --project=D/Distributions/Normal-Distribution -e using Pkg; @time @eval Pkg.precompile()"
	User time (seconds): 158.68
	System time (seconds): 10.52
	Percent of CPU this job got: 189%
	Elapsed (wall clock) time (h:mm:ss or m:ss): 1:29.24
	Average shared text size (kbytes): 0
	Average unshared data size (kbytes): 0
	Average stack size (kbytes): 0
	Average total size (kbytes): 0
	Maximum resident set size (kbytes): 2150684
	Average resident set size (kbytes): 0
	Major (requiring I/O) page faults: 299
	Minor (reclaiming a frame) page faults: 3380882
	Voluntary context switches: 11247
	Involuntary context switches: 4984
	Swaps: 0
	File system inputs: 0
	File system outputs: 424072
	Socket messages sent: 0
	Socket messages received: 0
	Signals delivered: 0
	Page size (bytes): 4096
	Exit status: 0
