Precompiling project...
    279.6 ms  ✓ Unicode
    297.4 ms  ✓ StaticArraysCore
    354.8 ms  ✓ CompilerSupportLibraries_jll
    465.3 ms  ✓ Preferences
    297.2 ms  ✓ PrecompileTools
   4553.6 ms  ✓ StaticArrays
  6 dependencies successfully precompiled in 6 seconds. 3 already precompiled.
	Command being timed: "julia +1.11.6 --project=S/StaticArrays/Matrix-Multiplication -e using Pkg; @time @eval Pkg.precompile()"
	User time (seconds): 100.82
	System time (seconds): 4.53
	Percent of CPU this job got: 179%
	Elapsed (wall clock) time (h:mm:ss or m:ss): 0:58.78
	Average shared text size (kbytes): 0
	Average unshared data size (kbytes): 0
	Average stack size (kbytes): 0
	Average total size (kbytes): 0
	Maximum resident set size (kbytes): 2034744
	Average resident set size (kbytes): 0
	Major (requiring I/O) page faults: 124
	Minor (reclaiming a frame) page faults: 1632901
	Voluntary context switches: 37496
	Involuntary context switches: 3393
	Swaps: 0
	File system inputs: 0
	File system outputs: 398184
	Socket messages sent: 0
	Socket messages received: 0
	Signals delivered: 0
	Page size (bytes): 4096
	Exit status: 0
