nice: cannot set niceness: Permission denied
Precompiling packages...
  75528.3 ms  ✓ Pkg (serial)
  1 dependency successfully precompiled in 76 seconds
Precompiling packages...
    343.6 ms  ✓ Unicode
    392.6 ms  ✓ StaticArraysCore
    511.9 ms  ✓ Preferences
    328.7 ms  ✓ PrecompileTools
   5927.1 ms  ✓ StaticArrays
  5 dependencies successfully precompiled in 7 seconds. 3 already precompiled.
	Command being timed: "nice -n -10 timeout -k120 -v 3600 julia +release --project=S/StaticArrays/Matrix-Multiplication -e using Pkg; @time @eval Pkg.precompile()"
	User time (seconds): 132.18
	System time (seconds): 5.37
	Percent of CPU this job got: 164%
	Elapsed (wall clock) time (h:mm:ss or m:ss): 1:23.44
	Average shared text size (kbytes): 0
	Average unshared data size (kbytes): 0
	Average stack size (kbytes): 0
	Average total size (kbytes): 0
	Maximum resident set size (kbytes): 2138596
	Average resident set size (kbytes): 0
	Major (requiring I/O) page faults: 150
	Minor (reclaiming a frame) page faults: 1999040
	Voluntary context switches: 5742
	Involuntary context switches: 3605
	Swaps: 0
	File system inputs: 0
	File system outputs: 348664
	Socket messages sent: 0
	Socket messages received: 0
	Signals delivered: 0
	Page size (bytes): 4096
	Exit status: 0
