nice: cannot set niceness: Permission denied
Precompiling packages...
  75303.7 ms  ✓ Pkg (serial)
  1 dependency successfully precompiled in 75 seconds
Precompiling packages...
    371.5 ms  ✓ Unicode
    389.0 ms  ✓ CompilerSupportLibraries_jll
    416.1 ms  ✓ StaticArraysCore
    513.8 ms  ✓ Preferences
    339.9 ms  ✓ PrecompileTools
   6054.6 ms  ✓ StaticArrays
  6 dependencies successfully precompiled in 7 seconds. 3 already precompiled.
	Command being timed: "nice -n -10 timeout -k120 -v 3600 julia +1.12.6 --project=S/StaticArrays/Matrix-Multiplication -e using Pkg; @time @eval Pkg.precompile()"
	User time (seconds): 134.20
	System time (seconds): 5.71
	Percent of CPU this job got: 167%
	Elapsed (wall clock) time (h:mm:ss or m:ss): 1:23.58
	Average shared text size (kbytes): 0
	Average unshared data size (kbytes): 0
	Average stack size (kbytes): 0
	Average total size (kbytes): 0
	Maximum resident set size (kbytes): 2143260
	Average resident set size (kbytes): 0
	Major (requiring I/O) page faults: 257
	Minor (reclaiming a frame) page faults: 2043986
	Voluntary context switches: 6447
	Involuntary context switches: 3624
	Swaps: 0
	File system inputs: 0
	File system outputs: 353896
	Socket messages sent: 0
	Socket messages received: 0
	Signals delivered: 0
	Page size (bytes): 4096
	Exit status: 0
