nice: cannot set niceness: Permission denied
Precompiling packages...
  75676.8 ms  ✓ Pkg (serial)
  1 dependency successfully precompiled in 76 seconds
Precompiling packages...
    348.1 ms  ✓ Unicode
    403.0 ms  ✓ StaticArraysCore
    534.1 ms  ✓ Preferences
    339.2 ms  ✓ PrecompileTools
   6000.4 ms  ✓ StaticArrays
  5 dependencies successfully precompiled in 7 seconds. 3 already precompiled.
	Command being timed: "nice -n -10 timeout -k120 -v 3600 julia +1.12.5 --project=S/StaticArrays/Matrix-Multiplication -e using Pkg; @time @eval Pkg.precompile()"
	User time (seconds): 132.95
	System time (seconds): 5.53
	Percent of CPU this job got: 165%
	Elapsed (wall clock) time (h:mm:ss or m:ss): 1:23.79
	Average shared text size (kbytes): 0
	Average unshared data size (kbytes): 0
	Average stack size (kbytes): 0
	Average total size (kbytes): 0
	Maximum resident set size (kbytes): 2149236
	Average resident set size (kbytes): 0
	Major (requiring I/O) page faults: 203
	Minor (reclaiming a frame) page faults: 1989634
	Voluntary context switches: 5852
	Involuntary context switches: 4020
	Swaps: 0
	File system inputs: 0
	File system outputs: 351160
	Socket messages sent: 0
	Socket messages received: 0
	Signals delivered: 0
	Page size (bytes): 4096
	Exit status: 0
