nice: cannot set niceness: Permission denied
Precompiling project...
    305.6 ms  ✓ Unicode
    350.7 ms  ✓ StaticArraysCore
    409.2 ms  ✓ CompilerSupportLibraries_jll
    518.5 ms  ✓ Preferences
    318.8 ms  ✓ PrecompileTools
   4969.7 ms  ✓ StaticArrays
  6 dependencies successfully precompiled in 6 seconds. 3 already precompiled.
	Command being timed: "nice -n -10 timeout -k120 -v 3600 julia +1.11.6 --project=S/StaticArrays/Matrix-Multiplication -e using Pkg; @time @eval Pkg.precompile()"
	User time (seconds): 113.22
	System time (seconds): 4.74
	Percent of CPU this job got: 179%
	Elapsed (wall clock) time (h:mm:ss or m:ss): 1:05.89
	Average shared text size (kbytes): 0
	Average unshared data size (kbytes): 0
	Average stack size (kbytes): 0
	Average total size (kbytes): 0
	Maximum resident set size (kbytes): 2045308
	Average resident set size (kbytes): 0
	Major (requiring I/O) page faults: 120
	Minor (reclaiming a frame) page faults: 1641666
	Voluntary context switches: 37140
	Involuntary context switches: 4185
	Swaps: 0
	File system inputs: 0
	File system outputs: 399176
	Socket messages sent: 0
	Socket messages received: 0
	Signals delivered: 0
	Page size (bytes): 4096
	Exit status: 0
