nice: cannot set niceness: Permission denied
Precompiling packages...
    369.9 ms  ✓ Unicode
    398.9 ms  ✓ StaticArraysCore
   1238.6 ms  ✓ Preferences
    363.6 ms  ✓ PrecompileTools
   9690.3 ms  ✓ StaticArrays
  5 dependencies successfully precompiled in 12 seconds. 3 already precompiled.
	Command being timed: "nice -n -10 timeout -k120 -v 3600 julia +alpha --project=S/StaticArrays/Matrix-Multiplication -e using Pkg; @time @eval Pkg.precompile()"
	User time (seconds): 146.49
	System time (seconds): 7.06
	Percent of CPU this job got: 128%
	Elapsed (wall clock) time (h:mm:ss or m:ss): 1:59.44
	Average shared text size (kbytes): 0
	Average unshared data size (kbytes): 0
	Average stack size (kbytes): 0
	Average total size (kbytes): 0
	Maximum resident set size (kbytes): 2583272
	Average resident set size (kbytes): 0
	Major (requiring I/O) page faults: 155
	Minor (reclaiming a frame) page faults: 2744340
	Voluntary context switches: 6159
	Involuntary context switches: 1289
	Swaps: 0
	File system inputs: 0
	File system outputs: 363312
	Socket messages sent: 0
	Socket messages received: 0
	Signals delivered: 0
	Page size (bytes): 4096
	Exit status: 0
