Precompiling project...
    729.7 ms  ✓ Unicode
   1108.1 ms  ✓ CompilerSupportLibraries_jll
   1156.7 ms  ✓ StaticArraysCore
   1285.1 ms  ✓ Preferences
    769.8 ms  ✓ PrecompileTools
  11089.0 ms  ✓ StaticArrays
  6 dependencies successfully precompiled in 14 seconds. 3 already precompiled.
	Command being timed: "julia +1.11.7 --project=S/StaticArrays/Matrix-Multiplication -e using Pkg; @time @eval Pkg.precompile()"
	User time (seconds): 218.08
	System time (seconds): 7.23
	Percent of CPU this job got: 148%
	Elapsed (wall clock) time (h:mm:ss or m:ss): 2:32.15
	Average shared text size (kbytes): 0
	Average unshared data size (kbytes): 0
	Average stack size (kbytes): 0
	Average total size (kbytes): 0
	Maximum resident set size (kbytes): 2059496
	Average resident set size (kbytes): 0
	Major (requiring I/O) page faults: 119
	Minor (reclaiming a frame) page faults: 1666873
	Voluntary context switches: 35162
	Involuntary context switches: 42218
	Swaps: 0
	File system inputs: 0
	File system outputs: 398288
	Socket messages sent: 0
	Socket messages received: 0
	Signals delivered: 0
	Page size (bytes): 4096
	Exit status: 0
