nice: cannot set niceness: Permission denied
Precompiling packages...
  75339.0 ms  ✓ Pkg (serial)
  1 dependency successfully precompiled in 75 seconds
Precompiling packages...
    368.4 ms  ✓ Unicode
    390.7 ms  ✓ CompilerSupportLibraries_jll
    412.6 ms  ✓ StaticArraysCore
    521.4 ms  ✓ Preferences
    340.1 ms  ✓ PrecompileTools
   6153.3 ms  ✓ StaticArrays
  6 dependencies successfully precompiled in 7 seconds. 3 already precompiled.
	Command being timed: "nice -n -10 timeout -k120 -v 3600 julia +release --project=S/StaticArrays/Matrix-Multiplication -e using Pkg; @time @eval Pkg.precompile()"
	User time (seconds): 132.90
	System time (seconds): 5.62
	Percent of CPU this job got: 165%
	Elapsed (wall clock) time (h:mm:ss or m:ss): 1:23.65
	Average shared text size (kbytes): 0
	Average unshared data size (kbytes): 0
	Average stack size (kbytes): 0
	Average total size (kbytes): 0
	Maximum resident set size (kbytes): 2149108
	Average resident set size (kbytes): 0
	Major (requiring I/O) page faults: 136
	Minor (reclaiming a frame) page faults: 2044293
	Voluntary context switches: 6025
	Involuntary context switches: 4224
	Swaps: 0
	File system inputs: 0
	File system outputs: 352216
	Socket messages sent: 0
	Socket messages received: 0
	Signals delivered: 0
	Page size (bytes): 4096
	Exit status: 0
