nice: cannot set niceness: Permission denied
Precompiling packages...
    382.1 ms  ✓ Unicode
    418.3 ms  ✓ StaticArraysCore
   1642.4 ms  ✓ Preferences
    375.0 ms  ✓ PrecompileTools
   9931.0 ms  ✓ StaticArrays
  5 dependencies successfully precompiled in 12 seconds. 3 already precompiled.
	Command being timed: "nice -n -10 timeout -k120 -v 3600 julia +nightly --project=S/StaticArrays/Matrix-Multiplication -e using Pkg; @time @eval Pkg.precompile()"
	User time (seconds): 158.74
	System time (seconds): 7.39
	Percent of CPU this job got: 129%
	Elapsed (wall clock) time (h:mm:ss or m:ss): 2:08.28
	Average shared text size (kbytes): 0
	Average unshared data size (kbytes): 0
	Average stack size (kbytes): 0
	Average total size (kbytes): 0
	Maximum resident set size (kbytes): 2589896
	Average resident set size (kbytes): 0
	Major (requiring I/O) page faults: 249
	Minor (reclaiming a frame) page faults: 2932478
	Voluntary context switches: 6195
	Involuntary context switches: 1390
	Swaps: 0
	File system inputs: 0
	File system outputs: 379408
	Socket messages sent: 0
	Socket messages received: 0
	Signals delivered: 0
	Page size (bytes): 4096
	Exit status: 0
