nice: cannot set niceness: Permission denied
Precompiling packages...
  75534.3 ms  ✓ Pkg (serial)
  1 dependency successfully precompiled in 76 seconds
Precompiling packages...
    358.9 ms  ✓ Unicode
    395.5 ms  ✓ StaticArraysCore
    525.2 ms  ✓ Preferences
    339.2 ms  ✓ PrecompileTools
   6045.7 ms  ✓ StaticArrays
  5 dependencies successfully precompiled in 7 seconds. 3 already precompiled.
	Command being timed: "nice -n -10 timeout -k120 -v 3600 julia +1.12.5 --project=S/StaticArrays/Matrix-Multiplication -e using Pkg; @time @eval Pkg.precompile()"
	User time (seconds): 133.90
	System time (seconds): 5.58
	Percent of CPU this job got: 166%
	Elapsed (wall clock) time (h:mm:ss or m:ss): 1:23.70
	Average shared text size (kbytes): 0
	Average unshared data size (kbytes): 0
	Average stack size (kbytes): 0
	Average total size (kbytes): 0
	Maximum resident set size (kbytes): 2146964
	Average resident set size (kbytes): 0
	Major (requiring I/O) page faults: 240
	Minor (reclaiming a frame) page faults: 2004787
	Voluntary context switches: 6077
	Involuntary context switches: 4008
	Swaps: 0
	File system inputs: 0
	File system outputs: 351248
	Socket messages sent: 0
	Socket messages received: 0
	Signals delivered: 0
	Page size (bytes): 4096
	Exit status: 0
