nice: cannot set niceness: Permission denied
Precompiling packages...
  97800.0 ms  ✓ Pkg (serial)
  1 dependency successfully precompiled in 98 seconds
Precompiling packages...
    475.3 ms  ✓ Unicode
    519.0 ms  ✓ StaticArraysCore
    790.4 ms  ✓ Preferences
    424.6 ms  ✓ PrecompileTools
   7905.2 ms  ✓ StaticArrays
  5 dependencies successfully precompiled in 10 seconds. 3 already precompiled.
	Command being timed: "nice -n -10 timeout -k120 -v 3600 julia +release --project=S/StaticArrays/Matrix-Multiplication -e using Pkg; @time @eval Pkg.precompile()"
	User time (seconds): 180.08
	System time (seconds): 6.52
	Percent of CPU this job got: 172%
	Elapsed (wall clock) time (h:mm:ss or m:ss): 1:48.43
	Average shared text size (kbytes): 0
	Average unshared data size (kbytes): 0
	Average stack size (kbytes): 0
	Average total size (kbytes): 0
	Maximum resident set size (kbytes): 2159504
	Average resident set size (kbytes): 0
	Major (requiring I/O) page faults: 151
	Minor (reclaiming a frame) page faults: 2018161
	Voluntary context switches: 5737
	Involuntary context switches: 7882
	Swaps: 0
	File system inputs: 0
	File system outputs: 348328
	Socket messages sent: 0
	Socket messages received: 0
	Signals delivered: 0
	Page size (bytes): 4096
	Exit status: 0
