nice: cannot set niceness: Permission denied
Precompiling packages...
  72297.8 ms  ✓ Pkg (serial)
  1 dependency successfully precompiled in 72 seconds
Precompiling packages...
    363.8 ms  ✓ Unicode
    401.3 ms  ✓ StaticArraysCore
    508.6 ms  ✓ Preferences
    330.4 ms  ✓ PrecompileTools
   6232.8 ms  ✓ StaticArrays
  5 dependencies successfully precompiled in 7 seconds. 3 already precompiled.
	Command being timed: "nice -n -10 timeout -k120 -v 3600 julia +release --project=S/StaticArrays/Matrix-Multiplication -e using Pkg; @time @eval Pkg.precompile()"
	User time (seconds): 128.08
	System time (seconds): 5.58
	Percent of CPU this job got: 166%
	Elapsed (wall clock) time (h:mm:ss or m:ss): 1:20.43
	Average shared text size (kbytes): 0
	Average unshared data size (kbytes): 0
	Average stack size (kbytes): 0
	Average total size (kbytes): 0
	Maximum resident set size (kbytes): 2116200
	Average resident set size (kbytes): 0
	Major (requiring I/O) page faults: 154
	Minor (reclaiming a frame) page faults: 1982051
	Voluntary context switches: 5814
	Involuntary context switches: 3738
	Swaps: 0
	File system inputs: 0
	File system outputs: 344960
	Socket messages sent: 0
	Socket messages received: 0
	Signals delivered: 0
	Page size (bytes): 4096
	Exit status: 0
