nice: cannot set niceness: Permission denied
Precompiling packages...
    384.7 ms  ✓ Unicode
    413.5 ms  ✓ StaticArraysCore
   1444.9 ms  ✓ Preferences
    454.3 ms  ✓ PrecompileTools
   8973.7 ms  ✓ StaticArrays
  5 dependencies successfully precompiled in 11 seconds. 3 already precompiled.
	Command being timed: "nice -n -10 timeout -k120 -v 3600 julia +nightly --project=S/StaticArrays/Matrix-Multiplication -e using Pkg; @time @eval Pkg.precompile()"
	User time (seconds): 140.29
	System time (seconds): 6.61
	Percent of CPU this job got: 128%
	Elapsed (wall clock) time (h:mm:ss or m:ss): 1:54.66
	Average shared text size (kbytes): 0
	Average unshared data size (kbytes): 0
	Average stack size (kbytes): 0
	Average total size (kbytes): 0
	Maximum resident set size (kbytes): 2255460
	Average resident set size (kbytes): 0
	Major (requiring I/O) page faults: 153
	Minor (reclaiming a frame) page faults: 2606213
	Voluntary context switches: 6044
	Involuntary context switches: 1693
	Swaps: 0
	File system inputs: 0
	File system outputs: 366896
	Socket messages sent: 0
	Socket messages received: 0
	Signals delivered: 0
	Page size (bytes): 4096
	Exit status: 0
