nice: cannot set niceness: Permission denied
Precompiling packages...
    358.7 ms  ✓ Unicode
    393.5 ms  ✓ StaticArraysCore
   1604.1 ms  ✓ Preferences
    530.5 ms  ✓ PrecompileTools
  10562.8 ms  ✓ StaticArrays
  5 dependencies successfully precompiled in 13 seconds. 3 already precompiled.
	Command being timed: "nice -n -10 timeout -k120 -v 3600 julia +alpha --project=S/StaticArrays/Matrix-Multiplication -e using Pkg; @time @eval Pkg.precompile()"
	User time (seconds): 151.77
	System time (seconds): 6.90
	Percent of CPU this job got: 128%
	Elapsed (wall clock) time (h:mm:ss or m:ss): 2:03.91
	Average shared text size (kbytes): 0
	Average unshared data size (kbytes): 0
	Average stack size (kbytes): 0
	Average total size (kbytes): 0
	Maximum resident set size (kbytes): 2581520
	Average resident set size (kbytes): 0
	Major (requiring I/O) page faults: 208
	Minor (reclaiming a frame) page faults: 2805062
	Voluntary context switches: 6744
	Involuntary context switches: 1401
	Swaps: 0
	File system inputs: 0
	File system outputs: 366248
	Socket messages sent: 0
	Socket messages received: 0
	Signals delivered: 0
	Page size (bytes): 4096
	Exit status: 0
