nice: cannot set niceness: Permission denied
Precompiling packages...
    591.9 ms  ✓ StaticArraysCore
    588.3 ms  ✓ Preferences
    281.0 ms  ✓ PrecompileTools
   4337.2 ms  ✓ StaticArrays
  4 dependencies successfully precompiled in 6 seconds
	Command being timed: "nice -n -10 timeout -k120 -v 3600 julia +lts --project=S/StaticArrays/Matrix-Multiplication -e using Pkg; @time @eval Pkg.precompile()"
	User time (seconds): 8.11
	System time (seconds): 1.06
	Percent of CPU this job got: 134%
	Elapsed (wall clock) time (h:mm:ss or m:ss): 0:06.82
	Average shared text size (kbytes): 0
	Average unshared data size (kbytes): 0
	Average stack size (kbytes): 0
	Average total size (kbytes): 0
	Maximum resident set size (kbytes): 477644
	Average resident set size (kbytes): 0
	Major (requiring I/O) page faults: 16
	Minor (reclaiming a frame) page faults: 255664
	Voluntary context switches: 5742
	Involuntary context switches: 250
	Swaps: 0
	File system inputs: 0
	File system outputs: 50552
	Socket messages sent: 0
	Socket messages received: 0
	Signals delivered: 0
	Page size (bytes): 4096
	Exit status: 0
