nice: cannot set niceness: Permission denied
Precompiling packages...
    598.1 ms  ✓ StaticArraysCore
    559.3 ms  ✓ Preferences
    274.8 ms  ✓ PrecompileTools
   4339.3 ms  ✓ StaticArrays
  4 dependencies successfully precompiled in 6 seconds
	Command being timed: "nice -n -10 timeout -k120 -v 3600 julia +lts --project=S/StaticArrays/Matrix-Multiplication -e using Pkg; @time @eval Pkg.precompile()"
	User time (seconds): 8.25
	System time (seconds): 1.05
	Percent of CPU this job got: 132%
	Elapsed (wall clock) time (h:mm:ss or m:ss): 0:07.02
	Average shared text size (kbytes): 0
	Average unshared data size (kbytes): 0
	Average stack size (kbytes): 0
	Average total size (kbytes): 0
	Maximum resident set size (kbytes): 469236
	Average resident set size (kbytes): 0
	Major (requiring I/O) page faults: 16
	Minor (reclaiming a frame) page faults: 259706
	Voluntary context switches: 5802
	Involuntary context switches: 242
	Swaps: 0
	File system inputs: 0
	File system outputs: 57304
	Socket messages sent: 0
	Socket messages received: 0
	Signals delivered: 0
	Page size (bytes): 4096
	Exit status: 0
