nice: cannot set niceness: Permission denied
Precompiling packages...
  75530.5 ms  ✓ Pkg (serial)
  1 dependency successfully precompiled in 76 seconds
Precompiling packages...
    377.7 ms  ✓ Unicode
    394.5 ms  ✓ CompilerSupportLibraries_jll
    410.9 ms  ✓ StaticArraysCore
    525.1 ms  ✓ Preferences
    352.8 ms  ✓ PrecompileTools
   6030.4 ms  ✓ StaticArrays
  6 dependencies successfully precompiled in 7 seconds. 3 already precompiled.
  3 dependencies precompiled but different versions are currently loaded (Dates, Printf and TOML). Restart julia to access the new versions. Otherwise, 3 dependents of these packages may trigger further precompilation to work with the unexpected versions.
	Command being timed: "nice -n -10 timeout -k120 -v 3600 julia +release --project=S/StaticArrays/Matrix-Multiplication -e using Pkg; @time @eval Pkg.precompile()"
	User time (seconds): 134.85
	System time (seconds): 5.70
	Percent of CPU this job got: 167%
	Elapsed (wall clock) time (h:mm:ss or m:ss): 1:23.92
	Average shared text size (kbytes): 0
	Average unshared data size (kbytes): 0
	Average stack size (kbytes): 0
	Average total size (kbytes): 0
	Maximum resident set size (kbytes): 2165864
	Average resident set size (kbytes): 0
	Major (requiring I/O) page faults: 140
	Minor (reclaiming a frame) page faults: 2046529
	Voluntary context switches: 6765
	Involuntary context switches: 4132
	Swaps: 0
	File system inputs: 0
	File system outputs: 360296
	Socket messages sent: 0
	Socket messages received: 0
	Signals delivered: 0
	Page size (bytes): 4096
	Exit status: 0
