nice: cannot set niceness: Permission denied
Precompiling packages...
   1499.5 ms  ✓ Zlib_jll
   1512.7 ms  ✓ nghttp2_jll
   1593.9 ms  ✓ Logging
   1617.2 ms  ✓ UUIDs
   1665.3 ms  ✓ Unicode
   1663.3 ms  ✓ MozillaCACerts_jll
   1716.5 ms  ✓ OpenSSL_jll
   1719.5 ms  ✓ CompilerSupportLibraries_jll
   1797.9 ms  ✓ Base64
   1794.9 ms  ✓ NetworkOptions
    483.7 ms  ✓ LibSSH2_jll
    572.6 ms  ✓ p7zip_jll
    694.2 ms  ✓ Printf
    472.7 ms  ✓ LibCURL_jll
    485.0 ms  ✓ LibGit2_jll
   3411.8 ms  ✓ ArgTools
    775.2 ms  ✓ LibCURL
    634.2 ms  ✓ Tar
   3033.5 ms  ✓ Dates
   3117.2 ms  ✓ LibGit2
    453.4 ms  ✓ TOML
   3104.5 ms  ✓ Downloads
   9518.3 ms  ✓ StyledStrings
   1700.4 ms  ✓ JuliaSyntaxHighlighting
   3886.5 ms  ✓ Markdown
  47702.3 ms  ✓ Pkg
  26 dependencies successfully precompiled in 63 seconds
Precompiling packages...
    570.9 ms  ✓ Serialization
    572.3 ms  ✓ Preferences
    352.9 ms  ✓ PrecompileTools
   1859.1 ms  ✓ InteractiveUtils
   3406.2 ms  ✓ Test
  24722.8 ms  ✓ ExplicitImports
  6 dependencies successfully precompiled in 30 seconds. 26 already precompiled.
	Command being timed: "nice -n -10 timeout -k120 -v 3600 julia +1.12.6 --project=E/ExplicitImports/Print_Explicit_Imports -e using Pkg; @time @eval Pkg.precompile()"
	User time (seconds): 177.54
	System time (seconds): 7.67
	Percent of CPU this job got: 197%
	Elapsed (wall clock) time (h:mm:ss or m:ss): 1:33.77
	Average shared text size (kbytes): 0
	Average unshared data size (kbytes): 0
	Average stack size (kbytes): 0
	Average total size (kbytes): 0
	Maximum resident set size (kbytes): 2171824
	Average resident set size (kbytes): 0
	Major (requiring I/O) page faults: 211
	Minor (reclaiming a frame) page faults: 2511188
	Voluntary context switches: 7393
	Involuntary context switches: 5305
	Swaps: 0
	File system inputs: 0
	File system outputs: 428240
	Socket messages sent: 0
	Socket messages received: 0
	Signals delivered: 0
	Page size (bytes): 4096
	Exit status: 0
