nice: cannot set niceness: Permission denied
Precompiling packages...
   1543.9 ms  ✓ MozillaCACerts_jll
   1553.2 ms  ✓ Zlib_jll
   1631.5 ms  ✓ nghttp2_jll
   1628.7 ms  ✓ UUIDs
   1648.7 ms  ✓ Unicode
   1654.7 ms  ✓ Logging
   1693.0 ms  ✓ OpenSSL_jll
   1746.9 ms  ✓ NetworkOptions
   1767.9 ms  ✓ CompilerSupportLibraries_jll
   1860.2 ms  ✓ Base64
    506.5 ms  ✓ LibSSH2_jll
    682.3 ms  ✓ Printf
    585.3 ms  ✓ p7zip_jll
    488.9 ms  ✓ LibGit2_jll
    487.3 ms  ✓ LibCURL_jll
   3357.6 ms  ✓ ArgTools
    810.8 ms  ✓ LibCURL
    630.4 ms  ✓ Tar
   2987.1 ms  ✓ Dates
   3054.6 ms  ✓ LibGit2
    449.4 ms  ✓ TOML
   2978.5 ms  ✓ Downloads
   9404.3 ms  ✓ StyledStrings
   1655.5 ms  ✓ JuliaSyntaxHighlighting
   3874.3 ms  ✓ Markdown
  47654.2 ms  ✓ Pkg
  26 dependencies successfully precompiled in 63 seconds
Precompiling packages...
    564.4 ms  ✓ Serialization
    569.8 ms  ✓ Preferences
    364.2 ms  ✓ PrecompileTools
   1812.7 ms  ✓ InteractiveUtils
   3278.1 ms  ✓ Test
  25047.5 ms  ✓ ExplicitImports
  6 dependencies successfully precompiled in 30 seconds. 26 already precompiled.
	Command being timed: "nice -n -10 timeout -k120 -v 3600 julia +release --project=E/ExplicitImports/Print_Explicit_Imports -e using Pkg; @time @eval Pkg.precompile()"
	User time (seconds): 178.65
	System time (seconds): 7.70
	Percent of CPU this job got: 198%
	Elapsed (wall clock) time (h:mm:ss or m:ss): 1:33.79
	Average shared text size (kbytes): 0
	Average unshared data size (kbytes): 0
	Average stack size (kbytes): 0
	Average total size (kbytes): 0
	Maximum resident set size (kbytes): 2177980
	Average resident set size (kbytes): 0
	Major (requiring I/O) page faults: 218
	Minor (reclaiming a frame) page faults: 2512059
	Voluntary context switches: 7241
	Involuntary context switches: 5486
	Swaps: 0
	File system inputs: 0
	File system outputs: 432104
	Socket messages sent: 0
	Socket messages received: 0
	Signals delivered: 0
	Page size (bytes): 4096
	Exit status: 0
