nice: cannot set niceness: Permission denied
Precompiling packages...
    582.8 ms  ✓ Serialization
   1160.6 ms  ✓ InteractiveUtils
   1394.8 ms  ✓ Preferences
    467.4 ms  ✓ PrecompileTools
   5679.8 ms  ✓ Test
  30421.7 ms  ✓ ExplicitImports
  6 dependencies successfully precompiled in 37 seconds. 27 already precompiled.
	Command being timed: "nice -n -10 timeout -k120 -v 3600 julia +nightly --project=E/ExplicitImports/Print_Explicit_Imports -e using Pkg; @time @eval Pkg.precompile()"
	User time (seconds): 176.95
	System time (seconds): 8.19
	Percent of CPU this job got: 150%
	Elapsed (wall clock) time (h:mm:ss or m:ss): 2:03.26
	Average shared text size (kbytes): 0
	Average unshared data size (kbytes): 0
	Average stack size (kbytes): 0
	Average total size (kbytes): 0
	Maximum resident set size (kbytes): 2260064
	Average resident set size (kbytes): 0
	Major (requiring I/O) page faults: 223
	Minor (reclaiming a frame) page faults: 3214621
	Voluntary context switches: 7447
	Involuntary context switches: 1899
	Swaps: 0
	File system inputs: 0
	File system outputs: 434776
	Socket messages sent: 0
	Socket messages received: 0
	Signals delivered: 0
	Page size (bytes): 4096
	Exit status: 0
