nice: cannot set niceness: Permission denied
Precompiling packages...
   1528.2 ms  ✓ nghttp2_jll
   2053.7 ms  ✓ OpenSSL_jll
   1991.8 ms  ✓ CompilerSupportLibraries_jll
   1963.8 ms  ✓ NetworkOptions
   1994.8 ms  ✓ UUIDs
   2019.2 ms  ✓ MozillaCACerts_jll
   2094.7 ms  ✓ Unicode
   2179.0 ms  ✓ Logging
   2180.6 ms  ✓ Zlib_jll
   2208.2 ms  ✓ Base64
    649.5 ms  ✓ LibSSH2_jll
    785.7 ms  ✓ p7zip_jll
    911.6 ms  ✓ Printf
    598.3 ms  ✓ LibGit2_jll
    608.3 ms  ✓ LibCURL_jll
   3946.7 ms  ✓ ArgTools
   1012.5 ms  ✓ LibCURL
    754.4 ms  ✓ Tar
   3464.5 ms  ✓ Dates
   3439.9 ms  ✓ LibGit2
    507.7 ms  ✓ TOML
   3514.6 ms  ✓ Downloads
  11387.1 ms  ✓ StyledStrings
   1829.0 ms  ✓ JuliaSyntaxHighlighting
   4423.0 ms  ✓ Markdown
  62865.8 ms  ✓ Pkg
  26 dependencies successfully precompiled in 81 seconds
Precompiling packages...
    632.8 ms  ✓ Serialization
    638.3 ms  ✓ Preferences
    478.1 ms  ✓ PrecompileTools
   2412.1 ms  ✓ InteractiveUtils
   4338.3 ms  ✓ Test
  29737.9 ms  ✓ ExplicitImports
  6 dependencies successfully precompiled in 37 seconds. 26 already precompiled.
	Command being timed: "nice -n -10 timeout -k120 -v 3600 julia +1.12.5 --project=E/ExplicitImports/Print_Explicit_Imports -e using Pkg; @time @eval Pkg.precompile()"
	User time (seconds): 232.68
	System time (seconds): 8.82
	Percent of CPU this job got: 204%
	Elapsed (wall clock) time (h:mm:ss or m:ss): 1:58.30
	Average shared text size (kbytes): 0
	Average unshared data size (kbytes): 0
	Average stack size (kbytes): 0
	Average total size (kbytes): 0
	Maximum resident set size (kbytes): 2177216
	Average resident set size (kbytes): 0
	Major (requiring I/O) page faults: 177
	Minor (reclaiming a frame) page faults: 2500263
	Voluntary context switches: 6623
	Involuntary context switches: 10920
	Swaps: 0
	File system inputs: 0
	File system outputs: 426688
	Socket messages sent: 0
	Socket messages received: 0
	Signals delivered: 0
	Page size (bytes): 4096
	Exit status: 0
