nice: cannot set niceness: Permission denied
Precompiling packages...
   1915.4 ms  ✓ OpenSSL_jll
   1990.9 ms  ✓ UUIDs
   2082.0 ms  ✓ nghttp2_jll
   2154.4 ms  ✓ Unicode
   2161.5 ms  ✓ Logging
   2165.8 ms  ✓ CompilerSupportLibraries_jll
   2154.4 ms  ✓ NetworkOptions
   2330.8 ms  ✓ Zlib_jll
   2517.7 ms  ✓ MozillaCACerts_jll
   2736.4 ms  ✓ Base64
   1069.0 ms  ✓ LibSSH2_jll
   1123.9 ms  ✓ p7zip_jll
   1292.7 ms  ✓ Printf
    784.2 ms  ✓ LibGit2_jll
    880.0 ms  ✓ LibCURL_jll
   4747.5 ms  ✓ ArgTools
   1319.1 ms  ✓ LibCURL
   1049.9 ms  ✓ Tar
   4091.7 ms  ✓ LibGit2
   5081.0 ms  ✓ Dates
   1172.7 ms  ✓ TOML
   4614.3 ms  ✓ Downloads
  14053.2 ms  ✓ StyledStrings
   2402.0 ms  ✓ JuliaSyntaxHighlighting
   5407.1 ms  ✓ Markdown
  78837.1 ms  ✓ Pkg
  26 dependencies successfully precompiled in 101 seconds
Precompiling packages...
    801.0 ms  ✓ Serialization
    809.5 ms  ✓ Preferences
    531.1 ms  ✓ PrecompileTools
   2854.3 ms  ✓ InteractiveUtils
   5490.5 ms  ✓ Test
  35817.7 ms  ✓ ExplicitImports
  6 dependencies successfully precompiled in 44 seconds. 26 already precompiled.
	Command being timed: "nice -n -10 timeout -k120 -v 3600 julia +release --project=E/ExplicitImports/Print_Explicit_Imports -e using Pkg; @time @eval Pkg.precompile()"
	User time (seconds): 277.78
	System time (seconds): 10.15
	Percent of CPU this job got: 196%
	Elapsed (wall clock) time (h:mm:ss or m:ss): 2:26.17
	Average shared text size (kbytes): 0
	Average unshared data size (kbytes): 0
	Average stack size (kbytes): 0
	Average total size (kbytes): 0
	Maximum resident set size (kbytes): 2247828
	Average resident set size (kbytes): 0
	Major (requiring I/O) page faults: 198
	Minor (reclaiming a frame) page faults: 2581970
	Voluntary context switches: 6409
	Involuntary context switches: 18740
	Swaps: 0
	File system inputs: 0
	File system outputs: 424680
	Socket messages sent: 0
	Socket messages received: 0
	Signals delivered: 0
	Page size (bytes): 4096
	Exit status: 0
