nice: cannot set niceness: Permission denied
Precompiling packages...
    544.8 ms  ✓ Serialization
   1010.2 ms  ✓ InteractiveUtils
   1653.4 ms  ✓ Preferences
    373.1 ms  ✓ PrecompileTools
   6841.3 ms  ✓ Test
  34411.5 ms  ✓ ExplicitImports
  6 dependencies successfully precompiled in 42 seconds. 27 already precompiled.
	Command being timed: "nice -n -10 timeout -k120 -v 3600 julia +alpha --project=E/ExplicitImports/Print_Explicit_Imports -e using Pkg; @time @eval Pkg.precompile()"
	User time (seconds): 188.59
	System time (seconds): 8.66
	Percent of CPU this job got: 147%
	Elapsed (wall clock) time (h:mm:ss or m:ss): 2:13.68
	Average shared text size (kbytes): 0
	Average unshared data size (kbytes): 0
	Average stack size (kbytes): 0
	Average total size (kbytes): 0
	Maximum resident set size (kbytes): 2699396
	Average resident set size (kbytes): 0
	Major (requiring I/O) page faults: 193
	Minor (reclaiming a frame) page faults: 3484744
	Voluntary context switches: 7534
	Involuntary context switches: 2057
	Swaps: 0
	File system inputs: 0
	File system outputs: 432808
	Socket messages sent: 0
	Socket messages received: 0
	Signals delivered: 0
	Page size (bytes): 4096
	Exit status: 0
