nice: cannot set niceness: Permission denied
Precompiling packages...
    560.5 ms  ✓ Preferences
    279.1 ms  ✓ PrecompileTools
   1976.8 ms  ✓ Test
  13235.4 ms  ✓ ExplicitImports
  4 dependencies successfully precompiled in 16 seconds
	Command being timed: "nice -n -10 timeout -k120 -v 3600 julia +lts --project=E/ExplicitImports/Print_Explicit_Imports -e using Pkg; @time @eval Pkg.precompile()"
	User time (seconds): 27.83
	System time (seconds): 1.72
	Percent of CPU this job got: 178%
	Elapsed (wall clock) time (h:mm:ss or m:ss): 0:16.51
	Average shared text size (kbytes): 0
	Average unshared data size (kbytes): 0
	Average stack size (kbytes): 0
	Average total size (kbytes): 0
	Maximum resident set size (kbytes): 978580
	Average resident set size (kbytes): 0
	Major (requiring I/O) page faults: 38
	Minor (reclaiming a frame) page faults: 459356
	Voluntary context switches: 6406
	Involuntary context switches: 712
	Swaps: 0
	File system inputs: 0
	File system outputs: 117856
	Socket messages sent: 0
	Socket messages received: 0
	Signals delivered: 0
	Page size (bytes): 4096
	Exit status: 0
