nice: cannot set niceness: Permission denied
Precompiling packages...
   1414.7 ms  ✓ UUIDs
   1414.9 ms  ✓ MozillaCACerts_jll
   1427.1 ms  ✓ Zlib_jll
   1565.4 ms  ✓ Unicode
   1603.3 ms  ✓ Logging
   1616.5 ms  ✓ nghttp2_jll
   1668.6 ms  ✓ OpenSSL_jll
   1671.4 ms  ✓ CompilerSupportLibraries_jll
   1708.7 ms  ✓ NetworkOptions
   1802.4 ms  ✓ Base64
    485.3 ms  ✓ LibSSH2_jll
    564.3 ms  ✓ p7zip_jll
    685.1 ms  ✓ Printf
    460.1 ms  ✓ LibGit2_jll
    458.7 ms  ✓ LibCURL_jll
   3220.0 ms  ✓ ArgTools
    740.7 ms  ✓ LibCURL
    629.0 ms  ✓ Tar
   2917.4 ms  ✓ Dates
    441.0 ms  ✓ TOML
   3042.0 ms  ✓ LibGit2
   2964.4 ms  ✓ Downloads
   9217.1 ms  ✓ StyledStrings
   1597.6 ms  ✓ JuliaSyntaxHighlighting
   3697.9 ms  ✓ Markdown
  46525.0 ms  ✓ Pkg
  26 dependencies successfully precompiled in 61 seconds
Precompiling packages...
    504.7 ms  ✓ Preferences
    329.7 ms  ✓ PrecompileTools
  21313.5 ms  ✓ ExplicitImports
  3 dependencies successfully precompiled in 22 seconds. 26 already precompiled.
	Command being timed: "nice -n -10 timeout -k120 -v 3600 julia +release --project=E/ExplicitImports/Print_Explicit_Imports -e using Pkg; @time @eval Pkg.precompile()"
	User time (seconds): 162.02
	System time (seconds): 6.74
	Percent of CPU this job got: 201%
	Elapsed (wall clock) time (h:mm:ss or m:ss): 1:23.93
	Average shared text size (kbytes): 0
	Average unshared data size (kbytes): 0
	Average stack size (kbytes): 0
	Average total size (kbytes): 0
	Maximum resident set size (kbytes): 2170832
	Average resident set size (kbytes): 0
	Major (requiring I/O) page faults: 156
	Minor (reclaiming a frame) page faults: 2295773
	Voluntary context switches: 5918
	Involuntary context switches: 5913
	Swaps: 0
	File system inputs: 0
	File system outputs: 398472
	Socket messages sent: 0
	Socket messages received: 0
	Signals delivered: 0
	Page size (bytes): 4096
	Exit status: 0
