nice: cannot set niceness: Permission denied
Precompiling packages...
   1504.6 ms  ✓ OpenSSL_jll
   1478.3 ms  ✓ UUIDs
   1600.9 ms  ✓ MozillaCACerts_jll
   1675.3 ms  ✓ Logging
   1703.3 ms  ✓ Unicode
   1703.5 ms  ✓ Zlib_jll
   1706.6 ms  ✓ CompilerSupportLibraries_jll
   1772.2 ms  ✓ nghttp2_jll
   1794.8 ms  ✓ Base64
   1807.5 ms  ✓ NetworkOptions
    645.0 ms  ✓ LibSSH2_jll
    608.6 ms  ✓ p7zip_jll
    720.4 ms  ✓ Printf
    497.2 ms  ✓ LibCURL_jll
    500.7 ms  ✓ LibGit2_jll
   3269.5 ms  ✓ ArgTools
    764.8 ms  ✓ LibCURL
    630.9 ms  ✓ Tar
   2898.5 ms  ✓ Dates
   2971.6 ms  ✓ LibGit2
    429.7 ms  ✓ TOML
   2968.7 ms  ✓ Downloads
   9209.2 ms  ✓ StyledStrings
   1666.7 ms  ✓ JuliaSyntaxHighlighting
   3687.0 ms  ✓ Markdown
  46175.5 ms  ✓ Pkg
  26 dependencies successfully precompiled in 61 seconds
Precompiling packages...
    541.7 ms  ✓ Preferences
    558.6 ms  ✓ Serialization
    347.9 ms  ✓ PrecompileTools
   1829.3 ms  ✓ InteractiveUtils
   3139.3 ms  ✓ Test
  23712.3 ms  ✓ ExplicitImports
  6 dependencies successfully precompiled in 29 seconds. 26 already precompiled.
	Command being timed: "nice -n -10 timeout -k120 -v 3600 julia +release --project=E/ExplicitImports/Print_Explicit_Imports -e using Pkg; @time @eval Pkg.precompile()"
	User time (seconds): 171.02
	System time (seconds): 7.84
	Percent of CPU this job got: 198%
	Elapsed (wall clock) time (h:mm:ss or m:ss): 1:30.14
	Average shared text size (kbytes): 0
	Average unshared data size (kbytes): 0
	Average stack size (kbytes): 0
	Average total size (kbytes): 0
	Maximum resident set size (kbytes): 2155212
	Average resident set size (kbytes): 0
	Major (requiring I/O) page faults: 174
	Minor (reclaiming a frame) page faults: 2506396
	Voluntary context switches: 6675
	Involuntary context switches: 5575
	Swaps: 0
	File system inputs: 0
	File system outputs: 421080
	Socket messages sent: 0
	Socket messages received: 0
	Signals delivered: 0
	Page size (bytes): 4096
	Exit status: 0
