nice: cannot set niceness: Permission denied
Precompiling packages...
    599.2 ms  ✓ Preferences
    287.5 ms  ✓ PrecompileTools
   2108.7 ms  ✓ Test
  13470.5 ms  ✓ ExplicitImports
  4 dependencies successfully precompiled in 16 seconds
	Command being timed: "nice -n -10 timeout -k120 -v 3600 julia +lts --project=E/ExplicitImports/Print_Explicit_Imports -e using Pkg; @time @eval Pkg.precompile()"
	User time (seconds): 28.42
	System time (seconds): 1.61
	Percent of CPU this job got: 174%
	Elapsed (wall clock) time (h:mm:ss or m:ss): 0:17.17
	Average shared text size (kbytes): 0
	Average unshared data size (kbytes): 0
	Average stack size (kbytes): 0
	Average total size (kbytes): 0
	Maximum resident set size (kbytes): 987956
	Average resident set size (kbytes): 0
	Major (requiring I/O) page faults: 38
	Minor (reclaiming a frame) page faults: 465329
	Voluntary context switches: 6230
	Involuntary context switches: 880
	Swaps: 0
	File system inputs: 0
	File system outputs: 124776
	Socket messages sent: 0
	Socket messages received: 0
	Signals delivered: 0
	Page size (bytes): 4096
	Exit status: 0
