nice: cannot set niceness: Permission denied
Precompiling packages...
   1615.9 ms  ✓ MozillaCACerts_jll
   1617.4 ms  ✓ UUIDs
   1618.1 ms  ✓ Unicode
   1626.5 ms  ✓ CompilerSupportLibraries_jll
   1642.0 ms  ✓ Zlib_jll
   1714.7 ms  ✓ Logging
   1722.0 ms  ✓ nghttp2_jll
   1757.3 ms  ✓ NetworkOptions
   1846.5 ms  ✓ OpenSSL_jll
   1874.3 ms  ✓ Base64
    605.9 ms  ✓ p7zip_jll
    460.0 ms  ✓ LibSSH2_jll
    683.6 ms  ✓ Printf
    436.0 ms  ✓ LibGit2_jll
    437.6 ms  ✓ LibCURL_jll
   3201.3 ms  ✓ ArgTools
    752.5 ms  ✓ LibCURL
    639.9 ms  ✓ Tar
   2996.5 ms  ✓ Dates
   3031.0 ms  ✓ LibGit2
    456.8 ms  ✓ TOML
   3005.3 ms  ✓ Downloads
   9486.8 ms  ✓ StyledStrings
   1655.6 ms  ✓ JuliaSyntaxHighlighting
   3925.8 ms  ✓ Markdown
  47305.8 ms  ✓ Pkg
  26 dependencies successfully precompiled in 62 seconds
Precompiling packages...
    557.7 ms  ✓ Serialization
    548.4 ms  ✓ Preferences
    353.1 ms  ✓ PrecompileTools
   1876.0 ms  ✓ InteractiveUtils
   3248.2 ms  ✓ Test
  24424.9 ms  ✓ ExplicitImports
  6 dependencies successfully precompiled in 30 seconds. 26 already precompiled.
	Command being timed: "nice -n -10 timeout -k120 -v 3600 julia +1.12.6 --project=E/ExplicitImports/Print_Explicit_Imports -e using Pkg; @time @eval Pkg.precompile()"
	User time (seconds): 176.77
	System time (seconds): 7.53
	Percent of CPU this job got: 198%
	Elapsed (wall clock) time (h:mm:ss or m:ss): 1:32.90
	Average shared text size (kbytes): 0
	Average unshared data size (kbytes): 0
	Average stack size (kbytes): 0
	Average total size (kbytes): 0
	Maximum resident set size (kbytes): 2178436
	Average resident set size (kbytes): 0
	Major (requiring I/O) page faults: 161
	Minor (reclaiming a frame) page faults: 2510691
	Voluntary context switches: 7932
	Involuntary context switches: 5369
	Swaps: 0
	File system inputs: 0
	File system outputs: 429152
	Socket messages sent: 0
	Socket messages received: 0
	Signals delivered: 0
	Page size (bytes): 4096
	Exit status: 0
