nice: cannot set niceness: Permission denied
Precompiling packages...
   1236.4 ms  ✓ Preferences
    355.1 ms  ✓ PrecompileTools
  33055.9 ms  ✓ ExplicitImports
  3 dependencies successfully precompiled in 35 seconds. 27 already precompiled.
	Command being timed: "nice -n -10 timeout -k120 -v 3600 julia +alpha --project=E/ExplicitImports/Print_Explicit_Imports -e using Pkg; @time @eval Pkg.precompile()"
	User time (seconds): 174.75
	System time (seconds): 8.07
	Percent of CPU this job got: 147%
	Elapsed (wall clock) time (h:mm:ss or m:ss): 2:04.36
	Average shared text size (kbytes): 0
	Average unshared data size (kbytes): 0
	Average stack size (kbytes): 0
	Average total size (kbytes): 0
	Maximum resident set size (kbytes): 2584596
	Average resident set size (kbytes): 0
	Major (requiring I/O) page faults: 166
	Minor (reclaiming a frame) page faults: 3151234
	Voluntary context switches: 6643
	Involuntary context switches: 1952
	Swaps: 0
	File system inputs: 0
	File system outputs: 405128
	Socket messages sent: 0
	Socket messages received: 0
	Signals delivered: 0
	Page size (bytes): 4096
	Exit status: 0
