nice: cannot set niceness: Permission denied
Precompiling packages...
   1428.0 ms  ✓ UUIDs
   1592.3 ms  ✓ Logging
   1646.3 ms  ✓ OpenSSL_jll
   1624.7 ms  ✓ nghttp2_jll
   1639.5 ms  ✓ CompilerSupportLibraries_jll
   1689.1 ms  ✓ MozillaCACerts_jll
   1716.3 ms  ✓ Zlib_jll
   1743.2 ms  ✓ NetworkOptions
   1751.9 ms  ✓ Unicode
   1831.0 ms  ✓ Base64
    526.8 ms  ✓ LibSSH2_jll
    597.2 ms  ✓ p7zip_jll
    642.3 ms  ✓ Printf
    459.0 ms  ✓ LibCURL_jll
    472.2 ms  ✓ LibGit2_jll
   3252.0 ms  ✓ ArgTools
    724.3 ms  ✓ LibCURL
    610.0 ms  ✓ Tar
   2865.5 ms  ✓ Dates
   2985.0 ms  ✓ LibGit2
    419.5 ms  ✓ TOML
   3022.6 ms  ✓ Downloads
   9047.5 ms  ✓ StyledStrings
   1665.0 ms  ✓ JuliaSyntaxHighlighting
   3717.4 ms  ✓ Markdown
  46037.3 ms  ✓ Pkg
  26 dependencies successfully precompiled in 61 seconds
Precompiling packages...
    528.1 ms  ✓ Preferences
    546.3 ms  ✓ Serialization
    346.8 ms  ✓ PrecompileTools
   1824.9 ms  ✓ InteractiveUtils
   3137.4 ms  ✓ Test
  24151.2 ms  ✓ ExplicitImports
  6 dependencies successfully precompiled in 29 seconds. 26 already precompiled.
	Command being timed: "nice -n -10 timeout -k120 -v 3600 julia +1.12.4 --project=E/ExplicitImports/Print_Explicit_Imports -e using Pkg; @time @eval Pkg.precompile()"
	User time (seconds): 172.41
	System time (seconds): 7.08
	Percent of CPU this job got: 198%
	Elapsed (wall clock) time (h:mm:ss or m:ss): 1:30.39
	Average shared text size (kbytes): 0
	Average unshared data size (kbytes): 0
	Average stack size (kbytes): 0
	Average total size (kbytes): 0
	Maximum resident set size (kbytes): 2147776
	Average resident set size (kbytes): 0
	Major (requiring I/O) page faults: 210
	Minor (reclaiming a frame) page faults: 2443924
	Voluntary context switches: 6512
	Involuntary context switches: 5005
	Swaps: 0
	File system inputs: 0
	File system outputs: 423376
	Socket messages sent: 0
	Socket messages received: 0
	Signals delivered: 0
	Page size (bytes): 4096
	Exit status: 0
