nice: cannot set niceness: Permission denied
Precompiling packages...
    578.1 ms  ✓ Serialization
   1147.5 ms  ✓ InteractiveUtils
   1371.2 ms  ✓ Preferences
    378.5 ms  ✓ PrecompileTools
   5719.4 ms  ✓ Test
  30865.7 ms  ✓ ExplicitImports
  6 dependencies successfully precompiled in 38 seconds. 27 already precompiled.
	Command being timed: "nice -n -10 timeout -k120 -v 3600 julia +nightly --project=E/ExplicitImports/Print_Explicit_Imports -e using Pkg; @time @eval Pkg.precompile()"
	User time (seconds): 179.03
	System time (seconds): 8.41
	Percent of CPU this job got: 149%
	Elapsed (wall clock) time (h:mm:ss or m:ss): 2:05.60
	Average shared text size (kbytes): 0
	Average unshared data size (kbytes): 0
	Average stack size (kbytes): 0
	Average total size (kbytes): 0
	Maximum resident set size (kbytes): 2279252
	Average resident set size (kbytes): 0
	Major (requiring I/O) page faults: 244
	Minor (reclaiming a frame) page faults: 3198068
	Voluntary context switches: 7058
	Involuntary context switches: 2076
	Swaps: 0
	File system inputs: 1216
	File system outputs: 437648
	Socket messages sent: 0
	Socket messages received: 0
	Signals delivered: 0
	Page size (bytes): 4096
	Exit status: 0
