nice: cannot set niceness: Permission denied
Precompiling packages...
   1475.7 ms  ✓ UUIDs
   1558.7 ms  ✓ Zlib_jll
   1587.6 ms  ✓ nghttp2_jll
   1589.3 ms  ✓ MozillaCACerts_jll
   1595.8 ms  ✓ CompilerSupportLibraries_jll
   1693.2 ms  ✓ OpenSSL_jll
   1696.7 ms  ✓ Unicode
   1695.3 ms  ✓ Logging
   1781.7 ms  ✓ Base64
   1849.9 ms  ✓ NetworkOptions
    524.1 ms  ✓ LibSSH2_jll
    625.2 ms  ✓ p7zip_jll
    676.7 ms  ✓ Printf
    472.6 ms  ✓ LibGit2_jll
    482.0 ms  ✓ LibCURL_jll
   3402.0 ms  ✓ ArgTools
    756.8 ms  ✓ LibCURL
    633.2 ms  ✓ Tar
   2981.4 ms  ✓ Dates
   3067.9 ms  ✓ LibGit2
    451.3 ms  ✓ TOML
   3035.5 ms  ✓ Downloads
   9387.8 ms  ✓ StyledStrings
   1759.9 ms  ✓ JuliaSyntaxHighlighting
   3843.3 ms  ✓ Markdown
  47069.3 ms  ✓ Pkg
  26 dependencies successfully precompiled in 62 seconds
Precompiling packages...
    558.3 ms  ✓ Serialization
    570.1 ms  ✓ Preferences
    362.5 ms  ✓ PrecompileTools
   1852.2 ms  ✓ InteractiveUtils
   3274.8 ms  ✓ Test
  24767.0 ms  ✓ ExplicitImports
  6 dependencies successfully precompiled in 30 seconds. 26 already precompiled.
	Command being timed: "nice -n -10 timeout -k120 -v 3600 julia +release --project=E/ExplicitImports/Print_Explicit_Imports -e using Pkg; @time @eval Pkg.precompile()"
	User time (seconds): 176.98
	System time (seconds): 7.71
	Percent of CPU this job got: 198%
	Elapsed (wall clock) time (h:mm:ss or m:ss): 1:33.00
	Average shared text size (kbytes): 0
	Average unshared data size (kbytes): 0
	Average stack size (kbytes): 0
	Average total size (kbytes): 0
	Maximum resident set size (kbytes): 2170740
	Average resident set size (kbytes): 0
	Major (requiring I/O) page faults: 155
	Minor (reclaiming a frame) page faults: 2515735
	Voluntary context switches: 6707
	Involuntary context switches: 5322
	Swaps: 0
	File system inputs: 0
	File system outputs: 431000
	Socket messages sent: 0
	Socket messages received: 0
	Signals delivered: 0
	Page size (bytes): 4096
	Exit status: 0
