nice: cannot set niceness: Permission denied
Precompiling packages...
   1698.9 ms  ✓ Logging
   1721.3 ms  ✓ MozillaCACerts_jll
   1739.6 ms  ✓ UUIDs
   1798.0 ms  ✓ Zlib_jll
   1840.1 ms  ✓ OpenSSL_jll
   1816.9 ms  ✓ Unicode
   1820.6 ms  ✓ nghttp2_jll
   1819.8 ms  ✓ CompilerSupportLibraries_jll
   1826.3 ms  ✓ Base64
   1827.2 ms  ✓ NetworkOptions
    469.0 ms  ✓ LibSSH2_jll
    580.6 ms  ✓ p7zip_jll
    632.3 ms  ✓ Printf
    469.1 ms  ✓ LibCURL_jll
    487.9 ms  ✓ LibGit2_jll
   3338.8 ms  ✓ ArgTools
    818.9 ms  ✓ LibCURL
    667.8 ms  ✓ Tar
   3064.3 ms  ✓ Dates
   3118.9 ms  ✓ LibGit2
    470.2 ms  ✓ TOML
   3070.5 ms  ✓ Downloads
   9651.6 ms  ✓ StyledStrings
   1727.6 ms  ✓ JuliaSyntaxHighlighting
   3924.4 ms  ✓ Markdown
  47268.4 ms  ✓ Pkg
  26 dependencies successfully precompiled in 63 seconds
Precompiling packages...
    555.3 ms  ✓ Preferences
    578.7 ms  ✓ Serialization
    370.2 ms  ✓ PrecompileTools
   1885.8 ms  ✓ InteractiveUtils
   3320.0 ms  ✓ Test
  24853.6 ms  ✓ ExplicitImports
  6 dependencies successfully precompiled in 30 seconds. 26 already precompiled.
	Command being timed: "nice -n -10 timeout -k120 -v 3600 julia +1.12.6 --project=E/ExplicitImports/Print_Explicit_Imports -e using Pkg; @time @eval Pkg.precompile()"
	User time (seconds): 179.02
	System time (seconds): 7.88
	Percent of CPU this job got: 199%
	Elapsed (wall clock) time (h:mm:ss or m:ss): 1:33.70
	Average shared text size (kbytes): 0
	Average unshared data size (kbytes): 0
	Average stack size (kbytes): 0
	Average total size (kbytes): 0
	Maximum resident set size (kbytes): 2172004
	Average resident set size (kbytes): 0
	Major (requiring I/O) page faults: 167
	Minor (reclaiming a frame) page faults: 2520561
	Voluntary context switches: 7054
	Involuntary context switches: 5574
	Swaps: 0
	File system inputs: 0
	File system outputs: 432232
	Socket messages sent: 0
	Socket messages received: 0
	Signals delivered: 0
	Page size (bytes): 4096
	Exit status: 0
