nice: cannot set niceness: Permission denied
Precompiling packages...
   1626.4 ms  ✓ Zlib_jll
   1703.2 ms  ✓ UUIDs
   1700.8 ms  ✓ Logging
   1755.5 ms  ✓ OpenSSL_jll
   1804.7 ms  ✓ MozillaCACerts_jll
   1815.7 ms  ✓ nghttp2_jll
   1820.0 ms  ✓ Unicode
   1833.2 ms  ✓ CompilerSupportLibraries_jll
   1902.5 ms  ✓ Base64
   1906.0 ms  ✓ NetworkOptions
    535.2 ms  ✓ LibSSH2_jll
    596.6 ms  ✓ p7zip_jll
    697.4 ms  ✓ Printf
    488.4 ms  ✓ LibGit2_jll
    486.9 ms  ✓ LibCURL_jll
   3363.3 ms  ✓ ArgTools
    775.5 ms  ✓ LibCURL
    664.2 ms  ✓ Tar
   2936.3 ms  ✓ Dates
   3134.4 ms  ✓ LibGit2
    464.8 ms  ✓ TOML
   3055.9 ms  ✓ Downloads
   9700.5 ms  ✓ StyledStrings
   1698.5 ms  ✓ JuliaSyntaxHighlighting
   3890.5 ms  ✓ Markdown
  47791.9 ms  ✓ Pkg
  26 dependencies successfully precompiled in 63 seconds
Precompiling packages...
    571.7 ms  ✓ Serialization
    563.9 ms  ✓ Preferences
    352.8 ms  ✓ PrecompileTools
   1852.6 ms  ✓ InteractiveUtils
   3301.6 ms  ✓ Test
  24418.1 ms  ✓ ExplicitImports
  6 dependencies successfully precompiled in 30 seconds. 26 already precompiled.
	Command being timed: "nice -n -10 timeout -k120 -v 3600 julia +release --project=E/ExplicitImports/Print_Explicit_Imports -e using Pkg; @time @eval Pkg.precompile()"
	User time (seconds): 177.48
	System time (seconds): 7.93
	Percent of CPU this job got: 198%
	Elapsed (wall clock) time (h:mm:ss or m:ss): 1:33.59
	Average shared text size (kbytes): 0
	Average unshared data size (kbytes): 0
	Average stack size (kbytes): 0
	Average total size (kbytes): 0
	Maximum resident set size (kbytes): 2165876
	Average resident set size (kbytes): 0
	Major (requiring I/O) page faults: 169
	Minor (reclaiming a frame) page faults: 2517878
	Voluntary context switches: 6864
	Involuntary context switches: 5140
	Swaps: 0
	File system inputs: 0
	File system outputs: 427144
	Socket messages sent: 0
	Socket messages received: 0
	Signals delivered: 0
	Page size (bytes): 4096
	Exit status: 0
