nice: cannot set niceness: Permission denied
Precompiling packages...
   1514.5 ms  ✓ Zlib_jll
   1520.7 ms  ✓ nghttp2_jll
   1561.3 ms  ✓ UUIDs
   1591.8 ms  ✓ OpenSSL_jll
   1621.0 ms  ✓ MozillaCACerts_jll
   1620.4 ms  ✓ Logging
   1667.8 ms  ✓ Unicode
   1681.1 ms  ✓ NetworkOptions
   1734.3 ms  ✓ CompilerSupportLibraries_jll
   1736.3 ms  ✓ Base64
    522.3 ms  ✓ LibSSH2_jll
    548.3 ms  ✓ p7zip_jll
    692.3 ms  ✓ Printf
    505.8 ms  ✓ LibGit2_jll
    504.3 ms  ✓ LibCURL_jll
   3159.1 ms  ✓ ArgTools
    770.7 ms  ✓ LibCURL
    654.9 ms  ✓ Tar
   2916.8 ms  ✓ Dates
   3088.8 ms  ✓ LibGit2
    456.2 ms  ✓ TOML
   3004.6 ms  ✓ Downloads
   8964.4 ms  ✓ StyledStrings
   1654.6 ms  ✓ JuliaSyntaxHighlighting
   3731.6 ms  ✓ Markdown
  46219.8 ms  ✓ Pkg
  26 dependencies successfully precompiled in 61 seconds
Precompiling packages...
    505.4 ms  ✓ Preferences
    331.5 ms  ✓ PrecompileTools
  21360.6 ms  ✓ ExplicitImports
  3 dependencies successfully precompiled in 22 seconds. 26 already precompiled.
	Command being timed: "nice -n -10 timeout -k120 -v 3600 julia +release --project=E/ExplicitImports/Print_Explicit_Imports -e using Pkg; @time @eval Pkg.precompile()"
	User time (seconds): 159.90
	System time (seconds): 7.17
	Percent of CPU this job got: 200%
	Elapsed (wall clock) time (h:mm:ss or m:ss): 1:23.49
	Average shared text size (kbytes): 0
	Average unshared data size (kbytes): 0
	Average stack size (kbytes): 0
	Average total size (kbytes): 0
	Maximum resident set size (kbytes): 2159688
	Average resident set size (kbytes): 0
	Major (requiring I/O) page faults: 175
	Minor (reclaiming a frame) page faults: 2296789
	Voluntary context switches: 6709
	Involuntary context switches: 5396
	Swaps: 0
	File system inputs: 0
	File system outputs: 396296
	Socket messages sent: 0
	Socket messages received: 0
	Signals delivered: 0
	Page size (bytes): 4096
	Exit status: 0
