nice: cannot set niceness: Permission denied
Precompiling packages...
    590.1 ms  ✓ Serialization
   1133.6 ms  ✓ InteractiveUtils
   1767.8 ms  ✓ Preferences
    404.8 ms  ✓ PrecompileTools
   7609.2 ms  ✓ Test
  43799.1 ms  ✓ ExplicitImports
  6 dependencies successfully precompiled in 53 seconds. 27 already precompiled.
	Command being timed: "nice -n -10 timeout -k120 -v 3600 julia +alpha --project=E/ExplicitImports/Print_Explicit_Imports -e using Pkg; @time @eval Pkg.precompile()"
	User time (seconds): 286.60
	System time (seconds): 11.63
	Percent of CPU this job got: 148%
	Elapsed (wall clock) time (h:mm:ss or m:ss): 3:20.35
	Average shared text size (kbytes): 0
	Average unshared data size (kbytes): 0
	Average stack size (kbytes): 0
	Average total size (kbytes): 0
	Maximum resident set size (kbytes): 2695340
	Average resident set size (kbytes): 0
	Major (requiring I/O) page faults: 205
	Minor (reclaiming a frame) page faults: 3502970
	Voluntary context switches: 7116
	Involuntary context switches: 5401
	Swaps: 0
	File system inputs: 0
	File system outputs: 433032
	Socket messages sent: 0
	Socket messages received: 0
	Signals delivered: 0
	Page size (bytes): 4096
	Exit status: 0
