nice: cannot set niceness: Permission denied
Precompiling packages...
   1626.0 ms  ✓ CompilerSupportLibraries_jll
   1688.3 ms  ✓ Zlib_jll
   1722.3 ms  ✓ nghttp2_jll
   1760.2 ms  ✓ OpenSSL_jll
   1727.7 ms  ✓ UUIDs
   1723.9 ms  ✓ Logging
   1728.3 ms  ✓ MozillaCACerts_jll
   1809.8 ms  ✓ NetworkOptions
   1819.8 ms  ✓ Unicode
   1843.5 ms  ✓ Base64
    512.0 ms  ✓ LibSSH2_jll
    619.5 ms  ✓ p7zip_jll
    627.4 ms  ✓ Printf
    454.3 ms  ✓ LibCURL_jll
    459.3 ms  ✓ LibGit2_jll
   3211.9 ms  ✓ ArgTools
    747.5 ms  ✓ LibCURL
    634.6 ms  ✓ Tar
   2988.8 ms  ✓ Dates
   3162.6 ms  ✓ LibGit2
    483.2 ms  ✓ TOML
   3010.7 ms  ✓ Downloads
   9418.1 ms  ✓ StyledStrings
   1693.7 ms  ✓ JuliaSyntaxHighlighting
   3931.1 ms  ✓ Markdown
  47385.0 ms  ✓ Pkg
  26 dependencies successfully precompiled in 62 seconds
Precompiling packages...
    576.0 ms  ✓ Serialization
    565.8 ms  ✓ Preferences
    365.4 ms  ✓ PrecompileTools
   1926.7 ms  ✓ InteractiveUtils
   3381.4 ms  ✓ Test
  24744.7 ms  ✓ ExplicitImports
  6 dependencies successfully precompiled in 30 seconds. 26 already precompiled.
	Command being timed: "nice -n -10 timeout -k120 -v 3600 julia +1.12.6 --project=E/ExplicitImports/Print_Explicit_Imports -e using Pkg; @time @eval Pkg.precompile()"
	User time (seconds): 177.50
	System time (seconds): 7.74
	Percent of CPU this job got: 198%
	Elapsed (wall clock) time (h:mm:ss or m:ss): 1:33.52
	Average shared text size (kbytes): 0
	Average unshared data size (kbytes): 0
	Average stack size (kbytes): 0
	Average total size (kbytes): 0
	Maximum resident set size (kbytes): 2176632
	Average resident set size (kbytes): 0
	Major (requiring I/O) page faults: 212
	Minor (reclaiming a frame) page faults: 2516900
	Voluntary context switches: 6948
	Involuntary context switches: 5438
	Swaps: 0
	File system inputs: 0
	File system outputs: 430648
	Socket messages sent: 0
	Socket messages received: 0
	Signals delivered: 0
	Page size (bytes): 4096
	Exit status: 0
