nice: cannot set niceness: Permission denied
Precompiling packages...
   1460.0 ms  ✓ MozillaCACerts_jll
   1487.3 ms  ✓ UUIDs
   1570.5 ms  ✓ Logging
   1674.9 ms  ✓ Base64
   1676.6 ms  ✓ nghttp2_jll
   1678.8 ms  ✓ Zlib_jll
   1690.1 ms  ✓ Unicode
   1728.7 ms  ✓ OpenSSL_jll
   1760.4 ms  ✓ NetworkOptions
   1769.9 ms  ✓ CompilerSupportLibraries_jll
    466.4 ms  ✓ LibSSH2_jll
    544.0 ms  ✓ p7zip_jll
    672.9 ms  ✓ Printf
    466.2 ms  ✓ LibCURL_jll
    472.5 ms  ✓ LibGit2_jll
   3165.6 ms  ✓ ArgTools
    753.1 ms  ✓ LibCURL
    629.4 ms  ✓ Tar
   2961.3 ms  ✓ Dates
   3028.0 ms  ✓ LibGit2
    437.2 ms  ✓ TOML
   2965.7 ms  ✓ Downloads
   9079.9 ms  ✓ StyledStrings
   1672.5 ms  ✓ JuliaSyntaxHighlighting
   3718.7 ms  ✓ Markdown
  46098.9 ms  ✓ Pkg
  26 dependencies successfully precompiled in 61 seconds
Precompiling packages...
    504.7 ms  ✓ Preferences
    328.3 ms  ✓ PrecompileTools
  20823.4 ms  ✓ ExplicitImports
  3 dependencies successfully precompiled in 22 seconds. 26 already precompiled.
	Command being timed: "nice -n -10 timeout -k120 -v 3600 julia +release --project=E/ExplicitImports/Print_Explicit_Imports -e using Pkg; @time @eval Pkg.precompile()"
	User time (seconds): 159.53
	System time (seconds): 7.03
	Percent of CPU this job got: 200%
	Elapsed (wall clock) time (h:mm:ss or m:ss): 1:22.99
	Average shared text size (kbytes): 0
	Average unshared data size (kbytes): 0
	Average stack size (kbytes): 0
	Average total size (kbytes): 0
	Maximum resident set size (kbytes): 2145736
	Average resident set size (kbytes): 0
	Major (requiring I/O) page faults: 167
	Minor (reclaiming a frame) page faults: 2223581
	Voluntary context switches: 6214
	Involuntary context switches: 5287
	Swaps: 0
	File system inputs: 0
	File system outputs: 399240
	Socket messages sent: 0
	Socket messages received: 0
	Signals delivered: 0
	Page size (bytes): 4096
	Exit status: 0
