nice: cannot set niceness: Permission denied
Precompiling packages...
   1594.0 ms  ✓ MozillaCACerts_jll
   1705.9 ms  ✓ OpenSSL_jll
   1676.6 ms  ✓ UUIDs
   1682.4 ms  ✓ Zlib_jll
   1691.2 ms  ✓ CompilerSupportLibraries_jll
   1708.5 ms  ✓ nghttp2_jll
   1705.0 ms  ✓ Unicode
   1769.1 ms  ✓ Logging
   1777.3 ms  ✓ NetworkOptions
   1854.2 ms  ✓ Base64
    525.1 ms  ✓ LibSSH2_jll
    607.9 ms  ✓ p7zip_jll
    705.3 ms  ✓ Printf
    477.5 ms  ✓ LibCURL_jll
    487.3 ms  ✓ LibGit2_jll
   3398.6 ms  ✓ ArgTools
    792.0 ms  ✓ LibCURL
    642.2 ms  ✓ Tar
   3046.9 ms  ✓ Dates
   3148.4 ms  ✓ LibGit2
    442.5 ms  ✓ TOML
   3095.6 ms  ✓ Downloads
   9640.8 ms  ✓ StyledStrings
   1793.2 ms  ✓ JuliaSyntaxHighlighting
   4152.7 ms  ✓ Markdown
  48838.5 ms  ✓ Pkg
  26 dependencies successfully precompiled in 64 seconds
Precompiling packages...
    557.9 ms  ✓ Preferences
    568.3 ms  ✓ Serialization
    364.1 ms  ✓ PrecompileTools
   1885.5 ms  ✓ InteractiveUtils
   3329.3 ms  ✓ Test
  24917.2 ms  ✓ ExplicitImports
  6 dependencies successfully precompiled in 30 seconds. 26 already precompiled.
	Command being timed: "nice -n -10 timeout -k120 -v 3600 julia +1.12.6 --project=E/ExplicitImports/Print_Explicit_Imports -e using Pkg; @time @eval Pkg.precompile()"
	User time (seconds): 180.63
	System time (seconds): 7.82
	Percent of CPU this job got: 197%
	Elapsed (wall clock) time (h:mm:ss or m:ss): 1:35.58
	Average shared text size (kbytes): 0
	Average unshared data size (kbytes): 0
	Average stack size (kbytes): 0
	Average total size (kbytes): 0
	Maximum resident set size (kbytes): 2190184
	Average resident set size (kbytes): 0
	Major (requiring I/O) page faults: 159
	Minor (reclaiming a frame) page faults: 2500301
	Voluntary context switches: 6680
	Involuntary context switches: 5182
	Swaps: 0
	File system inputs: 0
	File system outputs: 430288
	Socket messages sent: 0
	Socket messages received: 0
	Signals delivered: 0
	Page size (bytes): 4096
	Exit status: 0
