nice: cannot set niceness: Permission denied
Precompiling packages...
   1720.5 ms  ✓ nghttp2_jll
   1716.2 ms  ✓ UUIDs
   1787.8 ms  ✓ MozillaCACerts_jll
   1826.2 ms  ✓ OpenSSL_jll
   1799.5 ms  ✓ Logging
   1827.4 ms  ✓ Unicode
   1819.4 ms  ✓ Zlib_jll
   1916.5 ms  ✓ CompilerSupportLibraries_jll
   1993.8 ms  ✓ Base64
   1993.9 ms  ✓ NetworkOptions
    560.9 ms  ✓ LibSSH2_jll
    586.5 ms  ✓ p7zip_jll
    771.6 ms  ✓ Printf
    508.3 ms  ✓ LibGit2_jll
    530.8 ms  ✓ LibCURL_jll
   3534.2 ms  ✓ ArgTools
    764.9 ms  ✓ LibCURL
    671.6 ms  ✓ Tar
   3073.3 ms  ✓ Dates
    502.1 ms  ✓ TOML
   3325.7 ms  ✓ LibGit2
   3094.1 ms  ✓ Downloads
  10045.0 ms  ✓ StyledStrings
   1818.9 ms  ✓ JuliaSyntaxHighlighting
   3943.7 ms  ✓ Markdown
  47480.3 ms  ✓ Pkg
  26 dependencies successfully precompiled in 63 seconds
Precompiling packages...
    552.2 ms  ✓ Preferences
    562.2 ms  ✓ Serialization
    354.9 ms  ✓ PrecompileTools
   1821.7 ms  ✓ InteractiveUtils
   3343.8 ms  ✓ Test
  25336.5 ms  ✓ ExplicitImports
  6 dependencies successfully precompiled in 31 seconds. 26 already precompiled.
	Command being timed: "nice -n -10 timeout -k120 -v 3600 julia +1.12.6 --project=E/ExplicitImports/Print_Explicit_Imports -e using Pkg; @time @eval Pkg.precompile()"
	User time (seconds): 179.97
	System time (seconds): 8.11
	Percent of CPU this job got: 198%
	Elapsed (wall clock) time (h:mm:ss or m:ss): 1:34.83
	Average shared text size (kbytes): 0
	Average unshared data size (kbytes): 0
	Average stack size (kbytes): 0
	Average total size (kbytes): 0
	Maximum resident set size (kbytes): 2169924
	Average resident set size (kbytes): 0
	Major (requiring I/O) page faults: 165
	Minor (reclaiming a frame) page faults: 2497495
	Voluntary context switches: 7430
	Involuntary context switches: 7365
	Swaps: 0
	File system inputs: 0
	File system outputs: 430472
	Socket messages sent: 0
	Socket messages received: 0
	Signals delivered: 0
	Page size (bytes): 4096
	Exit status: 0
