nice: cannot set niceness: Permission denied
Precompiling packages...
    558.8 ms  ✓ Serialization
   1093.6 ms  ✓ InteractiveUtils
   1655.6 ms  ✓ Preferences
    363.7 ms  ✓ PrecompileTools
   6834.9 ms  ✓ Test
  34448.2 ms  ✓ ExplicitImports
  6 dependencies successfully precompiled in 42 seconds. 27 already precompiled.
	Command being timed: "nice -n -10 timeout -k120 -v 3600 julia +alpha --project=E/ExplicitImports/Print_Explicit_Imports -e using Pkg; @time @eval Pkg.precompile()"
	User time (seconds): 192.19
	System time (seconds): 8.81
	Percent of CPU this job got: 146%
	Elapsed (wall clock) time (h:mm:ss or m:ss): 2:16.85
	Average shared text size (kbytes): 0
	Average unshared data size (kbytes): 0
	Average stack size (kbytes): 0
	Average total size (kbytes): 0
	Maximum resident set size (kbytes): 2778464
	Average resident set size (kbytes): 0
	Major (requiring I/O) page faults: 177
	Minor (reclaiming a frame) page faults: 3518944
	Voluntary context switches: 8336
	Involuntary context switches: 2779
	Swaps: 0
	File system inputs: 0
	File system outputs: 432744
	Socket messages sent: 0
	Socket messages received: 0
	Signals delivered: 0
	Page size (bytes): 4096
	Exit status: 0
