Precompiling Pkg...
   1010.4 ms  ✓ Logging
   1011.6 ms  ✓ MozillaCACerts_jll
   1101.5 ms  ✓ MbedTLS_jll
   1149.2 ms  ✓ nghttp2_jll
   1190.4 ms  ✓ Unicode
   1189.5 ms  ✓ UUIDs
   1192.7 ms  ✓ NetworkOptions
   1211.3 ms  ✓ Zlib_jll
   1237.7 ms  ✓ p7zip_jll
   1256.5 ms  ✓ Base64
    395.4 ms  ✓ LibSSH2_jll
    436.0 ms  ✓ Printf
    355.6 ms  ✓ LibGit2_jll
    392.7 ms  ✓ LibCURL_jll
   2137.4 ms  ✓ ArgTools
    605.0 ms  ✓ LibCURL
    567.9 ms  ✓ Tar
   2383.7 ms  ✓ Dates
   2874.4 ms  ✓ Markdown
   2409.7 ms  ✓ LibGit2
    387.2 ms  ✓ TOML
   2918.1 ms  ✓ Downloads
  38451.1 ms  ✓ Pkg
  23 dependencies successfully precompiled in 44 seconds
Precompiling project...
    407.2 ms  ✓ AbstractTrees
    425.5 ms  ✓ Compat
    505.9 ms  ✓ Preferences
    299.4 ms  ✓ PrecompileTools
   9804.1 ms  ✓ JuliaSyntax
   7135.3 ms  ✓ ExplicitImports
  6 dependencies successfully precompiled in 17 seconds. 23 already precompiled.
	Command being timed: "julia +1.11.5 --project=E/ExplicitImports/Print_Explicit_Imports -e using Pkg; @time @eval Pkg.precompile()"
	User time (seconds): 125.31
	System time (seconds): 6.23
	Percent of CPU this job got: 212%
	Elapsed (wall clock) time (h:mm:ss or m:ss): 1:01.89
	Average shared text size (kbytes): 0
	Average unshared data size (kbytes): 0
	Average stack size (kbytes): 0
	Average total size (kbytes): 0
	Maximum resident set size (kbytes): 2022668
	Average resident set size (kbytes): 0
	Major (requiring I/O) page faults: 154
	Minor (reclaiming a frame) page faults: 2003786
	Voluntary context switches: 41388
	Involuntary context switches: 3025
	Swaps: 0
	File system inputs: 0
	File system outputs: 494736
	Socket messages sent: 0
	Socket messages received: 0
	Signals delivered: 0
	Page size (bytes): 4096
	Exit status: 0
