nice: cannot set niceness: Permission denied
Precompiling packages...
  72780.6 ms  ✓ Pkg (serial)
  1 dependency successfully precompiled in 73 seconds
Precompiling packages...
    614.3 ms  ✓ OpenLibm_jll
    685.1 ms  ✓ Unicode
    712.6 ms  ✓ CompilerSupportLibraries_jll
    756.9 ms  ✓ StaticArraysCore
    915.0 ms  ✓ DocStringExtensions
    496.4 ms  ✓ DiffResults
    746.5 ms  ✓ Preferences
    457.3 ms  ✓ JLLWrappers
   1500.6 ms  ✓ NaNMath
   2340.8 ms  ✓ IrrationalConstants
    559.5 ms  ✓ OpenSpecFun_jll
    565.3 ms  ✓ LogExpFunctions
   3032.2 ms  ✓ MacroTools
    439.7 ms  ✓ CommonSubexpressions
   1913.8 ms  ✓ SpecialFunctions
    499.6 ms  ✓ DiffRules
   3179.2 ms  ✓ ForwardDiff
  17 dependencies successfully precompiled in 9 seconds. 3 already precompiled.
	Command being timed: "nice -n -10 timeout -k120 -v 3600 julia +1.12.2 --project=F/ForwardDiff/Gradient-Of-Square-Norm -e using Pkg; @time @eval Pkg.precompile()"
	User time (seconds): 135.42
	System time (seconds): 7.10
	Percent of CPU this job got: 173%
	Elapsed (wall clock) time (h:mm:ss or m:ss): 1:21.96
	Average shared text size (kbytes): 0
	Average unshared data size (kbytes): 0
	Average stack size (kbytes): 0
	Average total size (kbytes): 0
	Maximum resident set size (kbytes): 2108524
	Average resident set size (kbytes): 0
	Major (requiring I/O) page faults: 231
	Minor (reclaiming a frame) page faults: 2471461
	Voluntary context switches: 7574
	Involuntary context switches: 3301
	Swaps: 0
	File system inputs: 0
	File system outputs: 343880
	Socket messages sent: 0
	Socket messages received: 0
	Signals delivered: 0
	Page size (bytes): 4096
	Exit status: 0
