nice: cannot set niceness: Permission denied
Precompiling packages...
    478.4 ms  ✓ StaticArraysCore
    566.8 ms  ✓ DocStringExtensions
    609.8 ms  ✓ OpenLibm_jll
    481.7 ms  ✓ Unicode
    468.7 ms  ✓ DiffResults
    527.8 ms  ✓ NaNMath
   1284.7 ms  ✓ IrrationalConstants
    532.3 ms  ✓ LogExpFunctions
   1823.1 ms  ✓ Preferences
    620.0 ms  ✓ JLLWrappers
    716.2 ms  ✓ OpenSpecFun_jll
   4377.7 ms  ✓ MacroTools
    441.5 ms  ✓ CommonSubexpressions
   2049.1 ms  ✓ SpecialFunctions
    490.7 ms  ✓ DiffRules
   2944.2 ms  ✓ ForwardDiff
  16 dependencies successfully precompiled in 10 seconds. 3 already precompiled.
	Command being timed: "nice -n -10 timeout -k120 -v 3600 julia +alpha --project=F/ForwardDiff/Gradient-Of-Square-Norm -e using Pkg; @time @eval Pkg.precompile()"
	User time (seconds): 152.38
	System time (seconds): 8.10
	Percent of CPU this job got: 133%
	Elapsed (wall clock) time (h:mm:ss or m:ss): 2:00.13
	Average shared text size (kbytes): 0
	Average unshared data size (kbytes): 0
	Average stack size (kbytes): 0
	Average total size (kbytes): 0
	Maximum resident set size (kbytes): 2588188
	Average resident set size (kbytes): 0
	Major (requiring I/O) page faults: 199
	Minor (reclaiming a frame) page faults: 3210309
	Voluntary context switches: 8516
	Involuntary context switches: 1707
	Swaps: 0
	File system inputs: 0
	File system outputs: 362544
	Socket messages sent: 0
	Socket messages received: 0
	Signals delivered: 0
	Page size (bytes): 4096
	Exit status: 0
