Precompiling project...
    505.0 ms  ✓ Unicode
    513.9 ms  ✓ OpenLibm_jll
    527.3 ms  ✓ StaticArraysCore
    686.7 ms  ✓ CompilerSupportLibraries_jll
    702.5 ms  ✓ DocStringExtensions
    466.7 ms  ✓ DiffResults
    484.9 ms  ✓ NaNMath
   1143.6 ms  ✓ IrrationalConstants
    667.2 ms  ✓ Preferences
    360.2 ms  ✓ JLLWrappers
    464.2 ms  ✓ LogExpFunctions
   1986.4 ms  ✓ MacroTools
    472.0 ms  ✓ OpenSpecFun_jll
    334.7 ms  ✓ CommonSubexpressions
   1678.6 ms  ✓ SpecialFunctions
    434.4 ms  ✓ DiffRules
   2274.8 ms  ✓ ForwardDiff
  17 dependencies successfully precompiled in 6 seconds. 3 already precompiled.
	Command being timed: "julia +1.11.6 --project=F/ForwardDiff/Gradient-Of-Square-Norm -e using Pkg; @time @eval Pkg.precompile()"
	User time (seconds): 104.53
	System time (seconds): 5.72
	Percent of CPU this job got: 184%
	Elapsed (wall clock) time (h:mm:ss or m:ss): 0:59.81
	Average shared text size (kbytes): 0
	Average unshared data size (kbytes): 0
	Average stack size (kbytes): 0
	Average total size (kbytes): 0
	Maximum resident set size (kbytes): 2047568
	Average resident set size (kbytes): 0
	Major (requiring I/O) page faults: 174
	Minor (reclaiming a frame) page faults: 1980108
	Voluntary context switches: 52452
	Involuntary context switches: 4474
	Swaps: 0
	File system inputs: 0
	File system outputs: 395384
	Socket messages sent: 0
	Socket messages received: 0
	Signals delivered: 0
	Page size (bytes): 4096
	Exit status: 0
