nice: cannot set niceness: Permission denied
Precompiling packages...
  73947.9 ms  ✓ Pkg (serial)
  1 dependency successfully precompiled in 74 seconds
Precompiling packages...
    655.3 ms  ✓ OpenLibm_jll
    707.9 ms  ✓ Unicode
    746.2 ms  ✓ CompilerSupportLibraries_jll
    764.5 ms  ✓ StaticArraysCore
    916.6 ms  ✓ DocStringExtensions
    514.7 ms  ✓ DiffResults
    719.1 ms  ✓ Preferences
    461.9 ms  ✓ JLLWrappers
   1574.3 ms  ✓ NaNMath
    561.1 ms  ✓ OpenSpecFun_jll
   2454.8 ms  ✓ IrrationalConstants
    567.6 ms  ✓ LogExpFunctions
   3089.7 ms  ✓ MacroTools
    436.6 ms  ✓ CommonSubexpressions
   1987.1 ms  ✓ SpecialFunctions
    496.4 ms  ✓ DiffRules
   3232.7 ms  ✓ ForwardDiff
  17 dependencies successfully precompiled in 9 seconds. 3 already precompiled.
	Command being timed: "nice -n -10 timeout -k120 -v 3600 julia +release --project=F/ForwardDiff/Gradient-Of-Square-Norm -e using Pkg; @time @eval Pkg.precompile()"
	User time (seconds): 138.47
	System time (seconds): 7.10
	Percent of CPU this job got: 174%
	Elapsed (wall clock) time (h:mm:ss or m:ss): 1:23.55
	Average shared text size (kbytes): 0
	Average unshared data size (kbytes): 0
	Average stack size (kbytes): 0
	Average total size (kbytes): 0
	Maximum resident set size (kbytes): 2152224
	Average resident set size (kbytes): 0
	Major (requiring I/O) page faults: 207
	Minor (reclaiming a frame) page faults: 2519417
	Voluntary context switches: 8509
	Involuntary context switches: 3926
	Swaps: 0
	File system inputs: 0
	File system outputs: 349720
	Socket messages sent: 0
	Socket messages received: 0
	Signals delivered: 0
	Page size (bytes): 4096
	Exit status: 0
