nice: cannot set niceness: Permission denied
Precompiling packages...
  74998.0 ms  ✓ Pkg (serial)
  1 dependency successfully precompiled in 75 seconds
Precompiling packages...
    668.2 ms  ✓ OpenLibm_jll
    730.7 ms  ✓ Unicode
    753.7 ms  ✓ CompilerSupportLibraries_jll
    781.9 ms  ✓ StaticArraysCore
    927.5 ms  ✓ DocStringExtensions
    507.9 ms  ✓ DiffResults
    713.8 ms  ✓ Preferences
    467.4 ms  ✓ JLLWrappers
   1555.2 ms  ✓ NaNMath
    563.2 ms  ✓ OpenSpecFun_jll
   2499.0 ms  ✓ IrrationalConstants
    597.2 ms  ✓ LogExpFunctions
   3107.9 ms  ✓ MacroTools
    445.5 ms  ✓ CommonSubexpressions
   2083.5 ms  ✓ SpecialFunctions
    505.5 ms  ✓ DiffRules
   3348.6 ms  ✓ ForwardDiff
  17 dependencies successfully precompiled in 9 seconds. 3 already precompiled.
	Command being timed: "nice -n -10 timeout -k120 -v 3600 julia +release --project=F/ForwardDiff/Gradient-Of-Square-Norm -e using Pkg; @time @eval Pkg.precompile()"
	User time (seconds): 140.30
	System time (seconds): 7.05
	Percent of CPU this job got: 173%
	Elapsed (wall clock) time (h:mm:ss or m:ss): 1:25.05
	Average shared text size (kbytes): 0
	Average unshared data size (kbytes): 0
	Average stack size (kbytes): 0
	Average total size (kbytes): 0
	Maximum resident set size (kbytes): 2152872
	Average resident set size (kbytes): 0
	Major (requiring I/O) page faults: 195
	Minor (reclaiming a frame) page faults: 2518792
	Voluntary context switches: 8494
	Involuntary context switches: 4000
	Swaps: 0
	File system inputs: 0
	File system outputs: 354040
	Socket messages sent: 0
	Socket messages received: 0
	Signals delivered: 0
	Page size (bytes): 4096
	Exit status: 0
