nice: cannot set niceness: Permission denied
Precompiling packages...
    484.2 ms  ✓ StaticArraysCore
    573.9 ms  ✓ DocStringExtensions
    627.5 ms  ✓ OpenLibm_jll
    481.9 ms  ✓ Unicode
    466.8 ms  ✓ DiffResults
    528.1 ms  ✓ NaNMath
   1262.4 ms  ✓ IrrationalConstants
    554.2 ms  ✓ LogExpFunctions
   1661.8 ms  ✓ Preferences
    445.4 ms  ✓ JLLWrappers
    528.1 ms  ✓ OpenSpecFun_jll
   4350.8 ms  ✓ MacroTools
    440.1 ms  ✓ CommonSubexpressions
   1892.9 ms  ✓ SpecialFunctions
    495.5 ms  ✓ DiffRules
   2704.9 ms  ✓ ForwardDiff
  16 dependencies successfully precompiled in 9 seconds. 3 already precompiled.
	Command being timed: "nice -n -10 timeout -k120 -v 3600 julia +alpha --project=F/ForwardDiff/Gradient-Of-Square-Norm -e using Pkg; @time @eval Pkg.precompile()"
	User time (seconds): 150.59
	System time (seconds): 8.12
	Percent of CPU this job got: 133%
	Elapsed (wall clock) time (h:mm:ss or m:ss): 1:58.95
	Average shared text size (kbytes): 0
	Average unshared data size (kbytes): 0
	Average stack size (kbytes): 0
	Average total size (kbytes): 0
	Maximum resident set size (kbytes): 2638896
	Average resident set size (kbytes): 0
	Major (requiring I/O) page faults: 189
	Minor (reclaiming a frame) page faults: 3201403
	Voluntary context switches: 8507
	Involuntary context switches: 1441
	Swaps: 0
	File system inputs: 0
	File system outputs: 360872
	Socket messages sent: 0
	Socket messages received: 0
	Signals delivered: 0
	Page size (bytes): 4096
	Exit status: 0
