nice: cannot set niceness: Permission denied
Precompiling packages...
    596.0 ms  ✓ OpenLibm_jll
    660.6 ms  ✓ CompilerSupportLibraries_jll
    673.9 ms  ✓ StaticArraysCore
    776.6 ms  ✓ DocStringExtensions
    872.0 ms  ✓ Preferences
    460.7 ms  ✓ NaNMath
    391.0 ms  ✓ DiffResults
    365.5 ms  ✓ JLLWrappers
   1381.1 ms  ✓ IrrationalConstants
    360.9 ms  ✓ OpenSpecFun_jll
    442.9 ms  ✓ LogExpFunctions
   1854.8 ms  ✓ MacroTools
    314.4 ms  ✓ CommonSubexpressions
   1660.1 ms  ✓ SpecialFunctions
    408.6 ms  ✓ DiffRules
   1986.6 ms  ✓ ForwardDiff
  16 dependencies successfully precompiled in 6 seconds
	Command being timed: "nice -n -10 timeout -k120 -v 3600 julia +lts --project=F/ForwardDiff/Gradient-Of-Square-Norm -e using Pkg; @time @eval Pkg.precompile()"
	User time (seconds): 11.61
	System time (seconds): 2.50
	Percent of CPU this job got: 193%
	Elapsed (wall clock) time (h:mm:ss or m:ss): 0:07.27
	Average shared text size (kbytes): 0
	Average unshared data size (kbytes): 0
	Average stack size (kbytes): 0
	Average total size (kbytes): 0
	Maximum resident set size (kbytes): 344216
	Average resident set size (kbytes): 0
	Major (requiring I/O) page faults: 47
	Minor (reclaiming a frame) page faults: 684438
	Voluntary context switches: 22721
	Involuntary context switches: 459
	Swaps: 0
	File system inputs: 0
	File system outputs: 45312
	Socket messages sent: 0
	Socket messages received: 0
	Signals delivered: 0
	Page size (bytes): 4096
	Exit status: 0
