nice: cannot set niceness: Permission denied
Precompiling packages...
  74111.8 ms  ✓ Pkg (serial)
  1 dependency successfully precompiled in 74 seconds
Precompiling packages...
    631.3 ms  ✓ OpenLibm_jll
    740.4 ms  ✓ Unicode
    754.6 ms  ✓ CompilerSupportLibraries_jll
    762.9 ms  ✓ StaticArraysCore
    953.9 ms  ✓ DocStringExtensions
    544.6 ms  ✓ DiffResults
    737.2 ms  ✓ Preferences
    443.0 ms  ✓ JLLWrappers
   1503.0 ms  ✓ NaNMath
   2382.2 ms  ✓ IrrationalConstants
    563.1 ms  ✓ OpenSpecFun_jll
    521.3 ms  ✓ LogExpFunctions
   3099.8 ms  ✓ MacroTools
    431.0 ms  ✓ CommonSubexpressions
   1944.8 ms  ✓ SpecialFunctions
    496.7 ms  ✓ DiffRules
   3140.0 ms  ✓ ForwardDiff
  17 dependencies successfully precompiled in 8 seconds. 3 already precompiled.
	Command being timed: "nice -n -10 timeout -k120 -v 3600 julia +release --project=F/ForwardDiff/Gradient-Of-Square-Norm -e using Pkg; @time @eval Pkg.precompile()"
	User time (seconds): 136.87
	System time (seconds): 7.27
	Percent of CPU this job got: 173%
	Elapsed (wall clock) time (h:mm:ss or m:ss): 1:23.28
	Average shared text size (kbytes): 0
	Average unshared data size (kbytes): 0
	Average stack size (kbytes): 0
	Average total size (kbytes): 0
	Maximum resident set size (kbytes): 2095656
	Average resident set size (kbytes): 0
	Major (requiring I/O) page faults: 182
	Minor (reclaiming a frame) page faults: 2514090
	Voluntary context switches: 8432
	Involuntary context switches: 3470
	Swaps: 0
	File system inputs: 0
	File system outputs: 343208
	Socket messages sent: 0
	Socket messages received: 0
	Signals delivered: 0
	Page size (bytes): 4096
	Exit status: 0
