nice: cannot set niceness: Permission denied
Precompiling packages...
  75191.6 ms  ✓ Pkg (serial)
  1 dependency successfully precompiled in 75 seconds
Precompiling packages...
    738.6 ms  ✓ CompilerSupportLibraries_jll
    743.3 ms  ✓ Unicode
    761.3 ms  ✓ OpenLibm_jll
    817.2 ms  ✓ StaticArraysCore
    930.6 ms  ✓ DocStringExtensions
    492.9 ms  ✓ DiffResults
    717.9 ms  ✓ Preferences
    472.9 ms  ✓ JLLWrappers
   1500.2 ms  ✓ NaNMath
    564.0 ms  ✓ OpenSpecFun_jll
   2515.6 ms  ✓ IrrationalConstants
    561.1 ms  ✓ LogExpFunctions
   3182.9 ms  ✓ MacroTools
    434.0 ms  ✓ CommonSubexpressions
   2082.3 ms  ✓ SpecialFunctions
    499.2 ms  ✓ DiffRules
   3213.0 ms  ✓ ForwardDiff
  17 dependencies successfully precompiled in 9 seconds. 3 already precompiled.
	Command being timed: "nice -n -10 timeout -k120 -v 3600 julia +release --project=F/ForwardDiff/Gradient-Of-Square-Norm -e using Pkg; @time @eval Pkg.precompile()"
	User time (seconds): 141.37
	System time (seconds): 7.18
	Percent of CPU this job got: 174%
	Elapsed (wall clock) time (h:mm:ss or m:ss): 1:25.14
	Average shared text size (kbytes): 0
	Average unshared data size (kbytes): 0
	Average stack size (kbytes): 0
	Average total size (kbytes): 0
	Maximum resident set size (kbytes): 2153904
	Average resident set size (kbytes): 0
	Major (requiring I/O) page faults: 227
	Minor (reclaiming a frame) page faults: 2517486
	Voluntary context switches: 8252
	Involuntary context switches: 3722
	Swaps: 0
	File system inputs: 0
	File system outputs: 355728
	Socket messages sent: 0
	Socket messages received: 0
	Signals delivered: 0
	Page size (bytes): 4096
	Exit status: 0
