nice: cannot set niceness: Permission denied
Precompiling packages...
    502.3 ms  ✓ StaticArraysCore
    576.8 ms  ✓ DocStringExtensions
    652.5 ms  ✓ OpenLibm_jll
    471.3 ms  ✓ Unicode
    471.7 ms  ✓ DiffResults
    560.1 ms  ✓ NaNMath
   1313.8 ms  ✓ IrrationalConstants
    570.6 ms  ✓ LogExpFunctions
   1434.9 ms  ✓ Preferences
    447.5 ms  ✓ JLLWrappers
    549.4 ms  ✓ OpenSpecFun_jll
   4025.9 ms  ✓ MacroTools
    451.9 ms  ✓ CommonSubexpressions
   1849.2 ms  ✓ SpecialFunctions
    508.7 ms  ✓ DiffRules
   2782.6 ms  ✓ ForwardDiff
  16 dependencies successfully precompiled in 9 seconds. 3 already precompiled.
	Command being timed: "nice -n -10 timeout -k120 -v 3600 julia +nightly --project=F/ForwardDiff/Gradient-Of-Square-Norm -e using Pkg; @time @eval Pkg.precompile()"
	User time (seconds): 159.04
	System time (seconds): 8.18
	Percent of CPU this job got: 132%
	Elapsed (wall clock) time (h:mm:ss or m:ss): 2:05.93
	Average shared text size (kbytes): 0
	Average unshared data size (kbytes): 0
	Average stack size (kbytes): 0
	Average total size (kbytes): 0
	Maximum resident set size (kbytes): 2455076
	Average resident set size (kbytes): 0
	Major (requiring I/O) page faults: 194
	Minor (reclaiming a frame) page faults: 3161775
	Voluntary context switches: 8283
	Involuntary context switches: 1833
	Swaps: 0
	File system inputs: 0
	File system outputs: 365408
	Socket messages sent: 0
	Socket messages received: 0
	Signals delivered: 0
	Page size (bytes): 4096
	Exit status: 0
