nice: cannot set niceness: Permission denied
Precompiling packages...
    607.2 ms  ✓ OpenLibm_jll
    620.5 ms  ✓ CompilerSupportLibraries_jll
    689.8 ms  ✓ StaticArraysCore
    799.0 ms  ✓ DocStringExtensions
    873.0 ms  ✓ Preferences
    468.5 ms  ✓ NaNMath
    396.2 ms  ✓ DiffResults
    369.4 ms  ✓ JLLWrappers
   1400.4 ms  ✓ IrrationalConstants
    373.1 ms  ✓ OpenSpecFun_jll
    446.7 ms  ✓ LogExpFunctions
   1838.1 ms  ✓ MacroTools
    318.7 ms  ✓ CommonSubexpressions
   1657.6 ms  ✓ SpecialFunctions
    409.8 ms  ✓ DiffRules
   2049.5 ms  ✓ ForwardDiff
  16 dependencies successfully precompiled in 7 seconds
	Command being timed: "nice -n -10 timeout -k120 -v 3600 julia +lts --project=F/ForwardDiff/Gradient-Of-Square-Norm -e using Pkg; @time @eval Pkg.precompile()"
	User time (seconds): 11.59
	System time (seconds): 2.48
	Percent of CPU this job got: 193%
	Elapsed (wall clock) time (h:mm:ss or m:ss): 0:07.28
	Average shared text size (kbytes): 0
	Average unshared data size (kbytes): 0
	Average stack size (kbytes): 0
	Average total size (kbytes): 0
	Maximum resident set size (kbytes): 343172
	Average resident set size (kbytes): 0
	Major (requiring I/O) page faults: 50
	Minor (reclaiming a frame) page faults: 680079
	Voluntary context switches: 22743
	Involuntary context switches: 476
	Swaps: 0
	File system inputs: 0
	File system outputs: 40792
	Socket messages sent: 0
	Socket messages received: 0
	Signals delivered: 0
	Page size (bytes): 4096
	Exit status: 0
