nice: cannot set niceness: Permission denied
Precompiling packages...
    480.7 ms  ✓ StaticArraysCore
    569.6 ms  ✓ DocStringExtensions
    635.5 ms  ✓ OpenLibm_jll
    487.8 ms  ✓ Unicode
    481.9 ms  ✓ DiffResults
    513.0 ms  ✓ NaNMath
   1294.6 ms  ✓ IrrationalConstants
    559.4 ms  ✓ LogExpFunctions
   1678.1 ms  ✓ Preferences
    441.5 ms  ✓ JLLWrappers
    528.1 ms  ✓ OpenSpecFun_jll
   4370.5 ms  ✓ MacroTools
    438.1 ms  ✓ CommonSubexpressions
   1892.4 ms  ✓ SpecialFunctions
    501.9 ms  ✓ DiffRules
   2711.9 ms  ✓ ForwardDiff
  16 dependencies successfully precompiled in 9 seconds. 3 already precompiled.
	Command being timed: "nice -n -10 timeout -k120 -v 3600 julia +alpha --project=F/ForwardDiff/Gradient-Of-Square-Norm -e using Pkg; @time @eval Pkg.precompile()"
	User time (seconds): 152.53
	System time (seconds): 7.98
	Percent of CPU this job got: 132%
	Elapsed (wall clock) time (h:mm:ss or m:ss): 2:00.91
	Average shared text size (kbytes): 0
	Average unshared data size (kbytes): 0
	Average stack size (kbytes): 0
	Average total size (kbytes): 0
	Maximum resident set size (kbytes): 2738080
	Average resident set size (kbytes): 0
	Major (requiring I/O) page faults: 187
	Minor (reclaiming a frame) page faults: 3251755
	Voluntary context switches: 8524
	Involuntary context switches: 1497
	Swaps: 0
	File system inputs: 0
	File system outputs: 360376
	Socket messages sent: 0
	Socket messages received: 0
	Signals delivered: 0
	Page size (bytes): 4096
	Exit status: 0
