nice: cannot set niceness: Permission denied
Precompiling packages...
    661.2 ms  ✓ OpenLibm_jll
    675.7 ms  ✓ CompilerSupportLibraries_jll
    696.3 ms  ✓ StaticArraysCore
    803.2 ms  ✓ DocStringExtensions
    905.4 ms  ✓ Preferences
    405.6 ms  ✓ DiffResults
    446.6 ms  ✓ NaNMath
   1420.2 ms  ✓ IrrationalConstants
    384.4 ms  ✓ JLLWrappers
    378.5 ms  ✓ OpenSpecFun_jll
    442.3 ms  ✓ LogExpFunctions
   1907.7 ms  ✓ MacroTools
    339.1 ms  ✓ CommonSubexpressions
   1711.6 ms  ✓ SpecialFunctions
    428.2 ms  ✓ DiffRules
   2067.5 ms  ✓ ForwardDiff
  16 dependencies successfully precompiled in 7 seconds
	Command being timed: "nice -n -10 timeout -k120 -v 3600 julia +lts --project=F/ForwardDiff/Gradient-Of-Square-Norm -e using Pkg; @time @eval Pkg.precompile()"
	User time (seconds): 12.05
	System time (seconds): 2.63
	Percent of CPU this job got: 192%
	Elapsed (wall clock) time (h:mm:ss or m:ss): 0:07.64
	Average shared text size (kbytes): 0
	Average unshared data size (kbytes): 0
	Average stack size (kbytes): 0
	Average total size (kbytes): 0
	Maximum resident set size (kbytes): 374508
	Average resident set size (kbytes): 0
	Major (requiring I/O) page faults: 30
	Minor (reclaiming a frame) page faults: 700205
	Voluntary context switches: 22055
	Involuntary context switches: 840
	Swaps: 0
	File system inputs: 0
	File system outputs: 49144
	Socket messages sent: 0
	Socket messages received: 0
	Signals delivered: 0
	Page size (bytes): 4096
	Exit status: 0
