nice: cannot set niceness: Permission denied
Precompiling packages...
    481.3 ms  ✓ StaticArraysCore
    572.6 ms  ✓ DocStringExtensions
    629.4 ms  ✓ OpenLibm_jll
    479.5 ms  ✓ Unicode
    473.9 ms  ✓ DiffResults
    532.8 ms  ✓ NaNMath
   1273.4 ms  ✓ IrrationalConstants
    569.7 ms  ✓ LogExpFunctions
   1359.3 ms  ✓ Preferences
    449.6 ms  ✓ JLLWrappers
    536.6 ms  ✓ OpenSpecFun_jll
   3729.7 ms  ✓ MacroTools
    452.2 ms  ✓ CommonSubexpressions
   1874.2 ms  ✓ SpecialFunctions
    503.3 ms  ✓ DiffRules
   2789.9 ms  ✓ ForwardDiff
  16 dependencies successfully precompiled in 8 seconds. 3 already precompiled.
	Command being timed: "nice -n -10 timeout -k120 -v 3600 julia +alpha --project=F/ForwardDiff/Gradient-Of-Square-Norm -e using Pkg; @time @eval Pkg.precompile()"
	User time (seconds): 146.35
	System time (seconds): 8.14
	Percent of CPU this job got: 133%
	Elapsed (wall clock) time (h:mm:ss or m:ss): 1:55.64
	Average shared text size (kbytes): 0
	Average unshared data size (kbytes): 0
	Average stack size (kbytes): 0
	Average total size (kbytes): 0
	Maximum resident set size (kbytes): 2627736
	Average resident set size (kbytes): 0
	Major (requiring I/O) page faults: 196
	Minor (reclaiming a frame) page faults: 3124427
	Voluntary context switches: 8467
	Involuntary context switches: 1510
	Swaps: 0
	File system inputs: 0
	File system outputs: 358752
	Socket messages sent: 0
	Socket messages received: 0
	Signals delivered: 0
	Page size (bytes): 4096
	Exit status: 0
