nice: cannot set niceness: Permission denied
Precompiling packages...
  73451.8 ms  ✓ Pkg (serial)
  1 dependency successfully precompiled in 73 seconds
Precompiling packages...
    650.7 ms  ✓ OpenLibm_jll
    687.3 ms  ✓ Unicode
    741.9 ms  ✓ CompilerSupportLibraries_jll
    770.2 ms  ✓ StaticArraysCore
    885.4 ms  ✓ DocStringExtensions
    506.8 ms  ✓ DiffResults
    717.6 ms  ✓ Preferences
    443.8 ms  ✓ JLLWrappers
   1587.5 ms  ✓ NaNMath
    546.3 ms  ✓ OpenSpecFun_jll
   2470.8 ms  ✓ IrrationalConstants
    592.3 ms  ✓ LogExpFunctions
   3089.3 ms  ✓ MacroTools
    429.3 ms  ✓ CommonSubexpressions
   1997.0 ms  ✓ SpecialFunctions
    491.0 ms  ✓ DiffRules
   3136.3 ms  ✓ ForwardDiff
  17 dependencies successfully precompiled in 9 seconds. 3 already precompiled.
	Command being timed: "nice -n -10 timeout -k120 -v 3600 julia +release --project=F/ForwardDiff/Gradient-Of-Square-Norm -e using Pkg; @time @eval Pkg.precompile()"
	User time (seconds): 136.83
	System time (seconds): 7.08
	Percent of CPU this job got: 173%
	Elapsed (wall clock) time (h:mm:ss or m:ss): 1:23.00
	Average shared text size (kbytes): 0
	Average unshared data size (kbytes): 0
	Average stack size (kbytes): 0
	Average total size (kbytes): 0
	Maximum resident set size (kbytes): 2157644
	Average resident set size (kbytes): 0
	Major (requiring I/O) page faults: 169
	Minor (reclaiming a frame) page faults: 2505101
	Voluntary context switches: 7835
	Involuntary context switches: 3213
	Swaps: 0
	File system inputs: 0
	File system outputs: 349992
	Socket messages sent: 0
	Socket messages received: 0
	Signals delivered: 0
	Page size (bytes): 4096
	Exit status: 0
