nice: cannot set niceness: Permission denied
Precompiling packages...
    485.1 ms  ✓ StaticArraysCore
    571.2 ms  ✓ DocStringExtensions
    616.6 ms  ✓ OpenLibm_jll
    481.3 ms  ✓ Unicode
    485.0 ms  ✓ DiffResults
    540.0 ms  ✓ NaNMath
   1275.4 ms  ✓ IrrationalConstants
    550.6 ms  ✓ LogExpFunctions
   1660.5 ms  ✓ Preferences
    446.4 ms  ✓ JLLWrappers
    526.1 ms  ✓ OpenSpecFun_jll
   4391.1 ms  ✓ MacroTools
    440.4 ms  ✓ CommonSubexpressions
   1957.2 ms  ✓ SpecialFunctions
    504.1 ms  ✓ DiffRules
   2696.5 ms  ✓ ForwardDiff
  16 dependencies successfully precompiled in 9 seconds. 3 already precompiled.
	Command being timed: "nice -n -10 timeout -k120 -v 3600 julia +alpha --project=F/ForwardDiff/Gradient-Of-Square-Norm -e using Pkg; @time @eval Pkg.precompile()"
	User time (seconds): 150.35
	System time (seconds): 8.18
	Percent of CPU this job got: 133%
	Elapsed (wall clock) time (h:mm:ss or m:ss): 1:58.72
	Average shared text size (kbytes): 0
	Average unshared data size (kbytes): 0
	Average stack size (kbytes): 0
	Average total size (kbytes): 0
	Maximum resident set size (kbytes): 2595604
	Average resident set size (kbytes): 0
	Major (requiring I/O) page faults: 208
	Minor (reclaiming a frame) page faults: 3200122
	Voluntary context switches: 8585
	Involuntary context switches: 1544
	Swaps: 0
	File system inputs: 0
	File system outputs: 360776
	Socket messages sent: 0
	Socket messages received: 0
	Signals delivered: 0
	Page size (bytes): 4096
	Exit status: 0
