nice: cannot set niceness: Permission denied
Precompiling packages...
    466.6 ms  ✓ StaticArraysCore
    568.8 ms  ✓ DocStringExtensions
    639.7 ms  ✓ OpenLibm_jll
    477.7 ms  ✓ Unicode
    467.2 ms  ✓ DiffResults
    526.9 ms  ✓ NaNMath
   1273.4 ms  ✓ IrrationalConstants
    553.1 ms  ✓ LogExpFunctions
   1377.8 ms  ✓ Preferences
    438.4 ms  ✓ JLLWrappers
    527.1 ms  ✓ OpenSpecFun_jll
   3876.9 ms  ✓ MacroTools
    439.6 ms  ✓ CommonSubexpressions
   1851.0 ms  ✓ SpecialFunctions
    499.1 ms  ✓ DiffRules
   2754.0 ms  ✓ ForwardDiff
  16 dependencies successfully precompiled in 8 seconds. 3 already precompiled.
	Command being timed: "nice -n -10 timeout -k120 -v 3600 julia +nightly --project=F/ForwardDiff/Gradient-Of-Square-Norm -e using Pkg; @time @eval Pkg.precompile()"
	User time (seconds): 158.12
	System time (seconds): 7.80
	Percent of CPU this job got: 132%
	Elapsed (wall clock) time (h:mm:ss or m:ss): 2:05.26
	Average shared text size (kbytes): 0
	Average unshared data size (kbytes): 0
	Average stack size (kbytes): 0
	Average total size (kbytes): 0
	Maximum resident set size (kbytes): 2460464
	Average resident set size (kbytes): 0
	Major (requiring I/O) page faults: 186
	Minor (reclaiming a frame) page faults: 3171419
	Voluntary context switches: 8496
	Involuntary context switches: 2072
	Swaps: 0
	File system inputs: 0
	File system outputs: 366296
	Socket messages sent: 0
	Socket messages received: 0
	Signals delivered: 0
	Page size (bytes): 4096
	Exit status: 0
