nice: cannot set niceness: Permission denied
Precompiling packages...
  73971.9 ms  ✓ Pkg (serial)
  1 dependency successfully precompiled in 74 seconds
Precompiling packages...
    643.8 ms  ✓ OpenLibm_jll
    665.1 ms  ✓ Unicode
    743.3 ms  ✓ CompilerSupportLibraries_jll
    773.5 ms  ✓ StaticArraysCore
    883.0 ms  ✓ DocStringExtensions
    501.3 ms  ✓ DiffResults
    742.9 ms  ✓ Preferences
    456.1 ms  ✓ JLLWrappers
   1495.1 ms  ✓ NaNMath
    550.2 ms  ✓ OpenSpecFun_jll
   2441.7 ms  ✓ IrrationalConstants
    545.2 ms  ✓ LogExpFunctions
   3115.2 ms  ✓ MacroTools
    430.8 ms  ✓ CommonSubexpressions
   2051.4 ms  ✓ SpecialFunctions
    507.5 ms  ✓ DiffRules
   3147.8 ms  ✓ ForwardDiff
  17 dependencies successfully precompiled in 9 seconds. 3 already precompiled.
	Command being timed: "nice -n -10 timeout -k120 -v 3600 julia +1.12.5 --project=F/ForwardDiff/Gradient-Of-Square-Norm -e using Pkg; @time @eval Pkg.precompile()"
	User time (seconds): 138.34
	System time (seconds): 6.99
	Percent of CPU this job got: 173%
	Elapsed (wall clock) time (h:mm:ss or m:ss): 1:23.52
	Average shared text size (kbytes): 0
	Average unshared data size (kbytes): 0
	Average stack size (kbytes): 0
	Average total size (kbytes): 0
	Maximum resident set size (kbytes): 2147256
	Average resident set size (kbytes): 0
	Major (requiring I/O) page faults: 191
	Minor (reclaiming a frame) page faults: 2506119
	Voluntary context switches: 8448
	Involuntary context switches: 3777
	Swaps: 0
	File system inputs: 0
	File system outputs: 350032
	Socket messages sent: 0
	Socket messages received: 0
	Signals delivered: 0
	Page size (bytes): 4096
	Exit status: 0
