nice: cannot set niceness: Permission denied
Precompiling packages...
  73499.1 ms  ✓ Pkg (serial)
  1 dependency successfully precompiled in 74 seconds
Precompiling packages...
    643.9 ms  ✓ OpenLibm_jll
    722.5 ms  ✓ Unicode
    738.3 ms  ✓ CompilerSupportLibraries_jll
    799.8 ms  ✓ StaticArraysCore
    920.4 ms  ✓ DocStringExtensions
    514.7 ms  ✓ DiffResults
    724.0 ms  ✓ Preferences
    456.4 ms  ✓ JLLWrappers
   1455.6 ms  ✓ NaNMath
   2361.8 ms  ✓ IrrationalConstants
    560.3 ms  ✓ OpenSpecFun_jll
    518.0 ms  ✓ LogExpFunctions
   3153.0 ms  ✓ MacroTools
    433.2 ms  ✓ CommonSubexpressions
   1987.9 ms  ✓ SpecialFunctions
    501.5 ms  ✓ DiffRules
   3152.5 ms  ✓ ForwardDiff
  17 dependencies successfully precompiled in 9 seconds. 3 already precompiled.
	Command being timed: "nice -n -10 timeout -k120 -v 3600 julia +1.12.2 --project=F/ForwardDiff/Gradient-Of-Square-Norm -e using Pkg; @time @eval Pkg.precompile()"
	User time (seconds): 137.53
	System time (seconds): 7.05
	Percent of CPU this job got: 174%
	Elapsed (wall clock) time (h:mm:ss or m:ss): 1:22.70
	Average shared text size (kbytes): 0
	Average unshared data size (kbytes): 0
	Average stack size (kbytes): 0
	Average total size (kbytes): 0
	Maximum resident set size (kbytes): 2106344
	Average resident set size (kbytes): 0
	Major (requiring I/O) page faults: 173
	Minor (reclaiming a frame) page faults: 2476021
	Voluntary context switches: 8372
	Involuntary context switches: 4245
	Swaps: 0
	File system inputs: 0
	File system outputs: 343928
	Socket messages sent: 0
	Socket messages received: 0
	Signals delivered: 0
	Page size (bytes): 4096
	Exit status: 0
