nice: cannot set niceness: Permission denied
Precompiling packages...
    537.8 ms  ✓ StaticArraysCore
    615.5 ms  ✓ DocStringExtensions
    662.2 ms  ✓ OpenLibm_jll
    470.6 ms  ✓ Unicode
    455.1 ms  ✓ DiffResults
    528.4 ms  ✓ NaNMath
   1311.6 ms  ✓ IrrationalConstants
    546.6 ms  ✓ LogExpFunctions
   1829.7 ms  ✓ Preferences
    622.4 ms  ✓ JLLWrappers
    723.3 ms  ✓ OpenSpecFun_jll
   4446.0 ms  ✓ MacroTools
    447.3 ms  ✓ CommonSubexpressions
   2095.9 ms  ✓ SpecialFunctions
    493.6 ms  ✓ DiffRules
   2928.6 ms  ✓ ForwardDiff
  16 dependencies successfully precompiled in 10 seconds. 3 already precompiled.
	Command being timed: "nice -n -10 timeout -k120 -v 3600 julia +alpha --project=F/ForwardDiff/Gradient-Of-Square-Norm -e using Pkg; @time @eval Pkg.precompile()"
	User time (seconds): 153.69
	System time (seconds): 8.11
	Percent of CPU this job got: 133%
	Elapsed (wall clock) time (h:mm:ss or m:ss): 2:01.16
	Average shared text size (kbytes): 0
	Average unshared data size (kbytes): 0
	Average stack size (kbytes): 0
	Average total size (kbytes): 0
	Maximum resident set size (kbytes): 2593500
	Average resident set size (kbytes): 0
	Major (requiring I/O) page faults: 201
	Minor (reclaiming a frame) page faults: 3201626
	Voluntary context switches: 8465
	Involuntary context switches: 1778
	Swaps: 0
	File system inputs: 0
	File system outputs: 362392
	Socket messages sent: 0
	Socket messages received: 0
	Signals delivered: 0
	Page size (bytes): 4096
	Exit status: 0
