nice: cannot set niceness: Permission denied
Precompiling packages...
  72696.4 ms  ✓ Pkg (serial)
  1 dependency successfully precompiled in 73 seconds
Precompiling packages...
    652.1 ms  ✓ OpenLibm_jll
    715.8 ms  ✓ Unicode
    746.3 ms  ✓ CompilerSupportLibraries_jll
    804.6 ms  ✓ StaticArraysCore
    923.4 ms  ✓ DocStringExtensions
    497.4 ms  ✓ DiffResults
    721.0 ms  ✓ Preferences
    450.8 ms  ✓ JLLWrappers
   1427.2 ms  ✓ NaNMath
   2351.8 ms  ✓ IrrationalConstants
    560.6 ms  ✓ OpenSpecFun_jll
    560.8 ms  ✓ LogExpFunctions
   3063.4 ms  ✓ MacroTools
    421.1 ms  ✓ CommonSubexpressions
   1912.2 ms  ✓ SpecialFunctions
    492.3 ms  ✓ DiffRules
   3139.5 ms  ✓ ForwardDiff
  17 dependencies successfully precompiled in 8 seconds. 3 already precompiled.
	Command being timed: "nice -n -10 timeout -k120 -v 3600 julia +release --project=F/ForwardDiff/Gradient-Of-Square-Norm -e using Pkg; @time @eval Pkg.precompile()"
	User time (seconds): 135.51
	System time (seconds): 7.05
	Percent of CPU this job got: 174%
	Elapsed (wall clock) time (h:mm:ss or m:ss): 1:21.90
	Average shared text size (kbytes): 0
	Average unshared data size (kbytes): 0
	Average stack size (kbytes): 0
	Average total size (kbytes): 0
	Maximum resident set size (kbytes): 2097260
	Average resident set size (kbytes): 0
	Major (requiring I/O) page faults: 252
	Minor (reclaiming a frame) page faults: 2468157
	Voluntary context switches: 7571
	Involuntary context switches: 3164
	Swaps: 0
	File system inputs: 0
	File system outputs: 346464
	Socket messages sent: 0
	Socket messages received: 0
	Signals delivered: 0
	Page size (bytes): 4096
	Exit status: 0
