nice: cannot set niceness: Permission denied
Precompiling packages...
    478.8 ms  ✓ StaticArraysCore
    579.3 ms  ✓ DocStringExtensions
    638.4 ms  ✓ OpenLibm_jll
    472.6 ms  ✓ Unicode
    472.1 ms  ✓ DiffResults
    541.0 ms  ✓ NaNMath
   1265.9 ms  ✓ IrrationalConstants
    567.8 ms  ✓ LogExpFunctions
   1350.0 ms  ✓ Preferences
    440.0 ms  ✓ JLLWrappers
    535.7 ms  ✓ OpenSpecFun_jll
   3790.8 ms  ✓ MacroTools
    453.3 ms  ✓ CommonSubexpressions
   1870.7 ms  ✓ SpecialFunctions
    501.4 ms  ✓ DiffRules
   2768.5 ms  ✓ ForwardDiff
  16 dependencies successfully precompiled in 8 seconds. 3 already precompiled.
	Command being timed: "nice -n -10 timeout -k120 -v 3600 julia +alpha --project=F/ForwardDiff/Gradient-Of-Square-Norm -e using Pkg; @time @eval Pkg.precompile()"
	User time (seconds): 147.19
	System time (seconds): 8.15
	Percent of CPU this job got: 133%
	Elapsed (wall clock) time (h:mm:ss or m:ss): 1:56.32
	Average shared text size (kbytes): 0
	Average unshared data size (kbytes): 0
	Average stack size (kbytes): 0
	Average total size (kbytes): 0
	Maximum resident set size (kbytes): 2578100
	Average resident set size (kbytes): 0
	Major (requiring I/O) page faults: 198
	Minor (reclaiming a frame) page faults: 3143076
	Voluntary context switches: 8463
	Involuntary context switches: 1498
	Swaps: 0
	File system inputs: 0
	File system outputs: 358720
	Socket messages sent: 0
	Socket messages received: 0
	Signals delivered: 0
	Page size (bytes): 4096
	Exit status: 0
