nice: cannot set niceness: Permission denied
Precompiling packages...
    671.8 ms  ✓ OpenLibm_jll
    685.5 ms  ✓ CompilerSupportLibraries_jll
    766.4 ms  ✓ StaticArraysCore
    814.9 ms  ✓ DocStringExtensions
    925.8 ms  ✓ Preferences
    481.5 ms  ✓ NaNMath
    402.0 ms  ✓ DiffResults
    390.1 ms  ✓ JLLWrappers
   1465.3 ms  ✓ IrrationalConstants
    363.4 ms  ✓ OpenSpecFun_jll
    447.6 ms  ✓ LogExpFunctions
   1932.7 ms  ✓ MacroTools
    316.5 ms  ✓ CommonSubexpressions
   1683.4 ms  ✓ SpecialFunctions
    413.8 ms  ✓ DiffRules
   2021.4 ms  ✓ ForwardDiff
  16 dependencies successfully precompiled in 7 seconds
	Command being timed: "nice -n -10 timeout -k120 -v 3600 julia +lts --project=F/ForwardDiff/Gradient-Of-Square-Norm -e using Pkg; @time @eval Pkg.precompile()"
	User time (seconds): 11.96
	System time (seconds): 2.65
	Percent of CPU this job got: 191%
	Elapsed (wall clock) time (h:mm:ss or m:ss): 0:07.63
	Average shared text size (kbytes): 0
	Average unshared data size (kbytes): 0
	Average stack size (kbytes): 0
	Average total size (kbytes): 0
	Maximum resident set size (kbytes): 385132
	Average resident set size (kbytes): 0
	Major (requiring I/O) page faults: 39
	Minor (reclaiming a frame) page faults: 704827
	Voluntary context switches: 22236
	Involuntary context switches: 902
	Swaps: 0
	File system inputs: 0
	File system outputs: 49912
	Socket messages sent: 0
	Socket messages received: 0
	Signals delivered: 0
	Page size (bytes): 4096
	Exit status: 0
