nice: cannot set niceness: Permission denied
Precompiling packages...
    485.8 ms  ✓ StaticArraysCore
    567.5 ms  ✓ DocStringExtensions
    627.7 ms  ✓ OpenLibm_jll
    476.6 ms  ✓ Unicode
    476.9 ms  ✓ DiffResults
    520.4 ms  ✓ NaNMath
   1262.6 ms  ✓ IrrationalConstants
    549.3 ms  ✓ LogExpFunctions
   1706.5 ms  ✓ Preferences
    452.9 ms  ✓ JLLWrappers
    544.5 ms  ✓ OpenSpecFun_jll
   4355.1 ms  ✓ MacroTools
    440.0 ms  ✓ CommonSubexpressions
   1900.0 ms  ✓ SpecialFunctions
    504.6 ms  ✓ DiffRules
   2746.4 ms  ✓ ForwardDiff
  16 dependencies successfully precompiled in 9 seconds. 3 already precompiled.
	Command being timed: "nice -n -10 timeout -k120 -v 3600 julia +alpha --project=F/ForwardDiff/Gradient-Of-Square-Norm -e using Pkg; @time @eval Pkg.precompile()"
	User time (seconds): 152.89
	System time (seconds): 8.10
	Percent of CPU this job got: 132%
	Elapsed (wall clock) time (h:mm:ss or m:ss): 2:01.14
	Average shared text size (kbytes): 0
	Average unshared data size (kbytes): 0
	Average stack size (kbytes): 0
	Average total size (kbytes): 0
	Maximum resident set size (kbytes): 2778612
	Average resident set size (kbytes): 0
	Major (requiring I/O) page faults: 190
	Minor (reclaiming a frame) page faults: 3237377
	Voluntary context switches: 9329
	Involuntary context switches: 1640
	Swaps: 0
	File system inputs: 0
	File system outputs: 360248
	Socket messages sent: 0
	Socket messages received: 0
	Signals delivered: 0
	Page size (bytes): 4096
	Exit status: 0
