nice: cannot set niceness: Permission denied
Precompiling packages...
  72367.3 ms  ✓ Pkg (serial)
  1 dependency successfully precompiled in 72 seconds
Precompiling packages...
    663.6 ms  ✓ OpenLibm_jll
    718.2 ms  ✓ Unicode
    738.6 ms  ✓ CompilerSupportLibraries_jll
    749.5 ms  ✓ StaticArraysCore
    918.0 ms  ✓ DocStringExtensions
    514.3 ms  ✓ DiffResults
    700.1 ms  ✓ Preferences
    445.2 ms  ✓ JLLWrappers
   1393.0 ms  ✓ NaNMath
   2307.7 ms  ✓ IrrationalConstants
    555.5 ms  ✓ OpenSpecFun_jll
    529.6 ms  ✓ LogExpFunctions
   3006.0 ms  ✓ MacroTools
    428.1 ms  ✓ CommonSubexpressions
   1898.6 ms  ✓ SpecialFunctions
    501.5 ms  ✓ DiffRules
   3113.5 ms  ✓ ForwardDiff
  17 dependencies successfully precompiled in 8 seconds. 3 already precompiled.
	Command being timed: "nice -n -10 timeout -k120 -v 3600 julia +release --project=F/ForwardDiff/Gradient-Of-Square-Norm -e using Pkg; @time @eval Pkg.precompile()"
	User time (seconds): 135.89
	System time (seconds): 7.12
	Percent of CPU this job got: 175%
	Elapsed (wall clock) time (h:mm:ss or m:ss): 1:21.41
	Average shared text size (kbytes): 0
	Average unshared data size (kbytes): 0
	Average stack size (kbytes): 0
	Average total size (kbytes): 0
	Maximum resident set size (kbytes): 2045704
	Average resident set size (kbytes): 0
	Major (requiring I/O) page faults: 186
	Minor (reclaiming a frame) page faults: 2496872
	Voluntary context switches: 8386
	Involuntary context switches: 4037
	Swaps: 0
	File system inputs: 0
	File system outputs: 344280
	Socket messages sent: 0
	Socket messages received: 0
	Signals delivered: 0
	Page size (bytes): 4096
	Exit status: 0
