nice: cannot set niceness: Permission denied
Precompiling packages...
    630.2 ms  ✓ OpenLibm_jll
    678.6 ms  ✓ CompilerSupportLibraries_jll
    694.1 ms  ✓ StaticArraysCore
    803.3 ms  ✓ DocStringExtensions
    900.5 ms  ✓ Preferences
    397.0 ms  ✓ DiffResults
    426.2 ms  ✓ NaNMath
   1410.1 ms  ✓ IrrationalConstants
    377.5 ms  ✓ JLLWrappers
    362.8 ms  ✓ OpenSpecFun_jll
    431.3 ms  ✓ LogExpFunctions
   1874.3 ms  ✓ MacroTools
    313.4 ms  ✓ CommonSubexpressions
   1644.0 ms  ✓ SpecialFunctions
    402.0 ms  ✓ DiffRules
   2051.3 ms  ✓ ForwardDiff
  16 dependencies successfully precompiled in 6 seconds
	Command being timed: "nice -n -10 timeout -k120 -v 3600 julia +lts --project=F/ForwardDiff/Gradient-Of-Square-Norm -e using Pkg; @time @eval Pkg.precompile()"
	User time (seconds): 11.87
	System time (seconds): 2.55
	Percent of CPU this job got: 189%
	Elapsed (wall clock) time (h:mm:ss or m:ss): 0:07.63
	Average shared text size (kbytes): 0
	Average unshared data size (kbytes): 0
	Average stack size (kbytes): 0
	Average total size (kbytes): 0
	Maximum resident set size (kbytes): 357188
	Average resident set size (kbytes): 0
	Major (requiring I/O) page faults: 28
	Minor (reclaiming a frame) page faults: 692179
	Voluntary context switches: 22231
	Involuntary context switches: 951
	Swaps: 0
	File system inputs: 0
	File system outputs: 53264
	Socket messages sent: 0
	Socket messages received: 0
	Signals delivered: 0
	Page size (bytes): 4096
	Exit status: 0
