nice: cannot set niceness: Permission denied
Precompiling packages...
  75473.5 ms  ✓ Pkg (serial)
  1 dependency successfully precompiled in 75 seconds
Precompiling packages...
    682.8 ms  ✓ OpenLibm_jll
    684.3 ms  ✓ Unicode
    725.4 ms  ✓ CompilerSupportLibraries_jll
    724.9 ms  ✓ StaticArraysCore
    890.1 ms  ✓ DocStringExtensions
    524.2 ms  ✓ DiffResults
    716.9 ms  ✓ Preferences
    474.3 ms  ✓ JLLWrappers
   1539.1 ms  ✓ NaNMath
    559.8 ms  ✓ OpenSpecFun_jll
   2477.4 ms  ✓ IrrationalConstants
    614.3 ms  ✓ LogExpFunctions
   3155.4 ms  ✓ MacroTools
    432.6 ms  ✓ CommonSubexpressions
   2060.6 ms  ✓ SpecialFunctions
    497.3 ms  ✓ DiffRules
   3303.4 ms  ✓ ForwardDiff
  17 dependencies successfully precompiled in 9 seconds. 3 already precompiled.
  3 dependencies precompiled but different versions are currently loaded (Dates, Printf and TOML). Restart julia to access the new versions. Otherwise, 6 dependents of these packages may trigger further precompilation to work with the unexpected versions.
	Command being timed: "nice -n -10 timeout -k120 -v 3600 julia +release --project=F/ForwardDiff/Gradient-Of-Square-Norm -e using Pkg; @time @eval Pkg.precompile()"
	User time (seconds): 142.16
	System time (seconds): 7.11
	Percent of CPU this job got: 174%
	Elapsed (wall clock) time (h:mm:ss or m:ss): 1:25.51
	Average shared text size (kbytes): 0
	Average unshared data size (kbytes): 0
	Average stack size (kbytes): 0
	Average total size (kbytes): 0
	Maximum resident set size (kbytes): 2173112
	Average resident set size (kbytes): 0
	Major (requiring I/O) page faults: 223
	Minor (reclaiming a frame) page faults: 2529172
	Voluntary context switches: 8358
	Involuntary context switches: 4548
	Swaps: 0
	File system inputs: 0
	File system outputs: 359368
	Socket messages sent: 0
	Socket messages received: 0
	Signals delivered: 0
	Page size (bytes): 4096
	Exit status: 0
