nice: cannot set niceness: Permission denied
Precompiling packages...
  71242.7 ms  ✓ Pkg (serial)
  1 dependency successfully precompiled in 71 seconds
Precompiling packages...
   2381.8 ms  ✓ OpenLibm_jll
   2477.2 ms  ✓ RealDot
   2562.9 ms  ✓ StatsAPI
   2727.9 ms  ✓ Inflate
   2787.7 ms  ✓ Unicode
   2960.5 ms  ✓ DataAPI
   2936.4 ms  ✓ CompilerSupportLibraries_jll
   3126.4 ms  ✓ DocStringExtensions
   3265.5 ms  ✓ Statistics
   3203.3 ms  ✓ Mmap
   3633.8 ms  ✓ SuiteSparse_jll
   3785.6 ms  ✓ OrderedCollections
   4071.4 ms  ✓ Serialization
   2555.8 ms  ✓ PtrArrays
   2660.2 ms  ✓ StaticArraysCore
   2852.9 ms  ✓ Missings
   3101.0 ms  ✓ Compat
   3297.3 ms  ✓ Quaternions
   3890.0 ms  ✓ ADTypes
   6765.2 ms  ✓ IrrationalConstants
   3512.0 ms  ✓ Preferences
   4251.1 ms  ✓ Requires
   2646.1 ms  ✓ AliasTables
   1851.0 ms  ✓ Compat → CompatLinearAlgebraExt
   4804.7 ms  ✓ NamedDims
   8084.6 ms  ✓ LinearMaps
   2099.1 ms  ✓ PrecompileTools
   6281.7 ms  ✓ InteractiveUtils
   2591.3 ms  ✓ LogExpFunctions
   2558.7 ms  ✓ JLLWrappers
   1635.6 ms  ✓ LinearMaps → LinearMapsStatisticsExt
   1791.9 ms  ✓ Einsum
   3903.3 ms  ✓ DifferentiationInterface
  10303.3 ms  ✓ MacroTools
   6657.8 ms  ✓ DataStructures
   1676.0 ms  ✓ OpenSpecFun_jll
   1090.1 ms  ✓ SortingAlgorithms
   6532.5 ms  ✓ Distributed
   1559.9 ms  ✓ SimpleTraits
   8694.1 ms  ✓ ManifoldsBase
    930.6 ms  ✓ SharedArrays
   4501.4 ms  ✓ MatrixEquations
    703.5 ms  ✓ ManifoldsBase → ManifoldsBaseQuaternionsExt
    723.5 ms  ✓ ManifoldsBase → ManifoldsBaseStatisticsExt
    898.1 ms  ✓ ManifoldDiff
   9354.4 ms  ✓ SparseArrays
    563.7 ms  ✓ Statistics → SparseArraysExt
    566.2 ms  ✓ DifferentiationInterface → DifferentiationInterfaceSparseArraysExt
   3053.2 ms  ✓ SpecialFunctions
    892.5 ms  ✓ LinearMaps → LinearMapsSparseArraysExt
   1794.6 ms  ✓ StatsBase
   8139.0 ms  ✓ StaticArrays
   1404.7 ms  ✓ Kronecker
    481.8 ms  ✓ DifferentiationInterface → DifferentiationInterfaceStaticArraysExt
    491.6 ms  ✓ StaticArrays → StaticArraysStatisticsExt
   1094.8 ms  ✓ ArnoldiMethod
   3315.8 ms  ✓ Graphs
    953.0 ms  ✓ SimpleWeightedGraphs
   5034.6 ms  ✓ Manifolds
  59 dependencies successfully precompiled in 27 seconds. 8 already precompiled.
	Command being timed: "nice -n -10 timeout -k120 -v 3600 julia +1.12.1 --project=M/Manifolds/Geodesic-On-Sphere -e using Pkg; @time @eval Pkg.precompile()"
	User time (seconds): 190.44
	System time (seconds): 15.04
	Percent of CPU this job got: 206%
	Elapsed (wall clock) time (h:mm:ss or m:ss): 1:39.45
	Average shared text size (kbytes): 0
	Average unshared data size (kbytes): 0
	Average stack size (kbytes): 0
	Average total size (kbytes): 0
	Maximum resident set size (kbytes): 2088392
	Average resident set size (kbytes): 0
	Major (requiring I/O) page faults: 280
	Minor (reclaiming a frame) page faults: 4125462
	Voluntary context switches: 13642
	Involuntary context switches: 10923
	Swaps: 0
	File system inputs: 0
	File system outputs: 532776
	Socket messages sent: 0
	Socket messages received: 0
	Signals delivered: 0
	Page size (bytes): 4096
	Exit status: 0
