nice: cannot set niceness: Permission denied
Precompiling packages...
  75466.8 ms  ✓ Pkg (serial)
  1 dependency successfully precompiled in 75 seconds
Precompiling packages...
   2506.9 ms  ✓ RealDot
   2582.6 ms  ✓ OpenLibm_jll
   2806.9 ms  ✓ Unicode
   2802.3 ms  ✓ StatsAPI
   2921.5 ms  ✓ Inflate
   2985.0 ms  ✓ CompilerSupportLibraries_jll
   3195.4 ms  ✓ DataAPI
   3401.5 ms  ✓ Statistics
   3465.5 ms  ✓ SuiteSparse_jll
   3796.1 ms  ✓ DocStringExtensions
   3930.4 ms  ✓ Serialization
   4120.4 ms  ✓ ADTypes
   2496.2 ms  ✓ PtrArrays
   2741.1 ms  ✓ StaticArraysCore
   2880.7 ms  ✓ Quaternions
   3727.9 ms  ✓ Requires
   3507.3 ms  ✓ Preferences
   2414.5 ms  ✓ AliasTables
   8116.4 ms  ✓ LinearMaps
   4807.3 ms  ✓ NamedDims
   1786.2 ms  ✓ PrecompileTools
   8925.9 ms  ✓ OrderedCollections
   2212.0 ms  ✓ JLLWrappers
   1605.5 ms  ✓ LinearMaps → LinearMapsStatisticsExt
   7300.4 ms  ✓ NaNMath
   7423.8 ms  ✓ Missings
   2254.2 ms  ✓ OpenSpecFun_jll
  11207.9 ms  ✓ IrrationalConstants
   9110.5 ms  ✓ InteractiveUtils
   7921.4 ms  ✓ DifferentiationInterface
   1402.3 ms  ✓ LogExpFunctions
  12844.3 ms  ✓ MacroTools
   4322.1 ms  ✓ DataStructures
   5515.7 ms  ✓ MatrixEquations
    700.1 ms  ✓ SortingAlgorithms
   1013.7 ms  ✓ SimpleTraits
  11284.8 ms  ✓ SparseArrays
   8683.4 ms  ✓ ManifoldsBase
   2969.4 ms  ✓ SpecialFunctions
   1086.4 ms  ✓ DifferentiationInterface → DifferentiationInterfaceSparseArraysExt
   1091.5 ms  ✓ Statistics → SparseArraysExt
   1017.3 ms  ✓ ManifoldsBase → ManifoldsBaseStatisticsExt
   1027.2 ms  ✓ ManifoldsBase → ManifoldsBaseQuaternionsExt
   1006.6 ms  ✓ DiffRules
   1448.3 ms  ✓ LinearMaps → LinearMapsSparseArraysExt
   2142.5 ms  ✓ ManifoldDiff
   3344.2 ms  ✓ StatsBase
  11223.0 ms  ✓ StaticArrays
    542.4 ms  ✓ DifferentiationInterface → DifferentiationInterfaceStaticArraysExt
    558.7 ms  ✓ StaticArrays → StaticArraysStatisticsExt
   1222.2 ms  ✓ Kronecker
   2028.0 ms  ✓ ArnoldiMethod
   7233.9 ms  ✓ Tullio
   4951.6 ms  ✓ Graphs
   1768.0 ms  ✓ SimpleWeightedGraphs
   7406.7 ms  ✓ Manifolds
  56 dependencies successfully precompiled in 36 seconds. 8 already precompiled.
	Command being timed: "nice -n -10 timeout -k120 -v 3600 julia +release --project=M/Manifolds/Geodesic-On-Sphere -e using Pkg; @time @eval Pkg.precompile()"
	User time (seconds): 225.46
	System time (seconds): 15.53
	Percent of CPU this job got: 214%
	Elapsed (wall clock) time (h:mm:ss or m:ss): 1:52.37
	Average shared text size (kbytes): 0
	Average unshared data size (kbytes): 0
	Average stack size (kbytes): 0
	Average total size (kbytes): 0
	Maximum resident set size (kbytes): 2153404
	Average resident set size (kbytes): 0
	Major (requiring I/O) page faults: 399
	Minor (reclaiming a frame) page faults: 4575961
	Voluntary context switches: 13172
	Involuntary context switches: 9364
	Swaps: 0
	File system inputs: 0
	File system outputs: 576128
	Socket messages sent: 0
	Socket messages received: 0
	Signals delivered: 0
	Page size (bytes): 4096
	Exit status: 0
