nice: cannot set niceness: Permission denied
Precompiling packages...
  75563.5 ms  ✓ Pkg (serial)
  1 dependency successfully precompiled in 76 seconds
Precompiling packages...
   2536.0 ms  ✓ OpenLibm_jll
   2627.2 ms  ✓ RealDot
   2646.7 ms  ✓ DataAPI
   2726.8 ms  ✓ Unicode
   2859.3 ms  ✓ Inflate
   2928.2 ms  ✓ StatsAPI
   3024.1 ms  ✓ CompilerSupportLibraries_jll
   3424.5 ms  ✓ Statistics
   3439.5 ms  ✓ DocStringExtensions
   3415.7 ms  ✓ SuiteSparse_jll
   4032.2 ms  ✓ Serialization
   4505.5 ms  ✓ ADTypes
   2405.8 ms  ✓ PtrArrays
   2927.5 ms  ✓ StaticArraysCore
   3008.3 ms  ✓ Quaternions
   3873.6 ms  ✓ Requires
   3295.0 ms  ✓ Preferences
   2080.9 ms  ✓ AliasTables
   4806.3 ms  ✓ NamedDims
   8326.3 ms  ✓ LinearMaps
   1731.0 ms  ✓ PrecompileTools
   2301.3 ms  ✓ JLLWrappers
   9148.3 ms  ✓ OrderedCollections
   1709.6 ms  ✓ LinearMaps → LinearMapsStatisticsExt
   7269.0 ms  ✓ NaNMath
   7465.2 ms  ✓ Missings
   2016.5 ms  ✓ OpenSpecFun_jll
  11131.0 ms  ✓ IrrationalConstants
   9345.8 ms  ✓ InteractiveUtils
   7515.8 ms  ✓ DifferentiationInterface
   1319.0 ms  ✓ LogExpFunctions
  12940.7 ms  ✓ MacroTools
   4204.1 ms  ✓ DataStructures
   5610.2 ms  ✓ MatrixEquations
   1087.9 ms  ✓ SimpleTraits
    733.3 ms  ✓ SortingAlgorithms
  11193.7 ms  ✓ SparseArrays
   8713.4 ms  ✓ ManifoldsBase
   3291.4 ms  ✓ SpecialFunctions
    952.4 ms  ✓ Statistics → SparseArraysExt
    953.4 ms  ✓ DifferentiationInterface → DifferentiationInterfaceSparseArraysExt
   1030.9 ms  ✓ ManifoldsBase → ManifoldsBaseStatisticsExt
   1042.6 ms  ✓ ManifoldsBase → ManifoldsBaseQuaternionsExt
    939.3 ms  ✓ DiffRules
   1467.6 ms  ✓ LinearMaps → LinearMapsSparseArraysExt
   2181.7 ms  ✓ ManifoldDiff
   3371.3 ms  ✓ StatsBase
  11323.6 ms  ✓ StaticArrays
    559.3 ms  ✓ StaticArrays → StaticArraysStatisticsExt
    557.3 ms  ✓ DifferentiationInterface → DifferentiationInterfaceStaticArraysExt
   1231.5 ms  ✓ Kronecker
   2004.3 ms  ✓ ArnoldiMethod
   7266.7 ms  ✓ Tullio
   4958.7 ms  ✓ Graphs
   1757.0 ms  ✓ SimpleWeightedGraphs
   7485.0 ms  ✓ Manifolds
  56 dependencies successfully precompiled in 36 seconds. 8 already precompiled.
	Command being timed: "nice -n -10 timeout -k120 -v 3600 julia +release --project=M/Manifolds/Geodesic-On-Sphere -e using Pkg; @time @eval Pkg.precompile()"
	User time (seconds): 226.47
	System time (seconds): 15.71
	Percent of CPU this job got: 215%
	Elapsed (wall clock) time (h:mm:ss or m:ss): 1:52.59
	Average shared text size (kbytes): 0
	Average unshared data size (kbytes): 0
	Average stack size (kbytes): 0
	Average total size (kbytes): 0
	Maximum resident set size (kbytes): 2152180
	Average resident set size (kbytes): 0
	Major (requiring I/O) page faults: 278
	Minor (reclaiming a frame) page faults: 4605315
	Voluntary context switches: 13304
	Involuntary context switches: 11194
	Swaps: 0
	File system inputs: 0
	File system outputs: 578064
	Socket messages sent: 0
	Socket messages received: 0
	Signals delivered: 0
	Page size (bytes): 4096
	Exit status: 0
