nice: cannot set niceness: Permission denied
Precompiling packages...
    460.4 ms  ✓ RealDot
    485.2 ms  ✓ DataAPI
    595.7 ms  ✓ Statistics
    506.0 ms  ✓ StaticArraysCore
    481.5 ms  ✓ StatsAPI
    917.6 ms  ✓ SuiteSparse_jll
   1438.1 ms  ✓ IrrationalConstants
    771.5 ms  ✓ Requires
    689.7 ms  ✓ OrderedCollections
    732.5 ms  ✓ ADTypes
    689.7 ms  ✓ Serialization
   1592.3 ms  ✓ LinearMaps
    516.5 ms  ✓ Unicode
    665.9 ms  ✓ DocStringExtensions
    581.6 ms  ✓ Inflate
    453.3 ms  ✓ PtrArrays
    656.7 ms  ✓ OpenLibm_jll
    551.2 ms  ✓ Quaternions
    548.4 ms  ✓ Missings
   1471.4 ms  ✓ InteractiveUtils
   1181.6 ms  ✓ NamedDims
   4767.0 ms  ✓ MacroTools
   1187.1 ms  ✓ DifferentiationInterface
    457.1 ms  ✓ LinearMaps → LinearMapsStatisticsExt
   1907.6 ms  ✓ DataStructures
    576.2 ms  ✓ Compat
    627.3 ms  ✓ LogExpFunctions
   2193.6 ms  ✓ MatrixEquations
    494.7 ms  ✓ AliasTables
   1580.0 ms  ✓ Preferences
    760.7 ms  ✓ SimpleTraits
    570.7 ms  ✓ SortingAlgorithms
    445.7 ms  ✓ Compat → CompatLinearAlgebraExt
   2978.4 ms  ✓ ManifoldsBase
    505.8 ms  ✓ PrecompileTools
    509.9 ms  ✓ Einsum
    605.0 ms  ✓ JLLWrappers
   3847.2 ms  ✓ SparseArrays
    548.9 ms  ✓ ManifoldsBase → ManifoldsBaseQuaternionsExt
    514.4 ms  ✓ ManifoldsBase → ManifoldsBaseStatisticsExt
    689.8 ms  ✓ OpenSpecFun_jll
    841.2 ms  ✓ ManifoldDiff
    586.7 ms  ✓ Statistics → SparseArraysExt
    574.4 ms  ✓ DifferentiationInterface → DifferentiationInterfaceSparseArraysExt
    830.3 ms  ✓ LinearMaps → LinearMapsSparseArraysExt
   2010.6 ms  ✓ SpecialFunctions
   2018.2 ms  ✓ StatsBase
   1096.6 ms  ✓ Kronecker
  10027.2 ms  ✓ StaticArrays
    484.7 ms  ✓ StaticArrays → StaticArraysStatisticsExt
    482.8 ms  ✓ DifferentiationInterface → DifferentiationInterfaceStaticArraysExt
   1029.7 ms  ✓ ArnoldiMethod
   2902.3 ms  ✓ Graphs
    900.2 ms  ✓ SimpleWeightedGraphs
   5015.2 ms  ✓ Manifolds
  55 dependencies successfully precompiled in 28 seconds. 8 already precompiled.
	Command being timed: "nice -n -10 timeout -k120 -v 3600 julia +alpha --project=M/Manifolds/Geodesic-On-Sphere -e using Pkg; @time @eval Pkg.precompile()"
	User time (seconds): 210.17
	System time (seconds): 14.04
	Percent of CPU this job got: 149%
	Elapsed (wall clock) time (h:mm:ss or m:ss): 2:30.01
	Average shared text size (kbytes): 0
	Average unshared data size (kbytes): 0
	Average stack size (kbytes): 0
	Average total size (kbytes): 0
	Maximum resident set size (kbytes): 2636072
	Average resident set size (kbytes): 0
	Major (requiring I/O) page faults: 348
	Minor (reclaiming a frame) page faults: 4900615
	Voluntary context switches: 14277
	Involuntary context switches: 3293
	Swaps: 0
	File system inputs: 0
	File system outputs: 557760
	Socket messages sent: 0
	Socket messages received: 0
	Signals delivered: 0
	Page size (bytes): 4096
	Exit status: 0
