Precompiling project...
   1818.3 ms  ✓ RealDot
   1918.1 ms  ✓ Unicode
   2009.4 ms  ✓ OpenLibm_jll
   2009.1 ms  ✓ DataAPI
   1997.3 ms  ✓ StatsAPI
   2290.6 ms  ✓ Inflate
   2377.1 ms  ✓ Mmap
   2394.7 ms  ✓ CompilerSupportLibraries_jll
   2499.5 ms  ✓ Statistics
   2518.4 ms  ✓ DocStringExtensions
   2767.3 ms  ✓ SuiteSparse_jll
   2912.8 ms  ✓ Serialization
   3023.3 ms  ✓ OrderedCollections
   1906.9 ms  ✓ StaticArraysCore
   2002.5 ms  ✓ PtrArrays
   2481.5 ms  ✓ Requires
   2800.4 ms  ✓ ADTypes
   2420.1 ms  ✓ Quaternions
   2309.9 ms  ✓ Missings
   4911.8 ms  ✓ IrrationalConstants
   2492.4 ms  ✓ Compat
   3007.4 ms  ✓ Preferences
   1512.6 ms  ✓ AliasTables
   6113.3 ms  ✓ LinearMaps
   3723.9 ms  ✓ NamedDims
   1672.7 ms  ✓ Compat → CompatLinearAlgebraExt
   1902.3 ms  ✓ LogExpFunctions
   1318.3 ms  ✓ PrecompileTools
   5098.9 ms  ✓ InteractiveUtils
   1611.0 ms  ✓ JLLWrappers
   1188.4 ms  ✓ LinearMaps → LinearMapsStatisticsExt
   1234.6 ms  ✓ Einsum
   3291.7 ms  ✓ DifferentiationInterface
   8286.7 ms  ✓ MacroTools
   1512.6 ms  ✓ OpenSpecFun_jll
   5731.1 ms  ✓ Distributed
   1388.0 ms  ✓ SimpleTraits
   7400.2 ms  ✓ ManifoldsBase
   1088.9 ms  ✓ SharedArrays
   3392.1 ms  ✓ DataStructures
   4390.2 ms  ✓ MatrixEquations
    700.6 ms  ✓ ManifoldsBase → ManifoldsBaseQuaternionsExt
    797.4 ms  ✓ ManifoldsBase → ManifoldsBaseStatisticsExt
    938.5 ms  ✓ ManifoldDiff
   8012.5 ms  ✓ SparseArrays
    521.4 ms  ✓ SortingAlgorithms
    489.7 ms  ✓ Statistics → SparseArraysExt
    491.8 ms  ✓ DifferentiationInterface → DifferentiationInterfaceSparseArraysExt
    743.7 ms  ✓ LinearMaps → LinearMapsSparseArraysExt
   3032.4 ms  ✓ SpecialFunctions
   1500.4 ms  ✓ StatsBase
   1127.2 ms  ✓ Kronecker
   7353.2 ms  ✓ StaticArrays
    426.6 ms  ✓ StaticArrays → StaticArraysStatisticsExt
    426.3 ms  ✓ DifferentiationInterface → DifferentiationInterfaceStaticArraysExt
    786.5 ms  ✓ ArnoldiMethod
   2678.7 ms  ✓ Graphs
    733.9 ms  ✓ SimpleWeightedGraphs
   5002.5 ms  ✓ Manifolds
  59 dependencies successfully precompiled in 23 seconds. 6 already precompiled.
	Command being timed: "julia +1.11.7 --project=M/Manifolds/Geodesic-On-Sphere -e using Pkg; @time @eval Pkg.precompile()"
	User time (seconds): 153.48
	System time (seconds): 12.77
	Percent of CPU this job got: 216%
	Elapsed (wall clock) time (h:mm:ss or m:ss): 1:16.68
	Average shared text size (kbytes): 0
	Average unshared data size (kbytes): 0
	Average stack size (kbytes): 0
	Average total size (kbytes): 0
	Maximum resident set size (kbytes): 2055216
	Average resident set size (kbytes): 0
	Major (requiring I/O) page faults: 249
	Minor (reclaiming a frame) page faults: 3541522
	Voluntary context switches: 98730
	Involuntary context switches: 17786
	Swaps: 0
	File system inputs: 0
	File system outputs: 611432
	Socket messages sent: 0
	Socket messages received: 0
	Signals delivered: 0
	Page size (bytes): 4096
	Exit status: 0
