nice: cannot set niceness: Permission denied
Precompiling packages...
    409.9 ms  ✓ RealDot
    447.5 ms  ✓ DataAPI
    571.8 ms  ✓ Statistics
    538.9 ms  ✓ StaticArraysCore
    479.2 ms  ✓ StatsAPI
    877.6 ms  ✓ SuiteSparse_jll
   1372.0 ms  ✓ IrrationalConstants
    794.7 ms  ✓ Requires
    684.2 ms  ✓ OrderedCollections
    719.9 ms  ✓ ADTypes
    658.0 ms  ✓ Serialization
    487.0 ms  ✓ Unicode
    609.8 ms  ✓ DocStringExtensions
   1579.8 ms  ✓ LinearMaps
    549.8 ms  ✓ Inflate
    462.0 ms  ✓ PtrArrays
    640.0 ms  ✓ OpenLibm_jll
    530.0 ms  ✓ Quaternions
    498.3 ms  ✓ Missings
   1255.0 ms  ✓ InteractiveUtils
   1001.4 ms  ✓ NamedDims
   1088.0 ms  ✓ DifferentiationInterface
   5315.2 ms  ✓ MacroTools
    709.1 ms  ✓ LogExpFunctions
   1916.4 ms  ✓ DataStructures
    414.0 ms  ✓ LinearMaps → LinearMapsStatisticsExt
    494.7 ms  ✓ AliasTables
    486.8 ms  ✓ NaNMath
   2226.9 ms  ✓ Preferences
    690.2 ms  ✓ SimpleTraits
    568.9 ms  ✓ SortingAlgorithms
    768.4 ms  ✓ JLLWrappers
    656.4 ms  ✓ PrecompileTools
   2364.8 ms  ✓ MatrixEquations
    818.4 ms  ✓ OpenSpecFun_jll
   4259.1 ms  ✓ SparseArrays
    572.6 ms  ✓ Statistics → SparseArraysExt
    836.4 ms  ✓ LinearMaps → LinearMapsSparseArraysExt
    608.1 ms  ✓ DifferentiationInterface → DifferentiationInterfaceSparseArraysExt
   3064.7 ms  ✓ ManifoldsBase
   2428.1 ms  ✓ SpecialFunctions
    572.6 ms  ✓ ManifoldsBase → ManifoldsBaseStatisticsExt
    583.0 ms  ✓ ManifoldsBase → ManifoldsBaseQuaternionsExt
    547.8 ms  ✓ DiffRules
   2169.9 ms  ✓ StatsBase
    810.0 ms  ✓ ManifoldDiff
   1141.9 ms  ✓ Kronecker
  11372.9 ms  ✓ StaticArrays
   7832.5 ms  ✓ Tullio
    562.9 ms  ✓ StaticArrays → StaticArraysStatisticsExt
    560.5 ms  ✓ DifferentiationInterface → DifferentiationInterfaceStaticArraysExt
   1082.7 ms  ✓ ArnoldiMethod
   3222.8 ms  ✓ Graphs
    977.7 ms  ✓ SimpleWeightedGraphs
   9376.7 ms  ✓ Manifolds
  55 dependencies successfully precompiled in 33 seconds. 8 already precompiled.
	Command being timed: "nice -n -10 timeout -k120 -v 3600 julia +alpha --project=M/Manifolds/Geodesic-On-Sphere -e using Pkg; @time @eval Pkg.precompile()"
	User time (seconds): 216.15
	System time (seconds): 13.47
	Percent of CPU this job got: 159%
	Elapsed (wall clock) time (h:mm:ss or m:ss): 2:24.05
	Average shared text size (kbytes): 0
	Average unshared data size (kbytes): 0
	Average stack size (kbytes): 0
	Average total size (kbytes): 0
	Maximum resident set size (kbytes): 2586588
	Average resident set size (kbytes): 0
	Major (requiring I/O) page faults: 316
	Minor (reclaiming a frame) page faults: 5146473
	Voluntary context switches: 13729
	Involuntary context switches: 3302
	Swaps: 0
	File system inputs: 0
	File system outputs: 616440
	Socket messages sent: 0
	Socket messages received: 0
	Signals delivered: 0
	Page size (bytes): 4096
	Exit status: 0
