nice: cannot set niceness: Permission denied
Precompiling packages...
  73273.9 ms  ✓ Pkg (serial)
  1 dependency successfully precompiled in 73 seconds
Precompiling packages...
   2422.9 ms  ✓ RealDot
   2630.4 ms  ✓ OpenLibm_jll
   2754.0 ms  ✓ DataAPI
   2861.2 ms  ✓ StatsAPI
   2975.5 ms  ✓ Unicode
   3098.8 ms  ✓ CompilerSupportLibraries_jll
   3166.4 ms  ✓ Inflate
   3339.4 ms  ✓ SuiteSparse_jll
   3570.4 ms  ✓ Statistics
   3665.8 ms  ✓ DocStringExtensions
   3867.0 ms  ✓ Serialization
   4365.0 ms  ✓ ADTypes
   2850.6 ms  ✓ PtrArrays
   2930.4 ms  ✓ StaticArraysCore
   3191.5 ms  ✓ Quaternions
   4110.5 ms  ✓ Requires
   3758.6 ms  ✓ Preferences
   2495.2 ms  ✓ AliasTables
   5193.6 ms  ✓ NamedDims
   8968.3 ms  ✓ LinearMaps
   1996.3 ms  ✓ PrecompileTools
   9478.5 ms  ✓ OrderedCollections
   2202.9 ms  ✓ JLLWrappers
   7037.4 ms  ✓ Missings
   1708.7 ms  ✓ LinearMaps → LinearMapsStatisticsExt
   7756.3 ms  ✓ Compat
  11775.4 ms  ✓ IrrationalConstants
   2309.4 ms  ✓ OpenSpecFun_jll
   1300.1 ms  ✓ Compat → CompatLinearAlgebraExt
   9764.2 ms  ✓ InteractiveUtils
   8454.9 ms  ✓ DifferentiationInterface
   1195.8 ms  ✓ Einsum
   1902.3 ms  ✓ LogExpFunctions
  13675.2 ms  ✓ MacroTools
   4786.3 ms  ✓ DataStructures
   5676.1 ms  ✓ MatrixEquations
   1059.3 ms  ✓ SimpleTraits
    699.3 ms  ✓ SortingAlgorithms
  12046.7 ms  ✓ ManifoldsBase
    588.5 ms  ✓ ManifoldsBase → ManifoldsBaseQuaternionsExt
    618.0 ms  ✓ ManifoldsBase → ManifoldsBaseStatisticsExt
  12462.7 ms  ✓ SparseArrays
   2791.8 ms  ✓ SpecialFunctions
    580.8 ms  ✓ Statistics → SparseArraysExt
    607.6 ms  ✓ DifferentiationInterface → DifferentiationInterfaceSparseArraysExt
   1871.4 ms  ✓ ManifoldDiff
    914.4 ms  ✓ LinearMaps → LinearMapsSparseArraysExt
   2837.5 ms  ✓ StatsBase
  10482.9 ms  ✓ StaticArrays
    464.9 ms  ✓ StaticArrays → StaticArraysStatisticsExt
    466.5 ms  ✓ DifferentiationInterface → DifferentiationInterfaceStaticArraysExt
   1088.5 ms  ✓ Kronecker
   1864.7 ms  ✓ ArnoldiMethod
   3766.1 ms  ✓ Graphs
   1761.5 ms  ✓ SimpleWeightedGraphs
   5606.3 ms  ✓ Manifolds
  56 dependencies successfully precompiled in 33 seconds. 8 already precompiled.
	Command being timed: "nice -n -10 timeout -k120 -v 3600 julia +1.12.2 --project=M/Manifolds/Geodesic-On-Sphere -e using Pkg; @time @eval Pkg.precompile()"
	User time (seconds): 210.90
	System time (seconds): 14.49
	Percent of CPU this job got: 211%
	Elapsed (wall clock) time (h:mm:ss or m:ss): 1:46.76
	Average shared text size (kbytes): 0
	Average unshared data size (kbytes): 0
	Average stack size (kbytes): 0
	Average total size (kbytes): 0
	Maximum resident set size (kbytes): 2106928
	Average resident set size (kbytes): 0
	Major (requiring I/O) page faults: 277
	Minor (reclaiming a frame) page faults: 4395867
	Voluntary context switches: 12871
	Involuntary context switches: 11102
	Swaps: 0
	File system inputs: 0
	File system outputs: 526360
	Socket messages sent: 0
	Socket messages received: 0
	Signals delivered: 0
	Page size (bytes): 4096
	Exit status: 0
