nice: cannot set niceness: Permission denied
Precompiling packages...
    427.9 ms  ✓ RealDot
    451.7 ms  ✓ DataAPI
    579.6 ms  ✓ Statistics
    506.4 ms  ✓ StaticArraysCore
    482.4 ms  ✓ StatsAPI
    888.7 ms  ✓ SuiteSparse_jll
   1344.1 ms  ✓ IrrationalConstants
    799.1 ms  ✓ Requires
    691.5 ms  ✓ OrderedCollections
    718.6 ms  ✓ ADTypes
    663.2 ms  ✓ Serialization
    485.1 ms  ✓ Unicode
   1582.9 ms  ✓ LinearMaps
    616.5 ms  ✓ DocStringExtensions
    564.9 ms  ✓ Inflate
    448.9 ms  ✓ PtrArrays
    680.5 ms  ✓ OpenLibm_jll
    539.2 ms  ✓ Quaternions
    499.9 ms  ✓ Missings
   1231.4 ms  ✓ InteractiveUtils
    971.1 ms  ✓ NamedDims
   1086.8 ms  ✓ DifferentiationInterface
   1891.3 ms  ✓ DataStructures
   5445.0 ms  ✓ MacroTools
    465.7 ms  ✓ LinearMaps → LinearMapsStatisticsExt
    617.7 ms  ✓ LogExpFunctions
   2009.1 ms  ✓ Preferences
    511.8 ms  ✓ AliasTables
    550.4 ms  ✓ NaNMath
   3199.5 ms  ✓ ManifoldsBase
   2277.8 ms  ✓ MatrixEquations
    568.6 ms  ✓ SortingAlgorithms
    592.7 ms  ✓ JLLWrappers
    758.5 ms  ✓ SimpleTraits
    485.8 ms  ✓ PrecompileTools
    581.6 ms  ✓ ManifoldsBase → ManifoldsBaseQuaternionsExt
   4444.2 ms  ✓ SparseArrays
    562.8 ms  ✓ ManifoldsBase → ManifoldsBaseStatisticsExt
    842.8 ms  ✓ ManifoldDiff
    680.7 ms  ✓ OpenSpecFun_jll
    577.6 ms  ✓ Statistics → SparseArraysExt
    791.3 ms  ✓ LinearMaps → LinearMapsSparseArraysExt
    552.7 ms  ✓ DifferentiationInterface → DifferentiationInterfaceSparseArraysExt
   2017.0 ms  ✓ SpecialFunctions
   2075.0 ms  ✓ StatsBase
    526.2 ms  ✓ DiffRules
   1124.2 ms  ✓ Kronecker
   7601.2 ms  ✓ Tullio
  11022.8 ms  ✓ StaticArrays
    484.5 ms  ✓ StaticArrays → StaticArraysStatisticsExt
    482.7 ms  ✓ DifferentiationInterface → DifferentiationInterfaceStaticArraysExt
   1035.9 ms  ✓ ArnoldiMethod
   2989.1 ms  ✓ Graphs
    917.0 ms  ✓ SimpleWeightedGraphs
   6582.1 ms  ✓ Manifolds
  55 dependencies successfully precompiled in 31 seconds. 8 already precompiled.
	Command being timed: "nice -n -10 timeout -k120 -v 3600 julia +alpha --project=M/Manifolds/Geodesic-On-Sphere -e using Pkg; @time @eval Pkg.precompile()"
	User time (seconds): 211.34
	System time (seconds): 13.62
	Percent of CPU this job got: 157%
	Elapsed (wall clock) time (h:mm:ss or m:ss): 2:22.81
	Average shared text size (kbytes): 0
	Average unshared data size (kbytes): 0
	Average stack size (kbytes): 0
	Average total size (kbytes): 0
	Maximum resident set size (kbytes): 2741124
	Average resident set size (kbytes): 0
	Major (requiring I/O) page faults: 329
	Minor (reclaiming a frame) page faults: 5170572
	Voluntary context switches: 14206
	Involuntary context switches: 2944
	Swaps: 0
	File system inputs: 0
	File system outputs: 592752
	Socket messages sent: 0
	Socket messages received: 0
	Signals delivered: 0
	Page size (bytes): 4096
	Exit status: 0
