nice: cannot set niceness: Permission denied
Precompiling packages...
    569.0 ms  ✓ RealDot
    632.3 ms  ✓ DataAPI
    855.1 ms  ✓ Statistics
    699.6 ms  ✓ StaticArraysCore
    644.6 ms  ✓ StatsAPI
   1150.1 ms  ✓ SuiteSparse_jll
   1851.5 ms  ✓ IrrationalConstants
   1061.6 ms  ✓ Requires
    835.1 ms  ✓ OrderedCollections
    820.7 ms  ✓ ADTypes
    896.1 ms  ✓ Serialization
    683.0 ms  ✓ Unicode
    763.7 ms  ✓ DocStringExtensions
   2019.8 ms  ✓ LinearMaps
    747.9 ms  ✓ Inflate
    632.5 ms  ✓ PtrArrays
    842.1 ms  ✓ OpenLibm_jll
    731.1 ms  ✓ Missings
    842.5 ms  ✓ Quaternions
   1535.0 ms  ✓ InteractiveUtils
   1235.4 ms  ✓ NamedDims
   1304.1 ms  ✓ DifferentiationInterface
   2573.7 ms  ✓ DataStructures
   7967.0 ms  ✓ MacroTools
    894.9 ms  ✓ LogExpFunctions
    705.7 ms  ✓ LinearMaps → LinearMapsStatisticsExt
   2849.9 ms  ✓ Preferences
   4060.4 ms  ✓ ManifoldsBase
    621.4 ms  ✓ AliasTables
    705.8 ms  ✓ NaNMath
    688.6 ms  ✓ SortingAlgorithms
    781.5 ms  ✓ JLLWrappers
   1015.5 ms  ✓ SimpleTraits
    678.9 ms  ✓ PrecompileTools
   2951.2 ms  ✓ MatrixEquations
   5887.3 ms  ✓ SparseArrays
    667.5 ms  ✓ ManifoldsBase → ManifoldsBaseStatisticsExt
    794.4 ms  ✓ ManifoldsBase → ManifoldsBaseQuaternionsExt
    800.2 ms  ✓ OpenSpecFun_jll
   1130.8 ms  ✓ ManifoldDiff
    838.5 ms  ✓ Statistics → SparseArraysExt
   1062.1 ms  ✓ LinearMaps → LinearMapsSparseArraysExt
    688.3 ms  ✓ DifferentiationInterface → DifferentiationInterfaceSparseArraysExt
   2414.1 ms  ✓ SpecialFunctions
   2421.0 ms  ✓ StatsBase
    616.6 ms  ✓ DiffRules
   1298.2 ms  ✓ Kronecker
  13272.9 ms  ✓ StaticArrays
    642.3 ms  ✓ StaticArrays → StaticArraysStatisticsExt
    755.1 ms  ✓ DifferentiationInterface → DifferentiationInterfaceStaticArraysExt
  10016.8 ms  ✓ Tullio
   1307.7 ms  ✓ ArnoldiMethod
   3902.9 ms  ✓ Graphs
   1054.0 ms  ✓ SimpleWeightedGraphs
   8196.4 ms  ✓ Manifolds
  55 dependencies successfully precompiled in 39 seconds. 8 already precompiled.
	Command being timed: "nice -n -10 timeout -k120 -v 3600 julia +alpha --project=M/Manifolds/Geodesic-On-Sphere -e using Pkg; @time @eval Pkg.precompile()"
	User time (seconds): 269.16
	System time (seconds): 16.04
	Percent of CPU this job got: 158%
	Elapsed (wall clock) time (h:mm:ss or m:ss): 3:00.08
	Average shared text size (kbytes): 0
	Average unshared data size (kbytes): 0
	Average stack size (kbytes): 0
	Average total size (kbytes): 0
	Maximum resident set size (kbytes): 2756048
	Average resident set size (kbytes): 0
	Major (requiring I/O) page faults: 316
	Minor (reclaiming a frame) page faults: 5182305
	Voluntary context switches: 13013
	Involuntary context switches: 4491
	Swaps: 0
	File system inputs: 40
	File system outputs: 595320
	Socket messages sent: 0
	Socket messages received: 0
	Signals delivered: 0
	Page size (bytes): 4096
	Exit status: 0
