nice: cannot set niceness: Permission denied
Precompiling packages...
    425.4 ms  ✓ RealDot
    469.0 ms  ✓ DataAPI
    597.3 ms  ✓ Statistics
    530.0 ms  ✓ StaticArraysCore
    490.9 ms  ✓ StatsAPI
   1335.4 ms  ✓ IrrationalConstants
    903.8 ms  ✓ SuiteSparse_jll
    865.3 ms  ✓ Requires
    717.2 ms  ✓ OrderedCollections
    758.6 ms  ✓ ADTypes
    697.4 ms  ✓ Serialization
    494.3 ms  ✓ Unicode
    626.1 ms  ✓ DocStringExtensions
   1602.2 ms  ✓ LinearMaps
    549.4 ms  ✓ Inflate
    479.2 ms  ✓ PtrArrays
    792.5 ms  ✓ OpenLibm_jll
    589.4 ms  ✓ Quaternions
    523.9 ms  ✓ Missings
   1288.1 ms  ✓ InteractiveUtils
   1002.3 ms  ✓ NamedDims
   1086.7 ms  ✓ DifferentiationInterface
   1892.6 ms  ✓ DataStructures
   5640.2 ms  ✓ MacroTools
    623.9 ms  ✓ LogExpFunctions
    415.2 ms  ✓ LinearMaps → LinearMapsStatisticsExt
   2310.7 ms  ✓ Preferences
    501.6 ms  ✓ AliasTables
   3120.9 ms  ✓ ManifoldsBase
    563.2 ms  ✓ NaNMath
    605.1 ms  ✓ SortingAlgorithms
   2252.9 ms  ✓ MatrixEquations
    520.3 ms  ✓ PrecompileTools
    623.8 ms  ✓ JLLWrappers
   4343.8 ms  ✓ SparseArrays
    809.1 ms  ✓ SimpleTraits
    626.1 ms  ✓ ManifoldsBase → ManifoldsBaseQuaternionsExt
    536.6 ms  ✓ ManifoldsBase → ManifoldsBaseStatisticsExt
    675.4 ms  ✓ OpenSpecFun_jll
    575.7 ms  ✓ Statistics → SparseArraysExt
    826.0 ms  ✓ ManifoldDiff
    830.2 ms  ✓ LinearMaps → LinearMapsSparseArraysExt
    593.9 ms  ✓ DifferentiationInterface → DifferentiationInterfaceSparseArraysExt
   2016.6 ms  ✓ SpecialFunctions
   2023.8 ms  ✓ StatsBase
    549.9 ms  ✓ DiffRules
   1108.5 ms  ✓ Kronecker
[0KERROR: LoadError: UndefVarError: `_shrink` not defined in `Base`
[0KSuggestion: check for spelling errors or missing imports.
[0KStacktrace:
[0K  [1] getproperty
[0K    @ ./Base_compiler.jl:50 [inlined]
[0K  [2] _precompile_()
[0K    @ Tullio._Precompile_Base /workdir/depot/packages/Tullio/2zyFP/src/precompile/precompile_Base.jl:77
[0K  [3] top-level scope
[0K    @ /workdir/depot/packages/Tullio/2zyFP/src/precompile.jl:14
[0K  [4] include(mapexpr::Function, mod::Module, _path::String)
[0K    @ Base ./Base.jl:310
[0K  [5] top-level scope
[0K    @ /workdir/depot/packages/Tullio/2zyFP/src/Tullio.jl:27
[0K  [6] include(mod::Module, _path::String)
[0K    @ Base ./Base.jl:309
[0K  [7] include_package_for_output(pkg::Base.PkgId, input::String, syntax_version::VersionNumber, depot_path::Vector{String}, dl_load_path::Vector{String}, load_path::Vector{String}, concrete_deps::Vector{Pair{Base.PkgId, UInt128}}, source::Nothing)
[0K    @ Base ./loading.jl:3288
[0K  [8] top-level scope
[0K    @ stdin:5
[0K  [9] eval(m::Module, e::Any)
[0K    @ Core ./boot.jl:489
[0K [10] include_string(mapexpr::typeof(identity), mod::Module, code::String, filename::String)
[0K    @ Base ./loading.jl:3130
[0K [11] include_string
[0K    @ ./loading.jl:3140 [inlined]
[0K [12] exec_options(opts::Base.JLOptions)
[0K    @ Base ./client.jl:342
[0K [13] _start()
[0K    @ Base ./client.jl:585
[0Kin expression starting at /workdir/depot/packages/Tullio/2zyFP/src/precompile.jl:13
[0Kin expression starting at /workdir/depot/packages/Tullio/2zyFP/src/Tullio.jl:1
[0Kin expression starting at stdin:5
              ✗ Tullio
  10735.7 ms  ✓ StaticArrays
    498.0 ms  ✓ StaticArrays → StaticArraysStatisticsExt
    496.2 ms  ✓ DifferentiationInterface → DifferentiationInterfaceStaticArraysExt
   1050.5 ms  ✓ ArnoldiMethod
   3011.8 ms  ✓ Graphs
    918.9 ms  ✓ SimpleWeightedGraphs
[0KERROR: LoadError: Precompiled image Base.PkgId(Base.UUID("bc48ee85-29a4-5162-ae0b-a64e1601d4bc"), "Tullio") not available with flags CacheFlags(; use_pkgimages=true, debug_level=1, check_bounds=0, inline=true, opt_level=2)
[0KStacktrace:
[0K  [1] error(s::String)
[0K    @ Base ./error.jl:56
[0K  [2] __require_prelocked(pkg::Base.PkgId, env::String)
[0K    @ Base ./loading.jl:2840
[0K  [3] _require_prelocked(uuidkey::Base.PkgId, env::String)
[0K    @ Base ./loading.jl:2694
[0K  [4] macro expansion
[0K    @ ./loading.jl:2621 [inlined]
[0K  [5] macro expansion
[0K    @ ./lock.jl:376 [inlined]
[0K  [6] __require(into::Module, mod::Symbol)
[0K    @ Base ./loading.jl:2585
[0K  [7] require
[0K    @ ./loading.jl:2561 [inlined]
[0K  [8] eval_import_path
[0K    @ ./module.jl:36 [inlined]
[0K  [9] eval_import_path_all(at::Module, path::Expr, keyword::String)
[0K    @ Base ./module.jl:60
[0K [10] _eval_import(::Bool, ::Module, ::Expr, ::Expr, ::Vararg{Expr})
[0K    @ Base ./module.jl:101
[0K [11] top-level scope
[0K    @ /workdir/depot/packages/Manifolds/9wrdP/src/Manifolds.jl:214
[0K [12] include(mod::Module, _path::String)
[0K    @ Base ./Base.jl:309
[0K [13] include_package_for_output(pkg::Base.PkgId, input::String, syntax_version::VersionNumber, depot_path::Vector{String}, dl_load_path::Vector{String}, load_path::Vector{String}, concrete_deps::Vector{Pair{Base.PkgId, UInt128}}, source::Nothing)
[0K    @ Base ./loading.jl:3288
[0K [14] top-level scope
[0K    @ stdin:5
[0K [15] eval(m::Module, e::Any)
[0K    @ Core ./boot.jl:489
[0K [16] include_string(mapexpr::typeof(identity), mod::Module, code::String, filename::String)
[0K    @ Base ./loading.jl:3130
[0K [17] include_string
[0K    @ ./loading.jl:3140 [inlined]
[0K [18] exec_options(opts::Base.JLOptions)
[0K    @ Base ./client.jl:342
[0K [19] _start()
[0K    @ Base ./client.jl:585
[0Kin expression starting at /workdir/depot/packages/Manifolds/9wrdP/src/Manifolds.jl:1
[0Kin expression starting at stdin:5
              ✗ Manifolds
  53 dependencies successfully precompiled in 25 seconds. 8 already precompiled.
	Command being timed: "nice -n -10 timeout -k120 -v 3600 julia +nightly --project=M/Manifolds/Geodesic-On-Sphere -e using Pkg; @time @eval Pkg.precompile()"
	User time (seconds): 217.48
	System time (seconds): 13.81
	Percent of CPU this job got: 151%
	Elapsed (wall clock) time (h:mm:ss or m:ss): 2:32.17
	Average shared text size (kbytes): 0
	Average unshared data size (kbytes): 0
	Average stack size (kbytes): 0
	Average total size (kbytes): 0
	Maximum resident set size (kbytes): 2512740
	Average resident set size (kbytes): 0
	Major (requiring I/O) page faults: 274
	Minor (reclaiming a frame) page faults: 5133538
	Voluntary context switches: 13720
	Involuntary context switches: 2944
	Swaps: 0
	File system inputs: 0
	File system outputs: 538304
	Socket messages sent: 0
	Socket messages received: 0
	Signals delivered: 0
	Page size (bytes): 4096
	Exit status: 0
