nice: cannot set niceness: Permission denied
Precompiling packages...
  75301.4 ms  ✓ Pkg (serial)
  1 dependency successfully precompiled in 75 seconds
Precompiling packages...
   2554.3 ms  ✓ RealDot
   2642.0 ms  ✓ OpenLibm_jll
   2831.9 ms  ✓ StatsAPI
   2856.1 ms  ✓ Unicode
   2830.5 ms  ✓ SuiteSparse_jll
   2855.8 ms  ✓ Inflate
   2953.1 ms  ✓ DataAPI
   3437.3 ms  ✓ DocStringExtensions
   3425.3 ms  ✓ CompilerSupportLibraries_jll
   3444.6 ms  ✓ Statistics
   3658.3 ms  ✓ Serialization
   4020.4 ms  ✓ ADTypes
   2402.7 ms  ✓ StaticArraysCore
   2676.7 ms  ✓ PtrArrays
   2708.7 ms  ✓ Quaternions
   3488.2 ms  ✓ Requires
   3592.0 ms  ✓ Preferences
   2223.2 ms  ✓ AliasTables
   8123.0 ms  ✓ LinearMaps
   4789.6 ms  ✓ NamedDims
   2090.8 ms  ✓ PrecompileTools
   2393.2 ms  ✓ JLLWrappers
   8865.4 ms  ✓ OrderedCollections
   1729.9 ms  ✓ LinearMaps → LinearMapsStatisticsExt
   7893.8 ms  ✓ NaNMath
   7418.1 ms  ✓ Missings
   2302.2 ms  ✓ OpenSpecFun_jll
  11218.9 ms  ✓ IrrationalConstants
   9294.4 ms  ✓ InteractiveUtils
   8120.5 ms  ✓ DifferentiationInterface
   1430.0 ms  ✓ LogExpFunctions
  13143.8 ms  ✓ MacroTools
   4376.2 ms  ✓ DataStructures
   5824.1 ms  ✓ MatrixEquations
    747.5 ms  ✓ SortingAlgorithms
    999.1 ms  ✓ SimpleTraits
  11661.6 ms  ✓ SparseArrays
   8890.3 ms  ✓ ManifoldsBase
   3319.1 ms  ✓ SpecialFunctions
   1007.9 ms  ✓ ManifoldsBase → ManifoldsBaseQuaternionsExt
   1050.4 ms  ✓ Statistics → SparseArraysExt
   1078.6 ms  ✓ ManifoldsBase → ManifoldsBaseStatisticsExt
   1123.5 ms  ✓ DifferentiationInterface → DifferentiationInterfaceSparseArraysExt
   1474.0 ms  ✓ LinearMaps → LinearMapsSparseArraysExt
    844.6 ms  ✓ DiffRules
   2285.2 ms  ✓ ManifoldDiff
   3099.9 ms  ✓ StatsBase
  11382.6 ms  ✓ StaticArrays
    558.7 ms  ✓ StaticArrays → StaticArraysStatisticsExt
    556.7 ms  ✓ DifferentiationInterface → DifferentiationInterfaceStaticArraysExt
   1426.0 ms  ✓ Kronecker
   1990.9 ms  ✓ ArnoldiMethod
   7217.8 ms  ✓ Tullio
   5040.0 ms  ✓ Graphs
   1776.6 ms  ✓ SimpleWeightedGraphs
   7423.7 ms  ✓ Manifolds
  56 dependencies successfully precompiled in 36 seconds. 8 already precompiled.
	Command being timed: "nice -n -10 timeout -k120 -v 3600 julia +release --project=M/Manifolds/Geodesic-On-Sphere -e using Pkg; @time @eval Pkg.precompile()"
	User time (seconds): 225.41
	System time (seconds): 15.79
	Percent of CPU this job got: 214%
	Elapsed (wall clock) time (h:mm:ss or m:ss): 1:52.50
	Average shared text size (kbytes): 0
	Average unshared data size (kbytes): 0
	Average stack size (kbytes): 0
	Average total size (kbytes): 0
	Maximum resident set size (kbytes): 2155120
	Average resident set size (kbytes): 0
	Major (requiring I/O) page faults: 288
	Minor (reclaiming a frame) page faults: 4596640
	Voluntary context switches: 13376
	Involuntary context switches: 9945
	Swaps: 0
	File system inputs: 0
	File system outputs: 577584
	Socket messages sent: 0
	Socket messages received: 0
	Signals delivered: 0
	Page size (bytes): 4096
	Exit status: 0
