nice: cannot set niceness: Permission denied
Precompiling packages...
   1984.0 ms  ✓ RealDot
   1995.0 ms  ✓ OpenLibm_jll
   2101.0 ms  ✓ StatsAPI
   2157.6 ms  ✓ CompilerSupportLibraries_jll
   2283.2 ms  ✓ DataAPI
   2396.9 ms  ✓ Requires
   2373.3 ms  ✓ SuiteSparse_jll
   2486.8 ms  ✓ Inflate
   2694.7 ms  ✓ Compat
   2792.7 ms  ✓ DocStringExtensions
   2850.3 ms  ✓ ADTypes
   2884.4 ms  ✓ OrderedCollections
   1603.0 ms  ✓ PtrArrays
   1783.1 ms  ✓ StaticArraysCore
   1208.0 ms  ✓ Compat → CompatLinearAlgebraExt
   1724.7 ms  ✓ Quaternions
   1716.3 ms  ✓ Missings
   2328.0 ms  ✓ Preferences
   4579.7 ms  ✓ IrrationalConstants
   1290.1 ms  ✓ AliasTables
   1099.0 ms  ✓ Einsum
   5199.1 ms  ✓ LinearMaps
    893.5 ms  ✓ PrecompileTools
   2620.1 ms  ✓ DifferentiationInterface
   1071.3 ms  ✓ JLLWrappers
   1328.7 ms  ✓ LogExpFunctions
   6202.9 ms  ✓ MacroTools
    920.7 ms  ✓ OpenSpecFun_jll
   3810.0 ms  ✓ DataStructures
   7126.3 ms  ✓ ManifoldsBase
    979.6 ms  ✓ SimpleTraits
    686.7 ms  ✓ SortingAlgorithms
    511.8 ms  ✓ ManifoldsBase → ManifoldsBaseQuaternionsExt
    723.9 ms  ✓ ManifoldDiff
   2744.2 ms  ✓ MatrixEquations
   5674.3 ms  ✓ SparseArrays
    459.9 ms  ✓ DifferentiationInterface → DifferentiationInterfaceSparseArraysExt
    539.6 ms  ✓ Statistics
    757.2 ms  ✓ LinearMaps → LinearMapsSparseArraysExt
   2388.8 ms  ✓ SpecialFunctions
    519.1 ms  ✓ ManifoldsBase → ManifoldsBaseStatisticsExt
    435.4 ms  ✓ LinearMaps → LinearMapsStatisticsExt
    942.9 ms  ✓ NamedDims
   1484.4 ms  ✓ StatsBase
   1104.9 ms  ✓ Kronecker
   5860.8 ms  ✓ StaticArrays
    408.3 ms  ✓ DifferentiationInterface → DifferentiationInterfaceStaticArraysExt
    534.0 ms  ✓ StaticArrays → StaticArraysStatisticsExt
    693.7 ms  ✓ ArnoldiMethod
   2402.8 ms  ✓ Graphs
    679.0 ms  ✓ SimpleWeightedGraphs
   3951.3 ms  ✓ Manifolds
  52 dependencies successfully precompiled in 20 seconds
	Command being timed: "nice -n -10 timeout -k120 -v 3600 julia +lts --project=M/Manifolds/Geodesic-On-Sphere -e using Pkg; @time @eval Pkg.precompile()"
	User time (seconds): 48.41
	System time (seconds): 8.97
	Percent of CPU this job got: 280%
	Elapsed (wall clock) time (h:mm:ss or m:ss): 0:20.47
	Average shared text size (kbytes): 0
	Average unshared data size (kbytes): 0
	Average stack size (kbytes): 0
	Average total size (kbytes): 0
	Maximum resident set size (kbytes): 461752
	Average resident set size (kbytes): 0
	Major (requiring I/O) page faults: 145
	Minor (reclaiming a frame) page faults: 2182807
	Voluntary context switches: 69189
	Involuntary context switches: 7357
	Swaps: 0
	File system inputs: 0
	File system outputs: 212112
	Socket messages sent: 0
	Socket messages received: 0
	Signals delivered: 0
	Page size (bytes): 4096
	Exit status: 0
