nice: cannot set niceness: Permission denied
Precompiling packages...
  73155.8 ms  ✓ Pkg (serial)
  1 dependency successfully precompiled in 73 seconds
Precompiling packages...
   2354.8 ms  ✓ RealDot
   2452.3 ms  ✓ OpenLibm_jll
   2656.5 ms  ✓ Unicode
   2658.7 ms  ✓ DataAPI
   2848.6 ms  ✓ StatsAPI
   2934.3 ms  ✓ CompilerSupportLibraries_jll
   3129.1 ms  ✓ Inflate
   3104.3 ms  ✓ SuiteSparse_jll
   3358.2 ms  ✓ DocStringExtensions
   3364.4 ms  ✓ Statistics
   4167.3 ms  ✓ Serialization
   4314.4 ms  ✓ ADTypes
   2399.1 ms  ✓ PtrArrays
   2718.6 ms  ✓ StaticArraysCore
   3074.9 ms  ✓ Quaternions
   4003.6 ms  ✓ Requires
   3702.6 ms  ✓ Preferences
   2520.9 ms  ✓ AliasTables
   8266.2 ms  ✓ LinearMaps
   4988.3 ms  ✓ NamedDims
   1999.2 ms  ✓ PrecompileTools
   2510.5 ms  ✓ JLLWrappers
   9756.6 ms  ✓ OrderedCollections
   1599.8 ms  ✓ LinearMaps → LinearMapsStatisticsExt
   7707.5 ms  ✓ NaNMath
   7708.5 ms  ✓ Missings
   2186.4 ms  ✓ OpenSpecFun_jll
  11761.5 ms  ✓ IrrationalConstants
   9491.5 ms  ✓ InteractiveUtils
   8118.8 ms  ✓ DifferentiationInterface
   1301.7 ms  ✓ LogExpFunctions
  13345.6 ms  ✓ MacroTools
   5424.0 ms  ✓ MatrixEquations
   4103.3 ms  ✓ DataStructures
    982.3 ms  ✓ SimpleTraits
    625.8 ms  ✓ SortingAlgorithms
  11590.7 ms  ✓ ManifoldsBase
    631.2 ms  ✓ ManifoldsBase → ManifoldsBaseQuaternionsExt
    636.1 ms  ✓ ManifoldsBase → ManifoldsBaseStatisticsExt
  11594.6 ms  ✓ SparseArrays
   2997.5 ms  ✓ SpecialFunctions
    710.9 ms  ✓ Statistics → SparseArraysExt
    707.3 ms  ✓ DifferentiationInterface → DifferentiationInterfaceSparseArraysExt
   2076.7 ms  ✓ ManifoldDiff
    735.8 ms  ✓ DiffRules
   1095.2 ms  ✓ LinearMaps → LinearMapsSparseArraysExt
   3170.1 ms  ✓ StatsBase
  10798.1 ms  ✓ StaticArrays
    544.9 ms  ✓ StaticArrays → StaticArraysStatisticsExt
    542.6 ms  ✓ DifferentiationInterface → DifferentiationInterfaceStaticArraysExt
   1158.8 ms  ✓ Kronecker
   1994.9 ms  ✓ ArnoldiMethod
   7114.8 ms  ✓ Tullio
   4797.8 ms  ✓ Graphs
   1716.7 ms  ✓ SimpleWeightedGraphs
   7211.0 ms  ✓ Manifolds
  56 dependencies successfully precompiled in 35 seconds. 8 already precompiled.
	Command being timed: "nice -n -10 timeout -k120 -v 3600 julia +1.12.5 --project=M/Manifolds/Geodesic-On-Sphere -e using Pkg; @time @eval Pkg.precompile()"
	User time (seconds): 219.52
	System time (seconds): 16.14
	Percent of CPU this job got: 215%
	Elapsed (wall clock) time (h:mm:ss or m:ss): 1:49.28
	Average shared text size (kbytes): 0
	Average unshared data size (kbytes): 0
	Average stack size (kbytes): 0
	Average total size (kbytes): 0
	Maximum resident set size (kbytes): 2151712
	Average resident set size (kbytes): 0
	Major (requiring I/O) page faults: 313
	Minor (reclaiming a frame) page faults: 4569536
	Voluntary context switches: 12936
	Involuntary context switches: 10312
	Swaps: 0
	File system inputs: 0
	File system outputs: 563344
	Socket messages sent: 0
	Socket messages received: 0
	Signals delivered: 0
	Page size (bytes): 4096
	Exit status: 0
