nice: cannot set niceness: Permission denied
Precompiling packages...
  73928.4 ms  ✓ Pkg (serial)
  1 dependency successfully precompiled in 74 seconds
Precompiling packages...
   2296.9 ms  ✓ RealDot
   2596.6 ms  ✓ Unicode
   2599.2 ms  ✓ DataAPI
   2688.3 ms  ✓ OpenLibm_jll
   2757.1 ms  ✓ StatsAPI
   2968.0 ms  ✓ CompilerSupportLibraries_jll
   3181.1 ms  ✓ Inflate
   3171.6 ms  ✓ SuiteSparse_jll
   3401.7 ms  ✓ Statistics
   3502.6 ms  ✓ DocStringExtensions
   4096.6 ms  ✓ Serialization
   4494.1 ms  ✓ ADTypes
   2611.6 ms  ✓ PtrArrays
   2900.3 ms  ✓ StaticArraysCore
   3128.9 ms  ✓ Quaternions
   3530.1 ms  ✓ Preferences
   4499.2 ms  ✓ Requires
   2595.1 ms  ✓ AliasTables
   8291.0 ms  ✓ LinearMaps
   5101.6 ms  ✓ NamedDims
   2053.2 ms  ✓ PrecompileTools
   2203.9 ms  ✓ JLLWrappers
   9696.5 ms  ✓ OrderedCollections
   1712.0 ms  ✓ LinearMaps → LinearMapsStatisticsExt
   7397.3 ms  ✓ Missings
   2088.8 ms  ✓ OpenSpecFun_jll
   8010.4 ms  ✓ NaNMath
  11997.5 ms  ✓ IrrationalConstants
   9711.0 ms  ✓ InteractiveUtils
   7837.3 ms  ✓ DifferentiationInterface
   1391.1 ms  ✓ LogExpFunctions
  13319.9 ms  ✓ MacroTools
   4226.8 ms  ✓ DataStructures
   5646.4 ms  ✓ MatrixEquations
   1024.1 ms  ✓ SimpleTraits
    640.6 ms  ✓ SortingAlgorithms
  11742.0 ms  ✓ ManifoldsBase
    628.3 ms  ✓ ManifoldsBase → ManifoldsBaseQuaternionsExt
    641.1 ms  ✓ ManifoldsBase → ManifoldsBaseStatisticsExt
  11763.0 ms  ✓ SparseArrays
   2932.6 ms  ✓ SpecialFunctions
    709.9 ms  ✓ Statistics → SparseArraysExt
    712.4 ms  ✓ DifferentiationInterface → DifferentiationInterfaceSparseArraysExt
   2023.4 ms  ✓ ManifoldDiff
   1063.0 ms  ✓ LinearMaps → LinearMapsSparseArraysExt
    651.8 ms  ✓ DiffRules
   3204.7 ms  ✓ StatsBase
  11018.2 ms  ✓ StaticArrays
    567.9 ms  ✓ StaticArrays → StaticArraysStatisticsExt
    565.2 ms  ✓ DifferentiationInterface → DifferentiationInterfaceStaticArraysExt
   1164.5 ms  ✓ Kronecker
   2039.7 ms  ✓ ArnoldiMethod
   7294.7 ms  ✓ Tullio
   4679.0 ms  ✓ Graphs
   1748.1 ms  ✓ SimpleWeightedGraphs
   7170.2 ms  ✓ Manifolds
  56 dependencies successfully precompiled in 35 seconds. 8 already precompiled.
	Command being timed: "nice -n -10 timeout -k120 -v 3600 julia +1.12.5 --project=M/Manifolds/Geodesic-On-Sphere -e using Pkg; @time @eval Pkg.precompile()"
	User time (seconds): 221.65
	System time (seconds): 15.43
	Percent of CPU this job got: 215%
	Elapsed (wall clock) time (h:mm:ss or m:ss): 1:50.12
	Average shared text size (kbytes): 0
	Average unshared data size (kbytes): 0
	Average stack size (kbytes): 0
	Average total size (kbytes): 0
	Maximum resident set size (kbytes): 2148052
	Average resident set size (kbytes): 0
	Major (requiring I/O) page faults: 406
	Minor (reclaiming a frame) page faults: 4549658
	Voluntary context switches: 13328
	Involuntary context switches: 9978
	Swaps: 0
	File system inputs: 0
	File system outputs: 564320
	Socket messages sent: 0
	Socket messages received: 0
	Signals delivered: 0
	Page size (bytes): 4096
	Exit status: 0
