nice: cannot set niceness: Permission denied
Precompiling packages...
  73677.5 ms  ✓ Pkg (serial)
  1 dependency successfully precompiled in 74 seconds
Precompiling packages...
   2367.0 ms  ✓ RealDot
   2561.6 ms  ✓ OpenLibm_jll
   2667.1 ms  ✓ Unicode
   2665.6 ms  ✓ StatsAPI
   2763.0 ms  ✓ DataAPI
   2868.8 ms  ✓ Inflate
   3331.6 ms  ✓ CompilerSupportLibraries_jll
   3369.6 ms  ✓ DocStringExtensions
   3343.8 ms  ✓ SuiteSparse_jll
   3433.3 ms  ✓ Statistics
   3866.2 ms  ✓ Serialization
   4134.1 ms  ✓ ADTypes
   2494.8 ms  ✓ PtrArrays
   2993.9 ms  ✓ StaticArraysCore
   3003.2 ms  ✓ Quaternions
   4113.7 ms  ✓ Requires
   3588.5 ms  ✓ Preferences
   2311.1 ms  ✓ AliasTables
   8260.5 ms  ✓ LinearMaps
   5038.3 ms  ✓ NamedDims
   1815.0 ms  ✓ PrecompileTools
   2112.2 ms  ✓ JLLWrappers
   9473.0 ms  ✓ OrderedCollections
   1619.3 ms  ✓ LinearMaps → LinearMapsStatisticsExt
   7222.1 ms  ✓ NaNMath
   7605.7 ms  ✓ Missings
   2299.1 ms  ✓ OpenSpecFun_jll
  11467.8 ms  ✓ IrrationalConstants
   8266.0 ms  ✓ DifferentiationInterface
   9885.4 ms  ✓ InteractiveUtils
   1404.4 ms  ✓ LogExpFunctions
  13165.7 ms  ✓ MacroTools
   4225.4 ms  ✓ DataStructures
   5696.1 ms  ✓ MatrixEquations
   1061.6 ms  ✓ SimpleTraits
    669.2 ms  ✓ SortingAlgorithms
  11510.1 ms  ✓ ManifoldsBase
    626.8 ms  ✓ ManifoldsBase → ManifoldsBaseStatisticsExt
    629.6 ms  ✓ ManifoldsBase → ManifoldsBaseQuaternionsExt
  11828.4 ms  ✓ SparseArrays
   3105.4 ms  ✓ SpecialFunctions
    682.8 ms  ✓ DifferentiationInterface → DifferentiationInterfaceSparseArraysExt
    703.1 ms  ✓ Statistics → SparseArraysExt
    725.6 ms  ✓ DiffRules
   1077.6 ms  ✓ LinearMaps → LinearMapsSparseArraysExt
   2018.1 ms  ✓ ManifoldDiff
   3173.3 ms  ✓ StatsBase
  10975.0 ms  ✓ StaticArrays
    541.2 ms  ✓ DifferentiationInterface → DifferentiationInterfaceStaticArraysExt
    546.4 ms  ✓ StaticArrays → StaticArraysStatisticsExt
   1172.8 ms  ✓ Kronecker
   1945.0 ms  ✓ ArnoldiMethod
   7003.6 ms  ✓ Tullio
   4955.8 ms  ✓ Graphs
   1735.0 ms  ✓ SimpleWeightedGraphs
   7189.2 ms  ✓ Manifolds
  56 dependencies successfully precompiled in 36 seconds. 8 already precompiled.
	Command being timed: "nice -n -10 timeout -k120 -v 3600 julia +release --project=M/Manifolds/Geodesic-On-Sphere -e using Pkg; @time @eval Pkg.precompile()"
	User time (seconds): 221.65
	System time (seconds): 15.32
	Percent of CPU this job got: 215%
	Elapsed (wall clock) time (h:mm:ss or m:ss): 1:50.02
	Average shared text size (kbytes): 0
	Average unshared data size (kbytes): 0
	Average stack size (kbytes): 0
	Average total size (kbytes): 0
	Maximum resident set size (kbytes): 2148576
	Average resident set size (kbytes): 0
	Major (requiring I/O) page faults: 288
	Minor (reclaiming a frame) page faults: 4564165
	Voluntary context switches: 13591
	Involuntary context switches: 10423
	Swaps: 0
	File system inputs: 0
	File system outputs: 565832
	Socket messages sent: 0
	Socket messages received: 0
	Signals delivered: 0
	Page size (bytes): 4096
	Exit status: 0
