Precompiling project...
   1756.7 ms  ✓ Unicode
   1952.6 ms  ✓ RealDot
   2037.1 ms  ✓ OpenLibm_jll
   2228.7 ms  ✓ Inflate
   2221.8 ms  ✓ DataAPI
   2204.6 ms  ✓ StatsAPI
   2313.9 ms  ✓ Mmap
   2445.5 ms  ✓ OrderedCollections
   2594.1 ms  ✓ SuiteSparse_jll
   2633.3 ms  ✓ DocStringExtensions
   2632.8 ms  ✓ Statistics
   2619.2 ms  ✓ CompilerSupportLibraries_jll
   3029.6 ms  ✓ Serialization
   1817.7 ms  ✓ PtrArrays
   1907.7 ms  ✓ StaticArraysCore
   2891.2 ms  ✓ ADTypes
   2507.1 ms  ✓ Requires
   2208.8 ms  ✓ Missings
   2497.1 ms  ✓ Compat
   2518.5 ms  ✓ Quaternions
   5235.0 ms  ✓ IrrationalConstants
   2812.3 ms  ✓ Preferences
   1995.5 ms  ✓ AliasTables
   6256.0 ms  ✓ LinearMaps
   3620.6 ms  ✓ NamedDims
   1612.5 ms  ✓ Compat → CompatLinearAlgebraExt
   1494.2 ms  ✓ PrecompileTools
   1686.6 ms  ✓ JLLWrappers
   2094.1 ms  ✓ LogExpFunctions
   5695.3 ms  ✓ InteractiveUtils
   1484.0 ms  ✓ LinearMaps → LinearMapsStatisticsExt
   1586.5 ms  ✓ Einsum
   3521.8 ms  ✓ DifferentiationInterface
   8226.1 ms  ✓ MacroTools
   1706.6 ms  ✓ OpenSpecFun_jll
   6001.6 ms  ✓ Distributed
   1367.7 ms  ✓ SimpleTraits
   1005.8 ms  ✓ SharedArrays
   7806.1 ms  ✓ ManifoldsBase
   4494.4 ms  ✓ MatrixEquations
    774.4 ms  ✓ ManifoldsBase → ManifoldsBaseStatisticsExt
    815.2 ms  ✓ ManifoldsBase → ManifoldsBaseQuaternionsExt
   3364.4 ms  ✓ DataStructures
    951.6 ms  ✓ ManifoldDiff
   8227.0 ms  ✓ SparseArrays
    531.1 ms  ✓ SortingAlgorithms
    543.8 ms  ✓ Statistics → SparseArraysExt
    573.8 ms  ✓ DifferentiationInterface → DifferentiationInterfaceSparseArraysExt
   3385.1 ms  ✓ SpecialFunctions
    840.9 ms  ✓ LinearMaps → LinearMapsSparseArraysExt
   1574.8 ms  ✓ StatsBase
   1213.8 ms  ✓ Kronecker
   7946.2 ms  ✓ StaticArrays
    436.3 ms  ✓ StaticArrays → StaticArraysStatisticsExt
    437.4 ms  ✓ DifferentiationInterface → DifferentiationInterfaceStaticArraysExt
    813.3 ms  ✓ ArnoldiMethod
   2708.6 ms  ✓ Graphs
    759.1 ms  ✓ SimpleWeightedGraphs
   5258.8 ms  ✓ Manifolds
  59 dependencies successfully precompiled in 24 seconds. 6 already precompiled.
	Command being timed: "julia +1.11.6 --project=M/Manifolds/Geodesic-On-Sphere -e using Pkg; @time @eval Pkg.precompile()"
	User time (seconds): 158.78
	System time (seconds): 12.52
	Percent of CPU this job got: 219%
	Elapsed (wall clock) time (h:mm:ss or m:ss): 1:18.10
	Average shared text size (kbytes): 0
	Average unshared data size (kbytes): 0
	Average stack size (kbytes): 0
	Average total size (kbytes): 0
	Maximum resident set size (kbytes): 2037396
	Average resident set size (kbytes): 0
	Major (requiring I/O) page faults: 264
	Minor (reclaiming a frame) page faults: 3529142
	Voluntary context switches: 97436
	Involuntary context switches: 23784
	Swaps: 0
	File system inputs: 0
	File system outputs: 611208
	Socket messages sent: 0
	Socket messages received: 0
	Signals delivered: 0
	Page size (bytes): 4096
	Exit status: 0
