nice: cannot set niceness: Permission denied
Precompiling packages...
  75708.7 ms  ✓ Pkg (serial)
  1 dependency successfully precompiled in 76 seconds
Precompiling packages...
   2514.7 ms  ✓ RealDot
   2701.3 ms  ✓ OpenLibm_jll
   2727.2 ms  ✓ Unicode
   2790.8 ms  ✓ StatsAPI
   2793.6 ms  ✓ DataAPI
   3230.0 ms  ✓ SuiteSparse_jll
   3325.2 ms  ✓ Inflate
   3369.4 ms  ✓ CompilerSupportLibraries_jll
   3492.7 ms  ✓ Statistics
   3719.2 ms  ✓ DocStringExtensions
   3822.7 ms  ✓ Serialization
   4087.4 ms  ✓ ADTypes
   2513.3 ms  ✓ PtrArrays
   2702.0 ms  ✓ StaticArraysCore
   2987.1 ms  ✓ Quaternions
   3903.7 ms  ✓ Requires
   3367.9 ms  ✓ Preferences
   1874.1 ms  ✓ AliasTables
   8106.2 ms  ✓ LinearMaps
   4833.7 ms  ✓ NamedDims
   2014.3 ms  ✓ PrecompileTools
   8732.8 ms  ✓ OrderedCollections
   2434.2 ms  ✓ JLLWrappers
   1714.2 ms  ✓ LinearMaps → LinearMapsStatisticsExt
   7315.4 ms  ✓ Missings
   7394.7 ms  ✓ NaNMath
   2098.2 ms  ✓ OpenSpecFun_jll
  11432.8 ms  ✓ IrrationalConstants
   9341.9 ms  ✓ InteractiveUtils
   8409.1 ms  ✓ DifferentiationInterface
   1498.5 ms  ✓ LogExpFunctions
  12930.5 ms  ✓ MacroTools
   4685.4 ms  ✓ DataStructures
   5740.6 ms  ✓ MatrixEquations
   1078.5 ms  ✓ SimpleTraits
    720.1 ms  ✓ SortingAlgorithms
   8582.9 ms  ✓ ManifoldsBase
  11853.2 ms  ✓ SparseArrays
   3084.5 ms  ✓ SpecialFunctions
    860.7 ms  ✓ ManifoldsBase → ManifoldsBaseStatisticsExt
    871.1 ms  ✓ ManifoldsBase → ManifoldsBaseQuaternionsExt
    878.5 ms  ✓ Statistics → SparseArraysExt
    861.0 ms  ✓ DifferentiationInterface → DifferentiationInterfaceSparseArraysExt
    806.1 ms  ✓ DiffRules
   1274.8 ms  ✓ LinearMaps → LinearMapsSparseArraysExt
   2228.4 ms  ✓ ManifoldDiff
  11046.4 ms  ✓ StaticArrays
   3248.6 ms  ✓ StatsBase
    559.0 ms  ✓ DifferentiationInterface → DifferentiationInterfaceStaticArraysExt
    561.1 ms  ✓ StaticArrays → StaticArraysStatisticsExt
   1183.7 ms  ✓ Kronecker
   2020.5 ms  ✓ ArnoldiMethod
   7082.1 ms  ✓ Tullio
   5069.4 ms  ✓ Graphs
   1767.1 ms  ✓ SimpleWeightedGraphs
  10142.7 ms  ✓ Manifolds
  56 dependencies successfully precompiled in 39 seconds. 8 already precompiled.
	Command being timed: "nice -n -10 timeout -k120 -v 3600 julia +release --project=M/Manifolds/Geodesic-On-Sphere -e using Pkg; @time @eval Pkg.precompile()"
	User time (seconds): 229.36
	System time (seconds): 15.63
	Percent of CPU this job got: 212%
	Elapsed (wall clock) time (h:mm:ss or m:ss): 1:55.52
	Average shared text size (kbytes): 0
	Average unshared data size (kbytes): 0
	Average stack size (kbytes): 0
	Average total size (kbytes): 0
	Maximum resident set size (kbytes): 2155164
	Average resident set size (kbytes): 0
	Major (requiring I/O) page faults: 310
	Minor (reclaiming a frame) page faults: 4571260
	Voluntary context switches: 13681
	Involuntary context switches: 10571
	Swaps: 0
	File system inputs: 0
	File system outputs: 593120
	Socket messages sent: 0
	Socket messages received: 0
	Signals delivered: 0
	Page size (bytes): 4096
	Exit status: 0
