nice: cannot set niceness: Permission denied
Precompiling packages...
  73123.8 ms  ✓ Pkg (serial)
  1 dependency successfully precompiled in 73 seconds
Precompiling packages...
   2289.7 ms  ✓ RealDot
   2487.3 ms  ✓ OpenLibm_jll
   2492.5 ms  ✓ Unicode
   2867.2 ms  ✓ DataAPI
   2869.1 ms  ✓ StatsAPI
   2883.8 ms  ✓ Inflate
   2938.2 ms  ✓ CompilerSupportLibraries_jll
   3019.9 ms  ✓ SuiteSparse_jll
   3376.4 ms  ✓ DocStringExtensions
   3667.7 ms  ✓ Statistics
   3977.6 ms  ✓ Serialization
   4505.4 ms  ✓ ADTypes
   2681.5 ms  ✓ PtrArrays
   3076.8 ms  ✓ StaticArraysCore
   3104.4 ms  ✓ Quaternions
   4218.8 ms  ✓ Requires
   3793.2 ms  ✓ Preferences
   2514.6 ms  ✓ AliasTables
   8173.3 ms  ✓ LinearMaps
   5015.8 ms  ✓ NamedDims
   1892.3 ms  ✓ PrecompileTools
   9383.5 ms  ✓ OrderedCollections
   2502.9 ms  ✓ JLLWrappers
   1993.1 ms  ✓ LinearMaps → LinearMapsStatisticsExt
   7493.8 ms  ✓ Missings
   8126.9 ms  ✓ Compat
  11277.3 ms  ✓ IrrationalConstants
   2507.9 ms  ✓ OpenSpecFun_jll
   1209.4 ms  ✓ Compat → CompatLinearAlgebraExt
   9789.5 ms  ✓ InteractiveUtils
   8396.9 ms  ✓ DifferentiationInterface
   1894.9 ms  ✓ LogExpFunctions
   1261.7 ms  ✓ Einsum
  13513.7 ms  ✓ MacroTools
   4709.6 ms  ✓ DataStructures
   6034.0 ms  ✓ MatrixEquations
   1024.9 ms  ✓ SimpleTraits
    638.7 ms  ✓ SortingAlgorithms
  12282.5 ms  ✓ ManifoldsBase
    622.0 ms  ✓ ManifoldsBase → ManifoldsBaseStatisticsExt
    634.1 ms  ✓ ManifoldsBase → ManifoldsBaseQuaternionsExt
  12140.4 ms  ✓ SparseArrays
   2969.3 ms  ✓ SpecialFunctions
    557.8 ms  ✓ DifferentiationInterface → DifferentiationInterfaceSparseArraysExt
    579.7 ms  ✓ Statistics → SparseArraysExt
    888.7 ms  ✓ LinearMaps → LinearMapsSparseArraysExt
   1874.2 ms  ✓ ManifoldDiff
   2853.9 ms  ✓ StatsBase
  10865.1 ms  ✓ StaticArrays
    478.5 ms  ✓ StaticArrays → StaticArraysStatisticsExt
    476.4 ms  ✓ DifferentiationInterface → DifferentiationInterfaceStaticArraysExt
   1082.2 ms  ✓ Kronecker
   1890.5 ms  ✓ ArnoldiMethod
   3789.8 ms  ✓ Graphs
   1751.8 ms  ✓ SimpleWeightedGraphs
   5642.5 ms  ✓ Manifolds
  56 dependencies successfully precompiled in 33 seconds. 8 already precompiled.
	Command being timed: "nice -n -10 timeout -k120 -v 3600 julia +1.12.3 --project=M/Manifolds/Geodesic-On-Sphere -e using Pkg; @time @eval Pkg.precompile()"
	User time (seconds): 207.24
	System time (seconds): 15.76
	Percent of CPU this job got: 209%
	Elapsed (wall clock) time (h:mm:ss or m:ss): 1:46.53
	Average shared text size (kbytes): 0
	Average unshared data size (kbytes): 0
	Average stack size (kbytes): 0
	Average total size (kbytes): 0
	Maximum resident set size (kbytes): 2098112
	Average resident set size (kbytes): 0
	Major (requiring I/O) page faults: 286
	Minor (reclaiming a frame) page faults: 4441477
	Voluntary context switches: 13309
	Involuntary context switches: 9976
	Swaps: 0
	File system inputs: 0
	File system outputs: 527072
	Socket messages sent: 0
	Socket messages received: 0
	Signals delivered: 0
	Page size (bytes): 4096
	Exit status: 0
