nice: cannot set niceness: Permission denied
Precompiling packages...
  72073.1 ms  ✓ Pkg (serial)
  1 dependency successfully precompiled in 72 seconds
Precompiling packages...
   2582.8 ms  ✓ RealDot
   2587.3 ms  ✓ OpenLibm_jll
   2686.9 ms  ✓ Unicode
   2675.4 ms  ✓ DataAPI
   2872.1 ms  ✓ StatsAPI
   2950.4 ms  ✓ CompilerSupportLibraries_jll
   2984.2 ms  ✓ Inflate
   3264.2 ms  ✓ SuiteSparse_jll
   3382.5 ms  ✓ Statistics
   3584.2 ms  ✓ DocStringExtensions
   3890.0 ms  ✓ Serialization
   4507.8 ms  ✓ ADTypes
   2601.2 ms  ✓ PtrArrays
   2889.3 ms  ✓ StaticArraysCore
   2901.6 ms  ✓ Quaternions
   3914.9 ms  ✓ Requires
   3607.2 ms  ✓ Preferences
   2403.1 ms  ✓ AliasTables
   7778.6 ms  ✓ LinearMaps
   5215.8 ms  ✓ NamedDims
   2110.5 ms  ✓ PrecompileTools
   2288.0 ms  ✓ JLLWrappers
   9482.6 ms  ✓ OrderedCollections
   1802.3 ms  ✓ LinearMaps → LinearMapsStatisticsExt
   7404.1 ms  ✓ NaNMath
   7413.6 ms  ✓ Missings
  11177.3 ms  ✓ IrrationalConstants
   2118.9 ms  ✓ OpenSpecFun_jll
   7697.7 ms  ✓ DifferentiationInterface
   9687.3 ms  ✓ InteractiveUtils
   1475.4 ms  ✓ LogExpFunctions
  12921.1 ms  ✓ MacroTools
   5737.1 ms  ✓ MatrixEquations
   4037.9 ms  ✓ DataStructures
   1014.4 ms  ✓ SimpleTraits
    634.0 ms  ✓ SortingAlgorithms
  11266.3 ms  ✓ ManifoldsBase
    643.3 ms  ✓ ManifoldsBase → ManifoldsBaseQuaternionsExt
    642.0 ms  ✓ ManifoldsBase → ManifoldsBaseStatisticsExt
  11618.1 ms  ✓ SparseArrays
   2865.1 ms  ✓ SpecialFunctions
    694.0 ms  ✓ DifferentiationInterface → DifferentiationInterfaceSparseArraysExt
    702.6 ms  ✓ Statistics → SparseArraysExt
    800.7 ms  ✓ DiffRules
   1110.2 ms  ✓ LinearMaps → LinearMapsSparseArraysExt
   2059.8 ms  ✓ ManifoldDiff
   3077.7 ms  ✓ StatsBase
  10331.6 ms  ✓ StaticArrays
    546.0 ms  ✓ DifferentiationInterface → DifferentiationInterfaceStaticArraysExt
    549.9 ms  ✓ StaticArrays → StaticArraysStatisticsExt
   1179.3 ms  ✓ Kronecker
   1958.5 ms  ✓ ArnoldiMethod
   6880.6 ms  ✓ Tullio
   4453.2 ms  ✓ Graphs
   1735.7 ms  ✓ SimpleWeightedGraphs
   6946.3 ms  ✓ Manifolds
  56 dependencies successfully precompiled in 35 seconds. 8 already precompiled.
	Command being timed: "nice -n -10 timeout -k120 -v 3600 julia +1.12.4 --project=M/Manifolds/Geodesic-On-Sphere -e using Pkg; @time @eval Pkg.precompile()"
	User time (seconds): 216.53
	System time (seconds): 15.98
	Percent of CPU this job got: 216%
	Elapsed (wall clock) time (h:mm:ss or m:ss): 1:47.31
	Average shared text size (kbytes): 0
	Average unshared data size (kbytes): 0
	Average stack size (kbytes): 0
	Average total size (kbytes): 0
	Maximum resident set size (kbytes): 2048828
	Average resident set size (kbytes): 0
	Major (requiring I/O) page faults: 404
	Minor (reclaiming a frame) page faults: 4530339
	Voluntary context switches: 13993
	Involuntary context switches: 9935
	Swaps: 0
	File system inputs: 0
	File system outputs: 562264
	Socket messages sent: 0
	Socket messages received: 0
	Signals delivered: 0
	Page size (bytes): 4096
	Exit status: 0
