Precompiling project...
   1666.9 ms  ✓ RealDot
   1851.4 ms  ✓ OpenLibm_jll
   1867.4 ms  ✓ Unicode
   2151.2 ms  ✓ Inflate
   2134.4 ms  ✓ Mmap
   2140.4 ms  ✓ StatsAPI
   2326.5 ms  ✓ DataAPI
   2340.2 ms  ✓ SuiteSparse_jll
   2455.7 ms  ✓ Statistics
   2464.8 ms  ✓ DocStringExtensions
   2548.9 ms  ✓ CompilerSupportLibraries_jll
   2661.3 ms  ✓ OrderedCollections
   2858.7 ms  ✓ Serialization
   1965.5 ms  ✓ PtrArrays
   2104.8 ms  ✓ StaticArraysCore
   2491.1 ms  ✓ Requires
   2490.5 ms  ✓ Quaternions
   2998.0 ms  ✓ ADTypes
   2276.1 ms  ✓ Missings
   2386.0 ms  ✓ Compat
   5340.3 ms  ✓ IrrationalConstants
   2900.9 ms  ✓ Preferences
   1535.5 ms  ✓ AliasTables
   5859.6 ms  ✓ LinearMaps
   3786.1 ms  ✓ NamedDims
   1820.8 ms  ✓ Compat → CompatLinearAlgebraExt
   5015.8 ms  ✓ InteractiveUtils
   1588.3 ms  ✓ JLLWrappers
   1609.5 ms  ✓ PrecompileTools
   1188.7 ms  ✓ LinearMaps → LinearMapsStatisticsExt
   1903.7 ms  ✓ LogExpFunctions
   3286.0 ms  ✓ DifferentiationInterface
   1475.8 ms  ✓ Einsum
   8215.5 ms  ✓ MacroTools
   1606.8 ms  ✓ OpenSpecFun_jll
   5781.8 ms  ✓ Distributed
   1223.6 ms  ✓ SimpleTraits
    937.3 ms  ✓ SharedArrays
   7428.9 ms  ✓ ManifoldsBase
   4324.8 ms  ✓ MatrixEquations
   3380.0 ms  ✓ DataStructures
    688.4 ms  ✓ ManifoldsBase → ManifoldsBaseQuaternionsExt
    689.3 ms  ✓ ManifoldsBase → ManifoldsBaseStatisticsExt
    914.8 ms  ✓ ManifoldDiff
    527.1 ms  ✓ SortingAlgorithms
   8010.0 ms  ✓ SparseArrays
    487.7 ms  ✓ Statistics → SparseArraysExt
    489.9 ms  ✓ DifferentiationInterface → DifferentiationInterfaceSparseArraysExt
   2889.4 ms  ✓ SpecialFunctions
    748.3 ms  ✓ LinearMaps → LinearMapsSparseArraysExt
   1518.2 ms  ✓ StatsBase
   1112.3 ms  ✓ Kronecker
   7180.3 ms  ✓ StaticArrays
    438.8 ms  ✓ StaticArrays → StaticArraysStatisticsExt
    446.1 ms  ✓ DifferentiationInterface → DifferentiationInterfaceStaticArraysExt
    792.0 ms  ✓ ArnoldiMethod
   2646.8 ms  ✓ Graphs
    739.0 ms  ✓ SimpleWeightedGraphs
   5065.2 ms  ✓ Manifolds
  59 dependencies successfully precompiled in 23 seconds. 6 already precompiled.
	Command being timed: "julia +1.11.7 --project=M/Manifolds/Geodesic-On-Sphere -e using Pkg; @time @eval Pkg.precompile()"
	User time (seconds): 153.91
	System time (seconds): 12.63
	Percent of CPU this job got: 216%
	Elapsed (wall clock) time (h:mm:ss or m:ss): 1:17.08
	Average shared text size (kbytes): 0
	Average unshared data size (kbytes): 0
	Average stack size (kbytes): 0
	Average total size (kbytes): 0
	Maximum resident set size (kbytes): 2055152
	Average resident set size (kbytes): 0
	Major (requiring I/O) page faults: 279
	Minor (reclaiming a frame) page faults: 3530619
	Voluntary context switches: 101551
	Involuntary context switches: 19573
	Swaps: 0
	File system inputs: 0
	File system outputs: 611424
	Socket messages sent: 0
	Socket messages received: 0
	Signals delivered: 0
	Page size (bytes): 4096
	Exit status: 0
