nice: cannot set niceness: Permission denied
Precompiling packages...
    419.3 ms  ✓ RealDot
    464.0 ms  ✓ DataAPI
    608.9 ms  ✓ Statistics
    532.9 ms  ✓ StaticArraysCore
    466.8 ms  ✓ StatsAPI
   1367.0 ms  ✓ IrrationalConstants
    913.6 ms  ✓ SuiteSparse_jll
    803.3 ms  ✓ Requires
    689.1 ms  ✓ OrderedCollections
    730.6 ms  ✓ ADTypes
    709.4 ms  ✓ Serialization
    505.6 ms  ✓ Unicode
   1599.2 ms  ✓ LinearMaps
    640.9 ms  ✓ DocStringExtensions
    552.6 ms  ✓ Inflate
    465.6 ms  ✓ PtrArrays
    666.3 ms  ✓ OpenLibm_jll
    553.4 ms  ✓ Quaternions
    525.6 ms  ✓ Missings
   1465.1 ms  ✓ InteractiveUtils
   1177.1 ms  ✓ NamedDims
   4778.7 ms  ✓ MacroTools
   1241.0 ms  ✓ DifferentiationInterface
    579.8 ms  ✓ Compat
   1973.8 ms  ✓ DataStructures
    483.4 ms  ✓ LinearMaps → LinearMapsStatisticsExt
   1605.2 ms  ✓ Preferences
    673.0 ms  ✓ LogExpFunctions
    507.3 ms  ✓ AliasTables
   2919.5 ms  ✓ ManifoldsBase
    771.0 ms  ✓ SimpleTraits
    485.1 ms  ✓ Compat → CompatLinearAlgebraExt
   2247.5 ms  ✓ MatrixEquations
    590.3 ms  ✓ SortingAlgorithms
    496.5 ms  ✓ PrecompileTools
   3925.9 ms  ✓ SparseArrays
    623.9 ms  ✓ JLLWrappers
    555.6 ms  ✓ ManifoldsBase → ManifoldsBaseQuaternionsExt
    546.2 ms  ✓ ManifoldsBase → ManifoldsBaseStatisticsExt
    462.7 ms  ✓ Einsum
    614.5 ms  ✓ Statistics → SparseArraysExt
    860.8 ms  ✓ ManifoldDiff
    608.1 ms  ✓ DifferentiationInterface → DifferentiationInterfaceSparseArraysExt
    804.5 ms  ✓ LinearMaps → LinearMapsSparseArraysExt
    634.2 ms  ✓ OpenSpecFun_jll
   2027.7 ms  ✓ StatsBase
   1994.8 ms  ✓ SpecialFunctions
   1099.8 ms  ✓ Kronecker
  10325.0 ms  ✓ StaticArrays
    489.8 ms  ✓ DifferentiationInterface → DifferentiationInterfaceStaticArraysExt
    491.9 ms  ✓ StaticArrays → StaticArraysStatisticsExt
   1023.0 ms  ✓ ArnoldiMethod
   2917.7 ms  ✓ Graphs
    927.5 ms  ✓ SimpleWeightedGraphs
   5165.5 ms  ✓ Manifolds
  55 dependencies successfully precompiled in 28 seconds. 8 already precompiled.
	Command being timed: "nice -n -10 timeout -k120 -v 3600 julia +alpha --project=M/Manifolds/Geodesic-On-Sphere -e using Pkg; @time @eval Pkg.precompile()"
	User time (seconds): 195.39
	System time (seconds): 13.25
	Percent of CPU this job got: 152%
	Elapsed (wall clock) time (h:mm:ss or m:ss): 2:16.40
	Average shared text size (kbytes): 0
	Average unshared data size (kbytes): 0
	Average stack size (kbytes): 0
	Average total size (kbytes): 0
	Maximum resident set size (kbytes): 2599176
	Average resident set size (kbytes): 0
	Major (requiring I/O) page faults: 314
	Minor (reclaiming a frame) page faults: 4894072
	Voluntary context switches: 14108
	Involuntary context switches: 3435
	Swaps: 0
	File system inputs: 0
	File system outputs: 556616
	Socket messages sent: 0
	Socket messages received: 0
	Signals delivered: 0
	Page size (bytes): 4096
	Exit status: 0
