nice: cannot set niceness: Permission denied
Precompiling packages...
   2027.6 ms  ✓ RealDot
   1997.2 ms  ✓ PtrArrays
   2104.9 ms  ✓ StatsAPI
   2125.5 ms  ✓ DataAPI
   2208.0 ms  ✓ OpenLibm_jll
   2214.3 ms  ✓ CompilerSupportLibraries_jll
   2120.8 ms  ✓ StaticArraysCore
   2313.2 ms  ✓ SuiteSparse_jll
   2321.6 ms  ✓ Inflate
   2336.9 ms  ✓ Requires
   2766.3 ms  ✓ OrderedCollections
   2623.5 ms  ✓ DocStringExtensions
   2895.9 ms  ✓ ADTypes
   1204.0 ms  ✓ NaNMath
   1317.2 ms  ✓ AliasTables
   1319.5 ms  ✓ Missings
   1426.6 ms  ✓ Quaternions
   1789.8 ms  ✓ Preferences
   3824.8 ms  ✓ IrrationalConstants
   4318.1 ms  ✓ LinearMaps
    786.6 ms  ✓ PrecompileTools
    813.2 ms  ✓ JLLWrappers
   1991.0 ms  ✓ DifferentiationInterface
   1188.5 ms  ✓ LogExpFunctions
   5422.7 ms  ✓ MacroTools
    985.2 ms  ✓ OpenSpecFun_jll
   3100.6 ms  ✓ DataStructures
    599.2 ms  ✓ SortingAlgorithms
    901.5 ms  ✓ SimpleTraits
   4786.0 ms  ✓ SparseArrays
   2839.3 ms  ✓ MatrixEquations
   3933.5 ms  ✓ ManifoldsBase
    660.9 ms  ✓ DifferentiationInterface → DifferentiationInterfaceSparseArraysExt
    730.8 ms  ✓ Statistics
   2792.3 ms  ✓ SpecialFunctions
   1308.7 ms  ✓ LinearMaps → LinearMapsSparseArraysExt
    833.8 ms  ✓ ManifoldsBase → ManifoldsBaseQuaternionsExt
    899.9 ms  ✓ LinearMaps → LinearMapsStatisticsExt
   1049.4 ms  ✓ ManifoldDiff
   1001.7 ms  ✓ ManifoldsBase → ManifoldsBaseStatisticsExt
    612.5 ms  ✓ DiffRules
   1357.5 ms  ✓ NamedDims
   1967.3 ms  ✓ StatsBase
    914.2 ms  ✓ Kronecker
   6657.0 ms  ✓ StaticArrays
    438.4 ms  ✓ DifferentiationInterface → DifferentiationInterfaceStaticArraysExt
    576.0 ms  ✓ StaticArrays → StaticArraysStatisticsExt
    721.3 ms  ✓ ArnoldiMethod
   4577.3 ms  ✓ Tullio
   3190.4 ms  ✓ Graphs
    686.5 ms  ✓ SimpleWeightedGraphs
   7006.8 ms  ✓ Manifolds
  52 dependencies successfully precompiled in 24 seconds
	Command being timed: "nice -n -10 timeout -k120 -v 3600 julia +lts --project=M/Manifolds/Geodesic-On-Sphere -e using Pkg; @time @eval Pkg.precompile()"
	User time (seconds): 59.17
	System time (seconds): 8.75
	Percent of CPU this job got: 274%
	Elapsed (wall clock) time (h:mm:ss or m:ss): 0:24.74
	Average shared text size (kbytes): 0
	Average unshared data size (kbytes): 0
	Average stack size (kbytes): 0
	Average total size (kbytes): 0
	Maximum resident set size (kbytes): 525188
	Average resident set size (kbytes): 0
	Major (requiring I/O) page faults: 288
	Minor (reclaiming a frame) page faults: 2290384
	Voluntary context switches: 65199
	Involuntary context switches: 8195
	Swaps: 0
	File system inputs: 0
	File system outputs: 269632
	Socket messages sent: 0
	Socket messages received: 0
	Signals delivered: 0
	Page size (bytes): 4096
	Exit status: 0
