nice: cannot set niceness: Permission denied
Precompiling packages...
    438.2 ms  ✓ RealDot
    469.4 ms  ✓ DataAPI
    594.5 ms  ✓ Statistics
    508.0 ms  ✓ StaticArraysCore
    491.2 ms  ✓ StatsAPI
   1319.8 ms  ✓ IrrationalConstants
    993.3 ms  ✓ SuiteSparse_jll
    826.6 ms  ✓ Requires
    684.7 ms  ✓ OrderedCollections
    716.7 ms  ✓ ADTypes
    688.0 ms  ✓ Serialization
    636.9 ms  ✓ DocStringExtensions
   1591.7 ms  ✓ LinearMaps
    502.3 ms  ✓ Unicode
    582.0 ms  ✓ Inflate
    481.6 ms  ✓ PtrArrays
    720.8 ms  ✓ OpenLibm_jll
    573.8 ms  ✓ Quaternions
    522.4 ms  ✓ Missings
   1453.3 ms  ✓ InteractiveUtils
   1096.2 ms  ✓ NamedDims
   4742.5 ms  ✓ MacroTools
   1158.6 ms  ✓ DifferentiationInterface
    678.4 ms  ✓ LogExpFunctions
    421.9 ms  ✓ LinearMaps → LinearMapsStatisticsExt
   1859.2 ms  ✓ DataStructures
    480.9 ms  ✓ AliasTables
    508.4 ms  ✓ NaNMath
   2148.7 ms  ✓ MatrixEquations
   1720.7 ms  ✓ Preferences
    729.7 ms  ✓ SimpleTraits
    568.2 ms  ✓ SortingAlgorithms
    569.7 ms  ✓ JLLWrappers
    451.4 ms  ✓ PrecompileTools
   2882.0 ms  ✓ ManifoldsBase
   3919.7 ms  ✓ SparseArrays
    620.0 ms  ✓ OpenSpecFun_jll
    542.8 ms  ✓ ManifoldsBase → ManifoldsBaseStatisticsExt
    557.8 ms  ✓ ManifoldsBase → ManifoldsBaseQuaternionsExt
    643.4 ms  ✓ Statistics → SparseArraysExt
    829.8 ms  ✓ ManifoldDiff
    623.5 ms  ✓ DifferentiationInterface → DifferentiationInterfaceSparseArraysExt
    801.4 ms  ✓ LinearMaps → LinearMapsSparseArraysExt
   2034.5 ms  ✓ SpecialFunctions
   1965.4 ms  ✓ StatsBase
    534.8 ms  ✓ DiffRules
   1104.5 ms  ✓ Kronecker
   9699.7 ms  ✓ StaticArrays
    566.1 ms  ✓ DifferentiationInterface → DifferentiationInterfaceStaticArraysExt
    588.5 ms  ✓ StaticArrays → StaticArraysStatisticsExt
   1128.2 ms  ✓ ArnoldiMethod
   7352.3 ms  ✓ Tullio
   3217.0 ms  ✓ Graphs
    922.8 ms  ✓ SimpleWeightedGraphs
   6682.5 ms  ✓ Manifolds
  55 dependencies successfully precompiled in 29 seconds. 8 already precompiled.
	Command being timed: "nice -n -10 timeout -k120 -v 3600 julia +nightly --project=M/Manifolds/Geodesic-On-Sphere -e using Pkg; @time @eval Pkg.precompile()"
	User time (seconds): 200.60
	System time (seconds): 13.23
	Percent of CPU this job got: 159%
	Elapsed (wall clock) time (h:mm:ss or m:ss): 2:13.67
	Average shared text size (kbytes): 0
	Average unshared data size (kbytes): 0
	Average stack size (kbytes): 0
	Average total size (kbytes): 0
	Maximum resident set size (kbytes): 2230376
	Average resident set size (kbytes): 0
	Major (requiring I/O) page faults: 268
	Minor (reclaiming a frame) page faults: 4912861
	Voluntary context switches: 13962
	Involuntary context switches: 3093
	Swaps: 0
	File system inputs: 0
	File system outputs: 595256
	Socket messages sent: 0
	Socket messages received: 0
	Signals delivered: 0
	Page size (bytes): 4096
	Exit status: 0
