nice: cannot set niceness: Permission denied
Precompiling packages...
    772.2 ms  ✓ DataAPI
   1030.7 ms  ✓ RealDot
   1317.7 ms  ✓ Statistics
    874.8 ms  ✓ StaticArraysCore
    872.4 ms  ✓ StatsAPI
   1747.3 ms  ✓ SuiteSparse_jll
   3144.2 ms  ✓ IrrationalConstants
   1804.6 ms  ✓ Requires
   1270.2 ms  ✓ OrderedCollections
   1255.1 ms  ✓ ADTypes
    849.3 ms  ✓ Unicode
   1244.8 ms  ✓ DocStringExtensions
   1967.4 ms  ✓ Serialization
   3795.2 ms  ✓ LinearMaps
    920.9 ms  ✓ Inflate
    772.2 ms  ✓ PtrArrays
   1205.5 ms  ✓ OpenLibm_jll
   1001.5 ms  ✓ Missings
    995.8 ms  ✓ Quaternions
   2465.6 ms  ✓ InteractiveUtils
   2358.9 ms  ✓ NamedDims
   2468.7 ms  ✓ DifferentiationInterface
   3554.1 ms  ✓ DataStructures
   1338.4 ms  ✓ LogExpFunctions
  11689.6 ms  ✓ MacroTools
    810.0 ms  ✓ LinearMaps → LinearMapsStatisticsExt
   4291.3 ms  ✓ Preferences
    858.9 ms  ✓ AliasTables
    841.6 ms  ✓ NaNMath
    942.8 ms  ✓ SortingAlgorithms
   5991.9 ms  ✓ ManifoldsBase
   3882.2 ms  ✓ MatrixEquations
    844.4 ms  ✓ PrecompileTools
   1043.3 ms  ✓ JLLWrappers
   1400.5 ms  ✓ SimpleTraits
    984.9 ms  ✓ ManifoldsBase → ManifoldsBaseQuaternionsExt
    918.1 ms  ✓ ManifoldsBase → ManifoldsBaseStatisticsExt
   1376.2 ms  ✓ ManifoldDiff
   1109.9 ms  ✓ OpenSpecFun_jll
   7006.3 ms  ✓ SparseArrays
    936.3 ms  ✓ Statistics → SparseArraysExt
   1005.6 ms  ✓ DifferentiationInterface → DifferentiationInterfaceSparseArraysExt
   1451.9 ms  ✓ LinearMaps → LinearMapsSparseArraysExt
   4205.8 ms  ✓ SpecialFunctions
   1146.2 ms  ✓ DiffRules
   3751.2 ms  ✓ StatsBase
   2200.7 ms  ✓ Kronecker
  23031.2 ms  ✓ StaticArrays
    988.6 ms  ✓ DifferentiationInterface → DifferentiationInterfaceStaticArraysExt
   1020.3 ms  ✓ StaticArrays → StaticArraysStatisticsExt
   2241.3 ms  ✓ ArnoldiMethod
  18392.4 ms  ✓ Tullio
   5390.2 ms  ✓ Graphs
   1490.4 ms  ✓ SimpleWeightedGraphs
  14257.0 ms  ✓ Manifolds
  55 dependencies successfully precompiled in 62 seconds. 8 already precompiled.
	Command being timed: "nice -n -10 timeout -k120 -v 3600 julia +alpha --project=M/Manifolds/Geodesic-On-Sphere -e using Pkg; @time @eval Pkg.precompile()"
	User time (seconds): 497.32
	System time (seconds): 22.46
	Percent of CPU this job got: 147%
	Elapsed (wall clock) time (h:mm:ss or m:ss): 5:52.27
	Average shared text size (kbytes): 0
	Average unshared data size (kbytes): 0
	Average stack size (kbytes): 0
	Average total size (kbytes): 0
	Maximum resident set size (kbytes): 2715700
	Average resident set size (kbytes): 0
	Major (requiring I/O) page faults: 238
	Minor (reclaiming a frame) page faults: 5181925
	Voluntary context switches: 12946
	Involuntary context switches: 19414
	Swaps: 0
	File system inputs: 6512
	File system outputs: 594864
	Socket messages sent: 0
	Socket messages received: 0
	Signals delivered: 0
	Page size (bytes): 4096
	Exit status: 0
