nice: cannot set niceness: Permission denied
Precompiling packages...
   2124.6 ms  ✓ RealDot
   2132.3 ms  ✓ OpenLibm_jll
   2126.7 ms  ✓ DataAPI
   2135.7 ms  ✓ StatsAPI
   2330.5 ms  ✓ Requires
   2304.2 ms  ✓ SuiteSparse_jll
   2345.4 ms  ✓ Inflate
   2485.4 ms  ✓ PtrArrays
   2636.2 ms  ✓ CompilerSupportLibraries_jll
   2698.5 ms  ✓ DocStringExtensions
   2745.5 ms  ✓ OrderedCollections
   2897.4 ms  ✓ ADTypes
   1705.7 ms  ✓ StaticArraysCore
   1705.5 ms  ✓ NaNMath
   1602.6 ms  ✓ Missings
   1798.9 ms  ✓ Quaternions
   1578.0 ms  ✓ AliasTables
   2121.9 ms  ✓ Preferences
   4317.0 ms  ✓ IrrationalConstants
   4852.6 ms  ✓ LinearMaps
    794.5 ms  ✓ PrecompileTools
    867.6 ms  ✓ JLLWrappers
   2401.0 ms  ✓ DifferentiationInterface
   1326.8 ms  ✓ LogExpFunctions
   5844.7 ms  ✓ MacroTools
    999.5 ms  ✓ OpenSpecFun_jll
   3397.7 ms  ✓ DataStructures
    878.1 ms  ✓ SimpleTraits
    615.0 ms  ✓ SortingAlgorithms
   7078.4 ms  ✓ ManifoldsBase
    424.0 ms  ✓ ManifoldsBase → ManifoldsBaseQuaternionsExt
    618.8 ms  ✓ ManifoldDiff
   2774.4 ms  ✓ MatrixEquations
   5425.6 ms  ✓ SparseArrays
    487.9 ms  ✓ DifferentiationInterface → DifferentiationInterfaceSparseArraysExt
    563.9 ms  ✓ Statistics
   2480.7 ms  ✓ SpecialFunctions
    845.7 ms  ✓ LinearMaps → LinearMapsSparseArraysExt
    622.9 ms  ✓ LinearMaps → LinearMapsStatisticsExt
    710.4 ms  ✓ ManifoldsBase → ManifoldsBaseStatisticsExt
    587.9 ms  ✓ DiffRules
   1093.5 ms  ✓ NamedDims
   1690.8 ms  ✓ StatsBase
   1286.4 ms  ✓ Kronecker
   6399.5 ms  ✓ StaticArrays
    436.5 ms  ✓ DifferentiationInterface → DifferentiationInterfaceStaticArraysExt
    576.8 ms  ✓ StaticArrays → StaticArraysStatisticsExt
    722.4 ms  ✓ ArnoldiMethod
   4610.1 ms  ✓ Tullio
   3311.8 ms  ✓ Graphs
    698.7 ms  ✓ SimpleWeightedGraphs
   4540.4 ms  ✓ Manifolds
  52 dependencies successfully precompiled in 21 seconds
	Command being timed: "nice -n -10 timeout -k120 -v 3600 julia +lts --project=M/Manifolds/Geodesic-On-Sphere -e using Pkg; @time @eval Pkg.precompile()"
	User time (seconds): 57.64
	System time (seconds): 8.84
	Percent of CPU this job got: 296%
	Elapsed (wall clock) time (h:mm:ss or m:ss): 0:22.44
	Average shared text size (kbytes): 0
	Average unshared data size (kbytes): 0
	Average stack size (kbytes): 0
	Average total size (kbytes): 0
	Maximum resident set size (kbytes): 519400
	Average resident set size (kbytes): 0
	Major (requiring I/O) page faults: 137
	Minor (reclaiming a frame) page faults: 2288378
	Voluntary context switches: 67994
	Involuntary context switches: 9554
	Swaps: 0
	File system inputs: 152
	File system outputs: 250088
	Socket messages sent: 0
	Socket messages received: 0
	Signals delivered: 0
	Page size (bytes): 4096
	Exit status: 0
