nice: cannot set niceness: Permission denied
Precompiling packages...
   2037.6 ms  ✓ RealDot
   2047.8 ms  ✓ OpenLibm_jll
   2088.2 ms  ✓ PtrArrays
   2128.5 ms  ✓ CompilerSupportLibraries_jll
   2134.7 ms  ✓ DataAPI
   2307.0 ms  ✓ StatsAPI
   2349.4 ms  ✓ Requires
   2389.8 ms  ✓ SuiteSparse_jll
   2446.5 ms  ✓ Inflate
   2645.2 ms  ✓ DocStringExtensions
   2837.3 ms  ✓ OrderedCollections
   2907.7 ms  ✓ ADTypes
   1598.7 ms  ✓ NaNMath
   1698.5 ms  ✓ StaticArraysCore
   1715.0 ms  ✓ AliasTables
   1794.4 ms  ✓ Quaternions
   1632.3 ms  ✓ Missings
   2212.2 ms  ✓ Preferences
   4354.0 ms  ✓ IrrationalConstants
   4834.8 ms  ✓ LinearMaps
    759.7 ms  ✓ PrecompileTools
    855.8 ms  ✓ JLLWrappers
   2297.8 ms  ✓ DifferentiationInterface
   1484.0 ms  ✓ LogExpFunctions
   5914.0 ms  ✓ MacroTools
    915.6 ms  ✓ OpenSpecFun_jll
   3529.5 ms  ✓ DataStructures
   6865.6 ms  ✓ ManifoldsBase
    997.5 ms  ✓ SimpleTraits
    696.8 ms  ✓ SortingAlgorithms
    503.9 ms  ✓ ManifoldsBase → ManifoldsBaseQuaternionsExt
    704.2 ms  ✓ ManifoldDiff
   2821.9 ms  ✓ MatrixEquations
   5358.7 ms  ✓ SparseArrays
    461.9 ms  ✓ DifferentiationInterface → DifferentiationInterfaceSparseArraysExt
    534.6 ms  ✓ Statistics
   2519.7 ms  ✓ SpecialFunctions
    867.0 ms  ✓ LinearMaps → LinearMapsSparseArraysExt
    631.5 ms  ✓ LinearMaps → LinearMapsStatisticsExt
    639.2 ms  ✓ ManifoldsBase → ManifoldsBaseStatisticsExt
    566.4 ms  ✓ DiffRules
   1068.5 ms  ✓ NamedDims
   1650.5 ms  ✓ StatsBase
   1000.6 ms  ✓ Kronecker
   6362.7 ms  ✓ StaticArrays
    436.4 ms  ✓ DifferentiationInterface → DifferentiationInterfaceStaticArraysExt
    566.5 ms  ✓ StaticArrays → StaticArraysStatisticsExt
    708.1 ms  ✓ ArnoldiMethod
   4574.5 ms  ✓ Tullio
   3148.3 ms  ✓ Graphs
    689.8 ms  ✓ SimpleWeightedGraphs
   4411.7 ms  ✓ Manifolds
  52 dependencies successfully precompiled in 21 seconds
	Command being timed: "nice -n -10 timeout -k120 -v 3600 julia +lts --project=M/Manifolds/Geodesic-On-Sphere -e using Pkg; @time @eval Pkg.precompile()"
	User time (seconds): 56.61
	System time (seconds): 9.15
	Percent of CPU this job got: 300%
	Elapsed (wall clock) time (h:mm:ss or m:ss): 0:21.91
	Average shared text size (kbytes): 0
	Average unshared data size (kbytes): 0
	Average stack size (kbytes): 0
	Average total size (kbytes): 0
	Maximum resident set size (kbytes): 525384
	Average resident set size (kbytes): 0
	Major (requiring I/O) page faults: 169
	Minor (reclaiming a frame) page faults: 2289764
	Voluntary context switches: 70991
	Involuntary context switches: 8532
	Swaps: 0
	File system inputs: 0
	File system outputs: 245656
	Socket messages sent: 0
	Socket messages received: 0
	Signals delivered: 0
	Page size (bytes): 4096
	Exit status: 0
