nice: cannot set niceness: Permission denied
Precompiling packages...
  71546.8 ms  ✓ Pkg (serial)
  1 dependency successfully precompiled in 72 seconds
Precompiling packages...
   2143.2 ms  ✓ RealDot
   2439.7 ms  ✓ Inflate
   2690.3 ms  ✓ Unicode
   2696.6 ms  ✓ OpenLibm_jll
   2835.2 ms  ✓ DataAPI
   2969.6 ms  ✓ StatsAPI
   3078.7 ms  ✓ CompilerSupportLibraries_jll
   3298.9 ms  ✓ DocStringExtensions
   3492.8 ms  ✓ Statistics
   3804.1 ms  ✓ Serialization
   3809.9 ms  ✓ OrderedCollections
   3963.8 ms  ✓ SuiteSparse_jll
   4068.5 ms  ✓ Mmap
   2545.1 ms  ✓ PtrArrays
   2900.1 ms  ✓ StaticArraysCore
   3749.0 ms  ✓ ADTypes
   3705.2 ms  ✓ Compat
   3421.8 ms  ✓ Quaternions
   2791.2 ms  ✓ Missings
   3696.4 ms  ✓ Preferences
   3598.8 ms  ✓ Requires
   7094.3 ms  ✓ IrrationalConstants
   2504.9 ms  ✓ AliasTables
   8385.5 ms  ✓ LinearMaps
   2084.2 ms  ✓ Compat → CompatLinearAlgebraExt
   5083.8 ms  ✓ NamedDims
   1942.3 ms  ✓ PrecompileTools
   1996.9 ms  ✓ JLLWrappers
   7045.5 ms  ✓ InteractiveUtils
   4297.2 ms  ✓ DifferentiationInterface
   3094.2 ms  ✓ LogExpFunctions
   1853.0 ms  ✓ LinearMaps → LinearMapsStatisticsExt
   1997.5 ms  ✓ Einsum
  10663.4 ms  ✓ MacroTools
   6821.3 ms  ✓ DataStructures
   2101.0 ms  ✓ OpenSpecFun_jll
   7609.9 ms  ✓ Distributed
   1183.1 ms  ✓ SortingAlgorithms
   1502.5 ms  ✓ SimpleTraits
    980.3 ms  ✓ SharedArrays
   9535.0 ms  ✓ ManifoldsBase
   4558.2 ms  ✓ MatrixEquations
    682.6 ms  ✓ ManifoldsBase → ManifoldsBaseStatisticsExt
    719.7 ms  ✓ ManifoldsBase → ManifoldsBaseQuaternionsExt
    878.9 ms  ✓ ManifoldDiff
   8994.5 ms  ✓ SparseArrays
   3146.0 ms  ✓ SpecialFunctions
    534.9 ms  ✓ DifferentiationInterface → DifferentiationInterfaceSparseArraysExt
    540.2 ms  ✓ Statistics → SparseArraysExt
    854.9 ms  ✓ LinearMaps → LinearMapsSparseArraysExt
   1771.6 ms  ✓ StatsBase
   8282.1 ms  ✓ StaticArrays
   1414.9 ms  ✓ Kronecker
    489.6 ms  ✓ DifferentiationInterface → DifferentiationInterfaceStaticArraysExt
    503.0 ms  ✓ StaticArrays → StaticArraysStatisticsExt
   1098.1 ms  ✓ ArnoldiMethod
   3265.7 ms  ✓ Graphs
    950.5 ms  ✓ SimpleWeightedGraphs
   4956.3 ms  ✓ Manifolds
  59 dependencies successfully precompiled in 28 seconds. 8 already precompiled.
	Command being timed: "nice -n -10 timeout -k120 -v 3600 julia +1.12.1 --project=M/Manifolds/Geodesic-On-Sphere -e using Pkg; @time @eval Pkg.precompile()"
	User time (seconds): 192.54
	System time (seconds): 14.89
	Percent of CPU this job got: 207%
	Elapsed (wall clock) time (h:mm:ss or m:ss): 1:39.86
	Average shared text size (kbytes): 0
	Average unshared data size (kbytes): 0
	Average stack size (kbytes): 0
	Average total size (kbytes): 0
	Maximum resident set size (kbytes): 2088244
	Average resident set size (kbytes): 0
	Major (requiring I/O) page faults: 269
	Minor (reclaiming a frame) page faults: 4121675
	Voluntary context switches: 12955
	Involuntary context switches: 12026
	Swaps: 0
	File system inputs: 168
	File system outputs: 532688
	Socket messages sent: 0
	Socket messages received: 0
	Signals delivered: 0
	Page size (bytes): 4096
	Exit status: 0
