nice: cannot set niceness: Permission denied
Precompiling packages...
  73649.9 ms  ✓ Pkg (serial)
  1 dependency successfully precompiled in 74 seconds
Precompiling packages...
   2376.3 ms  ✓ RealDot
   2750.6 ms  ✓ DataAPI
   2760.5 ms  ✓ Unicode
   2769.4 ms  ✓ OpenLibm_jll
   2857.0 ms  ✓ StatsAPI
   2954.6 ms  ✓ CompilerSupportLibraries_jll
   3054.8 ms  ✓ Inflate
   3244.8 ms  ✓ SuiteSparse_jll
   3468.0 ms  ✓ Statistics
   3766.9 ms  ✓ DocStringExtensions
   3967.0 ms  ✓ Serialization
   4422.9 ms  ✓ ADTypes
   2783.9 ms  ✓ PtrArrays
   2901.3 ms  ✓ StaticArraysCore
   3095.3 ms  ✓ Quaternions
   3604.3 ms  ✓ Preferences
   4382.4 ms  ✓ Requires
   2500.5 ms  ✓ AliasTables
   8457.9 ms  ✓ LinearMaps
   2262.2 ms  ✓ PrecompileTools
   2440.2 ms  ✓ JLLWrappers
   5490.5 ms  ✓ NamedDims
  10160.8 ms  ✓ OrderedCollections
   1710.1 ms  ✓ LinearMaps → LinearMapsStatisticsExt
   7884.2 ms  ✓ NaNMath
   8707.9 ms  ✓ Missings
   2698.3 ms  ✓ OpenSpecFun_jll
  11689.4 ms  ✓ IrrationalConstants
   8480.9 ms  ✓ DifferentiationInterface
   1474.7 ms  ✓ LogExpFunctions
  10364.9 ms  ✓ InteractiveUtils
  13632.7 ms  ✓ MacroTools
   4037.6 ms  ✓ DataStructures
   5900.6 ms  ✓ MatrixEquations
   1018.6 ms  ✓ SimpleTraits
    644.1 ms  ✓ SortingAlgorithms
  12079.4 ms  ✓ ManifoldsBase
    615.7 ms  ✓ ManifoldsBase → ManifoldsBaseQuaternionsExt
    614.3 ms  ✓ ManifoldsBase → ManifoldsBaseStatisticsExt
   3110.8 ms  ✓ SpecialFunctions
  12471.8 ms  ✓ SparseArrays
    709.9 ms  ✓ DiffRules
   2012.8 ms  ✓ ManifoldDiff
    717.7 ms  ✓ DifferentiationInterface → DifferentiationInterfaceSparseArraysExt
    731.8 ms  ✓ Statistics → SparseArraysExt
   1016.1 ms  ✓ LinearMaps → LinearMapsSparseArraysExt
  11387.6 ms  ✓ StaticArrays
   3227.0 ms  ✓ StatsBase
    563.1 ms  ✓ DifferentiationInterface → DifferentiationInterfaceStaticArraysExt
    576.8 ms  ✓ StaticArrays → StaticArraysStatisticsExt
   1123.5 ms  ✓ Kronecker
   2019.6 ms  ✓ ArnoldiMethod
   7011.5 ms  ✓ Tullio
   4902.5 ms  ✓ Graphs
   1736.7 ms  ✓ SimpleWeightedGraphs
   7297.0 ms  ✓ Manifolds
  56 dependencies successfully precompiled in 36 seconds. 8 already precompiled.
	Command being timed: "nice -n -10 timeout -k120 -v 3600 julia +release --project=M/Manifolds/Geodesic-On-Sphere -e using Pkg; @time @eval Pkg.precompile()"
	User time (seconds): 222.82
	System time (seconds): 15.72
	Percent of CPU this job got: 215%
	Elapsed (wall clock) time (h:mm:ss or m:ss): 1:50.49
	Average shared text size (kbytes): 0
	Average unshared data size (kbytes): 0
	Average stack size (kbytes): 0
	Average total size (kbytes): 0
	Maximum resident set size (kbytes): 2154920
	Average resident set size (kbytes): 0
	Major (requiring I/O) page faults: 323
	Minor (reclaiming a frame) page faults: 4580149
	Voluntary context switches: 14634
	Involuntary context switches: 10371
	Swaps: 0
	File system inputs: 0
	File system outputs: 568904
	Socket messages sent: 0
	Socket messages received: 0
	Signals delivered: 0
	Page size (bytes): 4096
	Exit status: 0
