nice: cannot set niceness: Permission denied
Precompiling packages...
  75218.9 ms  ✓ Pkg (serial)
  1 dependency successfully precompiled in 75 seconds
Precompiling packages...
   2632.3 ms  ✓ DataAPI
   2649.0 ms  ✓ RealDot
   2730.2 ms  ✓ StatsAPI
   2751.3 ms  ✓ OpenLibm_jll
   2820.0 ms  ✓ Unicode
   2945.8 ms  ✓ Inflate
   3016.3 ms  ✓ CompilerSupportLibraries_jll
   3390.0 ms  ✓ SuiteSparse_jll
   3722.3 ms  ✓ Statistics
   3834.5 ms  ✓ DocStringExtensions
   3849.0 ms  ✓ Serialization
   4375.4 ms  ✓ ADTypes
   2597.1 ms  ✓ PtrArrays
   3192.4 ms  ✓ StaticArraysCore
   3285.5 ms  ✓ Quaternions
   4108.8 ms  ✓ Requires
   3377.8 ms  ✓ Preferences
   2584.9 ms  ✓ AliasTables
   8340.8 ms  ✓ LinearMaps
   4887.0 ms  ✓ NamedDims
   1995.2 ms  ✓ PrecompileTools
   9353.0 ms  ✓ OrderedCollections
   2384.1 ms  ✓ JLLWrappers
   1881.3 ms  ✓ LinearMaps → LinearMapsStatisticsExt
   7697.4 ms  ✓ NaNMath
   7794.3 ms  ✓ Missings
  11632.0 ms  ✓ IrrationalConstants
   2215.9 ms  ✓ OpenSpecFun_jll
   9346.4 ms  ✓ InteractiveUtils
   8239.9 ms  ✓ DifferentiationInterface
   1408.6 ms  ✓ LogExpFunctions
  13390.3 ms  ✓ MacroTools
   4384.8 ms  ✓ DataStructures
   5504.9 ms  ✓ MatrixEquations
    643.9 ms  ✓ SortingAlgorithms
    987.3 ms  ✓ SimpleTraits
  11553.0 ms  ✓ ManifoldsBase
    660.4 ms  ✓ ManifoldsBase → ManifoldsBaseStatisticsExt
    665.0 ms  ✓ ManifoldsBase → ManifoldsBaseQuaternionsExt
  12211.6 ms  ✓ SparseArrays
   3093.3 ms  ✓ SpecialFunctions
    700.2 ms  ✓ DifferentiationInterface → DifferentiationInterfaceSparseArraysExt
    709.9 ms  ✓ Statistics → SparseArraysExt
    782.2 ms  ✓ DiffRules
   2104.6 ms  ✓ ManifoldDiff
   1109.2 ms  ✓ LinearMaps → LinearMapsSparseArraysExt
  10793.1 ms  ✓ StaticArrays
   3316.5 ms  ✓ StatsBase
    578.5 ms  ✓ StaticArrays → StaticArraysStatisticsExt
    576.2 ms  ✓ DifferentiationInterface → DifferentiationInterfaceStaticArraysExt
   1213.0 ms  ✓ Kronecker
   2052.8 ms  ✓ ArnoldiMethod
   7356.8 ms  ✓ Tullio
   5035.6 ms  ✓ Graphs
   1762.0 ms  ✓ SimpleWeightedGraphs
   7312.3 ms  ✓ Manifolds
  56 dependencies successfully precompiled in 36 seconds. 8 already precompiled.
	Command being timed: "nice -n -10 timeout -k120 -v 3600 julia +release --project=M/Manifolds/Geodesic-On-Sphere -e using Pkg; @time @eval Pkg.precompile()"
	User time (seconds): 227.11
	System time (seconds): 15.74
	Percent of CPU this job got: 216%
	Elapsed (wall clock) time (h:mm:ss or m:ss): 1:52.25
	Average shared text size (kbytes): 0
	Average unshared data size (kbytes): 0
	Average stack size (kbytes): 0
	Average total size (kbytes): 0
	Maximum resident set size (kbytes): 2154692
	Average resident set size (kbytes): 0
	Major (requiring I/O) page faults: 301
	Minor (reclaiming a frame) page faults: 4582080
	Voluntary context switches: 14449
	Involuntary context switches: 11114
	Swaps: 0
	File system inputs: 0
	File system outputs: 573944
	Socket messages sent: 0
	Socket messages received: 0
	Signals delivered: 0
	Page size (bytes): 4096
	Exit status: 0
