nice: cannot set niceness: Permission denied
Precompiling packages...
   2043.6 ms  ✓ RealDot
   2110.0 ms  ✓ OpenLibm_jll
   2135.2 ms  ✓ StatsAPI
   2189.1 ms  ✓ CompilerSupportLibraries_jll
   2227.7 ms  ✓ DataAPI
   2339.2 ms  ✓ Requires
   2312.3 ms  ✓ SuiteSparse_jll
   2544.5 ms  ✓ Inflate
   2716.1 ms  ✓ Compat
   2743.2 ms  ✓ DocStringExtensions
   2819.3 ms  ✓ ADTypes
   2920.7 ms  ✓ OrderedCollections
   1341.1 ms  ✓ PtrArrays
   1632.4 ms  ✓ StaticArraysCore
   1203.3 ms  ✓ Compat → CompatLinearAlgebraExt
   1721.7 ms  ✓ Quaternions
   1786.9 ms  ✓ Missings
   2281.4 ms  ✓ Preferences
   4542.5 ms  ✓ IrrationalConstants
   1266.9 ms  ✓ AliasTables
   1031.7 ms  ✓ Einsum
    895.2 ms  ✓ PrecompileTools
   5318.1 ms  ✓ LinearMaps
    984.4 ms  ✓ JLLWrappers
   2708.6 ms  ✓ DifferentiationInterface
   1405.0 ms  ✓ LogExpFunctions
   6282.6 ms  ✓ MacroTools
    925.1 ms  ✓ OpenSpecFun_jll
   3702.2 ms  ✓ DataStructures
   7302.1 ms  ✓ ManifoldsBase
    922.4 ms  ✓ SimpleTraits
    631.3 ms  ✓ SortingAlgorithms
    460.3 ms  ✓ ManifoldsBase → ManifoldsBaseQuaternionsExt
    657.5 ms  ✓ ManifoldDiff
   2704.3 ms  ✓ MatrixEquations
   5784.2 ms  ✓ SparseArrays
    460.8 ms  ✓ DifferentiationInterface → DifferentiationInterfaceSparseArraysExt
    554.4 ms  ✓ Statistics
   2371.6 ms  ✓ SpecialFunctions
    718.0 ms  ✓ LinearMaps → LinearMapsSparseArraysExt
    468.9 ms  ✓ ManifoldsBase → ManifoldsBaseStatisticsExt
    417.9 ms  ✓ LinearMaps → LinearMapsStatisticsExt
    881.2 ms  ✓ NamedDims
   1389.6 ms  ✓ StatsBase
   1057.4 ms  ✓ Kronecker
   5971.7 ms  ✓ StaticArrays
    409.9 ms  ✓ DifferentiationInterface → DifferentiationInterfaceStaticArraysExt
    529.3 ms  ✓ StaticArrays → StaticArraysStatisticsExt
    696.3 ms  ✓ ArnoldiMethod
   2399.1 ms  ✓ Graphs
    686.8 ms  ✓ SimpleWeightedGraphs
   3898.1 ms  ✓ Manifolds
  52 dependencies successfully precompiled in 20 seconds
	Command being timed: "nice -n -10 timeout -k120 -v 3600 julia +lts --project=M/Manifolds/Geodesic-On-Sphere -e using Pkg; @time @eval Pkg.precompile()"
	User time (seconds): 48.37
	System time (seconds): 8.83
	Percent of CPU this job got: 279%
	Elapsed (wall clock) time (h:mm:ss or m:ss): 0:20.49
	Average shared text size (kbytes): 0
	Average unshared data size (kbytes): 0
	Average stack size (kbytes): 0
	Average total size (kbytes): 0
	Maximum resident set size (kbytes): 443760
	Average resident set size (kbytes): 0
	Major (requiring I/O) page faults: 129
	Minor (reclaiming a frame) page faults: 2170416
	Voluntary context switches: 69804
	Involuntary context switches: 7442
	Swaps: 0
	File system inputs: 0
	File system outputs: 213672
	Socket messages sent: 0
	Socket messages received: 0
	Signals delivered: 0
	Page size (bytes): 4096
	Exit status: 0
