nice: cannot set niceness: Permission denied
Precompiling packages...
    432.0 ms  ✓ RealDot
    458.9 ms  ✓ DataAPI
    605.6 ms  ✓ Statistics
    512.0 ms  ✓ StaticArraysCore
    496.3 ms  ✓ StatsAPI
   1351.6 ms  ✓ IrrationalConstants
   1079.9 ms  ✓ SuiteSparse_jll
    811.0 ms  ✓ Requires
    697.7 ms  ✓ OrderedCollections
    715.6 ms  ✓ ADTypes
    691.3 ms  ✓ Serialization
   1559.1 ms  ✓ LinearMaps
    625.0 ms  ✓ DocStringExtensions
    497.9 ms  ✓ Unicode
    562.3 ms  ✓ Inflate
    472.2 ms  ✓ PtrArrays
    788.4 ms  ✓ OpenLibm_jll
    547.1 ms  ✓ Quaternions
    525.6 ms  ✓ Missings
   1377.9 ms  ✓ InteractiveUtils
    998.9 ms  ✓ NamedDims
   1058.5 ms  ✓ DifferentiationInterface
    497.6 ms  ✓ LinearMaps → LinearMapsStatisticsExt
   1854.4 ms  ✓ DataStructures
   5722.0 ms  ✓ MacroTools
    725.1 ms  ✓ LogExpFunctions
    564.9 ms  ✓ Compat
   2306.4 ms  ✓ MatrixEquations
    525.7 ms  ✓ AliasTables
    526.5 ms  ✓ SortingAlgorithms
    731.6 ms  ✓ SimpleTraits
    427.9 ms  ✓ Compat → CompatLinearAlgebraExt
   2013.9 ms  ✓ Preferences
    444.9 ms  ✓ Einsum
   4173.4 ms  ✓ SparseArrays
   2940.9 ms  ✓ ManifoldsBase
    491.4 ms  ✓ PrecompileTools
    608.0 ms  ✓ JLLWrappers
    608.2 ms  ✓ Statistics → SparseArraysExt
    623.6 ms  ✓ DifferentiationInterface → DifferentiationInterfaceSparseArraysExt
    547.1 ms  ✓ ManifoldsBase → ManifoldsBaseQuaternionsExt
    558.5 ms  ✓ ManifoldsBase → ManifoldsBaseStatisticsExt
    873.1 ms  ✓ LinearMaps → LinearMapsSparseArraysExt
    594.0 ms  ✓ OpenSpecFun_jll
    771.4 ms  ✓ ManifoldDiff
   1948.5 ms  ✓ StatsBase
   1979.6 ms  ✓ SpecialFunctions
   1081.2 ms  ✓ Kronecker
  10571.8 ms  ✓ StaticArrays
    490.6 ms  ✓ DifferentiationInterface → DifferentiationInterfaceStaticArraysExt
    492.5 ms  ✓ StaticArrays → StaticArraysStatisticsExt
    993.2 ms  ✓ ArnoldiMethod
   2965.5 ms  ✓ Graphs
    915.1 ms  ✓ SimpleWeightedGraphs
   5093.7 ms  ✓ Manifolds
  55 dependencies successfully precompiled in 30 seconds. 8 already precompiled.
	Command being timed: "nice -n -10 timeout -k120 -v 3600 julia +nightly --project=M/Manifolds/Geodesic-On-Sphere -e using Pkg; @time @eval Pkg.precompile()"
	User time (seconds): 217.87
	System time (seconds): 13.71
	Percent of CPU this job got: 147%
	Elapsed (wall clock) time (h:mm:ss or m:ss): 2:37.48
	Average shared text size (kbytes): 0
	Average unshared data size (kbytes): 0
	Average stack size (kbytes): 0
	Average total size (kbytes): 0
	Maximum resident set size (kbytes): 2476132
	Average resident set size (kbytes): 0
	Major (requiring I/O) page faults: 261
	Minor (reclaiming a frame) page faults: 5087697
	Voluntary context switches: 13950
	Involuntary context switches: 3179
	Swaps: 0
	File system inputs: 0
	File system outputs: 564048
	Socket messages sent: 0
	Socket messages received: 0
	Signals delivered: 0
	Page size (bytes): 4096
	Exit status: 0
