nice: cannot set niceness: Permission denied
Precompiling packages...
    436.5 ms  ✓ RealDot
    454.0 ms  ✓ DataAPI
    610.3 ms  ✓ Statistics
    505.0 ms  ✓ StaticArraysCore
    474.4 ms  ✓ StatsAPI
   1325.3 ms  ✓ IrrationalConstants
    875.5 ms  ✓ SuiteSparse_jll
    800.0 ms  ✓ Requires
    688.8 ms  ✓ OrderedCollections
    727.8 ms  ✓ ADTypes
    705.0 ms  ✓ Serialization
    496.1 ms  ✓ Unicode
   1564.8 ms  ✓ LinearMaps
    657.6 ms  ✓ DocStringExtensions
    566.4 ms  ✓ Inflate
    473.6 ms  ✓ PtrArrays
    783.0 ms  ✓ OpenLibm_jll
    566.1 ms  ✓ Quaternions
    525.2 ms  ✓ Missings
   1257.2 ms  ✓ InteractiveUtils
   1004.8 ms  ✓ NamedDims
   1058.1 ms  ✓ DifferentiationInterface
   1877.4 ms  ✓ DataStructures
   5610.7 ms  ✓ MacroTools
    413.4 ms  ✓ LinearMaps → LinearMapsStatisticsExt
    599.4 ms  ✓ LogExpFunctions
   2295.7 ms  ✓ Preferences
    509.4 ms  ✓ AliasTables
   3123.9 ms  ✓ ManifoldsBase
    555.8 ms  ✓ NaNMath
    592.2 ms  ✓ SortingAlgorithms
   2262.4 ms  ✓ MatrixEquations
    625.1 ms  ✓ JLLWrappers
    494.7 ms  ✓ PrecompileTools
   4317.1 ms  ✓ SparseArrays
    804.4 ms  ✓ SimpleTraits
    545.8 ms  ✓ ManifoldsBase → ManifoldsBaseQuaternionsExt
    535.5 ms  ✓ ManifoldsBase → ManifoldsBaseStatisticsExt
    611.8 ms  ✓ Statistics → SparseArraysExt
    688.8 ms  ✓ OpenSpecFun_jll
    843.5 ms  ✓ ManifoldDiff
    571.1 ms  ✓ DifferentiationInterface → DifferentiationInterfaceSparseArraysExt
    809.2 ms  ✓ LinearMaps → LinearMapsSparseArraysExt
   2033.9 ms  ✓ StatsBase
   2032.8 ms  ✓ SpecialFunctions
    530.2 ms  ✓ DiffRules
   1118.1 ms  ✓ Kronecker
[0KERROR: LoadError: UndefVarError: `_shrink` not defined in `Base`
[0KSuggestion: check for spelling errors or missing imports.
[0KStacktrace:
[0K  [1] getproperty
[0K    @ ./Base_compiler.jl:50 [inlined]
[0K  [2] _precompile_()
[0K    @ Tullio._Precompile_Base /workdir/depot/packages/Tullio/2zyFP/src/precompile/precompile_Base.jl:77
[0K  [3] top-level scope
[0K    @ /workdir/depot/packages/Tullio/2zyFP/src/precompile.jl:14
[0K  [4] include(mapexpr::Function, mod::Module, _path::String)
[0K    @ Base ./Base.jl:310
[0K  [5] top-level scope
[0K    @ /workdir/depot/packages/Tullio/2zyFP/src/Tullio.jl:27
[0K  [6] include(mod::Module, _path::String)
[0K    @ Base ./Base.jl:309
[0K  [7] include_package_for_output(pkg::Base.PkgId, input::String, syntax_version::VersionNumber, depot_path::Vector{String}, dl_load_path::Vector{String}, load_path::Vector{String}, concrete_deps::Vector{Pair{Base.PkgId, UInt128}}, source::Nothing)
[0K    @ Base ./loading.jl:3288
[0K  [8] top-level scope
[0K    @ stdin:5
[0K  [9] eval(m::Module, e::Any)
[0K    @ Core ./boot.jl:489
[0K [10] include_string(mapexpr::typeof(identity), mod::Module, code::String, filename::String)
[0K    @ Base ./loading.jl:3130
[0K [11] include_string
[0K    @ ./loading.jl:3140 [inlined]
[0K [12] exec_options(opts::Base.JLOptions)
[0K    @ Base ./client.jl:342
[0K [13] _start()
[0K    @ Base ./client.jl:585
[0Kin expression starting at /workdir/depot/packages/Tullio/2zyFP/src/precompile.jl:13
[0Kin expression starting at /workdir/depot/packages/Tullio/2zyFP/src/Tullio.jl:1
[0Kin expression starting at stdin:5
              ✗ Tullio
  10714.4 ms  ✓ StaticArrays
    494.7 ms  ✓ StaticArrays → StaticArraysStatisticsExt
    493.0 ms  ✓ DifferentiationInterface → DifferentiationInterfaceStaticArraysExt
   1002.8 ms  ✓ ArnoldiMethod
   2996.2 ms  ✓ Graphs
    913.8 ms  ✓ SimpleWeightedGraphs
[0KERROR: LoadError: Precompiled image Base.PkgId(Base.UUID("bc48ee85-29a4-5162-ae0b-a64e1601d4bc"), "Tullio") not available with flags CacheFlags(; use_pkgimages=true, debug_level=1, check_bounds=0, inline=true, opt_level=2)
[0KStacktrace:
[0K  [1] error(s::String)
[0K    @ Base ./error.jl:56
[0K  [2] __require_prelocked(pkg::Base.PkgId, env::String)
[0K    @ Base ./loading.jl:2840
[0K  [3] _require_prelocked(uuidkey::Base.PkgId, env::String)
[0K    @ Base ./loading.jl:2694
[0K  [4] macro expansion
[0K    @ ./loading.jl:2621 [inlined]
[0K  [5] macro expansion
[0K    @ ./lock.jl:376 [inlined]
[0K  [6] __require(into::Module, mod::Symbol)
[0K    @ Base ./loading.jl:2585
[0K  [7] require
[0K    @ ./loading.jl:2561 [inlined]
[0K  [8] eval_import_path
[0K    @ ./module.jl:36 [inlined]
[0K  [9] eval_import_path_all(at::Module, path::Expr, keyword::String)
[0K    @ Base ./module.jl:60
[0K [10] _eval_import(::Bool, ::Module, ::Expr, ::Expr, ::Vararg{Expr})
[0K    @ Base ./module.jl:101
[0K [11] top-level scope
[0K    @ /workdir/depot/packages/Manifolds/9wrdP/src/Manifolds.jl:214
[0K [12] include(mod::Module, _path::String)
[0K    @ Base ./Base.jl:309
[0K [13] include_package_for_output(pkg::Base.PkgId, input::String, syntax_version::VersionNumber, depot_path::Vector{String}, dl_load_path::Vector{String}, load_path::Vector{String}, concrete_deps::Vector{Pair{Base.PkgId, UInt128}}, source::Nothing)
[0K    @ Base ./loading.jl:3288
[0K [14] top-level scope
[0K    @ stdin:5
[0K [15] eval(m::Module, e::Any)
[0K    @ Core ./boot.jl:489
[0K [16] include_string(mapexpr::typeof(identity), mod::Module, code::String, filename::String)
[0K    @ Base ./loading.jl:3130
[0K [17] include_string
[0K    @ ./loading.jl:3140 [inlined]
[0K [18] exec_options(opts::Base.JLOptions)
[0K    @ Base ./client.jl:342
[0K [19] _start()
[0K    @ Base ./client.jl:585
[0Kin expression starting at /workdir/depot/packages/Manifolds/9wrdP/src/Manifolds.jl:1
[0Kin expression starting at stdin:5
              ✗ Manifolds
  53 dependencies successfully precompiled in 25 seconds. 8 already precompiled.
	Command being timed: "nice -n -10 timeout -k120 -v 3600 julia +nightly --project=M/Manifolds/Geodesic-On-Sphere -e using Pkg; @time @eval Pkg.precompile()"
	User time (seconds): 217.34
	System time (seconds): 13.38
	Percent of CPU this job got: 151%
	Elapsed (wall clock) time (h:mm:ss or m:ss): 2:31.91
	Average shared text size (kbytes): 0
	Average unshared data size (kbytes): 0
	Average stack size (kbytes): 0
	Average total size (kbytes): 0
	Maximum resident set size (kbytes): 2502744
	Average resident set size (kbytes): 0
	Major (requiring I/O) page faults: 394
	Minor (reclaiming a frame) page faults: 5131777
	Voluntary context switches: 13627
	Involuntary context switches: 3847
	Swaps: 0
	File system inputs: 0
	File system outputs: 538272
	Socket messages sent: 0
	Socket messages received: 0
	Signals delivered: 0
	Page size (bytes): 4096
	Exit status: 0
