nice: cannot set niceness: Permission denied
Precompiling packages...
    425.7 ms  ✓ RealDot
    452.0 ms  ✓ DataAPI
    577.7 ms  ✓ Statistics
    505.9 ms  ✓ StaticArraysCore
    477.5 ms  ✓ StatsAPI
   1331.2 ms  ✓ IrrationalConstants
    891.6 ms  ✓ SuiteSparse_jll
    799.1 ms  ✓ Requires
    667.0 ms  ✓ OrderedCollections
    708.2 ms  ✓ ADTypes
    666.4 ms  ✓ Serialization
    482.8 ms  ✓ Unicode
    622.0 ms  ✓ DocStringExtensions
   1584.0 ms  ✓ LinearMaps
    555.0 ms  ✓ Inflate
    440.3 ms  ✓ PtrArrays
    661.4 ms  ✓ OpenLibm_jll
    534.4 ms  ✓ Quaternions
    504.7 ms  ✓ Missings
   1247.9 ms  ✓ InteractiveUtils
    990.8 ms  ✓ NamedDims
   1086.5 ms  ✓ DifferentiationInterface
   1903.1 ms  ✓ DataStructures
   5425.7 ms  ✓ MacroTools
    631.9 ms  ✓ LogExpFunctions
    437.3 ms  ✓ LinearMaps → LinearMapsStatisticsExt
   2035.6 ms  ✓ Preferences
    499.3 ms  ✓ AliasTables
    501.7 ms  ✓ NaNMath
   3156.3 ms  ✓ ManifoldsBase
    586.9 ms  ✓ SortingAlgorithms
   2241.1 ms  ✓ MatrixEquations
    586.2 ms  ✓ JLLWrappers
    770.3 ms  ✓ SimpleTraits
    480.7 ms  ✓ PrecompileTools
    577.2 ms  ✓ ManifoldsBase → ManifoldsBaseQuaternionsExt
   4405.1 ms  ✓ SparseArrays
    551.1 ms  ✓ ManifoldsBase → ManifoldsBaseStatisticsExt
    692.0 ms  ✓ OpenSpecFun_jll
    902.0 ms  ✓ ManifoldDiff
    660.5 ms  ✓ Statistics → SparseArraysExt
    617.6 ms  ✓ DifferentiationInterface → DifferentiationInterfaceSparseArraysExt
    865.4 ms  ✓ LinearMaps → LinearMapsSparseArraysExt
   2005.8 ms  ✓ SpecialFunctions
   2060.3 ms  ✓ StatsBase
    526.3 ms  ✓ DiffRules
   1105.7 ms  ✓ Kronecker
   7652.4 ms  ✓ Tullio
  10871.2 ms  ✓ StaticArrays
    486.3 ms  ✓ StaticArrays → StaticArraysStatisticsExt
    484.4 ms  ✓ DifferentiationInterface → DifferentiationInterfaceStaticArraysExt
   1033.8 ms  ✓ ArnoldiMethod
   2988.1 ms  ✓ Graphs
    901.9 ms  ✓ SimpleWeightedGraphs
   6531.3 ms  ✓ Manifolds
  55 dependencies successfully precompiled in 31 seconds. 8 already precompiled.
	Command being timed: "nice -n -10 timeout -k120 -v 3600 julia +alpha --project=M/Manifolds/Geodesic-On-Sphere -e using Pkg; @time @eval Pkg.precompile()"
	User time (seconds): 211.21
	System time (seconds): 13.51
	Percent of CPU this job got: 157%
	Elapsed (wall clock) time (h:mm:ss or m:ss): 2:22.47
	Average shared text size (kbytes): 0
	Average unshared data size (kbytes): 0
	Average stack size (kbytes): 0
	Average total size (kbytes): 0
	Maximum resident set size (kbytes): 2778880
	Average resident set size (kbytes): 0
	Major (requiring I/O) page faults: 381
	Minor (reclaiming a frame) page faults: 5152986
	Voluntary context switches: 14614
	Involuntary context switches: 2911
	Swaps: 0
	File system inputs: 0
	File system outputs: 592864
	Socket messages sent: 0
	Socket messages received: 0
	Signals delivered: 0
	Page size (bytes): 4096
	Exit status: 0
