Precompiling project...
   1983.1 ms  ✓ RealDot
   2083.8 ms  ✓ OpenLibm_jll
   2100.7 ms  ✓ Unicode
   2153.3 ms  ✓ Mmap
   2184.3 ms  ✓ DataAPI
   2270.4 ms  ✓ Inflate
   2250.5 ms  ✓ StatsAPI
   2673.3 ms  ✓ DocStringExtensions
   2651.5 ms  ✓ CompilerSupportLibraries_jll
   2687.8 ms  ✓ OrderedCollections
   2753.0 ms  ✓ SuiteSparse_jll
   2788.7 ms  ✓ Statistics
   2979.7 ms  ✓ Serialization
   1993.6 ms  ✓ PtrArrays
   2199.9 ms  ✓ StaticArraysCore
   2404.6 ms  ✓ Quaternions
   2709.5 ms  ✓ ADTypes
   2586.9 ms  ✓ Requires
   2310.7 ms  ✓ Compat
   4981.5 ms  ✓ IrrationalConstants
   2700.2 ms  ✓ Missings
   2816.3 ms  ✓ Preferences
   1691.7 ms  ✓ AliasTables
   6183.2 ms  ✓ LinearMaps
   3681.8 ms  ✓ NamedDims
   1685.6 ms  ✓ Compat → CompatLinearAlgebraExt
   1391.8 ms  ✓ PrecompileTools
   1581.8 ms  ✓ JLLWrappers
   1811.7 ms  ✓ LogExpFunctions
   5214.9 ms  ✓ InteractiveUtils
   1681.0 ms  ✓ LinearMaps → LinearMapsStatisticsExt
   1593.5 ms  ✓ Einsum
   8218.8 ms  ✓ MacroTools
   3775.1 ms  ✓ DifferentiationInterface
   5716.6 ms  ✓ Distributed
   1702.9 ms  ✓ OpenSpecFun_jll
   1288.5 ms  ✓ SimpleTraits
   1111.6 ms  ✓ SharedArrays
   7648.5 ms  ✓ ManifoldsBase
    752.4 ms  ✓ ManifoldsBase → ManifoldsBaseQuaternionsExt
    761.2 ms  ✓ ManifoldsBase → ManifoldsBaseStatisticsExt
   4547.8 ms  ✓ MatrixEquations
   3498.0 ms  ✓ DataStructures
    985.2 ms  ✓ ManifoldDiff
   8107.7 ms  ✓ SparseArrays
    493.4 ms  ✓ SortingAlgorithms
    520.1 ms  ✓ Statistics → SparseArraysExt
    525.3 ms  ✓ DifferentiationInterface → DifferentiationInterfaceSparseArraysExt
   2989.6 ms  ✓ SpecialFunctions
    800.8 ms  ✓ LinearMaps → LinearMapsSparseArraysExt
   1572.8 ms  ✓ StatsBase
   1154.7 ms  ✓ Kronecker
   7535.3 ms  ✓ StaticArrays
    428.0 ms  ✓ DifferentiationInterface → DifferentiationInterfaceStaticArraysExt
    429.7 ms  ✓ StaticArrays → StaticArraysStatisticsExt
    808.9 ms  ✓ ArnoldiMethod
   2698.2 ms  ✓ Graphs
    753.5 ms  ✓ SimpleWeightedGraphs
   5237.1 ms  ✓ Manifolds
  59 dependencies successfully precompiled in 24 seconds. 6 already precompiled.
	Command being timed: "julia +1.11.6 --project=M/Manifolds/Geodesic-On-Sphere -e using Pkg; @time @eval Pkg.precompile()"
	User time (seconds): 154.08
	System time (seconds): 12.55
	Percent of CPU this job got: 215%
	Elapsed (wall clock) time (h:mm:ss or m:ss): 1:17.17
	Average shared text size (kbytes): 0
	Average unshared data size (kbytes): 0
	Average stack size (kbytes): 0
	Average total size (kbytes): 0
	Maximum resident set size (kbytes): 2034808
	Average resident set size (kbytes): 0
	Major (requiring I/O) page faults: 295
	Minor (reclaiming a frame) page faults: 3532085
	Voluntary context switches: 100911
	Involuntary context switches: 19007
	Swaps: 0
	File system inputs: 0
	File system outputs: 611368
	Socket messages sent: 0
	Socket messages received: 0
	Signals delivered: 0
	Page size (bytes): 4096
	Exit status: 0
