nice: cannot set niceness: Permission denied
Precompiling packages...
   1998.8 ms  ✓ PtrArrays
   2040.3 ms  ✓ OpenLibm_jll
   2036.4 ms  ✓ DataAPI
   2035.1 ms  ✓ StatsAPI
   2109.2 ms  ✓ RealDot
   2215.1 ms  ✓ CompilerSupportLibraries_jll
   2205.5 ms  ✓ SuiteSparse_jll
   2338.5 ms  ✓ Requires
   2402.5 ms  ✓ Inflate
   2733.7 ms  ✓ OrderedCollections
   2740.9 ms  ✓ DocStringExtensions
   2797.8 ms  ✓ ADTypes
   1691.5 ms  ✓ StaticArraysCore
   1720.0 ms  ✓ NaNMath
   1723.7 ms  ✓ AliasTables
   1728.4 ms  ✓ Missings
   1627.7 ms  ✓ Quaternions
   2186.3 ms  ✓ Preferences
   4254.3 ms  ✓ IrrationalConstants
   4629.9 ms  ✓ LinearMaps
    797.7 ms  ✓ PrecompileTools
    796.4 ms  ✓ JLLWrappers
   2376.7 ms  ✓ DifferentiationInterface
   1369.1 ms  ✓ LogExpFunctions
   5701.7 ms  ✓ MacroTools
    930.5 ms  ✓ OpenSpecFun_jll
   3430.7 ms  ✓ DataStructures
    876.3 ms  ✓ SimpleTraits
    596.2 ms  ✓ SortingAlgorithms
   6993.6 ms  ✓ ManifoldsBase
    412.5 ms  ✓ ManifoldsBase → ManifoldsBaseQuaternionsExt
    596.7 ms  ✓ ManifoldDiff
   2858.2 ms  ✓ MatrixEquations
   5459.2 ms  ✓ SparseArrays
    448.1 ms  ✓ DifferentiationInterface → DifferentiationInterfaceSparseArraysExt
    540.0 ms  ✓ Statistics
   2296.6 ms  ✓ SpecialFunctions
    770.5 ms  ✓ LinearMaps → LinearMapsSparseArraysExt
    589.8 ms  ✓ ManifoldsBase → ManifoldsBaseStatisticsExt
    622.7 ms  ✓ DiffRules
    528.0 ms  ✓ LinearMaps → LinearMapsStatisticsExt
   1036.0 ms  ✓ NamedDims
   1629.8 ms  ✓ StatsBase
   1065.9 ms  ✓ Kronecker
   6185.3 ms  ✓ StaticArrays
    442.0 ms  ✓ DifferentiationInterface → DifferentiationInterfaceStaticArraysExt
    554.1 ms  ✓ StaticArrays → StaticArraysStatisticsExt
    718.7 ms  ✓ ArnoldiMethod
   4474.5 ms  ✓ Tullio
   2980.1 ms  ✓ Graphs
    679.6 ms  ✓ SimpleWeightedGraphs
   4475.4 ms  ✓ Manifolds
  52 dependencies successfully precompiled in 21 seconds
	Command being timed: "nice -n -10 timeout -k120 -v 3600 julia +lts --project=M/Manifolds/Geodesic-On-Sphere -e using Pkg; @time @eval Pkg.precompile()"
	User time (seconds): 55.82
	System time (seconds): 8.97
	Percent of CPU this job got: 300%
	Elapsed (wall clock) time (h:mm:ss or m:ss): 0:21.58
	Average shared text size (kbytes): 0
	Average unshared data size (kbytes): 0
	Average stack size (kbytes): 0
	Average total size (kbytes): 0
	Maximum resident set size (kbytes): 512968
	Average resident set size (kbytes): 0
	Major (requiring I/O) page faults: 157
	Minor (reclaiming a frame) page faults: 2285188
	Voluntary context switches: 70733
	Involuntary context switches: 7416
	Swaps: 0
	File system inputs: 0
	File system outputs: 241072
	Socket messages sent: 0
	Socket messages received: 0
	Signals delivered: 0
	Page size (bytes): 4096
	Exit status: 0
