nice: cannot set niceness: Permission denied
Precompiling packages...
   1976.2 ms  ✓ RealDot
   1957.0 ms  ✓ PtrArrays
   2059.6 ms  ✓ OpenLibm_jll
   2071.2 ms  ✓ DataAPI
   2166.5 ms  ✓ StatsAPI
   2255.5 ms  ✓ CompilerSupportLibraries_jll
   2274.2 ms  ✓ SuiteSparse_jll
   2370.9 ms  ✓ Requires
   2373.0 ms  ✓ Inflate
   2348.9 ms  ✓ StaticArraysCore
   2825.9 ms  ✓ OrderedCollections
   2764.8 ms  ✓ DocStringExtensions
   2764.1 ms  ✓ ADTypes
   1313.6 ms  ✓ AliasTables
   1414.4 ms  ✓ Quaternions
   1402.3 ms  ✓ NaNMath
   1305.8 ms  ✓ Missings
   1781.6 ms  ✓ Preferences
   3770.3 ms  ✓ IrrationalConstants
   4405.8 ms  ✓ LinearMaps
    900.7 ms  ✓ PrecompileTools
    996.5 ms  ✓ JLLWrappers
   2007.1 ms  ✓ DifferentiationInterface
   1110.9 ms  ✓ LogExpFunctions
   5488.3 ms  ✓ MacroTools
    924.7 ms  ✓ OpenSpecFun_jll
   3112.9 ms  ✓ DataStructures
    601.7 ms  ✓ SortingAlgorithms
    901.9 ms  ✓ SimpleTraits
   2628.8 ms  ✓ MatrixEquations
   4911.2 ms  ✓ SparseArrays
   3846.9 ms  ✓ ManifoldsBase
    691.6 ms  ✓ DifferentiationInterface → DifferentiationInterfaceSparseArraysExt
    782.1 ms  ✓ Statistics
    688.3 ms  ✓ ManifoldsBase → ManifoldsBaseQuaternionsExt
   1287.3 ms  ✓ LinearMaps → LinearMapsSparseArraysExt
   2872.0 ms  ✓ SpecialFunctions
    964.6 ms  ✓ ManifoldDiff
    829.8 ms  ✓ LinearMaps → LinearMapsStatisticsExt
    838.3 ms  ✓ ManifoldsBase → ManifoldsBaseStatisticsExt
    543.8 ms  ✓ DiffRules
   1337.4 ms  ✓ NamedDims
   1874.7 ms  ✓ StatsBase
   1112.2 ms  ✓ Kronecker
   6555.9 ms  ✓ StaticArrays
    433.6 ms  ✓ DifferentiationInterface → DifferentiationInterfaceStaticArraysExt
    565.1 ms  ✓ StaticArrays → StaticArraysStatisticsExt
    728.2 ms  ✓ ArnoldiMethod
   4586.3 ms  ✓ Tullio
   3199.7 ms  ✓ Graphs
    698.1 ms  ✓ SimpleWeightedGraphs
   4507.7 ms  ✓ Manifolds
  52 dependencies successfully precompiled in 21 seconds
	Command being timed: "nice -n -10 timeout -k120 -v 3600 julia +lts --project=M/Manifolds/Geodesic-On-Sphere -e using Pkg; @time @eval Pkg.precompile()"
	User time (seconds): 57.27
	System time (seconds): 8.76
	Percent of CPU this job got: 297%
	Elapsed (wall clock) time (h:mm:ss or m:ss): 0:22.18
	Average shared text size (kbytes): 0
	Average unshared data size (kbytes): 0
	Average stack size (kbytes): 0
	Average total size (kbytes): 0
	Maximum resident set size (kbytes): 521908
	Average resident set size (kbytes): 0
	Major (requiring I/O) page faults: 137
	Minor (reclaiming a frame) page faults: 2285986
	Voluntary context switches: 68280
	Involuntary context switches: 9170
	Swaps: 0
	File system inputs: 0
	File system outputs: 252536
	Socket messages sent: 0
	Socket messages received: 0
	Signals delivered: 0
	Page size (bytes): 4096
	Exit status: 0
