nice: cannot set niceness: Permission denied
Precompiling packages...
    411.9 ms  ✓ RealDot
    452.5 ms  ✓ DataAPI
    576.8 ms  ✓ Statistics
    503.5 ms  ✓ StaticArraysCore
    478.5 ms  ✓ StatsAPI
   1337.1 ms  ✓ IrrationalConstants
    905.0 ms  ✓ SuiteSparse_jll
    793.8 ms  ✓ Requires
    676.1 ms  ✓ OrderedCollections
    689.8 ms  ✓ ADTypes
    669.6 ms  ✓ Serialization
    479.5 ms  ✓ Unicode
    608.9 ms  ✓ DocStringExtensions
   1575.5 ms  ✓ LinearMaps
    554.3 ms  ✓ Inflate
    456.2 ms  ✓ PtrArrays
    805.1 ms  ✓ OpenLibm_jll
    549.4 ms  ✓ Quaternions
    531.8 ms  ✓ Missings
   1389.4 ms  ✓ InteractiveUtils
    959.3 ms  ✓ NamedDims
   1004.1 ms  ✓ DifferentiationInterface
   1775.9 ms  ✓ DataStructures
    668.4 ms  ✓ Compat
   5774.7 ms  ✓ MacroTools
    708.2 ms  ✓ LogExpFunctions
    401.2 ms  ✓ LinearMaps → LinearMapsStatisticsExt
    476.7 ms  ✓ AliasTables
   3063.4 ms  ✓ ManifoldsBase
    547.5 ms  ✓ SortingAlgorithms
   2259.1 ms  ✓ Preferences
    469.8 ms  ✓ Compat → CompatLinearAlgebraExt
   2187.4 ms  ✓ MatrixEquations
    532.6 ms  ✓ ManifoldsBase → ManifoldsBaseQuaternionsExt
    794.2 ms  ✓ SimpleTraits
   4300.0 ms  ✓ SparseArrays
    568.6 ms  ✓ ManifoldsBase → ManifoldsBaseStatisticsExt
    598.9 ms  ✓ JLLWrappers
    474.0 ms  ✓ PrecompileTools
    496.9 ms  ✓ Einsum
    903.4 ms  ✓ ManifoldDiff
    626.1 ms  ✓ Statistics → SparseArraysExt
    599.7 ms  ✓ DifferentiationInterface → DifferentiationInterfaceSparseArraysExt
    621.9 ms  ✓ OpenSpecFun_jll
    795.9 ms  ✓ LinearMaps → LinearMapsSparseArraysExt
   1939.9 ms  ✓ StatsBase
   1905.8 ms  ✓ SpecialFunctions
   1082.2 ms  ✓ Kronecker
  10381.9 ms  ✓ StaticArrays
    489.8 ms  ✓ StaticArrays → StaticArraysStatisticsExt
    487.9 ms  ✓ DifferentiationInterface → DifferentiationInterfaceStaticArraysExt
   1006.2 ms  ✓ ArnoldiMethod
   2942.8 ms  ✓ Graphs
    910.0 ms  ✓ SimpleWeightedGraphs
   5066.2 ms  ✓ Manifolds
  55 dependencies successfully precompiled in 29 seconds. 8 already precompiled.
	Command being timed: "nice -n -10 timeout -k120 -v 3600 julia +nightly --project=M/Manifolds/Geodesic-On-Sphere -e using Pkg; @time @eval Pkg.precompile()"
	User time (seconds): 216.67
	System time (seconds): 13.15
	Percent of CPU this job got: 147%
	Elapsed (wall clock) time (h:mm:ss or m:ss): 2:35.64
	Average shared text size (kbytes): 0
	Average unshared data size (kbytes): 0
	Average stack size (kbytes): 0
	Average total size (kbytes): 0
	Maximum resident set size (kbytes): 2528516
	Average resident set size (kbytes): 0
	Major (requiring I/O) page faults: 306
	Minor (reclaiming a frame) page faults: 5109110
	Voluntary context switches: 13700
	Involuntary context switches: 3356
	Swaps: 0
	File system inputs: 0
	File system outputs: 566408
	Socket messages sent: 0
	Socket messages received: 0
	Signals delivered: 0
	Page size (bytes): 4096
	Exit status: 0
