nice: cannot set niceness: Permission denied
Precompiling packages...
  74864.4 ms  ✓ Pkg (serial)
  1 dependency successfully precompiled in 75 seconds
Precompiling packages...
   2388.8 ms  ✓ RealDot
   2488.1 ms  ✓ OpenLibm_jll
   2674.5 ms  ✓ StatsAPI
   2695.3 ms  ✓ Unicode
   2688.8 ms  ✓ DataAPI
   2850.3 ms  ✓ CompilerSupportLibraries_jll
   2994.5 ms  ✓ Inflate
   3002.1 ms  ✓ SuiteSparse_jll
   3397.0 ms  ✓ Statistics
   3994.0 ms  ✓ DocStringExtensions
   4005.0 ms  ✓ Serialization
   4592.9 ms  ✓ ADTypes
   2510.5 ms  ✓ PtrArrays
   2869.6 ms  ✓ StaticArraysCore
   2989.0 ms  ✓ Quaternions
   3698.5 ms  ✓ Requires
   3408.4 ms  ✓ Preferences
   2497.5 ms  ✓ AliasTables
   7677.8 ms  ✓ LinearMaps
   4986.1 ms  ✓ NamedDims
   2105.9 ms  ✓ PrecompileTools
   8808.9 ms  ✓ OrderedCollections
   2497.8 ms  ✓ JLLWrappers
   1820.3 ms  ✓ LinearMaps → LinearMapsStatisticsExt
   7499.2 ms  ✓ Missings
   8000.0 ms  ✓ NaNMath
   2164.2 ms  ✓ OpenSpecFun_jll
  11282.0 ms  ✓ IrrationalConstants
   9681.5 ms  ✓ InteractiveUtils
   7725.5 ms  ✓ DifferentiationInterface
   1415.2 ms  ✓ LogExpFunctions
  12939.7 ms  ✓ MacroTools
   4454.2 ms  ✓ DataStructures
   6109.9 ms  ✓ MatrixEquations
    749.6 ms  ✓ SortingAlgorithms
   1080.4 ms  ✓ SimpleTraits
  11425.4 ms  ✓ SparseArrays
   9089.2 ms  ✓ ManifoldsBase
   3090.4 ms  ✓ SpecialFunctions
    965.7 ms  ✓ Statistics → SparseArraysExt
    988.4 ms  ✓ DifferentiationInterface → DifferentiationInterfaceSparseArraysExt
    998.2 ms  ✓ ManifoldsBase → ManifoldsBaseQuaternionsExt
   1005.9 ms  ✓ ManifoldsBase → ManifoldsBaseStatisticsExt
    985.6 ms  ✓ DiffRules
   1455.1 ms  ✓ LinearMaps → LinearMapsSparseArraysExt
   2195.2 ms  ✓ ManifoldDiff
   3292.1 ms  ✓ StatsBase
  11380.6 ms  ✓ StaticArrays
    559.5 ms  ✓ DifferentiationInterface → DifferentiationInterfaceStaticArraysExt
    575.0 ms  ✓ StaticArrays → StaticArraysStatisticsExt
   1298.4 ms  ✓ Kronecker
   2025.2 ms  ✓ ArnoldiMethod
   7130.3 ms  ✓ Tullio
   4974.1 ms  ✓ Graphs
   1764.5 ms  ✓ SimpleWeightedGraphs
  10094.4 ms  ✓ Manifolds
  56 dependencies successfully precompiled in 39 seconds. 8 already precompiled.
	Command being timed: "nice -n -10 timeout -k120 -v 3600 julia +release --project=M/Manifolds/Geodesic-On-Sphere -e using Pkg; @time @eval Pkg.precompile()"
	User time (seconds): 229.45
	System time (seconds): 15.55
	Percent of CPU this job got: 213%
	Elapsed (wall clock) time (h:mm:ss or m:ss): 1:54.75
	Average shared text size (kbytes): 0
	Average unshared data size (kbytes): 0
	Average stack size (kbytes): 0
	Average total size (kbytes): 0
	Maximum resident set size (kbytes): 2139956
	Average resident set size (kbytes): 0
	Major (requiring I/O) page faults: 292
	Minor (reclaiming a frame) page faults: 4571758
	Voluntary context switches: 13796
	Involuntary context switches: 9909
	Swaps: 0
	File system inputs: 0
	File system outputs: 592320
	Socket messages sent: 0
	Socket messages received: 0
	Signals delivered: 0
	Page size (bytes): 4096
	Exit status: 0
