nice: cannot set niceness: Permission denied
Precompiling packages...
   2024.1 ms  ✓ RealDot
   2024.6 ms  ✓ PtrArrays
   2063.4 ms  ✓ OpenLibm_jll
   2150.7 ms  ✓ DataAPI
   2235.7 ms  ✓ StatsAPI
   2251.7 ms  ✓ CompilerSupportLibraries_jll
   2270.6 ms  ✓ Requires
   2342.2 ms  ✓ SuiteSparse_jll
   2364.5 ms  ✓ Inflate
   2429.5 ms  ✓ StaticArraysCore
   2566.3 ms  ✓ DocStringExtensions
   2792.2 ms  ✓ OrderedCollections
   2831.6 ms  ✓ ADTypes
   1360.2 ms  ✓ AliasTables
   1368.3 ms  ✓ NaNMath
   1487.5 ms  ✓ Quaternions
   1318.3 ms  ✓ Missings
   1715.0 ms  ✓ Preferences
   3975.4 ms  ✓ IrrationalConstants
   4276.1 ms  ✓ LinearMaps
    813.1 ms  ✓ PrecompileTools
    982.7 ms  ✓ JLLWrappers
   2091.6 ms  ✓ DifferentiationInterface
   1366.3 ms  ✓ LogExpFunctions
   5346.8 ms  ✓ MacroTools
    935.8 ms  ✓ OpenSpecFun_jll
   3123.4 ms  ✓ DataStructures
    901.2 ms  ✓ SimpleTraits
    602.2 ms  ✓ SortingAlgorithms
   2872.5 ms  ✓ MatrixEquations
   4853.2 ms  ✓ SparseArrays
   3980.0 ms  ✓ ManifoldsBase
    644.5 ms  ✓ DifferentiationInterface → DifferentiationInterfaceSparseArraysExt
    772.4 ms  ✓ Statistics
   1237.4 ms  ✓ LinearMaps → LinearMapsSparseArraysExt
    700.1 ms  ✓ ManifoldsBase → ManifoldsBaseQuaternionsExt
   2771.6 ms  ✓ SpecialFunctions
    916.5 ms  ✓ ManifoldDiff
    810.5 ms  ✓ LinearMaps → LinearMapsStatisticsExt
    872.5 ms  ✓ ManifoldsBase → ManifoldsBaseStatisticsExt
    578.2 ms  ✓ DiffRules
   1302.2 ms  ✓ NamedDims
   1836.4 ms  ✓ StatsBase
   1243.3 ms  ✓ Kronecker
   6640.4 ms  ✓ StaticArrays
    451.6 ms  ✓ DifferentiationInterface → DifferentiationInterfaceStaticArraysExt
    565.7 ms  ✓ StaticArrays → StaticArraysStatisticsExt
    726.3 ms  ✓ ArnoldiMethod
   4572.2 ms  ✓ Tullio
   3159.6 ms  ✓ Graphs
    692.6 ms  ✓ SimpleWeightedGraphs
   4492.7 ms  ✓ Manifolds
  52 dependencies successfully precompiled in 21 seconds
	Command being timed: "nice -n -10 timeout -k120 -v 3600 julia +lts --project=M/Manifolds/Geodesic-On-Sphere -e using Pkg; @time @eval Pkg.precompile()"
	User time (seconds): 56.89
	System time (seconds): 8.89
	Percent of CPU this job got: 298%
	Elapsed (wall clock) time (h:mm:ss or m:ss): 0:22.06
	Average shared text size (kbytes): 0
	Average unshared data size (kbytes): 0
	Average stack size (kbytes): 0
	Average total size (kbytes): 0
	Maximum resident set size (kbytes): 524312
	Average resident set size (kbytes): 0
	Major (requiring I/O) page faults: 137
	Minor (reclaiming a frame) page faults: 2282624
	Voluntary context switches: 69906
	Involuntary context switches: 10248
	Swaps: 0
	File system inputs: 232
	File system outputs: 254024
	Socket messages sent: 0
	Socket messages received: 0
	Signals delivered: 0
	Page size (bytes): 4096
	Exit status: 0
