nice: cannot set niceness: Permission denied
Precompiling packages...
    421.1 ms  ✓ RealDot
    473.8 ms  ✓ DataAPI
    603.3 ms  ✓ Statistics
    531.8 ms  ✓ StaticArraysCore
    491.5 ms  ✓ StatsAPI
   1343.1 ms  ✓ IrrationalConstants
    877.8 ms  ✓ SuiteSparse_jll
    814.9 ms  ✓ Requires
    708.3 ms  ✓ OrderedCollections
    735.6 ms  ✓ ADTypes
    690.7 ms  ✓ Serialization
    509.8 ms  ✓ Unicode
    636.5 ms  ✓ DocStringExtensions
   1601.6 ms  ✓ LinearMaps
    555.4 ms  ✓ Inflate
    484.1 ms  ✓ PtrArrays
    807.1 ms  ✓ OpenLibm_jll
    564.0 ms  ✓ Quaternions
    526.7 ms  ✓ Missings
   1370.5 ms  ✓ InteractiveUtils
   1043.1 ms  ✓ NamedDims
   1099.3 ms  ✓ DifferentiationInterface
   5420.7 ms  ✓ MacroTools
   1885.5 ms  ✓ DataStructures
    643.4 ms  ✓ LogExpFunctions
    419.1 ms  ✓ LinearMaps → LinearMapsStatisticsExt
    511.7 ms  ✓ AliasTables
   2194.0 ms  ✓ Preferences
   3030.0 ms  ✓ ManifoldsBase
    534.6 ms  ✓ NaNMath
   2238.7 ms  ✓ MatrixEquations
    768.8 ms  ✓ SimpleTraits
    596.1 ms  ✓ SortingAlgorithms
    622.6 ms  ✓ JLLWrappers
    554.0 ms  ✓ PrecompileTools
    612.1 ms  ✓ ManifoldsBase → ManifoldsBaseQuaternionsExt
   4505.5 ms  ✓ SparseArrays
    577.0 ms  ✓ ManifoldsBase → ManifoldsBaseStatisticsExt
    711.1 ms  ✓ OpenSpecFun_jll
    874.7 ms  ✓ ManifoldDiff
    607.3 ms  ✓ Statistics → SparseArraysExt
    841.3 ms  ✓ LinearMaps → LinearMapsSparseArraysExt
    580.9 ms  ✓ DifferentiationInterface → DifferentiationInterfaceSparseArraysExt
   2088.1 ms  ✓ SpecialFunctions
   2024.5 ms  ✓ StatsBase
    548.8 ms  ✓ DiffRules
   1114.4 ms  ✓ Kronecker
  10921.2 ms  ✓ StaticArrays
   7710.2 ms  ✓ Tullio
    503.2 ms  ✓ StaticArrays → StaticArraysStatisticsExt
    501.4 ms  ✓ DifferentiationInterface → DifferentiationInterfaceStaticArraysExt
   1054.3 ms  ✓ ArnoldiMethod
   3015.0 ms  ✓ Graphs
    913.9 ms  ✓ SimpleWeightedGraphs
   6613.6 ms  ✓ Manifolds
  55 dependencies successfully precompiled in 31 seconds. 8 already precompiled.
	Command being timed: "nice -n -10 timeout -k120 -v 3600 julia +nightly --project=M/Manifolds/Geodesic-On-Sphere -e using Pkg; @time @eval Pkg.precompile()"
	User time (seconds): 221.56
	System time (seconds): 13.80
	Percent of CPU this job got: 158%
	Elapsed (wall clock) time (h:mm:ss or m:ss): 2:28.33
	Average shared text size (kbytes): 0
	Average unshared data size (kbytes): 0
	Average stack size (kbytes): 0
	Average total size (kbytes): 0
	Maximum resident set size (kbytes): 2578124
	Average resident set size (kbytes): 0
	Major (requiring I/O) page faults: 319
	Minor (reclaiming a frame) page faults: 5269074
	Voluntary context switches: 14760
	Involuntary context switches: 3259
	Swaps: 0
	File system inputs: 0
	File system outputs: 606424
	Socket messages sent: 0
	Socket messages received: 0
	Signals delivered: 0
	Page size (bytes): 4096
	Exit status: 0
