nice: cannot set niceness: Permission denied
Precompiling packages...
  75739.2 ms  ✓ Pkg (serial)
  1 dependency successfully precompiled in 76 seconds
Precompiling packages...
   2540.2 ms  ✓ RealDot
   2621.7 ms  ✓ DataAPI
   2632.1 ms  ✓ OpenLibm_jll
   2650.6 ms  ✓ Unicode
   2748.5 ms  ✓ StatsAPI
   2949.1 ms  ✓ Inflate
   3025.3 ms  ✓ SuiteSparse_jll
   3348.0 ms  ✓ Statistics
   3401.7 ms  ✓ CompilerSupportLibraries_jll
   3525.2 ms  ✓ DocStringExtensions
   3958.4 ms  ✓ Serialization
   4100.3 ms  ✓ ADTypes
   2402.4 ms  ✓ PtrArrays
   2629.2 ms  ✓ StaticArraysCore
   2899.0 ms  ✓ Quaternions
   3825.7 ms  ✓ Requires
   3209.8 ms  ✓ Preferences
   2297.6 ms  ✓ AliasTables
   7728.9 ms  ✓ LinearMaps
   4807.7 ms  ✓ NamedDims
   2083.3 ms  ✓ PrecompileTools
   2321.7 ms  ✓ JLLWrappers
   8952.4 ms  ✓ OrderedCollections
   1816.0 ms  ✓ LinearMaps → LinearMapsStatisticsExt
   7799.2 ms  ✓ NaNMath
   7973.4 ms  ✓ Missings
  11156.6 ms  ✓ IrrationalConstants
   2400.7 ms  ✓ OpenSpecFun_jll
   9421.4 ms  ✓ InteractiveUtils
   8012.4 ms  ✓ DifferentiationInterface
   1599.0 ms  ✓ LogExpFunctions
  12874.8 ms  ✓ MacroTools
   4334.4 ms  ✓ DataStructures
   6034.7 ms  ✓ MatrixEquations
   1037.5 ms  ✓ SimpleTraits
    742.8 ms  ✓ SortingAlgorithms
  11177.5 ms  ✓ SparseArrays
   8874.2 ms  ✓ ManifoldsBase
   3181.9 ms  ✓ SpecialFunctions
    922.9 ms  ✓ Statistics → SparseArraysExt
    925.6 ms  ✓ DifferentiationInterface → DifferentiationInterfaceSparseArraysExt
    957.0 ms  ✓ ManifoldsBase → ManifoldsBaseStatisticsExt
   1022.0 ms  ✓ ManifoldsBase → ManifoldsBaseQuaternionsExt
   1466.9 ms  ✓ LinearMaps → LinearMapsSparseArraysExt
    800.9 ms  ✓ DiffRules
   2080.5 ms  ✓ ManifoldDiff
   3466.3 ms  ✓ StatsBase
  11119.3 ms  ✓ StaticArrays
    560.0 ms  ✓ StaticArrays → StaticArraysStatisticsExt
    557.9 ms  ✓ DifferentiationInterface → DifferentiationInterfaceStaticArraysExt
   1263.0 ms  ✓ Kronecker
   1957.1 ms  ✓ ArnoldiMethod
   7322.8 ms  ✓ Tullio
   5055.5 ms  ✓ Graphs
   1770.9 ms  ✓ SimpleWeightedGraphs
  10295.0 ms  ✓ Manifolds
  56 dependencies successfully precompiled in 39 seconds. 8 already precompiled.
	Command being timed: "nice -n -10 timeout -k120 -v 3600 julia +1.12.6 --project=M/Manifolds/Geodesic-On-Sphere -e using Pkg; @time @eval Pkg.precompile()"
	User time (seconds): 229.59
	System time (seconds): 15.46
	Percent of CPU this job got: 211%
	Elapsed (wall clock) time (h:mm:ss or m:ss): 1:55.63
	Average shared text size (kbytes): 0
	Average unshared data size (kbytes): 0
	Average stack size (kbytes): 0
	Average total size (kbytes): 0
	Maximum resident set size (kbytes): 2159388
	Average resident set size (kbytes): 0
	Major (requiring I/O) page faults: 326
	Minor (reclaiming a frame) page faults: 4584381
	Voluntary context switches: 13429
	Involuntary context switches: 10714
	Swaps: 0
	File system inputs: 0
	File system outputs: 592200
	Socket messages sent: 0
	Socket messages received: 0
	Signals delivered: 0
	Page size (bytes): 4096
	Exit status: 0
