nice: cannot set niceness: Permission denied
Precompiling packages...
  74202.4 ms  ✓ Pkg (serial)
  1 dependency successfully precompiled in 74 seconds
Precompiling packages...
   2500.2 ms  ✓ RealDot
   2505.5 ms  ✓ Unicode
   2512.2 ms  ✓ OpenLibm_jll
   2594.0 ms  ✓ DataAPI
   2993.8 ms  ✓ StatsAPI
   3064.4 ms  ✓ CompilerSupportLibraries_jll
   3104.7 ms  ✓ Inflate
   3141.2 ms  ✓ SuiteSparse_jll
   3506.9 ms  ✓ DocStringExtensions
   3505.5 ms  ✓ Statistics
   4007.4 ms  ✓ Serialization
   4305.1 ms  ✓ ADTypes
   2605.7 ms  ✓ PtrArrays
   3094.2 ms  ✓ Quaternions
   2708.2 ms  ✓ StaticArraysCore
   4083.3 ms  ✓ Requires
   3696.1 ms  ✓ Preferences
   2413.2 ms  ✓ AliasTables
   8506.2 ms  ✓ LinearMaps
   1811.2 ms  ✓ PrecompileTools
   5186.5 ms  ✓ NamedDims
   9129.5 ms  ✓ OrderedCollections
   2396.3 ms  ✓ JLLWrappers
   1813.1 ms  ✓ LinearMaps → LinearMapsStatisticsExt
   7884.6 ms  ✓ NaNMath
   7800.4 ms  ✓ Missings
   2325.9 ms  ✓ OpenSpecFun_jll
  11725.4 ms  ✓ IrrationalConstants
  10099.6 ms  ✓ InteractiveUtils
   8330.9 ms  ✓ DifferentiationInterface
   1377.6 ms  ✓ LogExpFunctions
  13354.4 ms  ✓ MacroTools
   4679.9 ms  ✓ DataStructures
   5405.5 ms  ✓ MatrixEquations
    998.0 ms  ✓ SimpleTraits
    634.5 ms  ✓ SortingAlgorithms
  11755.9 ms  ✓ ManifoldsBase
    626.7 ms  ✓ ManifoldsBase → ManifoldsBaseStatisticsExt
    631.3 ms  ✓ ManifoldsBase → ManifoldsBaseQuaternionsExt
  11928.4 ms  ✓ SparseArrays
   2985.1 ms  ✓ SpecialFunctions
    675.6 ms  ✓ DifferentiationInterface → DifferentiationInterfaceSparseArraysExt
    682.4 ms  ✓ Statistics → SparseArraysExt
    740.0 ms  ✓ DiffRules
   2010.3 ms  ✓ ManifoldDiff
   1074.7 ms  ✓ LinearMaps → LinearMapsSparseArraysExt
   3156.8 ms  ✓ StatsBase
  11206.5 ms  ✓ StaticArrays
    567.3 ms  ✓ DifferentiationInterface → DifferentiationInterfaceStaticArraysExt
    575.7 ms  ✓ StaticArrays → StaticArraysStatisticsExt
   1162.8 ms  ✓ Kronecker
   1982.5 ms  ✓ ArnoldiMethod
   7108.3 ms  ✓ Tullio
   4702.7 ms  ✓ Graphs
   1723.5 ms  ✓ SimpleWeightedGraphs
   7170.0 ms  ✓ Manifolds
  56 dependencies successfully precompiled in 35 seconds. 8 already precompiled.
	Command being timed: "nice -n -10 timeout -k120 -v 3600 julia +release --project=M/Manifolds/Geodesic-On-Sphere -e using Pkg; @time @eval Pkg.precompile()"
	User time (seconds): 222.18
	System time (seconds): 15.57
	Percent of CPU this job got: 215%
	Elapsed (wall clock) time (h:mm:ss or m:ss): 1:50.37
	Average shared text size (kbytes): 0
	Average unshared data size (kbytes): 0
	Average stack size (kbytes): 0
	Average total size (kbytes): 0
	Maximum resident set size (kbytes): 2157176
	Average resident set size (kbytes): 0
	Major (requiring I/O) page faults: 313
	Minor (reclaiming a frame) page faults: 4569235
	Voluntary context switches: 14113
	Involuntary context switches: 9869
	Swaps: 0
	File system inputs: 0
	File system outputs: 564208
	Socket messages sent: 0
	Socket messages received: 0
	Signals delivered: 0
	Page size (bytes): 4096
	Exit status: 0
