nice: cannot set niceness: Permission denied
Precompiling packages...
  83365.5 ms  ✓ Pkg (serial)
  1 dependency successfully precompiled in 83 seconds
Precompiling packages...
   2738.1 ms  ✓ Unicode
   2826.4 ms  ✓ DataAPI
   2851.0 ms  ✓ RealDot
   2899.8 ms  ✓ StatsAPI
   3064.3 ms  ✓ OpenLibm_jll
   3177.5 ms  ✓ CompilerSupportLibraries_jll
   3299.3 ms  ✓ PtrArrays
   3423.7 ms  ✓ Inflate
   3832.4 ms  ✓ Statistics
   3956.0 ms  ✓ Serialization
   3999.0 ms  ✓ SuiteSparse_jll
   4547.0 ms  ✓ DocStringExtensions
   2819.6 ms  ✓ StaticArraysCore
   2814.0 ms  ✓ Quaternions
   2815.9 ms  ✓ AliasTables
   3908.4 ms  ✓ Preferences
   4196.3 ms  ✓ Requires
   8756.0 ms  ✓ LinearMaps
   8856.2 ms  ✓ OrderedCollections
   5112.2 ms  ✓ NamedDims
   2313.5 ms  ✓ PrecompileTools
   2784.2 ms  ✓ JLLWrappers
   1996.5 ms  ✓ LinearMaps → LinearMapsStatisticsExt
   8323.6 ms  ✓ NaNMath
   8979.5 ms  ✓ Missings
   3020.6 ms  ✓ OpenSpecFun_jll
  12644.0 ms  ✓ IrrationalConstants
   3799.9 ms  ✓ ADTypes
  11303.5 ms  ✓ InteractiveUtils
   2013.5 ms  ✓ LogExpFunctions
  14617.7 ms  ✓ MacroTools
   6013.0 ms  ✓ DataStructures
   1191.0 ms  ✓ SortingAlgorithms
   7396.7 ms  ✓ MatrixEquations
   1584.1 ms  ✓ SimpleTraits
   4101.1 ms  ✓ DifferentiationInterface
  13589.3 ms  ✓ SparseArrays
  11024.7 ms  ✓ ManifoldsBase
   1022.9 ms  ✓ Statistics → SparseArraysExt
   4197.3 ms  ✓ SpecialFunctions
   1089.3 ms  ✓ ManifoldsBase → ManifoldsBaseQuaternionsExt
   1320.3 ms  ✓ DifferentiationInterface → DifferentiationInterfaceSparseArraysExt
   1157.2 ms  ✓ ManifoldsBase → ManifoldsBaseStatisticsExt
   1595.0 ms  ✓ LinearMaps → LinearMapsSparseArraysExt
    717.6 ms  ✓ DiffRules
   2374.7 ms  ✓ ManifoldDiff
   3632.9 ms  ✓ StatsBase
  13203.2 ms  ✓ StaticArrays
    593.0 ms  ✓ StaticArrays → StaticArraysStatisticsExt
    597.3 ms  ✓ DifferentiationInterface → DifferentiationInterfaceStaticArraysExt
   1236.9 ms  ✓ Kronecker
   2018.9 ms  ✓ ArnoldiMethod
   7687.6 ms  ✓ Tullio
   5839.2 ms  ✓ Graphs
   2423.5 ms  ✓ SimpleWeightedGraphs
  11358.7 ms  ✓ Manifolds
  56 dependencies successfully precompiled in 44 seconds. 8 already precompiled.
  8 dependencies precompiled but different versions are currently loaded (Base64, Dates, JuliaSyntaxHighlighting, Markdown, Printf, StyledStrings, TOML and UUIDs). Restart julia to access the new versions. Otherwise, 26 dependents of these packages may trigger further precompilation to work with the unexpected versions.
	Command being timed: "nice -n -10 timeout -k120 -v 3600 julia +1.12.7 --project=M/Manifolds/Geodesic-On-Sphere -e using Pkg; @time @eval Pkg.precompile()"
	User time (seconds): 261.80
	System time (seconds): 16.67
	Percent of CPU this job got: 216%
	Elapsed (wall clock) time (h:mm:ss or m:ss): 2:08.72
	Average shared text size (kbytes): 0
	Average unshared data size (kbytes): 0
	Average stack size (kbytes): 0
	Average total size (kbytes): 0
	Maximum resident set size (kbytes): 2166860
	Average resident set size (kbytes): 0
	Major (requiring I/O) page faults: 284
	Minor (reclaiming a frame) page faults: 4579394
	Voluntary context switches: 14026
	Involuntary context switches: 14172
	Swaps: 0
	File system inputs: 0
	File system outputs: 597504
	Socket messages sent: 0
	Socket messages received: 0
	Signals delivered: 0
	Page size (bytes): 4096
	Exit status: 0
