nice: cannot set niceness: Permission denied
Precompiling packages...
   0.3 s  ✓ DataAPI
   0.4 s  ✓ CompilerSupportLibraries_jll
   0.4 s  ✓ Statistics
   0.3 s  ✓ RealDot
   0.4 s  ✓ StaticArraysCore
   0.4 s  ✓ StatsAPI
   1.1 s  ✓ IrrationalConstants
   0.6 s  ✓ Requires
   0.6 s  ✓ OrderedCollections
   0.6 s  ✓ Serialization
   0.4 s  ✓ Unicode
   0.5 s  ✓ DocStringExtensions
   1.9 s  ✓ MacroTools
   0.4 s  ✓ PtrArrays
   1.4 s  ✓ LinearMaps
   0.4 s  ✓ Inflate
   0.4 s  ✓ Missings
   0.3 s  ✓ OpenLibm_jll
   0.4 s  ✓ SuiteSparse_jll
   0.4 s  ✓ Quaternions
   1.1 s  ✓ InteractiveUtils
   0.5 s  ✓ LogExpFunctions
   0.9 s  ✓ NamedDims
   0.4 s  ✓ AliasTables
   0.3 s  ✓ LinearMaps → LinearMapsStatisticsExt
   0.6 s  ✓ Preferences
   0.4 s  ✓ NaNMath
   0.6 s  ✓ SimpleTraits
   1.6 s  ✓ DataStructures
   0.7 s  ✓ JLLWrappers
   0.6 s  ✓ PrecompileTools
   0.4 s  ✓ SortingAlgorithms
   2.2 s  ✓ MatrixEquations
   0.7 s  ✓ OpenSpecFun_jll
   0.9 s  ✓ ADTypes
   3.5 s  ✓ SparseArrays
   1.0 s  ✓ DifferentiationInterface
   3.2 s  ✓ ManifoldsBase
   0.5 s  ✓ Statistics → SparseArraysExt
   2.2 s  ✓ SpecialFunctions
   0.6 s  ✓ DifferentiationInterface → DifferentiationInterfaceSparseArraysExt
   0.7 s  ✓ LinearMaps → LinearMapsSparseArraysExt
   0.5 s  ✓ ManifoldsBase → ManifoldsBaseQuaternionsExt
   0.5 s  ✓ ManifoldsBase → ManifoldsBaseStatisticsExt
   0.4 s  ✓ DiffRules
   0.6 s  ✓ ManifoldDiff
   1.8 s  ✓ StatsBase
   1.0 s  ✓ Kronecker
   5.9 s  ✓ StaticArrays
   0.5 s  ✓ StaticArrays → StaticArraysStatisticsExt
   0.5 s  ✓ DifferentiationInterface → DifferentiationInterfaceStaticArraysExt
   0.8 s  ✓ ArnoldiMethod
   3.1 s  ✓ Graphs
   6.3 s  ✓ Tullio
   0.9 s  ✓ SimpleWeightedGraphs
   8.3 s  ✓ Manifolds
  56 dependencies successfully precompiled in 24 seconds. 8 already precompiled.
	Command being timed: "nice -n -10 timeout -k120 -v 3600 julia +alpha --project=M/Manifolds/Geodesic-On-Sphere -e using Pkg; @time @eval Pkg.precompile()"
	User time (seconds): 161.09
	System time (seconds): 12.23
	Percent of CPU this job got: 170%
	Elapsed (wall clock) time (h:mm:ss or m:ss): 1:41.88
	Average shared text size (kbytes): 0
	Average unshared data size (kbytes): 0
	Average stack size (kbytes): 0
	Average total size (kbytes): 0
	Maximum resident set size (kbytes): 2072412
	Average resident set size (kbytes): 0
	Major (requiring I/O) page faults: 534
	Minor (reclaiming a frame) page faults: 4473572
	Voluntary context switches: 18915
	Involuntary context switches: 3414
	Swaps: 0
	File system inputs: 8
	File system outputs: 602928
	Socket messages sent: 0
	Socket messages received: 0
	Signals delivered: 0
	Page size (bytes): 4096
	Exit status: 0
