nice: cannot set niceness: Permission denied
Precompiling packages...
   2.9 s  ✓ BaseDirs
  1 dependency successfully precompiled in 3 seconds
	Command being timed: "nice -n -10 timeout -k120 -v 3600 julia +alpha --project=B/BaseDirs/Project-Path -e using Pkg; @time @eval Pkg.precompile()"
	User time (seconds): 134.12
	System time (seconds): 6.24
	Percent of CPU this job got: 129%
	Elapsed (wall clock) time (h:mm:ss or m:ss): 1:48.43
	Average shared text size (kbytes): 0
	Average unshared data size (kbytes): 0
	Average stack size (kbytes): 0
	Average total size (kbytes): 0
	Maximum resident set size (kbytes): 2628220
	Average resident set size (kbytes): 0
	Major (requiring I/O) page faults: 195
	Minor (reclaiming a frame) page faults: 2516670
	Voluntary context switches: 7467
	Involuntary context switches: 1575
	Swaps: 0
	File system inputs: 0
	File system outputs: 331704
	Socket messages sent: 0
	Socket messages received: 0
	Signals delivered: 0
	Page size (bytes): 4096
	Exit status: 0
