nice: cannot set niceness: Permission denied
Precompiling packages...
  75535.0 ms  ✓ Pkg (serial)
  1 dependency successfully precompiled in 76 seconds
Precompiling packages...
   3086.2 ms  ✓ BaseDirs
  1 dependency successfully precompiled in 3 seconds
	Command being timed: "nice -n -10 timeout -k120 -v 3600 julia +1.12.6 --project=B/BaseDirs/Project-Path -e using Pkg; @time @eval Pkg.precompile()"
	User time (seconds): 128.62
	System time (seconds): 4.95
	Percent of CPU this job got: 167%
	Elapsed (wall clock) time (h:mm:ss or m:ss): 1:19.66
	Average shared text size (kbytes): 0
	Average unshared data size (kbytes): 0
	Average stack size (kbytes): 0
	Average total size (kbytes): 0
	Maximum resident set size (kbytes): 2144196
	Average resident set size (kbytes): 0
	Major (requiring I/O) page faults: 136
	Minor (reclaiming a frame) page faults: 1834901
	Voluntary context switches: 5245
	Involuntary context switches: 3092
	Swaps: 0
	File system inputs: 0
	File system outputs: 326400
	Socket messages sent: 0
	Socket messages received: 0
	Signals delivered: 0
	Page size (bytes): 4096
	Exit status: 0
