nice: cannot set niceness: Permission denied
Precompiling packages...
  73446.8 ms  ✓ Pkg (serial)
  1 dependency successfully precompiled in 73 seconds
Precompiling packages...
   2836.7 ms  ✓ BaseDirs
  1 dependency successfully precompiled in 3 seconds
	Command being timed: "nice -n -10 timeout -k120 -v 3600 julia +1.12.5 --project=B/BaseDirs/Project-Path -e using Pkg; @time @eval Pkg.precompile()"
	User time (seconds): 124.49
	System time (seconds): 5.08
	Percent of CPU this job got: 167%
	Elapsed (wall clock) time (h:mm:ss or m:ss): 1:17.14
	Average shared text size (kbytes): 0
	Average unshared data size (kbytes): 0
	Average stack size (kbytes): 0
	Average total size (kbytes): 0
	Maximum resident set size (kbytes): 2151292
	Average resident set size (kbytes): 0
	Major (requiring I/O) page faults: 133
	Minor (reclaiming a frame) page faults: 1842996
	Voluntary context switches: 5224
	Involuntary context switches: 3494
	Swaps: 0
	File system inputs: 0
	File system outputs: 319912
	Socket messages sent: 0
	Socket messages received: 0
	Signals delivered: 0
	Page size (bytes): 4096
	Exit status: 0
