nice: cannot set niceness: Permission denied
Precompiling packages...
   2745.9 ms  ✓ BaseDirs
  1 dependency successfully precompiled in 3 seconds
	Command being timed: "nice -n -10 timeout -k120 -v 3600 julia +alpha --project=B/BaseDirs/Project-Path -e using Pkg; @time @eval Pkg.precompile()"
	User time (seconds): 140.36
	System time (seconds): 6.14
	Percent of CPU this job got: 126%
	Elapsed (wall clock) time (h:mm:ss or m:ss): 1:55.61
	Average shared text size (kbytes): 0
	Average unshared data size (kbytes): 0
	Average stack size (kbytes): 0
	Average total size (kbytes): 0
	Maximum resident set size (kbytes): 2755132
	Average resident set size (kbytes): 0
	Major (requiring I/O) page faults: 227
	Minor (reclaiming a frame) page faults: 2548502
	Voluntary context switches: 5573
	Involuntary context switches: 1785
	Swaps: 0
	File system inputs: 0
	File system outputs: 326880
	Socket messages sent: 0
	Socket messages received: 0
	Signals delivered: 0
	Page size (bytes): 4096
	Exit status: 0
